NAMED-PATH-BEGIN d_rsp_valid_to_d_req_valid
Startpoint: d_rsp_valid (input port clocked by clk)
Endpoint: d_req_valid (output port clocked by clk)
Path Group: clk
Path Type: max

   Delay     Time   Description
-----------------------------------------------------------
   0.000    0.000   clock clk (rise edge)
   0.000    0.000   clock network delay (propagated)
   2.500    2.500 ^ input external delay
   0.012    2.512 ^ d_rsp_valid (in)
   0.145    2.657 ^ input35/X (sky130_fd_sc_hd__clkbuf_2)
   0.113    2.770 ^ wire2877/X (sky130_fd_sc_hd__buf_12)
   0.057    2.827 v _14250_/Y (sky130_fd_sc_hd__nor2_2)
   0.109    2.936 v fanout1286/X (sky130_fd_sc_hd__buf_6)
   0.112    3.049 v fanout1285/X (sky130_fd_sc_hd__buf_6)
   0.119    3.168 v fanout1284/X (sky130_fd_sc_hd__buf_6)
   0.228    3.395 ^ _14254_/Y (sky130_fd_sc_hd__o31ai_4)
   0.059    3.454 v _14259_/Y (sky130_fd_sc_hd__o211ai_4)
   0.266    3.721 ^ _14261_/X (sky130_fd_sc_hd__and4bb_4)
   0.175    3.895 ^ output109/X (sky130_fd_sc_hd__buf_2)
   0.002    3.897 ^ d_req_valid (out)
            3.897   data arrival time

  12.500   12.500   clock clk (rise edge)
   0.000   12.500   clock network delay (propagated)
  -0.250   12.250   clock uncertainty
   0.000   12.250   clock reconvergence pessimism
  -2.500    9.750   output external delay
            9.750   data required time
-----------------------------------------------------------
            9.750   data required time
           -3.897   data arrival time
-----------------------------------------------------------
            5.853   slack (MET)


NAMED-PATH-END
NAMED-PATH-BEGIN d_rsp_error_to_d_req_valid
Startpoint: d_rsp_error (input port clocked by clk)
Endpoint: d_req_valid (output port clocked by clk)
Path Group: clk
Path Type: max

   Delay     Time   Description
-----------------------------------------------------------
   0.000    0.000   clock clk (rise edge)
   0.000    0.000   clock network delay (propagated)
   2.500    2.500 v input external delay
   0.002    2.502 v d_rsp_error (in)
   0.108    2.611 v input2/X (sky130_fd_sc_hd__buf_2)
   0.142    2.753 v _14245_/Y (sky130_fd_sc_hd__nand2b_2)
   0.122    2.875 v _14246_/X (sky130_fd_sc_hd__o211a_2)
   0.265    3.140 ^ _14254_/Y (sky130_fd_sc_hd__o31ai_4)
   0.059    3.200 v _14259_/Y (sky130_fd_sc_hd__o211ai_4)
   0.266    3.466 ^ _14261_/X (sky130_fd_sc_hd__and4bb_4)
   0.175    3.641 ^ output109/X (sky130_fd_sc_hd__buf_2)
   0.002    3.642 ^ d_req_valid (out)
            3.642   data arrival time

  12.500   12.500   clock clk (rise edge)
   0.000   12.500   clock network delay (propagated)
  -0.250   12.250   clock uncertainty
   0.000   12.250   clock reconvergence pessimism
  -2.500    9.750   output external delay
            9.750   data required time
-----------------------------------------------------------
            9.750   data required time
           -3.642   data arrival time
-----------------------------------------------------------
            6.108   slack (MET)


NAMED-PATH-END
