Copyright 1986-2022 Xilinx, Inc. All Rights Reserved. Copyright 2022-2025 Advanced Micro Devices, Inc. All Rights Reserved.
-----------------------------------------------------------------------------------------------------------------------------------------------------------
| Tool Version : Vivado v.2025.1 (lin64) Build 6140274 Wed May 21 22:58:25 MDT 2025
| Date         : Sun Sep 13 17:02:57 2026
| Host         : gondor running 64-bit Ubuntu 24.04.3 LTS
| Command      : report_timing_summary -file /tmp/aster-phase8-fpga-functional-7434284/linux-h2-coherent-c1-dma-dot8/timing_summary.rpt -warn_on_violation
| Design       : aster_linux_wrapper
| Device       : 7z020-clg400
| Speed File   : -1  PRODUCTION 1.12 2019-11-22
| Design State : Routed
-----------------------------------------------------------------------------------------------------------------------------------------------------------

Timing Summary Report

------------------------------------------------------------------------------------------------
| Timer Settings
| --------------
------------------------------------------------------------------------------------------------

  Enable Multi Corner Analysis               :  Yes
  Enable Pessimism Removal                   :  Yes
  Pessimism Removal Resolution               :  Nearest Common Node
  Enable Input Delay Default Clock           :  No
  Enable Preset / Clear Arcs                 :  No
  Disable Flight Delays                      :  No
  Ignore I/O Paths                           :  No
  Timing Early Launch at Borrowing Latches   :  No
  Borrow Time for Max Delay Exceptions       :  Yes
  Merge Timing Exceptions                    :  Yes
  Inter-SLR Compensation                     :  Conservative

  Corner  Analyze    Analyze    
  Name    Max Paths  Min Paths  
  ------  ---------  ---------  
  Slow    Yes        Yes        
  Fast    Yes        Yes        


------------------------------------------------------------------------------------------------
| Report Methodology
| ------------------
------------------------------------------------------------------------------------------------

No report available as report_methodology has not been run prior. Run report_methodology on the current design for the summary of methodology violations.



check_timing report

Table of Contents
-----------------
1. checking no_clock (0)
2. checking constant_clock (0)
3. checking pulse_width_clock (0)
4. checking unconstrained_internal_endpoints (0)
5. checking no_input_delay (0)
6. checking no_output_delay (5)
7. checking multiple_clock (0)
8. checking generated_clocks (0)
9. checking loops (0)
10. checking partial_input_delay (0)
11. checking partial_output_delay (0)
12. checking latch_loops (0)

1. checking no_clock (0)
------------------------
 There are 0 register/latch pins with no clock.


2. checking constant_clock (0)
------------------------------
 There are 0 register/latch pins with constant_clock.


3. checking pulse_width_clock (0)
---------------------------------
 There are 0 register/latch pins which need pulse_width check


4. checking unconstrained_internal_endpoints (0)
------------------------------------------------
 There are 0 pins that are not constrained for maximum delay.

 There are 0 pins that are not constrained for maximum delay due to constant clock.


5. checking no_input_delay (0)
------------------------------
 There are 0 input ports with no input delay specified.

 There are 0 input ports with no input delay but user has a false path constraint.


6. checking no_output_delay (5)
-------------------------------
 There are 0 ports with no output delay specified.

 There are 5 ports with no output delay but user has a false path constraint (MEDIUM)

 There are 0 ports with no output delay but with a timing clock defined on it or propagating through it


7. checking multiple_clock (0)
------------------------------
 There are 0 register/latch pins with multiple clocks.


8. checking generated_clocks (0)
--------------------------------
 There are 0 generated clocks that are not connected to a clock source.


9. checking loops (0)
---------------------
 There are 0 combinational loops in the design.


10. checking partial_input_delay (0)
------------------------------------
 There are 0 input ports with partial input delay specified.


11. checking partial_output_delay (0)
-------------------------------------
 There are 0 ports with partial output delay specified.


12. checking latch_loops (0)
----------------------------
 There are 0 combinational latch loops in the design through latch input



------------------------------------------------------------------------------------------------
| Design Timing Summary
| ---------------------
------------------------------------------------------------------------------------------------

    WNS(ns)      TNS(ns)  TNS Failing Endpoints  TNS Total Endpoints      WHS(ns)      THS(ns)  THS Failing Endpoints  THS Total Endpoints     WPWS(ns)     TPWS(ns)  TPWS Failing Endpoints  TPWS Total Endpoints  
    -------      -------  ---------------------  -------------------      -------      -------  ---------------------  -------------------     --------     --------  ----------------------  --------------------  
      4.319        0.000                      0                48461        0.041        0.000                      0                48461       14.750        0.000                       0                 17749  


All user specified timing constraints are met.


------------------------------------------------------------------------------------------------
| Clock Summary
| -------------
------------------------------------------------------------------------------------------------

Clock       Waveform(ns)       Period(ns)      Frequency(MHz)
-----       ------------       ----------      --------------
clk_fpga_0  {0.000 16.000}     32.000          31.250          


------------------------------------------------------------------------------------------------
| Intra Clock Table
| -----------------
------------------------------------------------------------------------------------------------

Clock             WNS(ns)      TNS(ns)  TNS Failing Endpoints  TNS Total Endpoints      WHS(ns)      THS(ns)  THS Failing Endpoints  THS Total Endpoints     WPWS(ns)     TPWS(ns)  TPWS Failing Endpoints  TPWS Total Endpoints  
-----             -------      -------  ---------------------  -------------------      -------      -------  ---------------------  -------------------     --------     --------  ----------------------  --------------------  
clk_fpga_0          4.319        0.000                      0                48461        0.041        0.000                      0                48461       14.750        0.000                       0                 17749  


------------------------------------------------------------------------------------------------
| Inter Clock Table
| -----------------
------------------------------------------------------------------------------------------------

From Clock    To Clock          WNS(ns)      TNS(ns)  TNS Failing Endpoints  TNS Total Endpoints      WHS(ns)      THS(ns)  THS Failing Endpoints  THS Total Endpoints  
----------    --------          -------      -------  ---------------------  -------------------      -------      -------  ---------------------  -------------------  


------------------------------------------------------------------------------------------------
| Other Path Groups Table
| -----------------------
------------------------------------------------------------------------------------------------

Path Group    From Clock    To Clock          WNS(ns)      TNS(ns)  TNS Failing Endpoints  TNS Total Endpoints      WHS(ns)      THS(ns)  THS Failing Endpoints  THS Total Endpoints  
----------    ----------    --------          -------      -------  ---------------------  -------------------      -------      -------  ---------------------  -------------------  


------------------------------------------------------------------------------------------------
| Timing Details
| --------------
------------------------------------------------------------------------------------------------


---------------------------------------------------------------------------------------------------
From Clock:  clk_fpga_0
  To Clock:  clk_fpga_0

Setup :            0  Failing Endpoints,  Worst Slack        4.319ns,  Total Violation        0.000ns
Hold  :            0  Failing Endpoints,  Worst Slack        0.041ns,  Total Violation        0.000ns
PW    :            0  Failing Endpoints,  Worst Slack       14.750ns,  Total Violation        0.000ns
---------------------------------------------------------------------------------------------------


Max Delay Paths
--------------------------------------------------------------------------------------
Slack (MET) :             4.319ns  (required time - arrival time)
  Source:                 aster_linux_i/aster/inst/implementation/g_coherent.soc/cache/address_reg[4]/C
                            (rising edge-triggered cell FDRE clocked by clk_fpga_0  {rise@0.000ns fall@16.000ns period=32.000ns})
  Destination:            aster_linux_i/aster/inst/implementation/g_coherent.soc/cache/data_reg[0][1][1][4]/D
                            (rising edge-triggered cell FDRE clocked by clk_fpga_0  {rise@0.000ns fall@16.000ns period=32.000ns})
  Path Group:             clk_fpga_0
  Path Type:              Setup (Max at Slow Process Corner)
  Requirement:            32.000ns  (clk_fpga_0 rise@32.000ns - clk_fpga_0 rise@0.000ns)
  Data Path Delay:        26.693ns  (logic 4.415ns (16.540%)  route 22.278ns (83.460%))
  Logic Levels:           20  (CARRY4=3 LUT2=2 LUT3=2 LUT4=1 LUT5=4 LUT6=8)
  Clock Path Skew:        -0.201ns (DCD - SCD + CPR)
    Destination Clock Delay (DCD):    2.718ns = ( 34.718 - 32.000 ) 
    Source Clock Delay      (SCD):    3.034ns
    Clock Pessimism Removal (CPR):    0.115ns
  Clock Uncertainty:      0.481ns  ((TSJ^2 + TIJ^2)^1/2 + DJ) / 2 + PE
    Total System Jitter     (TSJ):    0.071ns
    Total Input Jitter      (TIJ):    0.960ns
    Discrete Jitter          (DJ):    0.000ns
    Phase Error              (PE):    0.000ns

    Location             Delay type                Incr(ns)  Path(ns)    Netlist Resource(s)
  -------------------------------------------------------------------    -------------------
                         (clock clk_fpga_0 rise edge)
                                                      0.000     0.000 r  
    PS7_X0Y0             PS7                          0.000     0.000 r  aster_linux_i/ps7/inst/PS7_i/FCLKCLK[0]
                         net (fo=1, routed)           1.193     1.193    aster_linux_i/ps7/inst/FCLK_CLK_unbuffered[0]
    BUFGCTRL_X0Y16       BUFG (Prop_bufg_I_O)         0.101     1.294 r  aster_linux_i/ps7/inst/buffer_fclk_clk_0.FCLK_CLK_0_BUFG/O
                         net (fo=17749, routed)       1.740     3.034    aster_linux_i/aster/inst/implementation/g_coherent.soc/cache/aclk
    SLICE_X22Y29         FDRE                                         r  aster_linux_i/aster/inst/implementation/g_coherent.soc/cache/address_reg[4]/C
  -------------------------------------------------------------------    -------------------
    SLICE_X22Y29         FDRE (Prop_fdre_C_Q)         0.518     3.552 r  aster_linux_i/aster/inst/implementation/g_coherent.soc/cache/address_reg[4]/Q
                         net (fo=5363, routed)        4.110     7.662    aster_linux_i/aster/inst/implementation/g_coherent.soc/cache/base[4]
    SLICE_X47Y76         LUT2 (Prop_lut2_I1_O)        0.117     7.779 f  aster_linux_i/aster/inst/implementation/g_coherent.soc/cache/data[1][13][0][31]_i_5/O
                         net (fo=8, routed)           2.090     9.868    aster_linux_i/aster/inst/implementation/g_coherent.soc/cache/data[1][13][0][31]_i_5_n_0
    SLICE_X35Y39         LUT6 (Prop_lut6_I4_O)        0.332    10.200 r  aster_linux_i/aster/inst/implementation/g_coherent.soc/cache/g_program.memory_reg_0_0_i_219/O
                         net (fo=1, routed)           0.433    10.633    aster_linux_i/aster/inst/implementation/g_coherent.soc/cache/g_program.memory_reg_0_0_i_219_n_0
    SLICE_X35Y39         LUT6 (Prop_lut6_I2_O)        0.124    10.757 f  aster_linux_i/aster/inst/implementation/g_coherent.soc/cache/g_program.memory_reg_0_0_i_103/O
                         net (fo=1, routed)           0.424    11.181    aster_linux_i/aster/inst/implementation/g_coherent.soc/cache/g_program.memory_reg_0_0_i_103_n_0
    SLICE_X32Y39         LUT6 (Prop_lut6_I0_O)        0.124    11.305 r  aster_linux_i/aster/inst/implementation/g_coherent.soc/cache/g_program.memory_reg_0_0_i_48/O
                         net (fo=1, routed)           0.958    12.263    aster_linux_i/aster/inst/implementation/g_coherent.soc/cache/g_program.memory_reg_0_0_i_48_n_0
    SLICE_X30Y43         LUT6 (Prop_lut6_I3_O)        0.124    12.387 r  aster_linux_i/aster/inst/implementation/g_coherent.soc/cache/g_program.memory_reg_0_0_i_28/O
                         net (fo=1, routed)           0.000    12.387    aster_linux_i/aster/inst/implementation/g_coherent.soc/cache/p_0_out[16]
    SLICE_X30Y43         CARRY4 (Prop_carry4_S[3]_CO[3])
                                                      0.376    12.763 r  aster_linux_i/aster/inst/implementation/g_coherent.soc/cache/g_program.memory_reg_0_0_i_24/CO[3]
                         net (fo=1, routed)           0.000    12.763    aster_linux_i/aster/inst/implementation/g_coherent.soc/cache/g_program.memory_reg_0_0_i_24_n_0
    SLICE_X30Y44         CARRY4 (Prop_carry4_CI_CO[3])
                                                      0.117    12.880 r  aster_linux_i/aster/inst/implementation/g_coherent.soc/cache/offset_carry__0_i_9/CO[3]
                         net (fo=1, routed)           0.000    12.880    aster_linux_i/aster/inst/implementation/g_coherent.soc/cache/offset_carry__0_i_9_n_0
    SLICE_X30Y45         CARRY4 (Prop_carry4_CI_O[2])
                                                      0.239    13.119 r  aster_linux_i/aster/inst/implementation/g_coherent.soc/cache/offset_carry__1_i_9/O[2]
                         net (fo=3, routed)           0.754    13.873    aster_linux_i/aster/inst/implementation/g_coherent.soc/cache/p_0_in__1[23]
    SLICE_X33Y45         LUT3 (Prop_lut3_I0_O)        0.327    14.200 f  aster_linux_i/aster/inst/implementation/g_coherent.soc/cache/offset_carry__2_i_13/O
                         net (fo=9, routed)           1.526    15.726    aster_linux_i/aster/inst/implementation/g_coherent.soc/cache/data[1][1][3][31]_i_89_n_0
    SLICE_X31Y32         LUT4 (Prop_lut4_I1_O)        0.352    16.078 r  aster_linux_i/aster/inst/implementation/g_coherent.soc/cache/wait_count[0]_i_6/O
                         net (fo=1, routed)           0.737    16.814    aster_linux_i/aster/inst/implementation/g_coherent.soc/cache/wait_count[0]_i_6_n_0
    SLICE_X32Y40         LUT6 (Prop_lut6_I4_O)        0.326    17.140 f  aster_linux_i/aster/inst/implementation/g_coherent.soc/cache/wait_count[0]_i_5/O
                         net (fo=14, routed)          1.070    18.210    aster_linux_i/aster/inst/implementation/g_coherent.soc/cache/wait_count[0]_i_5_n_0
    SLICE_X37Y41         LUT6 (Prop_lut6_I5_O)        0.124    18.334 r  aster_linux_i/aster/inst/implementation/g_coherent.soc/cache/to_hart1[31]_i_10/O
                         net (fo=2, routed)           0.593    18.928    aster_linux_i/aster/inst/implementation/g_coherent.soc/cache/to_hart1[31]_i_10_n_0
    SLICE_X34Y41         LUT2 (Prop_lut2_I1_O)        0.124    19.052 f  aster_linux_i/aster/inst/implementation/g_coherent.soc/cache/to_hart1[31]_i_7/O
                         net (fo=6, routed)           1.021    20.073    aster_linux_i/aster/inst/implementation/g_coherent.soc/cache/to_hart1[31]_i_7_n_0
    SLICE_X36Y41         LUT5 (Prop_lut5_I0_O)        0.150    20.223 r  aster_linux_i/aster/inst/implementation/g_coherent.soc/cache/data[1][1][3][9]_i_33/O
                         net (fo=2, routed)           0.440    20.662    aster_linux_i/aster/inst/implementation/g_coherent.soc/cache/data[1][1][3][9]_i_33_n_0
    SLICE_X36Y41         LUT5 (Prop_lut5_I0_O)        0.328    20.990 r  aster_linux_i/aster/inst/implementation/g_coherent.soc/cache/data[1][1][3][9]_i_15/O
                         net (fo=32, routed)          1.650    22.641    aster_linux_i/aster/inst/implementation/g_coherent.soc/cache/data[1][1][3][9]_i_15_n_0
    SLICE_X20Y20         LUT5 (Prop_lut5_I0_O)        0.124    22.765 r  aster_linux_i/aster/inst/implementation/g_coherent.soc/cache/data[1][1][3][4]_i_36/O
                         net (fo=1, routed)           1.397    24.162    aster_linux_i/aster/inst/implementation/g_coherent.soc/cache/data[1][1][3][4]_i_36_n_0
    SLICE_X36Y31         LUT5 (Prop_lut5_I2_O)        0.124    24.286 r  aster_linux_i/aster/inst/implementation/g_coherent.soc/cache/data[1][1][3][4]_i_17/O
                         net (fo=1, routed)           0.562    24.848    aster_linux_i/aster/inst/implementation/g_coherent.soc/cache/data[1][1][3][4]_i_17_n_0
    SLICE_X36Y32         LUT6 (Prop_lut6_I2_O)        0.124    24.972 r  aster_linux_i/aster/inst/implementation/g_coherent.soc/cache/data[1][1][3][4]_i_7/O
                         net (fo=1, routed)           0.903    25.875    aster_linux_i/aster/inst/implementation/g_coherent.soc/cache/data[1][1][3][4]_i_7_n_0
    SLICE_X46Y43         LUT6 (Prop_lut6_I5_O)        0.124    25.999 r  aster_linux_i/aster/inst/implementation/g_coherent.soc/cache/data[1][1][3][4]_i_2/O
                         net (fo=2, routed)           1.831    27.830    aster_linux_i/aster/inst/implementation/g_coherent.soc/cache/m_rdata[4]
    SLICE_X46Y78         LUT3 (Prop_lut3_I0_O)        0.117    27.947 r  aster_linux_i/aster/inst/implementation/g_coherent.soc/cache/data[1][1][3][4]_i_1/O
                         net (fo=128, routed)         1.780    29.727    aster_linux_i/aster/inst/implementation/g_coherent.soc/cache/data[1][1][3][4]_i_1_n_0
    SLICE_X60Y92         FDRE                                         r  aster_linux_i/aster/inst/implementation/g_coherent.soc/cache/data_reg[0][1][1][4]/D
  -------------------------------------------------------------------    -------------------

                         (clock clk_fpga_0 rise edge)
                                                     32.000    32.000 r  
    PS7_X0Y0             PS7                          0.000    32.000 r  aster_linux_i/ps7/inst/PS7_i/FCLKCLK[0]
                         net (fo=1, routed)           1.088    33.088    aster_linux_i/ps7/inst/FCLK_CLK_unbuffered[0]
    BUFGCTRL_X0Y16       BUFG (Prop_bufg_I_O)         0.091    33.179 r  aster_linux_i/ps7/inst/buffer_fclk_clk_0.FCLK_CLK_0_BUFG/O
                         net (fo=17749, routed)       1.539    34.718    aster_linux_i/aster/inst/implementation/g_coherent.soc/cache/aclk
    SLICE_X60Y92         FDRE                                         r  aster_linux_i/aster/inst/implementation/g_coherent.soc/cache/data_reg[0][1][1][4]/C
                         clock pessimism              0.115    34.833    
                         clock uncertainty           -0.481    34.351    
    SLICE_X60Y92         FDRE (Setup_fdre_C_D)       -0.305    34.046    aster_linux_i/aster/inst/implementation/g_coherent.soc/cache/data_reg[0][1][1][4]
  -------------------------------------------------------------------
                         required time                         34.046    
                         arrival time                         -29.727    
  -------------------------------------------------------------------
                         slack                                  4.319    





Min Delay Paths
--------------------------------------------------------------------------------------
Slack (MET) :             0.041ns  (arrival time - required time)
  Source:                 aster_linux_i/aster/inst/implementation/g_coherent.soc/g_hart[0].g_present.hart/core/upstream_core/pcpi_div/dividend_reg[4]/C
                            (rising edge-triggered cell FDRE clocked by clk_fpga_0  {rise@0.000ns fall@16.000ns period=32.000ns})
  Destination:            aster_linux_i/aster/inst/implementation/g_coherent.soc/g_hart[0].g_present.hart/core/upstream_core/pcpi_div/pcpi_rd_reg[4]/D
                            (rising edge-triggered cell FDRE clocked by clk_fpga_0  {rise@0.000ns fall@16.000ns period=32.000ns})
  Path Group:             clk_fpga_0
  Path Type:              Hold (Min at Fast Process Corner)
  Requirement:            0.000ns  (clk_fpga_0 rise@0.000ns - clk_fpga_0 rise@0.000ns)
  Data Path Delay:        0.428ns  (logic 0.209ns (48.805%)  route 0.219ns (51.195%))
  Logic Levels:           1  (LUT6=1)
  Clock Path Skew:        0.266ns (DCD - SCD - CPR)
    Destination Clock Delay (DCD):    1.196ns
    Source Clock Delay      (SCD):    0.895ns
    Clock Pessimism Removal (CPR):    0.035ns

    Location             Delay type                Incr(ns)  Path(ns)    Netlist Resource(s)
  -------------------------------------------------------------------    -------------------
                         (clock clk_fpga_0 rise edge)
                                                      0.000     0.000 r  
    PS7_X0Y0             PS7                          0.000     0.000 r  aster_linux_i/ps7/inst/PS7_i/FCLKCLK[0]
                         net (fo=1, routed)           0.310     0.310    aster_linux_i/ps7/inst/FCLK_CLK_unbuffered[0]
    BUFGCTRL_X0Y16       BUFG (Prop_bufg_I_O)         0.026     0.336 r  aster_linux_i/ps7/inst/buffer_fclk_clk_0.FCLK_CLK_0_BUFG/O
                         net (fo=17749, routed)       0.559     0.895    aster_linux_i/aster/inst/implementation/g_coherent.soc/g_hart[0].g_present.hart/core/upstream_core/pcpi_div/aclk
    SLICE_X50Y1          FDRE                                         r  aster_linux_i/aster/inst/implementation/g_coherent.soc/g_hart[0].g_present.hart/core/upstream_core/pcpi_div/dividend_reg[4]/C
  -------------------------------------------------------------------    -------------------
    SLICE_X50Y1          FDRE (Prop_fdre_C_Q)         0.164     1.059 r  aster_linux_i/aster/inst/implementation/g_coherent.soc/g_hart[0].g_present.hart/core/upstream_core/pcpi_div/dividend_reg[4]/Q
                         net (fo=5, routed)           0.219     1.278    aster_linux_i/aster/inst/implementation/g_coherent.soc/g_hart[0].g_present.hart/core/upstream_core/pcpi_div/dividend_reg_n_0_[4]
    SLICE_X46Y0          LUT6 (Prop_lut6_I4_O)        0.045     1.323 r  aster_linux_i/aster/inst/implementation/g_coherent.soc/g_hart[0].g_present.hart/core/upstream_core/pcpi_div/pcpi_rd[4]_i_1__0/O
                         net (fo=1, routed)           0.000     1.323    aster_linux_i/aster/inst/implementation/g_coherent.soc/g_hart[0].g_present.hart/core/upstream_core/pcpi_div/pcpi_rd[4]_i_1__0_n_0
    SLICE_X46Y0          FDRE                                         r  aster_linux_i/aster/inst/implementation/g_coherent.soc/g_hart[0].g_present.hart/core/upstream_core/pcpi_div/pcpi_rd_reg[4]/D
  -------------------------------------------------------------------    -------------------

                         (clock clk_fpga_0 rise edge)
                                                      0.000     0.000 r  
    PS7_X0Y0             PS7                          0.000     0.000 r  aster_linux_i/ps7/inst/PS7_i/FCLKCLK[0]
                         net (fo=1, routed)           0.337     0.337    aster_linux_i/ps7/inst/FCLK_CLK_unbuffered[0]
    BUFGCTRL_X0Y16       BUFG (Prop_bufg_I_O)         0.029     0.366 r  aster_linux_i/ps7/inst/buffer_fclk_clk_0.FCLK_CLK_0_BUFG/O
                         net (fo=17749, routed)       0.830     1.196    aster_linux_i/aster/inst/implementation/g_coherent.soc/g_hart[0].g_present.hart/core/upstream_core/pcpi_div/aclk
    SLICE_X46Y0          FDRE                                         r  aster_linux_i/aster/inst/implementation/g_coherent.soc/g_hart[0].g_present.hart/core/upstream_core/pcpi_div/pcpi_rd_reg[4]/C
                         clock pessimism             -0.035     1.161    
    SLICE_X46Y0          FDRE (Hold_fdre_C_D)         0.121     1.282    aster_linux_i/aster/inst/implementation/g_coherent.soc/g_hart[0].g_present.hart/core/upstream_core/pcpi_div/pcpi_rd_reg[4]
  -------------------------------------------------------------------
                         required time                         -1.282    
                         arrival time                           1.323    
  -------------------------------------------------------------------
                         slack                                  0.041    





Pulse Width Checks
--------------------------------------------------------------------------------------
Clock Name:         clk_fpga_0
Waveform(ns):       { 0.000 16.000 }
Period(ns):         32.000
Sources:            { aster_linux_i/ps7/inst/PS7_i/FCLKCLK[0] }

Check Type        Corner  Lib Pin             Reference Pin  Required(ns)  Actual(ns)  Slack(ns)  Location      Pin
Min Period        n/a     RAMB36E1/CLKARDCLK  n/a            2.944         32.000      29.056     RAMB36_X1Y6   aster_linux_i/aster/inst/implementation/g_coherent.soc/ram/g_sync_read.memory_reg_0_0/CLKARDCLK
Low Pulse Width   Slow    RAMD64E/CLK         n/a            1.250         16.000      14.750     SLICE_X34Y27  aster_linux_i/aster/inst/implementation/fifo_reg_0_63_0_2/RAMA/CLK
High Pulse Width  Slow    RAMD64E/CLK         n/a            1.250         16.000      14.750     SLICE_X34Y27  aster_linux_i/aster/inst/implementation/fifo_reg_0_63_0_2/RAMA/CLK



