NAMED-PATH-BEGIN d_rsp_valid_to_d_req_valid
Startpoint: d_rsp_valid (input port clocked by clk)
Endpoint: d_req_valid (output port clocked by clk)
Path Group: clk
Path Type: max

   Delay     Time   Description
-----------------------------------------------------------
   0.000    0.000   clock clk (rise edge)
   0.000    0.000   clock network delay (propagated)
   2.000    2.000 v input external delay
   0.002    2.002 v d_rsp_valid (in)
   0.132    2.135 v input35/X (sky130_fd_sc_hd__buf_2)
   0.136    2.271 v fanout1848/X (sky130_fd_sc_hd__buf_2)
   0.323    2.594 v _07801_/X (sky130_fd_sc_hd__or3b_4)
   0.156    2.750 v _07810_/X (sky130_fd_sc_hd__and3_4)
   0.119    2.869 v fanout374/X (sky130_fd_sc_hd__buf_6)
   0.178    3.047 v _07811_/X (sky130_fd_sc_hd__and3b_2)
   0.108    3.155 v output109/X (sky130_fd_sc_hd__buf_8)
   0.001    3.156 v d_req_valid (out)
            3.156   data arrival time

  10.000   10.000   clock clk (rise edge)
   0.000   10.000   clock network delay (propagated)
  -0.250    9.750   clock uncertainty
   0.000    9.750   clock reconvergence pessimism
  -2.000    7.750   output external delay
            7.750   data required time
-----------------------------------------------------------
            7.750   data required time
           -3.156   data arrival time
-----------------------------------------------------------
            4.594   slack (MET)


NAMED-PATH-END
NAMED-PATH-BEGIN d_rsp_error_to_d_req_valid
Startpoint: d_rsp_error (input port clocked by clk)
Endpoint: d_req_valid (output port clocked by clk)
Path Group: clk
Path Type: max

   Delay     Time   Description
-----------------------------------------------------------
   0.000    0.000   clock clk (rise edge)
   0.000    0.000   clock network delay (propagated)
   2.000    2.000 v input external delay
   0.002    2.002 v d_rsp_error (in)
   0.126    2.128 v input2/X (sky130_fd_sc_hd__buf_2)
   0.148    2.276 v _07793_/Y (sky130_fd_sc_hd__nand2b_2)
   0.101    2.377 v _07794_/X (sky130_fd_sc_hd__o211a_2)
   0.138    2.515 ^ _07796_/Y (sky130_fd_sc_hd__o21ai_4)
   0.116    2.631 ^ fanout555/X (sky130_fd_sc_hd__buf_12)
   0.124    2.754 ^ fanout554/X (sky130_fd_sc_hd__buf_6)
   0.140    2.894 ^ _07810_/X (sky130_fd_sc_hd__and3_4)
   0.141    3.036 ^ fanout374/X (sky130_fd_sc_hd__buf_6)
   0.189    3.225 ^ _07811_/X (sky130_fd_sc_hd__and3b_2)
   0.097    3.322 ^ output109/X (sky130_fd_sc_hd__buf_8)
   0.001    3.323 ^ d_req_valid (out)
            3.323   data arrival time

  10.000   10.000   clock clk (rise edge)
   0.000   10.000   clock network delay (propagated)
  -0.250    9.750   clock uncertainty
   0.000    9.750   clock reconvergence pessimism
  -2.000    7.750   output external delay
            7.750   data required time
-----------------------------------------------------------
            7.750   data required time
           -3.323   data arrival time
-----------------------------------------------------------
            4.427   slack (MET)


NAMED-PATH-END
