NAMED-PATH-BEGIN d_rsp_valid_to_d_req_valid
Startpoint: d_rsp_valid (input port clocked by clk)
Endpoint: d_req_valid (output port clocked by clk)
Path Group: clk
Path Type: max

   Delay     Time   Description
-----------------------------------------------------------
   0.000    0.000   clock clk (rise edge)
   0.000    0.000   clock network delay (propagated)
   2.000    2.000 ^ input external delay
   0.028    2.028 ^ d_rsp_valid (in)
   1.362    3.390 ^ input35/X (sky130_fd_sc_hd__dlygate4sd3_1)
   0.549    3.939 ^ _07842_/Y (sky130_fd_sc_hd__nand2b_4)
   0.500    4.439 ^ fanout1573/X (sky130_fd_sc_hd__clkbuf_2)
   0.723    5.163 v _07846_/X (sky130_fd_sc_hd__and4bb_2)
   0.371    5.534 v fanout1423/X (sky130_fd_sc_hd__buf_2)
   0.356    5.890 v load_slew1425/X (sky130_fd_sc_hd__buf_4)
   0.381    6.271 ^ _07848_/Y (sky130_fd_sc_hd__a221oi_4)
   0.311    6.582 v _07849_/Y (sky130_fd_sc_hd__nand4_4)
   1.010    7.592 ^ _07850_/X (sky130_fd_sc_hd__and4b_2)
   0.368    7.960 ^ output109/X (sky130_fd_sc_hd__buf_8)
   0.001    7.961 ^ d_req_valid (out)
            7.961   data arrival time

  10.000   10.000   clock clk (rise edge)
   0.000   10.000   clock network delay (propagated)
  -0.250    9.750   clock uncertainty
   0.000    9.750   clock reconvergence pessimism
  -2.000    7.750   output external delay
            7.750   data required time
-----------------------------------------------------------
            7.750   data required time
           -7.961   data arrival time
-----------------------------------------------------------
           -0.211   slack (VIOLATED)


NAMED-PATH-END
NAMED-PATH-BEGIN d_rsp_error_to_d_req_valid
Startpoint: d_rsp_error (input port clocked by clk)
Endpoint: d_req_valid (output port clocked by clk)
Path Group: clk
Path Type: max

   Delay     Time   Description
-----------------------------------------------------------
   0.000    0.000   clock clk (rise edge)
   0.000    0.000   clock network delay (propagated)
   2.000    2.000 v input external delay
   0.009    2.009 v d_rsp_error (in)
   0.399    2.409 v input2/X (sky130_fd_sc_hd__buf_2)
   0.511    2.920 v _07832_/Y (sky130_fd_sc_hd__nand2b_2)
   0.294    3.214 v _07833_/X (sky130_fd_sc_hd__o211a_2)
   0.680    3.894 ^ _07835_/Y (sky130_fd_sc_hd__o21ai_2)
   0.512    4.406 ^ load_slew827/X (sky130_fd_sc_hd__buf_6)
   0.269    4.674 v _07849_/Y (sky130_fd_sc_hd__nand4_4)
   1.010    5.684 ^ _07850_/X (sky130_fd_sc_hd__and4b_2)
   0.368    6.052 ^ output109/X (sky130_fd_sc_hd__buf_8)
   0.001    6.053 ^ d_req_valid (out)
            6.053   data arrival time

  10.000   10.000   clock clk (rise edge)
   0.000   10.000   clock network delay (propagated)
  -0.250    9.750   clock uncertainty
   0.000    9.750   clock reconvergence pessimism
  -2.000    7.750   output external delay
            7.750   data required time
-----------------------------------------------------------
            7.750   data required time
           -6.053   data arrival time
-----------------------------------------------------------
            1.697   slack (MET)


NAMED-PATH-END
