NAMED-PATH-BEGIN d_rsp_valid_to_d_req_valid
Startpoint: d_rsp_valid (input port clocked by clk)
Endpoint: d_req_valid (output port clocked by clk)
Path Group: clk
Path Type: max

   Delay     Time   Description
-----------------------------------------------------------
   0.000    0.000   clock clk (rise edge)
   0.000    0.000   clock network delay (propagated)
   2.000    2.000 ^ input external delay
   0.008    2.008 ^ d_rsp_valid (in)
   0.200    2.208 ^ input35/X (sky130_fd_sc_hd__buf_2)
   0.198    2.406 ^ fanout1816/X (sky130_fd_sc_hd__buf_2)
   0.175    2.581 v _07762_/X (sky130_fd_sc_hd__and4bb_4)
   0.138    2.719 v fanout975/X (sky130_fd_sc_hd__clkbuf_4)
   0.166    2.885 ^ _07765_/Y (sky130_fd_sc_hd__nand2_2)
   0.141    3.025 ^ _07770_/X (sky130_fd_sc_hd__and3_4)
   0.132    3.157 ^ fanout425/X (sky130_fd_sc_hd__buf_6)
   0.210    3.368 ^ _07771_/X (sky130_fd_sc_hd__and4_4)
   0.098    3.466 ^ output109/X (sky130_fd_sc_hd__buf_8)
   0.001    3.466 ^ d_req_valid (out)
            3.466   data arrival time

  10.000   10.000   clock clk (rise edge)
   0.000   10.000   clock network delay (propagated)
  -0.250    9.750   clock uncertainty
   0.000    9.750   clock reconvergence pessimism
  -2.000    7.750   output external delay
            7.750   data required time
-----------------------------------------------------------
            7.750   data required time
           -3.466   data arrival time
-----------------------------------------------------------
            4.284   slack (MET)


NAMED-PATH-END
NAMED-PATH-BEGIN d_rsp_error_to_d_req_valid
Startpoint: d_rsp_error (input port clocked by clk)
Endpoint: d_req_valid (output port clocked by clk)
Path Group: clk
Path Type: max

   Delay     Time   Description
-----------------------------------------------------------
   0.000    0.000   clock clk (rise edge)
   0.000    0.000   clock network delay (propagated)
   2.000    2.000 v input external delay
   0.002    2.002 v d_rsp_error (in)
   0.138    2.141 v input2/X (sky130_fd_sc_hd__buf_2)
   0.156    2.297 v _07756_/Y (sky130_fd_sc_hd__nand2b_2)
   0.103    2.400 v _07757_/X (sky130_fd_sc_hd__o211a_2)
   0.166    2.566 ^ _07760_/Y (sky130_fd_sc_hd__o21ai_2)
   0.134    2.700 ^ fanout577/X (sky130_fd_sc_hd__buf_6)
   0.131    2.831 ^ _07770_/X (sky130_fd_sc_hd__and3_4)
   0.132    2.963 ^ fanout425/X (sky130_fd_sc_hd__buf_6)
   0.210    3.174 ^ _07771_/X (sky130_fd_sc_hd__and4_4)
   0.098    3.272 ^ output109/X (sky130_fd_sc_hd__buf_8)
   0.001    3.272 ^ d_req_valid (out)
            3.272   data arrival time

  10.000   10.000   clock clk (rise edge)
   0.000   10.000   clock network delay (propagated)
  -0.250    9.750   clock uncertainty
   0.000    9.750   clock reconvergence pessimism
  -2.000    7.750   output external delay
            7.750   data required time
-----------------------------------------------------------
            7.750   data required time
           -3.272   data arrival time
-----------------------------------------------------------
            4.478   slack (MET)


NAMED-PATH-END
