NAMED-PATH-BEGIN d_rsp_valid_to_d_req_valid
Startpoint: d_rsp_valid (input port clocked by clk)
Endpoint: d_req_valid (output port clocked by clk)
Path Group: clk
Path Type: max

   Delay     Time   Description
-----------------------------------------------------------
   0.000    0.000   clock clk (rise edge)
   0.000    0.000   clock network delay (propagated)
   2.000    2.000 ^ input external delay
   0.017    2.017 ^ d_rsp_valid (in)
   0.494    2.512 ^ input35/X (sky130_fd_sc_hd__buf_2)
   0.591    3.103 ^ fanout1816/X (sky130_fd_sc_hd__buf_2)
   0.560    3.663 v _07762_/X (sky130_fd_sc_hd__and4bb_4)
   0.365    4.028 v fanout975/X (sky130_fd_sc_hd__clkbuf_4)
   0.383    4.410 ^ _07765_/Y (sky130_fd_sc_hd__nand2_2)
   0.551    4.961 ^ _07770_/X (sky130_fd_sc_hd__and3_4)
   0.350    5.310 ^ fanout425/X (sky130_fd_sc_hd__buf_6)
   0.753    6.064 ^ _07771_/X (sky130_fd_sc_hd__and4_4)
   0.312    6.376 ^ output109/X (sky130_fd_sc_hd__buf_8)
   0.001    6.377 ^ d_req_valid (out)
            6.377   data arrival time

  10.000   10.000   clock clk (rise edge)
   0.000   10.000   clock network delay (propagated)
  -0.250    9.750   clock uncertainty
   0.000    9.750   clock reconvergence pessimism
  -2.000    7.750   output external delay
            7.750   data required time
-----------------------------------------------------------
            7.750   data required time
           -6.377   data arrival time
-----------------------------------------------------------
            1.373   slack (MET)


NAMED-PATH-END
NAMED-PATH-BEGIN d_rsp_error_to_d_req_valid
Startpoint: d_rsp_error (input port clocked by clk)
Endpoint: d_req_valid (output port clocked by clk)
Path Group: clk
Path Type: max

   Delay     Time   Description
-----------------------------------------------------------
   0.000    0.000   clock clk (rise edge)
   0.000    0.000   clock network delay (propagated)
   2.000    2.000 v input external delay
   0.010    2.010 v d_rsp_error (in)
   0.418    2.427 v input2/X (sky130_fd_sc_hd__buf_2)
   0.526    2.954 v _07756_/Y (sky130_fd_sc_hd__nand2b_2)
   0.319    3.272 v _07757_/X (sky130_fd_sc_hd__o211a_2)
   0.431    3.703 ^ _07760_/Y (sky130_fd_sc_hd__o21ai_2)
   0.439    4.142 ^ fanout577/X (sky130_fd_sc_hd__buf_6)
   0.484    4.626 ^ _07770_/X (sky130_fd_sc_hd__and3_4)
   0.350    4.976 ^ fanout425/X (sky130_fd_sc_hd__buf_6)
   0.753    5.729 ^ _07771_/X (sky130_fd_sc_hd__and4_4)
   0.312    6.042 ^ output109/X (sky130_fd_sc_hd__buf_8)
   0.001    6.043 ^ d_req_valid (out)
            6.043   data arrival time

  10.000   10.000   clock clk (rise edge)
   0.000   10.000   clock network delay (propagated)
  -0.250    9.750   clock uncertainty
   0.000    9.750   clock reconvergence pessimism
  -2.000    7.750   output external delay
            7.750   data required time
-----------------------------------------------------------
            7.750   data required time
           -6.043   data arrival time
-----------------------------------------------------------
            1.707   slack (MET)


NAMED-PATH-END
