NAMED-PATH-BEGIN d_rsp_valid_to_d_req_valid
Startpoint: d_rsp_valid (input port clocked by clk)
Endpoint: d_req_valid (output port clocked by clk)
Path Group: clk
Path Type: max

   Delay     Time   Description
-----------------------------------------------------------
   0.000    0.000   clock clk (rise edge)
   0.000    0.000   clock network delay (propagated)
   2.000    2.000 ^ input external delay
   0.011    2.011 ^ d_rsp_valid (in)
   0.050    2.061 ^ hold6708/X (sky130_fd_sc_hd__clkbuf_1)
   0.183    2.244 ^ input35/X (sky130_fd_sc_hd__clkbuf_2)
   0.115    2.359 ^ wire2885/X (sky130_fd_sc_hd__buf_12)
   0.256    2.615 ^ fanout2884/X (sky130_fd_sc_hd__buf_2)
   0.133    2.748 ^ _14384_/X (sky130_fd_sc_hd__or3b_4)
   0.076    2.824 ^ fanout1324/X (sky130_fd_sc_hd__buf_12)
   0.147    2.971 ^ fanout1322/X (sky130_fd_sc_hd__buf_8)
   0.089    3.060 v _14389_/Y (sky130_fd_sc_hd__o2111ai_4)
   0.118    3.178 v wire625/X (sky130_fd_sc_hd__buf_6)
   0.097    3.275 ^ _14390_/Y (sky130_fd_sc_hd__nor2_4)
   0.104    3.379 ^ wire552/X (sky130_fd_sc_hd__buf_6)
   0.129    3.508 ^ _14391_/X (sky130_fd_sc_hd__and3_4)
   0.089    3.598 ^ output109/X (sky130_fd_sc_hd__buf_8)
   0.001    3.599 ^ d_req_valid (out)
            3.599   data arrival time

  10.000   10.000   clock clk (rise edge)
   0.000   10.000   clock network delay (propagated)
  -0.250    9.750   clock uncertainty
   0.000    9.750   clock reconvergence pessimism
  -2.000    7.750   output external delay
            7.750   data required time
-----------------------------------------------------------
            7.750   data required time
           -3.599   data arrival time
-----------------------------------------------------------
            4.151   slack (MET)


NAMED-PATH-END
NAMED-PATH-BEGIN d_rsp_error_to_d_req_valid
Startpoint: d_rsp_error (input port clocked by clk)
Endpoint: d_req_valid (output port clocked by clk)
Path Group: clk
Path Type: max

   Delay     Time   Description
-----------------------------------------------------------
   0.000    0.000   clock clk (rise edge)
   0.000    0.000   clock network delay (propagated)
   2.000    2.000 v input external delay
   0.003    2.003 v d_rsp_error (in)
   0.048    2.051 v hold4336/X (sky130_fd_sc_hd__clkbuf_1)
   0.077    2.128 v input2/X (sky130_fd_sc_hd__clkbuf_2)
   0.109    2.237 v hold4337/X (sky130_fd_sc_hd__clkbuf_1)
   0.124    2.361 v wire2887/X (sky130_fd_sc_hd__buf_12)
   0.142    2.503 v _14375_/Y (sky130_fd_sc_hd__nand2b_2)
   0.101    2.604 v _14376_/X (sky130_fd_sc_hd__o211a_2)
   0.236    2.840 ^ _14378_/Y (sky130_fd_sc_hd__o21ai_4)
   0.085    2.925 v _14389_/Y (sky130_fd_sc_hd__o2111ai_4)
   0.118    3.043 v wire625/X (sky130_fd_sc_hd__buf_6)
   0.097    3.140 ^ _14390_/Y (sky130_fd_sc_hd__nor2_4)
   0.104    3.244 ^ wire552/X (sky130_fd_sc_hd__buf_6)
   0.129    3.373 ^ _14391_/X (sky130_fd_sc_hd__and3_4)
   0.089    3.463 ^ output109/X (sky130_fd_sc_hd__buf_8)
   0.001    3.464 ^ d_req_valid (out)
            3.464   data arrival time

  10.000   10.000   clock clk (rise edge)
   0.000   10.000   clock network delay (propagated)
  -0.250    9.750   clock uncertainty
   0.000    9.750   clock reconvergence pessimism
  -2.000    7.750   output external delay
            7.750   data required time
-----------------------------------------------------------
            7.750   data required time
           -3.464   data arrival time
-----------------------------------------------------------
            4.286   slack (MET)


NAMED-PATH-END
