NAMED-PATH-BEGIN d_rsp_valid_to_d_req_valid
Startpoint: d_rsp_valid (input port clocked by clk)
Endpoint: d_req_valid (output port clocked by clk)
Path Group: clk
Path Type: max

   Delay     Time   Description
-----------------------------------------------------------
   0.000    0.000   clock clk (rise edge)
   0.000    0.000   clock network delay (propagated)
   2.000    2.000 ^ input external delay
   0.011    2.011 ^ d_rsp_valid (in)
   0.339    2.350 ^ input35/X (sky130_fd_sc_hd__dlymetal6s4s_1)
   0.285    2.635 ^ _07842_/Y (sky130_fd_sc_hd__nand2b_4)
   0.258    2.893 ^ fanout1499/X (sky130_fd_sc_hd__clkbuf_2)
   0.330    3.223 v _07846_/X (sky130_fd_sc_hd__and4bb_4)
   0.358    3.581 v fanout1356/X (sky130_fd_sc_hd__dlymetal6s4s_1)
   0.251    3.832 ^ _07848_/Y (sky130_fd_sc_hd__a221oi_4)
   0.137    3.969 v _07849_/Y (sky130_fd_sc_hd__nand4_4)
   0.200    4.169 v rebuffer3044/X (sky130_fd_sc_hd__buf_2)
   0.473    4.643 ^ _07850_/X (sky130_fd_sc_hd__and4b_2)
   0.179    4.822 ^ output109/X (sky130_fd_sc_hd__buf_8)
   0.001    4.823 ^ d_req_valid (out)
            4.823   data arrival time

  10.000   10.000   clock clk (rise edge)
   0.000   10.000   clock network delay (propagated)
  -0.250    9.750   clock uncertainty
   0.000    9.750   clock reconvergence pessimism
  -2.000    7.750   output external delay
            7.750   data required time
-----------------------------------------------------------
            7.750   data required time
           -4.823   data arrival time
-----------------------------------------------------------
            2.927   slack (MET)


NAMED-PATH-END
NAMED-PATH-BEGIN d_rsp_error_to_d_req_valid
Startpoint: d_rsp_error (input port clocked by clk)
Endpoint: d_req_valid (output port clocked by clk)
Path Group: clk
Path Type: max

   Delay     Time   Description
-----------------------------------------------------------
   0.000    0.000   clock clk (rise edge)
   0.000    0.000   clock network delay (propagated)
   2.000    2.000 v input external delay
   0.004    2.004 v d_rsp_error (in)
   0.181    2.186 v input2/X (sky130_fd_sc_hd__buf_2)
   0.236    2.421 v _07832_/Y (sky130_fd_sc_hd__nand2b_2)
   0.165    2.586 v _07833_/X (sky130_fd_sc_hd__o211a_2)
   0.219    2.806 ^ _07835_/Y (sky130_fd_sc_hd__o21ai_4)
   0.206    3.012 ^ load_slew788/X (sky130_fd_sc_hd__buf_6)
   0.114    3.125 v _07849_/Y (sky130_fd_sc_hd__nand4_4)
   0.200    3.325 v rebuffer3044/X (sky130_fd_sc_hd__buf_2)
   0.473    3.799 ^ _07850_/X (sky130_fd_sc_hd__and4b_2)
   0.179    3.978 ^ output109/X (sky130_fd_sc_hd__buf_8)
   0.001    3.979 ^ d_req_valid (out)
            3.979   data arrival time

  10.000   10.000   clock clk (rise edge)
   0.000   10.000   clock network delay (propagated)
  -0.250    9.750   clock uncertainty
   0.000    9.750   clock reconvergence pessimism
  -2.000    7.750   output external delay
            7.750   data required time
-----------------------------------------------------------
            7.750   data required time
           -3.979   data arrival time
-----------------------------------------------------------
            3.771   slack (MET)


NAMED-PATH-END
