NAMED-PATH-BEGIN d_rsp_valid_to_d_req_valid
Startpoint: d_rsp_valid (input port clocked by clk)
Endpoint: d_req_valid (output port clocked by clk)
Path Group: clk
Path Type: max

   Delay     Time   Description
-----------------------------------------------------------
   0.000    0.000   clock clk (rise edge)
   0.000    0.000   clock network delay (propagated)
   2.000    2.000 ^ input external delay
   0.011    2.011 ^ d_rsp_valid (in)
   0.048    2.060 ^ hold4389/X (sky130_fd_sc_hd__clkbuf_1)
   0.121    2.180 ^ input35/X (sky130_fd_sc_hd__buf_2)
   0.199    2.380 ^ hold4390/X (sky130_fd_sc_hd__clkbuf_1)
   0.186    2.566 ^ fanout3750/X (sky130_fd_sc_hd__buf_2)
   0.142    2.708 ^ _17128_/X (sky130_fd_sc_hd__or3b_4)
   0.074    2.782 v _17140_/Y (sky130_fd_sc_hd__o2111ai_4)
   0.319    3.101 ^ _17141_/X (sky130_fd_sc_hd__and4b_2)
   0.180    3.282 ^ output109/X (sky130_fd_sc_hd__buf_2)
   0.001    3.283 ^ d_req_valid (out)
            3.283   data arrival time

  10.000   10.000   clock clk (rise edge)
   0.000   10.000   clock network delay (propagated)
  -0.250    9.750   clock uncertainty
   0.000    9.750   clock reconvergence pessimism
  -2.000    7.750   output external delay
            7.750   data required time
-----------------------------------------------------------
            7.750   data required time
           -3.283   data arrival time
-----------------------------------------------------------
            4.467   slack (MET)


NAMED-PATH-END
NAMED-PATH-BEGIN d_rsp_error_to_d_req_valid
Startpoint: d_rsp_error (input port clocked by clk)
Endpoint: d_req_valid (output port clocked by clk)
Path Group: clk
Path Type: max

   Delay     Time   Description
-----------------------------------------------------------
   0.000    0.000   clock clk (rise edge)
   0.000    0.000   clock network delay (propagated)
   2.000    2.000 v input external delay
   0.004    2.004 v d_rsp_error (in)
   0.049    2.053 v hold4363/X (sky130_fd_sc_hd__clkbuf_1)
   0.099    2.152 v input2/X (sky130_fd_sc_hd__buf_2)
   0.124    2.276 v hold4364/X (sky130_fd_sc_hd__clkbuf_1)
   0.147    2.424 v _17129_/Y (sky130_fd_sc_hd__nand2b_2)
   0.131    2.555 v _17130_/X (sky130_fd_sc_hd__o211a_4)
   0.129    2.684 ^ _17132_/Y (sky130_fd_sc_hd__o21ai_4)
   0.077    2.762 ^ fanout1050/X (sky130_fd_sc_hd__buf_12)
   0.125    2.886 ^ fanout1049/X (sky130_fd_sc_hd__buf_6)
   0.091    2.977 v _17140_/Y (sky130_fd_sc_hd__o2111ai_4)
   0.319    3.296 ^ _17141_/X (sky130_fd_sc_hd__and4b_2)
   0.180    3.477 ^ output109/X (sky130_fd_sc_hd__buf_2)
   0.001    3.478 ^ d_req_valid (out)
            3.478   data arrival time

  10.000   10.000   clock clk (rise edge)
   0.000   10.000   clock network delay (propagated)
  -0.250    9.750   clock uncertainty
   0.000    9.750   clock reconvergence pessimism
  -2.000    7.750   output external delay
            7.750   data required time
-----------------------------------------------------------
            7.750   data required time
           -3.478   data arrival time
-----------------------------------------------------------
            4.272   slack (MET)


NAMED-PATH-END
