Copyright 1986-2022 Xilinx, Inc. All Rights Reserved. Copyright 2022-2025 Advanced Micro Devices, Inc. All Rights Reserved.
---------------------------------------------------------------------------------------------------------------------------------------------
| Tool Version : Vivado v.2025.1 (lin64) Build 6140274 Wed May 21 22:58:25 MDT 2025
| Date         : Fri Oct  2 19:57:56 2026
| Host         : gondor running 64-bit Ubuntu 24.04.5 LTS
| Command      : report_timing_summary -max_paths 10 -file /home/elfo/Documents/Aster/build/timing/fpga/aster_bram_reqreg/timing_summary.rpt
| Design       : timing_aster_bram_reqreg
| Device       : 7z020-clg400
| Speed File   : -1  PRODUCTION 1.12 2019-11-22
| Design State : Routed
---------------------------------------------------------------------------------------------------------------------------------------------

Timing Summary Report

------------------------------------------------------------------------------------------------
| Timer Settings
| --------------
------------------------------------------------------------------------------------------------

  Enable Multi Corner Analysis               :  Yes
  Enable Pessimism Removal                   :  Yes
  Pessimism Removal Resolution               :  Nearest Common Node
  Enable Input Delay Default Clock           :  No
  Enable Preset / Clear Arcs                 :  No
  Disable Flight Delays                      :  No
  Ignore I/O Paths                           :  No
  Timing Early Launch at Borrowing Latches   :  No
  Borrow Time for Max Delay Exceptions       :  Yes
  Merge Timing Exceptions                    :  Yes
  Inter-SLR Compensation                     :  Conservative

  Corner  Analyze    Analyze    
  Name    Max Paths  Min Paths  
  ------  ---------  ---------  
  Slow    Yes        Yes        
  Fast    Yes        Yes        


------------------------------------------------------------------------------------------------
| Report Methodology
| ------------------
------------------------------------------------------------------------------------------------

No report available as report_methodology has not been run prior. Run report_methodology on the current design for the summary of methodology violations.



check_timing report

Table of Contents
-----------------
1. checking no_clock (0)
2. checking constant_clock (0)
3. checking pulse_width_clock (0)
4. checking unconstrained_internal_endpoints (0)
5. checking no_input_delay (68)
6. checking no_output_delay (32)
7. checking multiple_clock (0)
8. checking generated_clocks (0)
9. checking loops (0)
10. checking partial_input_delay (0)
11. checking partial_output_delay (0)
12. checking latch_loops (0)

1. checking no_clock (0)
------------------------
 There are 0 register/latch pins with no clock.


2. checking constant_clock (0)
------------------------------
 There are 0 register/latch pins with constant_clock.


3. checking pulse_width_clock (0)
---------------------------------
 There are 0 register/latch pins which need pulse_width check


4. checking unconstrained_internal_endpoints (0)
------------------------------------------------
 There are 0 pins that are not constrained for maximum delay.

 There are 0 pins that are not constrained for maximum delay due to constant clock.


5. checking no_input_delay (68)
-------------------------------
 There are 68 input ports with no input delay specified. (HIGH)

 There are 0 input ports with no input delay but user has a false path constraint.


6. checking no_output_delay (32)
--------------------------------
 There are 32 ports with no output delay specified. (HIGH)

 There are 0 ports with no output delay but user has a false path constraint

 There are 0 ports with no output delay but with a timing clock defined on it or propagating through it


7. checking multiple_clock (0)
------------------------------
 There are 0 register/latch pins with multiple clocks.


8. checking generated_clocks (0)
--------------------------------
 There are 0 generated clocks that are not connected to a clock source.


9. checking loops (0)
---------------------
 There are 0 combinational loops in the design.


10. checking partial_input_delay (0)
------------------------------------
 There are 0 input ports with partial input delay specified.


11. checking partial_output_delay (0)
-------------------------------------
 There are 0 ports with partial output delay specified.


12. checking latch_loops (0)
----------------------------
 There are 0 combinational latch loops in the design through latch input



------------------------------------------------------------------------------------------------
| Design Timing Summary
| ---------------------
------------------------------------------------------------------------------------------------

    WNS(ns)      TNS(ns)  TNS Failing Endpoints  TNS Total Endpoints      WHS(ns)      THS(ns)  THS Failing Endpoints  THS Total Endpoints     WPWS(ns)     TPWS(ns)  TPWS Failing Endpoints  TPWS Total Endpoints  
    -------      -------  ---------------------  -------------------      -------      -------  ---------------------  -------------------     --------     --------  ----------------------  --------------------  
      0.474        0.000                      0                 5423        0.093        0.000                      0                 5423        3.750        0.000                       0                  1835  


All user specified timing constraints are met.


------------------------------------------------------------------------------------------------
| Clock Summary
| -------------
------------------------------------------------------------------------------------------------

Clock  Waveform(ns)       Period(ns)      Frequency(MHz)
-----  ------------       ----------      --------------
clk    {0.000 5.000}      10.000          100.000         


------------------------------------------------------------------------------------------------
| Intra Clock Table
| -----------------
------------------------------------------------------------------------------------------------

Clock             WNS(ns)      TNS(ns)  TNS Failing Endpoints  TNS Total Endpoints      WHS(ns)      THS(ns)  THS Failing Endpoints  THS Total Endpoints     WPWS(ns)     TPWS(ns)  TPWS Failing Endpoints  TPWS Total Endpoints  
-----             -------      -------  ---------------------  -------------------      -------      -------  ---------------------  -------------------     --------     --------  ----------------------  --------------------  
clk                 0.474        0.000                      0                 5423        0.093        0.000                      0                 5423        3.750        0.000                       0                  1835  


------------------------------------------------------------------------------------------------
| Inter Clock Table
| -----------------
------------------------------------------------------------------------------------------------

From Clock    To Clock          WNS(ns)      TNS(ns)  TNS Failing Endpoints  TNS Total Endpoints      WHS(ns)      THS(ns)  THS Failing Endpoints  THS Total Endpoints  
----------    --------          -------      -------  ---------------------  -------------------      -------      -------  ---------------------  -------------------  


------------------------------------------------------------------------------------------------
| Other Path Groups Table
| -----------------------
------------------------------------------------------------------------------------------------

Path Group    From Clock    To Clock          WNS(ns)      TNS(ns)  TNS Failing Endpoints  TNS Total Endpoints      WHS(ns)      THS(ns)  THS Failing Endpoints  THS Total Endpoints  
----------    ----------    --------          -------      -------  ---------------------  -------------------      -------      -------  ---------------------  -------------------  


------------------------------------------------------------------------------------------------
| Timing Details
| --------------
------------------------------------------------------------------------------------------------


---------------------------------------------------------------------------------------------------
From Clock:  clk
  To Clock:  clk

Setup :            0  Failing Endpoints,  Worst Slack        0.474ns,  Total Violation        0.000ns
Hold  :            0  Failing Endpoints,  Worst Slack        0.093ns,  Total Violation        0.000ns
PW    :            0  Failing Endpoints,  Worst Slack        3.750ns,  Total Violation        0.000ns
---------------------------------------------------------------------------------------------------


Max Delay Paths
--------------------------------------------------------------------------------------
Slack (MET) :             0.474ns  (required time - arrival time)
  Source:                 block/core/w_reg[result][9]/C
                            (rising edge-triggered cell FDRE clocked by clk  {rise@0.000ns fall@5.000ns period=10.000ns})
  Destination:            block/core/m1_reg[next_pc][2]/D
                            (rising edge-triggered cell FDRE clocked by clk  {rise@0.000ns fall@5.000ns period=10.000ns})
  Path Group:             clk
  Path Type:              Setup (Max at Slow Process Corner)
  Requirement:            10.000ns  (clk rise@10.000ns - clk rise@0.000ns)
  Data Path Delay:        9.471ns  (logic 2.332ns (24.623%)  route 7.139ns (75.377%))
  Logic Levels:           12  (CARRY4=3 LUT2=1 LUT3=1 LUT4=2 LUT5=2 LUT6=3)
  Clock Path Skew:        -0.049ns (DCD - SCD + CPR)
    Destination Clock Delay (DCD):    0.924ns = ( 10.924 - 10.000 ) 
    Source Clock Delay      (SCD):    0.973ns
    Clock Pessimism Removal (CPR):    0.000ns
  Clock Uncertainty:      0.035ns  ((TSJ^2 + TIJ^2)^1/2 + DJ) / 2 + PE
    Total System Jitter     (TSJ):    0.071ns
    Total Input Jitter      (TIJ):    0.000ns
    Discrete Jitter          (DJ):    0.000ns
    Phase Error              (PE):    0.000ns

    Location             Delay type                Incr(ns)  Path(ns)    Netlist Resource(s)
  -------------------------------------------------------------------    -------------------
                         (clock clk rise edge)        0.000     0.000 r  
                                                      0.000     0.000 r  clk (IN)
                         net (fo=1838, unset)         0.973     0.973    block/core/clk
    SLICE_X29Y3          FDRE                                         r  block/core/w_reg[result][9]/C
  -------------------------------------------------------------------    -------------------
    SLICE_X29Y3          FDRE (Prop_fdre_C_Q)         0.456     1.429 r  block/core/w_reg[result][9]/Q
                         net (fo=6, routed)           1.291     2.720    block/core/fetch/e_rs2v[31]_i_4_1[9]
    SLICE_X41Y2          LUT4 (Prop_lut4_I0_O)        0.124     2.844 r  block/core/fetch/e_rs1v[9]_i_3/O
                         net (fo=1, routed)           0.857     3.701    block/core/fetch/e_rs1v[9]_i_3_n_0
    SLICE_X40Y2          LUT5 (Prop_lut5_I4_O)        0.124     3.825 r  block/core/fetch/e_rs1v[9]_i_2/O
                         net (fo=31, routed)          0.922     4.747    block/core/fetch/m1[addr][11]_i_4_n_0
    SLICE_X39Y2          LUT4 (Prop_lut4_I0_O)        0.124     4.871 r  block/core/fetch/e_pending_i_125/O
                         net (fo=1, routed)           0.000     4.871    block/core/fetch/e_pending_i_125_n_0
    SLICE_X39Y2          CARRY4 (Prop_carry4_S[0]_CO[3])
                                                      0.532     5.403 r  block/core/fetch/e_pending_reg_i_87/CO[3]
                         net (fo=1, routed)           0.000     5.403    block/core/fetch/e_pending_reg_i_87_n_0
    SLICE_X39Y3          CARRY4 (Prop_carry4_CI_CO[3])
                                                      0.114     5.517 r  block/core/fetch/e_pending_reg_i_51/CO[3]
                         net (fo=1, routed)           0.000     5.517    block/core/fetch/e_pending_reg_i_51_n_0
    SLICE_X39Y4          CARRY4 (Prop_carry4_CI_CO[3])
                                                      0.114     5.631 r  block/core/fetch/e_pending_reg_i_29/CO[3]
                         net (fo=1, routed)           0.875     6.506    block/core/fetch/e_pending_reg_i_29_n_0
    SLICE_X37Y8          LUT5 (Prop_lut5_I4_O)        0.124     6.630 r  block/core/fetch/e_pending_i_9/O
                         net (fo=1, routed)           0.571     7.201    block/core/fetch/e_pending_i_9_n_0
    SLICE_X37Y9          LUT6 (Prop_lut6_I4_O)        0.124     7.325 r  block/core/fetch/e_pending_i_4/O
                         net (fo=2, routed)           0.441     7.766    block/core/fetch_n_304
    SLICE_X35Y9          LUT2 (Prop_lut2_I1_O)        0.124     7.890 f  block/core/m1[next_pc][31]_i_3/O
                         net (fo=32, routed)          0.576     8.467    block/core/m1[next_pc][31]_i_3_n_0
    SLICE_X34Y9          LUT3 (Prop_lut3_I2_O)        0.124     8.591 r  block/core/m1[next_pc][0]_i_2/O
                         net (fo=31, routed)          0.919     9.510    block/core/m1[next_pc][0]_i_2_n_0
    SLICE_X30Y12         LUT6 (Prop_lut6_I5_O)        0.124     9.634 r  block/core/m1[next_pc][2]_i_2/O
                         net (fo=1, routed)           0.686    10.320    block/core/m1[next_pc][2]_i_2_n_0
    SLICE_X23Y13         LUT6 (Prop_lut6_I2_O)        0.124    10.444 r  block/core/m1[next_pc][2]_i_1/O
                         net (fo=1, routed)           0.000    10.444    block/core/m1[next_pc][2]_i_1_n_0
    SLICE_X23Y13         FDRE                                         r  block/core/m1_reg[next_pc][2]/D
  -------------------------------------------------------------------    -------------------

                         (clock clk rise edge)       10.000    10.000 r  
                                                      0.000    10.000 r  clk (IN)
                         net (fo=1838, unset)         0.924    10.924    block/core/clk
    SLICE_X23Y13         FDRE                                         r  block/core/m1_reg[next_pc][2]/C
                         clock pessimism              0.000    10.924    
                         clock uncertainty           -0.035    10.889    
    SLICE_X23Y13         FDRE (Setup_fdre_C_D)        0.029    10.918    block/core/m1_reg[next_pc][2]
  -------------------------------------------------------------------
                         required time                         10.918    
                         arrival time                         -10.444    
  -------------------------------------------------------------------
                         slack                                  0.474    

Slack (MET) :             0.553ns  (required time - arrival time)
  Source:                 block/core/w_reg[result][9]/C
                            (rising edge-triggered cell FDRE clocked by clk  {rise@0.000ns fall@5.000ns period=10.000ns})
  Destination:            block/request_registered.d_en_reg/D
                            (rising edge-triggered cell FDRE clocked by clk  {rise@0.000ns fall@5.000ns period=10.000ns})
  Path Group:             clk
  Path Type:              Setup (Max at Slow Process Corner)
  Requirement:            10.000ns  (clk rise@10.000ns - clk rise@0.000ns)
  Data Path Delay:        9.078ns  (logic 2.515ns (27.704%)  route 6.563ns (72.296%))
  Logic Levels:           10  (CARRY4=4 LUT2=1 LUT4=2 LUT5=2 LUT6=1)
  Clock Path Skew:        -0.049ns (DCD - SCD + CPR)
    Destination Clock Delay (DCD):    0.924ns = ( 10.924 - 10.000 ) 
    Source Clock Delay      (SCD):    0.973ns
    Clock Pessimism Removal (CPR):    0.000ns
  Clock Uncertainty:      0.035ns  ((TSJ^2 + TIJ^2)^1/2 + DJ) / 2 + PE
    Total System Jitter     (TSJ):    0.071ns
    Total Input Jitter      (TIJ):    0.000ns
    Discrete Jitter          (DJ):    0.000ns
    Phase Error              (PE):    0.000ns

    Location             Delay type                Incr(ns)  Path(ns)    Netlist Resource(s)
  -------------------------------------------------------------------    -------------------
                         (clock clk rise edge)        0.000     0.000 r  
                                                      0.000     0.000 r  clk (IN)
                         net (fo=1838, unset)         0.973     0.973    block/core/clk
    SLICE_X29Y3          FDRE                                         r  block/core/w_reg[result][9]/C
  -------------------------------------------------------------------    -------------------
    SLICE_X29Y3          FDRE (Prop_fdre_C_Q)         0.456     1.429 r  block/core/w_reg[result][9]/Q
                         net (fo=6, routed)           1.291     2.720    block/core/fetch/e_rs2v[31]_i_4_1[9]
    SLICE_X41Y2          LUT4 (Prop_lut4_I0_O)        0.124     2.844 r  block/core/fetch/e_rs1v[9]_i_3/O
                         net (fo=1, routed)           0.857     3.701    block/core/fetch/e_rs1v[9]_i_3_n_0
    SLICE_X40Y2          LUT5 (Prop_lut5_I4_O)        0.124     3.825 r  block/core/fetch/e_rs1v[9]_i_2/O
                         net (fo=31, routed)          1.125     4.949    block/core/fetch/m1[addr][11]_i_4_n_0
    SLICE_X35Y13         LUT2 (Prop_lut2_I0_O)        0.124     5.073 r  block/core/fetch/m1[addr][11]_i_8/O
                         net (fo=1, routed)           0.000     5.073    block/core/fetch/m1[addr][11]_i_8_n_0
    SLICE_X35Y13         CARRY4 (Prop_carry4_S[1]_CO[3])
                                                      0.550     5.623 r  block/core/fetch/m1_reg[addr][11]_i_1/CO[3]
                         net (fo=1, routed)           0.000     5.623    block/core/fetch/m1_reg[addr][11]_i_1_n_0
    SLICE_X35Y14         CARRY4 (Prop_carry4_CI_CO[3])
                                                      0.114     5.737 r  block/core/fetch/m1_reg[addr][15]_i_1/CO[3]
                         net (fo=1, routed)           0.000     5.737    block/core/fetch/m1_reg[addr][15]_i_1_n_0
    SLICE_X35Y15         CARRY4 (Prop_carry4_CI_CO[3])
                                                      0.114     5.851 r  block/core/fetch/m1_reg[addr][19]_i_1/CO[3]
                         net (fo=1, routed)           0.000     5.851    block/core/fetch/m1_reg[addr][19]_i_1_n_0
    SLICE_X35Y16         CARRY4 (Prop_carry4_CI_O[3])
                                                      0.329     6.180 f  block/core/fetch/m1_reg[addr][23]_i_1/O[3]
                         net (fo=5, routed)           0.861     7.041    block/core/d_req_addr[23]
    SLICE_X36Y16         LUT4 (Prop_lut4_I0_O)        0.306     7.347 r  block/core/request_registered.d_en_i_4/O
                         net (fo=1, routed)           0.812     8.160    block/core/request_registered.d_en_i_4_n_0
    SLICE_X36Y17         LUT6 (Prop_lut6_I4_O)        0.124     8.284 f  block/core/request_registered.d_en_i_2/O
                         net (fo=2, routed)           1.291     9.575    block/core/request_registered.d_en_i_2_0
    SLICE_X26Y7          LUT5 (Prop_lut5_I4_O)        0.150     9.725 r  block/core/request_registered.d_en_i_1/O
                         net (fo=1, routed)           0.326    10.051    block/request_registered.d_en0
    SLICE_X25Y7          FDRE                                         r  block/request_registered.d_en_reg/D
  -------------------------------------------------------------------    -------------------

                         (clock clk rise edge)       10.000    10.000 r  
                                                      0.000    10.000 r  clk (IN)
                         net (fo=1838, unset)         0.924    10.924    block/clk
    SLICE_X25Y7          FDRE                                         r  block/request_registered.d_en_reg/C
                         clock pessimism              0.000    10.924    
                         clock uncertainty           -0.035    10.889    
    SLICE_X25Y7          FDRE (Setup_fdre_C_D)       -0.285    10.604    block/request_registered.d_en_reg
  -------------------------------------------------------------------
                         required time                         10.604    
                         arrival time                         -10.051    
  -------------------------------------------------------------------
                         slack                                  0.553    

Slack (MET) :             0.558ns  (required time - arrival time)
  Source:                 block/core/w_reg[result][9]/C
                            (rising edge-triggered cell FDRE clocked by clk  {rise@0.000ns fall@5.000ns period=10.000ns})
  Destination:            block/core/m1_reg[next_pc][22]/D
                            (rising edge-triggered cell FDRE clocked by clk  {rise@0.000ns fall@5.000ns period=10.000ns})
  Path Group:             clk
  Path Type:              Setup (Max at Slow Process Corner)
  Requirement:            10.000ns  (clk rise@10.000ns - clk rise@0.000ns)
  Data Path Delay:        9.435ns  (logic 2.332ns (24.718%)  route 7.103ns (75.282%))
  Logic Levels:           12  (CARRY4=3 LUT2=1 LUT3=1 LUT4=2 LUT5=2 LUT6=3)
  Clock Path Skew:        -0.049ns (DCD - SCD + CPR)
    Destination Clock Delay (DCD):    0.924ns = ( 10.924 - 10.000 ) 
    Source Clock Delay      (SCD):    0.973ns
    Clock Pessimism Removal (CPR):    0.000ns
  Clock Uncertainty:      0.035ns  ((TSJ^2 + TIJ^2)^1/2 + DJ) / 2 + PE
    Total System Jitter     (TSJ):    0.071ns
    Total Input Jitter      (TIJ):    0.000ns
    Discrete Jitter          (DJ):    0.000ns
    Phase Error              (PE):    0.000ns

    Location             Delay type                Incr(ns)  Path(ns)    Netlist Resource(s)
  -------------------------------------------------------------------    -------------------
                         (clock clk rise edge)        0.000     0.000 r  
                                                      0.000     0.000 r  clk (IN)
                         net (fo=1838, unset)         0.973     0.973    block/core/clk
    SLICE_X29Y3          FDRE                                         r  block/core/w_reg[result][9]/C
  -------------------------------------------------------------------    -------------------
    SLICE_X29Y3          FDRE (Prop_fdre_C_Q)         0.456     1.429 r  block/core/w_reg[result][9]/Q
                         net (fo=6, routed)           1.291     2.720    block/core/fetch/e_rs2v[31]_i_4_1[9]
    SLICE_X41Y2          LUT4 (Prop_lut4_I0_O)        0.124     2.844 r  block/core/fetch/e_rs1v[9]_i_3/O
                         net (fo=1, routed)           0.857     3.701    block/core/fetch/e_rs1v[9]_i_3_n_0
    SLICE_X40Y2          LUT5 (Prop_lut5_I4_O)        0.124     3.825 r  block/core/fetch/e_rs1v[9]_i_2/O
                         net (fo=31, routed)          0.922     4.747    block/core/fetch/m1[addr][11]_i_4_n_0
    SLICE_X39Y2          LUT4 (Prop_lut4_I0_O)        0.124     4.871 r  block/core/fetch/e_pending_i_125/O
                         net (fo=1, routed)           0.000     4.871    block/core/fetch/e_pending_i_125_n_0
    SLICE_X39Y2          CARRY4 (Prop_carry4_S[0]_CO[3])
                                                      0.532     5.403 r  block/core/fetch/e_pending_reg_i_87/CO[3]
                         net (fo=1, routed)           0.000     5.403    block/core/fetch/e_pending_reg_i_87_n_0
    SLICE_X39Y3          CARRY4 (Prop_carry4_CI_CO[3])
                                                      0.114     5.517 r  block/core/fetch/e_pending_reg_i_51/CO[3]
                         net (fo=1, routed)           0.000     5.517    block/core/fetch/e_pending_reg_i_51_n_0
    SLICE_X39Y4          CARRY4 (Prop_carry4_CI_CO[3])
                                                      0.114     5.631 r  block/core/fetch/e_pending_reg_i_29/CO[3]
                         net (fo=1, routed)           0.875     6.506    block/core/fetch/e_pending_reg_i_29_n_0
    SLICE_X37Y8          LUT5 (Prop_lut5_I4_O)        0.124     6.630 r  block/core/fetch/e_pending_i_9/O
                         net (fo=1, routed)           0.571     7.201    block/core/fetch/e_pending_i_9_n_0
    SLICE_X37Y9          LUT6 (Prop_lut6_I4_O)        0.124     7.325 r  block/core/fetch/e_pending_i_4/O
                         net (fo=2, routed)           0.441     7.766    block/core/fetch_n_304
    SLICE_X35Y9          LUT2 (Prop_lut2_I1_O)        0.124     7.890 f  block/core/m1[next_pc][31]_i_3/O
                         net (fo=32, routed)          0.576     8.467    block/core/m1[next_pc][31]_i_3_n_0
    SLICE_X34Y9          LUT3 (Prop_lut3_I2_O)        0.124     8.591 r  block/core/m1[next_pc][0]_i_2/O
                         net (fo=31, routed)          0.930     9.521    block/core/m1[next_pc][0]_i_2_n_0
    SLICE_X36Y17         LUT6 (Prop_lut6_I5_O)        0.124     9.645 r  block/core/m1[next_pc][22]_i_2/O
                         net (fo=1, routed)           0.639    10.284    block/core/m1[next_pc][22]_i_2_n_0
    SLICE_X36Y21         LUT6 (Prop_lut6_I2_O)        0.124    10.408 r  block/core/m1[next_pc][22]_i_1/O
                         net (fo=1, routed)           0.000    10.408    block/core/m1[next_pc][22]_i_1_n_0
    SLICE_X36Y21         FDRE                                         r  block/core/m1_reg[next_pc][22]/D
  -------------------------------------------------------------------    -------------------

                         (clock clk rise edge)       10.000    10.000 r  
                                                      0.000    10.000 r  clk (IN)
                         net (fo=1838, unset)         0.924    10.924    block/core/clk
    SLICE_X36Y21         FDRE                                         r  block/core/m1_reg[next_pc][22]/C
                         clock pessimism              0.000    10.924    
                         clock uncertainty           -0.035    10.889    
    SLICE_X36Y21         FDRE (Setup_fdre_C_D)        0.077    10.966    block/core/m1_reg[next_pc][22]
  -------------------------------------------------------------------
                         required time                         10.966    
                         arrival time                         -10.408    
  -------------------------------------------------------------------
                         slack                                  0.558    

Slack (MET) :             0.589ns  (required time - arrival time)
  Source:                 block/core/dot8_p2/CLK
                            (rising edge-triggered cell DSP48E1 clocked by clk  {rise@0.000ns fall@5.000ns period=10.000ns})
  Destination:            block/core/m2_reg[result][22]/D
                            (rising edge-triggered cell FDRE clocked by clk  {rise@0.000ns fall@5.000ns period=10.000ns})
  Path Group:             clk
  Path Type:              Setup (Max at Slow Process Corner)
  Requirement:            10.000ns  (clk rise@10.000ns - clk rise@0.000ns)
  Data Path Delay:        9.356ns  (logic 5.990ns (64.023%)  route 3.366ns (35.977%))
  Logic Levels:           8  (CARRY4=4 LUT3=2 LUT5=1 LUT6=1)
  Clock Path Skew:        -0.049ns (DCD - SCD + CPR)
    Destination Clock Delay (DCD):    0.924ns = ( 10.924 - 10.000 ) 
    Source Clock Delay      (SCD):    0.973ns
    Clock Pessimism Removal (CPR):    0.000ns
  Clock Uncertainty:      0.035ns  ((TSJ^2 + TIJ^2)^1/2 + DJ) / 2 + PE
    Total System Jitter     (TSJ):    0.071ns
    Total Input Jitter      (TIJ):    0.000ns
    Discrete Jitter          (DJ):    0.000ns
    Phase Error              (PE):    0.000ns

    Location             Delay type                Incr(ns)  Path(ns)    Netlist Resource(s)
  -------------------------------------------------------------------    -------------------
                         (clock clk rise edge)        0.000     0.000 r  
                                                      0.000     0.000 r  clk (IN)
                         net (fo=1838, unset)         0.973     0.973    block/core/clk
    DSP48_X2Y1           DSP48E1                                      r  block/core/dot8_p2/CLK
  -------------------------------------------------------------------    -------------------
    DSP48_X2Y1           DSP48E1 (Prop_dsp48e1_CLK_P[3])
                                                      4.009     4.982 r  block/core/dot8_p2/P[3]
                         net (fo=3, routed)           1.060     6.042    block/core/dot8_p2_n_102
    SLICE_X37Y5          LUT3 (Prop_lut3_I0_O)        0.124     6.166 r  block/core/m2[result][7]_i_14/O
                         net (fo=2, routed)           0.851     7.017    block/core/m2[result][7]_i_14_n_0
    SLICE_X35Y5          LUT5 (Prop_lut5_I4_O)        0.149     7.166 r  block/core/m2[result][7]_i_6/O
                         net (fo=2, routed)           0.618     7.784    block/core/m2[result][7]_i_6_n_0
    SLICE_X36Y7          LUT6 (Prop_lut6_I0_O)        0.332     8.116 r  block/core/m2[result][7]_i_10/O
                         net (fo=1, routed)           0.000     8.116    block/core/m2[result][7]_i_10_n_0
    SLICE_X36Y7          CARRY4 (Prop_carry4_S[0]_CO[3])
                                                      0.513     8.629 r  block/core/m2_reg[result][7]_i_2/CO[3]
                         net (fo=1, routed)           0.000     8.629    block/core/m2_reg[result][7]_i_2_n_0
    SLICE_X36Y8          CARRY4 (Prop_carry4_CI_CO[3])
                                                      0.117     8.746 r  block/core/m2_reg[result][11]_i_2/CO[3]
                         net (fo=1, routed)           0.000     8.746    block/core/m2_reg[result][11]_i_2_n_0
    SLICE_X36Y9          CARRY4 (Prop_carry4_CI_CO[3])
                                                      0.117     8.863 r  block/core/m2_reg[result][15]_i_2/CO[3]
                         net (fo=1, routed)           0.000     8.863    block/core/m2_reg[result][15]_i_2_n_0
    SLICE_X36Y10         CARRY4 (Prop_carry4_CI_O[1])
                                                      0.323     9.186 r  block/core/m2_reg[result][31]_i_2/O[1]
                         net (fo=15, routed)          0.837    10.023    block/core/m2_reg[result][31]_i_2_n_6
    SLICE_X41Y4          LUT3 (Prop_lut3_I0_O)        0.306    10.329 r  block/core/m2[result][22]_i_1/O
                         net (fo=1, routed)           0.000    10.329    block/core/m2[result][22]_i_1_n_0
    SLICE_X41Y4          FDRE                                         r  block/core/m2_reg[result][22]/D
  -------------------------------------------------------------------    -------------------

                         (clock clk rise edge)       10.000    10.000 r  
                                                      0.000    10.000 r  clk (IN)
                         net (fo=1838, unset)         0.924    10.924    block/core/clk
    SLICE_X41Y4          FDRE                                         r  block/core/m2_reg[result][22]/C
                         clock pessimism              0.000    10.924    
                         clock uncertainty           -0.035    10.889    
    SLICE_X41Y4          FDRE (Setup_fdre_C_D)        0.029    10.918    block/core/m2_reg[result][22]
  -------------------------------------------------------------------
                         required time                         10.918    
                         arrival time                         -10.329    
  -------------------------------------------------------------------
                         slack                                  0.589    

Slack (MET) :             0.592ns  (required time - arrival time)
  Source:                 block/core/dot8_p2/CLK
                            (rising edge-triggered cell DSP48E1 clocked by clk  {rise@0.000ns fall@5.000ns period=10.000ns})
  Destination:            block/core/m2_reg[result][26]/D
                            (rising edge-triggered cell FDRE clocked by clk  {rise@0.000ns fall@5.000ns period=10.000ns})
  Path Group:             clk
  Path Type:              Setup (Max at Slow Process Corner)
  Requirement:            10.000ns  (clk rise@10.000ns - clk rise@0.000ns)
  Data Path Delay:        9.353ns  (logic 5.990ns (64.042%)  route 3.363ns (35.958%))
  Logic Levels:           8  (CARRY4=4 LUT3=2 LUT5=1 LUT6=1)
  Clock Path Skew:        -0.049ns (DCD - SCD + CPR)
    Destination Clock Delay (DCD):    0.924ns = ( 10.924 - 10.000 ) 
    Source Clock Delay      (SCD):    0.973ns
    Clock Pessimism Removal (CPR):    0.000ns
  Clock Uncertainty:      0.035ns  ((TSJ^2 + TIJ^2)^1/2 + DJ) / 2 + PE
    Total System Jitter     (TSJ):    0.071ns
    Total Input Jitter      (TIJ):    0.000ns
    Discrete Jitter          (DJ):    0.000ns
    Phase Error              (PE):    0.000ns

    Location             Delay type                Incr(ns)  Path(ns)    Netlist Resource(s)
  -------------------------------------------------------------------    -------------------
                         (clock clk rise edge)        0.000     0.000 r  
                                                      0.000     0.000 r  clk (IN)
                         net (fo=1838, unset)         0.973     0.973    block/core/clk
    DSP48_X2Y1           DSP48E1                                      r  block/core/dot8_p2/CLK
  -------------------------------------------------------------------    -------------------
    DSP48_X2Y1           DSP48E1 (Prop_dsp48e1_CLK_P[3])
                                                      4.009     4.982 r  block/core/dot8_p2/P[3]
                         net (fo=3, routed)           1.060     6.042    block/core/dot8_p2_n_102
    SLICE_X37Y5          LUT3 (Prop_lut3_I0_O)        0.124     6.166 r  block/core/m2[result][7]_i_14/O
                         net (fo=2, routed)           0.851     7.017    block/core/m2[result][7]_i_14_n_0
    SLICE_X35Y5          LUT5 (Prop_lut5_I4_O)        0.149     7.166 r  block/core/m2[result][7]_i_6/O
                         net (fo=2, routed)           0.618     7.784    block/core/m2[result][7]_i_6_n_0
    SLICE_X36Y7          LUT6 (Prop_lut6_I0_O)        0.332     8.116 r  block/core/m2[result][7]_i_10/O
                         net (fo=1, routed)           0.000     8.116    block/core/m2[result][7]_i_10_n_0
    SLICE_X36Y7          CARRY4 (Prop_carry4_S[0]_CO[3])
                                                      0.513     8.629 r  block/core/m2_reg[result][7]_i_2/CO[3]
                         net (fo=1, routed)           0.000     8.629    block/core/m2_reg[result][7]_i_2_n_0
    SLICE_X36Y8          CARRY4 (Prop_carry4_CI_CO[3])
                                                      0.117     8.746 r  block/core/m2_reg[result][11]_i_2/CO[3]
                         net (fo=1, routed)           0.000     8.746    block/core/m2_reg[result][11]_i_2_n_0
    SLICE_X36Y9          CARRY4 (Prop_carry4_CI_CO[3])
                                                      0.117     8.863 r  block/core/m2_reg[result][15]_i_2/CO[3]
                         net (fo=1, routed)           0.000     8.863    block/core/m2_reg[result][15]_i_2_n_0
    SLICE_X36Y10         CARRY4 (Prop_carry4_CI_O[1])
                                                      0.323     9.186 r  block/core/m2_reg[result][31]_i_2/O[1]
                         net (fo=15, routed)          0.834    10.020    block/core/m2_reg[result][31]_i_2_n_6
    SLICE_X41Y6          LUT3 (Prop_lut3_I0_O)        0.306    10.326 r  block/core/m2[result][26]_i_1/O
                         net (fo=1, routed)           0.000    10.326    block/core/m2[result][26]_i_1_n_0
    SLICE_X41Y6          FDRE                                         r  block/core/m2_reg[result][26]/D
  -------------------------------------------------------------------    -------------------

                         (clock clk rise edge)       10.000    10.000 r  
                                                      0.000    10.000 r  clk (IN)
                         net (fo=1838, unset)         0.924    10.924    block/core/clk
    SLICE_X41Y6          FDRE                                         r  block/core/m2_reg[result][26]/C
                         clock pessimism              0.000    10.924    
                         clock uncertainty           -0.035    10.889    
    SLICE_X41Y6          FDRE (Setup_fdre_C_D)        0.029    10.918    block/core/m2_reg[result][26]
  -------------------------------------------------------------------
                         required time                         10.918    
                         arrival time                         -10.326    
  -------------------------------------------------------------------
                         slack                                  0.592    

Slack (MET) :             0.617ns  (required time - arrival time)
  Source:                 block/core/w_reg[result][9]/C
                            (rising edge-triggered cell FDRE clocked by clk  {rise@0.000ns fall@5.000ns period=10.000ns})
  Destination:            block/core/m1_reg[csr_we]/D
                            (rising edge-triggered cell FDRE clocked by clk  {rise@0.000ns fall@5.000ns period=10.000ns})
  Path Group:             clk
  Path Type:              Setup (Max at Slow Process Corner)
  Requirement:            10.000ns  (clk rise@10.000ns - clk rise@0.000ns)
  Data Path Delay:        9.232ns  (logic 2.332ns (25.261%)  route 6.900ns (74.739%))
  Logic Levels:           12  (CARRY4=3 LUT2=1 LUT4=3 LUT5=3 LUT6=2)
  Clock Path Skew:        -0.049ns (DCD - SCD + CPR)
    Destination Clock Delay (DCD):    0.924ns = ( 10.924 - 10.000 ) 
    Source Clock Delay      (SCD):    0.973ns
    Clock Pessimism Removal (CPR):    0.000ns
  Clock Uncertainty:      0.035ns  ((TSJ^2 + TIJ^2)^1/2 + DJ) / 2 + PE
    Total System Jitter     (TSJ):    0.071ns
    Total Input Jitter      (TIJ):    0.000ns
    Discrete Jitter          (DJ):    0.000ns
    Phase Error              (PE):    0.000ns

    Location             Delay type                Incr(ns)  Path(ns)    Netlist Resource(s)
  -------------------------------------------------------------------    -------------------
                         (clock clk rise edge)        0.000     0.000 r  
                                                      0.000     0.000 r  clk (IN)
                         net (fo=1838, unset)         0.973     0.973    block/core/clk
    SLICE_X29Y3          FDRE                                         r  block/core/w_reg[result][9]/C
  -------------------------------------------------------------------    -------------------
    SLICE_X29Y3          FDRE (Prop_fdre_C_Q)         0.456     1.429 r  block/core/w_reg[result][9]/Q
                         net (fo=6, routed)           1.291     2.720    block/core/fetch/e_rs2v[31]_i_4_1[9]
    SLICE_X41Y2          LUT4 (Prop_lut4_I0_O)        0.124     2.844 r  block/core/fetch/e_rs1v[9]_i_3/O
                         net (fo=1, routed)           0.857     3.701    block/core/fetch/e_rs1v[9]_i_3_n_0
    SLICE_X40Y2          LUT5 (Prop_lut5_I4_O)        0.124     3.825 r  block/core/fetch/e_rs1v[9]_i_2/O
                         net (fo=31, routed)          0.922     4.747    block/core/fetch/m1[addr][11]_i_4_n_0
    SLICE_X39Y2          LUT4 (Prop_lut4_I0_O)        0.124     4.871 r  block/core/fetch/e_pending_i_125/O
                         net (fo=1, routed)           0.000     4.871    block/core/fetch/e_pending_i_125_n_0
    SLICE_X39Y2          CARRY4 (Prop_carry4_S[0]_CO[3])
                                                      0.532     5.403 r  block/core/fetch/e_pending_reg_i_87/CO[3]
                         net (fo=1, routed)           0.000     5.403    block/core/fetch/e_pending_reg_i_87_n_0
    SLICE_X39Y3          CARRY4 (Prop_carry4_CI_CO[3])
                                                      0.114     5.517 r  block/core/fetch/e_pending_reg_i_51/CO[3]
                         net (fo=1, routed)           0.000     5.517    block/core/fetch/e_pending_reg_i_51_n_0
    SLICE_X39Y4          CARRY4 (Prop_carry4_CI_CO[3])
                                                      0.114     5.631 f  block/core/fetch/e_pending_reg_i_29/CO[3]
                         net (fo=1, routed)           0.875     6.506    block/core/fetch/e_pending_reg_i_29_n_0
    SLICE_X37Y8          LUT5 (Prop_lut5_I4_O)        0.124     6.630 f  block/core/fetch/e_pending_i_9/O
                         net (fo=1, routed)           0.571     7.201    block/core/fetch/e_pending_i_9_n_0
    SLICE_X37Y9          LUT6 (Prop_lut6_I4_O)        0.124     7.325 f  block/core/fetch/e_pending_i_4/O
                         net (fo=2, routed)           0.441     7.766    block/core/fetch_n_304
    SLICE_X35Y9          LUT2 (Prop_lut2_I1_O)        0.124     7.890 r  block/core/m1[next_pc][31]_i_3/O
                         net (fo=32, routed)          0.525     8.416    block/core/m1[next_pc][31]_i_3_n_0
    SLICE_X32Y9          LUT4 (Prop_lut4_I2_O)        0.124     8.540 f  block/core/m1[next_pc][1]_i_2/O
                         net (fo=3, routed)           0.446     8.986    block/core/m1[next_pc][1]_i_2_n_0
    SLICE_X33Y7          LUT5 (Prop_lut5_I4_O)        0.124     9.110 f  block/core/m1[late]_i_2/O
                         net (fo=9, routed)           0.491     9.601    block/core/m1[late]_i_2_n_0
    SLICE_X33Y6          LUT6 (Prop_lut6_I3_O)        0.124     9.725 r  block/core/m1[csr_we]_i_1/O
                         net (fo=1, routed)           0.480    10.205    block/core/e_slot[csr_we]
    SLICE_X35Y6          FDRE                                         r  block/core/m1_reg[csr_we]/D
  -------------------------------------------------------------------    -------------------

                         (clock clk rise edge)       10.000    10.000 r  
                                                      0.000    10.000 r  clk (IN)
                         net (fo=1838, unset)         0.924    10.924    block/core/clk
    SLICE_X35Y6          FDRE                                         r  block/core/m1_reg[csr_we]/C
                         clock pessimism              0.000    10.924    
                         clock uncertainty           -0.035    10.889    
    SLICE_X35Y6          FDRE (Setup_fdre_C_D)       -0.067    10.822    block/core/m1_reg[csr_we]
  -------------------------------------------------------------------
                         required time                         10.822    
                         arrival time                         -10.205    
  -------------------------------------------------------------------
                         slack                                  0.617    

Slack (MET) :             0.636ns  (required time - arrival time)
  Source:                 block/core/w_reg[result][9]/C
                            (rising edge-triggered cell FDRE clocked by clk  {rise@0.000ns fall@5.000ns period=10.000ns})
  Destination:            block/core/m1_reg[next_pc][30]/D
                            (rising edge-triggered cell FDRE clocked by clk  {rise@0.000ns fall@5.000ns period=10.000ns})
  Path Group:             clk
  Path Type:              Setup (Max at Slow Process Corner)
  Requirement:            10.000ns  (clk rise@10.000ns - clk rise@0.000ns)
  Data Path Delay:        9.359ns  (logic 2.332ns (24.916%)  route 7.027ns (75.084%))
  Logic Levels:           12  (CARRY4=3 LUT2=1 LUT3=1 LUT4=2 LUT5=2 LUT6=3)
  Clock Path Skew:        -0.049ns (DCD - SCD + CPR)
    Destination Clock Delay (DCD):    0.924ns = ( 10.924 - 10.000 ) 
    Source Clock Delay      (SCD):    0.973ns
    Clock Pessimism Removal (CPR):    0.000ns
  Clock Uncertainty:      0.035ns  ((TSJ^2 + TIJ^2)^1/2 + DJ) / 2 + PE
    Total System Jitter     (TSJ):    0.071ns
    Total Input Jitter      (TIJ):    0.000ns
    Discrete Jitter          (DJ):    0.000ns
    Phase Error              (PE):    0.000ns

    Location             Delay type                Incr(ns)  Path(ns)    Netlist Resource(s)
  -------------------------------------------------------------------    -------------------
                         (clock clk rise edge)        0.000     0.000 r  
                                                      0.000     0.000 r  clk (IN)
                         net (fo=1838, unset)         0.973     0.973    block/core/clk
    SLICE_X29Y3          FDRE                                         r  block/core/w_reg[result][9]/C
  -------------------------------------------------------------------    -------------------
    SLICE_X29Y3          FDRE (Prop_fdre_C_Q)         0.456     1.429 r  block/core/w_reg[result][9]/Q
                         net (fo=6, routed)           1.291     2.720    block/core/fetch/e_rs2v[31]_i_4_1[9]
    SLICE_X41Y2          LUT4 (Prop_lut4_I0_O)        0.124     2.844 r  block/core/fetch/e_rs1v[9]_i_3/O
                         net (fo=1, routed)           0.857     3.701    block/core/fetch/e_rs1v[9]_i_3_n_0
    SLICE_X40Y2          LUT5 (Prop_lut5_I4_O)        0.124     3.825 r  block/core/fetch/e_rs1v[9]_i_2/O
                         net (fo=31, routed)          0.922     4.747    block/core/fetch/m1[addr][11]_i_4_n_0
    SLICE_X39Y2          LUT4 (Prop_lut4_I0_O)        0.124     4.871 r  block/core/fetch/e_pending_i_125/O
                         net (fo=1, routed)           0.000     4.871    block/core/fetch/e_pending_i_125_n_0
    SLICE_X39Y2          CARRY4 (Prop_carry4_S[0]_CO[3])
                                                      0.532     5.403 r  block/core/fetch/e_pending_reg_i_87/CO[3]
                         net (fo=1, routed)           0.000     5.403    block/core/fetch/e_pending_reg_i_87_n_0
    SLICE_X39Y3          CARRY4 (Prop_carry4_CI_CO[3])
                                                      0.114     5.517 r  block/core/fetch/e_pending_reg_i_51/CO[3]
                         net (fo=1, routed)           0.000     5.517    block/core/fetch/e_pending_reg_i_51_n_0
    SLICE_X39Y4          CARRY4 (Prop_carry4_CI_CO[3])
                                                      0.114     5.631 r  block/core/fetch/e_pending_reg_i_29/CO[3]
                         net (fo=1, routed)           0.875     6.506    block/core/fetch/e_pending_reg_i_29_n_0
    SLICE_X37Y8          LUT5 (Prop_lut5_I4_O)        0.124     6.630 r  block/core/fetch/e_pending_i_9/O
                         net (fo=1, routed)           0.571     7.201    block/core/fetch/e_pending_i_9_n_0
    SLICE_X37Y9          LUT6 (Prop_lut6_I4_O)        0.124     7.325 r  block/core/fetch/e_pending_i_4/O
                         net (fo=2, routed)           0.441     7.766    block/core/fetch_n_304
    SLICE_X35Y9          LUT2 (Prop_lut2_I1_O)        0.124     7.890 f  block/core/m1[next_pc][31]_i_3/O
                         net (fo=32, routed)          0.576     8.467    block/core/m1[next_pc][31]_i_3_n_0
    SLICE_X34Y9          LUT3 (Prop_lut3_I2_O)        0.124     8.591 r  block/core/m1[next_pc][0]_i_2/O
                         net (fo=31, routed)          1.051     9.641    block/core/m1[next_pc][0]_i_2_n_0
    SLICE_X36Y19         LUT6 (Prop_lut6_I5_O)        0.124     9.765 r  block/core/m1[next_pc][30]_i_2/O
                         net (fo=1, routed)           0.443    10.208    block/core/m1[next_pc][30]_i_2_n_0
    SLICE_X36Y21         LUT6 (Prop_lut6_I2_O)        0.124    10.332 r  block/core/m1[next_pc][30]_i_1/O
                         net (fo=1, routed)           0.000    10.332    block/core/m1[next_pc][30]_i_1_n_0
    SLICE_X36Y21         FDRE                                         r  block/core/m1_reg[next_pc][30]/D
  -------------------------------------------------------------------    -------------------

                         (clock clk rise edge)       10.000    10.000 r  
                                                      0.000    10.000 r  clk (IN)
                         net (fo=1838, unset)         0.924    10.924    block/core/clk
    SLICE_X36Y21         FDRE                                         r  block/core/m1_reg[next_pc][30]/C
                         clock pessimism              0.000    10.924    
                         clock uncertainty           -0.035    10.889    
    SLICE_X36Y21         FDRE (Setup_fdre_C_D)        0.079    10.968    block/core/m1_reg[next_pc][30]
  -------------------------------------------------------------------
                         required time                         10.968    
                         arrival time                         -10.332    
  -------------------------------------------------------------------
                         slack                                  0.636    

Slack (MET) :             0.636ns  (required time - arrival time)
  Source:                 block/core/w_reg[result][9]/C
                            (rising edge-triggered cell FDRE clocked by clk  {rise@0.000ns fall@5.000ns period=10.000ns})
  Destination:            block/core/m1_reg[next_pc][3]/D
                            (rising edge-triggered cell FDRE clocked by clk  {rise@0.000ns fall@5.000ns period=10.000ns})
  Path Group:             clk
  Path Type:              Setup (Max at Slow Process Corner)
  Requirement:            10.000ns  (clk rise@10.000ns - clk rise@0.000ns)
  Data Path Delay:        9.357ns  (logic 2.332ns (24.923%)  route 7.025ns (75.077%))
  Logic Levels:           12  (CARRY4=3 LUT2=1 LUT3=1 LUT4=2 LUT5=2 LUT6=3)
  Clock Path Skew:        -0.049ns (DCD - SCD + CPR)
    Destination Clock Delay (DCD):    0.924ns = ( 10.924 - 10.000 ) 
    Source Clock Delay      (SCD):    0.973ns
    Clock Pessimism Removal (CPR):    0.000ns
  Clock Uncertainty:      0.035ns  ((TSJ^2 + TIJ^2)^1/2 + DJ) / 2 + PE
    Total System Jitter     (TSJ):    0.071ns
    Total Input Jitter      (TIJ):    0.000ns
    Discrete Jitter          (DJ):    0.000ns
    Phase Error              (PE):    0.000ns

    Location             Delay type                Incr(ns)  Path(ns)    Netlist Resource(s)
  -------------------------------------------------------------------    -------------------
                         (clock clk rise edge)        0.000     0.000 r  
                                                      0.000     0.000 r  clk (IN)
                         net (fo=1838, unset)         0.973     0.973    block/core/clk
    SLICE_X29Y3          FDRE                                         r  block/core/w_reg[result][9]/C
  -------------------------------------------------------------------    -------------------
    SLICE_X29Y3          FDRE (Prop_fdre_C_Q)         0.456     1.429 r  block/core/w_reg[result][9]/Q
                         net (fo=6, routed)           1.291     2.720    block/core/fetch/e_rs2v[31]_i_4_1[9]
    SLICE_X41Y2          LUT4 (Prop_lut4_I0_O)        0.124     2.844 r  block/core/fetch/e_rs1v[9]_i_3/O
                         net (fo=1, routed)           0.857     3.701    block/core/fetch/e_rs1v[9]_i_3_n_0
    SLICE_X40Y2          LUT5 (Prop_lut5_I4_O)        0.124     3.825 r  block/core/fetch/e_rs1v[9]_i_2/O
                         net (fo=31, routed)          0.922     4.747    block/core/fetch/m1[addr][11]_i_4_n_0
    SLICE_X39Y2          LUT4 (Prop_lut4_I0_O)        0.124     4.871 r  block/core/fetch/e_pending_i_125/O
                         net (fo=1, routed)           0.000     4.871    block/core/fetch/e_pending_i_125_n_0
    SLICE_X39Y2          CARRY4 (Prop_carry4_S[0]_CO[3])
                                                      0.532     5.403 r  block/core/fetch/e_pending_reg_i_87/CO[3]
                         net (fo=1, routed)           0.000     5.403    block/core/fetch/e_pending_reg_i_87_n_0
    SLICE_X39Y3          CARRY4 (Prop_carry4_CI_CO[3])
                                                      0.114     5.517 r  block/core/fetch/e_pending_reg_i_51/CO[3]
                         net (fo=1, routed)           0.000     5.517    block/core/fetch/e_pending_reg_i_51_n_0
    SLICE_X39Y4          CARRY4 (Prop_carry4_CI_CO[3])
                                                      0.114     5.631 r  block/core/fetch/e_pending_reg_i_29/CO[3]
                         net (fo=1, routed)           0.875     6.506    block/core/fetch/e_pending_reg_i_29_n_0
    SLICE_X37Y8          LUT5 (Prop_lut5_I4_O)        0.124     6.630 r  block/core/fetch/e_pending_i_9/O
                         net (fo=1, routed)           0.571     7.201    block/core/fetch/e_pending_i_9_n_0
    SLICE_X37Y9          LUT6 (Prop_lut6_I4_O)        0.124     7.325 r  block/core/fetch/e_pending_i_4/O
                         net (fo=2, routed)           0.441     7.766    block/core/fetch_n_304
    SLICE_X35Y9          LUT2 (Prop_lut2_I1_O)        0.124     7.890 f  block/core/m1[next_pc][31]_i_3/O
                         net (fo=32, routed)          0.576     8.467    block/core/m1[next_pc][31]_i_3_n_0
    SLICE_X34Y9          LUT3 (Prop_lut3_I2_O)        0.124     8.591 r  block/core/m1[next_pc][0]_i_2/O
                         net (fo=31, routed)          0.995     9.585    block/core/m1[next_pc][0]_i_2_n_0
    SLICE_X26Y12         LUT6 (Prop_lut6_I5_O)        0.124     9.709 r  block/core/m1[next_pc][3]_i_2/O
                         net (fo=1, routed)           0.496    10.206    block/core/m1[next_pc][3]_i_2_n_0
    SLICE_X26Y12         LUT6 (Prop_lut6_I2_O)        0.124    10.330 r  block/core/m1[next_pc][3]_i_1/O
                         net (fo=1, routed)           0.000    10.330    block/core/m1[next_pc][3]_i_1_n_0
    SLICE_X26Y12         FDRE                                         r  block/core/m1_reg[next_pc][3]/D
  -------------------------------------------------------------------    -------------------

                         (clock clk rise edge)       10.000    10.000 r  
                                                      0.000    10.000 r  clk (IN)
                         net (fo=1838, unset)         0.924    10.924    block/core/clk
    SLICE_X26Y12         FDRE                                         r  block/core/m1_reg[next_pc][3]/C
                         clock pessimism              0.000    10.924    
                         clock uncertainty           -0.035    10.889    
    SLICE_X26Y12         FDRE (Setup_fdre_C_D)        0.077    10.966    block/core/m1_reg[next_pc][3]
  -------------------------------------------------------------------
                         required time                         10.966    
                         arrival time                         -10.330    
  -------------------------------------------------------------------
                         slack                                  0.636    

Slack (MET) :             0.641ns  (required time - arrival time)
  Source:                 block/core/dot8_p2/CLK
                            (rising edge-triggered cell DSP48E1 clocked by clk  {rise@0.000ns fall@5.000ns period=10.000ns})
  Destination:            block/core/m2_reg[result][28]/D
                            (rising edge-triggered cell FDRE clocked by clk  {rise@0.000ns fall@5.000ns period=10.000ns})
  Path Group:             clk
  Path Type:              Setup (Max at Slow Process Corner)
  Requirement:            10.000ns  (clk rise@10.000ns - clk rise@0.000ns)
  Data Path Delay:        9.352ns  (logic 5.990ns (64.049%)  route 3.362ns (35.951%))
  Logic Levels:           8  (CARRY4=4 LUT3=2 LUT5=1 LUT6=1)
  Clock Path Skew:        -0.049ns (DCD - SCD + CPR)
    Destination Clock Delay (DCD):    0.924ns = ( 10.924 - 10.000 ) 
    Source Clock Delay      (SCD):    0.973ns
    Clock Pessimism Removal (CPR):    0.000ns
  Clock Uncertainty:      0.035ns  ((TSJ^2 + TIJ^2)^1/2 + DJ) / 2 + PE
    Total System Jitter     (TSJ):    0.071ns
    Total Input Jitter      (TIJ):    0.000ns
    Discrete Jitter          (DJ):    0.000ns
    Phase Error              (PE):    0.000ns

    Location             Delay type                Incr(ns)  Path(ns)    Netlist Resource(s)
  -------------------------------------------------------------------    -------------------
                         (clock clk rise edge)        0.000     0.000 r  
                                                      0.000     0.000 r  clk (IN)
                         net (fo=1838, unset)         0.973     0.973    block/core/clk
    DSP48_X2Y1           DSP48E1                                      r  block/core/dot8_p2/CLK
  -------------------------------------------------------------------    -------------------
    DSP48_X2Y1           DSP48E1 (Prop_dsp48e1_CLK_P[3])
                                                      4.009     4.982 r  block/core/dot8_p2/P[3]
                         net (fo=3, routed)           1.060     6.042    block/core/dot8_p2_n_102
    SLICE_X37Y5          LUT3 (Prop_lut3_I0_O)        0.124     6.166 r  block/core/m2[result][7]_i_14/O
                         net (fo=2, routed)           0.851     7.017    block/core/m2[result][7]_i_14_n_0
    SLICE_X35Y5          LUT5 (Prop_lut5_I4_O)        0.149     7.166 r  block/core/m2[result][7]_i_6/O
                         net (fo=2, routed)           0.618     7.784    block/core/m2[result][7]_i_6_n_0
    SLICE_X36Y7          LUT6 (Prop_lut6_I0_O)        0.332     8.116 r  block/core/m2[result][7]_i_10/O
                         net (fo=1, routed)           0.000     8.116    block/core/m2[result][7]_i_10_n_0
    SLICE_X36Y7          CARRY4 (Prop_carry4_S[0]_CO[3])
                                                      0.513     8.629 r  block/core/m2_reg[result][7]_i_2/CO[3]
                         net (fo=1, routed)           0.000     8.629    block/core/m2_reg[result][7]_i_2_n_0
    SLICE_X36Y8          CARRY4 (Prop_carry4_CI_CO[3])
                                                      0.117     8.746 r  block/core/m2_reg[result][11]_i_2/CO[3]
                         net (fo=1, routed)           0.000     8.746    block/core/m2_reg[result][11]_i_2_n_0
    SLICE_X36Y9          CARRY4 (Prop_carry4_CI_CO[3])
                                                      0.117     8.863 r  block/core/m2_reg[result][15]_i_2/CO[3]
                         net (fo=1, routed)           0.000     8.863    block/core/m2_reg[result][15]_i_2_n_0
    SLICE_X36Y10         CARRY4 (Prop_carry4_CI_O[1])
                                                      0.323     9.186 r  block/core/m2_reg[result][31]_i_2/O[1]
                         net (fo=15, routed)          0.833    10.019    block/core/m2_reg[result][31]_i_2_n_6
    SLICE_X42Y7          LUT3 (Prop_lut3_I0_O)        0.306    10.325 r  block/core/m2[result][28]_i_1/O
                         net (fo=1, routed)           0.000    10.325    block/core/m2[result][28]_i_1_n_0
    SLICE_X42Y7          FDRE                                         r  block/core/m2_reg[result][28]/D
  -------------------------------------------------------------------    -------------------

                         (clock clk rise edge)       10.000    10.000 r  
                                                      0.000    10.000 r  clk (IN)
                         net (fo=1838, unset)         0.924    10.924    block/core/clk
    SLICE_X42Y7          FDRE                                         r  block/core/m2_reg[result][28]/C
                         clock pessimism              0.000    10.924    
                         clock uncertainty           -0.035    10.889    
    SLICE_X42Y7          FDRE (Setup_fdre_C_D)        0.077    10.966    block/core/m2_reg[result][28]
  -------------------------------------------------------------------
                         required time                         10.966    
                         arrival time                         -10.325    
  -------------------------------------------------------------------
                         slack                                  0.641    

Slack (MET) :             0.641ns  (required time - arrival time)
  Source:                 block/core/dot8_p2/CLK
                            (rising edge-triggered cell DSP48E1 clocked by clk  {rise@0.000ns fall@5.000ns period=10.000ns})
  Destination:            block/core/m2_reg[result][23]/D
                            (rising edge-triggered cell FDRE clocked by clk  {rise@0.000ns fall@5.000ns period=10.000ns})
  Path Group:             clk
  Path Type:              Setup (Max at Slow Process Corner)
  Requirement:            10.000ns  (clk rise@10.000ns - clk rise@0.000ns)
  Data Path Delay:        9.350ns  (logic 5.984ns (64.000%)  route 3.366ns (36.000%))
  Logic Levels:           8  (CARRY4=4 LUT3=2 LUT5=1 LUT6=1)
  Clock Path Skew:        -0.049ns (DCD - SCD + CPR)
    Destination Clock Delay (DCD):    0.924ns = ( 10.924 - 10.000 ) 
    Source Clock Delay      (SCD):    0.973ns
    Clock Pessimism Removal (CPR):    0.000ns
  Clock Uncertainty:      0.035ns  ((TSJ^2 + TIJ^2)^1/2 + DJ) / 2 + PE
    Total System Jitter     (TSJ):    0.071ns
    Total Input Jitter      (TIJ):    0.000ns
    Discrete Jitter          (DJ):    0.000ns
    Phase Error              (PE):    0.000ns

    Location             Delay type                Incr(ns)  Path(ns)    Netlist Resource(s)
  -------------------------------------------------------------------    -------------------
                         (clock clk rise edge)        0.000     0.000 r  
                                                      0.000     0.000 r  clk (IN)
                         net (fo=1838, unset)         0.973     0.973    block/core/clk
    DSP48_X2Y1           DSP48E1                                      r  block/core/dot8_p2/CLK
  -------------------------------------------------------------------    -------------------
    DSP48_X2Y1           DSP48E1 (Prop_dsp48e1_CLK_P[3])
                                                      4.009     4.982 r  block/core/dot8_p2/P[3]
                         net (fo=3, routed)           1.060     6.042    block/core/dot8_p2_n_102
    SLICE_X37Y5          LUT3 (Prop_lut3_I0_O)        0.124     6.166 r  block/core/m2[result][7]_i_14/O
                         net (fo=2, routed)           0.851     7.017    block/core/m2[result][7]_i_14_n_0
    SLICE_X35Y5          LUT5 (Prop_lut5_I4_O)        0.149     7.166 r  block/core/m2[result][7]_i_6/O
                         net (fo=2, routed)           0.618     7.784    block/core/m2[result][7]_i_6_n_0
    SLICE_X36Y7          LUT6 (Prop_lut6_I0_O)        0.332     8.116 r  block/core/m2[result][7]_i_10/O
                         net (fo=1, routed)           0.000     8.116    block/core/m2[result][7]_i_10_n_0
    SLICE_X36Y7          CARRY4 (Prop_carry4_S[0]_CO[3])
                                                      0.513     8.629 r  block/core/m2_reg[result][7]_i_2/CO[3]
                         net (fo=1, routed)           0.000     8.629    block/core/m2_reg[result][7]_i_2_n_0
    SLICE_X36Y8          CARRY4 (Prop_carry4_CI_CO[3])
                                                      0.117     8.746 r  block/core/m2_reg[result][11]_i_2/CO[3]
                         net (fo=1, routed)           0.000     8.746    block/core/m2_reg[result][11]_i_2_n_0
    SLICE_X36Y9          CARRY4 (Prop_carry4_CI_CO[3])
                                                      0.117     8.863 r  block/core/m2_reg[result][15]_i_2/CO[3]
                         net (fo=1, routed)           0.000     8.863    block/core/m2_reg[result][15]_i_2_n_0
    SLICE_X36Y10         CARRY4 (Prop_carry4_CI_O[1])
                                                      0.323     9.186 r  block/core/m2_reg[result][31]_i_2/O[1]
                         net (fo=15, routed)          0.837    10.023    block/core/m2_reg[result][31]_i_2_n_6
    SLICE_X41Y4          LUT3 (Prop_lut3_I0_O)        0.300    10.323 r  block/core/m2[result][23]_i_1/O
                         net (fo=1, routed)           0.000    10.323    block/core/m2[result][23]_i_1_n_0
    SLICE_X41Y4          FDRE                                         r  block/core/m2_reg[result][23]/D
  -------------------------------------------------------------------    -------------------

                         (clock clk rise edge)       10.000    10.000 r  
                                                      0.000    10.000 r  clk (IN)
                         net (fo=1838, unset)         0.924    10.924    block/core/clk
    SLICE_X41Y4          FDRE                                         r  block/core/m2_reg[result][23]/C
                         clock pessimism              0.000    10.924    
                         clock uncertainty           -0.035    10.889    
    SLICE_X41Y4          FDRE (Setup_fdre_C_D)        0.075    10.964    block/core/m2_reg[result][23]
  -------------------------------------------------------------------
                         required time                         10.964    
                         arrival time                         -10.323    
  -------------------------------------------------------------------
                         slack                                  0.641    





Min Delay Paths
--------------------------------------------------------------------------------------
Slack (MET) :             0.093ns  (arrival time - required time)
  Source:                 block/request_registered.d_a_reg[1]_rep__2/C
                            (rising edge-triggered cell FDRE clocked by clk  {rise@0.000ns fall@5.000ns period=10.000ns})
  Destination:            block/request_registered.ram_reg_3_0_7/ADDRARDADDR[1]
                            (rising edge-triggered cell RAMB36E1 clocked by clk  {rise@0.000ns fall@5.000ns period=10.000ns})
  Path Group:             clk
  Path Type:              Hold (Min at Fast Process Corner)
  Requirement:            0.000ns  (clk rise@0.000ns - clk rise@0.000ns)
  Data Path Delay:        0.297ns  (logic 0.141ns (47.454%)  route 0.156ns (52.546%))
  Logic Levels:           0  
  Clock Path Skew:        0.022ns (DCD - SCD - CPR)
    Destination Clock Delay (DCD):    0.432ns
    Source Clock Delay      (SCD):    0.410ns
    Clock Pessimism Removal (CPR):    -0.000ns

    Location             Delay type                Incr(ns)  Path(ns)    Netlist Resource(s)
  -------------------------------------------------------------------    -------------------
                         (clock clk rise edge)        0.000     0.000 r  
                                                      0.000     0.000 r  clk (IN)
                         net (fo=1838, unset)         0.410     0.410    block/clk
    SLICE_X9Y22          FDRE                                         r  block/request_registered.d_a_reg[1]_rep__2/C
  -------------------------------------------------------------------    -------------------
    SLICE_X9Y22          FDRE (Prop_fdre_C_Q)         0.141     0.551 r  block/request_registered.d_a_reg[1]_rep__2/Q
                         net (fo=2, routed)           0.156     0.707    block/request_registered.d_a_reg[1]_rep__2_n_0
    RAMB36_X0Y4          RAMB36E1                                     r  block/request_registered.ram_reg_3_0_7/ADDRARDADDR[1]
  -------------------------------------------------------------------    -------------------

                         (clock clk rise edge)        0.000     0.000 r  
                                                      0.000     0.000 r  clk (IN)
                         net (fo=1838, unset)         0.432     0.432    block/clk
    RAMB36_X0Y4          RAMB36E1                                     r  block/request_registered.ram_reg_3_0_7/CLKARDCLK
                         clock pessimism              0.000     0.432    
    RAMB36_X0Y4          RAMB36E1 (Hold_ramb36e1_CLKARDCLK_ADDRARDADDR[1])
                                                      0.183     0.615    block/request_registered.ram_reg_3_0_7
  -------------------------------------------------------------------
                         required time                         -0.615    
                         arrival time                           0.707    
  -------------------------------------------------------------------
                         slack                                  0.093    

Slack (MET) :             0.100ns  (arrival time - required time)
  Source:                 block/i_err1_reg/C
                            (rising edge-triggered cell FDRE clocked by clk  {rise@0.000ns fall@5.000ns period=10.000ns})
  Destination:            block/i_err2_reg/D
                            (rising edge-triggered cell FDRE clocked by clk  {rise@0.000ns fall@5.000ns period=10.000ns})
  Path Group:             clk
  Path Type:              Hold (Min at Fast Process Corner)
  Requirement:            0.000ns  (clk rise@0.000ns - clk rise@0.000ns)
  Data Path Delay:        0.197ns  (logic 0.141ns (71.611%)  route 0.056ns (28.389%))
  Logic Levels:           0  
  Clock Path Skew:        0.022ns (DCD - SCD - CPR)
    Destination Clock Delay (DCD):    0.432ns
    Source Clock Delay      (SCD):    0.410ns
    Clock Pessimism Removal (CPR):    -0.000ns

    Location             Delay type                Incr(ns)  Path(ns)    Netlist Resource(s)
  -------------------------------------------------------------------    -------------------
                         (clock clk rise edge)        0.000     0.000 r  
                                                      0.000     0.000 r  clk (IN)
                         net (fo=1838, unset)         0.410     0.410    block/clk
    SLICE_X3Y21          FDRE                                         r  block/i_err1_reg/C
  -------------------------------------------------------------------    -------------------
    SLICE_X3Y21          FDRE (Prop_fdre_C_Q)         0.141     0.551 r  block/i_err1_reg/Q
                         net (fo=1, routed)           0.056     0.607    block/i_err1
    SLICE_X3Y21          FDRE                                         r  block/i_err2_reg/D
  -------------------------------------------------------------------    -------------------

                         (clock clk rise edge)        0.000     0.000 r  
                                                      0.000     0.000 r  clk (IN)
                         net (fo=1838, unset)         0.432     0.432    block/clk
    SLICE_X3Y21          FDRE                                         r  block/i_err2_reg/C
                         clock pessimism              0.000     0.432    
    SLICE_X3Y21          FDRE (Hold_fdre_C_D)         0.075     0.507    block/i_err2_reg
  -------------------------------------------------------------------
                         required time                         -0.507    
                         arrival time                           0.607    
  -------------------------------------------------------------------
                         slack                                  0.100    

Slack (MET) :             0.108ns  (arrival time - required time)
  Source:                 block/request_registered.i_a_reg[9]_rep/C
                            (rising edge-triggered cell FDRE clocked by clk  {rise@0.000ns fall@5.000ns period=10.000ns})
  Destination:            block/request_registered.ram_reg_1_0_1/ADDRBWRADDR[9]
                            (rising edge-triggered cell RAMB36E1 clocked by clk  {rise@0.000ns fall@5.000ns period=10.000ns})
  Path Group:             clk
  Path Type:              Hold (Min at Fast Process Corner)
  Requirement:            0.000ns  (clk rise@0.000ns - clk rise@0.000ns)
  Data Path Delay:        0.313ns  (logic 0.141ns (45.095%)  route 0.172ns (54.905%))
  Logic Levels:           0  
  Clock Path Skew:        0.022ns (DCD - SCD - CPR)
    Destination Clock Delay (DCD):    0.432ns
    Source Clock Delay      (SCD):    0.410ns
    Clock Pessimism Removal (CPR):    -0.000ns

    Location             Delay type                Incr(ns)  Path(ns)    Netlist Resource(s)
  -------------------------------------------------------------------    -------------------
                         (clock clk rise edge)        0.000     0.000 r  
                                                      0.000     0.000 r  clk (IN)
                         net (fo=1838, unset)         0.410     0.410    block/clk
    SLICE_X9Y17          FDRE                                         r  block/request_registered.i_a_reg[9]_rep/C
  -------------------------------------------------------------------    -------------------
    SLICE_X9Y17          FDRE (Prop_fdre_C_Q)         0.141     0.551 r  block/request_registered.i_a_reg[9]_rep/Q
                         net (fo=10, routed)          0.172     0.723    block/request_registered.i_a_reg[9]_rep_n_0
    RAMB36_X0Y3          RAMB36E1                                     r  block/request_registered.ram_reg_1_0_1/ADDRBWRADDR[9]
  -------------------------------------------------------------------    -------------------

                         (clock clk rise edge)        0.000     0.000 r  
                                                      0.000     0.000 r  clk (IN)
                         net (fo=1838, unset)         0.432     0.432    block/clk
    RAMB36_X0Y3          RAMB36E1                                     r  block/request_registered.ram_reg_1_0_1/CLKBWRCLK
                         clock pessimism              0.000     0.432    
    RAMB36_X0Y3          RAMB36E1 (Hold_ramb36e1_CLKBWRCLK_ADDRBWRADDR[9])
                                                      0.183     0.615    block/request_registered.ram_reg_1_0_1
  -------------------------------------------------------------------
                         required time                         -0.615    
                         arrival time                           0.723    
  -------------------------------------------------------------------
                         slack                                  0.108    

Slack (MET) :             0.112ns  (arrival time - required time)
  Source:                 block/request_registered.d_a_reg[0]_rep__2/C
                            (rising edge-triggered cell FDRE clocked by clk  {rise@0.000ns fall@5.000ns period=10.000ns})
  Destination:            block/request_registered.ram_reg_3_0_7/ADDRARDADDR[0]
                            (rising edge-triggered cell RAMB36E1 clocked by clk  {rise@0.000ns fall@5.000ns period=10.000ns})
  Path Group:             clk
  Path Type:              Hold (Min at Fast Process Corner)
  Requirement:            0.000ns  (clk rise@0.000ns - clk rise@0.000ns)
  Data Path Delay:        0.316ns  (logic 0.141ns (44.602%)  route 0.175ns (55.398%))
  Logic Levels:           0  
  Clock Path Skew:        0.022ns (DCD - SCD - CPR)
    Destination Clock Delay (DCD):    0.432ns
    Source Clock Delay      (SCD):    0.410ns
    Clock Pessimism Removal (CPR):    -0.000ns

    Location             Delay type                Incr(ns)  Path(ns)    Netlist Resource(s)
  -------------------------------------------------------------------    -------------------
                         (clock clk rise edge)        0.000     0.000 r  
                                                      0.000     0.000 r  clk (IN)
                         net (fo=1838, unset)         0.410     0.410    block/clk
    SLICE_X11Y21         FDRE                                         r  block/request_registered.d_a_reg[0]_rep__2/C
  -------------------------------------------------------------------    -------------------
    SLICE_X11Y21         FDRE (Prop_fdre_C_Q)         0.141     0.551 r  block/request_registered.d_a_reg[0]_rep__2/Q
                         net (fo=2, routed)           0.175     0.726    block/request_registered.d_a_reg[0]_rep__2_n_0
    RAMB36_X0Y4          RAMB36E1                                     r  block/request_registered.ram_reg_3_0_7/ADDRARDADDR[0]
  -------------------------------------------------------------------    -------------------

                         (clock clk rise edge)        0.000     0.000 r  
                                                      0.000     0.000 r  clk (IN)
                         net (fo=1838, unset)         0.432     0.432    block/clk
    RAMB36_X0Y4          RAMB36E1                                     r  block/request_registered.ram_reg_3_0_7/CLKARDCLK
                         clock pessimism              0.000     0.432    
    RAMB36_X0Y4          RAMB36E1 (Hold_ramb36e1_CLKARDCLK_ADDRARDADDR[0])
                                                      0.183     0.615    block/request_registered.ram_reg_3_0_7
  -------------------------------------------------------------------
                         required time                         -0.615    
                         arrival time                           0.726    
  -------------------------------------------------------------------
                         slack                                  0.112    

Slack (MET) :             0.112ns  (arrival time - required time)
  Source:                 block/request_registered.d_a_reg[4]_rep__2/C
                            (rising edge-triggered cell FDRE clocked by clk  {rise@0.000ns fall@5.000ns period=10.000ns})
  Destination:            block/request_registered.ram_reg_3_0_7/ADDRARDADDR[4]
                            (rising edge-triggered cell RAMB36E1 clocked by clk  {rise@0.000ns fall@5.000ns period=10.000ns})
  Path Group:             clk
  Path Type:              Hold (Min at Fast Process Corner)
  Requirement:            0.000ns  (clk rise@0.000ns - clk rise@0.000ns)
  Data Path Delay:        0.316ns  (logic 0.141ns (44.602%)  route 0.175ns (55.398%))
  Logic Levels:           0  
  Clock Path Skew:        0.022ns (DCD - SCD - CPR)
    Destination Clock Delay (DCD):    0.432ns
    Source Clock Delay      (SCD):    0.410ns
    Clock Pessimism Removal (CPR):    -0.000ns

    Location             Delay type                Incr(ns)  Path(ns)    Netlist Resource(s)
  -------------------------------------------------------------------    -------------------
                         (clock clk rise edge)        0.000     0.000 r  
                                                      0.000     0.000 r  clk (IN)
                         net (fo=1838, unset)         0.410     0.410    block/clk
    SLICE_X11Y21         FDRE                                         r  block/request_registered.d_a_reg[4]_rep__2/C
  -------------------------------------------------------------------    -------------------
    SLICE_X11Y21         FDRE (Prop_fdre_C_Q)         0.141     0.551 r  block/request_registered.d_a_reg[4]_rep__2/Q
                         net (fo=2, routed)           0.175     0.726    block/request_registered.d_a_reg[4]_rep__2_n_0
    RAMB36_X0Y4          RAMB36E1                                     r  block/request_registered.ram_reg_3_0_7/ADDRARDADDR[4]
  -------------------------------------------------------------------    -------------------

                         (clock clk rise edge)        0.000     0.000 r  
                                                      0.000     0.000 r  clk (IN)
                         net (fo=1838, unset)         0.432     0.432    block/clk
    RAMB36_X0Y4          RAMB36E1                                     r  block/request_registered.ram_reg_3_0_7/CLKARDCLK
                         clock pessimism              0.000     0.432    
    RAMB36_X0Y4          RAMB36E1 (Hold_ramb36e1_CLKARDCLK_ADDRARDADDR[4])
                                                      0.183     0.615    block/request_registered.ram_reg_3_0_7
  -------------------------------------------------------------------
                         required time                         -0.615    
                         arrival time                           0.726    
  -------------------------------------------------------------------
                         slack                                  0.112    

Slack (MET) :             0.121ns  (arrival time - required time)
  Source:                 block/core/w_reg[rd][0]/C
                            (rising edge-triggered cell FDRE clocked by clk  {rise@0.000ns fall@5.000ns period=10.000ns})
  Destination:            block/core/rf_reg_r2_0_31_6_11/RAMA/WADR0
                            (rising edge-triggered cell RAMD32 clocked by clk  {rise@0.000ns fall@5.000ns period=10.000ns})
  Path Group:             clk
  Path Type:              Hold (Min at Fast Process Corner)
  Requirement:            0.000ns  (clk rise@0.000ns - clk rise@0.000ns)
  Data Path Delay:        0.452ns  (logic 0.141ns (31.182%)  route 0.311ns (68.818%))
  Logic Levels:           0  
  Clock Path Skew:        0.022ns (DCD - SCD - CPR)
    Destination Clock Delay (DCD):    0.432ns
    Source Clock Delay      (SCD):    0.410ns
    Clock Pessimism Removal (CPR):    -0.000ns

    Location             Delay type                Incr(ns)  Path(ns)    Netlist Resource(s)
  -------------------------------------------------------------------    -------------------
                         (clock clk rise edge)        0.000     0.000 r  
                                                      0.000     0.000 r  clk (IN)
                         net (fo=1838, unset)         0.410     0.410    block/core/clk
    SLICE_X24Y3          FDRE                                         r  block/core/w_reg[rd][0]/C
  -------------------------------------------------------------------    -------------------
    SLICE_X24Y3          FDRE (Prop_fdre_C_Q)         0.141     0.551 r  block/core/w_reg[rd][0]/Q
                         net (fo=92, routed)          0.311     0.862    block/core/rf_reg_r2_0_31_6_11/ADDRD0
    SLICE_X30Y2          RAMD32                                       r  block/core/rf_reg_r2_0_31_6_11/RAMA/WADR0
  -------------------------------------------------------------------    -------------------

                         (clock clk rise edge)        0.000     0.000 r  
                                                      0.000     0.000 r  clk (IN)
                         net (fo=1838, unset)         0.432     0.432    block/core/rf_reg_r2_0_31_6_11/WCLK
    SLICE_X30Y2          RAMD32                                       r  block/core/rf_reg_r2_0_31_6_11/RAMA/CLK
                         clock pessimism              0.000     0.432    
    SLICE_X30Y2          RAMD32 (Hold_ramd32_CLK_WADR0)
                                                      0.310     0.742    block/core/rf_reg_r2_0_31_6_11/RAMA
  -------------------------------------------------------------------
                         required time                         -0.742    
                         arrival time                           0.862    
  -------------------------------------------------------------------
                         slack                                  0.121    

Slack (MET) :             0.121ns  (arrival time - required time)
  Source:                 block/core/w_reg[rd][0]/C
                            (rising edge-triggered cell FDRE clocked by clk  {rise@0.000ns fall@5.000ns period=10.000ns})
  Destination:            block/core/rf_reg_r2_0_31_6_11/RAMA_D1/WADR0
                            (rising edge-triggered cell RAMD32 clocked by clk  {rise@0.000ns fall@5.000ns period=10.000ns})
  Path Group:             clk
  Path Type:              Hold (Min at Fast Process Corner)
  Requirement:            0.000ns  (clk rise@0.000ns - clk rise@0.000ns)
  Data Path Delay:        0.452ns  (logic 0.141ns (31.182%)  route 0.311ns (68.818%))
  Logic Levels:           0  
  Clock Path Skew:        0.022ns (DCD - SCD - CPR)
    Destination Clock Delay (DCD):    0.432ns
    Source Clock Delay      (SCD):    0.410ns
    Clock Pessimism Removal (CPR):    -0.000ns

    Location             Delay type                Incr(ns)  Path(ns)    Netlist Resource(s)
  -------------------------------------------------------------------    -------------------
                         (clock clk rise edge)        0.000     0.000 r  
                                                      0.000     0.000 r  clk (IN)
                         net (fo=1838, unset)         0.410     0.410    block/core/clk
    SLICE_X24Y3          FDRE                                         r  block/core/w_reg[rd][0]/C
  -------------------------------------------------------------------    -------------------
    SLICE_X24Y3          FDRE (Prop_fdre_C_Q)         0.141     0.551 r  block/core/w_reg[rd][0]/Q
                         net (fo=92, routed)          0.311     0.862    block/core/rf_reg_r2_0_31_6_11/ADDRD0
    SLICE_X30Y2          RAMD32                                       r  block/core/rf_reg_r2_0_31_6_11/RAMA_D1/WADR0
  -------------------------------------------------------------------    -------------------

                         (clock clk rise edge)        0.000     0.000 r  
                                                      0.000     0.000 r  clk (IN)
                         net (fo=1838, unset)         0.432     0.432    block/core/rf_reg_r2_0_31_6_11/WCLK
    SLICE_X30Y2          RAMD32                                       r  block/core/rf_reg_r2_0_31_6_11/RAMA_D1/CLK
                         clock pessimism              0.000     0.432    
    SLICE_X30Y2          RAMD32 (Hold_ramd32_CLK_WADR0)
                                                      0.310     0.742    block/core/rf_reg_r2_0_31_6_11/RAMA_D1
  -------------------------------------------------------------------
                         required time                         -0.742    
                         arrival time                           0.862    
  -------------------------------------------------------------------
                         slack                                  0.121    

Slack (MET) :             0.121ns  (arrival time - required time)
  Source:                 block/core/w_reg[rd][0]/C
                            (rising edge-triggered cell FDRE clocked by clk  {rise@0.000ns fall@5.000ns period=10.000ns})
  Destination:            block/core/rf_reg_r2_0_31_6_11/RAMB/WADR0
                            (rising edge-triggered cell RAMD32 clocked by clk  {rise@0.000ns fall@5.000ns period=10.000ns})
  Path Group:             clk
  Path Type:              Hold (Min at Fast Process Corner)
  Requirement:            0.000ns  (clk rise@0.000ns - clk rise@0.000ns)
  Data Path Delay:        0.452ns  (logic 0.141ns (31.182%)  route 0.311ns (68.818%))
  Logic Levels:           0  
  Clock Path Skew:        0.022ns (DCD - SCD - CPR)
    Destination Clock Delay (DCD):    0.432ns
    Source Clock Delay      (SCD):    0.410ns
    Clock Pessimism Removal (CPR):    -0.000ns

    Location             Delay type                Incr(ns)  Path(ns)    Netlist Resource(s)
  -------------------------------------------------------------------    -------------------
                         (clock clk rise edge)        0.000     0.000 r  
                                                      0.000     0.000 r  clk (IN)
                         net (fo=1838, unset)         0.410     0.410    block/core/clk
    SLICE_X24Y3          FDRE                                         r  block/core/w_reg[rd][0]/C
  -------------------------------------------------------------------    -------------------
    SLICE_X24Y3          FDRE (Prop_fdre_C_Q)         0.141     0.551 r  block/core/w_reg[rd][0]/Q
                         net (fo=92, routed)          0.311     0.862    block/core/rf_reg_r2_0_31_6_11/ADDRD0
    SLICE_X30Y2          RAMD32                                       r  block/core/rf_reg_r2_0_31_6_11/RAMB/WADR0
  -------------------------------------------------------------------    -------------------

                         (clock clk rise edge)        0.000     0.000 r  
                                                      0.000     0.000 r  clk (IN)
                         net (fo=1838, unset)         0.432     0.432    block/core/rf_reg_r2_0_31_6_11/WCLK
    SLICE_X30Y2          RAMD32                                       r  block/core/rf_reg_r2_0_31_6_11/RAMB/CLK
                         clock pessimism              0.000     0.432    
    SLICE_X30Y2          RAMD32 (Hold_ramd32_CLK_WADR0)
                                                      0.310     0.742    block/core/rf_reg_r2_0_31_6_11/RAMB
  -------------------------------------------------------------------
                         required time                         -0.742    
                         arrival time                           0.862    
  -------------------------------------------------------------------
                         slack                                  0.121    

Slack (MET) :             0.121ns  (arrival time - required time)
  Source:                 block/core/w_reg[rd][0]/C
                            (rising edge-triggered cell FDRE clocked by clk  {rise@0.000ns fall@5.000ns period=10.000ns})
  Destination:            block/core/rf_reg_r2_0_31_6_11/RAMB_D1/WADR0
                            (rising edge-triggered cell RAMD32 clocked by clk  {rise@0.000ns fall@5.000ns period=10.000ns})
  Path Group:             clk
  Path Type:              Hold (Min at Fast Process Corner)
  Requirement:            0.000ns  (clk rise@0.000ns - clk rise@0.000ns)
  Data Path Delay:        0.452ns  (logic 0.141ns (31.182%)  route 0.311ns (68.818%))
  Logic Levels:           0  
  Clock Path Skew:        0.022ns (DCD - SCD - CPR)
    Destination Clock Delay (DCD):    0.432ns
    Source Clock Delay      (SCD):    0.410ns
    Clock Pessimism Removal (CPR):    -0.000ns

    Location             Delay type                Incr(ns)  Path(ns)    Netlist Resource(s)
  -------------------------------------------------------------------    -------------------
                         (clock clk rise edge)        0.000     0.000 r  
                                                      0.000     0.000 r  clk (IN)
                         net (fo=1838, unset)         0.410     0.410    block/core/clk
    SLICE_X24Y3          FDRE                                         r  block/core/w_reg[rd][0]/C
  -------------------------------------------------------------------    -------------------
    SLICE_X24Y3          FDRE (Prop_fdre_C_Q)         0.141     0.551 r  block/core/w_reg[rd][0]/Q
                         net (fo=92, routed)          0.311     0.862    block/core/rf_reg_r2_0_31_6_11/ADDRD0
    SLICE_X30Y2          RAMD32                                       r  block/core/rf_reg_r2_0_31_6_11/RAMB_D1/WADR0
  -------------------------------------------------------------------    -------------------

                         (clock clk rise edge)        0.000     0.000 r  
                                                      0.000     0.000 r  clk (IN)
                         net (fo=1838, unset)         0.432     0.432    block/core/rf_reg_r2_0_31_6_11/WCLK
    SLICE_X30Y2          RAMD32                                       r  block/core/rf_reg_r2_0_31_6_11/RAMB_D1/CLK
                         clock pessimism              0.000     0.432    
    SLICE_X30Y2          RAMD32 (Hold_ramd32_CLK_WADR0)
                                                      0.310     0.742    block/core/rf_reg_r2_0_31_6_11/RAMB_D1
  -------------------------------------------------------------------
                         required time                         -0.742    
                         arrival time                           0.862    
  -------------------------------------------------------------------
                         slack                                  0.121    

Slack (MET) :             0.121ns  (arrival time - required time)
  Source:                 block/core/w_reg[rd][0]/C
                            (rising edge-triggered cell FDRE clocked by clk  {rise@0.000ns fall@5.000ns period=10.000ns})
  Destination:            block/core/rf_reg_r2_0_31_6_11/RAMC/WADR0
                            (rising edge-triggered cell RAMD32 clocked by clk  {rise@0.000ns fall@5.000ns period=10.000ns})
  Path Group:             clk
  Path Type:              Hold (Min at Fast Process Corner)
  Requirement:            0.000ns  (clk rise@0.000ns - clk rise@0.000ns)
  Data Path Delay:        0.452ns  (logic 0.141ns (31.182%)  route 0.311ns (68.818%))
  Logic Levels:           0  
  Clock Path Skew:        0.022ns (DCD - SCD - CPR)
    Destination Clock Delay (DCD):    0.432ns
    Source Clock Delay      (SCD):    0.410ns
    Clock Pessimism Removal (CPR):    -0.000ns

    Location             Delay type                Incr(ns)  Path(ns)    Netlist Resource(s)
  -------------------------------------------------------------------    -------------------
                         (clock clk rise edge)        0.000     0.000 r  
                                                      0.000     0.000 r  clk (IN)
                         net (fo=1838, unset)         0.410     0.410    block/core/clk
    SLICE_X24Y3          FDRE                                         r  block/core/w_reg[rd][0]/C
  -------------------------------------------------------------------    -------------------
    SLICE_X24Y3          FDRE (Prop_fdre_C_Q)         0.141     0.551 r  block/core/w_reg[rd][0]/Q
                         net (fo=92, routed)          0.311     0.862    block/core/rf_reg_r2_0_31_6_11/ADDRD0
    SLICE_X30Y2          RAMD32                                       r  block/core/rf_reg_r2_0_31_6_11/RAMC/WADR0
  -------------------------------------------------------------------    -------------------

                         (clock clk rise edge)        0.000     0.000 r  
                                                      0.000     0.000 r  clk (IN)
                         net (fo=1838, unset)         0.432     0.432    block/core/rf_reg_r2_0_31_6_11/WCLK
    SLICE_X30Y2          RAMD32                                       r  block/core/rf_reg_r2_0_31_6_11/RAMC/CLK
                         clock pessimism              0.000     0.432    
    SLICE_X30Y2          RAMD32 (Hold_ramd32_CLK_WADR0)
                                                      0.310     0.742    block/core/rf_reg_r2_0_31_6_11/RAMC
  -------------------------------------------------------------------
                         required time                         -0.742    
                         arrival time                           0.862    
  -------------------------------------------------------------------
                         slack                                  0.121    





Pulse Width Checks
--------------------------------------------------------------------------------------
Clock Name:         clk
Waveform(ns):       { 0.000 5.000 }
Period(ns):         10.000
Sources:            { clk }

Check Type        Corner  Lib Pin             Reference Pin  Required(ns)  Actual(ns)  Slack(ns)  Location      Pin
Min Period        n/a     DSP48E1/CLK         n/a            3.884         10.000      6.116      DSP48_X1Y0    block/core/pp_lh_reg/CLK
Min Period        n/a     DSP48E1/CLK         n/a            3.884         10.000      6.116      DSP48_X1Y1    block/core/pp_ll_reg/CLK
Min Period        n/a     DSP48E1/CLK         n/a            3.687         10.000      6.313      DSP48_X1Y3    block/core/pp_hl_reg/CLK
Min Period        n/a     RAMB36E1/CLKARDCLK  n/a            2.944         10.000      7.056      RAMB36_X0Y1   block/request_registered.ram_reg_0_0_0/CLKARDCLK
Min Period        n/a     RAMB36E1/CLKARDCLK  n/a            2.944         10.000      7.056      RAMB36_X0Y2   block/request_registered.ram_reg_0_0_1/CLKARDCLK
Min Period        n/a     RAMB36E1/CLKARDCLK  n/a            2.944         10.000      7.056      RAMB36_X1Y2   block/request_registered.ram_reg_0_0_2/CLKARDCLK
Min Period        n/a     RAMB36E1/CLKARDCLK  n/a            2.944         10.000      7.056      RAMB36_X1Y0   block/request_registered.ram_reg_0_0_3/CLKARDCLK
Min Period        n/a     RAMB36E1/CLKARDCLK  n/a            2.944         10.000      7.056      RAMB36_X2Y1   block/request_registered.ram_reg_0_0_4/CLKARDCLK
Min Period        n/a     RAMB36E1/CLKARDCLK  n/a            2.944         10.000      7.056      RAMB36_X2Y0   block/request_registered.ram_reg_0_0_5/CLKARDCLK
Min Period        n/a     RAMB36E1/CLKARDCLK  n/a            2.944         10.000      7.056      RAMB36_X1Y1   block/request_registered.ram_reg_0_0_6/CLKARDCLK
Low Pulse Width   Slow    RAMD32/CLK          n/a            1.250         5.000       3.750      SLICE_X14Y19  block/core/fetch/buf_err_reg_0_3_0_0/DP/CLK
Low Pulse Width   Fast    RAMD32/CLK          n/a            1.250         5.000       3.750      SLICE_X14Y19  block/core/fetch/buf_err_reg_0_3_0_0/DP/CLK
Low Pulse Width   Slow    RAMD32/CLK          n/a            1.250         5.000       3.750      SLICE_X14Y19  block/core/fetch/buf_err_reg_0_3_0_0/SP/CLK
Low Pulse Width   Fast    RAMD32/CLK          n/a            1.250         5.000       3.750      SLICE_X14Y19  block/core/fetch/buf_err_reg_0_3_0_0/SP/CLK
Low Pulse Width   Slow    RAMD32/CLK          n/a            1.250         5.000       3.750      SLICE_X16Y12  block/core/fetch/buf_insn_reg_0_3_0_5/RAMA/CLK
Low Pulse Width   Fast    RAMD32/CLK          n/a            1.250         5.000       3.750      SLICE_X16Y12  block/core/fetch/buf_insn_reg_0_3_0_5/RAMA/CLK
Low Pulse Width   Slow    RAMD32/CLK          n/a            1.250         5.000       3.750      SLICE_X16Y12  block/core/fetch/buf_insn_reg_0_3_0_5/RAMA_D1/CLK
Low Pulse Width   Fast    RAMD32/CLK          n/a            1.250         5.000       3.750      SLICE_X16Y12  block/core/fetch/buf_insn_reg_0_3_0_5/RAMA_D1/CLK
Low Pulse Width   Slow    RAMD32/CLK          n/a            1.250         5.000       3.750      SLICE_X16Y12  block/core/fetch/buf_insn_reg_0_3_0_5/RAMB/CLK
Low Pulse Width   Fast    RAMD32/CLK          n/a            1.250         5.000       3.750      SLICE_X16Y12  block/core/fetch/buf_insn_reg_0_3_0_5/RAMB/CLK
High Pulse Width  Slow    RAMD32/CLK          n/a            1.250         5.000       3.750      SLICE_X14Y19  block/core/fetch/buf_err_reg_0_3_0_0/DP/CLK
High Pulse Width  Fast    RAMD32/CLK          n/a            1.250         5.000       3.750      SLICE_X14Y19  block/core/fetch/buf_err_reg_0_3_0_0/DP/CLK
High Pulse Width  Slow    RAMD32/CLK          n/a            1.250         5.000       3.750      SLICE_X14Y19  block/core/fetch/buf_err_reg_0_3_0_0/SP/CLK
High Pulse Width  Fast    RAMD32/CLK          n/a            1.250         5.000       3.750      SLICE_X14Y19  block/core/fetch/buf_err_reg_0_3_0_0/SP/CLK
High Pulse Width  Slow    RAMD32/CLK          n/a            1.250         5.000       3.750      SLICE_X16Y12  block/core/fetch/buf_insn_reg_0_3_0_5/RAMA/CLK
High Pulse Width  Fast    RAMD32/CLK          n/a            1.250         5.000       3.750      SLICE_X16Y12  block/core/fetch/buf_insn_reg_0_3_0_5/RAMA/CLK
High Pulse Width  Slow    RAMD32/CLK          n/a            1.250         5.000       3.750      SLICE_X16Y12  block/core/fetch/buf_insn_reg_0_3_0_5/RAMA_D1/CLK
High Pulse Width  Fast    RAMD32/CLK          n/a            1.250         5.000       3.750      SLICE_X16Y12  block/core/fetch/buf_insn_reg_0_3_0_5/RAMA_D1/CLK
High Pulse Width  Slow    RAMD32/CLK          n/a            1.250         5.000       3.750      SLICE_X16Y12  block/core/fetch/buf_insn_reg_0_3_0_5/RAMB/CLK
High Pulse Width  Fast    RAMD32/CLK          n/a            1.250         5.000       3.750      SLICE_X16Y12  block/core/fetch/buf_insn_reg_0_3_0_5/RAMB/CLK



