NAMED-PATH-BEGIN d_rsp_valid_to_d_req_valid
Startpoint: d_rsp_valid (input port clocked by clk)
Endpoint: d_req_valid (output port clocked by clk)
Path Group: clk
Path Type: max

   Delay     Time   Description
-----------------------------------------------------------
   0.000    0.000   clock clk (rise edge)
   0.000    0.000   clock network delay (propagated)
   2.000    2.000 ^ input external delay
   0.011    2.011 ^ d_rsp_valid (in)
   0.097    2.108 ^ input35/X (sky130_fd_sc_hd__clkbuf_1)
   0.220    2.328 ^ wire2507/X (sky130_fd_sc_hd__clkbuf_4)
   0.092    2.420 v _08178_/Y (sky130_fd_sc_hd__nor2_4)
   0.375    2.796 v _08180_/X (sky130_fd_sc_hd__and2_2)
   0.299    3.095 v load_slew742/X (sky130_fd_sc_hd__clkbuf_4)
   0.583    3.678 v _08182_/X (sky130_fd_sc_hd__or4b_4)
   0.266    3.944 ^ _08183_/X (sky130_fd_sc_hd__o21ba_2)
   0.303    4.247 ^ _08184_/X (sky130_fd_sc_hd__and3_2)
   0.117    4.363 ^ output109/X (sky130_fd_sc_hd__clkbuf_1)
   0.196    4.559 ^ wire363/X (sky130_fd_sc_hd__clkbuf_4)
   0.001    4.560 ^ d_req_valid (out)
            4.560   data arrival time

  10.000   10.000   clock clk (rise edge)
   0.000   10.000   clock network delay (propagated)
  -0.250    9.750   clock uncertainty
   0.000    9.750   clock reconvergence pessimism
  -2.000    7.750   output external delay
            7.750   data required time
-----------------------------------------------------------
            7.750   data required time
           -4.560   data arrival time
-----------------------------------------------------------
            3.190   slack (MET)


NAMED-PATH-END
NAMED-PATH-BEGIN d_rsp_error_to_d_req_valid
Startpoint: d_rsp_error (input port clocked by clk)
Endpoint: d_req_valid (output port clocked by clk)
Path Group: clk
Path Type: max

   Delay     Time   Description
-----------------------------------------------------------
   0.000    0.000   clock clk (rise edge)
   0.000    0.000   clock network delay (propagated)
   2.000    2.000 v input external delay
   0.005    2.005 v d_rsp_error (in)
   0.101    2.106 v input2/X (sky130_fd_sc_hd__buf_1)
   0.190    2.297 v _08169_/Y (sky130_fd_sc_hd__nand2b_2)
   0.202    2.499 v _08170_/X (sky130_fd_sc_hd__o211a_2)
   0.305    2.804 v _08171_/X (sky130_fd_sc_hd__o21a_4)
   0.324    3.128 v _08181_/X (sky130_fd_sc_hd__a221o_2)
   0.525    3.654 v _08182_/X (sky130_fd_sc_hd__or4b_4)
   0.266    3.920 ^ _08183_/X (sky130_fd_sc_hd__o21ba_2)
   0.303    4.222 ^ _08184_/X (sky130_fd_sc_hd__and3_2)
   0.117    4.339 ^ output109/X (sky130_fd_sc_hd__clkbuf_1)
   0.196    4.535 ^ wire363/X (sky130_fd_sc_hd__clkbuf_4)
   0.001    4.535 ^ d_req_valid (out)
            4.535   data arrival time

  10.000   10.000   clock clk (rise edge)
   0.000   10.000   clock network delay (propagated)
  -0.250    9.750   clock uncertainty
   0.000    9.750   clock reconvergence pessimism
  -2.000    7.750   output external delay
            7.750   data required time
-----------------------------------------------------------
            7.750   data required time
           -4.535   data arrival time
-----------------------------------------------------------
            3.215   slack (MET)


NAMED-PATH-END
