Copyright 1986-2022 Xilinx, Inc. All Rights Reserved. Copyright 2022-2025 Advanced Micro Devices, Inc. All Rights Reserved.
-------------------------------------------------------------------------------------------------------------------------------------------------------------------
| Tool Version : Vivado v.2025.1 (lin64) Build 6140274 Wed May 21 22:58:25 MDT 2025
| Date         : Thu Sep 17 12:46:39 2026
| Host         : gondor running 64-bit Ubuntu 24.04.3 LTS
| Command      : report_timing_summary -file /home/elfo/Documents/Aster/build/fpga/pynq_z1/linux-h2-coherent-c1-dma-dot8-npu/timing_summary.rpt -warn_on_violation
| Design       : aster_linux_wrapper
| Device       : 7z020-clg400
| Speed File   : -1  PRODUCTION 1.12 2019-11-22
| Design State : Routed
-------------------------------------------------------------------------------------------------------------------------------------------------------------------

Timing Summary Report

------------------------------------------------------------------------------------------------
| Timer Settings
| --------------
------------------------------------------------------------------------------------------------

  Enable Multi Corner Analysis               :  Yes
  Enable Pessimism Removal                   :  Yes
  Pessimism Removal Resolution               :  Nearest Common Node
  Enable Input Delay Default Clock           :  No
  Enable Preset / Clear Arcs                 :  No
  Disable Flight Delays                      :  No
  Ignore I/O Paths                           :  No
  Timing Early Launch at Borrowing Latches   :  No
  Borrow Time for Max Delay Exceptions       :  Yes
  Merge Timing Exceptions                    :  Yes
  Inter-SLR Compensation                     :  Conservative

  Corner  Analyze    Analyze    
  Name    Max Paths  Min Paths  
  ------  ---------  ---------  
  Slow    Yes        Yes        
  Fast    Yes        Yes        


------------------------------------------------------------------------------------------------
| Report Methodology
| ------------------
------------------------------------------------------------------------------------------------

No report available as report_methodology has not been run prior. Run report_methodology on the current design for the summary of methodology violations.



check_timing report

Table of Contents
-----------------
1. checking no_clock (0)
2. checking constant_clock (0)
3. checking pulse_width_clock (0)
4. checking unconstrained_internal_endpoints (0)
5. checking no_input_delay (0)
6. checking no_output_delay (5)
7. checking multiple_clock (0)
8. checking generated_clocks (0)
9. checking loops (0)
10. checking partial_input_delay (0)
11. checking partial_output_delay (0)
12. checking latch_loops (0)

1. checking no_clock (0)
------------------------
 There are 0 register/latch pins with no clock.


2. checking constant_clock (0)
------------------------------
 There are 0 register/latch pins with constant_clock.


3. checking pulse_width_clock (0)
---------------------------------
 There are 0 register/latch pins which need pulse_width check


4. checking unconstrained_internal_endpoints (0)
------------------------------------------------
 There are 0 pins that are not constrained for maximum delay.

 There are 0 pins that are not constrained for maximum delay due to constant clock.


5. checking no_input_delay (0)
------------------------------
 There are 0 input ports with no input delay specified.

 There are 0 input ports with no input delay but user has a false path constraint.


6. checking no_output_delay (5)
-------------------------------
 There are 0 ports with no output delay specified.

 There are 5 ports with no output delay but user has a false path constraint (MEDIUM)

 There are 0 ports with no output delay but with a timing clock defined on it or propagating through it


7. checking multiple_clock (0)
------------------------------
 There are 0 register/latch pins with multiple clocks.


8. checking generated_clocks (0)
--------------------------------
 There are 0 generated clocks that are not connected to a clock source.


9. checking loops (0)
---------------------
 There are 0 combinational loops in the design.


10. checking partial_input_delay (0)
------------------------------------
 There are 0 input ports with partial input delay specified.


11. checking partial_output_delay (0)
-------------------------------------
 There are 0 ports with partial output delay specified.


12. checking latch_loops (0)
----------------------------
 There are 0 combinational latch loops in the design through latch input



------------------------------------------------------------------------------------------------
| Design Timing Summary
| ---------------------
------------------------------------------------------------------------------------------------

    WNS(ns)      TNS(ns)  TNS Failing Endpoints  TNS Total Endpoints      WHS(ns)      THS(ns)  THS Failing Endpoints  THS Total Endpoints     WPWS(ns)     TPWS(ns)  TPWS Failing Endpoints  TPWS Total Endpoints  
    -------      -------  ---------------------  -------------------      -------      -------  ---------------------  -------------------     --------     --------  ----------------------  --------------------  
      5.192        0.000                      0                55254        0.024        0.000                      0                55254       14.750        0.000                       0                 19911  


All user specified timing constraints are met.


------------------------------------------------------------------------------------------------
| Clock Summary
| -------------
------------------------------------------------------------------------------------------------

Clock       Waveform(ns)       Period(ns)      Frequency(MHz)
-----       ------------       ----------      --------------
clk_fpga_0  {0.000 16.000}     32.000          31.250          


------------------------------------------------------------------------------------------------
| Intra Clock Table
| -----------------
------------------------------------------------------------------------------------------------

Clock             WNS(ns)      TNS(ns)  TNS Failing Endpoints  TNS Total Endpoints      WHS(ns)      THS(ns)  THS Failing Endpoints  THS Total Endpoints     WPWS(ns)     TPWS(ns)  TPWS Failing Endpoints  TPWS Total Endpoints  
-----             -------      -------  ---------------------  -------------------      -------      -------  ---------------------  -------------------     --------     --------  ----------------------  --------------------  
clk_fpga_0          5.192        0.000                      0                55254        0.024        0.000                      0                55254       14.750        0.000                       0                 19911  


------------------------------------------------------------------------------------------------
| Inter Clock Table
| -----------------
------------------------------------------------------------------------------------------------

From Clock    To Clock          WNS(ns)      TNS(ns)  TNS Failing Endpoints  TNS Total Endpoints      WHS(ns)      THS(ns)  THS Failing Endpoints  THS Total Endpoints  
----------    --------          -------      -------  ---------------------  -------------------      -------      -------  ---------------------  -------------------  


------------------------------------------------------------------------------------------------
| Other Path Groups Table
| -----------------------
------------------------------------------------------------------------------------------------

Path Group    From Clock    To Clock          WNS(ns)      TNS(ns)  TNS Failing Endpoints  TNS Total Endpoints      WHS(ns)      THS(ns)  THS Failing Endpoints  THS Total Endpoints  
----------    ----------    --------          -------      -------  ---------------------  -------------------      -------      -------  ---------------------  -------------------  


------------------------------------------------------------------------------------------------
| Timing Details
| --------------
------------------------------------------------------------------------------------------------


---------------------------------------------------------------------------------------------------
From Clock:  clk_fpga_0
  To Clock:  clk_fpga_0

Setup :            0  Failing Endpoints,  Worst Slack        5.192ns,  Total Violation        0.000ns
Hold  :            0  Failing Endpoints,  Worst Slack        0.024ns,  Total Violation        0.000ns
PW    :            0  Failing Endpoints,  Worst Slack       14.750ns,  Total Violation        0.000ns
---------------------------------------------------------------------------------------------------


Max Delay Paths
--------------------------------------------------------------------------------------
Slack (MET) :             5.192ns  (required time - arrival time)
  Source:                 aster_linux_i/aster/inst/implementation/g_coherent.soc/cache/flush_position_reg[5]/C
                            (rising edge-triggered cell FDRE clocked by clk_fpga_0  {rise@0.000ns fall@16.000ns period=32.000ns})
  Destination:            aster_linux_i/aster/inst/implementation/g_coherent.soc/fabric/write_data_reg[28]/D
                            (rising edge-triggered cell FDRE clocked by clk_fpga_0  {rise@0.000ns fall@16.000ns period=32.000ns})
  Path Group:             clk_fpga_0
  Path Type:              Setup (Max at Slow Process Corner)
  Requirement:            32.000ns  (clk_fpga_0 rise@32.000ns - clk_fpga_0 rise@0.000ns)
  Data Path Delay:        26.258ns  (logic 6.547ns (24.934%)  route 19.711ns (75.066%))
  Logic Levels:           31  (CARRY4=11 LUT2=2 LUT3=3 LUT4=1 LUT5=4 LUT6=10)
  Clock Path Skew:        -0.100ns (DCD - SCD + CPR)
    Destination Clock Delay (DCD):    2.714ns = ( 34.714 - 32.000 ) 
    Source Clock Delay      (SCD):    2.943ns
    Clock Pessimism Removal (CPR):    0.129ns
  Clock Uncertainty:      0.481ns  ((TSJ^2 + TIJ^2)^1/2 + DJ) / 2 + PE
    Total System Jitter     (TSJ):    0.071ns
    Total Input Jitter      (TIJ):    0.960ns
    Discrete Jitter          (DJ):    0.000ns
    Phase Error              (PE):    0.000ns

    Location             Delay type                Incr(ns)  Path(ns)    Netlist Resource(s)
  -------------------------------------------------------------------    -------------------
                         (clock clk_fpga_0 rise edge)
                                                      0.000     0.000 r  
    PS7_X0Y0             PS7                          0.000     0.000 r  aster_linux_i/ps7/inst/PS7_i/FCLKCLK[0]
                         net (fo=1, routed)           1.193     1.193    aster_linux_i/ps7/inst/FCLK_CLK_unbuffered[0]
    BUFGCTRL_X0Y16       BUFG (Prop_bufg_I_O)         0.101     1.294 r  aster_linux_i/ps7/inst/buffer_fclk_clk_0.FCLK_CLK_0_BUFG/O
                         net (fo=19923, routed)       1.649     2.943    aster_linux_i/aster/inst/implementation/g_coherent.soc/cache/aclk
    SLICE_X45Y89         FDRE                                         r  aster_linux_i/aster/inst/implementation/g_coherent.soc/cache/flush_position_reg[5]/C
  -------------------------------------------------------------------    -------------------
    SLICE_X45Y89         FDRE (Prop_fdre_C_Q)         0.456     3.399 r  aster_linux_i/aster/inst/implementation/g_coherent.soc/cache/flush_position_reg[5]/Q
                         net (fo=46, routed)          0.939     4.338    aster_linux_i/aster/inst/implementation/g_coherent.soc/cache/flush_position_reg_n_0_[5]
    SLICE_X41Y95         LUT2 (Prop_lut2_I0_O)        0.124     4.462 r  aster_linux_i/aster/inst/implementation/g_coherent.soc/cache/a_base[3]_i_165/O
                         net (fo=136, routed)         1.826     6.288    aster_linux_i/aster/inst/implementation/g_coherent.soc/cache/a_base[3]_i_165_n_0
    SLICE_X60Y72         LUT6 (Prop_lut6_I4_O)        0.124     6.412 r  aster_linux_i/aster/inst/implementation/g_coherent.soc/cache/g_program.memory_reg_0_0_i_540/O
                         net (fo=1, routed)           0.674     7.086    aster_linux_i/aster/inst/implementation/g_coherent.soc/cache/g_program.memory_reg_0_0_i_540_n_0
    SLICE_X60Y72         LUT6 (Prop_lut6_I1_O)        0.124     7.210 f  aster_linux_i/aster/inst/implementation/g_coherent.soc/cache/g_program.memory_reg_0_0_i_367/O
                         net (fo=1, routed)           0.582     7.792    aster_linux_i/aster/inst/implementation/g_coherent.soc/cache/g_program.memory_reg_0_0_i_367_n_0
    SLICE_X59Y72         LUT5 (Prop_lut5_I2_O)        0.150     7.942 r  aster_linux_i/aster/inst/implementation/g_coherent.soc/cache/g_program.memory_reg_0_0_i_189/O
                         net (fo=1, routed)           0.621     8.563    aster_linux_i/aster/inst/implementation/g_coherent.soc/cache/g_program.memory_reg_0_0_i_189_n_0
    SLICE_X54Y73         LUT6 (Prop_lut6_I0_O)        0.326     8.889 r  aster_linux_i/aster/inst/implementation/g_coherent.soc/cache/g_program.memory_reg_0_0_i_90/O
                         net (fo=1, routed)           1.019     9.908    aster_linux_i/aster/inst/implementation/g_coherent.soc/cache/g_program.memory_reg_0_0_i_90_n_0
    SLICE_X49Y74         LUT6 (Prop_lut6_I3_O)        0.124    10.032 r  aster_linux_i/aster/inst/implementation/g_coherent.soc/cache/g_program.memory_reg_0_0_i_39/O
                         net (fo=1, routed)           0.000    10.032    aster_linux_i/aster/inst/implementation/g_coherent.soc/cache/p_0_out_1[6]
    SLICE_X49Y74         CARRY4 (Prop_carry4_S[1]_CO[3])
                                                      0.550    10.582 r  aster_linux_i/aster/inst/implementation/g_coherent.soc/cache/g_program.memory_reg_0_0_i_26/CO[3]
                         net (fo=1, routed)           0.009    10.591    aster_linux_i/aster/inst/implementation/g_coherent.soc/cache/g_program.memory_reg_0_0_i_26_n_0
    SLICE_X49Y75         CARRY4 (Prop_carry4_CI_CO[3])
                                                      0.114    10.705 r  aster_linux_i/aster/inst/implementation/g_coherent.soc/cache/g_program.memory_reg_0_0_i_25/CO[3]
                         net (fo=1, routed)           0.000    10.705    aster_linux_i/aster/inst/implementation/g_coherent.soc/cache/g_program.memory_reg_0_0_i_25_n_0
    SLICE_X49Y76         CARRY4 (Prop_carry4_CI_CO[3])
                                                      0.114    10.819 r  aster_linux_i/aster/inst/implementation/g_coherent.soc/cache/g_program.memory_reg_0_0_i_24/CO[3]
                         net (fo=1, routed)           0.000    10.819    aster_linux_i/aster/inst/implementation/g_coherent.soc/cache/g_program.memory_reg_0_0_i_24_n_0
    SLICE_X49Y77         CARRY4 (Prop_carry4_CI_CO[3])
                                                      0.114    10.933 r  aster_linux_i/aster/inst/implementation/g_coherent.soc/cache/offset_carry__1_i_9/CO[3]
                         net (fo=1, routed)           0.000    10.933    aster_linux_i/aster/inst/implementation/g_coherent.soc/cache/offset_carry__1_i_9_n_0
    SLICE_X49Y78         CARRY4 (Prop_carry4_CI_CO[3])
                                                      0.114    11.047 r  aster_linux_i/aster/inst/implementation/g_coherent.soc/cache/offset_carry__2_i_9/CO[3]
                         net (fo=1, routed)           0.000    11.047    aster_linux_i/aster/inst/implementation/g_coherent.soc/cache/offset_carry__2_i_9_n_0
    SLICE_X49Y79         CARRY4 (Prop_carry4_CI_CO[3])
                                                      0.114    11.161 r  aster_linux_i/aster/inst/implementation/g_coherent.soc/cache/offset_carry__3_i_9/CO[3]
                         net (fo=1, routed)           0.000    11.161    aster_linux_i/aster/inst/implementation/g_coherent.soc/cache/offset_carry__3_i_9_n_0
    SLICE_X49Y80         CARRY4 (Prop_carry4_CI_O[1])
                                                      0.334    11.495 r  aster_linux_i/aster/inst/implementation/g_coherent.soc/cache/offset_carry__4_i_8/O[1]
                         net (fo=5, routed)           1.209    12.704    aster_linux_i/aster/inst/implementation/g_coherent.soc/cache/p_0_in__1[30]
    SLICE_X42Y72         LUT3 (Prop_lut3_I0_O)        0.329    13.033 f  aster_linux_i/aster/inst/implementation/g_coherent.soc/cache/offset_carry__4_i_9/O
                         net (fo=24, routed)          1.343    14.375    aster_linux_i/aster/inst/implementation/g_coherent.soc/cache/compare[63]_i_51_n_0
    SLICE_X43Y65         LUT4 (Prop_lut4_I2_O)        0.356    14.731 f  aster_linux_i/aster/inst/implementation/g_coherent.soc/cache/i___928_i_20/O
                         net (fo=1, routed)           0.436    15.168    aster_linux_i/aster/inst/implementation/g_coherent.soc/cache/i___928_i_20_n_0
    SLICE_X43Y65         LUT6 (Prop_lut6_I3_O)        0.326    15.494 r  aster_linux_i/aster/inst/implementation/g_coherent.soc/cache/i___928_i_12/O
                         net (fo=6, routed)           0.655    16.149    aster_linux_i/aster/inst/implementation/g_coherent.soc/cache/i___928_i_12_n_0
    SLICE_X43Y64         LUT2 (Prop_lut2_I0_O)        0.124    16.273 r  aster_linux_i/aster/inst/implementation/g_coherent.soc/cache/i___928_i_2/O
                         net (fo=37, routed)          0.802    17.075    aster_linux_i/aster/inst/implementation/g_coherent.soc/g_npu.npu/req_valid0
    SLICE_X44Y55         LUT3 (Prop_lut3_I1_O)        0.124    17.199 f  aster_linux_i/aster/inst/implementation/g_coherent.soc/g_npu.npu/i___534_i_8/O
                         net (fo=5, routed)           1.695    18.894    aster_linux_i/aster/inst/implementation/g_coherent.soc/g_npu.npu/i___534_i_8_n_0
    SLICE_X47Y27         LUT5 (Prop_lut5_I1_O)        0.124    19.018 f  aster_linux_i/aster/inst/implementation/g_coherent.soc/g_npu.npu/i___534_i_2/O
                         net (fo=4, routed)           0.647    19.664    aster_linux_i/aster/inst/implementation/g_coherent.soc/g_npu.npu/engine/i___496_i_2_0
    SLICE_X49Y24         LUT6 (Prop_lut6_I2_O)        0.124    19.788 f  aster_linux_i/aster/inst/implementation/g_coherent.soc/g_npu.npu/engine/i___496_i_6/O
                         net (fo=1, routed)           0.445    20.233    aster_linux_i/aster/inst/implementation/g_coherent.soc/g_npu.npu/engine/i___496_i_6_n_0
    SLICE_X49Y22         LUT6 (Prop_lut6_I1_O)        0.124    20.357 f  aster_linux_i/aster/inst/implementation/g_coherent.soc/g_npu.npu/engine/i___496_i_2/O
                         net (fo=18, routed)          1.783    22.140    aster_linux_i/aster/inst/implementation/g_coherent.soc/g_dma.g_dma_npu_arbiter.arbiter/npu_m_valid
    SLICE_X62Y55         LUT6 (Prop_lut6_I4_O)        0.124    22.264 r  aster_linux_i/aster/inst/implementation/g_coherent.soc/g_dma.g_dma_npu_arbiter.arbiter/i___496_i_9/O
                         net (fo=40, routed)          0.522    22.786    aster_linux_i/aster/inst/implementation/g_coherent.soc/g_dma.g_dma_npu_arbiter.arbiter/FSM_sequential_state_reg[0]_0
    SLICE_X62Y57         LUT3 (Prop_lut3_I0_O)        0.116    22.902 r  aster_linux_i/aster/inst/implementation/g_coherent.soc/g_dma.g_dma_npu_arbiter.arbiter/write_data[31]_i_85/O
                         net (fo=88, routed)          1.056    23.958    aster_linux_i/aster/inst/implementation/g_coherent.soc/fabric/write_data_reg[31]_i_28
    SLICE_X66Y55         LUT5 (Prop_lut5_I4_O)        0.328    24.286 r  aster_linux_i/aster/inst/implementation/g_coherent.soc/fabric/write_data[31]_i_155/O
                         net (fo=1, routed)           0.000    24.286    aster_linux_i/aster/inst/implementation/g_coherent.soc/cache/write_data_reg[31]_i_76_0[0]
    SLICE_X66Y55         CARRY4 (Prop_carry4_S[0]_CO[3])
                                                      0.513    24.799 r  aster_linux_i/aster/inst/implementation/g_coherent.soc/cache/write_data_reg[31]_i_113/CO[3]
                         net (fo=1, routed)           0.000    24.799    aster_linux_i/aster/inst/implementation/g_coherent.soc/cache/write_data_reg[31]_i_113_n_0
    SLICE_X66Y56         CARRY4 (Prop_carry4_CI_CO[3])
                                                      0.117    24.916 r  aster_linux_i/aster/inst/implementation/g_coherent.soc/cache/write_data_reg[31]_i_76/CO[3]
                         net (fo=1, routed)           0.000    24.916    aster_linux_i/aster/inst/implementation/g_coherent.soc/cache/write_data_reg[31]_i_76_n_0
    SLICE_X66Y57         CARRY4 (Prop_carry4_CI_CO[3])
                                                      0.117    25.033 r  aster_linux_i/aster/inst/implementation/g_coherent.soc/cache/write_data_reg[31]_i_40/CO[3]
                         net (fo=1, routed)           0.000    25.033    aster_linux_i/aster/inst/implementation/g_coherent.soc/cache/write_data_reg[31]_i_40_n_0
    SLICE_X66Y58         CARRY4 (Prop_carry4_CI_CO[3])
                                                      0.117    25.150 f  aster_linux_i/aster/inst/implementation/g_coherent.soc/cache/write_data_reg[31]_i_28/CO[3]
                         net (fo=2, routed)           0.918    26.069    aster_linux_i/aster/inst/implementation/g_coherent.soc/fabric/write_data[0]_i_2_0[0]
    SLICE_X62Y58         LUT5 (Prop_lut5_I4_O)        0.150    26.219 r  aster_linux_i/aster/inst/implementation/g_coherent.soc/fabric/write_data[31]_i_21/O
                         net (fo=32, routed)          1.584    27.803    aster_linux_i/aster/inst/implementation/g_coherent.soc/fabric/write_data[31]_i_21_n_0
    SLICE_X80Y65         LUT6 (Prop_lut6_I2_O)        0.328    28.131 r  aster_linux_i/aster/inst/implementation/g_coherent.soc/fabric/write_data[28]_i_2/O
                         net (fo=1, routed)           0.946    29.077    aster_linux_i/aster/inst/implementation/g_coherent.soc/fabric/write_data[28]_i_2_n_0
    SLICE_X67Y65         LUT6 (Prop_lut6_I0_O)        0.124    29.201 r  aster_linux_i/aster/inst/implementation/g_coherent.soc/fabric/write_data[28]_i_1/O
                         net (fo=1, routed)           0.000    29.201    aster_linux_i/aster/inst/implementation/g_coherent.soc/fabric/write_data[28]_i_1_n_0
    SLICE_X67Y65         FDRE                                         r  aster_linux_i/aster/inst/implementation/g_coherent.soc/fabric/write_data_reg[28]/D
  -------------------------------------------------------------------    -------------------

                         (clock clk_fpga_0 rise edge)
                                                     32.000    32.000 r  
    PS7_X0Y0             PS7                          0.000    32.000 r  aster_linux_i/ps7/inst/PS7_i/FCLKCLK[0]
                         net (fo=1, routed)           1.088    33.088    aster_linux_i/ps7/inst/FCLK_CLK_unbuffered[0]
    BUFGCTRL_X0Y16       BUFG (Prop_bufg_I_O)         0.091    33.179 r  aster_linux_i/ps7/inst/buffer_fclk_clk_0.FCLK_CLK_0_BUFG/O
                         net (fo=19923, routed)       1.535    34.714    aster_linux_i/aster/inst/implementation/g_coherent.soc/fabric/aclk
    SLICE_X67Y65         FDRE                                         r  aster_linux_i/aster/inst/implementation/g_coherent.soc/fabric/write_data_reg[28]/C
                         clock pessimism              0.129    34.843    
                         clock uncertainty           -0.481    34.361    
    SLICE_X67Y65         FDRE (Setup_fdre_C_D)        0.031    34.392    aster_linux_i/aster/inst/implementation/g_coherent.soc/fabric/write_data_reg[28]
  -------------------------------------------------------------------
                         required time                         34.392    
                         arrival time                         -29.201    
  -------------------------------------------------------------------
                         slack                                  5.192    





Min Delay Paths
--------------------------------------------------------------------------------------
Slack (MET) :             0.024ns  (arrival time - required time)
  Source:                 aster_linux_i/aster/inst/implementation/g_coherent.soc/g_dma.engine/m_addr_reg[20]/C
                            (rising edge-triggered cell FDRE clocked by clk_fpga_0  {rise@0.000ns fall@16.000ns period=32.000ns})
  Destination:            aster_linux_i/aster/inst/implementation/g_coherent.soc/cache/address_reg[20]/D
                            (rising edge-triggered cell FDRE clocked by clk_fpga_0  {rise@0.000ns fall@16.000ns period=32.000ns})
  Path Group:             clk_fpga_0
  Path Type:              Hold (Min at Fast Process Corner)
  Requirement:            0.000ns  (clk_fpga_0 rise@0.000ns - clk_fpga_0 rise@0.000ns)
  Data Path Delay:        0.379ns  (logic 0.186ns (49.060%)  route 0.193ns (50.940%))
  Logic Levels:           1  (LUT5=1)
  Clock Path Skew:        0.264ns (DCD - SCD - CPR)
    Destination Clock Delay (DCD):    1.183ns
    Source Clock Delay      (SCD):    0.884ns
    Clock Pessimism Removal (CPR):    0.035ns

    Location             Delay type                Incr(ns)  Path(ns)    Netlist Resource(s)
  -------------------------------------------------------------------    -------------------
                         (clock clk_fpga_0 rise edge)
                                                      0.000     0.000 r  
    PS7_X0Y0             PS7                          0.000     0.000 r  aster_linux_i/ps7/inst/PS7_i/FCLKCLK[0]
                         net (fo=1, routed)           0.310     0.310    aster_linux_i/ps7/inst/FCLK_CLK_unbuffered[0]
    BUFGCTRL_X0Y16       BUFG (Prop_bufg_I_O)         0.026     0.336 r  aster_linux_i/ps7/inst/buffer_fclk_clk_0.FCLK_CLK_0_BUFG/O
                         net (fo=19923, routed)       0.548     0.884    aster_linux_i/aster/inst/implementation/g_coherent.soc/g_dma.engine/aclk
    SLICE_X52Y65         FDRE                                         r  aster_linux_i/aster/inst/implementation/g_coherent.soc/g_dma.engine/m_addr_reg[20]/C
  -------------------------------------------------------------------    -------------------
    SLICE_X52Y65         FDRE (Prop_fdre_C_Q)         0.141     1.025 r  aster_linux_i/aster/inst/implementation/g_coherent.soc/g_dma.engine/m_addr_reg[20]/Q
                         net (fo=1, routed)           0.193     1.218    aster_linux_i/aster/inst/implementation/g_coherent.soc/g_dma.g_dma_npu_arbiter.arbiter/address_reg[31]_0[18]
    SLICE_X49Y66         LUT5 (Prop_lut5_I4_O)        0.045     1.263 r  aster_linux_i/aster/inst/implementation/g_coherent.soc/g_dma.g_dma_npu_arbiter.arbiter/address[20]_i_1/O
                         net (fo=1, routed)           0.000     1.263    aster_linux_i/aster/inst/implementation/g_coherent.soc/cache/s_addr[20]
    SLICE_X49Y66         FDRE                                         r  aster_linux_i/aster/inst/implementation/g_coherent.soc/cache/address_reg[20]/D
  -------------------------------------------------------------------    -------------------

                         (clock clk_fpga_0 rise edge)
                                                      0.000     0.000 r  
    PS7_X0Y0             PS7                          0.000     0.000 r  aster_linux_i/ps7/inst/PS7_i/FCLKCLK[0]
                         net (fo=1, routed)           0.337     0.337    aster_linux_i/ps7/inst/FCLK_CLK_unbuffered[0]
    BUFGCTRL_X0Y16       BUFG (Prop_bufg_I_O)         0.029     0.366 r  aster_linux_i/ps7/inst/buffer_fclk_clk_0.FCLK_CLK_0_BUFG/O
                         net (fo=19923, routed)       0.817     1.183    aster_linux_i/aster/inst/implementation/g_coherent.soc/cache/aclk
    SLICE_X49Y66         FDRE                                         r  aster_linux_i/aster/inst/implementation/g_coherent.soc/cache/address_reg[20]/C
                         clock pessimism             -0.035     1.148    
    SLICE_X49Y66         FDRE (Hold_fdre_C_D)         0.091     1.239    aster_linux_i/aster/inst/implementation/g_coherent.soc/cache/address_reg[20]
  -------------------------------------------------------------------
                         required time                         -1.239    
                         arrival time                           1.263    
  -------------------------------------------------------------------
                         slack                                  0.024    





Pulse Width Checks
--------------------------------------------------------------------------------------
Clock Name:         clk_fpga_0
Waveform(ns):       { 0.000 16.000 }
Period(ns):         32.000
Sources:            { aster_linux_i/ps7/inst/PS7_i/FCLKCLK[0] }

Check Type        Corner  Lib Pin             Reference Pin  Required(ns)  Actual(ns)  Slack(ns)  Location      Pin
Min Period        n/a     RAMB36E1/CLKARDCLK  n/a            2.944         32.000      29.056     RAMB36_X1Y6   aster_linux_i/aster/inst/implementation/g_coherent.soc/ram/g_sync_read.memory_reg_0_0/CLKARDCLK
Low Pulse Width   Slow    RAMD64E/CLK         n/a            1.250         16.000      14.750     SLICE_X18Y46  aster_linux_i/aster/inst/implementation/fifo_reg_0_63_0_2/RAMA/CLK
High Pulse Width  Slow    RAMD64E/CLK         n/a            1.250         16.000      14.750     SLICE_X18Y46  aster_linux_i/aster/inst/implementation/fifo_reg_0_63_0_2/RAMA/CLK



