mkdir -p build/phase2-clean/check
mkdir -p build/phase2-clean/check/software
OK   verilator                      /home/elfo/tools/verilator/usr/bin/verilator
OK   python3                        /usr/bin/python3
OK   make                           /usr/bin/make
OK   riscv32-unknown-elf-gcc        /home/elfo/tools/riscv/bin/riscv32-unknown-elf-gcc
mkdir -p build/phase2-clean/check/soc_l11_sync0_wait0_w4_n16
OK   riscv32-unknown-elf-objcopy    /home/elfo/tools/riscv/bin/riscv32-unknown-elf-objcopy
OK   riscv32-unknown-elf-objdump    /home/elfo/tools/riscv/bin/riscv32-unknown-elf-objdump
Aster Phase 0 toolchain is available.
riscv32-unknown-elf-gcc -march=rv32im -mabi=ilp32 -nostdlib -nostartfiles -nodefaultlibs -ffreestanding -Wall -Wextra -Werror -O2 -fno-pic -fno-stack-protector -msmall-data-limit=0 -Isoftware/runtime -T software/boot/link.ld -o build/phase2-clean/check/software/runtime.elf software/runtime/start.S software/tests/runtime.c
verilator --cc --exe --build --timing --Wall --Wno-fatal \
	-DRISCV_FORMAL --Wno-DECLFILENAME --Wno-GENUNNAMED --Wno-UNUSEDSIGNAL --Wno-BLKSEQ --top-module aster_minimal \
	"-GENABLE_L1=1'b1" "-GSYNC_MEMORY=1'b0" \
	-GMEMORY_WAIT_CYCLES=0 -GL1_LINE_WORDS=4 -GL1_LINE_COUNT=16 \
	--Mdir build/phase2-clean/check/soc_l11_sync0_wait0_w4_n16/obj -o /home/elfo/Documents/Aster/build/phase2-clean/check/soc_l11_sync0_wait0_w4_n16/aster_soc_sim \
	/home/elfo/Documents/Aster/rtl/core/aster_picorv32.sv /home/elfo/Documents/Aster/vendor/picorv32/picorv32.v /home/elfo/Documents/Aster/rtl/cache/aster_l1_cache.sv /home/elfo/Documents/Aster/rtl/memory/aster_rom.sv /home/elfo/Documents/Aster/rtl/memory/aster_ram.sv /home/elfo/Documents/Aster/rtl/peripherals/aster_uart.sv /home/elfo/Documents/Aster/rtl/peripherals/aster_perf_counters.sv /home/elfo/Documents/Aster/rtl/soc/aster_minimal.sv \
	/home/elfo/Documents/Aster/verification/soc/tb_aster_soc.cpp
riscv32-unknown-elf-gcc -march=rv32im -mabi=ilp32 -nostdlib -nostartfiles -nodefaultlibs -ffreestanding -Wall -Wextra -Werror -O2 -fno-pic -fno-stack-protector -msmall-data-limit=0 -Isoftware/runtime -T software/boot/link.ld -o build/phase2-clean/check/software/memory_map.elf software/runtime/start.S software/tests/memory_map.c
make[1]: warning: jobserver unavailable: using -j1.  Add '+' to parent make rule.
make[1]: Entering directory '/home/elfo/Documents/Aster/build/phase2-clean/check/soc_l11_sync0_wait0_w4_n16/obj'
g++  -I.  -MMD -I/home/elfo/tools/verilator/root/include -I/home/elfo/tools/verilator/root/include/vltstd -DVM_COVERAGE=0 -DVM_SC=0 -DVM_TRACE=0 -DVM_TRACE_FST=0 -DVM_TRACE_VCD=0 -faligned-new -fcf-protection=none -Wno-bool-operation -Wno-overloaded-virtual -Wno-shadow -Wno-sign-compare -Wno-uninitialized -Wno-unused-but-set-parameter -Wno-unused-but-set-variable -Wno-unused-parameter -Wno-unused-variable       -Os -c -o tb_aster_soc.o /home/elfo/Documents/Aster/verification/soc/tb_aster_soc.cpp
riscv32-unknown-elf-gcc -march=rv32im -mabi=ilp32 -nostdlib -ffreestanding -DTRAP_CASE=0 -T software/tests/link_directed.ld -o build/phase2-clean/check/software/trap_0.elf software/tests/traps.S
riscv32-unknown-elf-gcc -march=rv32im -mabi=ilp32 -nostdlib -ffreestanding -DTRAP_CASE=1 -T software/tests/link_directed.ld -o build/phase2-clean/check/software/trap_1.elf software/tests/traps.S
riscv32-unknown-elf-gcc -march=rv32im -mabi=ilp32 -nostdlib -ffreestanding -DTRAP_CASE=2 -T software/tests/link_directed.ld -o build/phase2-clean/check/software/trap_2.elf software/tests/traps.S
riscv32-unknown-elf-gcc -march=rv32im -mabi=ilp32 -nostdlib -ffreestanding -DTRAP_CASE=3 -T software/tests/link_directed.ld -o build/phase2-clean/check/software/trap_3.elf software/tests/traps.S
riscv32-unknown-elf-gcc -march=rv32im -mabi=ilp32 -nostdlib -ffreestanding -DTRAP_CASE=4 -T software/tests/link_directed.ld -o build/phase2-clean/check/software/trap_4.elf software/tests/traps.S
riscv32-unknown-elf-gcc -march=rv32im -mabi=ilp32 -nostdlib -ffreestanding -DTRAP_CASE=5 -T software/tests/link_directed.ld -o build/phase2-clean/check/software/trap_5.elf software/tests/traps.S
riscv32-unknown-elf-gcc -march=rv32im -mabi=ilp32 -nostdlib -ffreestanding -DTRAP_CASE=6 -T software/tests/link_directed.ld -o build/phase2-clean/check/software/trap_6.elf software/tests/traps.S
riscv32-unknown-elf-gcc -march=rv32im -mabi=ilp32 -nostdlib -ffreestanding -DTRAP_CASE=7 -T software/tests/link_directed.ld -o build/phase2-clean/check/software/trap_7.elf software/tests/traps.S
riscv32-unknown-elf-gcc -march=rv32im -mabi=ilp32 -nostdlib -ffreestanding -DTRAP_CASE=8 -T software/tests/link_directed.ld -o build/phase2-clean/check/software/trap_8.elf software/tests/traps.S
riscv32-unknown-elf-gcc -march=rv32im -mabi=ilp32 -nostdlib -ffreestanding -DTRAP_CASE=9 -T software/tests/link_directed.ld -o build/phase2-clean/check/software/trap_9.elf software/tests/traps.S
riscv32-unknown-elf-gcc -march=rv32im -mabi=ilp32 -nostdlib -ffreestanding -DTRAP_CASE=10 -T software/tests/link_directed.ld -o build/phase2-clean/check/software/trap_10.elf software/tests/traps.S
riscv32-unknown-elf-gcc -march=rv32im -mabi=ilp32 -nostdlib -ffreestanding -DTRAP_CASE=11 -T software/tests/link_directed.ld -o build/phase2-clean/check/software/trap_11.elf software/tests/traps.S
test_board_output_validation_uses_strict_parser (test_asterbench.ResultProvenance.test_board_output_validation_uses_strict_parser) ... ok
test_comparison_contract (test_asterbench.ResultProvenance.test_comparison_contract) ... ok
test_required_provenance (test_asterbench.ResultProvenance.test_required_provenance) ... ok
test_serial_and_typed_record_must_agree (test_asterbench.ResultProvenance.test_serial_and_typed_record_must_agree) ... ok
test_common_corpus (test_asterbench.StrictRecords.test_common_corpus) ... g++ -Os  -I.  -MMD -I/home/elfo/tools/verilator/root/include -I/home/elfo/tools/verilator/root/include/vltstd -DVM_COVERAGE=0 -DVM_SC=0 -DVM_TRACE=0 -DVM_TRACE_FST=0 -DVM_TRACE_VCD=0 -faligned-new -fcf-protection=none -Wno-bool-operation -Wno-overloaded-virtual -Wno-shadow -Wno-sign-compare -Wno-uninitialized -Wno-unused-but-set-parameter -Wno-unused-but-set-variable -Wno-unused-parameter -Wno-unused-variable       -c -o verilated.o /home/elfo/tools/verilator/root/include/verilated.cpp
g++ -Os  -I.  -MMD -I/home/elfo/tools/verilator/root/include -I/home/elfo/tools/verilator/root/include/vltstd -DVM_COVERAGE=0 -DVM_SC=0 -DVM_TRACE=0 -DVM_TRACE_FST=0 -DVM_TRACE_VCD=0 -faligned-new -fcf-protection=none -Wno-bool-operation -Wno-overloaded-virtual -Wno-shadow -Wno-sign-compare -Wno-uninitialized -Wno-unused-but-set-parameter -Wno-unused-but-set-variable -Wno-unused-parameter -Wno-unused-variable       -c -o verilated_threads.o /home/elfo/tools/verilator/root/include/verilated_threads.cpp
ok
test_bad_options_and_known_references (test_cache_experiments.CacheExperiments.test_bad_options_and_known_references) ... ok
test_missing_experiment_rejected (test_cache_experiments.CacheExperiments.test_missing_experiment_rejected) ... ok
test_pattern_kernels_and_data_addresses_match (test_cache_experiments.CacheExperiments.test_pattern_kernels_and_data_addresses_match) ... make[1]: warning: jobserver unavailable: using -j1.  Add '+' to parent make rule.
make[1]: warning: jobserver unavailable: using -j1.  Add '+' to parent make rule.
make[1]: warning: jobserver unavailable: using -j1.  Add '+' to parent make rule.
make[1]: warning: jobserver unavailable: using -j1.  Add '+' to parent make rule.
/usr/bin/python3 /home/elfo/tools/verilator/root/bin/verilator_includer -DVL_INCLUDE_OPT=include Vaster_minimal.cpp Vaster_minimal___024root__DepSet_h32747b0f__0.cpp Vaster_minimal___024root__DepSet_h1d8fc093__0.cpp Vaster_minimal___024root__Slow.cpp Vaster_minimal___024root__DepSet_h32747b0f__0__Slow.cpp Vaster_minimal___024root__DepSet_h1d8fc093__0__Slow.cpp Vaster_minimal__Syms.cpp > Vaster_minimal__ALL.cpp
g++ -Os  -I.  -MMD -I/home/elfo/tools/verilator/root/include -I/home/elfo/tools/verilator/root/include/vltstd -DVM_COVERAGE=0 -DVM_SC=0 -DVM_TRACE=0 -DVM_TRACE_FST=0 -DVM_TRACE_VCD=0 -faligned-new -fcf-protection=none -Wno-bool-operation -Wno-overloaded-virtual -Wno-shadow -Wno-sign-compare -Wno-uninitialized -Wno-unused-but-set-parameter -Wno-unused-but-set-variable -Wno-unused-parameter -Wno-unused-variable       -c -o Vaster_minimal__ALL.o Vaster_minimal__ALL.cpp
make[1]: warning: jobserver unavailable: using -j1.  Add '+' to parent make rule.
make[1]: warning: jobserver unavailable: using -j1.  Add '+' to parent make rule.
make[1]: warning: jobserver unavailable: using -j1.  Add '+' to parent make rule.
make[1]: warning: jobserver unavailable: using -j1.  Add '+' to parent make rule.
make[1]: warning: jobserver unavailable: using -j1.  Add '+' to parent make rule.
make[1]: warning: jobserver unavailable: using -j1.  Add '+' to parent make rule.
make[1]: warning: jobserver unavailable: using -j1.  Add '+' to parent make rule.
make[1]: warning: jobserver unavailable: using -j1.  Add '+' to parent make rule.
make[1]: warning: jobserver unavailable: using -j1.  Add '+' to parent make rule.
make[1]: warning: jobserver unavailable: using -j1.  Add '+' to parent make rule.
echo "" > Vaster_minimal__ALL.verilator_deplist.tmp
Archive ar -rcs Vaster_minimal__ALL.a Vaster_minimal__ALL.o
g++     tb_aster_soc.o verilated.o verilated_threads.o Vaster_minimal__ALL.a    -pthread -lpthread -latomic   -o /home/elfo/Documents/Aster/build/phase2-clean/check/soc_l11_sync0_wait0_w4_n16/aster_soc_sim
rm Vaster_minimal__ALL.verilator_deplist.tmp
make[1]: Leaving directory '/home/elfo/Documents/Aster/build/phase2-clean/check/soc_l11_sync0_wait0_w4_n16/obj'
python3 scripts/gen_rv32im_vectors.py build/phase2-clean/check/software/rv32im_vectors.inc
make[1]: warning: jobserver unavailable: using -j1.  Add '+' to parent make rule.
Generated 1584 RV32IM vector groups, seed=42366
python3 scripts/elf_to_hex.py --rom-bytes 65536 build/phase2-clean/check/software/runtime.elf build/phase2-clean/check/software/runtime.hex
python3 scripts/elf_to_hex.py --rom-bytes 65536 build/phase2-clean/check/software/memory_map.elf build/phase2-clean/check/software/memory_map.hex
python3 scripts/elf_to_hex.py --rom-bytes 65536 build/phase2-clean/check/software/trap_0.elf build/phase2-clean/check/software/trap_0.hex
make[1]: warning: jobserver unavailable: using -j1.  Add '+' to parent make rule.
python3 scripts/elf_to_hex.py --rom-bytes 65536 build/phase2-clean/check/software/trap_1.elf build/phase2-clean/check/software/trap_1.hex
python3 scripts/elf_to_hex.py --rom-bytes 65536 build/phase2-clean/check/software/trap_2.elf build/phase2-clean/check/software/trap_2.hex
python3 scripts/elf_to_hex.py --rom-bytes 65536 build/phase2-clean/check/software/trap_3.elf build/phase2-clean/check/software/trap_3.hex
python3 scripts/elf_to_hex.py --rom-bytes 65536 build/phase2-clean/check/software/trap_4.elf build/phase2-clean/check/software/trap_4.hex
make[1]: warning: jobserver unavailable: using -j1.  Add '+' to parent make rule.
python3 scripts/elf_to_hex.py --rom-bytes 65536 build/phase2-clean/check/software/trap_5.elf build/phase2-clean/check/software/trap_5.hex
python3 scripts/elf_to_hex.py --rom-bytes 65536 build/phase2-clean/check/software/trap_6.elf build/phase2-clean/check/software/trap_6.hex
python3 scripts/elf_to_hex.py --rom-bytes 65536 build/phase2-clean/check/software/trap_7.elf build/phase2-clean/check/software/trap_7.hex
make[1]: warning: jobserver unavailable: using -j1.  Add '+' to parent make rule.
python3 scripts/elf_to_hex.py --rom-bytes 65536 build/phase2-clean/check/software/trap_8.elf build/phase2-clean/check/software/trap_8.hex
python3 scripts/elf_to_hex.py --rom-bytes 65536 build/phase2-clean/check/software/trap_9.elf build/phase2-clean/check/software/trap_9.hex
python3 scripts/elf_to_hex.py --rom-bytes 65536 build/phase2-clean/check/software/trap_10.elf build/phase2-clean/check/software/trap_10.hex
python3 scripts/elf_to_hex.py --rom-bytes 65536 build/phase2-clean/check/software/trap_11.elf build/phase2-clean/check/software/trap_11.hex
make[1]: warning: jobserver unavailable: using -j1.  Add '+' to parent make rule.
riscv32-unknown-elf-gcc -march=rv32im -mabi=ilp32 -nostdlib -nostartfiles -nodefaultlibs -ffreestanding -Wall -Wextra -Werror -O2 -fno-pic -fno-stack-protector -msmall-data-limit=0 -Isoftware/runtime -c -o build/phase2-clean/check/software/start.o software/runtime/start.S
riscv32-unknown-elf-gcc -march=rv32im -mabi=ilp32 -nostdlib -nostartfiles -nodefaultlibs -ffreestanding -Wall -Wextra -Werror -O2 -fno-pic -fno-stack-protector -msmall-data-limit=0 -Isoftware/runtime -c -o build/phase2-clean/check/software/hello.o software/boot/hello.c
mkdir -p build/phase2-clean/check/software/bench_memcpy_w64_r4_s0x13570000
mkdir -p build/phase2-clean/check/bench_l11_sync0_wait0_w4_n16
verilator --cc --exe --build --timing --Wall --Wno-fatal \
	-DRISCV_FORMAL --Wno-DECLFILENAME --Wno-GENUNNAMED --Wno-UNUSEDSIGNAL --Wno-BLKSEQ \
	--top-module aster_minimal \
	"-GENABLE_L1=1'b1" "-GSYNC_MEMORY=1'b0" \
	-GMEMORY_WAIT_CYCLES=0 -GL1_LINE_WORDS=4 -GL1_LINE_COUNT=16 \
	--Mdir build/phase2-clean/check/bench_l11_sync0_wait0_w4_n16/obj \
	-o /home/elfo/Documents/Aster/build/phase2-clean/check/bench_l11_sync0_wait0_w4_n16/asterbench_sim \
	/home/elfo/Documents/Aster/rtl/core/aster_picorv32.sv /home/elfo/Documents/Aster/vendor/picorv32/picorv32.v /home/elfo/Documents/Aster/rtl/cache/aster_l1_cache.sv \
	/home/elfo/Documents/Aster/rtl/memory/aster_rom.sv /home/elfo/Documents/Aster/rtl/memory/aster_ram.sv \
	/home/elfo/Documents/Aster/rtl/peripherals/aster_uart.sv /home/elfo/Documents/Aster/rtl/peripherals/aster_perf_counters.sv /home/elfo/Documents/Aster/rtl/soc/aster_minimal.sv \
	/home/elfo/Documents/Aster/verification/soc/tb_asterbench.cpp
make[1]: warning: jobserver unavailable: using -j1.  Add '+' to parent make rule.
make[1]: warning: jobserver unavailable: using -j1.  Add '+' to parent make rule.
make[1]: Entering directory '/home/elfo/Documents/Aster/build/phase2-clean/check/bench_l11_sync0_wait0_w4_n16/obj'
g++  -I.  -MMD -I/home/elfo/tools/verilator/root/include -I/home/elfo/tools/verilator/root/include/vltstd -DVM_COVERAGE=0 -DVM_SC=0 -DVM_TRACE=0 -DVM_TRACE_FST=0 -DVM_TRACE_VCD=0 -faligned-new -fcf-protection=none -Wno-bool-operation -Wno-overloaded-virtual -Wno-shadow -Wno-sign-compare -Wno-uninitialized -Wno-unused-but-set-parameter -Wno-unused-but-set-variable -Wno-unused-parameter -Wno-unused-variable       -Os -c -o tb_asterbench.o /home/elfo/Documents/Aster/verification/soc/tb_asterbench.cpp
ok
test_plan_covers_all_readme_experiments (test_cache_experiments.CacheExperiments.test_plan_covers_all_readme_experiments) ... ok
test_study_audit_rejects_corruption (test_cache_experiments.CacheExperiments.test_study_audit_rejects_corruption) ... ok
test_known_corners (test_phase1.ArithmeticReference.test_known_corners) ... ok
test_seed_reproducibility (test_phase1.ArithmeticReference.test_seed_reproducibility) ... ok
test_initialized_byte_segment (test_phase1.FirmwareLayout.test_initialized_byte_segment) ... ok
test_rom_overflow (test_phase1.FirmwareLayout.test_rom_overflow) ... ok
test_stack_reservation (test_phase1.FirmwareLayout.test_stack_reservation) ... ok
test_missing_and_duplicate_modules_parameters_ports (test_pynq_handoff.HandoffSafety.test_missing_and_duplicate_modules_parameters_ports) ... ok
test_mutated_exports_fail_closed (test_pynq_handoff.HandoffSafety.test_mutated_exports_fail_closed) ... ok
test_original_active_low_auxiliary_tied_zero_is_rejected (test_pynq_handoff.HandoffSafety.test_original_active_low_auxiliary_tied_zero_is_rejected) ... ok
test_valid_export (test_pynq_handoff.HandoffSafety.test_valid_export) ... ok

----------------------------------------------------------------------
Ran 19 tests in 3.230s

OK
mkdir -p build/phase2-clean/check/cache_w4_n16
verilator --cc --exe --build --timing --Wall --Wno-fatal \
	-DRISCV_FORMAL --Wno-DECLFILENAME --Wno-GENUNNAMED --Wno-UNUSEDSIGNAL --Wno-BLKSEQ --top-module aster_l1_cache \
	-GLINE_WORDS=4 -GLINE_COUNT=16 \
	-CFLAGS '-DASTER_LINE_WORDS=4 -DASTER_LINE_COUNT=16' \
	--Mdir build/phase2-clean/check/cache_w4_n16/obj -o /home/elfo/Documents/Aster/build/phase2-clean/check/cache_w4_n16/aster_cache_random_sim \
	/home/elfo/Documents/Aster/rtl/cache/aster_l1_cache.sv /home/elfo/Documents/Aster/verification/unit/tb_aster_l1_random.cpp
make[1]: warning: jobserver unavailable: using -j1.  Add '+' to parent make rule.
make[1]: Entering directory '/home/elfo/Documents/Aster/build/phase2-clean/check/cache_w4_n16/obj'
g++  -I.  -MMD -I/home/elfo/tools/verilator/root/include -I/home/elfo/tools/verilator/root/include/vltstd -DVM_COVERAGE=0 -DVM_SC=0 -DVM_TRACE=0 -DVM_TRACE_FST=0 -DVM_TRACE_VCD=0 -faligned-new -fcf-protection=none -Wno-bool-operation -Wno-overloaded-virtual -Wno-shadow -Wno-sign-compare -Wno-uninitialized -Wno-unused-but-set-parameter -Wno-unused-but-set-variable -Wno-unused-parameter -Wno-unused-variable     -DASTER_LINE_WORDS=4 -DASTER_LINE_COUNT=16   -Os -c -o tb_aster_l1_random.o /home/elfo/Documents/Aster/verification/unit/tb_aster_l1_random.cpp
g++ -Os  -I.  -MMD -I/home/elfo/tools/verilator/root/include -I/home/elfo/tools/verilator/root/include/vltstd -DVM_COVERAGE=0 -DVM_SC=0 -DVM_TRACE=0 -DVM_TRACE_FST=0 -DVM_TRACE_VCD=0 -faligned-new -fcf-protection=none -Wno-bool-operation -Wno-overloaded-virtual -Wno-shadow -Wno-sign-compare -Wno-uninitialized -Wno-unused-but-set-parameter -Wno-unused-but-set-variable -Wno-unused-parameter -Wno-unused-variable     -DASTER_LINE_WORDS=4 -DASTER_LINE_COUNT=16   -c -o verilated.o /home/elfo/tools/verilator/root/include/verilated.cpp
g++ -Os  -I.  -MMD -I/home/elfo/tools/verilator/root/include -I/home/elfo/tools/verilator/root/include/vltstd -DVM_COVERAGE=0 -DVM_SC=0 -DVM_TRACE=0 -DVM_TRACE_FST=0 -DVM_TRACE_VCD=0 -faligned-new -fcf-protection=none -Wno-bool-operation -Wno-overloaded-virtual -Wno-shadow -Wno-sign-compare -Wno-uninitialized -Wno-unused-but-set-parameter -Wno-unused-but-set-variable -Wno-unused-parameter -Wno-unused-variable       -c -o verilated.o /home/elfo/tools/verilator/root/include/verilated.cpp
g++ -Os  -I.  -MMD -I/home/elfo/tools/verilator/root/include -I/home/elfo/tools/verilator/root/include/vltstd -DVM_COVERAGE=0 -DVM_SC=0 -DVM_TRACE=0 -DVM_TRACE_FST=0 -DVM_TRACE_VCD=0 -faligned-new -fcf-protection=none -Wno-bool-operation -Wno-overloaded-virtual -Wno-shadow -Wno-sign-compare -Wno-uninitialized -Wno-unused-but-set-parameter -Wno-unused-but-set-variable -Wno-unused-parameter -Wno-unused-variable     -DASTER_LINE_WORDS=4 -DASTER_LINE_COUNT=16   -c -o verilated_threads.o /home/elfo/tools/verilator/root/include/verilated_threads.cpp
/usr/bin/python3 /home/elfo/tools/verilator/root/bin/verilator_includer -DVL_INCLUDE_OPT=include Vaster_l1_cache.cpp Vaster_l1_cache___024root__DepSet_h78ad57e8__0.cpp Vaster_l1_cache___024root__DepSet_h6c6b1863__0.cpp Vaster_l1_cache___024root__Slow.cpp Vaster_l1_cache___024root__DepSet_h78ad57e8__0__Slow.cpp Vaster_l1_cache___024root__DepSet_h6c6b1863__0__Slow.cpp Vaster_l1_cache__Syms.cpp > Vaster_l1_cache__ALL.cpp
g++ -Os  -I.  -MMD -I/home/elfo/tools/verilator/root/include -I/home/elfo/tools/verilator/root/include/vltstd -DVM_COVERAGE=0 -DVM_SC=0 -DVM_TRACE=0 -DVM_TRACE_FST=0 -DVM_TRACE_VCD=0 -faligned-new -fcf-protection=none -Wno-bool-operation -Wno-overloaded-virtual -Wno-shadow -Wno-sign-compare -Wno-uninitialized -Wno-unused-but-set-parameter -Wno-unused-but-set-variable -Wno-unused-parameter -Wno-unused-variable     -DASTER_LINE_WORDS=4 -DASTER_LINE_COUNT=16   -c -o Vaster_l1_cache__ALL.o Vaster_l1_cache__ALL.cpp
echo "" > Vaster_l1_cache__ALL.verilator_deplist.tmp
Archive ar -rcs Vaster_l1_cache__ALL.a Vaster_l1_cache__ALL.o
g++     tb_aster_l1_random.o verilated.o verilated_threads.o Vaster_l1_cache__ALL.a    -pthread -lpthread -latomic   -o /home/elfo/Documents/Aster/build/phase2-clean/check/cache_w4_n16/aster_cache_random_sim
rm Vaster_l1_cache__ALL.verilator_deplist.tmp
make[1]: Leaving directory '/home/elfo/Documents/Aster/build/phase2-clean/check/cache_w4_n16/obj'
verilator --cc --exe --build --timing --Wall --Wno-fatal \
	-DRISCV_FORMAL --Wno-DECLFILENAME --Wno-GENUNNAMED --Wno-UNUSEDSIGNAL --Wno-BLKSEQ \
	--top-module aster_l1_cache \
	--Mdir build/phase2-clean/check/obj_cache \
	-o /home/elfo/Documents/Aster/build/phase2-clean/check/aster_l1_cache_sim \
	/home/elfo/Documents/Aster/rtl/cache/aster_l1_cache.sv /home/elfo/Documents/Aster/verification/unit/tb_aster_l1_cache.cpp
g++ -Os  -I.  -MMD -I/home/elfo/tools/verilator/root/include -I/home/elfo/tools/verilator/root/include/vltstd -DVM_COVERAGE=0 -DVM_SC=0 -DVM_TRACE=0 -DVM_TRACE_FST=0 -DVM_TRACE_VCD=0 -faligned-new -fcf-protection=none -Wno-bool-operation -Wno-overloaded-virtual -Wno-shadow -Wno-sign-compare -Wno-uninitialized -Wno-unused-but-set-parameter -Wno-unused-but-set-variable -Wno-unused-parameter -Wno-unused-variable       -c -o verilated_threads.o /home/elfo/tools/verilator/root/include/verilated_threads.cpp
make[1]: warning: jobserver unavailable: using -j1.  Add '+' to parent make rule.
make[1]: Entering directory '/home/elfo/Documents/Aster/build/phase2-clean/check/obj_cache'
g++  -I.  -MMD -I/home/elfo/tools/verilator/root/include -I/home/elfo/tools/verilator/root/include/vltstd -DVM_COVERAGE=0 -DVM_SC=0 -DVM_TRACE=0 -DVM_TRACE_FST=0 -DVM_TRACE_VCD=0 -faligned-new -fcf-protection=none -Wno-bool-operation -Wno-overloaded-virtual -Wno-shadow -Wno-sign-compare -Wno-uninitialized -Wno-unused-but-set-parameter -Wno-unused-but-set-variable -Wno-unused-parameter -Wno-unused-variable       -Os -c -o tb_aster_l1_cache.o /home/elfo/Documents/Aster/verification/unit/tb_aster_l1_cache.cpp
/usr/bin/python3 /home/elfo/tools/verilator/root/bin/verilator_includer -DVL_INCLUDE_OPT=include Vaster_minimal.cpp Vaster_minimal___024root__DepSet_h32747b0f__0.cpp Vaster_minimal___024root__DepSet_h1d8fc093__0.cpp Vaster_minimal___024root__Slow.cpp Vaster_minimal___024root__DepSet_h32747b0f__0__Slow.cpp Vaster_minimal___024root__DepSet_h1d8fc093__0__Slow.cpp Vaster_minimal__Syms.cpp > Vaster_minimal__ALL.cpp
g++ -Os  -I.  -MMD -I/home/elfo/tools/verilator/root/include -I/home/elfo/tools/verilator/root/include/vltstd -DVM_COVERAGE=0 -DVM_SC=0 -DVM_TRACE=0 -DVM_TRACE_FST=0 -DVM_TRACE_VCD=0 -faligned-new -fcf-protection=none -Wno-bool-operation -Wno-overloaded-virtual -Wno-shadow -Wno-sign-compare -Wno-uninitialized -Wno-unused-but-set-parameter -Wno-unused-but-set-variable -Wno-unused-parameter -Wno-unused-variable       -c -o verilated.o /home/elfo/tools/verilator/root/include/verilated.cpp
g++ -Os  -I.  -MMD -I/home/elfo/tools/verilator/root/include -I/home/elfo/tools/verilator/root/include/vltstd -DVM_COVERAGE=0 -DVM_SC=0 -DVM_TRACE=0 -DVM_TRACE_FST=0 -DVM_TRACE_VCD=0 -faligned-new -fcf-protection=none -Wno-bool-operation -Wno-overloaded-virtual -Wno-shadow -Wno-sign-compare -Wno-uninitialized -Wno-unused-but-set-parameter -Wno-unused-but-set-variable -Wno-unused-parameter -Wno-unused-variable       -c -o Vaster_minimal__ALL.o Vaster_minimal__ALL.cpp
echo "" > Vaster_minimal__ALL.verilator_deplist.tmp
Archive ar -rcs Vaster_minimal__ALL.a Vaster_minimal__ALL.o
g++     tb_asterbench.o verilated.o verilated_threads.o Vaster_minimal__ALL.a    -pthread -lpthread -latomic   -o /home/elfo/Documents/Aster/build/phase2-clean/check/bench_l11_sync0_wait0_w4_n16/asterbench_sim
rm Vaster_minimal__ALL.verilator_deplist.tmp
make[1]: Leaving directory '/home/elfo/Documents/Aster/build/phase2-clean/check/bench_l11_sync0_wait0_w4_n16/obj'
PASS: cache scoreboard words=4 lines=16 seed=1 completed=5092 aborted=5 stalls=35198 reads=8537 writes=1642
PASS: cache scoreboard words=4 lines=16 seed=42366 completed=5092 aborted=5 stalls=34509 reads=8100 writes=1740
PASS: cache scoreboard words=4 lines=16 seed=12648430 completed=5092 aborted=5 stalls=35790 reads=8549 writes=1672
verilator --cc --exe --build --timing --Wall --Wno-fatal \
	--top-module aster_uart_tx -GCLK_HZ=40 -GBAUD=10 -GFIFO_DEPTH=3 \
	--Mdir build/phase2-clean/check/obj_uart_3 -o /home/elfo/Documents/Aster/build/phase2-clean/check/aster_uart_tx_3_sim \
	/home/elfo/Documents/Aster/rtl/peripherals/aster_uart_tx.sv /home/elfo/Documents/Aster/verification/unit/tb_aster_uart_tx.cpp
make[1]: warning: jobserver unavailable: using -j1.  Add '+' to parent make rule.
make[1]: Entering directory '/home/elfo/Documents/Aster/build/phase2-clean/check/obj_uart_3'
g++  -I.  -MMD -I/home/elfo/tools/verilator/root/include -I/home/elfo/tools/verilator/root/include/vltstd -DVM_COVERAGE=0 -DVM_SC=0 -DVM_TRACE=0 -DVM_TRACE_FST=0 -DVM_TRACE_VCD=0 -faligned-new -fcf-protection=none -Wno-bool-operation -Wno-overloaded-virtual -Wno-shadow -Wno-sign-compare -Wno-uninitialized -Wno-unused-but-set-parameter -Wno-unused-but-set-variable -Wno-unused-parameter -Wno-unused-variable       -Os -c -o tb_aster_uart_tx.o /home/elfo/Documents/Aster/verification/unit/tb_aster_uart_tx.cpp
g++ -Os  -I.  -MMD -I/home/elfo/tools/verilator/root/include -I/home/elfo/tools/verilator/root/include/vltstd -DVM_COVERAGE=0 -DVM_SC=0 -DVM_TRACE=0 -DVM_TRACE_FST=0 -DVM_TRACE_VCD=0 -faligned-new -fcf-protection=none -Wno-bool-operation -Wno-overloaded-virtual -Wno-shadow -Wno-sign-compare -Wno-uninitialized -Wno-unused-but-set-parameter -Wno-unused-but-set-variable -Wno-unused-parameter -Wno-unused-variable       -c -o verilated.o /home/elfo/tools/verilator/root/include/verilated.cpp
g++ -Os  -I.  -MMD -I/home/elfo/tools/verilator/root/include -I/home/elfo/tools/verilator/root/include/vltstd -DVM_COVERAGE=0 -DVM_SC=0 -DVM_TRACE=0 -DVM_TRACE_FST=0 -DVM_TRACE_VCD=0 -faligned-new -fcf-protection=none -Wno-bool-operation -Wno-overloaded-virtual -Wno-shadow -Wno-sign-compare -Wno-uninitialized -Wno-unused-but-set-parameter -Wno-unused-but-set-variable -Wno-unused-parameter -Wno-unused-variable       -c -o verilated_threads.o /home/elfo/tools/verilator/root/include/verilated_threads.cpp
/usr/bin/python3 /home/elfo/tools/verilator/root/bin/verilator_includer -DVL_INCLUDE_OPT=include Vaster_l1_cache.cpp Vaster_l1_cache___024root__DepSet_h78ad57e8__0.cpp Vaster_l1_cache___024root__DepSet_h6c6b1863__0.cpp Vaster_l1_cache___024root__Slow.cpp Vaster_l1_cache___024root__DepSet_h78ad57e8__0__Slow.cpp Vaster_l1_cache___024root__DepSet_h6c6b1863__0__Slow.cpp Vaster_l1_cache__Syms.cpp > Vaster_l1_cache__ALL.cpp
g++ -Os  -I.  -MMD -I/home/elfo/tools/verilator/root/include -I/home/elfo/tools/verilator/root/include/vltstd -DVM_COVERAGE=0 -DVM_SC=0 -DVM_TRACE=0 -DVM_TRACE_FST=0 -DVM_TRACE_VCD=0 -faligned-new -fcf-protection=none -Wno-bool-operation -Wno-overloaded-virtual -Wno-shadow -Wno-sign-compare -Wno-uninitialized -Wno-unused-but-set-parameter -Wno-unused-but-set-variable -Wno-unused-parameter -Wno-unused-variable       -c -o Vaster_l1_cache__ALL.o Vaster_l1_cache__ALL.cpp
echo "" > Vaster_l1_cache__ALL.verilator_deplist.tmp
Archive ar -rcs Vaster_l1_cache__ALL.a Vaster_l1_cache__ALL.o
g++     tb_aster_l1_cache.o verilated.o verilated_threads.o Vaster_l1_cache__ALL.a    -pthread -lpthread -latomic   -o /home/elfo/Documents/Aster/build/phase2-clean/check/aster_l1_cache_sim
rm Vaster_l1_cache__ALL.verilator_deplist.tmp
make[1]: Leaving directory '/home/elfo/Documents/Aster/build/phase2-clean/check/obj_cache'
verilator --cc --exe --build --timing --Wall --Wno-fatal \
	--top-module aster_uart_rx -GCLK_HZ=400 -GBAUD=10 \
	--Mdir build/phase2-clean/check/obj_uart_rx -o /home/elfo/Documents/Aster/build/phase2-clean/check/aster_uart_rx_sim \
	/home/elfo/Documents/Aster/rtl/peripherals/aster_uart_rx.sv /home/elfo/Documents/Aster/verification/unit/tb_aster_uart_rx.cpp
make[1]: warning: jobserver unavailable: using -j1.  Add '+' to parent make rule.
make[1]: Entering directory '/home/elfo/Documents/Aster/build/phase2-clean/check/obj_uart_rx'
g++  -I.  -MMD -I/home/elfo/tools/verilator/root/include -I/home/elfo/tools/verilator/root/include/vltstd -DVM_COVERAGE=0 -DVM_SC=0 -DVM_TRACE=0 -DVM_TRACE_FST=0 -DVM_TRACE_VCD=0 -faligned-new -fcf-protection=none -Wno-bool-operation -Wno-overloaded-virtual -Wno-shadow -Wno-sign-compare -Wno-uninitialized -Wno-unused-but-set-parameter -Wno-unused-but-set-variable -Wno-unused-parameter -Wno-unused-variable       -Os -c -o tb_aster_uart_rx.o /home/elfo/Documents/Aster/verification/unit/tb_aster_uart_rx.cpp
g++ -Os  -I.  -MMD -I/home/elfo/tools/verilator/root/include -I/home/elfo/tools/verilator/root/include/vltstd -DVM_COVERAGE=0 -DVM_SC=0 -DVM_TRACE=0 -DVM_TRACE_FST=0 -DVM_TRACE_VCD=0 -faligned-new -fcf-protection=none -Wno-bool-operation -Wno-overloaded-virtual -Wno-shadow -Wno-sign-compare -Wno-uninitialized -Wno-unused-but-set-parameter -Wno-unused-but-set-variable -Wno-unused-parameter -Wno-unused-variable       -c -o verilated.o /home/elfo/tools/verilator/root/include/verilated.cpp
g++ -Os  -I.  -MMD -I/home/elfo/tools/verilator/root/include -I/home/elfo/tools/verilator/root/include/vltstd -DVM_COVERAGE=0 -DVM_SC=0 -DVM_TRACE=0 -DVM_TRACE_FST=0 -DVM_TRACE_VCD=0 -faligned-new -fcf-protection=none -Wno-bool-operation -Wno-overloaded-virtual -Wno-shadow -Wno-sign-compare -Wno-uninitialized -Wno-unused-but-set-parameter -Wno-unused-but-set-variable -Wno-unused-parameter -Wno-unused-variable       -c -o verilated_threads.o /home/elfo/tools/verilator/root/include/verilated_threads.cpp
/usr/bin/python3 /home/elfo/tools/verilator/root/bin/verilator_includer -DVL_INCLUDE_OPT=include Vaster_uart_tx.cpp Vaster_uart_tx___024root__DepSet_h1414e768__0.cpp Vaster_uart_tx___024root__DepSet_h34a59516__0.cpp Vaster_uart_tx___024root__Slow.cpp Vaster_uart_tx___024root__DepSet_h1414e768__0__Slow.cpp Vaster_uart_tx___024root__DepSet_h34a59516__0__Slow.cpp Vaster_uart_tx__Syms.cpp > Vaster_uart_tx__ALL.cpp
g++ -Os  -I.  -MMD -I/home/elfo/tools/verilator/root/include -I/home/elfo/tools/verilator/root/include/vltstd -DVM_COVERAGE=0 -DVM_SC=0 -DVM_TRACE=0 -DVM_TRACE_FST=0 -DVM_TRACE_VCD=0 -faligned-new -fcf-protection=none -Wno-bool-operation -Wno-overloaded-virtual -Wno-shadow -Wno-sign-compare -Wno-uninitialized -Wno-unused-but-set-parameter -Wno-unused-but-set-variable -Wno-unused-parameter -Wno-unused-variable       -c -o Vaster_uart_tx__ALL.o Vaster_uart_tx__ALL.cpp
echo "" > Vaster_uart_tx__ALL.verilator_deplist.tmp
Archive ar -rcs Vaster_uart_tx__ALL.a Vaster_uart_tx__ALL.o
g++     tb_aster_uart_tx.o verilated.o verilated_threads.o Vaster_uart_tx__ALL.a    -pthread -lpthread -latomic   -o /home/elfo/Documents/Aster/build/phase2-clean/check/aster_uart_tx_3_sim
rm Vaster_uart_tx__ALL.verilator_deplist.tmp
make[1]: Leaving directory '/home/elfo/Documents/Aster/build/phase2-clean/check/obj_uart_3'
riscv32-unknown-elf-gcc -march=rv32im -mabi=ilp32 -nostdlib -nostartfiles -nodefaultlibs -ffreestanding -Wall -Wextra -Werror -O2 -fno-pic -fno-stack-protector -msmall-data-limit=0 -Isoftware/runtime -T software/boot/link.ld -Wl,--gc-sections -Wl,-Map,build/phase2-clean/check/software/hello.map -o build/phase2-clean/check/software/hello.elf build/phase2-clean/check/software/start.o build/phase2-clean/check/software/hello.o
riscv32-unknown-elf-gcc -march=rv32im -mabi=ilp32 -nostdlib -nostartfiles -nodefaultlibs -ffreestanding -Wall -Wextra -Werror -O2 -fno-pic -fno-stack-protector -msmall-data-limit=0 -Isoftware/runtime -T software/boot/link.ld -o build/phase2-clean/check/software/uart_stress.elf software/runtime/start.S software/tests/uart_stress.c
riscv32-unknown-elf-gcc -march=rv32im -mabi=ilp32 -nostdlib -nostartfiles -nodefaultlibs -ffreestanding -Wall -Wextra -Werror -O2 -fno-pic -fno-stack-protector -msmall-data-limit=0 -Isoftware/runtime -DBENCHMARK_WORDS=64 -DBENCHMARK_REPETITIONS=4 -DBENCHMARK_SEED=0x13570000 -DBENCH_RANDOM=0 -c -o build/phase2-clean/check/software/bench_memcpy_w64_r4_s0x13570000/benchmark.o software/benchmarks/memcpy_bench.c
verilator --cc --exe --build --timing --Wall --Wno-fatal \
	-DRISCV_FORMAL --Wno-DECLFILENAME --Wno-GENUNNAMED --Wno-UNUSEDSIGNAL --Wno-BLKSEQ --top-module aster_pynq_linux \
	-GCLK_HZ=400 -GBAUD=10 -GRX_DEPTH=128 \
	--Mdir build/phase2-clean/check/obj_linux -o /home/elfo/Documents/Aster/build/phase2-clean/check/aster_pynq_linux_sim \
	/home/elfo/Documents/Aster/rtl/core/aster_picorv32.sv /home/elfo/Documents/Aster/vendor/picorv32/picorv32.v /home/elfo/Documents/Aster/rtl/cache/aster_l1_cache.sv /home/elfo/Documents/Aster/rtl/memory/aster_rom.sv /home/elfo/Documents/Aster/rtl/memory/aster_ram.sv /home/elfo/Documents/Aster/rtl/peripherals/aster_uart.sv /home/elfo/Documents/Aster/rtl/peripherals/aster_perf_counters.sv /home/elfo/Documents/Aster/rtl/soc/aster_minimal.sv \
	/home/elfo/Documents/Aster/rtl/peripherals/aster_uart_tx.sv /home/elfo/Documents/Aster/rtl/peripherals/aster_uart_rx.sv \
	/home/elfo/Documents/Aster/rtl/soc/aster_pynq_linux.sv /home/elfo/Documents/Aster/verification/soc/tb_pynq_linux.cpp
make[1]: warning: jobserver unavailable: using -j1.  Add '+' to parent make rule.
make[1]: Entering directory '/home/elfo/Documents/Aster/build/phase2-clean/check/obj_linux'
g++  -I.  -MMD -I/home/elfo/tools/verilator/root/include -I/home/elfo/tools/verilator/root/include/vltstd -DVM_COVERAGE=0 -DVM_SC=0 -DVM_TRACE=0 -DVM_TRACE_FST=0 -DVM_TRACE_VCD=0 -faligned-new -fcf-protection=none -Wno-bool-operation -Wno-overloaded-virtual -Wno-shadow -Wno-sign-compare -Wno-uninitialized -Wno-unused-but-set-parameter -Wno-unused-but-set-variable -Wno-unused-parameter -Wno-unused-variable       -Os -c -o tb_pynq_linux.o /home/elfo/Documents/Aster/verification/soc/tb_pynq_linux.cpp
g++ -Os  -I.  -MMD -I/home/elfo/tools/verilator/root/include -I/home/elfo/tools/verilator/root/include/vltstd -DVM_COVERAGE=0 -DVM_SC=0 -DVM_TRACE=0 -DVM_TRACE_FST=0 -DVM_TRACE_VCD=0 -faligned-new -fcf-protection=none -Wno-bool-operation -Wno-overloaded-virtual -Wno-shadow -Wno-sign-compare -Wno-uninitialized -Wno-unused-but-set-parameter -Wno-unused-but-set-variable -Wno-unused-parameter -Wno-unused-variable       -c -o verilated_threads.o /home/elfo/tools/verilator/root/include/verilated_threads.cpp
/usr/bin/python3 /home/elfo/tools/verilator/root/bin/verilator_includer -DVL_INCLUDE_OPT=include Vaster_uart_rx.cpp Vaster_uart_rx___024root__DepSet_h436a5f88__0.cpp Vaster_uart_rx___024root__DepSet_h40c2336c__0.cpp Vaster_uart_rx___024root__Slow.cpp Vaster_uart_rx___024root__DepSet_h40c2336c__0__Slow.cpp Vaster_uart_rx__Syms.cpp > Vaster_uart_rx__ALL.cpp
g++ -Os  -I.  -MMD -I/home/elfo/tools/verilator/root/include -I/home/elfo/tools/verilator/root/include/vltstd -DVM_COVERAGE=0 -DVM_SC=0 -DVM_TRACE=0 -DVM_TRACE_FST=0 -DVM_TRACE_VCD=0 -faligned-new -fcf-protection=none -Wno-bool-operation -Wno-overloaded-virtual -Wno-shadow -Wno-sign-compare -Wno-uninitialized -Wno-unused-but-set-parameter -Wno-unused-but-set-variable -Wno-unused-parameter -Wno-unused-variable       -c -o Vaster_uart_rx__ALL.o Vaster_uart_rx__ALL.cpp
echo "" > Vaster_uart_rx__ALL.verilator_deplist.tmp
Archive ar -rcs Vaster_uart_rx__ALL.a Vaster_uart_rx__ALL.o
g++     tb_aster_uart_rx.o verilated.o verilated_threads.o Vaster_uart_rx__ALL.a    -pthread -lpthread -latomic   -o /home/elfo/Documents/Aster/build/phase2-clean/check/aster_uart_rx_sim
rm Vaster_uart_rx__ALL.verilator_deplist.tmp
make[1]: Leaving directory '/home/elfo/Documents/Aster/build/phase2-clean/check/obj_uart_rx'
python3 scripts/elf_to_hex.py --rom-bytes 65536 build/phase2-clean/check/software/hello.elf build/phase2-clean/check/software/hello.hex
riscv32-unknown-elf-gcc -march=rv32im -mabi=ilp32 -nostdlib -nostartfiles -nodefaultlibs -ffreestanding -Wall -Wextra -Werror -O2 -fno-pic -fno-stack-protector -msmall-data-limit=0 -Isoftware/runtime -DBENCHMARK_WORDS=64 -DBENCHMARK_REPETITIONS=4 -DBENCHMARK_SEED=0x13570000 -DBENCH_RANDOM=0 -T software/boot/link.ld -Wl,--gc-sections -Wl,-Map,build/phase2-clean/check/software/bench_memcpy_w64_r4_s0x13570000/benchmark.map -o build/phase2-clean/check/software/bench_memcpy_w64_r4_s0x13570000/benchmark.elf build/phase2-clean/check/software/start.o build/phase2-clean/check/software/bench_memcpy_w64_r4_s0x13570000/benchmark.o
python3 scripts/elf_to_hex.py --rom-bytes 65536 build/phase2-clean/check/software/uart_stress.elf build/phase2-clean/check/software/uart_stress.hex
verilator --cc --exe --build --timing --Wall --Wno-fatal --public-flat-rw \
	--top-module aster_perf_counters --Mdir build/phase2-clean/check/obj_perf -o /home/elfo/Documents/Aster/build/phase2-clean/check/aster_perf_sim \
	/home/elfo/Documents/Aster/rtl/peripherals/aster_perf_counters.sv /home/elfo/Documents/Aster/verification/unit/tb_aster_perf_counters.cpp
make[1]: warning: jobserver unavailable: using -j1.  Add '+' to parent make rule.
make[1]: Entering directory '/home/elfo/Documents/Aster/build/phase2-clean/check/obj_perf'
g++  -I.  -MMD -I/home/elfo/tools/verilator/root/include -I/home/elfo/tools/verilator/root/include/vltstd -DVM_COVERAGE=0 -DVM_SC=0 -DVM_TRACE=0 -DVM_TRACE_FST=0 -DVM_TRACE_VCD=0 -faligned-new -fcf-protection=none -Wno-bool-operation -Wno-overloaded-virtual -Wno-shadow -Wno-sign-compare -Wno-uninitialized -Wno-unused-but-set-parameter -Wno-unused-but-set-variable -Wno-unused-parameter -Wno-unused-variable       -Os -c -o tb_aster_perf_counters.o /home/elfo/Documents/Aster/verification/unit/tb_aster_perf_counters.cpp
g++ -Os  -I.  -MMD -I/home/elfo/tools/verilator/root/include -I/home/elfo/tools/verilator/root/include/vltstd -DVM_COVERAGE=0 -DVM_SC=0 -DVM_TRACE=0 -DVM_TRACE_FST=0 -DVM_TRACE_VCD=0 -faligned-new -fcf-protection=none -Wno-bool-operation -Wno-overloaded-virtual -Wno-shadow -Wno-sign-compare -Wno-uninitialized -Wno-unused-but-set-parameter -Wno-unused-but-set-variable -Wno-unused-parameter -Wno-unused-variable       -c -o verilated.o /home/elfo/tools/verilator/root/include/verilated.cpp
g++ -Os  -I.  -MMD -I/home/elfo/tools/verilator/root/include -I/home/elfo/tools/verilator/root/include/vltstd -DVM_COVERAGE=0 -DVM_SC=0 -DVM_TRACE=0 -DVM_TRACE_FST=0 -DVM_TRACE_VCD=0 -faligned-new -fcf-protection=none -Wno-bool-operation -Wno-overloaded-virtual -Wno-shadow -Wno-sign-compare -Wno-uninitialized -Wno-unused-but-set-parameter -Wno-unused-but-set-variable -Wno-unused-parameter -Wno-unused-variable       -c -o verilated.o /home/elfo/tools/verilator/root/include/verilated.cpp
g++ -Os  -I.  -MMD -I/home/elfo/tools/verilator/root/include -I/home/elfo/tools/verilator/root/include/vltstd -DVM_COVERAGE=0 -DVM_SC=0 -DVM_TRACE=0 -DVM_TRACE_FST=0 -DVM_TRACE_VCD=0 -faligned-new -fcf-protection=none -Wno-bool-operation -Wno-overloaded-virtual -Wno-shadow -Wno-sign-compare -Wno-uninitialized -Wno-unused-but-set-parameter -Wno-unused-but-set-variable -Wno-unused-parameter -Wno-unused-variable       -c -o verilated_threads.o /home/elfo/tools/verilator/root/include/verilated_threads.cpp
g++ -Os  -I.  -MMD -I/home/elfo/tools/verilator/root/include -I/home/elfo/tools/verilator/root/include/vltstd -DVM_COVERAGE=0 -DVM_SC=0 -DVM_TRACE=0 -DVM_TRACE_FST=0 -DVM_TRACE_VCD=0 -faligned-new -fcf-protection=none -Wno-bool-operation -Wno-overloaded-virtual -Wno-shadow -Wno-sign-compare -Wno-uninitialized -Wno-unused-but-set-parameter -Wno-unused-but-set-variable -Wno-unused-parameter -Wno-unused-variable       -c -o verilated_dpi.o /home/elfo/tools/verilator/root/include/verilated_dpi.cpp
/usr/bin/python3 /home/elfo/tools/verilator/root/bin/verilator_includer -DVL_INCLUDE_OPT=include Vaster_pynq_linux.cpp Vaster_pynq_linux___024root__DepSet_h5a538cb5__0.cpp Vaster_pynq_linux___024root__DepSet_hcaf910c3__0.cpp Vaster_pynq_linux___024root__Slow.cpp Vaster_pynq_linux___024root__DepSet_h5a538cb5__0__Slow.cpp Vaster_pynq_linux___024root__DepSet_hcaf910c3__0__Slow.cpp Vaster_pynq_linux__Syms.cpp > Vaster_pynq_linux__ALL.cpp
g++ -Os  -I.  -MMD -I/home/elfo/tools/verilator/root/include -I/home/elfo/tools/verilator/root/include/vltstd -DVM_COVERAGE=0 -DVM_SC=0 -DVM_TRACE=0 -DVM_TRACE_FST=0 -DVM_TRACE_VCD=0 -faligned-new -fcf-protection=none -Wno-bool-operation -Wno-overloaded-virtual -Wno-shadow -Wno-sign-compare -Wno-uninitialized -Wno-unused-but-set-parameter -Wno-unused-but-set-variable -Wno-unused-parameter -Wno-unused-variable       -c -o Vaster_pynq_linux__ALL.o Vaster_pynq_linux__ALL.cpp
g++ -Os  -I.  -MMD -I/home/elfo/tools/verilator/root/include -I/home/elfo/tools/verilator/root/include/vltstd -DVM_COVERAGE=0 -DVM_SC=0 -DVM_TRACE=0 -DVM_TRACE_FST=0 -DVM_TRACE_VCD=0 -faligned-new -fcf-protection=none -Wno-bool-operation -Wno-overloaded-virtual -Wno-shadow -Wno-sign-compare -Wno-uninitialized -Wno-unused-but-set-parameter -Wno-unused-but-set-variable -Wno-unused-parameter -Wno-unused-variable       -c -o verilated_threads.o /home/elfo/tools/verilator/root/include/verilated_threads.cpp
/usr/bin/python3 /home/elfo/tools/verilator/root/bin/verilator_includer -DVL_INCLUDE_OPT=include Vaster_perf_counters.cpp Vaster_perf_counters___024root__DepSet_h26d6ddd9__0.cpp Vaster_perf_counters___024root__DepSet_h37027d7b__0.cpp Vaster_perf_counters__Dpi.cpp Vaster_perf_counters___024root__Slow.cpp Vaster_perf_counters___024root__DepSet_h26d6ddd9__0__Slow.cpp Vaster_perf_counters___024root__DepSet_h37027d7b__0__Slow.cpp Vaster_perf_counters__Syms.cpp > Vaster_perf_counters__ALL.cpp
g++ -Os  -I.  -MMD -I/home/elfo/tools/verilator/root/include -I/home/elfo/tools/verilator/root/include/vltstd -DVM_COVERAGE=0 -DVM_SC=0 -DVM_TRACE=0 -DVM_TRACE_FST=0 -DVM_TRACE_VCD=0 -faligned-new -fcf-protection=none -Wno-bool-operation -Wno-overloaded-virtual -Wno-shadow -Wno-sign-compare -Wno-uninitialized -Wno-unused-but-set-parameter -Wno-unused-but-set-variable -Wno-unused-parameter -Wno-unused-variable       -c -o Vaster_perf_counters__ALL.o Vaster_perf_counters__ALL.cpp
echo "" > Vaster_pynq_linux__ALL.verilator_deplist.tmp
Archive ar -rcs Vaster_pynq_linux__ALL.a Vaster_pynq_linux__ALL.o
g++     tb_pynq_linux.o verilated.o verilated_threads.o Vaster_pynq_linux__ALL.a    -pthread -lpthread -latomic   -o /home/elfo/Documents/Aster/build/phase2-clean/check/aster_pynq_linux_sim
rm Vaster_pynq_linux__ALL.verilator_deplist.tmp
make[1]: Leaving directory '/home/elfo/Documents/Aster/build/phase2-clean/check/obj_linux'
verilator --cc --exe --build --timing --Wall --Wno-fatal \
	-DRISCV_FORMAL --Wno-DECLFILENAME --Wno-GENUNNAMED --Wno-UNUSEDSIGNAL --Wno-BLKSEQ --top-module aster_picorv32 \
	--Mdir build/phase2-clean/check/obj_retirement -o /home/elfo/Documents/Aster/build/phase2-clean/check/aster_retirement_sim \
	/home/elfo/Documents/Aster/rtl/core/aster_picorv32.sv /home/elfo/Documents/Aster/vendor/picorv32/picorv32.v /home/elfo/Documents/Aster/verification/unit/tb_aster_retirement.cpp
make[1]: warning: jobserver unavailable: using -j1.  Add '+' to parent make rule.
make[1]: Entering directory '/home/elfo/Documents/Aster/build/phase2-clean/check/obj_retirement'
g++  -I.  -MMD -I/home/elfo/tools/verilator/root/include -I/home/elfo/tools/verilator/root/include/vltstd -DVM_COVERAGE=0 -DVM_SC=0 -DVM_TRACE=0 -DVM_TRACE_FST=0 -DVM_TRACE_VCD=0 -faligned-new -fcf-protection=none -Wno-bool-operation -Wno-overloaded-virtual -Wno-shadow -Wno-sign-compare -Wno-uninitialized -Wno-unused-but-set-parameter -Wno-unused-but-set-variable -Wno-unused-parameter -Wno-unused-variable       -Os -c -o tb_aster_retirement.o /home/elfo/Documents/Aster/verification/unit/tb_aster_retirement.cpp
echo "" > Vaster_perf_counters__ALL.verilator_deplist.tmp
Archive ar -rcs Vaster_perf_counters__ALL.a Vaster_perf_counters__ALL.o
g++     tb_aster_perf_counters.o verilated.o verilated_dpi.o verilated_threads.o Vaster_perf_counters__ALL.a    -pthread -lpthread -latomic   -o /home/elfo/Documents/Aster/build/phase2-clean/check/aster_perf_sim
rm Vaster_perf_counters__ALL.verilator_deplist.tmp
make[1]: Leaving directory '/home/elfo/Documents/Aster/build/phase2-clean/check/obj_perf'
verilator --cc --exe --build --timing --Wall --Wno-fatal \
	--top-module aster_smoke \
	--Mdir build/phase2-clean/check/obj_smoke \
	-o /home/elfo/Documents/Aster/build/phase2-clean/check/aster_smoke_sim \
	/home/elfo/Documents/Aster/rtl/verification/aster_smoke.sv \
	/home/elfo/Documents/Aster/verification/unit/tb_aster_smoke.cpp
make[1]: warning: jobserver unavailable: using -j1.  Add '+' to parent make rule.
make[1]: Entering directory '/home/elfo/Documents/Aster/build/phase2-clean/check/obj_smoke'
g++  -I.  -MMD -I/home/elfo/tools/verilator/root/include -I/home/elfo/tools/verilator/root/include/vltstd -DVM_COVERAGE=0 -DVM_SC=0 -DVM_TRACE=0 -DVM_TRACE_FST=0 -DVM_TRACE_VCD=0 -faligned-new -fcf-protection=none -Wno-bool-operation -Wno-overloaded-virtual -Wno-shadow -Wno-sign-compare -Wno-uninitialized -Wno-unused-but-set-parameter -Wno-unused-but-set-variable -Wno-unused-parameter -Wno-unused-variable       -Os -c -o tb_aster_smoke.o /home/elfo/Documents/Aster/verification/unit/tb_aster_smoke.cpp
g++ -Os  -I.  -MMD -I/home/elfo/tools/verilator/root/include -I/home/elfo/tools/verilator/root/include/vltstd -DVM_COVERAGE=0 -DVM_SC=0 -DVM_TRACE=0 -DVM_TRACE_FST=0 -DVM_TRACE_VCD=0 -faligned-new -fcf-protection=none -Wno-bool-operation -Wno-overloaded-virtual -Wno-shadow -Wno-sign-compare -Wno-uninitialized -Wno-unused-but-set-parameter -Wno-unused-but-set-variable -Wno-unused-parameter -Wno-unused-variable       -c -o verilated.o /home/elfo/tools/verilator/root/include/verilated.cpp
g++ -Os  -I.  -MMD -I/home/elfo/tools/verilator/root/include -I/home/elfo/tools/verilator/root/include/vltstd -DVM_COVERAGE=0 -DVM_SC=0 -DVM_TRACE=0 -DVM_TRACE_FST=0 -DVM_TRACE_VCD=0 -faligned-new -fcf-protection=none -Wno-bool-operation -Wno-overloaded-virtual -Wno-shadow -Wno-sign-compare -Wno-uninitialized -Wno-unused-but-set-parameter -Wno-unused-but-set-variable -Wno-unused-parameter -Wno-unused-variable       -c -o verilated.o /home/elfo/tools/verilator/root/include/verilated.cpp
g++ -Os  -I.  -MMD -I/home/elfo/tools/verilator/root/include -I/home/elfo/tools/verilator/root/include/vltstd -DVM_COVERAGE=0 -DVM_SC=0 -DVM_TRACE=0 -DVM_TRACE_FST=0 -DVM_TRACE_VCD=0 -faligned-new -fcf-protection=none -Wno-bool-operation -Wno-overloaded-virtual -Wno-shadow -Wno-sign-compare -Wno-uninitialized -Wno-unused-but-set-parameter -Wno-unused-but-set-variable -Wno-unused-parameter -Wno-unused-variable       -c -o verilated_threads.o /home/elfo/tools/verilator/root/include/verilated_threads.cpp
g++ -Os  -I.  -MMD -I/home/elfo/tools/verilator/root/include -I/home/elfo/tools/verilator/root/include/vltstd -DVM_COVERAGE=0 -DVM_SC=0 -DVM_TRACE=0 -DVM_TRACE_FST=0 -DVM_TRACE_VCD=0 -faligned-new -fcf-protection=none -Wno-bool-operation -Wno-overloaded-virtual -Wno-shadow -Wno-sign-compare -Wno-uninitialized -Wno-unused-but-set-parameter -Wno-unused-but-set-variable -Wno-unused-parameter -Wno-unused-variable       -c -o verilated_threads.o /home/elfo/tools/verilator/root/include/verilated_threads.cpp
/usr/bin/python3 /home/elfo/tools/verilator/root/bin/verilator_includer -DVL_INCLUDE_OPT=include Vaster_picorv32.cpp Vaster_picorv32___024root__DepSet_h19ae85db__0.cpp Vaster_picorv32___024root__DepSet_ha0b6e078__0.cpp Vaster_picorv32___024root__Slow.cpp Vaster_picorv32___024root__DepSet_h19ae85db__0__Slow.cpp Vaster_picorv32___024root__DepSet_ha0b6e078__0__Slow.cpp Vaster_picorv32__Syms.cpp > Vaster_picorv32__ALL.cpp
g++ -Os  -I.  -MMD -I/home/elfo/tools/verilator/root/include -I/home/elfo/tools/verilator/root/include/vltstd -DVM_COVERAGE=0 -DVM_SC=0 -DVM_TRACE=0 -DVM_TRACE_FST=0 -DVM_TRACE_VCD=0 -faligned-new -fcf-protection=none -Wno-bool-operation -Wno-overloaded-virtual -Wno-shadow -Wno-sign-compare -Wno-uninitialized -Wno-unused-but-set-parameter -Wno-unused-but-set-variable -Wno-unused-parameter -Wno-unused-variable       -c -o Vaster_picorv32__ALL.o Vaster_picorv32__ALL.cpp
/usr/bin/python3 /home/elfo/tools/verilator/root/bin/verilator_includer -DVL_INCLUDE_OPT=include Vaster_smoke.cpp Vaster_smoke___024root__DepSet_h7c569d73__0.cpp Vaster_smoke___024root__DepSet_h578a97ca__0.cpp Vaster_smoke___024root__Slow.cpp Vaster_smoke___024root__DepSet_h578a97ca__0__Slow.cpp Vaster_smoke__Syms.cpp > Vaster_smoke__ALL.cpp
g++ -Os  -I.  -MMD -I/home/elfo/tools/verilator/root/include -I/home/elfo/tools/verilator/root/include/vltstd -DVM_COVERAGE=0 -DVM_SC=0 -DVM_TRACE=0 -DVM_TRACE_FST=0 -DVM_TRACE_VCD=0 -faligned-new -fcf-protection=none -Wno-bool-operation -Wno-overloaded-virtual -Wno-shadow -Wno-sign-compare -Wno-uninitialized -Wno-unused-but-set-parameter -Wno-unused-but-set-variable -Wno-unused-parameter -Wno-unused-variable       -c -o Vaster_smoke__ALL.o Vaster_smoke__ALL.cpp
echo "" > Vaster_smoke__ALL.verilator_deplist.tmp
Archive ar -rcs Vaster_smoke__ALL.a Vaster_smoke__ALL.o
g++     tb_aster_smoke.o verilated.o verilated_threads.o Vaster_smoke__ALL.a    -pthread -lpthread -latomic   -o /home/elfo/Documents/Aster/build/phase2-clean/check/aster_smoke_sim
rm Vaster_smoke__ALL.verilator_deplist.tmp
make[1]: Leaving directory '/home/elfo/Documents/Aster/build/phase2-clean/check/obj_smoke'
riscv32-unknown-elf-gcc -march=rv32im -mabi=ilp32 -nostdlib -ffreestanding -Wa,-I,build/phase2-clean/check/software -T software/tests/link_directed.ld \
	-Wl,--gc-sections -Wl,-Map,build/phase2-clean/check/software/rv32im_directed.map -o build/phase2-clean/check/software/rv32im_directed.elf software/tests/rv32im_directed.S
RUNTIME PASS
RUNTIME PASS
PASS: RUNTIME PASS (2 boot(s))
MEMORY MAP PASS
PASS: MEMORY MAP PASS (1 boot(s))
Trap case 0
TRAP ARMED
TRAP ARMED
PASS: TRAP ARMED (2 boot(s))
Trap case 1
TRAP ARMED
TRAP ARMED
PASS: TRAP ARMED (2 boot(s))
Trap case 2
TRAP ARMED
TRAP ARMED
PASS: TRAP ARMED (2 boot(s))
Trap case 3
TRAP ARMED
TRAP ARMED
PASS: TRAP ARMED (2 boot(s))
Trap case 4
TRAP ARMED
TRAP ARMED
PASS: TRAP ARMED (2 boot(s))
Trap case 5
TRAP ARMED
TRAP ARMED
PASS: TRAP ARMED (2 boot(s))
Trap case 6
TRAP ARMED
TRAP ARMED
PASS: TRAP ARMED (2 boot(s))
Trap case 7
TRAP ARMED
TRAP ARMED
PASS: TRAP ARMED (2 boot(s))
Trap case 8
TRAP ARMED
TRAP ARMED
PASS: TRAP ARMED (2 boot(s))
Trap case 9
TRAP ARMED
TRAP ARMED
PASS: TRAP ARMED (2 boot(s))
Trap case 10
TRAP ARMED
TRAP ARMED
PASS: TRAP ARMED (2 boot(s))
Trap case 11
TRAP ARMED
TRAP ARMED
PASS: TRAP ARMED (2 boot(s))
verilator --cc --exe --build --timing --Wall --Wno-fatal \
	-DRISCV_FORMAL --Wno-DECLFILENAME --Wno-GENUNNAMED --Wno-UNUSEDSIGNAL --Wno-BLKSEQ \
	--top-module aster_minimal \
	--Mdir build/phase2-clean/check/obj_hello \
	-o /home/elfo/Documents/Aster/build/phase2-clean/check/aster_hello_sim \
	-GMEM_INIT_FILE=\"build/phase2-clean/check/software/hello.hex\" \
	/home/elfo/Documents/Aster/rtl/core/aster_picorv32.sv /home/elfo/Documents/Aster/vendor/picorv32/picorv32.v /home/elfo/Documents/Aster/rtl/cache/aster_l1_cache.sv \
	/home/elfo/Documents/Aster/rtl/memory/aster_rom.sv /home/elfo/Documents/Aster/rtl/memory/aster_ram.sv \
	/home/elfo/Documents/Aster/rtl/peripherals/aster_uart.sv /home/elfo/Documents/Aster/rtl/peripherals/aster_perf_counters.sv /home/elfo/Documents/Aster/rtl/soc/aster_minimal.sv \
	/home/elfo/Documents/Aster/verification/soc/tb_aster_hello.cpp
make[1]: warning: jobserver unavailable: using -j1.  Add '+' to parent make rule.
make[1]: Entering directory '/home/elfo/Documents/Aster/build/phase2-clean/check/obj_hello'
g++  -I.  -MMD -I/home/elfo/tools/verilator/root/include -I/home/elfo/tools/verilator/root/include/vltstd -DVM_COVERAGE=0 -DVM_SC=0 -DVM_TRACE=0 -DVM_TRACE_FST=0 -DVM_TRACE_VCD=0 -faligned-new -fcf-protection=none -Wno-bool-operation -Wno-overloaded-virtual -Wno-shadow -Wno-sign-compare -Wno-uninitialized -Wno-unused-but-set-parameter -Wno-unused-but-set-variable -Wno-unused-parameter -Wno-unused-variable       -Os -c -o tb_aster_hello.o /home/elfo/Documents/Aster/verification/soc/tb_aster_hello.cpp
echo "" > Vaster_picorv32__ALL.verilator_deplist.tmp
Archive ar -rcs Vaster_picorv32__ALL.a Vaster_picorv32__ALL.o
g++     tb_aster_retirement.o verilated.o verilated_threads.o Vaster_picorv32__ALL.a    -pthread -lpthread -latomic   -o /home/elfo/Documents/Aster/build/phase2-clean/check/aster_retirement_sim
rm Vaster_picorv32__ALL.verilator_deplist.tmp
make[1]: Leaving directory '/home/elfo/Documents/Aster/build/phase2-clean/check/obj_retirement'
riscv32-unknown-elf-objcopy -O binary build/phase2-clean/check/software/bench_memcpy_w64_r4_s0x13570000/benchmark.elf build/phase2-clean/check/software/bench_memcpy_w64_r4_s0x13570000/benchmark.bin
python3 scripts/elf_to_hex.py --rom-bytes 65536 build/phase2-clean/check/software/bench_memcpy_w64_r4_s0x13570000/benchmark.elf build/phase2-clean/check/software/bench_memcpy_w64_r4_s0x13570000/benchmark.hex
PASS: L1 cache refill, hit, byte-write, eviction and bypass tests
PASS: UART FIFO backpressure, wraparound, all byte values and mid-frame reset
PASS: UART RX false starts, framing errors, reset and all 256 bytes
verilator --cc --exe --build --timing --Wall --Wno-fatal \
	-DRISCV_FORMAL --Wno-DECLFILENAME --Wno-GENUNNAMED --Wno-UNUSEDSIGNAL --Wno-BLKSEQ \
	--top-module aster_pynq_z1 \
	--Mdir build/phase2-clean/check/obj_pynq_z1 \
	-o /home/elfo/Documents/Aster/build/phase2-clean/check/aster_pynq_z1_sim \
	-GMEM_INIT_FILE=\"build/phase2-clean/check/software/hello.hex\" \
	/home/elfo/Documents/Aster/rtl/core/aster_picorv32.sv /home/elfo/Documents/Aster/vendor/picorv32/picorv32.v /home/elfo/Documents/Aster/rtl/cache/aster_l1_cache.sv \
	/home/elfo/Documents/Aster/rtl/memory/aster_rom.sv /home/elfo/Documents/Aster/rtl/memory/aster_ram.sv \
	/home/elfo/Documents/Aster/rtl/peripherals/aster_uart.sv /home/elfo/Documents/Aster/rtl/peripherals/aster_perf_counters.sv /home/elfo/Documents/Aster/rtl/peripherals/aster_uart_tx.sv /home/elfo/Documents/Aster/rtl/soc/aster_pynq_z1.sv \
	/home/elfo/Documents/Aster/rtl/soc/aster_minimal.sv /home/elfo/Documents/Aster/verification/soc/tb_pynq_z1.cpp
make[1]: warning: jobserver unavailable: using -j1.  Add '+' to parent make rule.
make[1]: Entering directory '/home/elfo/Documents/Aster/build/phase2-clean/check/obj_pynq_z1'
g++  -I.  -MMD -I/home/elfo/tools/verilator/root/include -I/home/elfo/tools/verilator/root/include/vltstd -DVM_COVERAGE=0 -DVM_SC=0 -DVM_TRACE=0 -DVM_TRACE_FST=0 -DVM_TRACE_VCD=0 -faligned-new -fcf-protection=none -Wno-bool-operation -Wno-overloaded-virtual -Wno-shadow -Wno-sign-compare -Wno-uninitialized -Wno-unused-but-set-parameter -Wno-unused-but-set-variable -Wno-unused-parameter -Wno-unused-variable       -Os -c -o tb_pynq_z1.o /home/elfo/Documents/Aster/verification/soc/tb_pynq_z1.cpp
g++ -Os  -I.  -MMD -I/home/elfo/tools/verilator/root/include -I/home/elfo/tools/verilator/root/include/vltstd -DVM_COVERAGE=0 -DVM_SC=0 -DVM_TRACE=0 -DVM_TRACE_FST=0 -DVM_TRACE_VCD=0 -faligned-new -fcf-protection=none -Wno-bool-operation -Wno-overloaded-virtual -Wno-shadow -Wno-sign-compare -Wno-uninitialized -Wno-unused-but-set-parameter -Wno-unused-but-set-variable -Wno-unused-parameter -Wno-unused-variable       -c -o verilated.o /home/elfo/tools/verilator/root/include/verilated.cpp
g++ -Os  -I.  -MMD -I/home/elfo/tools/verilator/root/include -I/home/elfo/tools/verilator/root/include/vltstd -DVM_COVERAGE=0 -DVM_SC=0 -DVM_TRACE=0 -DVM_TRACE_FST=0 -DVM_TRACE_VCD=0 -faligned-new -fcf-protection=none -Wno-bool-operation -Wno-overloaded-virtual -Wno-shadow -Wno-sign-compare -Wno-uninitialized -Wno-unused-but-set-parameter -Wno-unused-but-set-variable -Wno-unused-parameter -Wno-unused-variable       -c -o verilated.o /home/elfo/tools/verilator/root/include/verilated.cpp
g++ -Os  -I.  -MMD -I/home/elfo/tools/verilator/root/include -I/home/elfo/tools/verilator/root/include/vltstd -DVM_COVERAGE=0 -DVM_SC=0 -DVM_TRACE=0 -DVM_TRACE_FST=0 -DVM_TRACE_VCD=0 -faligned-new -fcf-protection=none -Wno-bool-operation -Wno-overloaded-virtual -Wno-shadow -Wno-sign-compare -Wno-uninitialized -Wno-unused-but-set-parameter -Wno-unused-but-set-variable -Wno-unused-parameter -Wno-unused-variable       -c -o verilated_threads.o /home/elfo/tools/verilator/root/include/verilated_threads.cpp
/usr/bin/python3 /home/elfo/tools/verilator/root/bin/verilator_includer -DVL_INCLUDE_OPT=include Vaster_minimal.cpp Vaster_minimal___024root__DepSet_h32747b0f__0.cpp Vaster_minimal___024root__DepSet_h1d8fc093__0.cpp Vaster_minimal___024root__Slow.cpp Vaster_minimal___024root__DepSet_h32747b0f__0__Slow.cpp Vaster_minimal___024root__DepSet_h1d8fc093__0__Slow.cpp Vaster_minimal__Syms.cpp > Vaster_minimal__ALL.cpp
g++ -Os  -I.  -MMD -I/home/elfo/tools/verilator/root/include -I/home/elfo/tools/verilator/root/include/vltstd -DVM_COVERAGE=0 -DVM_SC=0 -DVM_TRACE=0 -DVM_TRACE_FST=0 -DVM_TRACE_VCD=0 -faligned-new -fcf-protection=none -Wno-bool-operation -Wno-overloaded-virtual -Wno-shadow -Wno-sign-compare -Wno-uninitialized -Wno-unused-but-set-parameter -Wno-unused-but-set-variable -Wno-unused-parameter -Wno-unused-variable       -c -o Vaster_minimal__ALL.o Vaster_minimal__ALL.cpp
echo "" > Vaster_minimal__ALL.verilator_deplist.tmp
Archive ar -rcs Vaster_minimal__ALL.a Vaster_minimal__ALL.o
g++     tb_aster_hello.o verilated.o verilated_threads.o Vaster_minimal__ALL.a    -pthread -lpthread -latomic   -o /home/elfo/Documents/Aster/build/phase2-clean/check/aster_hello_sim
rm Vaster_minimal__ALL.verilator_deplist.tmp
make[1]: Leaving directory '/home/elfo/Documents/Aster/build/phase2-clean/check/obj_hello'
PASS: Linux AXI boot + UART serial capture (17 bytes)
PASS: Linux AXI boot + UART serial capture (17 bytes)
g++ -Os  -I.  -MMD -I/home/elfo/tools/verilator/root/include -I/home/elfo/tools/verilator/root/include/vltstd -DVM_COVERAGE=0 -DVM_SC=0 -DVM_TRACE=0 -DVM_TRACE_FST=0 -DVM_TRACE_VCD=0 -faligned-new -fcf-protection=none -Wno-bool-operation -Wno-overloaded-virtual -Wno-shadow -Wno-sign-compare -Wno-uninitialized -Wno-unused-but-set-parameter -Wno-unused-but-set-variable -Wno-unused-parameter -Wno-unused-variable       -c -o verilated_threads.o /home/elfo/tools/verilator/root/include/verilated_threads.cpp
PASS: Linux AXI boot + UART serial capture (1060 bytes)
PASS: Linux AXI boot + UART serial capture (1060 bytes)
PASS: Linux AXI boot + UART serial capture (443 bytes)
PASS: Linux AXI boot + UART serial capture (443 bytes)
PASS: counters/events, command strobes, freeze/resume, reset and 64-bit rollover
PASS: exact RVFI retirement sequence, stalled memory, six trap types and warm reset
PASS: Aster Verilator smoke test (16 cycles)
riscv32-unknown-elf-objcopy -O binary build/phase2-clean/check/software/rv32im_directed.elf build/phase2-clean/check/software/rv32im_directed.bin
python3 scripts/elf_to_hex.py --rom-bytes 65536 build/phase2-clean/check/software/rv32im_directed.elf build/phase2-clean/check/software/rv32im_directed.hex
Hello from Aster
PASS: Hello from Aster reached the simulated UART
ASTERBENCH,version=2,name=memcpy,bytes=256,repetitions=4,seed=0x13570000,status=PASS,checksum=0xc4be3200,clock_hz=31250000,l1=1,sync_memory=0,line_words=4,line_count=16,memory_wait=0,cycles=0x0000000000001c92,retired=0x0000000000000611,memory_transactions=0x0000000000000910,backing_transactions=0x000000000000014c,cache_accesses=0x0000000000000910,cache_misses=0x0000000000000113,dma_bytes=0x0000000000000000,accelerator_cycles=0x0000000000000000
PASS: strict AsterBench v2 record
RV32IM PASS
PASS: RV32IM PASS (1 boot(s))
/usr/bin/python3 /home/elfo/tools/verilator/root/bin/verilator_includer -DVL_INCLUDE_OPT=include Vaster_pynq_z1.cpp Vaster_pynq_z1___024root__DepSet_h28096f94__0.cpp Vaster_pynq_z1___024root__DepSet_h5729cf8c__0.cpp Vaster_pynq_z1___024root__Slow.cpp Vaster_pynq_z1___024root__DepSet_h28096f94__0__Slow.cpp Vaster_pynq_z1___024root__DepSet_h5729cf8c__0__Slow.cpp Vaster_pynq_z1__Syms.cpp > Vaster_pynq_z1__ALL.cpp
g++ -Os  -I.  -MMD -I/home/elfo/tools/verilator/root/include -I/home/elfo/tools/verilator/root/include/vltstd -DVM_COVERAGE=0 -DVM_SC=0 -DVM_TRACE=0 -DVM_TRACE_FST=0 -DVM_TRACE_VCD=0 -faligned-new -fcf-protection=none -Wno-bool-operation -Wno-overloaded-virtual -Wno-shadow -Wno-sign-compare -Wno-uninitialized -Wno-unused-but-set-parameter -Wno-unused-but-set-variable -Wno-unused-parameter -Wno-unused-variable       -c -o Vaster_pynq_z1__ALL.o Vaster_pynq_z1__ALL.cpp
echo "" > Vaster_pynq_z1__ALL.verilator_deplist.tmp
Archive ar -rcs Vaster_pynq_z1__ALL.a Vaster_pynq_z1__ALL.o
g++     tb_pynq_z1.o verilated.o verilated_threads.o Vaster_pynq_z1__ALL.a    -pthread -lpthread -latomic   -o /home/elfo/Documents/Aster/build/phase2-clean/check/aster_pynq_z1_sim
rm Vaster_pynq_z1__ALL.verilator_deplist.tmp
make[1]: Leaving directory '/home/elfo/Documents/Aster/build/phase2-clean/check/obj_pynq_z1'
PASS: PYNQ-Z1 UART serial decode (17 bytes)
PASS: PYNQ-Z1 UART serial decode (17 bytes)
PASS: PYNQ-Z1 UART serial decode (1060 bytes)
PASS: PYNQ-Z1 UART serial decode (1060 bytes)
PASS: PYNQ-Z1 UART serial decode (448 bytes)
PASS: PYNQ-Z1 UART serial decode (448 bytes)
