NAMED-PATH-BEGIN d_rsp_valid_to_d_req_valid
Startpoint: d_rsp_valid (input port clocked by clk)
Endpoint: d_req_valid (output port clocked by clk)
Path Group: clk
Path Type: max

   Delay     Time   Description
-----------------------------------------------------------
   0.000    0.000   clock clk (rise edge)
   0.000    0.000   clock network delay (propagated)
   2.000    2.000 ^ input external delay
   0.016    2.016 ^ d_rsp_valid (in)
   0.316    2.333 ^ input35/X (sky130_fd_sc_hd__buf_2)
   0.330    2.663 ^ fanout3865/X (sky130_fd_sc_hd__buf_2)
   0.329    2.992 ^ fanout3864/X (sky130_fd_sc_hd__buf_2)
   0.288    3.280 ^ fanout3863/X (sky130_fd_sc_hd__buf_2)
   0.251    3.531 ^ _17128_/X (sky130_fd_sc_hd__or3b_4)
   0.186    3.717 v _17140_/Y (sky130_fd_sc_hd__o2111ai_4)
   0.534    4.251 ^ _17141_/X (sky130_fd_sc_hd__and4b_2)
   0.300    4.551 ^ output109/X (sky130_fd_sc_hd__buf_2)
   0.001    4.552 ^ d_req_valid (out)
            4.552   data arrival time

  10.000   10.000   clock clk (rise edge)
   0.000   10.000   clock network delay (propagated)
  -0.250    9.750   clock uncertainty
   0.000    9.750   clock reconvergence pessimism
  -2.000    7.750   output external delay
            7.750   data required time
-----------------------------------------------------------
            7.750   data required time
           -4.552   data arrival time
-----------------------------------------------------------
            3.198   slack (MET)


NAMED-PATH-END
NAMED-PATH-BEGIN d_rsp_error_to_d_req_valid
Startpoint: d_rsp_error (input port clocked by clk)
Endpoint: d_req_valid (output port clocked by clk)
Path Group: clk
Path Type: max

   Delay     Time   Description
-----------------------------------------------------------
   0.000    0.000   clock clk (rise edge)
   0.000    0.000   clock network delay (propagated)
   2.000    2.000 v input external delay
   0.008    2.008 v d_rsp_error (in)
   0.230    2.237 v input2/X (sky130_fd_sc_hd__buf_2)
   0.250    2.487 v _17129_/Y (sky130_fd_sc_hd__nand2b_2)
   0.218    2.706 v _17130_/X (sky130_fd_sc_hd__o211a_2)
   0.221    2.926 ^ _17132_/Y (sky130_fd_sc_hd__o21ai_2)
   0.209    3.135 ^ fanout1123/X (sky130_fd_sc_hd__buf_6)
   0.183    3.318 ^ wire1124/X (sky130_fd_sc_hd__buf_12)
   0.172    3.490 v _17140_/Y (sky130_fd_sc_hd__o2111ai_4)
   0.534    4.023 ^ _17141_/X (sky130_fd_sc_hd__and4b_2)
   0.300    4.323 ^ output109/X (sky130_fd_sc_hd__buf_2)
   0.001    4.324 ^ d_req_valid (out)
            4.324   data arrival time

  10.000   10.000   clock clk (rise edge)
   0.000   10.000   clock network delay (propagated)
  -0.250    9.750   clock uncertainty
   0.000    9.750   clock reconvergence pessimism
  -2.000    7.750   output external delay
            7.750   data required time
-----------------------------------------------------------
            7.750   data required time
           -4.324   data arrival time
-----------------------------------------------------------
            3.426   slack (MET)


NAMED-PATH-END
