NAMED-PATH-BEGIN d_rsp_valid_to_d_req_valid
Startpoint: d_rsp_valid (input port clocked by clk)
Endpoint: d_req_valid (output port clocked by clk)
Path Group: clk
Path Type: max

   Delay     Time   Description
-----------------------------------------------------------
   0.000    0.000   clock clk (rise edge)
   0.000    0.000   clock network delay (propagated)
   2.000    2.000 ^ input external delay
   0.012    2.012 ^ d_rsp_valid (in)
   0.291    2.303 ^ input35/X (sky130_fd_sc_hd__buf_2)
   0.321    2.624 ^ fanout1816/X (sky130_fd_sc_hd__buf_2)
   0.290    2.915 v _07762_/X (sky130_fd_sc_hd__and4bb_4)
   0.204    3.119 v fanout975/X (sky130_fd_sc_hd__clkbuf_4)
   0.234    3.353 ^ _07765_/Y (sky130_fd_sc_hd__nand2_2)
   0.248    3.601 ^ _07770_/X (sky130_fd_sc_hd__and3_4)
   0.195    3.797 ^ fanout425/X (sky130_fd_sc_hd__buf_6)
   0.357    4.154 ^ _07771_/X (sky130_fd_sc_hd__and4_4)
   0.160    4.313 ^ output109/X (sky130_fd_sc_hd__buf_8)
   0.001    4.314 ^ d_req_valid (out)
            4.314   data arrival time

  10.000   10.000   clock clk (rise edge)
   0.000   10.000   clock network delay (propagated)
  -0.250    9.750   clock uncertainty
   0.000    9.750   clock reconvergence pessimism
  -2.000    7.750   output external delay
            7.750   data required time
-----------------------------------------------------------
            7.750   data required time
           -4.314   data arrival time
-----------------------------------------------------------
            3.436   slack (MET)


NAMED-PATH-END
NAMED-PATH-BEGIN d_rsp_error_to_d_req_valid
Startpoint: d_rsp_error (input port clocked by clk)
Endpoint: d_req_valid (output port clocked by clk)
Path Group: clk
Path Type: max

   Delay     Time   Description
-----------------------------------------------------------
   0.000    0.000   clock clk (rise edge)
   0.000    0.000   clock network delay (propagated)
   2.000    2.000 v input external delay
   0.005    2.005 v d_rsp_error (in)
   0.213    2.218 v input2/X (sky130_fd_sc_hd__buf_2)
   0.255    2.472 v _07756_/Y (sky130_fd_sc_hd__nand2b_2)
   0.165    2.637 v _07757_/X (sky130_fd_sc_hd__o211a_2)
   0.249    2.886 ^ _07760_/Y (sky130_fd_sc_hd__o21ai_2)
   0.226    3.113 ^ fanout577/X (sky130_fd_sc_hd__buf_6)
   0.226    3.339 ^ _07770_/X (sky130_fd_sc_hd__and3_4)
   0.195    3.534 ^ fanout425/X (sky130_fd_sc_hd__buf_6)
   0.357    3.891 ^ _07771_/X (sky130_fd_sc_hd__and4_4)
   0.160    4.051 ^ output109/X (sky130_fd_sc_hd__buf_8)
   0.001    4.052 ^ d_req_valid (out)
            4.052   data arrival time

  10.000   10.000   clock clk (rise edge)
   0.000   10.000   clock network delay (propagated)
  -0.250    9.750   clock uncertainty
   0.000    9.750   clock reconvergence pessimism
  -2.000    7.750   output external delay
            7.750   data required time
-----------------------------------------------------------
            7.750   data required time
           -4.052   data arrival time
-----------------------------------------------------------
            3.698   slack (MET)


NAMED-PATH-END
