Copyright 1986-2022 Xilinx, Inc. All Rights Reserved. Copyright 2022-2025 Advanced Micro Devices, Inc. All Rights Reserved.
---------------------------------------------------------------------------------------------------------------------------------------------
| Tool Version : Vivado v.2025.1 (lin64) Build 6140274 Wed May 21 22:58:25 MDT 2025
| Date         : Mon Oct  5 18:29:54 2026
| Host         : gondor running 64-bit Ubuntu 24.04.5 LTS
| Command      : report_timing_summary -max_paths 10 -file /home/elfo/Documents/Aster/build/timing/fpga/npu2_bram/timing_summary.rpt
| Design       : timing_npu2_bram
| Device       : 7z020-clg400
| Speed File   : -1  PRODUCTION 1.12 2019-11-22
| Design State : Routed
---------------------------------------------------------------------------------------------------------------------------------------------

Timing Summary Report

------------------------------------------------------------------------------------------------
| Timer Settings
| --------------
------------------------------------------------------------------------------------------------

  Enable Multi Corner Analysis               :  Yes
  Enable Pessimism Removal                   :  Yes
  Pessimism Removal Resolution               :  Nearest Common Node
  Enable Input Delay Default Clock           :  No
  Enable Preset / Clear Arcs                 :  No
  Disable Flight Delays                      :  No
  Ignore I/O Paths                           :  No
  Timing Early Launch at Borrowing Latches   :  No
  Borrow Time for Max Delay Exceptions       :  Yes
  Merge Timing Exceptions                    :  Yes
  Inter-SLR Compensation                     :  Conservative

  Corner  Analyze    Analyze    
  Name    Max Paths  Min Paths  
  ------  ---------  ---------  
  Slow    Yes        Yes        
  Fast    Yes        Yes        


------------------------------------------------------------------------------------------------
| Report Methodology
| ------------------
------------------------------------------------------------------------------------------------

No report available as report_methodology has not been run prior. Run report_methodology on the current design for the summary of methodology violations.



check_timing report

Table of Contents
-----------------
1. checking no_clock (0)
2. checking constant_clock (0)
3. checking pulse_width_clock (0)
4. checking unconstrained_internal_endpoints (0)
5. checking no_input_delay (51)
6. checking no_output_delay (67)
7. checking multiple_clock (0)
8. checking generated_clocks (0)
9. checking loops (0)
10. checking partial_input_delay (0)
11. checking partial_output_delay (0)
12. checking latch_loops (0)

1. checking no_clock (0)
------------------------
 There are 0 register/latch pins with no clock.


2. checking constant_clock (0)
------------------------------
 There are 0 register/latch pins with constant_clock.


3. checking pulse_width_clock (0)
---------------------------------
 There are 0 register/latch pins which need pulse_width check


4. checking unconstrained_internal_endpoints (0)
------------------------------------------------
 There are 0 pins that are not constrained for maximum delay.

 There are 0 pins that are not constrained for maximum delay due to constant clock.


5. checking no_input_delay (51)
-------------------------------
 There are 51 input ports with no input delay specified. (HIGH)

 There are 0 input ports with no input delay but user has a false path constraint.


6. checking no_output_delay (67)
--------------------------------
 There are 67 ports with no output delay specified. (HIGH)

 There are 0 ports with no output delay but user has a false path constraint

 There are 0 ports with no output delay but with a timing clock defined on it or propagating through it


7. checking multiple_clock (0)
------------------------------
 There are 0 register/latch pins with multiple clocks.


8. checking generated_clocks (0)
--------------------------------
 There are 0 generated clocks that are not connected to a clock source.


9. checking loops (0)
---------------------
 There are 0 combinational loops in the design.


10. checking partial_input_delay (0)
------------------------------------
 There are 0 input ports with partial input delay specified.


11. checking partial_output_delay (0)
-------------------------------------
 There are 0 ports with partial output delay specified.


12. checking latch_loops (0)
----------------------------
 There are 0 combinational latch loops in the design through latch input



------------------------------------------------------------------------------------------------
| Design Timing Summary
| ---------------------
------------------------------------------------------------------------------------------------

    WNS(ns)      TNS(ns)  TNS Failing Endpoints  TNS Total Endpoints      WHS(ns)      THS(ns)  THS Failing Endpoints  THS Total Endpoints     WPWS(ns)     TPWS(ns)  TPWS Failing Endpoints  TPWS Total Endpoints  
    -------      -------  ---------------------  -------------------      -------      -------  ---------------------  -------------------     --------     --------  ----------------------  --------------------  
      0.710        0.000                      0                13721        0.082        0.000                      0                13721        3.750        0.000                       0                  5037  


All user specified timing constraints are met.


------------------------------------------------------------------------------------------------
| Clock Summary
| -------------
------------------------------------------------------------------------------------------------

Clock  Waveform(ns)       Period(ns)      Frequency(MHz)
-----  ------------       ----------      --------------
clk    {0.000 5.000}      10.000          100.000         


------------------------------------------------------------------------------------------------
| Intra Clock Table
| -----------------
------------------------------------------------------------------------------------------------

Clock             WNS(ns)      TNS(ns)  TNS Failing Endpoints  TNS Total Endpoints      WHS(ns)      THS(ns)  THS Failing Endpoints  THS Total Endpoints     WPWS(ns)     TPWS(ns)  TPWS Failing Endpoints  TPWS Total Endpoints  
-----             -------      -------  ---------------------  -------------------      -------      -------  ---------------------  -------------------     --------     --------  ----------------------  --------------------  
clk                 0.710        0.000                      0                13721        0.082        0.000                      0                13721        3.750        0.000                       0                  5037  


------------------------------------------------------------------------------------------------
| Inter Clock Table
| -----------------
------------------------------------------------------------------------------------------------

From Clock    To Clock          WNS(ns)      TNS(ns)  TNS Failing Endpoints  TNS Total Endpoints      WHS(ns)      THS(ns)  THS Failing Endpoints  THS Total Endpoints  
----------    --------          -------      -------  ---------------------  -------------------      -------      -------  ---------------------  -------------------  


------------------------------------------------------------------------------------------------
| Other Path Groups Table
| -----------------------
------------------------------------------------------------------------------------------------

Path Group    From Clock    To Clock          WNS(ns)      TNS(ns)  TNS Failing Endpoints  TNS Total Endpoints      WHS(ns)      THS(ns)  THS Failing Endpoints  THS Total Endpoints  
----------    ----------    --------          -------      -------  ---------------------  -------------------      -------      -------  ---------------------  -------------------  


------------------------------------------------------------------------------------------------
| Timing Details
| --------------
------------------------------------------------------------------------------------------------


---------------------------------------------------------------------------------------------------
From Clock:  clk
  To Clock:  clk

Setup :            0  Failing Endpoints,  Worst Slack        0.710ns,  Total Violation        0.000ns
Hold  :            0  Failing Endpoints,  Worst Slack        0.082ns,  Total Violation        0.000ns
PW    :            0  Failing Endpoints,  Worst Slack        3.750ns,  Total Violation        0.000ns
---------------------------------------------------------------------------------------------------


Max Delay Paths
--------------------------------------------------------------------------------------
Slack (MET) :             0.710ns  (required time - arrival time)
  Source:                 npu/engine/g_left_reg[3]/C
                            (rising edge-triggered cell FDRE clocked by clk  {rise@0.000ns fall@5.000ns period=10.000ns})
  Destination:            npu/engine/ld_words_reg[7]/D
                            (rising edge-triggered cell FDRE clocked by clk  {rise@0.000ns fall@5.000ns period=10.000ns})
  Path Group:             clk
  Path Type:              Setup (Max at Slow Process Corner)
  Requirement:            10.000ns  (clk rise@10.000ns - clk rise@0.000ns)
  Data Path Delay:        9.235ns  (logic 4.257ns (46.097%)  route 4.978ns (53.903%))
  Logic Levels:           13  (CARRY4=7 LUT3=1 LUT4=1 LUT5=1 LUT6=3)
  Clock Path Skew:        -0.049ns (DCD - SCD + CPR)
    Destination Clock Delay (DCD):    0.924ns = ( 10.924 - 10.000 ) 
    Source Clock Delay      (SCD):    0.973ns
    Clock Pessimism Removal (CPR):    0.000ns
  Clock Uncertainty:      0.035ns  ((TSJ^2 + TIJ^2)^1/2 + DJ) / 2 + PE
    Total System Jitter     (TSJ):    0.071ns
    Total Input Jitter      (TIJ):    0.000ns
    Discrete Jitter          (DJ):    0.000ns
    Phase Error              (PE):    0.000ns

    Location             Delay type                Incr(ns)  Path(ns)    Netlist Resource(s)
  -------------------------------------------------------------------    -------------------
                         (clock clk rise edge)        0.000     0.000 r  
                                                      0.000     0.000 r  clk (IN)
                         net (fo=5036, unset)         0.973     0.973    npu/engine/clk
    SLICE_X36Y76         FDRE                                         r  npu/engine/g_left_reg[3]/C
  -------------------------------------------------------------------    -------------------
    SLICE_X36Y76         FDRE (Prop_fdre_C_Q)         0.478     1.451 r  npu/engine/g_left_reg[3]/Q
                         net (fo=11, routed)          0.993     2.444    npu/engine/g_left__0[3]
    SLICE_X41Y76         LUT4 (Prop_lut4_I1_O)        0.298     2.742 r  npu/engine/gp[10]_i_15/O
                         net (fo=1, routed)           0.000     2.742    npu/engine/gp[10]_i_15_n_0
    SLICE_X41Y76         CARRY4 (Prop_carry4_S[1]_CO[3])
                                                      0.550     3.292 r  npu/engine/gp_reg[10]_i_4/CO[3]
                         net (fo=1, routed)           0.000     3.292    npu/engine/gp_reg[10]_i_4_n_0
    SLICE_X41Y77         CARRY4 (Prop_carry4_CI_CO[1])
                                                      0.157     3.449 r  npu/engine/gp_reg[10]_i_3/CO[1]
                         net (fo=55, routed)          0.902     4.351    npu/engine/gp_now1
    SLICE_X37Y76         LUT3 (Prop_lut3_I1_O)        0.329     4.680 f  npu/engine/gp[1]_i_1/O
                         net (fo=2, routed)           0.600     5.280    npu/engine/gp_now[1]
    SLICE_X40Y76         LUT6 (Prop_lut6_I1_O)        0.124     5.404 r  npu/engine/panel_cols[12]_i_12/O
                         net (fo=1, routed)           0.330     5.734    npu/engine/panel_cols[12]_i_12_n_0
    SLICE_X40Y77         CARRY4 (Prop_carry4_DI[1]_CO[3])
                                                      0.507     6.241 r  npu/engine/panel_cols_reg[12]_i_3/CO[3]
                         net (fo=1, routed)           0.000     6.241    npu/engine/panel_cols_reg[12]_i_3_n_0
    SLICE_X40Y78         CARRY4 (Prop_carry4_CI_CO[2])
                                                      0.228     6.469 r  npu/engine/panel_cols_reg[12]_i_2/CO[2]
                         net (fo=29, routed)          0.556     7.026    npu/engine/pcols_now1
    SLICE_X40Y75         LUT5 (Prop_lut5_I3_O)        0.313     7.339 r  npu/engine/panel_cols[2]_i_1/O
                         net (fo=3, routed)           0.488     7.827    npu/engine/pcols_now[2]
    SLICE_X45Y76         CARRY4 (Prop_carry4_DI[2]_CO[3])
                                                      0.398     8.225 r  npu/engine/ld_words_reg[1]_i_5/CO[3]
                         net (fo=1, routed)           0.000     8.225    npu/engine/ld_words_reg[1]_i_5_n_0
    SLICE_X45Y77         CARRY4 (Prop_carry4_CI_CO[3])
                                                      0.114     8.339 r  npu/engine/ld_words_reg[5]_i_5/CO[3]
                         net (fo=1, routed)           0.000     8.339    npu/engine/ld_words_reg[5]_i_5_n_0
    SLICE_X45Y78         CARRY4 (Prop_carry4_CI_O[1])
                                                      0.334     8.673 r  npu/engine/ld_words_reg[9]_i_5/O[1]
                         net (fo=1, routed)           0.555     9.228    npu/engine/ld_words_reg[9]_i_5_n_6
    SLICE_X47Y76         LUT6 (Prop_lut6_I3_O)        0.303     9.531 f  npu/engine/ld_words[7]_i_2/O
                         net (fo=1, routed)           0.553    10.084    npu/engine/ld_words[7]_i_2_n_0
    SLICE_X49Y76         LUT6 (Prop_lut6_I1_O)        0.124    10.208 r  npu/engine/ld_words[7]_i_1/O
                         net (fo=1, routed)           0.000    10.208    npu/engine/ld_words[7]_i_1_n_0
    SLICE_X49Y76         FDRE                                         r  npu/engine/ld_words_reg[7]/D
  -------------------------------------------------------------------    -------------------

                         (clock clk rise edge)       10.000    10.000 r  
                                                      0.000    10.000 r  clk (IN)
                         net (fo=5036, unset)         0.924    10.924    npu/engine/clk
    SLICE_X49Y76         FDRE                                         r  npu/engine/ld_words_reg[7]/C
                         clock pessimism              0.000    10.924    
                         clock uncertainty           -0.035    10.889    
    SLICE_X49Y76         FDRE (Setup_fdre_C_D)        0.029    10.918    npu/engine/ld_words_reg[7]
  -------------------------------------------------------------------
                         required time                         10.918    
                         arrival time                         -10.208    
  -------------------------------------------------------------------
                         slack                                  0.710    

Slack (MET) :             0.760ns  (required time - arrival time)
  Source:                 npu/engine/tcols_left_reg[3]/C
                            (rising edge-triggered cell FDRE clocked by clk  {rise@0.000ns fall@5.000ns period=10.000ns})
  Destination:            npu/engine/bank_macs_reg_0_1_0_5/RAMA_D1/I
                            (rising edge-triggered cell RAMD32 clocked by clk  {rise@0.000ns fall@5.000ns period=10.000ns})
  Path Group:             clk
  Path Type:              Setup (Max at Slow Process Corner)
  Requirement:            10.000ns  (clk rise@10.000ns - clk rise@0.000ns)
  Data Path Delay:        8.898ns  (logic 4.804ns (53.992%)  route 4.094ns (46.008%))
  Logic Levels:           5  (DSP48E1=1 LUT2=1 LUT5=2 LUT6=1)
  Clock Path Skew:        -0.049ns (DCD - SCD + CPR)
    Destination Clock Delay (DCD):    0.924ns = ( 10.924 - 10.000 ) 
    Source Clock Delay      (SCD):    0.973ns
    Clock Pessimism Removal (CPR):    0.000ns
  Clock Uncertainty:      0.035ns  ((TSJ^2 + TIJ^2)^1/2 + DJ) / 2 + PE
    Total System Jitter     (TSJ):    0.071ns
    Total Input Jitter      (TIJ):    0.000ns
    Discrete Jitter          (DJ):    0.000ns
    Phase Error              (PE):    0.000ns

    Location             Delay type                Incr(ns)  Path(ns)    Netlist Resource(s)
  -------------------------------------------------------------------    -------------------
                         (clock clk rise edge)        0.000     0.000 r  
                                                      0.000     0.000 r  clk (IN)
                         net (fo=5036, unset)         0.973     0.973    npu/engine/clk
    SLICE_X83Y69         FDRE                                         r  npu/engine/tcols_left_reg[3]/C
  -------------------------------------------------------------------    -------------------
    SLICE_X83Y69         FDRE (Prop_fdre_C_Q)         0.456     1.429 r  npu/engine/tcols_left_reg[3]/Q
                         net (fo=3, routed)           0.958     2.387    npu/engine/tcols_left_reg_n_0_[3]
    SLICE_X84Y70         LUT6 (Prop_lut6_I2_O)        0.124     2.511 r  npu/engine/p_1_in_i_13/O
                         net (fo=1, routed)           0.300     2.812    npu/engine/p_1_in_i_13_n_0
    SLICE_X87Y70         LUT5 (Prop_lut5_I0_O)        0.124     2.936 r  npu/engine/p_1_in_i_12/O
                         net (fo=4, routed)           0.451     3.387    npu/engine/p_1_in_i_12_n_0
    SLICE_X84Y70         LUT2 (Prop_lut2_I1_O)        0.118     3.505 r  npu/engine/p_1_in_i_11/O
                         net (fo=4, routed)           0.652     4.157    npu/engine/cv_now[2]
    SLICE_X86Y69         LUT5 (Prop_lut5_I2_O)        0.326     4.483 r  npu/engine/p_1_in_i_2/O
                         net (fo=1, routed)           0.916     5.399    npu/engine/p_1_in_i_2_n_0
    DSP48_X3Y26          DSP48E1 (Prop_dsp48e1_B[4]_P[1])
                                                      3.656     9.055 r  npu/engine/p_1_in/P[1]
                         net (fo=1, routed)           0.815     9.871    npu/engine/bank_macs_reg_0_1_0_5/DIA1
    SLICE_X92Y69         RAMD32                                       r  npu/engine/bank_macs_reg_0_1_0_5/RAMA_D1/I
  -------------------------------------------------------------------    -------------------

                         (clock clk rise edge)       10.000    10.000 r  
                                                      0.000    10.000 r  clk (IN)
                         net (fo=5036, unset)         0.924    10.924    npu/engine/bank_macs_reg_0_1_0_5/WCLK
    SLICE_X92Y69         RAMD32                                       r  npu/engine/bank_macs_reg_0_1_0_5/RAMA_D1/CLK
                         clock pessimism              0.000    10.924    
                         clock uncertainty           -0.035    10.889    
    SLICE_X92Y69         RAMD32 (Setup_ramd32_CLK_I)
                                                     -0.258    10.631    npu/engine/bank_macs_reg_0_1_0_5/RAMA_D1
  -------------------------------------------------------------------
                         required time                         10.631    
                         arrival time                          -9.871    
  -------------------------------------------------------------------
                         slack                                  0.760    

Slack (MET) :             0.784ns  (required time - arrival time)
  Source:                 npu/engine/tcols_left_reg[3]/C
                            (rising edge-triggered cell FDRE clocked by clk  {rise@0.000ns fall@5.000ns period=10.000ns})
  Destination:            npu/engine/bank_macs_reg_0_1_0_5/RAMC_D1/I
                            (rising edge-triggered cell RAMD32 clocked by clk  {rise@0.000ns fall@5.000ns period=10.000ns})
  Path Group:             clk
  Path Type:              Setup (Max at Slow Process Corner)
  Requirement:            10.000ns  (clk rise@10.000ns - clk rise@0.000ns)
  Data Path Delay:        8.883ns  (logic 4.804ns (54.079%)  route 4.079ns (45.921%))
  Logic Levels:           5  (DSP48E1=1 LUT2=1 LUT5=2 LUT6=1)
  Clock Path Skew:        -0.049ns (DCD - SCD + CPR)
    Destination Clock Delay (DCD):    0.924ns = ( 10.924 - 10.000 ) 
    Source Clock Delay      (SCD):    0.973ns
    Clock Pessimism Removal (CPR):    0.000ns
  Clock Uncertainty:      0.035ns  ((TSJ^2 + TIJ^2)^1/2 + DJ) / 2 + PE
    Total System Jitter     (TSJ):    0.071ns
    Total Input Jitter      (TIJ):    0.000ns
    Discrete Jitter          (DJ):    0.000ns
    Phase Error              (PE):    0.000ns

    Location             Delay type                Incr(ns)  Path(ns)    Netlist Resource(s)
  -------------------------------------------------------------------    -------------------
                         (clock clk rise edge)        0.000     0.000 r  
                                                      0.000     0.000 r  clk (IN)
                         net (fo=5036, unset)         0.973     0.973    npu/engine/clk
    SLICE_X83Y69         FDRE                                         r  npu/engine/tcols_left_reg[3]/C
  -------------------------------------------------------------------    -------------------
    SLICE_X83Y69         FDRE (Prop_fdre_C_Q)         0.456     1.429 r  npu/engine/tcols_left_reg[3]/Q
                         net (fo=3, routed)           0.958     2.387    npu/engine/tcols_left_reg_n_0_[3]
    SLICE_X84Y70         LUT6 (Prop_lut6_I2_O)        0.124     2.511 r  npu/engine/p_1_in_i_13/O
                         net (fo=1, routed)           0.300     2.812    npu/engine/p_1_in_i_13_n_0
    SLICE_X87Y70         LUT5 (Prop_lut5_I0_O)        0.124     2.936 r  npu/engine/p_1_in_i_12/O
                         net (fo=4, routed)           0.451     3.387    npu/engine/p_1_in_i_12_n_0
    SLICE_X84Y70         LUT2 (Prop_lut2_I1_O)        0.118     3.505 r  npu/engine/p_1_in_i_11/O
                         net (fo=4, routed)           0.652     4.157    npu/engine/cv_now[2]
    SLICE_X86Y69         LUT5 (Prop_lut5_I2_O)        0.326     4.483 r  npu/engine/p_1_in_i_2/O
                         net (fo=1, routed)           0.916     5.399    npu/engine/p_1_in_i_2_n_0
    DSP48_X3Y26          DSP48E1 (Prop_dsp48e1_B[4]_P[5])
                                                      3.656     9.055 r  npu/engine/p_1_in/P[5]
                         net (fo=1, routed)           0.801     9.856    npu/engine/bank_macs_reg_0_1_0_5/DIC1
    SLICE_X92Y69         RAMD32                                       r  npu/engine/bank_macs_reg_0_1_0_5/RAMC_D1/I
  -------------------------------------------------------------------    -------------------

                         (clock clk rise edge)       10.000    10.000 r  
                                                      0.000    10.000 r  clk (IN)
                         net (fo=5036, unset)         0.924    10.924    npu/engine/bank_macs_reg_0_1_0_5/WCLK
    SLICE_X92Y69         RAMD32                                       r  npu/engine/bank_macs_reg_0_1_0_5/RAMC_D1/CLK
                         clock pessimism              0.000    10.924    
                         clock uncertainty           -0.035    10.889    
    SLICE_X92Y69         RAMD32 (Setup_ramd32_CLK_I)
                                                     -0.249    10.640    npu/engine/bank_macs_reg_0_1_0_5/RAMC_D1
  -------------------------------------------------------------------
                         required time                         10.640    
                         arrival time                          -9.856    
  -------------------------------------------------------------------
                         slack                                  0.784    

Slack (MET) :             0.791ns  (required time - arrival time)
  Source:                 npu/engine/a_k0_reg[11]/C
                            (rising edge-triggered cell FDRE clocked by clk  {rise@0.000ns fall@5.000ns period=10.000ns})
  Destination:            npu/engine/ld_words_reg[9]/D
                            (rising edge-triggered cell FDRE clocked by clk  {rise@0.000ns fall@5.000ns period=10.000ns})
  Path Group:             clk
  Path Type:              Setup (Max at Slow Process Corner)
  Requirement:            10.000ns  (clk rise@10.000ns - clk rise@0.000ns)
  Data Path Delay:        9.156ns  (logic 3.340ns (36.478%)  route 5.816ns (63.522%))
  Logic Levels:           12  (CARRY4=6 LUT3=1 LUT4=3 LUT5=1 LUT6=1)
  Clock Path Skew:        -0.049ns (DCD - SCD + CPR)
    Destination Clock Delay (DCD):    0.924ns = ( 10.924 - 10.000 ) 
    Source Clock Delay      (SCD):    0.973ns
    Clock Pessimism Removal (CPR):    0.000ns
  Clock Uncertainty:      0.035ns  ((TSJ^2 + TIJ^2)^1/2 + DJ) / 2 + PE
    Total System Jitter     (TSJ):    0.071ns
    Total Input Jitter      (TIJ):    0.000ns
    Discrete Jitter          (DJ):    0.000ns
    Phase Error              (PE):    0.000ns

    Location             Delay type                Incr(ns)  Path(ns)    Netlist Resource(s)
  -------------------------------------------------------------------    -------------------
                         (clock clk rise edge)        0.000     0.000 r  
                                                      0.000     0.000 r  clk (IN)
                         net (fo=5036, unset)         0.973     0.973    npu/engine/clk
    SLICE_X61Y82         FDRE                                         r  npu/engine/a_k0_reg[11]/C
  -------------------------------------------------------------------    -------------------
    SLICE_X61Y82         FDRE (Prop_fdre_C_Q)         0.456     1.429 r  npu/engine/a_k0_reg[11]/Q
                         net (fo=15, routed)          1.765     3.194    npu/engine/a_k0_reg_n_0_[11]
    SLICE_X41Y88         LUT4 (Prop_lut4_I0_O)        0.124     3.318 r  npu/engine/ld_lseg[12]_i_57/O
                         net (fo=1, routed)           0.000     3.318    npu/engine/ld_lseg[12]_i_57_n_0
    SLICE_X41Y88         CARRY4 (Prop_carry4_S[1]_CO[3])
                                                      0.550     3.868 r  npu/engine/ld_lseg_reg[12]_i_38/CO[3]
                         net (fo=1, routed)           0.000     3.868    npu/engine/ld_lseg_reg[12]_i_38_n_0
    SLICE_X41Y89         CARRY4 (Prop_carry4_CI_CO[3])
                                                      0.114     3.982 r  npu/engine/ld_lseg_reg[12]_i_26/CO[3]
                         net (fo=1, routed)           0.000     3.982    npu/engine/ld_lseg_reg[12]_i_26_n_0
    SLICE_X41Y90         CARRY4 (Prop_carry4_CI_CO[3])
                                                      0.114     4.096 f  npu/engine/ld_lseg_reg[12]_i_17/CO[3]
                         net (fo=1, routed)           0.765     4.861    npu/engine/a_first_len2
    SLICE_X42Y90         LUT5 (Prop_lut5_I4_O)        0.124     4.985 r  npu/engine/ld_lseg[12]_i_8/O
                         net (fo=15, routed)          1.326     6.311    npu/engine/ld_lseg[12]_i_8_n_0
    SLICE_X52Y77         LUT3 (Prop_lut3_I1_O)        0.119     6.430 r  npu/engine/ld_lseg[1]_i_2/O
                         net (fo=4, routed)           0.692     7.122    npu/engine/ld_lseg[1]_i_2_n_0
    SLICE_X54Y76         LUT4 (Prop_lut4_I2_O)        0.332     7.454 r  npu/engine/ld_lseg[1]_i_4/O
                         net (fo=4, routed)           0.662     8.117    npu/engine/ld_lseg[1]_i_4_n_0
    SLICE_X53Y76         LUT4 (Prop_lut4_I3_O)        0.124     8.241 r  npu/engine/ld_words[1]_i_19/O
                         net (fo=1, routed)           0.000     8.241    npu/engine/ld_words[1]_i_19_n_0
    SLICE_X53Y76         CARRY4 (Prop_carry4_S[1]_CO[3])
                                                      0.550     8.791 r  npu/engine/ld_words_reg[1]_i_4/CO[3]
                         net (fo=1, routed)           0.000     8.791    npu/engine/ld_words_reg[1]_i_4_n_0
    SLICE_X53Y77         CARRY4 (Prop_carry4_CI_CO[3])
                                                      0.114     8.905 r  npu/engine/ld_words_reg[5]_i_4/CO[3]
                         net (fo=1, routed)           0.000     8.905    npu/engine/ld_words_reg[5]_i_4_n_0
    SLICE_X53Y78         CARRY4 (Prop_carry4_CI_O[3])
                                                      0.313     9.218 r  npu/engine/ld_words_reg[9]_i_4/O[3]
                         net (fo=1, routed)           0.606     9.823    npu/engine/data0[9]
    SLICE_X49Y76         LUT6 (Prop_lut6_I4_O)        0.306    10.129 r  npu/engine/ld_words[9]_i_1/O
                         net (fo=1, routed)           0.000    10.129    npu/engine/ld_words[9]_i_1_n_0
    SLICE_X49Y76         FDRE                                         r  npu/engine/ld_words_reg[9]/D
  -------------------------------------------------------------------    -------------------

                         (clock clk rise edge)       10.000    10.000 r  
                                                      0.000    10.000 r  clk (IN)
                         net (fo=5036, unset)         0.924    10.924    npu/engine/clk
    SLICE_X49Y76         FDRE                                         r  npu/engine/ld_words_reg[9]/C
                         clock pessimism              0.000    10.924    
                         clock uncertainty           -0.035    10.889    
    SLICE_X49Y76         FDRE (Setup_fdre_C_D)        0.031    10.920    npu/engine/ld_words_reg[9]
  -------------------------------------------------------------------
                         required time                         10.920    
                         arrival time                         -10.129    
  -------------------------------------------------------------------
                         slack                                  0.791    

Slack (MET) :             0.803ns  (required time - arrival time)
  Source:                 npu/engine/tcols_left_reg[3]/C
                            (rising edge-triggered cell FDRE clocked by clk  {rise@0.000ns fall@5.000ns period=10.000ns})
  Destination:            npu/engine/bank_macs_reg_0_1_0_5/RAMB_D1/I
                            (rising edge-triggered cell RAMD32 clocked by clk  {rise@0.000ns fall@5.000ns period=10.000ns})
  Path Group:             clk
  Path Type:              Setup (Max at Slow Process Corner)
  Requirement:            10.000ns  (clk rise@10.000ns - clk rise@0.000ns)
  Data Path Delay:        8.885ns  (logic 4.804ns (54.071%)  route 4.081ns (45.929%))
  Logic Levels:           5  (DSP48E1=1 LUT2=1 LUT5=2 LUT6=1)
  Clock Path Skew:        -0.049ns (DCD - SCD + CPR)
    Destination Clock Delay (DCD):    0.924ns = ( 10.924 - 10.000 ) 
    Source Clock Delay      (SCD):    0.973ns
    Clock Pessimism Removal (CPR):    0.000ns
  Clock Uncertainty:      0.035ns  ((TSJ^2 + TIJ^2)^1/2 + DJ) / 2 + PE
    Total System Jitter     (TSJ):    0.071ns
    Total Input Jitter      (TIJ):    0.000ns
    Discrete Jitter          (DJ):    0.000ns
    Phase Error              (PE):    0.000ns

    Location             Delay type                Incr(ns)  Path(ns)    Netlist Resource(s)
  -------------------------------------------------------------------    -------------------
                         (clock clk rise edge)        0.000     0.000 r  
                                                      0.000     0.000 r  clk (IN)
                         net (fo=5036, unset)         0.973     0.973    npu/engine/clk
    SLICE_X83Y69         FDRE                                         r  npu/engine/tcols_left_reg[3]/C
  -------------------------------------------------------------------    -------------------
    SLICE_X83Y69         FDRE (Prop_fdre_C_Q)         0.456     1.429 r  npu/engine/tcols_left_reg[3]/Q
                         net (fo=3, routed)           0.958     2.387    npu/engine/tcols_left_reg_n_0_[3]
    SLICE_X84Y70         LUT6 (Prop_lut6_I2_O)        0.124     2.511 r  npu/engine/p_1_in_i_13/O
                         net (fo=1, routed)           0.300     2.812    npu/engine/p_1_in_i_13_n_0
    SLICE_X87Y70         LUT5 (Prop_lut5_I0_O)        0.124     2.936 r  npu/engine/p_1_in_i_12/O
                         net (fo=4, routed)           0.451     3.387    npu/engine/p_1_in_i_12_n_0
    SLICE_X84Y70         LUT2 (Prop_lut2_I1_O)        0.118     3.505 r  npu/engine/p_1_in_i_11/O
                         net (fo=4, routed)           0.652     4.157    npu/engine/cv_now[2]
    SLICE_X86Y69         LUT5 (Prop_lut5_I2_O)        0.326     4.483 r  npu/engine/p_1_in_i_2/O
                         net (fo=1, routed)           0.916     5.399    npu/engine/p_1_in_i_2_n_0
    DSP48_X3Y26          DSP48E1 (Prop_dsp48e1_B[4]_P[3])
                                                      3.656     9.055 r  npu/engine/p_1_in/P[3]
                         net (fo=1, routed)           0.802     9.858    npu/engine/bank_macs_reg_0_1_0_5/DIB1
    SLICE_X92Y69         RAMD32                                       r  npu/engine/bank_macs_reg_0_1_0_5/RAMB_D1/I
  -------------------------------------------------------------------    -------------------

                         (clock clk rise edge)       10.000    10.000 r  
                                                      0.000    10.000 r  clk (IN)
                         net (fo=5036, unset)         0.924    10.924    npu/engine/bank_macs_reg_0_1_0_5/WCLK
    SLICE_X92Y69         RAMD32                                       r  npu/engine/bank_macs_reg_0_1_0_5/RAMB_D1/CLK
                         clock pessimism              0.000    10.924    
                         clock uncertainty           -0.035    10.889    
    SLICE_X92Y69         RAMD32 (Setup_ramd32_CLK_I)
                                                     -0.228    10.661    npu/engine/bank_macs_reg_0_1_0_5/RAMB_D1
  -------------------------------------------------------------------
                         required time                         10.661    
                         arrival time                          -9.858    
  -------------------------------------------------------------------
                         slack                                  0.803    

Slack (MET) :             0.871ns  (required time - arrival time)
  Source:                 npu/engine/tcols_left_reg[3]/C
                            (rising edge-triggered cell FDRE clocked by clk  {rise@0.000ns fall@5.000ns period=10.000ns})
  Destination:            npu/engine/bank_macs_reg_0_1_0_5/RAMA/I
                            (rising edge-triggered cell RAMD32 clocked by clk  {rise@0.000ns fall@5.000ns period=10.000ns})
  Path Group:             clk
  Path Type:              Setup (Max at Slow Process Corner)
  Requirement:            10.000ns  (clk rise@10.000ns - clk rise@0.000ns)
  Data Path Delay:        8.884ns  (logic 4.804ns (54.072%)  route 4.080ns (45.928%))
  Logic Levels:           5  (DSP48E1=1 LUT2=1 LUT5=2 LUT6=1)
  Clock Path Skew:        -0.049ns (DCD - SCD + CPR)
    Destination Clock Delay (DCD):    0.924ns = ( 10.924 - 10.000 ) 
    Source Clock Delay      (SCD):    0.973ns
    Clock Pessimism Removal (CPR):    0.000ns
  Clock Uncertainty:      0.035ns  ((TSJ^2 + TIJ^2)^1/2 + DJ) / 2 + PE
    Total System Jitter     (TSJ):    0.071ns
    Total Input Jitter      (TIJ):    0.000ns
    Discrete Jitter          (DJ):    0.000ns
    Phase Error              (PE):    0.000ns

    Location             Delay type                Incr(ns)  Path(ns)    Netlist Resource(s)
  -------------------------------------------------------------------    -------------------
                         (clock clk rise edge)        0.000     0.000 r  
                                                      0.000     0.000 r  clk (IN)
                         net (fo=5036, unset)         0.973     0.973    npu/engine/clk
    SLICE_X83Y69         FDRE                                         r  npu/engine/tcols_left_reg[3]/C
  -------------------------------------------------------------------    -------------------
    SLICE_X83Y69         FDRE (Prop_fdre_C_Q)         0.456     1.429 r  npu/engine/tcols_left_reg[3]/Q
                         net (fo=3, routed)           0.958     2.387    npu/engine/tcols_left_reg_n_0_[3]
    SLICE_X84Y70         LUT6 (Prop_lut6_I2_O)        0.124     2.511 r  npu/engine/p_1_in_i_13/O
                         net (fo=1, routed)           0.300     2.812    npu/engine/p_1_in_i_13_n_0
    SLICE_X87Y70         LUT5 (Prop_lut5_I0_O)        0.124     2.936 r  npu/engine/p_1_in_i_12/O
                         net (fo=4, routed)           0.451     3.387    npu/engine/p_1_in_i_12_n_0
    SLICE_X84Y70         LUT2 (Prop_lut2_I1_O)        0.118     3.505 r  npu/engine/p_1_in_i_11/O
                         net (fo=4, routed)           0.652     4.157    npu/engine/cv_now[2]
    SLICE_X86Y69         LUT5 (Prop_lut5_I2_O)        0.326     4.483 r  npu/engine/p_1_in_i_2/O
                         net (fo=1, routed)           0.916     5.399    npu/engine/p_1_in_i_2_n_0
    DSP48_X3Y26          DSP48E1 (Prop_dsp48e1_B[4]_P[0])
                                                      3.656     9.055 r  npu/engine/p_1_in/P[0]
                         net (fo=1, routed)           0.802     9.857    npu/engine/bank_macs_reg_0_1_0_5/DIA0
    SLICE_X92Y69         RAMD32                                       r  npu/engine/bank_macs_reg_0_1_0_5/RAMA/I
  -------------------------------------------------------------------    -------------------

                         (clock clk rise edge)       10.000    10.000 r  
                                                      0.000    10.000 r  clk (IN)
                         net (fo=5036, unset)         0.924    10.924    npu/engine/bank_macs_reg_0_1_0_5/WCLK
    SLICE_X92Y69         RAMD32                                       r  npu/engine/bank_macs_reg_0_1_0_5/RAMA/CLK
                         clock pessimism              0.000    10.924    
                         clock uncertainty           -0.035    10.889    
    SLICE_X92Y69         RAMD32 (Setup_ramd32_CLK_I)
                                                     -0.161    10.728    npu/engine/bank_macs_reg_0_1_0_5/RAMA
  -------------------------------------------------------------------
                         required time                         10.728    
                         arrival time                          -9.857    
  -------------------------------------------------------------------
                         slack                                  0.871    

Slack (MET) :             0.876ns  (required time - arrival time)
  Source:                 npu/engine/tcols_left_reg[3]/C
                            (rising edge-triggered cell FDRE clocked by clk  {rise@0.000ns fall@5.000ns period=10.000ns})
  Destination:            npu/engine/bank_macs_reg_0_1_6_11/RAMA/I
                            (rising edge-triggered cell RAMD32 clocked by clk  {rise@0.000ns fall@5.000ns period=10.000ns})
  Path Group:             clk
  Path Type:              Setup (Max at Slow Process Corner)
  Requirement:            10.000ns  (clk rise@10.000ns - clk rise@0.000ns)
  Data Path Delay:        8.879ns  (logic 4.804ns (54.104%)  route 4.075ns (45.896%))
  Logic Levels:           5  (DSP48E1=1 LUT2=1 LUT5=2 LUT6=1)
  Clock Path Skew:        -0.049ns (DCD - SCD + CPR)
    Destination Clock Delay (DCD):    0.924ns = ( 10.924 - 10.000 ) 
    Source Clock Delay      (SCD):    0.973ns
    Clock Pessimism Removal (CPR):    0.000ns
  Clock Uncertainty:      0.035ns  ((TSJ^2 + TIJ^2)^1/2 + DJ) / 2 + PE
    Total System Jitter     (TSJ):    0.071ns
    Total Input Jitter      (TIJ):    0.000ns
    Discrete Jitter          (DJ):    0.000ns
    Phase Error              (PE):    0.000ns

    Location             Delay type                Incr(ns)  Path(ns)    Netlist Resource(s)
  -------------------------------------------------------------------    -------------------
                         (clock clk rise edge)        0.000     0.000 r  
                                                      0.000     0.000 r  clk (IN)
                         net (fo=5036, unset)         0.973     0.973    npu/engine/clk
    SLICE_X83Y69         FDRE                                         r  npu/engine/tcols_left_reg[3]/C
  -------------------------------------------------------------------    -------------------
    SLICE_X83Y69         FDRE (Prop_fdre_C_Q)         0.456     1.429 r  npu/engine/tcols_left_reg[3]/Q
                         net (fo=3, routed)           0.958     2.387    npu/engine/tcols_left_reg_n_0_[3]
    SLICE_X84Y70         LUT6 (Prop_lut6_I2_O)        0.124     2.511 r  npu/engine/p_1_in_i_13/O
                         net (fo=1, routed)           0.300     2.812    npu/engine/p_1_in_i_13_n_0
    SLICE_X87Y70         LUT5 (Prop_lut5_I0_O)        0.124     2.936 r  npu/engine/p_1_in_i_12/O
                         net (fo=4, routed)           0.451     3.387    npu/engine/p_1_in_i_12_n_0
    SLICE_X84Y70         LUT2 (Prop_lut2_I1_O)        0.118     3.505 r  npu/engine/p_1_in_i_11/O
                         net (fo=4, routed)           0.652     4.157    npu/engine/cv_now[2]
    SLICE_X86Y69         LUT5 (Prop_lut5_I2_O)        0.326     4.483 r  npu/engine/p_1_in_i_2/O
                         net (fo=1, routed)           0.916     5.399    npu/engine/p_1_in_i_2_n_0
    DSP48_X3Y26          DSP48E1 (Prop_dsp48e1_B[4]_P[6])
                                                      3.656     9.055 r  npu/engine/p_1_in/P[6]
                         net (fo=1, routed)           0.797     9.852    npu/engine/bank_macs_reg_0_1_6_11/DIA0
    SLICE_X92Y68         RAMD32                                       r  npu/engine/bank_macs_reg_0_1_6_11/RAMA/I
  -------------------------------------------------------------------    -------------------

                         (clock clk rise edge)       10.000    10.000 r  
                                                      0.000    10.000 r  clk (IN)
                         net (fo=5036, unset)         0.924    10.924    npu/engine/bank_macs_reg_0_1_6_11/WCLK
    SLICE_X92Y68         RAMD32                                       r  npu/engine/bank_macs_reg_0_1_6_11/RAMA/CLK
                         clock pessimism              0.000    10.924    
                         clock uncertainty           -0.035    10.889    
    SLICE_X92Y68         RAMD32 (Setup_ramd32_CLK_I)
                                                     -0.161    10.728    npu/engine/bank_macs_reg_0_1_6_11/RAMA
  -------------------------------------------------------------------
                         required time                         10.728    
                         arrival time                          -9.852    
  -------------------------------------------------------------------
                         slack                                  0.876    

Slack (MET) :             0.912ns  (required time - arrival time)
  Source:                 npu/engine/tcols_left_reg[3]/C
                            (rising edge-triggered cell FDRE clocked by clk  {rise@0.000ns fall@5.000ns period=10.000ns})
  Destination:            npu/engine/bank_macs_reg_0_1_6_11/RAMC_D1/I
                            (rising edge-triggered cell RAMD32 clocked by clk  {rise@0.000ns fall@5.000ns period=10.000ns})
  Path Group:             clk
  Path Type:              Setup (Max at Slow Process Corner)
  Requirement:            10.000ns  (clk rise@10.000ns - clk rise@0.000ns)
  Data Path Delay:        8.755ns  (logic 4.804ns (54.875%)  route 3.951ns (45.125%))
  Logic Levels:           5  (DSP48E1=1 LUT2=1 LUT5=2 LUT6=1)
  Clock Path Skew:        -0.049ns (DCD - SCD + CPR)
    Destination Clock Delay (DCD):    0.924ns = ( 10.924 - 10.000 ) 
    Source Clock Delay      (SCD):    0.973ns
    Clock Pessimism Removal (CPR):    0.000ns
  Clock Uncertainty:      0.035ns  ((TSJ^2 + TIJ^2)^1/2 + DJ) / 2 + PE
    Total System Jitter     (TSJ):    0.071ns
    Total Input Jitter      (TIJ):    0.000ns
    Discrete Jitter          (DJ):    0.000ns
    Phase Error              (PE):    0.000ns

    Location             Delay type                Incr(ns)  Path(ns)    Netlist Resource(s)
  -------------------------------------------------------------------    -------------------
                         (clock clk rise edge)        0.000     0.000 r  
                                                      0.000     0.000 r  clk (IN)
                         net (fo=5036, unset)         0.973     0.973    npu/engine/clk
    SLICE_X83Y69         FDRE                                         r  npu/engine/tcols_left_reg[3]/C
  -------------------------------------------------------------------    -------------------
    SLICE_X83Y69         FDRE (Prop_fdre_C_Q)         0.456     1.429 r  npu/engine/tcols_left_reg[3]/Q
                         net (fo=3, routed)           0.958     2.387    npu/engine/tcols_left_reg_n_0_[3]
    SLICE_X84Y70         LUT6 (Prop_lut6_I2_O)        0.124     2.511 r  npu/engine/p_1_in_i_13/O
                         net (fo=1, routed)           0.300     2.812    npu/engine/p_1_in_i_13_n_0
    SLICE_X87Y70         LUT5 (Prop_lut5_I0_O)        0.124     2.936 r  npu/engine/p_1_in_i_12/O
                         net (fo=4, routed)           0.451     3.387    npu/engine/p_1_in_i_12_n_0
    SLICE_X84Y70         LUT2 (Prop_lut2_I1_O)        0.118     3.505 r  npu/engine/p_1_in_i_11/O
                         net (fo=4, routed)           0.652     4.157    npu/engine/cv_now[2]
    SLICE_X86Y69         LUT5 (Prop_lut5_I2_O)        0.326     4.483 r  npu/engine/p_1_in_i_2/O
                         net (fo=1, routed)           0.916     5.399    npu/engine/p_1_in_i_2_n_0
    DSP48_X3Y26          DSP48E1 (Prop_dsp48e1_B[4]_P[11])
                                                      3.656     9.055 r  npu/engine/p_1_in/P[11]
                         net (fo=1, routed)           0.672     9.728    npu/engine/bank_macs_reg_0_1_6_11/DIC1
    SLICE_X92Y68         RAMD32                                       r  npu/engine/bank_macs_reg_0_1_6_11/RAMC_D1/I
  -------------------------------------------------------------------    -------------------

                         (clock clk rise edge)       10.000    10.000 r  
                                                      0.000    10.000 r  clk (IN)
                         net (fo=5036, unset)         0.924    10.924    npu/engine/bank_macs_reg_0_1_6_11/WCLK
    SLICE_X92Y68         RAMD32                                       r  npu/engine/bank_macs_reg_0_1_6_11/RAMC_D1/CLK
                         clock pessimism              0.000    10.924    
                         clock uncertainty           -0.035    10.889    
    SLICE_X92Y68         RAMD32 (Setup_ramd32_CLK_I)
                                                     -0.249    10.640    npu/engine/bank_macs_reg_0_1_6_11/RAMC_D1
  -------------------------------------------------------------------
                         required time                         10.640    
                         arrival time                          -9.728    
  -------------------------------------------------------------------
                         slack                                  0.912    

Slack (MET) :             0.915ns  (required time - arrival time)
  Source:                 npu/engine/tcols_left_reg[3]/C
                            (rising edge-triggered cell FDRE clocked by clk  {rise@0.000ns fall@5.000ns period=10.000ns})
  Destination:            npu/engine/bank_macs_reg_0_1_6_11/RAMA_D1/I
                            (rising edge-triggered cell RAMD32 clocked by clk  {rise@0.000ns fall@5.000ns period=10.000ns})
  Path Group:             clk
  Path Type:              Setup (Max at Slow Process Corner)
  Requirement:            10.000ns  (clk rise@10.000ns - clk rise@0.000ns)
  Data Path Delay:        8.743ns  (logic 4.804ns (54.950%)  route 3.939ns (45.050%))
  Logic Levels:           5  (DSP48E1=1 LUT2=1 LUT5=2 LUT6=1)
  Clock Path Skew:        -0.049ns (DCD - SCD + CPR)
    Destination Clock Delay (DCD):    0.924ns = ( 10.924 - 10.000 ) 
    Source Clock Delay      (SCD):    0.973ns
    Clock Pessimism Removal (CPR):    0.000ns
  Clock Uncertainty:      0.035ns  ((TSJ^2 + TIJ^2)^1/2 + DJ) / 2 + PE
    Total System Jitter     (TSJ):    0.071ns
    Total Input Jitter      (TIJ):    0.000ns
    Discrete Jitter          (DJ):    0.000ns
    Phase Error              (PE):    0.000ns

    Location             Delay type                Incr(ns)  Path(ns)    Netlist Resource(s)
  -------------------------------------------------------------------    -------------------
                         (clock clk rise edge)        0.000     0.000 r  
                                                      0.000     0.000 r  clk (IN)
                         net (fo=5036, unset)         0.973     0.973    npu/engine/clk
    SLICE_X83Y69         FDRE                                         r  npu/engine/tcols_left_reg[3]/C
  -------------------------------------------------------------------    -------------------
    SLICE_X83Y69         FDRE (Prop_fdre_C_Q)         0.456     1.429 r  npu/engine/tcols_left_reg[3]/Q
                         net (fo=3, routed)           0.958     2.387    npu/engine/tcols_left_reg_n_0_[3]
    SLICE_X84Y70         LUT6 (Prop_lut6_I2_O)        0.124     2.511 r  npu/engine/p_1_in_i_13/O
                         net (fo=1, routed)           0.300     2.812    npu/engine/p_1_in_i_13_n_0
    SLICE_X87Y70         LUT5 (Prop_lut5_I0_O)        0.124     2.936 r  npu/engine/p_1_in_i_12/O
                         net (fo=4, routed)           0.451     3.387    npu/engine/p_1_in_i_12_n_0
    SLICE_X84Y70         LUT2 (Prop_lut2_I1_O)        0.118     3.505 r  npu/engine/p_1_in_i_11/O
                         net (fo=4, routed)           0.652     4.157    npu/engine/cv_now[2]
    SLICE_X86Y69         LUT5 (Prop_lut5_I2_O)        0.326     4.483 r  npu/engine/p_1_in_i_2/O
                         net (fo=1, routed)           0.916     5.399    npu/engine/p_1_in_i_2_n_0
    DSP48_X3Y26          DSP48E1 (Prop_dsp48e1_B[4]_P[7])
                                                      3.656     9.055 r  npu/engine/p_1_in/P[7]
                         net (fo=1, routed)           0.660     9.716    npu/engine/bank_macs_reg_0_1_6_11/DIA1
    SLICE_X92Y68         RAMD32                                       r  npu/engine/bank_macs_reg_0_1_6_11/RAMA_D1/I
  -------------------------------------------------------------------    -------------------

                         (clock clk rise edge)       10.000    10.000 r  
                                                      0.000    10.000 r  clk (IN)
                         net (fo=5036, unset)         0.924    10.924    npu/engine/bank_macs_reg_0_1_6_11/WCLK
    SLICE_X92Y68         RAMD32                                       r  npu/engine/bank_macs_reg_0_1_6_11/RAMA_D1/CLK
                         clock pessimism              0.000    10.924    
                         clock uncertainty           -0.035    10.889    
    SLICE_X92Y68         RAMD32 (Setup_ramd32_CLK_I)
                                                     -0.258    10.631    npu/engine/bank_macs_reg_0_1_6_11/RAMA_D1
  -------------------------------------------------------------------
                         required time                         10.631    
                         arrival time                          -9.716    
  -------------------------------------------------------------------
                         slack                                  0.915    

Slack (MET) :             0.917ns  (required time - arrival time)
  Source:                 npu/engine/tcols_left_reg[3]/C
                            (rising edge-triggered cell FDRE clocked by clk  {rise@0.000ns fall@5.000ns period=10.000ns})
  Destination:            npu/engine/bank_macs_reg_0_1_12_16/RAMA_D1/I
                            (rising edge-triggered cell RAMD32 clocked by clk  {rise@0.000ns fall@5.000ns period=10.000ns})
  Path Group:             clk
  Path Type:              Setup (Max at Slow Process Corner)
  Requirement:            10.000ns  (clk rise@10.000ns - clk rise@0.000ns)
  Data Path Delay:        8.741ns  (logic 4.804ns (54.956%)  route 3.937ns (45.044%))
  Logic Levels:           5  (DSP48E1=1 LUT2=1 LUT5=2 LUT6=1)
  Clock Path Skew:        -0.049ns (DCD - SCD + CPR)
    Destination Clock Delay (DCD):    0.924ns = ( 10.924 - 10.000 ) 
    Source Clock Delay      (SCD):    0.973ns
    Clock Pessimism Removal (CPR):    0.000ns
  Clock Uncertainty:      0.035ns  ((TSJ^2 + TIJ^2)^1/2 + DJ) / 2 + PE
    Total System Jitter     (TSJ):    0.071ns
    Total Input Jitter      (TIJ):    0.000ns
    Discrete Jitter          (DJ):    0.000ns
    Phase Error              (PE):    0.000ns

    Location             Delay type                Incr(ns)  Path(ns)    Netlist Resource(s)
  -------------------------------------------------------------------    -------------------
                         (clock clk rise edge)        0.000     0.000 r  
                                                      0.000     0.000 r  clk (IN)
                         net (fo=5036, unset)         0.973     0.973    npu/engine/clk
    SLICE_X83Y69         FDRE                                         r  npu/engine/tcols_left_reg[3]/C
  -------------------------------------------------------------------    -------------------
    SLICE_X83Y69         FDRE (Prop_fdre_C_Q)         0.456     1.429 r  npu/engine/tcols_left_reg[3]/Q
                         net (fo=3, routed)           0.958     2.387    npu/engine/tcols_left_reg_n_0_[3]
    SLICE_X84Y70         LUT6 (Prop_lut6_I2_O)        0.124     2.511 r  npu/engine/p_1_in_i_13/O
                         net (fo=1, routed)           0.300     2.812    npu/engine/p_1_in_i_13_n_0
    SLICE_X87Y70         LUT5 (Prop_lut5_I0_O)        0.124     2.936 r  npu/engine/p_1_in_i_12/O
                         net (fo=4, routed)           0.451     3.387    npu/engine/p_1_in_i_12_n_0
    SLICE_X84Y70         LUT2 (Prop_lut2_I1_O)        0.118     3.505 r  npu/engine/p_1_in_i_11/O
                         net (fo=4, routed)           0.652     4.157    npu/engine/cv_now[2]
    SLICE_X86Y69         LUT5 (Prop_lut5_I2_O)        0.326     4.483 r  npu/engine/p_1_in_i_2/O
                         net (fo=1, routed)           0.916     5.399    npu/engine/p_1_in_i_2_n_0
    DSP48_X3Y26          DSP48E1 (Prop_dsp48e1_B[4]_P[13])
                                                      3.656     9.055 r  npu/engine/p_1_in/P[13]
                         net (fo=1, routed)           0.659     9.714    npu/engine/bank_macs_reg_0_1_12_16/DIA1
    SLICE_X92Y70         RAMD32                                       r  npu/engine/bank_macs_reg_0_1_12_16/RAMA_D1/I
  -------------------------------------------------------------------    -------------------

                         (clock clk rise edge)       10.000    10.000 r  
                                                      0.000    10.000 r  clk (IN)
                         net (fo=5036, unset)         0.924    10.924    npu/engine/bank_macs_reg_0_1_12_16/WCLK
    SLICE_X92Y70         RAMD32                                       r  npu/engine/bank_macs_reg_0_1_12_16/RAMA_D1/CLK
                         clock pessimism              0.000    10.924    
                         clock uncertainty           -0.035    10.889    
    SLICE_X92Y70         RAMD32 (Setup_ramd32_CLK_I)
                                                     -0.258    10.631    npu/engine/bank_macs_reg_0_1_12_16/RAMA_D1
  -------------------------------------------------------------------
                         required time                         10.631    
                         arrival time                          -9.714    
  -------------------------------------------------------------------
                         slack                                  0.917    





Min Delay Paths
--------------------------------------------------------------------------------------
Slack (MET) :             0.082ns  (arrival time - required time)
  Source:                 npu/engine/tag_tail_reg[0]/C
                            (rising edge-triggered cell FDRE clocked by clk  {rise@0.000ns fall@5.000ns period=10.000ns})
  Destination:            npu/engine/tags_reg[0][bank]_0_3_0_0/DP/WADR0
                            (rising edge-triggered cell RAMD32 clocked by clk  {rise@0.000ns fall@5.000ns period=10.000ns})
  Path Group:             clk
  Path Type:              Hold (Min at Fast Process Corner)
  Requirement:            0.000ns  (clk rise@0.000ns - clk rise@0.000ns)
  Data Path Delay:        0.413ns  (logic 0.141ns (34.126%)  route 0.272ns (65.874%))
  Logic Levels:           0  
  Clock Path Skew:        0.022ns (DCD - SCD - CPR)
    Destination Clock Delay (DCD):    0.432ns
    Source Clock Delay      (SCD):    0.410ns
    Clock Pessimism Removal (CPR):    -0.000ns

    Location             Delay type                Incr(ns)  Path(ns)    Netlist Resource(s)
  -------------------------------------------------------------------    -------------------
                         (clock clk rise edge)        0.000     0.000 r  
                                                      0.000     0.000 r  clk (IN)
                         net (fo=5036, unset)         0.410     0.410    npu/engine/clk
    SLICE_X33Y67         FDRE                                         r  npu/engine/tag_tail_reg[0]/C
  -------------------------------------------------------------------    -------------------
    SLICE_X33Y67         FDRE (Prop_fdre_C_Q)         0.141     0.551 r  npu/engine/tag_tail_reg[0]/Q
                         net (fo=44, routed)          0.272     0.823    npu/engine/tags_reg[0][bank]_0_3_0_0/A0
    SLICE_X32Y67         RAMD32                                       r  npu/engine/tags_reg[0][bank]_0_3_0_0/DP/WADR0
  -------------------------------------------------------------------    -------------------

                         (clock clk rise edge)        0.000     0.000 r  
                                                      0.000     0.000 r  clk (IN)
                         net (fo=5036, unset)         0.432     0.432    npu/engine/tags_reg[0][bank]_0_3_0_0/WCLK
    SLICE_X32Y67         RAMD32                                       r  npu/engine/tags_reg[0][bank]_0_3_0_0/DP/CLK
                         clock pessimism              0.000     0.432    
    SLICE_X32Y67         RAMD32 (Hold_ramd32_CLK_WADR0)
                                                      0.310     0.742    npu/engine/tags_reg[0][bank]_0_3_0_0/DP
  -------------------------------------------------------------------
                         required time                         -0.742    
                         arrival time                           0.823    
  -------------------------------------------------------------------
                         slack                                  0.082    

Slack (MET) :             0.082ns  (arrival time - required time)
  Source:                 npu/engine/tag_tail_reg[0]/C
                            (rising edge-triggered cell FDRE clocked by clk  {rise@0.000ns fall@5.000ns period=10.000ns})
  Destination:            npu/engine/tags_reg[0][bank]_0_3_0_0/SP/WADR0
                            (rising edge-triggered cell RAMD32 clocked by clk  {rise@0.000ns fall@5.000ns period=10.000ns})
  Path Group:             clk
  Path Type:              Hold (Min at Fast Process Corner)
  Requirement:            0.000ns  (clk rise@0.000ns - clk rise@0.000ns)
  Data Path Delay:        0.413ns  (logic 0.141ns (34.126%)  route 0.272ns (65.874%))
  Logic Levels:           0  
  Clock Path Skew:        0.022ns (DCD - SCD - CPR)
    Destination Clock Delay (DCD):    0.432ns
    Source Clock Delay      (SCD):    0.410ns
    Clock Pessimism Removal (CPR):    -0.000ns

    Location             Delay type                Incr(ns)  Path(ns)    Netlist Resource(s)
  -------------------------------------------------------------------    -------------------
                         (clock clk rise edge)        0.000     0.000 r  
                                                      0.000     0.000 r  clk (IN)
                         net (fo=5036, unset)         0.410     0.410    npu/engine/clk
    SLICE_X33Y67         FDRE                                         r  npu/engine/tag_tail_reg[0]/C
  -------------------------------------------------------------------    -------------------
    SLICE_X33Y67         FDRE (Prop_fdre_C_Q)         0.141     0.551 r  npu/engine/tag_tail_reg[0]/Q
                         net (fo=44, routed)          0.272     0.823    npu/engine/tags_reg[0][bank]_0_3_0_0/A0
    SLICE_X32Y67         RAMD32                                       r  npu/engine/tags_reg[0][bank]_0_3_0_0/SP/WADR0
  -------------------------------------------------------------------    -------------------

                         (clock clk rise edge)        0.000     0.000 r  
                                                      0.000     0.000 r  clk (IN)
                         net (fo=5036, unset)         0.432     0.432    npu/engine/tags_reg[0][bank]_0_3_0_0/WCLK
    SLICE_X32Y67         RAMD32                                       r  npu/engine/tags_reg[0][bank]_0_3_0_0/SP/CLK
                         clock pessimism              0.000     0.432    
    SLICE_X32Y67         RAMD32 (Hold_ramd32_CLK_WADR0)
                                                      0.310     0.742    npu/engine/tags_reg[0][bank]_0_3_0_0/SP
  -------------------------------------------------------------------
                         required time                         -0.742    
                         arrival time                           0.823    
  -------------------------------------------------------------------
                         slack                                  0.082    

Slack (MET) :             0.082ns  (arrival time - required time)
  Source:                 npu/engine/tag_tail_reg[0]/C
                            (rising edge-triggered cell FDRE clocked by clk  {rise@0.000ns fall@5.000ns period=10.000ns})
  Destination:            npu/engine/tags_reg[0][bank]_0_3_1_1/DP/WADR0
                            (rising edge-triggered cell RAMD32 clocked by clk  {rise@0.000ns fall@5.000ns period=10.000ns})
  Path Group:             clk
  Path Type:              Hold (Min at Fast Process Corner)
  Requirement:            0.000ns  (clk rise@0.000ns - clk rise@0.000ns)
  Data Path Delay:        0.413ns  (logic 0.141ns (34.126%)  route 0.272ns (65.874%))
  Logic Levels:           0  
  Clock Path Skew:        0.022ns (DCD - SCD - CPR)
    Destination Clock Delay (DCD):    0.432ns
    Source Clock Delay      (SCD):    0.410ns
    Clock Pessimism Removal (CPR):    -0.000ns

    Location             Delay type                Incr(ns)  Path(ns)    Netlist Resource(s)
  -------------------------------------------------------------------    -------------------
                         (clock clk rise edge)        0.000     0.000 r  
                                                      0.000     0.000 r  clk (IN)
                         net (fo=5036, unset)         0.410     0.410    npu/engine/clk
    SLICE_X33Y67         FDRE                                         r  npu/engine/tag_tail_reg[0]/C
  -------------------------------------------------------------------    -------------------
    SLICE_X33Y67         FDRE (Prop_fdre_C_Q)         0.141     0.551 r  npu/engine/tag_tail_reg[0]/Q
                         net (fo=44, routed)          0.272     0.823    npu/engine/tags_reg[0][bank]_0_3_1_1/A0
    SLICE_X32Y67         RAMD32                                       r  npu/engine/tags_reg[0][bank]_0_3_1_1/DP/WADR0
  -------------------------------------------------------------------    -------------------

                         (clock clk rise edge)        0.000     0.000 r  
                                                      0.000     0.000 r  clk (IN)
                         net (fo=5036, unset)         0.432     0.432    npu/engine/tags_reg[0][bank]_0_3_1_1/WCLK
    SLICE_X32Y67         RAMD32                                       r  npu/engine/tags_reg[0][bank]_0_3_1_1/DP/CLK
                         clock pessimism              0.000     0.432    
    SLICE_X32Y67         RAMD32 (Hold_ramd32_CLK_WADR0)
                                                      0.310     0.742    npu/engine/tags_reg[0][bank]_0_3_1_1/DP
  -------------------------------------------------------------------
                         required time                         -0.742    
                         arrival time                           0.823    
  -------------------------------------------------------------------
                         slack                                  0.082    

Slack (MET) :             0.082ns  (arrival time - required time)
  Source:                 npu/engine/tag_tail_reg[0]/C
                            (rising edge-triggered cell FDRE clocked by clk  {rise@0.000ns fall@5.000ns period=10.000ns})
  Destination:            npu/engine/tags_reg[0][bank]_0_3_1_1/SP/WADR0
                            (rising edge-triggered cell RAMD32 clocked by clk  {rise@0.000ns fall@5.000ns period=10.000ns})
  Path Group:             clk
  Path Type:              Hold (Min at Fast Process Corner)
  Requirement:            0.000ns  (clk rise@0.000ns - clk rise@0.000ns)
  Data Path Delay:        0.413ns  (logic 0.141ns (34.126%)  route 0.272ns (65.874%))
  Logic Levels:           0  
  Clock Path Skew:        0.022ns (DCD - SCD - CPR)
    Destination Clock Delay (DCD):    0.432ns
    Source Clock Delay      (SCD):    0.410ns
    Clock Pessimism Removal (CPR):    -0.000ns

    Location             Delay type                Incr(ns)  Path(ns)    Netlist Resource(s)
  -------------------------------------------------------------------    -------------------
                         (clock clk rise edge)        0.000     0.000 r  
                                                      0.000     0.000 r  clk (IN)
                         net (fo=5036, unset)         0.410     0.410    npu/engine/clk
    SLICE_X33Y67         FDRE                                         r  npu/engine/tag_tail_reg[0]/C
  -------------------------------------------------------------------    -------------------
    SLICE_X33Y67         FDRE (Prop_fdre_C_Q)         0.141     0.551 r  npu/engine/tag_tail_reg[0]/Q
                         net (fo=44, routed)          0.272     0.823    npu/engine/tags_reg[0][bank]_0_3_1_1/A0
    SLICE_X32Y67         RAMD32                                       r  npu/engine/tags_reg[0][bank]_0_3_1_1/SP/WADR0
  -------------------------------------------------------------------    -------------------

                         (clock clk rise edge)        0.000     0.000 r  
                                                      0.000     0.000 r  clk (IN)
                         net (fo=5036, unset)         0.432     0.432    npu/engine/tags_reg[0][bank]_0_3_1_1/WCLK
    SLICE_X32Y67         RAMD32                                       r  npu/engine/tags_reg[0][bank]_0_3_1_1/SP/CLK
                         clock pessimism              0.000     0.432    
    SLICE_X32Y67         RAMD32 (Hold_ramd32_CLK_WADR0)
                                                      0.310     0.742    npu/engine/tags_reg[0][bank]_0_3_1_1/SP
  -------------------------------------------------------------------
                         required time                         -0.742    
                         arrival time                           0.823    
  -------------------------------------------------------------------
                         slack                                  0.082    

Slack (MET) :             0.082ns  (arrival time - required time)
  Source:                 npu/engine/tag_tail_reg[0]/C
                            (rising edge-triggered cell FDRE clocked by clk  {rise@0.000ns fall@5.000ns period=10.000ns})
  Destination:            npu/engine/tags_reg[0][is_b]_0_3_0_0/DP/WADR0
                            (rising edge-triggered cell RAMD32 clocked by clk  {rise@0.000ns fall@5.000ns period=10.000ns})
  Path Group:             clk
  Path Type:              Hold (Min at Fast Process Corner)
  Requirement:            0.000ns  (clk rise@0.000ns - clk rise@0.000ns)
  Data Path Delay:        0.413ns  (logic 0.141ns (34.126%)  route 0.272ns (65.874%))
  Logic Levels:           0  
  Clock Path Skew:        0.022ns (DCD - SCD - CPR)
    Destination Clock Delay (DCD):    0.432ns
    Source Clock Delay      (SCD):    0.410ns
    Clock Pessimism Removal (CPR):    -0.000ns

    Location             Delay type                Incr(ns)  Path(ns)    Netlist Resource(s)
  -------------------------------------------------------------------    -------------------
                         (clock clk rise edge)        0.000     0.000 r  
                                                      0.000     0.000 r  clk (IN)
                         net (fo=5036, unset)         0.410     0.410    npu/engine/clk
    SLICE_X33Y67         FDRE                                         r  npu/engine/tag_tail_reg[0]/C
  -------------------------------------------------------------------    -------------------
    SLICE_X33Y67         FDRE (Prop_fdre_C_Q)         0.141     0.551 r  npu/engine/tag_tail_reg[0]/Q
                         net (fo=44, routed)          0.272     0.823    npu/engine/tags_reg[0][is_b]_0_3_0_0/A0
    SLICE_X32Y67         RAMD32                                       r  npu/engine/tags_reg[0][is_b]_0_3_0_0/DP/WADR0
  -------------------------------------------------------------------    -------------------

                         (clock clk rise edge)        0.000     0.000 r  
                                                      0.000     0.000 r  clk (IN)
                         net (fo=5036, unset)         0.432     0.432    npu/engine/tags_reg[0][is_b]_0_3_0_0/WCLK
    SLICE_X32Y67         RAMD32                                       r  npu/engine/tags_reg[0][is_b]_0_3_0_0/DP/CLK
                         clock pessimism              0.000     0.432    
    SLICE_X32Y67         RAMD32 (Hold_ramd32_CLK_WADR0)
                                                      0.310     0.742    npu/engine/tags_reg[0][is_b]_0_3_0_0/DP
  -------------------------------------------------------------------
                         required time                         -0.742    
                         arrival time                           0.823    
  -------------------------------------------------------------------
                         slack                                  0.082    

Slack (MET) :             0.082ns  (arrival time - required time)
  Source:                 npu/engine/tag_tail_reg[0]/C
                            (rising edge-triggered cell FDRE clocked by clk  {rise@0.000ns fall@5.000ns period=10.000ns})
  Destination:            npu/engine/tags_reg[0][is_b]_0_3_0_0/SP/WADR0
                            (rising edge-triggered cell RAMD32 clocked by clk  {rise@0.000ns fall@5.000ns period=10.000ns})
  Path Group:             clk
  Path Type:              Hold (Min at Fast Process Corner)
  Requirement:            0.000ns  (clk rise@0.000ns - clk rise@0.000ns)
  Data Path Delay:        0.413ns  (logic 0.141ns (34.126%)  route 0.272ns (65.874%))
  Logic Levels:           0  
  Clock Path Skew:        0.022ns (DCD - SCD - CPR)
    Destination Clock Delay (DCD):    0.432ns
    Source Clock Delay      (SCD):    0.410ns
    Clock Pessimism Removal (CPR):    -0.000ns

    Location             Delay type                Incr(ns)  Path(ns)    Netlist Resource(s)
  -------------------------------------------------------------------    -------------------
                         (clock clk rise edge)        0.000     0.000 r  
                                                      0.000     0.000 r  clk (IN)
                         net (fo=5036, unset)         0.410     0.410    npu/engine/clk
    SLICE_X33Y67         FDRE                                         r  npu/engine/tag_tail_reg[0]/C
  -------------------------------------------------------------------    -------------------
    SLICE_X33Y67         FDRE (Prop_fdre_C_Q)         0.141     0.551 r  npu/engine/tag_tail_reg[0]/Q
                         net (fo=44, routed)          0.272     0.823    npu/engine/tags_reg[0][is_b]_0_3_0_0/A0
    SLICE_X32Y67         RAMD32                                       r  npu/engine/tags_reg[0][is_b]_0_3_0_0/SP/WADR0
  -------------------------------------------------------------------    -------------------

                         (clock clk rise edge)        0.000     0.000 r  
                                                      0.000     0.000 r  clk (IN)
                         net (fo=5036, unset)         0.432     0.432    npu/engine/tags_reg[0][is_b]_0_3_0_0/WCLK
    SLICE_X32Y67         RAMD32                                       r  npu/engine/tags_reg[0][is_b]_0_3_0_0/SP/CLK
                         clock pessimism              0.000     0.432    
    SLICE_X32Y67         RAMD32 (Hold_ramd32_CLK_WADR0)
                                                      0.310     0.742    npu/engine/tags_reg[0][is_b]_0_3_0_0/SP
  -------------------------------------------------------------------
                         required time                         -0.742    
                         arrival time                           0.823    
  -------------------------------------------------------------------
                         slack                                  0.082    

Slack (MET) :             0.082ns  (arrival time - required time)
  Source:                 npu/engine/tag_tail_reg[0]/C
                            (rising edge-triggered cell FDRE clocked by clk  {rise@0.000ns fall@5.000ns period=10.000ns})
  Destination:            npu/engine/tags_reg[0][read]_0_3_0_0/DP/WADR0
                            (rising edge-triggered cell RAMD32 clocked by clk  {rise@0.000ns fall@5.000ns period=10.000ns})
  Path Group:             clk
  Path Type:              Hold (Min at Fast Process Corner)
  Requirement:            0.000ns  (clk rise@0.000ns - clk rise@0.000ns)
  Data Path Delay:        0.413ns  (logic 0.141ns (34.126%)  route 0.272ns (65.874%))
  Logic Levels:           0  
  Clock Path Skew:        0.022ns (DCD - SCD - CPR)
    Destination Clock Delay (DCD):    0.432ns
    Source Clock Delay      (SCD):    0.410ns
    Clock Pessimism Removal (CPR):    -0.000ns

    Location             Delay type                Incr(ns)  Path(ns)    Netlist Resource(s)
  -------------------------------------------------------------------    -------------------
                         (clock clk rise edge)        0.000     0.000 r  
                                                      0.000     0.000 r  clk (IN)
                         net (fo=5036, unset)         0.410     0.410    npu/engine/clk
    SLICE_X33Y67         FDRE                                         r  npu/engine/tag_tail_reg[0]/C
  -------------------------------------------------------------------    -------------------
    SLICE_X33Y67         FDRE (Prop_fdre_C_Q)         0.141     0.551 r  npu/engine/tag_tail_reg[0]/Q
                         net (fo=44, routed)          0.272     0.823    npu/engine/tags_reg[0][read]_0_3_0_0/A0
    SLICE_X32Y67         RAMD32                                       r  npu/engine/tags_reg[0][read]_0_3_0_0/DP/WADR0
  -------------------------------------------------------------------    -------------------

                         (clock clk rise edge)        0.000     0.000 r  
                                                      0.000     0.000 r  clk (IN)
                         net (fo=5036, unset)         0.432     0.432    npu/engine/tags_reg[0][read]_0_3_0_0/WCLK
    SLICE_X32Y67         RAMD32                                       r  npu/engine/tags_reg[0][read]_0_3_0_0/DP/CLK
                         clock pessimism              0.000     0.432    
    SLICE_X32Y67         RAMD32 (Hold_ramd32_CLK_WADR0)
                                                      0.310     0.742    npu/engine/tags_reg[0][read]_0_3_0_0/DP
  -------------------------------------------------------------------
                         required time                         -0.742    
                         arrival time                           0.823    
  -------------------------------------------------------------------
                         slack                                  0.082    

Slack (MET) :             0.082ns  (arrival time - required time)
  Source:                 npu/engine/tag_tail_reg[0]/C
                            (rising edge-triggered cell FDRE clocked by clk  {rise@0.000ns fall@5.000ns period=10.000ns})
  Destination:            npu/engine/tags_reg[0][read]_0_3_0_0/SP/WADR0
                            (rising edge-triggered cell RAMD32 clocked by clk  {rise@0.000ns fall@5.000ns period=10.000ns})
  Path Group:             clk
  Path Type:              Hold (Min at Fast Process Corner)
  Requirement:            0.000ns  (clk rise@0.000ns - clk rise@0.000ns)
  Data Path Delay:        0.413ns  (logic 0.141ns (34.126%)  route 0.272ns (65.874%))
  Logic Levels:           0  
  Clock Path Skew:        0.022ns (DCD - SCD - CPR)
    Destination Clock Delay (DCD):    0.432ns
    Source Clock Delay      (SCD):    0.410ns
    Clock Pessimism Removal (CPR):    -0.000ns

    Location             Delay type                Incr(ns)  Path(ns)    Netlist Resource(s)
  -------------------------------------------------------------------    -------------------
                         (clock clk rise edge)        0.000     0.000 r  
                                                      0.000     0.000 r  clk (IN)
                         net (fo=5036, unset)         0.410     0.410    npu/engine/clk
    SLICE_X33Y67         FDRE                                         r  npu/engine/tag_tail_reg[0]/C
  -------------------------------------------------------------------    -------------------
    SLICE_X33Y67         FDRE (Prop_fdre_C_Q)         0.141     0.551 r  npu/engine/tag_tail_reg[0]/Q
                         net (fo=44, routed)          0.272     0.823    npu/engine/tags_reg[0][read]_0_3_0_0/A0
    SLICE_X32Y67         RAMD32                                       r  npu/engine/tags_reg[0][read]_0_3_0_0/SP/WADR0
  -------------------------------------------------------------------    -------------------

                         (clock clk rise edge)        0.000     0.000 r  
                                                      0.000     0.000 r  clk (IN)
                         net (fo=5036, unset)         0.432     0.432    npu/engine/tags_reg[0][read]_0_3_0_0/WCLK
    SLICE_X32Y67         RAMD32                                       r  npu/engine/tags_reg[0][read]_0_3_0_0/SP/CLK
                         clock pessimism              0.000     0.432    
    SLICE_X32Y67         RAMD32 (Hold_ramd32_CLK_WADR0)
                                                      0.310     0.742    npu/engine/tags_reg[0][read]_0_3_0_0/SP
  -------------------------------------------------------------------
                         required time                         -0.742    
                         arrival time                           0.823    
  -------------------------------------------------------------------
                         slack                                  0.082    

Slack (MET) :             0.127ns  (arrival time - required time)
  Source:                 npu/engine/tile_bank_reg/C
                            (rising edge-triggered cell FDRE clocked by clk  {rise@0.000ns fall@5.000ns period=10.000ns})
  Destination:            npu/engine/bank_addr_reg_0_1_6_11/RAMA/WADR0
                            (rising edge-triggered cell RAMD32 clocked by clk  {rise@0.000ns fall@5.000ns period=10.000ns})
  Path Group:             clk
  Path Type:              Hold (Min at Fast Process Corner)
  Requirement:            0.000ns  (clk rise@0.000ns - clk rise@0.000ns)
  Data Path Delay:        0.459ns  (logic 0.141ns (30.731%)  route 0.318ns (69.269%))
  Logic Levels:           0  
  Clock Path Skew:        0.022ns (DCD - SCD - CPR)
    Destination Clock Delay (DCD):    0.432ns
    Source Clock Delay      (SCD):    0.410ns
    Clock Pessimism Removal (CPR):    -0.000ns

    Location             Delay type                Incr(ns)  Path(ns)    Netlist Resource(s)
  -------------------------------------------------------------------    -------------------
                         (clock clk rise edge)        0.000     0.000 r  
                                                      0.000     0.000 r  clk (IN)
                         net (fo=5036, unset)         0.410     0.410    npu/engine/clk
    SLICE_X39Y70         FDRE                                         r  npu/engine/tile_bank_reg/C
  -------------------------------------------------------------------    -------------------
    SLICE_X39Y70         FDRE (Prop_fdre_C_Q)         0.141     0.551 r  npu/engine/tile_bank_reg/Q
                         net (fo=85, routed)          0.318     0.869    npu/engine/bank_addr_reg_0_1_6_11/ADDRD0
    SLICE_X38Y69         RAMD32                                       r  npu/engine/bank_addr_reg_0_1_6_11/RAMA/WADR0
  -------------------------------------------------------------------    -------------------

                         (clock clk rise edge)        0.000     0.000 r  
                                                      0.000     0.000 r  clk (IN)
                         net (fo=5036, unset)         0.432     0.432    npu/engine/bank_addr_reg_0_1_6_11/WCLK
    SLICE_X38Y69         RAMD32                                       r  npu/engine/bank_addr_reg_0_1_6_11/RAMA/CLK
                         clock pessimism              0.000     0.432    
    SLICE_X38Y69         RAMD32 (Hold_ramd32_CLK_WADR0)
                                                      0.310     0.742    npu/engine/bank_addr_reg_0_1_6_11/RAMA
  -------------------------------------------------------------------
                         required time                         -0.742    
                         arrival time                           0.869    
  -------------------------------------------------------------------
                         slack                                  0.127    

Slack (MET) :             0.127ns  (arrival time - required time)
  Source:                 npu/engine/tile_bank_reg/C
                            (rising edge-triggered cell FDRE clocked by clk  {rise@0.000ns fall@5.000ns period=10.000ns})
  Destination:            npu/engine/bank_addr_reg_0_1_6_11/RAMA_D1/WADR0
                            (rising edge-triggered cell RAMD32 clocked by clk  {rise@0.000ns fall@5.000ns period=10.000ns})
  Path Group:             clk
  Path Type:              Hold (Min at Fast Process Corner)
  Requirement:            0.000ns  (clk rise@0.000ns - clk rise@0.000ns)
  Data Path Delay:        0.459ns  (logic 0.141ns (30.731%)  route 0.318ns (69.269%))
  Logic Levels:           0  
  Clock Path Skew:        0.022ns (DCD - SCD - CPR)
    Destination Clock Delay (DCD):    0.432ns
    Source Clock Delay      (SCD):    0.410ns
    Clock Pessimism Removal (CPR):    -0.000ns

    Location             Delay type                Incr(ns)  Path(ns)    Netlist Resource(s)
  -------------------------------------------------------------------    -------------------
                         (clock clk rise edge)        0.000     0.000 r  
                                                      0.000     0.000 r  clk (IN)
                         net (fo=5036, unset)         0.410     0.410    npu/engine/clk
    SLICE_X39Y70         FDRE                                         r  npu/engine/tile_bank_reg/C
  -------------------------------------------------------------------    -------------------
    SLICE_X39Y70         FDRE (Prop_fdre_C_Q)         0.141     0.551 r  npu/engine/tile_bank_reg/Q
                         net (fo=85, routed)          0.318     0.869    npu/engine/bank_addr_reg_0_1_6_11/ADDRD0
    SLICE_X38Y69         RAMD32                                       r  npu/engine/bank_addr_reg_0_1_6_11/RAMA_D1/WADR0
  -------------------------------------------------------------------    -------------------

                         (clock clk rise edge)        0.000     0.000 r  
                                                      0.000     0.000 r  clk (IN)
                         net (fo=5036, unset)         0.432     0.432    npu/engine/bank_addr_reg_0_1_6_11/WCLK
    SLICE_X38Y69         RAMD32                                       r  npu/engine/bank_addr_reg_0_1_6_11/RAMA_D1/CLK
                         clock pessimism              0.000     0.432    
    SLICE_X38Y69         RAMD32 (Hold_ramd32_CLK_WADR0)
                                                      0.310     0.742    npu/engine/bank_addr_reg_0_1_6_11/RAMA_D1
  -------------------------------------------------------------------
                         required time                         -0.742    
                         arrival time                           0.869    
  -------------------------------------------------------------------
                         slack                                  0.127    





Pulse Width Checks
--------------------------------------------------------------------------------------
Clock Name:         clk
Waveform(ns):       { 0.000 5.000 }
Period(ns):         10.000
Sources:            { clk }

Check Type        Corner  Lib Pin             Reference Pin  Required(ns)  Actual(ns)  Slack(ns)  Location      Pin
Min Period        n/a     DSP48E1/CLK         n/a            3.884         10.000      6.116      DSP48_X2Y35   npu/engine/pa_k1_reg/CLK
Min Period        n/a     DSP48E1/CLK         n/a            3.884         10.000      6.116      DSP48_X2Y37   npu/engine/pa_m0_reg/CLK
Min Period        n/a     DSP48E1/CLK         n/a            3.884         10.000      6.116      DSP48_X2Y23   npu/engine/pa_m1_reg/CLK
Min Period        n/a     DSP48E1/CLK         n/a            3.884         10.000      6.116      DSP48_X2Y39   npu/engine/prod_b_reg/CLK
Min Period        n/a     DSP48E1/CLK         n/a            3.884         10.000      6.116      DSP48_X2Y33   npu/engine/prod_c_reg/CLK
Min Period        n/a     RAMB36E1/CLKARDCLK  n/a            2.944         10.000      7.056      RAMB36_X3Y6   ram_reg_0_0/CLKARDCLK
Min Period        n/a     RAMB36E1/CLKARDCLK  n/a            2.944         10.000      7.056      RAMB36_X3Y5   ram_reg_0_1/CLKARDCLK
Min Period        n/a     RAMB36E1/CLKARDCLK  n/a            2.944         10.000      7.056      RAMB36_X2Y6   ram_reg_0_10/CLKARDCLK
Min Period        n/a     RAMB36E1/CLKARDCLK  n/a            2.944         10.000      7.056      RAMB36_X1Y6   ram_reg_0_11/CLKARDCLK
Min Period        n/a     RAMB36E1/CLKARDCLK  n/a            2.944         10.000      7.056      RAMB36_X1Y3   ram_reg_0_12/CLKARDCLK
Low Pulse Width   Slow    RAMD32/CLK          n/a            1.250         5.000       3.750      SLICE_X38Y68  npu/engine/bank_addr_reg_0_1_0_5/RAMA/CLK
Low Pulse Width   Fast    RAMD32/CLK          n/a            1.250         5.000       3.750      SLICE_X38Y68  npu/engine/bank_addr_reg_0_1_0_5/RAMA/CLK
Low Pulse Width   Slow    RAMD32/CLK          n/a            1.250         5.000       3.750      SLICE_X38Y68  npu/engine/bank_addr_reg_0_1_0_5/RAMA_D1/CLK
Low Pulse Width   Fast    RAMD32/CLK          n/a            1.250         5.000       3.750      SLICE_X38Y68  npu/engine/bank_addr_reg_0_1_0_5/RAMA_D1/CLK
Low Pulse Width   Slow    RAMD32/CLK          n/a            1.250         5.000       3.750      SLICE_X38Y68  npu/engine/bank_addr_reg_0_1_0_5/RAMB/CLK
Low Pulse Width   Fast    RAMD32/CLK          n/a            1.250         5.000       3.750      SLICE_X38Y68  npu/engine/bank_addr_reg_0_1_0_5/RAMB/CLK
Low Pulse Width   Slow    RAMD32/CLK          n/a            1.250         5.000       3.750      SLICE_X38Y68  npu/engine/bank_addr_reg_0_1_0_5/RAMB_D1/CLK
Low Pulse Width   Fast    RAMD32/CLK          n/a            1.250         5.000       3.750      SLICE_X38Y68  npu/engine/bank_addr_reg_0_1_0_5/RAMB_D1/CLK
Low Pulse Width   Slow    RAMD32/CLK          n/a            1.250         5.000       3.750      SLICE_X38Y68  npu/engine/bank_addr_reg_0_1_0_5/RAMC/CLK
Low Pulse Width   Fast    RAMD32/CLK          n/a            1.250         5.000       3.750      SLICE_X38Y68  npu/engine/bank_addr_reg_0_1_0_5/RAMC/CLK
High Pulse Width  Slow    RAMD32/CLK          n/a            1.250         5.000       3.750      SLICE_X38Y68  npu/engine/bank_addr_reg_0_1_0_5/RAMA/CLK
High Pulse Width  Fast    RAMD32/CLK          n/a            1.250         5.000       3.750      SLICE_X38Y68  npu/engine/bank_addr_reg_0_1_0_5/RAMA/CLK
High Pulse Width  Slow    RAMD32/CLK          n/a            1.250         5.000       3.750      SLICE_X38Y68  npu/engine/bank_addr_reg_0_1_0_5/RAMA_D1/CLK
High Pulse Width  Fast    RAMD32/CLK          n/a            1.250         5.000       3.750      SLICE_X38Y68  npu/engine/bank_addr_reg_0_1_0_5/RAMA_D1/CLK
High Pulse Width  Slow    RAMD32/CLK          n/a            1.250         5.000       3.750      SLICE_X38Y68  npu/engine/bank_addr_reg_0_1_0_5/RAMB/CLK
High Pulse Width  Fast    RAMD32/CLK          n/a            1.250         5.000       3.750      SLICE_X38Y68  npu/engine/bank_addr_reg_0_1_0_5/RAMB/CLK
High Pulse Width  Slow    RAMD32/CLK          n/a            1.250         5.000       3.750      SLICE_X38Y68  npu/engine/bank_addr_reg_0_1_0_5/RAMB_D1/CLK
High Pulse Width  Fast    RAMD32/CLK          n/a            1.250         5.000       3.750      SLICE_X38Y68  npu/engine/bank_addr_reg_0_1_0_5/RAMB_D1/CLK
High Pulse Width  Slow    RAMD32/CLK          n/a            1.250         5.000       3.750      SLICE_X38Y68  npu/engine/bank_addr_reg_0_1_0_5/RAMC/CLK
High Pulse Width  Fast    RAMD32/CLK          n/a            1.250         5.000       3.750      SLICE_X38Y68  npu/engine/bank_addr_reg_0_1_0_5/RAMC/CLK



