Copyright 1986-2022 Xilinx, Inc. All Rights Reserved. Copyright 2022-2025 Advanced Micro Devices, Inc. All Rights Reserved.
---------------------------------------------------------------------------------------------------------------------------------------------
| Tool Version : Vivado v.2025.1 (lin64) Build 6140274 Wed May 21 22:58:25 MDT 2025
| Date         : Sat Sep 12 15:00:26 2026
| Host         : gondor running 64-bit Ubuntu 24.04.3 LTS
| Command      : report_timing_summary -file /home/elfo/Documents/Aster/build/fpga/phase4-final/linux/timing_summary.rpt -warn_on_violation
| Design       : aster_linux_wrapper
| Device       : 7z020-clg400
| Speed File   : -1  PRODUCTION 1.12 2019-11-22
| Design State : Routed
---------------------------------------------------------------------------------------------------------------------------------------------

Timing Summary Report

------------------------------------------------------------------------------------------------
| Timer Settings
| --------------
------------------------------------------------------------------------------------------------

  Enable Multi Corner Analysis               :  Yes
  Enable Pessimism Removal                   :  Yes
  Pessimism Removal Resolution               :  Nearest Common Node
  Enable Input Delay Default Clock           :  No
  Enable Preset / Clear Arcs                 :  No
  Disable Flight Delays                      :  No
  Ignore I/O Paths                           :  No
  Timing Early Launch at Borrowing Latches   :  No
  Borrow Time for Max Delay Exceptions       :  Yes
  Merge Timing Exceptions                    :  Yes
  Inter-SLR Compensation                     :  Conservative

  Corner  Analyze    Analyze
  Name    Max Paths  Min Paths
  ------  ---------  ---------
  Slow    Yes        Yes
  Fast    Yes        Yes


------------------------------------------------------------------------------------------------
| Report Methodology
| ------------------
------------------------------------------------------------------------------------------------

No report available as report_methodology has not been run prior. Run report_methodology on the current design for the summary of methodology violations.



check_timing report

Table of Contents
-----------------
1. checking no_clock (0)
2. checking constant_clock (0)
3. checking pulse_width_clock (0)
4. checking unconstrained_internal_endpoints (0)
5. checking no_input_delay (0)
6. checking no_output_delay (5)
7. checking multiple_clock (0)
8. checking generated_clocks (0)
9. checking loops (0)
10. checking partial_input_delay (0)
11. checking partial_output_delay (0)
12. checking latch_loops (0)

1. checking no_clock (0)
------------------------
 There are 0 register/latch pins with no clock.


2. checking constant_clock (0)
------------------------------
 There are 0 register/latch pins with constant_clock.


3. checking pulse_width_clock (0)
---------------------------------
 There are 0 register/latch pins which need pulse_width check


4. checking unconstrained_internal_endpoints (0)
------------------------------------------------
 There are 0 pins that are not constrained for maximum delay.

 There are 0 pins that are not constrained for maximum delay due to constant clock.


5. checking no_input_delay (0)
------------------------------
 There are 0 input ports with no input delay specified.

 There are 0 input ports with no input delay but user has a false path constraint.


6. checking no_output_delay (5)
-------------------------------
 There are 0 ports with no output delay specified.

 There are 5 ports with no output delay but user has a false path constraint (MEDIUM)

 There are 0 ports with no output delay but with a timing clock defined on it or propagating through it


7. checking multiple_clock (0)
------------------------------
 There are 0 register/latch pins with multiple clocks.


8. checking generated_clocks (0)
--------------------------------
 There are 0 generated clocks that are not connected to a clock source.


9. checking loops (0)
---------------------
 There are 0 combinational loops in the design.


10. checking partial_input_delay (0)
------------------------------------
 There are 0 input ports with partial input delay specified.


11. checking partial_output_delay (0)
-------------------------------------
 There are 0 ports with partial output delay specified.


12. checking latch_loops (0)
----------------------------
 There are 0 combinational latch loops in the design through latch input



------------------------------------------------------------------------------------------------
| Design Timing Summary
| ---------------------
------------------------------------------------------------------------------------------------

    WNS(ns)      TNS(ns)  TNS Failing Endpoints  TNS Total Endpoints      WHS(ns)      THS(ns)  THS Failing Endpoints  THS Total Endpoints     WPWS(ns)     TPWS(ns)  TPWS Failing Endpoints  TPWS Total Endpoints
    -------      -------  ---------------------  -------------------      -------      -------  ---------------------  -------------------     --------     --------  ----------------------  --------------------
     13.446        0.000                      0                17249        0.034        0.000                      0                17249       14.750        0.000                       0                  6998


All user specified timing constraints are met.


------------------------------------------------------------------------------------------------
| Clock Summary
| -------------
------------------------------------------------------------------------------------------------

Clock       Waveform(ns)       Period(ns)      Frequency(MHz)
-----       ------------       ----------      --------------
clk_fpga_0  {0.000 16.000}     32.000          31.250


------------------------------------------------------------------------------------------------
| Intra Clock Table
| -----------------
------------------------------------------------------------------------------------------------

Clock             WNS(ns)      TNS(ns)  TNS Failing Endpoints  TNS Total Endpoints      WHS(ns)      THS(ns)  THS Failing Endpoints  THS Total Endpoints     WPWS(ns)     TPWS(ns)  TPWS Failing Endpoints  TPWS Total Endpoints
-----             -------      -------  ---------------------  -------------------      -------      -------  ---------------------  -------------------     --------     --------  ----------------------  --------------------
clk_fpga_0         13.446        0.000                      0                17249        0.034        0.000                      0                17249       14.750        0.000                       0                  6998


------------------------------------------------------------------------------------------------
| Inter Clock Table
| -----------------
------------------------------------------------------------------------------------------------

From Clock    To Clock          WNS(ns)      TNS(ns)  TNS Failing Endpoints  TNS Total Endpoints      WHS(ns)      THS(ns)  THS Failing Endpoints  THS Total Endpoints
----------    --------          -------      -------  ---------------------  -------------------      -------      -------  ---------------------  -------------------


------------------------------------------------------------------------------------------------
| Other Path Groups Table
| -----------------------
------------------------------------------------------------------------------------------------

Path Group    From Clock    To Clock          WNS(ns)      TNS(ns)  TNS Failing Endpoints  TNS Total Endpoints      WHS(ns)      THS(ns)  THS Failing Endpoints  THS Total Endpoints
----------    ----------    --------          -------      -------  ---------------------  -------------------      -------      -------  ---------------------  -------------------


------------------------------------------------------------------------------------------------
| Timing Details
| --------------
------------------------------------------------------------------------------------------------


---------------------------------------------------------------------------------------------------
From Clock:  clk_fpga_0
  To Clock:  clk_fpga_0

Setup :            0  Failing Endpoints,  Worst Slack       13.446ns,  Total Violation        0.000ns
Hold  :            0  Failing Endpoints,  Worst Slack        0.034ns,  Total Violation        0.000ns
PW    :            0  Failing Endpoints,  Worst Slack       14.750ns,  Total Violation        0.000ns
---------------------------------------------------------------------------------------------------


Max Delay Paths
--------------------------------------------------------------------------------------
Slack (MET) :             13.446ns  (required time - arrival time)
  Source:                 aster_linux_i/reset/U0/ACTIVE_LOW_PR_OUT_DFF[0].FDRE_PER_N/C
                            (rising edge-triggered cell FDRE clocked by clk_fpga_0  {rise@0.000ns fall@16.000ns period=32.000ns})
  Destination:            aster_linux_i/aster/inst/implementation/soc/core/upstream_core/reg_out_reg[12]/D
                            (rising edge-triggered cell FDRE clocked by clk_fpga_0  {rise@0.000ns fall@16.000ns period=32.000ns})
  Path Group:             clk_fpga_0
  Path Type:              Setup (Max at Slow Process Corner)
  Requirement:            32.000ns  (clk_fpga_0 rise@32.000ns - clk_fpga_0 rise@0.000ns)
  Data Path Delay:        17.739ns  (logic 3.027ns (17.064%)  route 14.712ns (82.936%))
  Logic Levels:           13  (CARRY4=1 LUT1=1 LUT3=1 LUT4=1 LUT5=1 LUT6=8)
  Clock Path Skew:        -0.365ns (DCD - SCD + CPR)
    Destination Clock Delay (DCD):    2.658ns = ( 34.659 - 32.000 )
    Source Clock Delay      (SCD):    3.138ns
    Clock Pessimism Removal (CPR):    0.115ns
  Clock Uncertainty:      0.481ns  ((TSJ^2 + TIJ^2)^1/2 + DJ) / 2 + PE
    Total System Jitter     (TSJ):    0.071ns
    Total Input Jitter      (TIJ):    0.960ns
    Discrete Jitter          (DJ):    0.000ns
    Phase Error              (PE):    0.000ns

    Location             Delay type                Incr(ns)  Path(ns)    Netlist Resource(s)
  -------------------------------------------------------------------    -------------------
                         (clock clk_fpga_0 rise edge)
                                                      0.000     0.000 r
    PS7_X0Y0             PS7                          0.000     0.000 r  aster_linux_i/ps7/inst/PS7_i/FCLKCLK[0]
                         net (fo=1, routed)           1.193     1.193    aster_linux_i/ps7/inst/FCLK_CLK_unbuffered[0]
    BUFGCTRL_X0Y16       BUFG (Prop_bufg_I_O)         0.101     1.294 r  aster_linux_i/ps7/inst/buffer_fclk_clk_0.FCLK_CLK_0_BUFG/O
                         net (fo=6998, routed)        1.844     3.138    aster_linux_i/reset/U0/slowest_sync_clk
    SLICE_X46Y102        FDRE                                         r  aster_linux_i/reset/U0/ACTIVE_LOW_PR_OUT_DFF[0].FDRE_PER_N/C
  -------------------------------------------------------------------    -------------------
    SLICE_X46Y102        FDRE (Prop_fdre_C_Q)         0.518     3.656 f  aster_linux_i/reset/U0/ACTIVE_LOW_PR_OUT_DFF[0].FDRE_PER_N/Q
                         net (fo=14, routed)          0.863     4.519    aster_linux_i/aster/inst/implementation/soc/core/upstream_core/pcpi_mul/aresetn
    SLICE_X44Y91         LUT3 (Prop_lut3_I2_O)        0.124     4.643 f  aster_linux_i/aster/inst/implementation/soc/core/upstream_core/pcpi_mul/led[0]_INST_0/O
                         net (fo=487, routed)         3.353     7.996    aster_linux_i/aster/inst/implementation/soc/icache/E[0]
    SLICE_X60Y41         LUT6 (Prop_lut6_I1_O)        0.124     8.120 f  aster_linux_i/aster/inst/implementation/soc/icache/g_program.memory_reg_0_0_i_23/O
                         net (fo=149, routed)         1.704     9.824    aster_linux_i/aster/inst/implementation/soc/dcache/g_program.memory_reg_2_2
    SLICE_X41Y46         LUT6 (Prop_lut6_I4_O)        0.124     9.948 f  aster_linux_i/aster/inst/implementation/soc/dcache/g_program.memory_reg_0_0_i_40/O
                         net (fo=7, routed)           0.987    10.935    aster_linux_i/aster/inst/implementation/soc/dcache/refill_base_reg[22]_0[0]
    SLICE_X50Y49         LUT1 (Prop_lut1_I0_O)        0.124    11.059 r  aster_linux_i/aster/inst/implementation/soc/dcache/counters[7][0]_i_56/O
                         net (fo=1, routed)           0.000    11.059    aster_linux_i/aster/inst/implementation/soc/dcache/counters[7][0]_i_56_n_0
    SLICE_X50Y49         CARRY4 (Prop_carry4_S[0]_O[3])
                                                      0.608    11.667 f  aster_linux_i/aster/inst/implementation/soc/dcache/counters_reg[7][0]_i_35/O[3]
                         net (fo=2, routed)           1.161    12.828    aster_linux_i/aster/inst/implementation/soc/dcache/perf/offset[22]
    SLICE_X51Y49         LUT4 (Prop_lut4_I3_O)        0.335    13.163 f  aster_linux_i/aster/inst/implementation/soc/dcache/mem_rdata_q[13]_i_57/O
                         net (fo=1, routed)           0.804    13.967    aster_linux_i/aster/inst/implementation/soc/dcache/mem_rdata_q[13]_i_57_n_0
    SLICE_X51Y51         LUT6 (Prop_lut6_I0_O)        0.326    14.293 f  aster_linux_i/aster/inst/implementation/soc/dcache/mem_rdata_q[13]_i_33/O
                         net (fo=1, routed)           0.767    15.060    aster_linux_i/aster/inst/implementation/soc/dcache/mem_rdata_q[13]_i_33_n_0
    SLICE_X56Y49         LUT6 (Prop_lut6_I2_O)        0.124    15.184 r  aster_linux_i/aster/inst/implementation/soc/dcache/mem_rdata_q[13]_i_18/O
                         net (fo=63, routed)          1.162    16.346    aster_linux_i/aster/inst/implementation/soc/dcache/perf/rdata1
    SLICE_X75Y43         LUT6 (Prop_lut6_I3_O)        0.124    16.470 r  aster_linux_i/aster/inst/implementation/soc/dcache/mem_rdata_q[7]_i_8/O
                         net (fo=3, routed)           0.649    17.119    aster_linux_i/aster/inst/implementation/soc/icache/mem_rdata_q_reg[7]
    SLICE_X74Y43         LUT6 (Prop_lut6_I2_O)        0.124    17.243 f  aster_linux_i/aster/inst/implementation/soc/icache/mem_rdata_q[7]_i_3/O
                         net (fo=4, routed)           0.625    17.868    aster_linux_i/aster/inst/implementation/soc/dcache/data_mem_reg[0][3][7]_0
    SLICE_X73Y44         LUT6 (Prop_lut6_I1_O)        0.124    17.992 r  aster_linux_i/aster/inst/implementation/soc/dcache/reg_out[31]_i_11/O
                         net (fo=1, routed)           1.141    19.134    aster_linux_i/aster/inst/implementation/soc/dcache/reg_out[31]_i_11_n_0
    SLICE_X59Y45         LUT6 (Prop_lut6_I0_O)        0.124    19.258 r  aster_linux_i/aster/inst/implementation/soc/dcache/reg_out[31]_i_5/O
                         net (fo=25, routed)          1.495    20.753    aster_linux_i/aster/inst/implementation/soc/core/upstream_core/pcpi_mul/reg_out_reg[15]
    SLICE_X52Y38         LUT5 (Prop_lut5_I0_O)        0.124    20.877 r  aster_linux_i/aster/inst/implementation/soc/core/upstream_core/pcpi_mul/reg_out[12]_i_1/O
                         net (fo=1, routed)           0.000    20.877    aster_linux_i/aster/inst/implementation/soc/core/upstream_core/reg_out[12]
    SLICE_X52Y38         FDRE                                         r  aster_linux_i/aster/inst/implementation/soc/core/upstream_core/reg_out_reg[12]/D
  -------------------------------------------------------------------    -------------------

                         (clock clk_fpga_0 rise edge)
                                                     32.000    32.000 r
    PS7_X0Y0             PS7                          0.000    32.000 r  aster_linux_i/ps7/inst/PS7_i/FCLKCLK[0]
                         net (fo=1, routed)           1.088    33.088    aster_linux_i/ps7/inst/FCLK_CLK_unbuffered[0]
    BUFGCTRL_X0Y16       BUFG (Prop_bufg_I_O)         0.091    33.179 r  aster_linux_i/ps7/inst/buffer_fclk_clk_0.FCLK_CLK_0_BUFG/O
                         net (fo=6998, routed)        1.479    34.659    aster_linux_i/aster/inst/implementation/soc/core/upstream_core/aclk
    SLICE_X52Y38         FDRE                                         r  aster_linux_i/aster/inst/implementation/soc/core/upstream_core/reg_out_reg[12]/C
                         clock pessimism              0.115    34.773
                         clock uncertainty           -0.481    34.292
    SLICE_X52Y38         FDRE (Setup_fdre_C_D)        0.031    34.323    aster_linux_i/aster/inst/implementation/soc/core/upstream_core/reg_out_reg[12]
  -------------------------------------------------------------------
                         required time                         34.323
                         arrival time                         -20.877
  -------------------------------------------------------------------
                         slack                                 13.446





Min Delay Paths
--------------------------------------------------------------------------------------
Slack (MET) :             0.034ns  (arrival time - required time)
  Source:                 aster_linux_i/aster/inst/implementation/write_ptr_reg[3]/C
                            (rising edge-triggered cell FDRE clocked by clk_fpga_0  {rise@0.000ns fall@16.000ns period=32.000ns})
  Destination:            aster_linux_i/aster/inst/implementation/fifo_reg_384_447_0_2/RAMA/WADR3
                            (rising edge-triggered cell RAMD64E clocked by clk_fpga_0  {rise@0.000ns fall@16.000ns period=32.000ns})
  Path Group:             clk_fpga_0
  Path Type:              Hold (Min at Fast Process Corner)
  Requirement:            0.000ns  (clk_fpga_0 rise@0.000ns - clk_fpga_0 rise@0.000ns)
  Data Path Delay:        0.287ns  (logic 0.141ns (49.054%)  route 0.146ns (50.946%))
  Logic Levels:           0
  Clock Path Skew:        0.013ns (DCD - SCD - CPR)
    Destination Clock Delay (DCD):    1.187ns
    Source Clock Delay      (SCD):    0.891ns
    Clock Pessimism Removal (CPR):    0.283ns

    Location             Delay type                Incr(ns)  Path(ns)    Netlist Resource(s)
  -------------------------------------------------------------------    -------------------
                         (clock clk_fpga_0 rise edge)
                                                      0.000     0.000 r
    PS7_X0Y0             PS7                          0.000     0.000 r  aster_linux_i/ps7/inst/PS7_i/FCLKCLK[0]
                         net (fo=1, routed)           0.310     0.310    aster_linux_i/ps7/inst/FCLK_CLK_unbuffered[0]
    BUFGCTRL_X0Y16       BUFG (Prop_bufg_I_O)         0.026     0.336 r  aster_linux_i/ps7/inst/buffer_fclk_clk_0.FCLK_CLK_0_BUFG/O
                         net (fo=6998, routed)        0.555     0.891    aster_linux_i/aster/inst/implementation/aclk
    SLICE_X35Y87         FDRE                                         r  aster_linux_i/aster/inst/implementation/write_ptr_reg[3]/C
  -------------------------------------------------------------------    -------------------
    SLICE_X35Y87         FDRE (Prop_fdre_C_Q)         0.141     1.032 r  aster_linux_i/aster/inst/implementation/write_ptr_reg[3]/Q
                         net (fo=124, routed)         0.146     1.178    aster_linux_i/aster/inst/implementation/fifo_reg_384_447_0_2/ADDRD3
    SLICE_X34Y87         RAMD64E                                      r  aster_linux_i/aster/inst/implementation/fifo_reg_384_447_0_2/RAMA/WADR3
  -------------------------------------------------------------------    -------------------

                         (clock clk_fpga_0 rise edge)
                                                      0.000     0.000 r
    PS7_X0Y0             PS7                          0.000     0.000 r  aster_linux_i/ps7/inst/PS7_i/FCLKCLK[0]
                         net (fo=1, routed)           0.337     0.337    aster_linux_i/ps7/inst/FCLK_CLK_unbuffered[0]
    BUFGCTRL_X0Y16       BUFG (Prop_bufg_I_O)         0.029     0.366 r  aster_linux_i/ps7/inst/buffer_fclk_clk_0.FCLK_CLK_0_BUFG/O
                         net (fo=6998, routed)        0.821     1.187    aster_linux_i/aster/inst/implementation/fifo_reg_384_447_0_2/WCLK
    SLICE_X34Y87         RAMD64E                                      r  aster_linux_i/aster/inst/implementation/fifo_reg_384_447_0_2/RAMA/CLK
                         clock pessimism             -0.283     0.904
    SLICE_X34Y87         RAMD64E (Hold_ramd64e_CLK_WADR3)
                                                      0.240     1.144    aster_linux_i/aster/inst/implementation/fifo_reg_384_447_0_2/RAMA
  -------------------------------------------------------------------
                         required time                         -1.144
                         arrival time                           1.178
  -------------------------------------------------------------------
                         slack                                  0.034





Pulse Width Checks
--------------------------------------------------------------------------------------
Clock Name:         clk_fpga_0
Waveform(ns):       { 0.000 16.000 }
Period(ns):         32.000
Sources:            { aster_linux_i/ps7/inst/PS7_i/FCLKCLK[0] }

Check Type        Corner  Lib Pin             Reference Pin  Required(ns)  Actual(ns)  Slack(ns)  Location      Pin
Min Period        n/a     RAMB36E1/CLKARDCLK  n/a            2.944         32.000      29.056     RAMB36_X2Y9   aster_linux_i/aster/inst/implementation/soc/ram/g_sync_read.memory_reg_0_0/CLKARDCLK
Low Pulse Width   Slow    RAMD64E/CLK         n/a            1.250         16.000      14.750     SLICE_X30Y85  aster_linux_i/aster/inst/implementation/fifo_reg_0_63_0_2/RAMA/CLK
High Pulse Width  Slow    RAMD64E/CLK         n/a            1.250         16.000      14.750     SLICE_X30Y85  aster_linux_i/aster/inst/implementation/fifo_reg_0_63_0_2/RAMA/CLK
