NAMED-PATH-BEGIN d_rsp_valid_to_d_req_valid
Startpoint: d_rsp_valid (input port clocked by clk)
Endpoint: d_req_valid (output port clocked by clk)
Path Group: clk
Path Type: max

   Delay     Time   Description
-----------------------------------------------------------
   0.000    0.000   clock clk (rise edge)
   0.000    0.000   clock network delay (propagated)
   2.000    2.000 ^ input external delay
   0.022    2.022 ^ d_rsp_valid (in)
   0.139    2.160 ^ hold6708/X (sky130_fd_sc_hd__clkbuf_1)
   0.417    2.577 ^ input35/X (sky130_fd_sc_hd__clkbuf_2)
   0.351    2.928 ^ wire2885/X (sky130_fd_sc_hd__buf_12)
   0.575    3.503 ^ fanout2884/X (sky130_fd_sc_hd__buf_2)
   0.456    3.959 ^ _14384_/X (sky130_fd_sc_hd__or3b_4)
   0.198    4.158 ^ fanout1324/X (sky130_fd_sc_hd__buf_12)
   0.336    4.493 ^ fanout1322/X (sky130_fd_sc_hd__buf_8)
   0.368    4.862 v _14389_/Y (sky130_fd_sc_hd__o2111ai_4)
   0.339    5.201 v wire625/X (sky130_fd_sc_hd__buf_6)
   0.226    5.427 ^ _14390_/Y (sky130_fd_sc_hd__nor2_4)
   0.300    5.727 ^ wire552/X (sky130_fd_sc_hd__buf_6)
   0.458    6.185 ^ _14391_/X (sky130_fd_sc_hd__and3_4)
   0.246    6.431 ^ output109/X (sky130_fd_sc_hd__buf_8)
   0.001    6.432 ^ d_req_valid (out)
            6.432   data arrival time

  10.000   10.000   clock clk (rise edge)
   0.000   10.000   clock network delay (propagated)
  -0.250    9.750   clock uncertainty
   0.000    9.750   clock reconvergence pessimism
  -2.000    7.750   output external delay
            7.750   data required time
-----------------------------------------------------------
            7.750   data required time
           -6.432   data arrival time
-----------------------------------------------------------
            1.318   slack (MET)


NAMED-PATH-END
NAMED-PATH-BEGIN d_rsp_error_to_d_req_valid
Startpoint: d_rsp_error (input port clocked by clk)
Endpoint: d_req_valid (output port clocked by clk)
Path Group: clk
Path Type: max

   Delay     Time   Description
-----------------------------------------------------------
   0.000    0.000   clock clk (rise edge)
   0.000    0.000   clock network delay (propagated)
   2.000    2.000 v input external delay
   0.012    2.012 v d_rsp_error (in)
   0.140    2.152 v hold4336/X (sky130_fd_sc_hd__clkbuf_1)
   0.207    2.359 v input2/X (sky130_fd_sc_hd__clkbuf_2)
   0.294    2.653 v hold4337/X (sky130_fd_sc_hd__clkbuf_1)
   0.338    2.991 v wire2887/X (sky130_fd_sc_hd__buf_12)
   0.441    3.432 v _14375_/Y (sky130_fd_sc_hd__nand2b_2)
   0.305    3.737 v _14376_/X (sky130_fd_sc_hd__o211a_2)
   0.521    4.258 ^ _14378_/Y (sky130_fd_sc_hd__o21ai_4)
   0.466    4.724 v _14389_/Y (sky130_fd_sc_hd__o2111ai_4)
   0.339    5.064 v wire625/X (sky130_fd_sc_hd__buf_6)
   0.226    5.289 ^ _14390_/Y (sky130_fd_sc_hd__nor2_4)
   0.300    5.589 ^ wire552/X (sky130_fd_sc_hd__buf_6)
   0.458    6.048 ^ _14391_/X (sky130_fd_sc_hd__and3_4)
   0.246    6.294 ^ output109/X (sky130_fd_sc_hd__buf_8)
   0.001    6.294 ^ d_req_valid (out)
            6.294   data arrival time

  10.000   10.000   clock clk (rise edge)
   0.000   10.000   clock network delay (propagated)
  -0.250    9.750   clock uncertainty
   0.000    9.750   clock reconvergence pessimism
  -2.000    7.750   output external delay
            7.750   data required time
-----------------------------------------------------------
            7.750   data required time
           -6.294   data arrival time
-----------------------------------------------------------
            1.456   slack (MET)


NAMED-PATH-END
