Copyright 1986-2022 Xilinx, Inc. All Rights Reserved. Copyright 2022-2025 Advanced Micro Devices, Inc. All Rights Reserved.
---------------------------------------------------------------------------------------------------------------------------------------------
| Tool Version : Vivado v.2025.1 (lin64) Build 6140274 Wed May 21 22:58:25 MDT 2025
| Date         : Tue Oct  6 06:28:47 2026
| Host         : gondor running 64-bit Ubuntu 24.04.5 LTS
| Command      : report_timing_summary -max_paths 10 -file /home/elfo/Documents/Aster/build/timing/fpga/npu2_s2p8d8/timing_summary.rpt
| Design       : aster_npu2
| Device       : 7z020-clg400
| Speed File   : -1  PRODUCTION 1.12 2019-11-22
| Design State : Routed
---------------------------------------------------------------------------------------------------------------------------------------------

Timing Summary Report

------------------------------------------------------------------------------------------------
| Timer Settings
| --------------
------------------------------------------------------------------------------------------------

  Enable Multi Corner Analysis               :  Yes
  Enable Pessimism Removal                   :  Yes
  Pessimism Removal Resolution               :  Nearest Common Node
  Enable Input Delay Default Clock           :  No
  Enable Preset / Clear Arcs                 :  No
  Disable Flight Delays                      :  No
  Ignore I/O Paths                           :  No
  Timing Early Launch at Borrowing Latches   :  No
  Borrow Time for Max Delay Exceptions       :  Yes
  Merge Timing Exceptions                    :  Yes
  Inter-SLR Compensation                     :  Conservative

  Corner  Analyze    Analyze    
  Name    Max Paths  Min Paths  
  ------  ---------  ---------  
  Slow    Yes        Yes        
  Fast    Yes        Yes        


------------------------------------------------------------------------------------------------
| Report Methodology
| ------------------
------------------------------------------------------------------------------------------------

No report available as report_methodology has not been run prior. Run report_methodology on the current design for the summary of methodology violations.



check_timing report

Table of Contents
-----------------
1. checking no_clock (0)
2. checking constant_clock (0)
3. checking pulse_width_clock (0)
4. checking unconstrained_internal_endpoints (0)
5. checking no_input_delay (118)
6. checking no_output_delay (139)
7. checking multiple_clock (0)
8. checking generated_clocks (0)
9. checking loops (0)
10. checking partial_input_delay (0)
11. checking partial_output_delay (0)
12. checking latch_loops (0)

1. checking no_clock (0)
------------------------
 There are 0 register/latch pins with no clock.


2. checking constant_clock (0)
------------------------------
 There are 0 register/latch pins with constant_clock.


3. checking pulse_width_clock (0)
---------------------------------
 There are 0 register/latch pins which need pulse_width check


4. checking unconstrained_internal_endpoints (0)
------------------------------------------------
 There are 0 pins that are not constrained for maximum delay.

 There are 0 pins that are not constrained for maximum delay due to constant clock.


5. checking no_input_delay (118)
--------------------------------
 There are 118 input ports with no input delay specified. (HIGH)

 There are 0 input ports with no input delay but user has a false path constraint.


6. checking no_output_delay (139)
---------------------------------
 There are 139 ports with no output delay specified. (HIGH)

 There are 0 ports with no output delay but user has a false path constraint

 There are 0 ports with no output delay but with a timing clock defined on it or propagating through it


7. checking multiple_clock (0)
------------------------------
 There are 0 register/latch pins with multiple clocks.


8. checking generated_clocks (0)
--------------------------------
 There are 0 generated clocks that are not connected to a clock source.


9. checking loops (0)
---------------------
 There are 0 combinational loops in the design.


10. checking partial_input_delay (0)
------------------------------------
 There are 0 input ports with partial input delay specified.


11. checking partial_output_delay (0)
-------------------------------------
 There are 0 ports with partial output delay specified.


12. checking latch_loops (0)
----------------------------
 There are 0 combinational latch loops in the design through latch input



------------------------------------------------------------------------------------------------
| Design Timing Summary
| ---------------------
------------------------------------------------------------------------------------------------

    WNS(ns)      TNS(ns)  TNS Failing Endpoints  TNS Total Endpoints      WHS(ns)      THS(ns)  THS Failing Endpoints  THS Total Endpoints     WPWS(ns)     TPWS(ns)  TPWS Failing Endpoints  TPWS Total Endpoints  
    -------      -------  ---------------------  -------------------      -------      -------  ---------------------  -------------------     --------     --------  ----------------------  --------------------  
      0.187        0.000                      0                27550        0.134        0.000                      0                27550        3.750        0.000                       0                 10953  


All user specified timing constraints are met.


------------------------------------------------------------------------------------------------
| Clock Summary
| -------------
------------------------------------------------------------------------------------------------

Clock  Waveform(ns)       Period(ns)      Frequency(MHz)
-----  ------------       ----------      --------------
clk    {0.000 5.000}      10.000          100.000         


------------------------------------------------------------------------------------------------
| Intra Clock Table
| -----------------
------------------------------------------------------------------------------------------------

Clock             WNS(ns)      TNS(ns)  TNS Failing Endpoints  TNS Total Endpoints      WHS(ns)      THS(ns)  THS Failing Endpoints  THS Total Endpoints     WPWS(ns)     TPWS(ns)  TPWS Failing Endpoints  TPWS Total Endpoints  
-----             -------      -------  ---------------------  -------------------      -------      -------  ---------------------  -------------------     --------     --------  ----------------------  --------------------  
clk                 0.187        0.000                      0                27550        0.134        0.000                      0                27550        3.750        0.000                       0                 10953  


------------------------------------------------------------------------------------------------
| Inter Clock Table
| -----------------
------------------------------------------------------------------------------------------------

From Clock    To Clock          WNS(ns)      TNS(ns)  TNS Failing Endpoints  TNS Total Endpoints      WHS(ns)      THS(ns)  THS Failing Endpoints  THS Total Endpoints  
----------    --------          -------      -------  ---------------------  -------------------      -------      -------  ---------------------  -------------------  


------------------------------------------------------------------------------------------------
| Other Path Groups Table
| -----------------------
------------------------------------------------------------------------------------------------

Path Group    From Clock    To Clock          WNS(ns)      TNS(ns)  TNS Failing Endpoints  TNS Total Endpoints      WHS(ns)      THS(ns)  THS Failing Endpoints  THS Total Endpoints  
----------    ----------    --------          -------      -------  ---------------------  -------------------      -------      -------  ---------------------  -------------------  


------------------------------------------------------------------------------------------------
| Timing Details
| --------------
------------------------------------------------------------------------------------------------


---------------------------------------------------------------------------------------------------
From Clock:  clk
  To Clock:  clk

Setup :            0  Failing Endpoints,  Worst Slack        0.187ns,  Total Violation        0.000ns
Hold  :            0  Failing Endpoints,  Worst Slack        0.134ns,  Total Violation        0.000ns
PW    :            0  Failing Endpoints,  Worst Slack        3.750ns,  Total Violation        0.000ns
---------------------------------------------------------------------------------------------------


Max Delay Paths
--------------------------------------------------------------------------------------
Slack (MET) :             0.187ns  (required time - arrival time)
  Source:                 engine/rv_reg[2]/C
                            (rising edge-triggered cell FDRE clocked by clk  {rise@0.000ns fall@5.000ns period=10.000ns})
  Destination:            engine/bank_macs_reg_0_1_12_17/RAMA_D1/I
                            (rising edge-triggered cell RAMD32 clocked by clk  {rise@0.000ns fall@5.000ns period=10.000ns})
  Path Group:             clk
  Path Type:              Setup (Max at Slow Process Corner)
  Requirement:            10.000ns  (clk rise@10.000ns - clk rise@0.000ns)
  Data Path Delay:        9.471ns  (logic 5.069ns (53.523%)  route 4.402ns (46.477%))
  Logic Levels:           4  (CARRY4=1 DSP48E1=1 LUT5=1 LUT6=1)
  Clock Path Skew:        -0.049ns (DCD - SCD + CPR)
    Destination Clock Delay (DCD):    0.924ns = ( 10.924 - 10.000 ) 
    Source Clock Delay      (SCD):    0.973ns
    Clock Pessimism Removal (CPR):    0.000ns
  Clock Uncertainty:      0.035ns  ((TSJ^2 + TIJ^2)^1/2 + DJ) / 2 + PE
    Total System Jitter     (TSJ):    0.071ns
    Total Input Jitter      (TIJ):    0.000ns
    Discrete Jitter          (DJ):    0.000ns
    Phase Error              (PE):    0.000ns

    Location             Delay type                Incr(ns)  Path(ns)    Netlist Resource(s)
  -------------------------------------------------------------------    -------------------
                         (clock clk rise edge)        0.000     0.000 r  
                                                      0.000     0.000 r  clk (IN)
                         net (fo=10952, unset)        0.973     0.973    engine/clk
    SLICE_X26Y60         FDRE                                         r  engine/rv_reg[2]/C
  -------------------------------------------------------------------    -------------------
    SLICE_X26Y60         FDRE (Prop_fdre_C_Q)         0.478     1.451 r  engine/rv_reg[2]/Q
                         net (fo=9, routed)           1.233     2.684    engine/rv[2]
    SLICE_X26Y55         LUT6 (Prop_lut6_I0_O)        0.298     2.982 r  engine/p_1_in_i_22/O
                         net (fo=1, routed)           0.782     3.765    engine/p_1_in_i_22_n_0
    SLICE_X26Y53         LUT5 (Prop_lut5_I4_O)        0.124     3.889 r  engine/p_1_in_i_10/O
                         net (fo=1, routed)           0.000     3.889    engine/p_1_in_i_10_n_0
    SLICE_X26Y53         CARRY4 (Prop_carry4_S[0]_CO[3])
                                                      0.513     4.402 r  engine/p_1_in_i_2/CO[3]
                         net (fo=1, routed)           1.309     5.711    engine/p_1_in_i_2_n_0
    DSP48_X1Y18          DSP48E1 (Prop_dsp48e1_B[7]_P[13])
                                                      3.656     9.367 r  engine/p_1_in/P[13]
                         net (fo=1, routed)           1.077    10.444    engine/bank_macs_reg_0_1_12_17/DIA1
    SLICE_X30Y50         RAMD32                                       r  engine/bank_macs_reg_0_1_12_17/RAMA_D1/I
  -------------------------------------------------------------------    -------------------

                         (clock clk rise edge)       10.000    10.000 r  
                                                      0.000    10.000 r  clk (IN)
                         net (fo=10952, unset)        0.924    10.924    engine/bank_macs_reg_0_1_12_17/WCLK
    SLICE_X30Y50         RAMD32                                       r  engine/bank_macs_reg_0_1_12_17/RAMA_D1/CLK
                         clock pessimism              0.000    10.924    
                         clock uncertainty           -0.035    10.889    
    SLICE_X30Y50         RAMD32 (Setup_ramd32_CLK_I)
                                                     -0.258    10.631    engine/bank_macs_reg_0_1_12_17/RAMA_D1
  -------------------------------------------------------------------
                         required time                         10.631    
                         arrival time                         -10.444    
  -------------------------------------------------------------------
                         slack                                  0.187    

Slack (MET) :             0.197ns  (required time - arrival time)
  Source:                 engine/rv_reg[2]/C
                            (rising edge-triggered cell FDRE clocked by clk  {rise@0.000ns fall@5.000ns period=10.000ns})
  Destination:            engine/bank_macs_reg_0_1_6_11/RAMC_D1/I
                            (rising edge-triggered cell RAMD32 clocked by clk  {rise@0.000ns fall@5.000ns period=10.000ns})
  Path Group:             clk
  Path Type:              Setup (Max at Slow Process Corner)
  Requirement:            10.000ns  (clk rise@10.000ns - clk rise@0.000ns)
  Data Path Delay:        9.470ns  (logic 5.069ns (53.526%)  route 4.401ns (46.474%))
  Logic Levels:           4  (CARRY4=1 DSP48E1=1 LUT5=1 LUT6=1)
  Clock Path Skew:        -0.049ns (DCD - SCD + CPR)
    Destination Clock Delay (DCD):    0.924ns = ( 10.924 - 10.000 ) 
    Source Clock Delay      (SCD):    0.973ns
    Clock Pessimism Removal (CPR):    0.000ns
  Clock Uncertainty:      0.035ns  ((TSJ^2 + TIJ^2)^1/2 + DJ) / 2 + PE
    Total System Jitter     (TSJ):    0.071ns
    Total Input Jitter      (TIJ):    0.000ns
    Discrete Jitter          (DJ):    0.000ns
    Phase Error              (PE):    0.000ns

    Location             Delay type                Incr(ns)  Path(ns)    Netlist Resource(s)
  -------------------------------------------------------------------    -------------------
                         (clock clk rise edge)        0.000     0.000 r  
                                                      0.000     0.000 r  clk (IN)
                         net (fo=10952, unset)        0.973     0.973    engine/clk
    SLICE_X26Y60         FDRE                                         r  engine/rv_reg[2]/C
  -------------------------------------------------------------------    -------------------
    SLICE_X26Y60         FDRE (Prop_fdre_C_Q)         0.478     1.451 r  engine/rv_reg[2]/Q
                         net (fo=9, routed)           1.233     2.684    engine/rv[2]
    SLICE_X26Y55         LUT6 (Prop_lut6_I0_O)        0.298     2.982 r  engine/p_1_in_i_22/O
                         net (fo=1, routed)           0.782     3.765    engine/p_1_in_i_22_n_0
    SLICE_X26Y53         LUT5 (Prop_lut5_I4_O)        0.124     3.889 r  engine/p_1_in_i_10/O
                         net (fo=1, routed)           0.000     3.889    engine/p_1_in_i_10_n_0
    SLICE_X26Y53         CARRY4 (Prop_carry4_S[0]_CO[3])
                                                      0.513     4.402 r  engine/p_1_in_i_2/CO[3]
                         net (fo=1, routed)           1.309     5.711    engine/p_1_in_i_2_n_0
    DSP48_X1Y18          DSP48E1 (Prop_dsp48e1_B[7]_P[11])
                                                      3.656     9.367 r  engine/p_1_in/P[11]
                         net (fo=1, routed)           1.077    10.443    engine/bank_macs_reg_0_1_6_11/DIC1
    SLICE_X26Y49         RAMD32                                       r  engine/bank_macs_reg_0_1_6_11/RAMC_D1/I
  -------------------------------------------------------------------    -------------------

                         (clock clk rise edge)       10.000    10.000 r  
                                                      0.000    10.000 r  clk (IN)
                         net (fo=10952, unset)        0.924    10.924    engine/bank_macs_reg_0_1_6_11/WCLK
    SLICE_X26Y49         RAMD32                                       r  engine/bank_macs_reg_0_1_6_11/RAMC_D1/CLK
                         clock pessimism              0.000    10.924    
                         clock uncertainty           -0.035    10.889    
    SLICE_X26Y49         RAMD32 (Setup_ramd32_CLK_I)
                                                     -0.249    10.640    engine/bank_macs_reg_0_1_6_11/RAMC_D1
  -------------------------------------------------------------------
                         required time                         10.640    
                         arrival time                         -10.443    
  -------------------------------------------------------------------
                         slack                                  0.197    

Slack (MET) :             0.202ns  (required time - arrival time)
  Source:                 engine/rv_reg[2]/C
                            (rising edge-triggered cell FDRE clocked by clk  {rise@0.000ns fall@5.000ns period=10.000ns})
  Destination:            engine/bank_macs_reg_0_1_12_17/RAMC_D1/I
                            (rising edge-triggered cell RAMD32 clocked by clk  {rise@0.000ns fall@5.000ns period=10.000ns})
  Path Group:             clk
  Path Type:              Setup (Max at Slow Process Corner)
  Requirement:            10.000ns  (clk rise@10.000ns - clk rise@0.000ns)
  Data Path Delay:        9.465ns  (logic 5.069ns (53.556%)  route 4.396ns (46.444%))
  Logic Levels:           4  (CARRY4=1 DSP48E1=1 LUT5=1 LUT6=1)
  Clock Path Skew:        -0.049ns (DCD - SCD + CPR)
    Destination Clock Delay (DCD):    0.924ns = ( 10.924 - 10.000 ) 
    Source Clock Delay      (SCD):    0.973ns
    Clock Pessimism Removal (CPR):    0.000ns
  Clock Uncertainty:      0.035ns  ((TSJ^2 + TIJ^2)^1/2 + DJ) / 2 + PE
    Total System Jitter     (TSJ):    0.071ns
    Total Input Jitter      (TIJ):    0.000ns
    Discrete Jitter          (DJ):    0.000ns
    Phase Error              (PE):    0.000ns

    Location             Delay type                Incr(ns)  Path(ns)    Netlist Resource(s)
  -------------------------------------------------------------------    -------------------
                         (clock clk rise edge)        0.000     0.000 r  
                                                      0.000     0.000 r  clk (IN)
                         net (fo=10952, unset)        0.973     0.973    engine/clk
    SLICE_X26Y60         FDRE                                         r  engine/rv_reg[2]/C
  -------------------------------------------------------------------    -------------------
    SLICE_X26Y60         FDRE (Prop_fdre_C_Q)         0.478     1.451 r  engine/rv_reg[2]/Q
                         net (fo=9, routed)           1.233     2.684    engine/rv[2]
    SLICE_X26Y55         LUT6 (Prop_lut6_I0_O)        0.298     2.982 r  engine/p_1_in_i_22/O
                         net (fo=1, routed)           0.782     3.765    engine/p_1_in_i_22_n_0
    SLICE_X26Y53         LUT5 (Prop_lut5_I4_O)        0.124     3.889 r  engine/p_1_in_i_10/O
                         net (fo=1, routed)           0.000     3.889    engine/p_1_in_i_10_n_0
    SLICE_X26Y53         CARRY4 (Prop_carry4_S[0]_CO[3])
                                                      0.513     4.402 r  engine/p_1_in_i_2/CO[3]
                         net (fo=1, routed)           1.309     5.711    engine/p_1_in_i_2_n_0
    DSP48_X1Y18          DSP48E1 (Prop_dsp48e1_B[7]_P[17])
                                                      3.656     9.367 r  engine/p_1_in/P[17]
                         net (fo=1, routed)           1.071    10.438    engine/bank_macs_reg_0_1_12_17/DIC1
    SLICE_X30Y50         RAMD32                                       r  engine/bank_macs_reg_0_1_12_17/RAMC_D1/I
  -------------------------------------------------------------------    -------------------

                         (clock clk rise edge)       10.000    10.000 r  
                                                      0.000    10.000 r  clk (IN)
                         net (fo=10952, unset)        0.924    10.924    engine/bank_macs_reg_0_1_12_17/WCLK
    SLICE_X30Y50         RAMD32                                       r  engine/bank_macs_reg_0_1_12_17/RAMC_D1/CLK
                         clock pessimism              0.000    10.924    
                         clock uncertainty           -0.035    10.889    
    SLICE_X30Y50         RAMD32 (Setup_ramd32_CLK_I)
                                                     -0.249    10.640    engine/bank_macs_reg_0_1_12_17/RAMC_D1
  -------------------------------------------------------------------
                         required time                         10.640    
                         arrival time                         -10.438    
  -------------------------------------------------------------------
                         slack                                  0.202    

Slack (MET) :             0.226ns  (required time - arrival time)
  Source:                 engine/rv_reg[2]/C
                            (rising edge-triggered cell FDRE clocked by clk  {rise@0.000ns fall@5.000ns period=10.000ns})
  Destination:            engine/bank_macs_reg_0_1_12_17/RAMB_D1/I
                            (rising edge-triggered cell RAMD32 clocked by clk  {rise@0.000ns fall@5.000ns period=10.000ns})
  Path Group:             clk
  Path Type:              Setup (Max at Slow Process Corner)
  Requirement:            10.000ns  (clk rise@10.000ns - clk rise@0.000ns)
  Data Path Delay:        9.462ns  (logic 5.069ns (53.571%)  route 4.393ns (46.429%))
  Logic Levels:           4  (CARRY4=1 DSP48E1=1 LUT5=1 LUT6=1)
  Clock Path Skew:        -0.049ns (DCD - SCD + CPR)
    Destination Clock Delay (DCD):    0.924ns = ( 10.924 - 10.000 ) 
    Source Clock Delay      (SCD):    0.973ns
    Clock Pessimism Removal (CPR):    0.000ns
  Clock Uncertainty:      0.035ns  ((TSJ^2 + TIJ^2)^1/2 + DJ) / 2 + PE
    Total System Jitter     (TSJ):    0.071ns
    Total Input Jitter      (TIJ):    0.000ns
    Discrete Jitter          (DJ):    0.000ns
    Phase Error              (PE):    0.000ns

    Location             Delay type                Incr(ns)  Path(ns)    Netlist Resource(s)
  -------------------------------------------------------------------    -------------------
                         (clock clk rise edge)        0.000     0.000 r  
                                                      0.000     0.000 r  clk (IN)
                         net (fo=10952, unset)        0.973     0.973    engine/clk
    SLICE_X26Y60         FDRE                                         r  engine/rv_reg[2]/C
  -------------------------------------------------------------------    -------------------
    SLICE_X26Y60         FDRE (Prop_fdre_C_Q)         0.478     1.451 r  engine/rv_reg[2]/Q
                         net (fo=9, routed)           1.233     2.684    engine/rv[2]
    SLICE_X26Y55         LUT6 (Prop_lut6_I0_O)        0.298     2.982 r  engine/p_1_in_i_22/O
                         net (fo=1, routed)           0.782     3.765    engine/p_1_in_i_22_n_0
    SLICE_X26Y53         LUT5 (Prop_lut5_I4_O)        0.124     3.889 r  engine/p_1_in_i_10/O
                         net (fo=1, routed)           0.000     3.889    engine/p_1_in_i_10_n_0
    SLICE_X26Y53         CARRY4 (Prop_carry4_S[0]_CO[3])
                                                      0.513     4.402 r  engine/p_1_in_i_2/CO[3]
                         net (fo=1, routed)           1.309     5.711    engine/p_1_in_i_2_n_0
    DSP48_X1Y18          DSP48E1 (Prop_dsp48e1_B[7]_P[15])
                                                      3.656     9.367 r  engine/p_1_in/P[15]
                         net (fo=1, routed)           1.068    10.435    engine/bank_macs_reg_0_1_12_17/DIB1
    SLICE_X30Y50         RAMD32                                       r  engine/bank_macs_reg_0_1_12_17/RAMB_D1/I
  -------------------------------------------------------------------    -------------------

                         (clock clk rise edge)       10.000    10.000 r  
                                                      0.000    10.000 r  clk (IN)
                         net (fo=10952, unset)        0.924    10.924    engine/bank_macs_reg_0_1_12_17/WCLK
    SLICE_X30Y50         RAMD32                                       r  engine/bank_macs_reg_0_1_12_17/RAMB_D1/CLK
                         clock pessimism              0.000    10.924    
                         clock uncertainty           -0.035    10.889    
    SLICE_X30Y50         RAMD32 (Setup_ramd32_CLK_I)
                                                     -0.228    10.661    engine/bank_macs_reg_0_1_12_17/RAMB_D1
  -------------------------------------------------------------------
                         required time                         10.661    
                         arrival time                         -10.435    
  -------------------------------------------------------------------
                         slack                                  0.226    

Slack (MET) :             0.270ns  (required time - arrival time)
  Source:                 engine/rv_reg[2]/C
                            (rising edge-triggered cell FDRE clocked by clk  {rise@0.000ns fall@5.000ns period=10.000ns})
  Destination:            engine/bank_macs_reg_0_1_12_17/RAMB/I
                            (rising edge-triggered cell RAMD32 clocked by clk  {rise@0.000ns fall@5.000ns period=10.000ns})
  Path Group:             clk
  Path Type:              Setup (Max at Slow Process Corner)
  Requirement:            10.000ns  (clk rise@10.000ns - clk rise@0.000ns)
  Data Path Delay:        9.461ns  (logic 5.069ns (53.579%)  route 4.392ns (46.421%))
  Logic Levels:           4  (CARRY4=1 DSP48E1=1 LUT5=1 LUT6=1)
  Clock Path Skew:        -0.049ns (DCD - SCD + CPR)
    Destination Clock Delay (DCD):    0.924ns = ( 10.924 - 10.000 ) 
    Source Clock Delay      (SCD):    0.973ns
    Clock Pessimism Removal (CPR):    0.000ns
  Clock Uncertainty:      0.035ns  ((TSJ^2 + TIJ^2)^1/2 + DJ) / 2 + PE
    Total System Jitter     (TSJ):    0.071ns
    Total Input Jitter      (TIJ):    0.000ns
    Discrete Jitter          (DJ):    0.000ns
    Phase Error              (PE):    0.000ns

    Location             Delay type                Incr(ns)  Path(ns)    Netlist Resource(s)
  -------------------------------------------------------------------    -------------------
                         (clock clk rise edge)        0.000     0.000 r  
                                                      0.000     0.000 r  clk (IN)
                         net (fo=10952, unset)        0.973     0.973    engine/clk
    SLICE_X26Y60         FDRE                                         r  engine/rv_reg[2]/C
  -------------------------------------------------------------------    -------------------
    SLICE_X26Y60         FDRE (Prop_fdre_C_Q)         0.478     1.451 r  engine/rv_reg[2]/Q
                         net (fo=9, routed)           1.233     2.684    engine/rv[2]
    SLICE_X26Y55         LUT6 (Prop_lut6_I0_O)        0.298     2.982 r  engine/p_1_in_i_22/O
                         net (fo=1, routed)           0.782     3.765    engine/p_1_in_i_22_n_0
    SLICE_X26Y53         LUT5 (Prop_lut5_I4_O)        0.124     3.889 r  engine/p_1_in_i_10/O
                         net (fo=1, routed)           0.000     3.889    engine/p_1_in_i_10_n_0
    SLICE_X26Y53         CARRY4 (Prop_carry4_S[0]_CO[3])
                                                      0.513     4.402 r  engine/p_1_in_i_2/CO[3]
                         net (fo=1, routed)           1.309     5.711    engine/p_1_in_i_2_n_0
    DSP48_X1Y18          DSP48E1 (Prop_dsp48e1_B[7]_P[14])
                                                      3.656     9.367 r  engine/p_1_in/P[14]
                         net (fo=1, routed)           1.067    10.434    engine/bank_macs_reg_0_1_12_17/DIB0
    SLICE_X30Y50         RAMD32                                       r  engine/bank_macs_reg_0_1_12_17/RAMB/I
  -------------------------------------------------------------------    -------------------

                         (clock clk rise edge)       10.000    10.000 r  
                                                      0.000    10.000 r  clk (IN)
                         net (fo=10952, unset)        0.924    10.924    engine/bank_macs_reg_0_1_12_17/WCLK
    SLICE_X30Y50         RAMD32                                       r  engine/bank_macs_reg_0_1_12_17/RAMB/CLK
                         clock pessimism              0.000    10.924    
                         clock uncertainty           -0.035    10.889    
    SLICE_X30Y50         RAMD32 (Setup_ramd32_CLK_I)
                                                     -0.185    10.704    engine/bank_macs_reg_0_1_12_17/RAMB
  -------------------------------------------------------------------
                         required time                         10.704    
                         arrival time                         -10.434    
  -------------------------------------------------------------------
                         slack                                  0.270    

Slack (MET) :             0.282ns  (required time - arrival time)
  Source:                 engine/rv_reg[2]/C
                            (rising edge-triggered cell FDRE clocked by clk  {rise@0.000ns fall@5.000ns period=10.000ns})
  Destination:            engine/bank_macs_reg_0_1_18_18/DP/I
                            (rising edge-triggered cell RAMD32 clocked by clk  {rise@0.000ns fall@5.000ns period=10.000ns})
  Path Group:             clk
  Path Type:              Setup (Max at Slow Process Corner)
  Requirement:            10.000ns  (clk rise@10.000ns - clk rise@0.000ns)
  Data Path Delay:        9.385ns  (logic 5.069ns (54.010%)  route 4.316ns (45.990%))
  Logic Levels:           4  (CARRY4=1 DSP48E1=1 LUT5=1 LUT6=1)
  Clock Path Skew:        -0.049ns (DCD - SCD + CPR)
    Destination Clock Delay (DCD):    0.924ns = ( 10.924 - 10.000 ) 
    Source Clock Delay      (SCD):    0.973ns
    Clock Pessimism Removal (CPR):    0.000ns
  Clock Uncertainty:      0.035ns  ((TSJ^2 + TIJ^2)^1/2 + DJ) / 2 + PE
    Total System Jitter     (TSJ):    0.071ns
    Total Input Jitter      (TIJ):    0.000ns
    Discrete Jitter          (DJ):    0.000ns
    Phase Error              (PE):    0.000ns

    Location             Delay type                Incr(ns)  Path(ns)    Netlist Resource(s)
  -------------------------------------------------------------------    -------------------
                         (clock clk rise edge)        0.000     0.000 r  
                                                      0.000     0.000 r  clk (IN)
                         net (fo=10952, unset)        0.973     0.973    engine/clk
    SLICE_X26Y60         FDRE                                         r  engine/rv_reg[2]/C
  -------------------------------------------------------------------    -------------------
    SLICE_X26Y60         FDRE (Prop_fdre_C_Q)         0.478     1.451 r  engine/rv_reg[2]/Q
                         net (fo=9, routed)           1.233     2.684    engine/rv[2]
    SLICE_X26Y55         LUT6 (Prop_lut6_I0_O)        0.298     2.982 r  engine/p_1_in_i_22/O
                         net (fo=1, routed)           0.782     3.765    engine/p_1_in_i_22_n_0
    SLICE_X26Y53         LUT5 (Prop_lut5_I4_O)        0.124     3.889 r  engine/p_1_in_i_10/O
                         net (fo=1, routed)           0.000     3.889    engine/p_1_in_i_10_n_0
    SLICE_X26Y53         CARRY4 (Prop_carry4_S[0]_CO[3])
                                                      0.513     4.402 r  engine/p_1_in_i_2/CO[3]
                         net (fo=1, routed)           1.309     5.711    engine/p_1_in_i_2_n_0
    DSP48_X1Y18          DSP48E1 (Prop_dsp48e1_B[7]_P[18])
                                                      3.656     9.367 r  engine/p_1_in/P[18]
                         net (fo=2, routed)           0.992    10.358    engine/bank_macs_reg_0_1_18_18/D
    SLICE_X26Y50         RAMD32                                       r  engine/bank_macs_reg_0_1_18_18/DP/I
  -------------------------------------------------------------------    -------------------

                         (clock clk rise edge)       10.000    10.000 r  
                                                      0.000    10.000 r  clk (IN)
                         net (fo=10952, unset)        0.924    10.924    engine/bank_macs_reg_0_1_18_18/WCLK
    SLICE_X26Y50         RAMD32                                       r  engine/bank_macs_reg_0_1_18_18/DP/CLK
                         clock pessimism              0.000    10.924    
                         clock uncertainty           -0.035    10.889    
    SLICE_X26Y50         RAMD32 (Setup_ramd32_CLK_I)
                                                     -0.249    10.640    engine/bank_macs_reg_0_1_18_18/DP
  -------------------------------------------------------------------
                         required time                         10.640    
                         arrival time                         -10.358    
  -------------------------------------------------------------------
                         slack                                  0.282    

Slack (MET) :             0.282ns  (required time - arrival time)
  Source:                 engine/rv_reg[2]/C
                            (rising edge-triggered cell FDRE clocked by clk  {rise@0.000ns fall@5.000ns period=10.000ns})
  Destination:            engine/bank_macs_reg_0_1_12_17/RAMA/I
                            (rising edge-triggered cell RAMD32 clocked by clk  {rise@0.000ns fall@5.000ns period=10.000ns})
  Path Group:             clk
  Path Type:              Setup (Max at Slow Process Corner)
  Requirement:            10.000ns  (clk rise@10.000ns - clk rise@0.000ns)
  Data Path Delay:        9.473ns  (logic 5.069ns (53.509%)  route 4.404ns (46.491%))
  Logic Levels:           4  (CARRY4=1 DSP48E1=1 LUT5=1 LUT6=1)
  Clock Path Skew:        -0.049ns (DCD - SCD + CPR)
    Destination Clock Delay (DCD):    0.924ns = ( 10.924 - 10.000 ) 
    Source Clock Delay      (SCD):    0.973ns
    Clock Pessimism Removal (CPR):    0.000ns
  Clock Uncertainty:      0.035ns  ((TSJ^2 + TIJ^2)^1/2 + DJ) / 2 + PE
    Total System Jitter     (TSJ):    0.071ns
    Total Input Jitter      (TIJ):    0.000ns
    Discrete Jitter          (DJ):    0.000ns
    Phase Error              (PE):    0.000ns

    Location             Delay type                Incr(ns)  Path(ns)    Netlist Resource(s)
  -------------------------------------------------------------------    -------------------
                         (clock clk rise edge)        0.000     0.000 r  
                                                      0.000     0.000 r  clk (IN)
                         net (fo=10952, unset)        0.973     0.973    engine/clk
    SLICE_X26Y60         FDRE                                         r  engine/rv_reg[2]/C
  -------------------------------------------------------------------    -------------------
    SLICE_X26Y60         FDRE (Prop_fdre_C_Q)         0.478     1.451 r  engine/rv_reg[2]/Q
                         net (fo=9, routed)           1.233     2.684    engine/rv[2]
    SLICE_X26Y55         LUT6 (Prop_lut6_I0_O)        0.298     2.982 r  engine/p_1_in_i_22/O
                         net (fo=1, routed)           0.782     3.765    engine/p_1_in_i_22_n_0
    SLICE_X26Y53         LUT5 (Prop_lut5_I4_O)        0.124     3.889 r  engine/p_1_in_i_10/O
                         net (fo=1, routed)           0.000     3.889    engine/p_1_in_i_10_n_0
    SLICE_X26Y53         CARRY4 (Prop_carry4_S[0]_CO[3])
                                                      0.513     4.402 r  engine/p_1_in_i_2/CO[3]
                         net (fo=1, routed)           1.309     5.711    engine/p_1_in_i_2_n_0
    DSP48_X1Y18          DSP48E1 (Prop_dsp48e1_B[7]_P[12])
                                                      3.656     9.367 r  engine/p_1_in/P[12]
                         net (fo=1, routed)           1.080    10.446    engine/bank_macs_reg_0_1_12_17/DIA0
    SLICE_X30Y50         RAMD32                                       r  engine/bank_macs_reg_0_1_12_17/RAMA/I
  -------------------------------------------------------------------    -------------------

                         (clock clk rise edge)       10.000    10.000 r  
                                                      0.000    10.000 r  clk (IN)
                         net (fo=10952, unset)        0.924    10.924    engine/bank_macs_reg_0_1_12_17/WCLK
    SLICE_X30Y50         RAMD32                                       r  engine/bank_macs_reg_0_1_12_17/RAMA/CLK
                         clock pessimism              0.000    10.924    
                         clock uncertainty           -0.035    10.889    
    SLICE_X30Y50         RAMD32 (Setup_ramd32_CLK_I)
                                                     -0.161    10.728    engine/bank_macs_reg_0_1_12_17/RAMA
  -------------------------------------------------------------------
                         required time                         10.728    
                         arrival time                         -10.446    
  -------------------------------------------------------------------
                         slack                                  0.282    

Slack (MET) :             0.289ns  (required time - arrival time)
  Source:                 engine/rv_reg[2]/C
                            (rising edge-triggered cell FDRE clocked by clk  {rise@0.000ns fall@5.000ns period=10.000ns})
  Destination:            engine/bank_macs_reg_0_1_12_17/RAMC/I
                            (rising edge-triggered cell RAMD32 clocked by clk  {rise@0.000ns fall@5.000ns period=10.000ns})
  Path Group:             clk
  Path Type:              Setup (Max at Slow Process Corner)
  Requirement:            10.000ns  (clk rise@10.000ns - clk rise@0.000ns)
  Data Path Delay:        9.452ns  (logic 5.069ns (53.627%)  route 4.383ns (46.373%))
  Logic Levels:           4  (CARRY4=1 DSP48E1=1 LUT5=1 LUT6=1)
  Clock Path Skew:        -0.049ns (DCD - SCD + CPR)
    Destination Clock Delay (DCD):    0.924ns = ( 10.924 - 10.000 ) 
    Source Clock Delay      (SCD):    0.973ns
    Clock Pessimism Removal (CPR):    0.000ns
  Clock Uncertainty:      0.035ns  ((TSJ^2 + TIJ^2)^1/2 + DJ) / 2 + PE
    Total System Jitter     (TSJ):    0.071ns
    Total Input Jitter      (TIJ):    0.000ns
    Discrete Jitter          (DJ):    0.000ns
    Phase Error              (PE):    0.000ns

    Location             Delay type                Incr(ns)  Path(ns)    Netlist Resource(s)
  -------------------------------------------------------------------    -------------------
                         (clock clk rise edge)        0.000     0.000 r  
                                                      0.000     0.000 r  clk (IN)
                         net (fo=10952, unset)        0.973     0.973    engine/clk
    SLICE_X26Y60         FDRE                                         r  engine/rv_reg[2]/C
  -------------------------------------------------------------------    -------------------
    SLICE_X26Y60         FDRE (Prop_fdre_C_Q)         0.478     1.451 r  engine/rv_reg[2]/Q
                         net (fo=9, routed)           1.233     2.684    engine/rv[2]
    SLICE_X26Y55         LUT6 (Prop_lut6_I0_O)        0.298     2.982 r  engine/p_1_in_i_22/O
                         net (fo=1, routed)           0.782     3.765    engine/p_1_in_i_22_n_0
    SLICE_X26Y53         LUT5 (Prop_lut5_I4_O)        0.124     3.889 r  engine/p_1_in_i_10/O
                         net (fo=1, routed)           0.000     3.889    engine/p_1_in_i_10_n_0
    SLICE_X26Y53         CARRY4 (Prop_carry4_S[0]_CO[3])
                                                      0.513     4.402 r  engine/p_1_in_i_2/CO[3]
                         net (fo=1, routed)           1.309     5.711    engine/p_1_in_i_2_n_0
    DSP48_X1Y18          DSP48E1 (Prop_dsp48e1_B[7]_P[16])
                                                      3.656     9.367 r  engine/p_1_in/P[16]
                         net (fo=1, routed)           1.059    10.425    engine/bank_macs_reg_0_1_12_17/DIC0
    SLICE_X30Y50         RAMD32                                       r  engine/bank_macs_reg_0_1_12_17/RAMC/I
  -------------------------------------------------------------------    -------------------

                         (clock clk rise edge)       10.000    10.000 r  
                                                      0.000    10.000 r  clk (IN)
                         net (fo=10952, unset)        0.924    10.924    engine/bank_macs_reg_0_1_12_17/WCLK
    SLICE_X30Y50         RAMD32                                       r  engine/bank_macs_reg_0_1_12_17/RAMC/CLK
                         clock pessimism              0.000    10.924    
                         clock uncertainty           -0.035    10.889    
    SLICE_X30Y50         RAMD32 (Setup_ramd32_CLK_I)
                                                     -0.175    10.714    engine/bank_macs_reg_0_1_12_17/RAMC
  -------------------------------------------------------------------
                         required time                         10.714    
                         arrival time                         -10.425    
  -------------------------------------------------------------------
                         slack                                  0.289    

Slack (MET) :             0.307ns  (required time - arrival time)
  Source:                 engine/rv_reg[2]/C
                            (rising edge-triggered cell FDRE clocked by clk  {rise@0.000ns fall@5.000ns period=10.000ns})
  Destination:            engine/bank_macs_reg_0_1_6_11/RAMB/I
                            (rising edge-triggered cell RAMD32 clocked by clk  {rise@0.000ns fall@5.000ns period=10.000ns})
  Path Group:             clk
  Path Type:              Setup (Max at Slow Process Corner)
  Requirement:            10.000ns  (clk rise@10.000ns - clk rise@0.000ns)
  Data Path Delay:        9.424ns  (logic 5.069ns (53.788%)  route 4.355ns (46.212%))
  Logic Levels:           4  (CARRY4=1 DSP48E1=1 LUT5=1 LUT6=1)
  Clock Path Skew:        -0.049ns (DCD - SCD + CPR)
    Destination Clock Delay (DCD):    0.924ns = ( 10.924 - 10.000 ) 
    Source Clock Delay      (SCD):    0.973ns
    Clock Pessimism Removal (CPR):    0.000ns
  Clock Uncertainty:      0.035ns  ((TSJ^2 + TIJ^2)^1/2 + DJ) / 2 + PE
    Total System Jitter     (TSJ):    0.071ns
    Total Input Jitter      (TIJ):    0.000ns
    Discrete Jitter          (DJ):    0.000ns
    Phase Error              (PE):    0.000ns

    Location             Delay type                Incr(ns)  Path(ns)    Netlist Resource(s)
  -------------------------------------------------------------------    -------------------
                         (clock clk rise edge)        0.000     0.000 r  
                                                      0.000     0.000 r  clk (IN)
                         net (fo=10952, unset)        0.973     0.973    engine/clk
    SLICE_X26Y60         FDRE                                         r  engine/rv_reg[2]/C
  -------------------------------------------------------------------    -------------------
    SLICE_X26Y60         FDRE (Prop_fdre_C_Q)         0.478     1.451 r  engine/rv_reg[2]/Q
                         net (fo=9, routed)           1.233     2.684    engine/rv[2]
    SLICE_X26Y55         LUT6 (Prop_lut6_I0_O)        0.298     2.982 r  engine/p_1_in_i_22/O
                         net (fo=1, routed)           0.782     3.765    engine/p_1_in_i_22_n_0
    SLICE_X26Y53         LUT5 (Prop_lut5_I4_O)        0.124     3.889 r  engine/p_1_in_i_10/O
                         net (fo=1, routed)           0.000     3.889    engine/p_1_in_i_10_n_0
    SLICE_X26Y53         CARRY4 (Prop_carry4_S[0]_CO[3])
                                                      0.513     4.402 r  engine/p_1_in_i_2/CO[3]
                         net (fo=1, routed)           1.309     5.711    engine/p_1_in_i_2_n_0
    DSP48_X1Y18          DSP48E1 (Prop_dsp48e1_B[7]_P[8])
                                                      3.656     9.367 r  engine/p_1_in/P[8]
                         net (fo=1, routed)           1.030    10.397    engine/bank_macs_reg_0_1_6_11/DIB0
    SLICE_X26Y49         RAMD32                                       r  engine/bank_macs_reg_0_1_6_11/RAMB/I
  -------------------------------------------------------------------    -------------------

                         (clock clk rise edge)       10.000    10.000 r  
                                                      0.000    10.000 r  clk (IN)
                         net (fo=10952, unset)        0.924    10.924    engine/bank_macs_reg_0_1_6_11/WCLK
    SLICE_X26Y49         RAMD32                                       r  engine/bank_macs_reg_0_1_6_11/RAMB/CLK
                         clock pessimism              0.000    10.924    
                         clock uncertainty           -0.035    10.889    
    SLICE_X26Y49         RAMD32 (Setup_ramd32_CLK_I)
                                                     -0.185    10.704    engine/bank_macs_reg_0_1_6_11/RAMB
  -------------------------------------------------------------------
                         required time                         10.704    
                         arrival time                         -10.397    
  -------------------------------------------------------------------
                         slack                                  0.307    

Slack (MET) :             0.309ns  (required time - arrival time)
  Source:                 engine/rv_reg[2]/C
                            (rising edge-triggered cell FDRE clocked by clk  {rise@0.000ns fall@5.000ns period=10.000ns})
  Destination:            engine/bank_macs_reg_0_1_6_11/RAMA_D1/I
                            (rising edge-triggered cell RAMD32 clocked by clk  {rise@0.000ns fall@5.000ns period=10.000ns})
  Path Group:             clk
  Path Type:              Setup (Max at Slow Process Corner)
  Requirement:            10.000ns  (clk rise@10.000ns - clk rise@0.000ns)
  Data Path Delay:        9.349ns  (logic 5.069ns (54.218%)  route 4.280ns (45.782%))
  Logic Levels:           4  (CARRY4=1 DSP48E1=1 LUT5=1 LUT6=1)
  Clock Path Skew:        -0.049ns (DCD - SCD + CPR)
    Destination Clock Delay (DCD):    0.924ns = ( 10.924 - 10.000 ) 
    Source Clock Delay      (SCD):    0.973ns
    Clock Pessimism Removal (CPR):    0.000ns
  Clock Uncertainty:      0.035ns  ((TSJ^2 + TIJ^2)^1/2 + DJ) / 2 + PE
    Total System Jitter     (TSJ):    0.071ns
    Total Input Jitter      (TIJ):    0.000ns
    Discrete Jitter          (DJ):    0.000ns
    Phase Error              (PE):    0.000ns

    Location             Delay type                Incr(ns)  Path(ns)    Netlist Resource(s)
  -------------------------------------------------------------------    -------------------
                         (clock clk rise edge)        0.000     0.000 r  
                                                      0.000     0.000 r  clk (IN)
                         net (fo=10952, unset)        0.973     0.973    engine/clk
    SLICE_X26Y60         FDRE                                         r  engine/rv_reg[2]/C
  -------------------------------------------------------------------    -------------------
    SLICE_X26Y60         FDRE (Prop_fdre_C_Q)         0.478     1.451 r  engine/rv_reg[2]/Q
                         net (fo=9, routed)           1.233     2.684    engine/rv[2]
    SLICE_X26Y55         LUT6 (Prop_lut6_I0_O)        0.298     2.982 r  engine/p_1_in_i_22/O
                         net (fo=1, routed)           0.782     3.765    engine/p_1_in_i_22_n_0
    SLICE_X26Y53         LUT5 (Prop_lut5_I4_O)        0.124     3.889 r  engine/p_1_in_i_10/O
                         net (fo=1, routed)           0.000     3.889    engine/p_1_in_i_10_n_0
    SLICE_X26Y53         CARRY4 (Prop_carry4_S[0]_CO[3])
                                                      0.513     4.402 r  engine/p_1_in_i_2/CO[3]
                         net (fo=1, routed)           1.309     5.711    engine/p_1_in_i_2_n_0
    DSP48_X1Y18          DSP48E1 (Prop_dsp48e1_B[7]_P[7])
                                                      3.656     9.367 r  engine/p_1_in/P[7]
                         net (fo=1, routed)           0.956    10.322    engine/bank_macs_reg_0_1_6_11/DIA1
    SLICE_X26Y49         RAMD32                                       r  engine/bank_macs_reg_0_1_6_11/RAMA_D1/I
  -------------------------------------------------------------------    -------------------

                         (clock clk rise edge)       10.000    10.000 r  
                                                      0.000    10.000 r  clk (IN)
                         net (fo=10952, unset)        0.924    10.924    engine/bank_macs_reg_0_1_6_11/WCLK
    SLICE_X26Y49         RAMD32                                       r  engine/bank_macs_reg_0_1_6_11/RAMA_D1/CLK
                         clock pessimism              0.000    10.924    
                         clock uncertainty           -0.035    10.889    
    SLICE_X26Y49         RAMD32 (Setup_ramd32_CLK_I)
                                                     -0.258    10.631    engine/bank_macs_reg_0_1_6_11/RAMA_D1
  -------------------------------------------------------------------
                         required time                         10.631    
                         arrival time                         -10.322    
  -------------------------------------------------------------------
                         slack                                  0.309    





Min Delay Paths
--------------------------------------------------------------------------------------
Slack (MET) :             0.134ns  (arrival time - required time)
  Source:                 engine/tag_tail_reg[0]/C
                            (rising edge-triggered cell FDRE clocked by clk  {rise@0.000ns fall@5.000ns period=10.000ns})
  Destination:            engine/tags_reg[0][is_b]_0_3_0_0/DP/WADR0
                            (rising edge-triggered cell RAMD32 clocked by clk  {rise@0.000ns fall@5.000ns period=10.000ns})
  Path Group:             clk
  Path Type:              Hold (Min at Fast Process Corner)
  Requirement:            0.000ns  (clk rise@0.000ns - clk rise@0.000ns)
  Data Path Delay:        0.466ns  (logic 0.164ns (35.195%)  route 0.302ns (64.805%))
  Logic Levels:           0  
  Clock Path Skew:        0.022ns (DCD - SCD - CPR)
    Destination Clock Delay (DCD):    0.432ns
    Source Clock Delay      (SCD):    0.410ns
    Clock Pessimism Removal (CPR):    -0.000ns

    Location             Delay type                Incr(ns)  Path(ns)    Netlist Resource(s)
  -------------------------------------------------------------------    -------------------
                         (clock clk rise edge)        0.000     0.000 r  
                                                      0.000     0.000 r  clk (IN)
                         net (fo=10952, unset)        0.410     0.410    engine/clk
    SLICE_X38Y89         FDRE                                         r  engine/tag_tail_reg[0]/C
  -------------------------------------------------------------------    -------------------
    SLICE_X38Y89         FDRE (Prop_fdre_C_Q)         0.164     0.574 r  engine/tag_tail_reg[0]/Q
                         net (fo=51, routed)          0.302     0.876    engine/tags_reg[0][is_b]_0_3_0_0/A0
    SLICE_X36Y90         RAMD32                                       r  engine/tags_reg[0][is_b]_0_3_0_0/DP/WADR0
  -------------------------------------------------------------------    -------------------

                         (clock clk rise edge)        0.000     0.000 r  
                                                      0.000     0.000 r  clk (IN)
                         net (fo=10952, unset)        0.432     0.432    engine/tags_reg[0][is_b]_0_3_0_0/WCLK
    SLICE_X36Y90         RAMD32                                       r  engine/tags_reg[0][is_b]_0_3_0_0/DP/CLK
                         clock pessimism              0.000     0.432    
    SLICE_X36Y90         RAMD32 (Hold_ramd32_CLK_WADR0)
                                                      0.310     0.742    engine/tags_reg[0][is_b]_0_3_0_0/DP
  -------------------------------------------------------------------
                         required time                         -0.742    
                         arrival time                           0.876    
  -------------------------------------------------------------------
                         slack                                  0.134    

Slack (MET) :             0.134ns  (arrival time - required time)
  Source:                 engine/tag_tail_reg[0]/C
                            (rising edge-triggered cell FDRE clocked by clk  {rise@0.000ns fall@5.000ns period=10.000ns})
  Destination:            engine/tags_reg[0][is_b]_0_3_0_0/SP/WADR0
                            (rising edge-triggered cell RAMD32 clocked by clk  {rise@0.000ns fall@5.000ns period=10.000ns})
  Path Group:             clk
  Path Type:              Hold (Min at Fast Process Corner)
  Requirement:            0.000ns  (clk rise@0.000ns - clk rise@0.000ns)
  Data Path Delay:        0.466ns  (logic 0.164ns (35.195%)  route 0.302ns (64.805%))
  Logic Levels:           0  
  Clock Path Skew:        0.022ns (DCD - SCD - CPR)
    Destination Clock Delay (DCD):    0.432ns
    Source Clock Delay      (SCD):    0.410ns
    Clock Pessimism Removal (CPR):    -0.000ns

    Location             Delay type                Incr(ns)  Path(ns)    Netlist Resource(s)
  -------------------------------------------------------------------    -------------------
                         (clock clk rise edge)        0.000     0.000 r  
                                                      0.000     0.000 r  clk (IN)
                         net (fo=10952, unset)        0.410     0.410    engine/clk
    SLICE_X38Y89         FDRE                                         r  engine/tag_tail_reg[0]/C
  -------------------------------------------------------------------    -------------------
    SLICE_X38Y89         FDRE (Prop_fdre_C_Q)         0.164     0.574 r  engine/tag_tail_reg[0]/Q
                         net (fo=51, routed)          0.302     0.876    engine/tags_reg[0][is_b]_0_3_0_0/A0
    SLICE_X36Y90         RAMD32                                       r  engine/tags_reg[0][is_b]_0_3_0_0/SP/WADR0
  -------------------------------------------------------------------    -------------------

                         (clock clk rise edge)        0.000     0.000 r  
                                                      0.000     0.000 r  clk (IN)
                         net (fo=10952, unset)        0.432     0.432    engine/tags_reg[0][is_b]_0_3_0_0/WCLK
    SLICE_X36Y90         RAMD32                                       r  engine/tags_reg[0][is_b]_0_3_0_0/SP/CLK
                         clock pessimism              0.000     0.432    
    SLICE_X36Y90         RAMD32 (Hold_ramd32_CLK_WADR0)
                                                      0.310     0.742    engine/tags_reg[0][is_b]_0_3_0_0/SP
  -------------------------------------------------------------------
                         required time                         -0.742    
                         arrival time                           0.876    
  -------------------------------------------------------------------
                         slack                                  0.134    

Slack (MET) :             0.134ns  (arrival time - required time)
  Source:                 engine/tag_tail_reg[0]/C
                            (rising edge-triggered cell FDRE clocked by clk  {rise@0.000ns fall@5.000ns period=10.000ns})
  Destination:            engine/tags_reg[0][read]_0_3_0_0/DP/WADR0
                            (rising edge-triggered cell RAMD32 clocked by clk  {rise@0.000ns fall@5.000ns period=10.000ns})
  Path Group:             clk
  Path Type:              Hold (Min at Fast Process Corner)
  Requirement:            0.000ns  (clk rise@0.000ns - clk rise@0.000ns)
  Data Path Delay:        0.466ns  (logic 0.164ns (35.195%)  route 0.302ns (64.805%))
  Logic Levels:           0  
  Clock Path Skew:        0.022ns (DCD - SCD - CPR)
    Destination Clock Delay (DCD):    0.432ns
    Source Clock Delay      (SCD):    0.410ns
    Clock Pessimism Removal (CPR):    -0.000ns

    Location             Delay type                Incr(ns)  Path(ns)    Netlist Resource(s)
  -------------------------------------------------------------------    -------------------
                         (clock clk rise edge)        0.000     0.000 r  
                                                      0.000     0.000 r  clk (IN)
                         net (fo=10952, unset)        0.410     0.410    engine/clk
    SLICE_X38Y89         FDRE                                         r  engine/tag_tail_reg[0]/C
  -------------------------------------------------------------------    -------------------
    SLICE_X38Y89         FDRE (Prop_fdre_C_Q)         0.164     0.574 r  engine/tag_tail_reg[0]/Q
                         net (fo=51, routed)          0.302     0.876    engine/tags_reg[0][read]_0_3_0_0/A0
    SLICE_X36Y90         RAMD32                                       r  engine/tags_reg[0][read]_0_3_0_0/DP/WADR0
  -------------------------------------------------------------------    -------------------

                         (clock clk rise edge)        0.000     0.000 r  
                                                      0.000     0.000 r  clk (IN)
                         net (fo=10952, unset)        0.432     0.432    engine/tags_reg[0][read]_0_3_0_0/WCLK
    SLICE_X36Y90         RAMD32                                       r  engine/tags_reg[0][read]_0_3_0_0/DP/CLK
                         clock pessimism              0.000     0.432    
    SLICE_X36Y90         RAMD32 (Hold_ramd32_CLK_WADR0)
                                                      0.310     0.742    engine/tags_reg[0][read]_0_3_0_0/DP
  -------------------------------------------------------------------
                         required time                         -0.742    
                         arrival time                           0.876    
  -------------------------------------------------------------------
                         slack                                  0.134    

Slack (MET) :             0.134ns  (arrival time - required time)
  Source:                 engine/tag_tail_reg[0]/C
                            (rising edge-triggered cell FDRE clocked by clk  {rise@0.000ns fall@5.000ns period=10.000ns})
  Destination:            engine/tags_reg[0][read]_0_3_0_0/SP/WADR0
                            (rising edge-triggered cell RAMD32 clocked by clk  {rise@0.000ns fall@5.000ns period=10.000ns})
  Path Group:             clk
  Path Type:              Hold (Min at Fast Process Corner)
  Requirement:            0.000ns  (clk rise@0.000ns - clk rise@0.000ns)
  Data Path Delay:        0.466ns  (logic 0.164ns (35.195%)  route 0.302ns (64.805%))
  Logic Levels:           0  
  Clock Path Skew:        0.022ns (DCD - SCD - CPR)
    Destination Clock Delay (DCD):    0.432ns
    Source Clock Delay      (SCD):    0.410ns
    Clock Pessimism Removal (CPR):    -0.000ns

    Location             Delay type                Incr(ns)  Path(ns)    Netlist Resource(s)
  -------------------------------------------------------------------    -------------------
                         (clock clk rise edge)        0.000     0.000 r  
                                                      0.000     0.000 r  clk (IN)
                         net (fo=10952, unset)        0.410     0.410    engine/clk
    SLICE_X38Y89         FDRE                                         r  engine/tag_tail_reg[0]/C
  -------------------------------------------------------------------    -------------------
    SLICE_X38Y89         FDRE (Prop_fdre_C_Q)         0.164     0.574 r  engine/tag_tail_reg[0]/Q
                         net (fo=51, routed)          0.302     0.876    engine/tags_reg[0][read]_0_3_0_0/A0
    SLICE_X36Y90         RAMD32                                       r  engine/tags_reg[0][read]_0_3_0_0/SP/WADR0
  -------------------------------------------------------------------    -------------------

                         (clock clk rise edge)        0.000     0.000 r  
                                                      0.000     0.000 r  clk (IN)
                         net (fo=10952, unset)        0.432     0.432    engine/tags_reg[0][read]_0_3_0_0/WCLK
    SLICE_X36Y90         RAMD32                                       r  engine/tags_reg[0][read]_0_3_0_0/SP/CLK
                         clock pessimism              0.000     0.432    
    SLICE_X36Y90         RAMD32 (Hold_ramd32_CLK_WADR0)
                                                      0.310     0.742    engine/tags_reg[0][read]_0_3_0_0/SP
  -------------------------------------------------------------------
                         required time                         -0.742    
                         arrival time                           0.876    
  -------------------------------------------------------------------
                         slack                                  0.134    

Slack (MET) :             0.134ns  (arrival time - required time)
  Source:                 engine/tag_tail_reg[0]/C
                            (rising edge-triggered cell FDRE clocked by clk  {rise@0.000ns fall@5.000ns period=10.000ns})
  Destination:            engine/tags_reg[0][slot]_0_3_0_0/DP/WADR0
                            (rising edge-triggered cell RAMD32 clocked by clk  {rise@0.000ns fall@5.000ns period=10.000ns})
  Path Group:             clk
  Path Type:              Hold (Min at Fast Process Corner)
  Requirement:            0.000ns  (clk rise@0.000ns - clk rise@0.000ns)
  Data Path Delay:        0.466ns  (logic 0.164ns (35.195%)  route 0.302ns (64.805%))
  Logic Levels:           0  
  Clock Path Skew:        0.022ns (DCD - SCD - CPR)
    Destination Clock Delay (DCD):    0.432ns
    Source Clock Delay      (SCD):    0.410ns
    Clock Pessimism Removal (CPR):    -0.000ns

    Location             Delay type                Incr(ns)  Path(ns)    Netlist Resource(s)
  -------------------------------------------------------------------    -------------------
                         (clock clk rise edge)        0.000     0.000 r  
                                                      0.000     0.000 r  clk (IN)
                         net (fo=10952, unset)        0.410     0.410    engine/clk
    SLICE_X38Y89         FDRE                                         r  engine/tag_tail_reg[0]/C
  -------------------------------------------------------------------    -------------------
    SLICE_X38Y89         FDRE (Prop_fdre_C_Q)         0.164     0.574 r  engine/tag_tail_reg[0]/Q
                         net (fo=51, routed)          0.302     0.876    engine/tags_reg[0][slot]_0_3_0_0/A0
    SLICE_X36Y90         RAMD32                                       r  engine/tags_reg[0][slot]_0_3_0_0/DP/WADR0
  -------------------------------------------------------------------    -------------------

                         (clock clk rise edge)        0.000     0.000 r  
                                                      0.000     0.000 r  clk (IN)
                         net (fo=10952, unset)        0.432     0.432    engine/tags_reg[0][slot]_0_3_0_0/WCLK
    SLICE_X36Y90         RAMD32                                       r  engine/tags_reg[0][slot]_0_3_0_0/DP/CLK
                         clock pessimism              0.000     0.432    
    SLICE_X36Y90         RAMD32 (Hold_ramd32_CLK_WADR0)
                                                      0.310     0.742    engine/tags_reg[0][slot]_0_3_0_0/DP
  -------------------------------------------------------------------
                         required time                         -0.742    
                         arrival time                           0.876    
  -------------------------------------------------------------------
                         slack                                  0.134    

Slack (MET) :             0.134ns  (arrival time - required time)
  Source:                 engine/tag_tail_reg[0]/C
                            (rising edge-triggered cell FDRE clocked by clk  {rise@0.000ns fall@5.000ns period=10.000ns})
  Destination:            engine/tags_reg[0][slot]_0_3_0_0/SP/WADR0
                            (rising edge-triggered cell RAMD32 clocked by clk  {rise@0.000ns fall@5.000ns period=10.000ns})
  Path Group:             clk
  Path Type:              Hold (Min at Fast Process Corner)
  Requirement:            0.000ns  (clk rise@0.000ns - clk rise@0.000ns)
  Data Path Delay:        0.466ns  (logic 0.164ns (35.195%)  route 0.302ns (64.805%))
  Logic Levels:           0  
  Clock Path Skew:        0.022ns (DCD - SCD - CPR)
    Destination Clock Delay (DCD):    0.432ns
    Source Clock Delay      (SCD):    0.410ns
    Clock Pessimism Removal (CPR):    -0.000ns

    Location             Delay type                Incr(ns)  Path(ns)    Netlist Resource(s)
  -------------------------------------------------------------------    -------------------
                         (clock clk rise edge)        0.000     0.000 r  
                                                      0.000     0.000 r  clk (IN)
                         net (fo=10952, unset)        0.410     0.410    engine/clk
    SLICE_X38Y89         FDRE                                         r  engine/tag_tail_reg[0]/C
  -------------------------------------------------------------------    -------------------
    SLICE_X38Y89         FDRE (Prop_fdre_C_Q)         0.164     0.574 r  engine/tag_tail_reg[0]/Q
                         net (fo=51, routed)          0.302     0.876    engine/tags_reg[0][slot]_0_3_0_0/A0
    SLICE_X36Y90         RAMD32                                       r  engine/tags_reg[0][slot]_0_3_0_0/SP/WADR0
  -------------------------------------------------------------------    -------------------

                         (clock clk rise edge)        0.000     0.000 r  
                                                      0.000     0.000 r  clk (IN)
                         net (fo=10952, unset)        0.432     0.432    engine/tags_reg[0][slot]_0_3_0_0/WCLK
    SLICE_X36Y90         RAMD32                                       r  engine/tags_reg[0][slot]_0_3_0_0/SP/CLK
                         clock pessimism              0.000     0.432    
    SLICE_X36Y90         RAMD32 (Hold_ramd32_CLK_WADR0)
                                                      0.310     0.742    engine/tags_reg[0][slot]_0_3_0_0/SP
  -------------------------------------------------------------------
                         required time                         -0.742    
                         arrival time                           0.876    
  -------------------------------------------------------------------
                         slack                                  0.134    

Slack (MET) :             0.138ns  (arrival time - required time)
  Source:                 a_k0_reg[6]/C
                            (rising edge-triggered cell FDRE clocked by clk  {rise@0.000ns fall@5.000ns period=10.000ns})
  Destination:            engine/a_k0_reg[6]/D
                            (rising edge-triggered cell FDRE clocked by clk  {rise@0.000ns fall@5.000ns period=10.000ns})
  Path Group:             clk
  Path Type:              Hold (Min at Fast Process Corner)
  Requirement:            0.000ns  (clk rise@0.000ns - clk rise@0.000ns)
  Data Path Delay:        0.242ns  (logic 0.141ns (58.192%)  route 0.101ns (41.808%))
  Logic Levels:           0  
  Clock Path Skew:        0.022ns (DCD - SCD - CPR)
    Destination Clock Delay (DCD):    0.432ns
    Source Clock Delay      (SCD):    0.410ns
    Clock Pessimism Removal (CPR):    -0.000ns

    Location             Delay type                Incr(ns)  Path(ns)    Netlist Resource(s)
  -------------------------------------------------------------------    -------------------
                         (clock clk rise edge)        0.000     0.000 r  
                                                      0.000     0.000 r  clk (IN)
                         net (fo=10952, unset)        0.410     0.410    clk
    SLICE_X39Y111        FDRE                                         r  a_k0_reg[6]/C
  -------------------------------------------------------------------    -------------------
    SLICE_X39Y111        FDRE (Prop_fdre_C_Q)         0.141     0.551 r  a_k0_reg[6]/Q
                         net (fo=2, routed)           0.101     0.652    engine/a_k0_reg[31]_0[6]
    SLICE_X38Y111        FDRE                                         r  engine/a_k0_reg[6]/D
  -------------------------------------------------------------------    -------------------

                         (clock clk rise edge)        0.000     0.000 r  
                                                      0.000     0.000 r  clk (IN)
                         net (fo=10952, unset)        0.432     0.432    engine/clk
    SLICE_X38Y111        FDRE                                         r  engine/a_k0_reg[6]/C
                         clock pessimism              0.000     0.432    
    SLICE_X38Y111        FDRE (Hold_fdre_C_D)         0.083     0.515    engine/a_k0_reg[6]
  -------------------------------------------------------------------
                         required time                         -0.515    
                         arrival time                           0.652    
  -------------------------------------------------------------------
                         slack                                  0.138    

Slack (MET) :             0.148ns  (arrival time - required time)
  Source:                 engine/s1_kmask_reg[7]/C
                            (rising edge-triggered cell FDSE clocked by clk  {rise@0.000ns fall@5.000ns period=10.000ns})
  Destination:            engine/b2_reg[7][1]__0/D
                            (rising edge-triggered cell FDRE clocked by clk  {rise@0.000ns fall@5.000ns period=10.000ns})
  Path Group:             clk
  Path Type:              Hold (Min at Fast Process Corner)
  Requirement:            0.000ns  (clk rise@0.000ns - clk rise@0.000ns)
  Data Path Delay:        0.300ns  (logic 0.189ns (62.922%)  route 0.111ns (37.078%))
  Logic Levels:           1  (LUT2=1)
  Clock Path Skew:        0.022ns (DCD - SCD - CPR)
    Destination Clock Delay (DCD):    0.432ns
    Source Clock Delay      (SCD):    0.410ns
    Clock Pessimism Removal (CPR):    -0.000ns

    Location             Delay type                Incr(ns)  Path(ns)    Netlist Resource(s)
  -------------------------------------------------------------------    -------------------
                         (clock clk rise edge)        0.000     0.000 r  
                                                      0.000     0.000 r  clk (IN)
                         net (fo=10952, unset)        0.410     0.410    engine/clk
    SLICE_X35Y52         FDSE                                         r  engine/s1_kmask_reg[7]/C
  -------------------------------------------------------------------    -------------------
    SLICE_X35Y52         FDSE (Prop_fdse_C_Q)         0.141     0.551 r  engine/s1_kmask_reg[7]/Q
                         net (fo=9, routed)           0.111     0.663    engine/b_ram/b2_reg[7][0]__0[7]
    SLICE_X34Y52         LUT2 (Prop_lut2_I0_O)        0.048     0.711 r  engine/b_ram/b2[7][1]__0_i_1/O
                         net (fo=1, routed)           0.000     0.711    engine/b_ram_n_96
    SLICE_X34Y52         FDRE                                         r  engine/b2_reg[7][1]__0/D
  -------------------------------------------------------------------    -------------------

                         (clock clk rise edge)        0.000     0.000 r  
                                                      0.000     0.000 r  clk (IN)
                         net (fo=10952, unset)        0.432     0.432    engine/clk
    SLICE_X34Y52         FDRE                                         r  engine/b2_reg[7][1]__0/C
                         clock pessimism              0.000     0.432    
    SLICE_X34Y52         FDRE (Hold_fdre_C_D)         0.131     0.563    engine/b2_reg[7][1]__0
  -------------------------------------------------------------------
                         required time                         -0.563    
                         arrival time                           0.711    
  -------------------------------------------------------------------
                         slack                                  0.148    

Slack (MET) :             0.156ns  (arrival time - required time)
  Source:                 engine/s1_kmask_reg[7]/C
                            (rising edge-triggered cell FDSE clocked by clk  {rise@0.000ns fall@5.000ns period=10.000ns})
  Destination:            engine/b2_reg[7][0]__0/D
                            (rising edge-triggered cell FDRE clocked by clk  {rise@0.000ns fall@5.000ns period=10.000ns})
  Path Group:             clk
  Path Type:              Hold (Min at Fast Process Corner)
  Requirement:            0.000ns  (clk rise@0.000ns - clk rise@0.000ns)
  Data Path Delay:        0.297ns  (logic 0.186ns (62.548%)  route 0.111ns (37.452%))
  Logic Levels:           1  (LUT2=1)
  Clock Path Skew:        0.022ns (DCD - SCD - CPR)
    Destination Clock Delay (DCD):    0.432ns
    Source Clock Delay      (SCD):    0.410ns
    Clock Pessimism Removal (CPR):    -0.000ns

    Location             Delay type                Incr(ns)  Path(ns)    Netlist Resource(s)
  -------------------------------------------------------------------    -------------------
                         (clock clk rise edge)        0.000     0.000 r  
                                                      0.000     0.000 r  clk (IN)
                         net (fo=10952, unset)        0.410     0.410    engine/clk
    SLICE_X35Y52         FDSE                                         r  engine/s1_kmask_reg[7]/C
  -------------------------------------------------------------------    -------------------
    SLICE_X35Y52         FDSE (Prop_fdse_C_Q)         0.141     0.551 r  engine/s1_kmask_reg[7]/Q
                         net (fo=9, routed)           0.111     0.663    engine/b_ram/b2_reg[7][0]__0[7]
    SLICE_X34Y52         LUT2 (Prop_lut2_I0_O)        0.045     0.708 r  engine/b_ram/b2[7][0]__0_i_1/O
                         net (fo=1, routed)           0.000     0.708    engine/b_ram_n_97
    SLICE_X34Y52         FDRE                                         r  engine/b2_reg[7][0]__0/D
  -------------------------------------------------------------------    -------------------

                         (clock clk rise edge)        0.000     0.000 r  
                                                      0.000     0.000 r  clk (IN)
                         net (fo=10952, unset)        0.432     0.432    engine/clk
    SLICE_X34Y52         FDRE                                         r  engine/b2_reg[7][0]__0/C
                         clock pessimism              0.000     0.432    
    SLICE_X34Y52         FDRE (Hold_fdre_C_D)         0.120     0.552    engine/b2_reg[7][0]__0
  -------------------------------------------------------------------
                         required time                         -0.552    
                         arrival time                           0.708    
  -------------------------------------------------------------------
                         slack                                  0.156    

Slack (MET) :             0.162ns  (arrival time - required time)
  Source:                 engine/wr_row_reg[10]/C
                            (rising edge-triggered cell FDRE clocked by clk  {rise@0.000ns fall@5.000ns period=10.000ns})
  Destination:            engine/wr_q_addr_reg[10]/D
                            (rising edge-triggered cell FDRE clocked by clk  {rise@0.000ns fall@5.000ns period=10.000ns})
  Path Group:             clk
  Path Type:              Hold (Min at Fast Process Corner)
  Requirement:            0.000ns  (clk rise@0.000ns - clk rise@0.000ns)
  Data Path Delay:        0.317ns  (logic 0.252ns (79.443%)  route 0.065ns (20.557%))
  Logic Levels:           2  (CARRY4=1 LUT3=1)
  Clock Path Skew:        0.022ns (DCD - SCD - CPR)
    Destination Clock Delay (DCD):    0.432ns
    Source Clock Delay      (SCD):    0.410ns
    Clock Pessimism Removal (CPR):    -0.000ns

    Location             Delay type                Incr(ns)  Path(ns)    Netlist Resource(s)
  -------------------------------------------------------------------    -------------------
                         (clock clk rise edge)        0.000     0.000 r  
                                                      0.000     0.000 r  clk (IN)
                         net (fo=10952, unset)        0.410     0.410    engine/clk
    SLICE_X55Y92         FDRE                                         r  engine/wr_row_reg[10]/C
  -------------------------------------------------------------------    -------------------
    SLICE_X55Y92         FDRE (Prop_fdre_C_Q)         0.141     0.551 r  engine/wr_row_reg[10]/Q
                         net (fo=3, routed)           0.065     0.616    engine/wr_row_reg_n_0_[10]
    SLICE_X54Y92         LUT3 (Prop_lut3_I2_O)        0.045     0.661 r  engine/wr_q_addr[12]_i_4/O
                         net (fo=1, routed)           0.000     0.661    engine/wr_base[10]
    SLICE_X54Y92         CARRY4 (Prop_carry4_S[1]_O[1])
                                                      0.066     0.727 r  engine/wr_q_addr_reg[12]_i_1/O[1]
                         net (fo=1, routed)           0.000     0.727    engine/wr_q_addr0[10]
    SLICE_X54Y92         FDRE                                         r  engine/wr_q_addr_reg[10]/D
  -------------------------------------------------------------------    -------------------

                         (clock clk rise edge)        0.000     0.000 r  
                                                      0.000     0.000 r  clk (IN)
                         net (fo=10952, unset)        0.432     0.432    engine/clk
    SLICE_X54Y92         FDRE                                         r  engine/wr_q_addr_reg[10]/C
                         clock pessimism              0.000     0.432    
    SLICE_X54Y92         FDRE (Hold_fdre_C_D)         0.134     0.566    engine/wr_q_addr_reg[10]
  -------------------------------------------------------------------
                         required time                         -0.566    
                         arrival time                           0.727    
  -------------------------------------------------------------------
                         slack                                  0.162    





Pulse Width Checks
--------------------------------------------------------------------------------------
Clock Name:         clk
Waveform(ns):       { 0.000 5.000 }
Period(ns):         10.000
Sources:            { clk }

Check Type        Corner  Lib Pin             Reference Pin  Required(ns)  Actual(ns)  Slack(ns)  Location      Pin
Min Period        n/a     DSP48E1/CLK         n/a            3.884         10.000      6.116      DSP48_X2Y31   engine/pa_k1_reg/CLK
Min Period        n/a     DSP48E1/CLK         n/a            3.884         10.000      6.116      DSP48_X2Y43   engine/pa_m0_reg/CLK
Min Period        n/a     DSP48E1/CLK         n/a            3.884         10.000      6.116      DSP48_X2Y39   engine/pa_m1_reg/CLK
Min Period        n/a     DSP48E1/CLK         n/a            3.884         10.000      6.116      DSP48_X2Y41   engine/prod_b_reg/CLK
Min Period        n/a     DSP48E1/CLK         n/a            3.884         10.000      6.116      DSP48_X2Y45   engine/prod_c_reg/CLK
Min Period        n/a     RAMB36E1/CLKARDCLK  n/a            2.944         10.000      7.056      RAMB36_X3Y7   engine/a_set[0].a_bank[0].ram/mem_reg_0/CLKARDCLK
Min Period        n/a     RAMB36E1/CLKARDCLK  n/a            2.944         10.000      7.056      RAMB36_X2Y8   engine/a_set[0].a_bank[0].ram/mem_reg_1/CLKARDCLK
Min Period        n/a     RAMB36E1/CLKARDCLK  n/a            2.944         10.000      7.056      RAMB36_X3Y6   engine/a_set[0].a_bank[1].ram/mem_reg_0/CLKARDCLK
Min Period        n/a     RAMB36E1/CLKARDCLK  n/a            2.944         10.000      7.056      RAMB36_X3Y5   engine/a_set[0].a_bank[1].ram/mem_reg_1/CLKARDCLK
Min Period        n/a     RAMB36E1/CLKARDCLK  n/a            2.944         10.000      7.056      RAMB36_X2Y9   engine/a_set[0].a_bank[2].ram/mem_reg_0/CLKARDCLK
Low Pulse Width   Slow    RAMD32/CLK          n/a            1.250         5.000       3.750      SLICE_X30Y87  engine/bank_addr_reg_0_1_0_5/RAMA/CLK
Low Pulse Width   Fast    RAMD32/CLK          n/a            1.250         5.000       3.750      SLICE_X30Y87  engine/bank_addr_reg_0_1_0_5/RAMA/CLK
Low Pulse Width   Slow    RAMD32/CLK          n/a            1.250         5.000       3.750      SLICE_X30Y87  engine/bank_addr_reg_0_1_0_5/RAMA_D1/CLK
Low Pulse Width   Fast    RAMD32/CLK          n/a            1.250         5.000       3.750      SLICE_X30Y87  engine/bank_addr_reg_0_1_0_5/RAMA_D1/CLK
Low Pulse Width   Slow    RAMD32/CLK          n/a            1.250         5.000       3.750      SLICE_X30Y87  engine/bank_addr_reg_0_1_0_5/RAMB/CLK
Low Pulse Width   Fast    RAMD32/CLK          n/a            1.250         5.000       3.750      SLICE_X30Y87  engine/bank_addr_reg_0_1_0_5/RAMB/CLK
Low Pulse Width   Slow    RAMD32/CLK          n/a            1.250         5.000       3.750      SLICE_X30Y87  engine/bank_addr_reg_0_1_0_5/RAMB_D1/CLK
Low Pulse Width   Fast    RAMD32/CLK          n/a            1.250         5.000       3.750      SLICE_X30Y87  engine/bank_addr_reg_0_1_0_5/RAMB_D1/CLK
Low Pulse Width   Slow    RAMD32/CLK          n/a            1.250         5.000       3.750      SLICE_X30Y87  engine/bank_addr_reg_0_1_0_5/RAMC/CLK
Low Pulse Width   Fast    RAMD32/CLK          n/a            1.250         5.000       3.750      SLICE_X30Y87  engine/bank_addr_reg_0_1_0_5/RAMC/CLK
High Pulse Width  Slow    RAMD32/CLK          n/a            1.250         5.000       3.750      SLICE_X30Y87  engine/bank_addr_reg_0_1_0_5/RAMA/CLK
High Pulse Width  Fast    RAMD32/CLK          n/a            1.250         5.000       3.750      SLICE_X30Y87  engine/bank_addr_reg_0_1_0_5/RAMA/CLK
High Pulse Width  Slow    RAMD32/CLK          n/a            1.250         5.000       3.750      SLICE_X30Y87  engine/bank_addr_reg_0_1_0_5/RAMA_D1/CLK
High Pulse Width  Fast    RAMD32/CLK          n/a            1.250         5.000       3.750      SLICE_X30Y87  engine/bank_addr_reg_0_1_0_5/RAMA_D1/CLK
High Pulse Width  Slow    RAMD32/CLK          n/a            1.250         5.000       3.750      SLICE_X30Y87  engine/bank_addr_reg_0_1_0_5/RAMB/CLK
High Pulse Width  Fast    RAMD32/CLK          n/a            1.250         5.000       3.750      SLICE_X30Y87  engine/bank_addr_reg_0_1_0_5/RAMB/CLK
High Pulse Width  Slow    RAMD32/CLK          n/a            1.250         5.000       3.750      SLICE_X30Y87  engine/bank_addr_reg_0_1_0_5/RAMB_D1/CLK
High Pulse Width  Fast    RAMD32/CLK          n/a            1.250         5.000       3.750      SLICE_X30Y87  engine/bank_addr_reg_0_1_0_5/RAMB_D1/CLK
High Pulse Width  Slow    RAMD32/CLK          n/a            1.250         5.000       3.750      SLICE_X30Y87  engine/bank_addr_reg_0_1_0_5/RAMC/CLK
High Pulse Width  Fast    RAMD32/CLK          n/a            1.250         5.000       3.750      SLICE_X30Y87  engine/bank_addr_reg_0_1_0_5/RAMC/CLK



