NAMED-PATH-BEGIN d_rsp_valid_to_d_req_valid
Startpoint: d_rsp_valid (input port clocked by clk)
Endpoint: d_req_valid (output port clocked by clk)
Path Group: clk
Path Type: max

   Delay     Time   Description
-----------------------------------------------------------
   0.000    0.000   clock clk (rise edge)
   0.000    0.000   clock network delay (propagated)
   2.000    2.000 v input external delay
   0.006    2.006 v d_rsp_valid (in)
   0.137    2.143 v input35/X (sky130_fd_sc_hd__clkbuf_2)
   0.178    2.322 v wire3559/X (sky130_fd_sc_hd__buf_6)
   0.658    2.979 v _07868_/X (sky130_fd_sc_hd__or3b_2)
   0.308    3.287 v _07871_/X (sky130_fd_sc_hd__and4b_2)
   0.221    3.509 v rebuffer3655/X (sky130_fd_sc_hd__buf_2)
   0.309    3.817 v _07873_/X (sky130_fd_sc_hd__and4_2)
   0.132    3.949 v output109/X (sky130_fd_sc_hd__clkbuf_1)
   0.189    4.138 v wire532/X (sky130_fd_sc_hd__clkbuf_4)
   0.001    4.140 v d_req_valid (out)
            4.140   data arrival time

  10.000   10.000   clock clk (rise edge)
   0.000   10.000   clock network delay (propagated)
  -0.250    9.750   clock uncertainty
   0.000    9.750   clock reconvergence pessimism
  -2.000    7.750   output external delay
            7.750   data required time
-----------------------------------------------------------
            7.750   data required time
           -4.140   data arrival time
-----------------------------------------------------------
            3.610   slack (MET)


NAMED-PATH-END
NAMED-PATH-BEGIN d_rsp_error_to_d_req_valid
Startpoint: d_rsp_error (input port clocked by clk)
Endpoint: d_req_valid (output port clocked by clk)
Path Group: clk
Path Type: max

   Delay     Time   Description
-----------------------------------------------------------
   0.000    0.000   clock clk (rise edge)
   0.000    0.000   clock network delay (propagated)
   2.000    2.000 v input external delay
   0.009    2.009 v d_rsp_error (in)
   0.117    2.126 v input2/X (sky130_fd_sc_hd__clkbuf_1)
   0.188    2.314 v wire3560/X (sky130_fd_sc_hd__clkbuf_4)
   0.202    2.516 v _07857_/Y (sky130_fd_sc_hd__nand2b_2)
   0.181    2.697 v _07858_/X (sky130_fd_sc_hd__o211a_2)
   0.139    2.836 ^ _07859_/Y (sky130_fd_sc_hd__o21ai_2)
   0.210    3.046 ^ fanout1328/X (sky130_fd_sc_hd__buf_1)
   0.361    3.407 ^ fanout1327/X (sky130_fd_sc_hd__clkbuf_2)
   0.331    3.738 ^ _07871_/X (sky130_fd_sc_hd__and4b_2)
   0.279    4.016 ^ rebuffer3655/X (sky130_fd_sc_hd__buf_2)
   0.429    4.445 ^ _07873_/X (sky130_fd_sc_hd__and4_2)
   0.137    4.582 ^ output109/X (sky130_fd_sc_hd__clkbuf_1)
   0.205    4.786 ^ wire532/X (sky130_fd_sc_hd__clkbuf_4)
   0.001    4.788 ^ d_req_valid (out)
            4.788   data arrival time

  10.000   10.000   clock clk (rise edge)
   0.000   10.000   clock network delay (propagated)
  -0.250    9.750   clock uncertainty
   0.000    9.750   clock reconvergence pessimism
  -2.000    7.750   output external delay
            7.750   data required time
-----------------------------------------------------------
            7.750   data required time
           -4.788   data arrival time
-----------------------------------------------------------
            2.962   slack (MET)


NAMED-PATH-END
