NAMED label=dcache_to_ready slack_ns=1.135 from=d_s2_addr_reg[0][15]/C to=ready_q_reg[0]/D levels=8
Copyright 1986-2022 Xilinx, Inc. All Rights Reserved. Copyright 2022-2025 Advanced Micro Devices, Inc. All Rights Reserved.
-----------------------------------------------------------------------------------------------------------------------------------------------------------------------------------------------------------------------------------------------------------------------------
| Tool Version : Vivado v.2025.1 (lin64) Build 6140274 Wed May 21 22:58:25 MDT 2025
| Date         : Wed Oct  7 13:17:57 2026
| Host         : gondor running 64-bit Ubuntu 24.04.5 LTS
| Command      : report_timing -of_objects [get_timing_paths -setup -from [get_cells -hier -quiet -filter {NAME =~ *d_s2_addr_reg* && IS_SEQUENTIAL}] -to [get_cells -hier -quiet -filter {(NAME =~ *ready_q_reg*) && IS_SEQUENTIAL}] -max_paths 1 -nworst 1] -return_string
| Design       : timing_fabric_fe
| Device       : 7z020-clg400
| Speed File   : -1  PRODUCTION 1.12 2019-11-22
| Design State : Routed
-----------------------------------------------------------------------------------------------------------------------------------------------------------------------------------------------------------------------------------------------------------------------------

Timing Report

Slack (MET) :             1.135ns  (required time - arrival time)
  Source:                 d_s2_addr_reg[0][15]/C
                            (rising edge-triggered cell FDRE clocked by clk  {rise@0.000ns fall@5.000ns period=10.000ns})
  Destination:            ready_q_reg[0]/D
                            (rising edge-triggered cell FDRE clocked by clk  {rise@0.000ns fall@5.000ns period=10.000ns})
  Path Group:             clk
  Path Type:              Setup (Max at Slow Process Corner)
  Requirement:            10.000ns  (clk rise@10.000ns - clk rise@0.000ns)
  Data Path Delay:        8.714ns  (logic 1.893ns (21.724%)  route 6.821ns (78.276%))
  Logic Levels:           8  (LUT4=2 LUT6=6)
  Clock Path Skew:        -0.049ns (DCD - SCD + CPR)
    Destination Clock Delay (DCD):    0.924ns = ( 10.924 - 10.000 ) 
    Source Clock Delay      (SCD):    0.973ns
    Clock Pessimism Removal (CPR):    0.000ns
  Clock Uncertainty:      0.035ns  ((TSJ^2 + TIJ^2)^1/2 + DJ) / 2 + PE
    Total System Jitter     (TSJ):    0.071ns
    Total Input Jitter      (TIJ):    0.000ns
    Discrete Jitter          (DJ):    0.000ns
    Phase Error              (PE):    0.000ns

    Location             Delay type                Incr(ns)  Path(ns)    Netlist Resource(s)
  -------------------------------------------------------------------    -------------------
                         (clock clk rise edge)        0.000     0.000 r  
                                                      0.000     0.000 r  clk (IN)
                         net (fo=1822, unset)         0.973     0.973    clk
    SLICE_X53Y17         FDRE                                         r  d_s2_addr_reg[0][15]/C
  -------------------------------------------------------------------    -------------------
    SLICE_X53Y17         FDRE (Prop_fdre_C_Q)         0.456     1.429 f  d_s2_addr_reg[0][15]/Q
                         net (fo=26, routed)          1.358     2.787    fabric/g_bank[0].mem/kind1_reg[1][0][11]
    SLICE_X57Y18                                                      f  fabric/g_bank[0].mem/kind1[1][0]_i_2/I1
    SLICE_X57Y18         LUT6 (Prop_lut6_I1_O)        0.124     2.911 f  fabric/g_bank[0].mem/kind1[1][0]_i_2/O
                         net (fo=1, routed)           0.744     3.655    fabric/g_bank[0].mem/kind1[1][0]_i_2_n_0
    SLICE_X54Y16                                                      f  fabric/g_bank[0].mem/kind1[1][0]_i_1/I0
    SLICE_X54Y16         LUT6 (Prop_lut6_I0_O)        0.124     3.779 f  fabric/g_bank[0].mem/kind1[1][0]_i_1/O
                         net (fo=9, routed)           0.747     4.526    fabric/g_bank[3].mem/p_0_in800_in
    SLICE_X57Y17                                                      f  fabric/g_bank[3].mem/ram_reg_0_i_80__0/I0
    SLICE_X57Y17         LUT6 (Prop_lut6_I0_O)        0.124     4.650 f  fabric/g_bank[3].mem/ram_reg_0_i_80__0/O
                         net (fo=2, routed)           0.417     5.067    fabric/g_bank[3].mem/ram_reg_0_i_80__0_n_0
    SLICE_X57Y19                                                      f  fabric/g_bank[3].mem/ram_reg_0_i_64__0/I0
    SLICE_X57Y19         LUT6 (Prop_lut6_I0_O)        0.124     5.191 r  fabric/g_bank[3].mem/ram_reg_0_i_64__0/O
                         net (fo=2, routed)           0.567     5.759    fabric/g_bank[3].mem/ram_reg_0_i_64__0_n_0
    SLICE_X59Y19                                                      r  fabric/g_bank[3].mem/ram_reg_0_i_37__0/I0
    SLICE_X59Y19         LUT4 (Prop_lut4_I0_O)        0.150     5.909 r  fabric/g_bank[3].mem/ram_reg_0_i_37__0/O
                         net (fo=90, routed)          0.950     6.859    fabric/g_bank[3].mem/ptr_a_reg[3][0]_0
    SLICE_X62Y17                                                      r  fabric/g_bank[3].mem/ready_q[0]_i_15/I2
    SLICE_X62Y17         LUT4 (Prop_lut4_I2_O)        0.319     7.178 f  fabric/g_bank[3].mem/ready_q[0]_i_15/O
                         net (fo=1, routed)           0.300     7.478    fabric/g_bank[3].mem/ready_q[0]_i_15_n_0
    SLICE_X65Y17                                                      f  fabric/g_bank[3].mem/ready_q[0]_i_5/I2
    SLICE_X65Y17         LUT6 (Prop_lut6_I2_O)        0.348     7.826 r  fabric/g_bank[3].mem/ready_q[0]_i_5/O
                         net (fo=5, routed)           1.107     8.933    fabric/g_bank[3].mem_n_209
    SLICE_X45Y17                                                      r  fabric/ready_q[0]_i_1/I3
    SLICE_X45Y17         LUT6 (Prop_lut6_I3_O)        0.124     9.057 r  fabric/ready_q[0]_i_1/O
                         net (fo=5, routed)           0.630     9.687    p_8_in
    SLICE_X44Y15         FDRE                                         r  ready_q_reg[0]/D
  -------------------------------------------------------------------    -------------------

                         (clock clk rise edge)       10.000    10.000 r  
                                                      0.000    10.000 r  clk (IN)
                         net (fo=1822, unset)         0.924    10.924    clk
    SLICE_X44Y15         FDRE                                         r  ready_q_reg[0]/C
                         clock pessimism              0.000    10.924    
                         clock uncertainty           -0.035    10.889    
    SLICE_X44Y15         FDRE (Setup_fdre_C_D)       -0.067    10.822    ready_q_reg[0]
  -------------------------------------------------------------------
                         required time                         10.822    
                         arrival time                          -9.687    
  -------------------------------------------------------------------
                         slack                                  1.135    





NAMED label=dcache_to_bank slack_ns=0.483 from=d_s2_addr_reg[1][3]/C to=fabric/g_bank[0].mem/ram_reg_7/ENBWREN levels=9
Copyright 1986-2022 Xilinx, Inc. All Rights Reserved. Copyright 2022-2025 Advanced Micro Devices, Inc. All Rights Reserved.
-------------------------------------------------------------------------------------------------------------------------------------------------------------------------------------------------------------------------------------------------------------------------
| Tool Version : Vivado v.2025.1 (lin64) Build 6140274 Wed May 21 22:58:25 MDT 2025
| Date         : Wed Oct  7 13:17:57 2026
| Host         : gondor running 64-bit Ubuntu 24.04.5 LTS
| Command      : report_timing -of_objects [get_timing_paths -setup -from [get_cells -hier -quiet -filter {NAME =~ *d_s2_addr_reg* && IS_SEQUENTIAL}] -to [get_cells -hier -quiet -filter {(NAME =~ *ram_reg*) && IS_SEQUENTIAL}] -max_paths 1 -nworst 1] -return_string
| Design       : timing_fabric_fe
| Device       : 7z020-clg400
| Speed File   : -1  PRODUCTION 1.12 2019-11-22
| Design State : Routed
-------------------------------------------------------------------------------------------------------------------------------------------------------------------------------------------------------------------------------------------------------------------------

Timing Report

Slack (MET) :             0.483ns  (required time - arrival time)
  Source:                 d_s2_addr_reg[1][3]/C
                            (rising edge-triggered cell FDRE clocked by clk  {rise@0.000ns fall@5.000ns period=10.000ns})
  Destination:            fabric/g_bank[0].mem/ram_reg_7/ENBWREN
                            (rising edge-triggered cell RAMB36E1 clocked by clk  {rise@0.000ns fall@5.000ns period=10.000ns})
  Path Group:             clk
  Path Type:              Setup (Max at Slow Process Corner)
  Requirement:            10.000ns  (clk rise@10.000ns - clk rise@0.000ns)
  Data Path Delay:        8.990ns  (logic 2.438ns (27.119%)  route 6.552ns (72.881%))
  Logic Levels:           9  (CARRY4=2 LUT4=3 LUT5=1 LUT6=3)
  Clock Path Skew:        -0.049ns (DCD - SCD + CPR)
    Destination Clock Delay (DCD):    0.924ns = ( 10.924 - 10.000 ) 
    Source Clock Delay      (SCD):    0.973ns
    Clock Pessimism Removal (CPR):    0.000ns
  Clock Uncertainty:      0.035ns  ((TSJ^2 + TIJ^2)^1/2 + DJ) / 2 + PE
    Total System Jitter     (TSJ):    0.071ns
    Total Input Jitter      (TIJ):    0.000ns
    Discrete Jitter          (DJ):    0.000ns
    Phase Error              (PE):    0.000ns

    Location             Delay type                Incr(ns)  Path(ns)    Netlist Resource(s)
  -------------------------------------------------------------------    -------------------
                         (clock clk rise edge)        0.000     0.000 r  
                                                      0.000     0.000 r  clk (IN)
                         net (fo=1822, unset)         0.973     0.973    clk
    SLICE_X50Y17         FDRE                                         r  d_s2_addr_reg[1][3]/C
  -------------------------------------------------------------------    -------------------
    SLICE_X50Y17         FDRE (Prop_fdre_C_Q)         0.518     1.491 r  d_s2_addr_reg[1][3]/Q
                         net (fo=1, routed)           0.990     2.481    fabric/g_bank[2].mem/Q[0]
    SLICE_X53Y18                                                      r  fabric/g_bank[2].mem/amo1_addr[1][3]_i_1/I0
    SLICE_X53Y18         LUT4 (Prop_lut4_I0_O)        0.124     2.605 r  fabric/g_bank[2].mem/amo1_addr[1][3]_i_1/O
                         net (fo=24, routed)          0.577     3.182    fabric/g_bank[0].mem/d_req_addr[1][0]
    SLICE_X47Y20                                                      r  fabric/g_bank[0].mem/ram_reg_0_i_240/I1
    SLICE_X47Y20         LUT6 (Prop_lut6_I1_O)        0.124     3.306 r  fabric/g_bank[0].mem/ram_reg_0_i_240/O
                         net (fo=1, routed)           0.000     3.306    fabric/g_bank[0].mem/ram_reg_0_i_240_n_0
    SLICE_X47Y20                                                      r  fabric/g_bank[0].mem/ram_reg_0_i_177/S[0]
    SLICE_X47Y20         CARRY4 (Prop_carry4_S[0]_CO[3])
                                                      0.532     3.838 r  fabric/g_bank[0].mem/ram_reg_0_i_177/CO[3]
                         net (fo=1, routed)           0.000     3.838    fabric/g_bank[0].mem/ram_reg_0_i_177_n_0
    SLICE_X47Y21                                                      r  fabric/g_bank[0].mem/ram_reg_0_i_143/CI
    SLICE_X47Y21         CARRY4 (Prop_carry4_CI_CO[0])
                                                      0.271     4.109 r  fabric/g_bank[0].mem/ram_reg_0_i_143/CO[0]
                         net (fo=1, routed)           0.611     4.720    fabric/g_bank[0].mem/(null)[0].g535_out
    SLICE_X46Y22                                                      r  fabric/g_bank[0].mem/ram_reg_0_i_97__0/I2
    SLICE_X46Y22         LUT4 (Prop_lut4_I2_O)        0.373     5.093 r  fabric/g_bank[0].mem/ram_reg_0_i_97__0/O
                         net (fo=3, routed)           0.571     5.663    fabric/g_bank[0].mem/ram_reg_0_i_97__0_n_0
    SLICE_X47Y19                                                      r  fabric/g_bank[0].mem/ram_reg_0_i_68__0/I4
    SLICE_X47Y19         LUT5 (Prop_lut5_I4_O)        0.124     5.787 r  fabric/g_bank[0].mem/ram_reg_0_i_68__0/O
                         net (fo=2, routed)           0.656     6.443    fabric/g_bank[0].mem/ram_reg_0_i_68__0_n_0
    SLICE_X45Y19                                                      r  fabric/g_bank[0].mem/ram_reg_0_i_36/I0
    SLICE_X45Y19         LUT6 (Prop_lut6_I0_O)        0.124     6.567 r  fabric/g_bank[0].mem/ram_reg_0_i_36/O
                         net (fo=81, routed)          0.914     7.481    fabric/g_bank[0].mem/ptr_a_reg[0][0]
    SLICE_X43Y16                                                      r  fabric/g_bank[0].mem/ready_q[0]_i_7/I3
    SLICE_X43Y16         LUT6 (Prop_lut6_I3_O)        0.124     7.605 r  fabric/g_bank[0].mem/ready_q[0]_i_7/O
                         net (fo=5, routed)           0.742     8.347    fabric/g_bank[0].mem/amo_wr_now_reg[0]
    SLICE_X43Y19                                                      r  fabric/g_bank[0].mem/ram_reg_0_i_2__0/I1
    SLICE_X43Y19         LUT4 (Prop_lut4_I1_O)        0.124     8.471 r  fabric/g_bank[0].mem/ram_reg_0_i_2__0/O
                         net (fo=8, routed)           1.492     9.963    fabric/g_bank[0].mem/en_b[0]
    RAMB36_X1Y5          RAMB36E1                                     r  fabric/g_bank[0].mem/ram_reg_7/ENBWREN
  -------------------------------------------------------------------    -------------------

                         (clock clk rise edge)       10.000    10.000 r  
                                                      0.000    10.000 r  clk (IN)
                         net (fo=1822, unset)         0.924    10.924    fabric/g_bank[0].mem/clk
    RAMB36_X1Y5          RAMB36E1                                     r  fabric/g_bank[0].mem/ram_reg_7/CLKBWRCLK
                         clock pessimism              0.000    10.924    
                         clock uncertainty           -0.035    10.889    
    RAMB36_X1Y5          RAMB36E1 (Setup_ramb36e1_CLKBWRCLK_ENBWREN)
                                                     -0.443    10.446    fabric/g_bank[0].mem/ram_reg_7
  -------------------------------------------------------------------
                         required time                         10.446    
                         arrival time                          -9.963    
  -------------------------------------------------------------------
                         slack                                  0.483    





NAMED label=npu_to_bank slack_ns=0.779 from=n_ld_req_reg[8]/C to=fabric/g_bank[0].mem/ram_reg_7/ENBWREN levels=9
Copyright 1986-2022 Xilinx, Inc. All Rights Reserved. Copyright 2022-2025 Advanced Micro Devices, Inc. All Rights Reserved.
------------------------------------------------------------------------------------------------------------------------------------------------------------------------------------------------------------------------------------------------------------------------
| Tool Version : Vivado v.2025.1 (lin64) Build 6140274 Wed May 21 22:58:25 MDT 2025
| Date         : Wed Oct  7 13:17:57 2026
| Host         : gondor running 64-bit Ubuntu 24.04.5 LTS
| Command      : report_timing -of_objects [get_timing_paths -setup -from [get_cells -hier -quiet -filter {NAME =~ *n_ld_req_reg* && IS_SEQUENTIAL}] -to [get_cells -hier -quiet -filter {(NAME =~ *ram_reg*) && IS_SEQUENTIAL}] -max_paths 1 -nworst 1] -return_string
| Design       : timing_fabric_fe
| Device       : 7z020-clg400
| Speed File   : -1  PRODUCTION 1.12 2019-11-22
| Design State : Routed
------------------------------------------------------------------------------------------------------------------------------------------------------------------------------------------------------------------------------------------------------------------------

Timing Report

Slack (MET) :             0.779ns  (required time - arrival time)
  Source:                 n_ld_req_reg[8]/C
                            (rising edge-triggered cell FDRE clocked by clk  {rise@0.000ns fall@5.000ns period=10.000ns})
  Destination:            fabric/g_bank[0].mem/ram_reg_7/ENBWREN
                            (rising edge-triggered cell RAMB36E1 clocked by clk  {rise@0.000ns fall@5.000ns period=10.000ns})
  Path Group:             clk
  Path Type:              Setup (Max at Slow Process Corner)
  Requirement:            10.000ns  (clk rise@10.000ns - clk rise@0.000ns)
  Data Path Delay:        8.694ns  (logic 2.242ns (25.789%)  route 6.452ns (74.211%))
  Logic Levels:           9  (CARRY4=2 LUT4=1 LUT6=6)
  Clock Path Skew:        -0.049ns (DCD - SCD + CPR)
    Destination Clock Delay (DCD):    0.924ns = ( 10.924 - 10.000 ) 
    Source Clock Delay      (SCD):    0.973ns
    Clock Pessimism Removal (CPR):    0.000ns
  Clock Uncertainty:      0.035ns  ((TSJ^2 + TIJ^2)^1/2 + DJ) / 2 + PE
    Total System Jitter     (TSJ):    0.071ns
    Total Input Jitter      (TIJ):    0.000ns
    Discrete Jitter          (DJ):    0.000ns
    Phase Error              (PE):    0.000ns

    Location             Delay type                Incr(ns)  Path(ns)    Netlist Resource(s)
  -------------------------------------------------------------------    -------------------
                         (clock clk rise edge)        0.000     0.000 r  
                                                      0.000     0.000 r  clk (IN)
                         net (fo=1822, unset)         0.973     0.973    clk
    SLICE_X48Y24         FDRE                                         r  n_ld_req_reg[8]/C
  -------------------------------------------------------------------    -------------------
    SLICE_X48Y24         FDRE (Prop_fdre_C_Q)         0.456     1.429 r  n_ld_req_reg[8]/Q
                         net (fo=1, routed)           0.802     2.231    fabric/g_bank[0].mem/snoop_line_reg[1][1][27]_0[7]
    SLICE_X48Y23                                                      r  fabric/g_bank[0].mem/snoop_line[1][1][6]_i_1/I5
    SLICE_X48Y23         LUT6 (Prop_lut6_I5_O)        0.124     2.355 r  fabric/g_bank[0].mem/snoop_line[1][1][6]_i_1/O
                         net (fo=2, routed)           1.015     3.370    fabric/g_bank[0].mem/n_wr_addr_reg[29][6]
    SLICE_X45Y20                                                      r  fabric/g_bank[0].mem/ram_reg_0_i_250/I1
    SLICE_X45Y20         LUT6 (Prop_lut6_I1_O)        0.124     3.494 r  fabric/g_bank[0].mem/ram_reg_0_i_250/O
                         net (fo=1, routed)           0.000     3.494    fabric/g_bank[0].mem/ram_reg_0_i_250_n_0
    SLICE_X45Y20                                                      r  fabric/g_bank[0].mem/ram_reg_0_i_188/S[2]
    SLICE_X45Y20         CARRY4 (Prop_carry4_S[2]_CO[3])
                                                      0.398     3.892 r  fabric/g_bank[0].mem/ram_reg_0_i_188/CO[3]
                         net (fo=1, routed)           0.000     3.892    fabric/g_bank[0].mem/ram_reg_0_i_188_n_0
    SLICE_X45Y21                                                      r  fabric/g_bank[0].mem/ram_reg_0_i_151/CI
    SLICE_X45Y21         CARRY4 (Prop_carry4_CI_CO[0])
                                                      0.271     4.163 f  fabric/g_bank[0].mem/ram_reg_0_i_151/CO[0]
                         net (fo=2, routed)           0.469     4.632    fabric/g_bank[0].mem/(null)[0].g536_out
    SLICE_X45Y22                                                      f  fabric/g_bank[0].mem/ram_reg_0_i_103__0/I4
    SLICE_X45Y22         LUT6 (Prop_lut6_I4_O)        0.373     5.005 r  fabric/g_bank[0].mem/ram_reg_0_i_103__0/O
                         net (fo=1, routed)           0.291     5.297    fabric/g_bank[0].mem/ram_reg_0_i_103__0_n_0
    SLICE_X45Y22                                                      r  fabric/g_bank[0].mem/ram_reg_0_i_70/I1
    SLICE_X45Y22         LUT6 (Prop_lut6_I1_O)        0.124     5.421 r  fabric/g_bank[0].mem/ram_reg_0_i_70/O
                         net (fo=2, routed)           0.726     6.147    fabric/g_bank[0].mem/ram_reg_0_i_70_n_0
    SLICE_X45Y19                                                      r  fabric/g_bank[0].mem/ram_reg_0_i_36/I4
    SLICE_X45Y19         LUT6 (Prop_lut6_I4_O)        0.124     6.271 r  fabric/g_bank[0].mem/ram_reg_0_i_36/O
                         net (fo=81, routed)          0.914     7.185    fabric/g_bank[0].mem/ptr_a_reg[0][0]
    SLICE_X43Y16                                                      r  fabric/g_bank[0].mem/ready_q[0]_i_7/I3
    SLICE_X43Y16         LUT6 (Prop_lut6_I3_O)        0.124     7.309 r  fabric/g_bank[0].mem/ready_q[0]_i_7/O
                         net (fo=5, routed)           0.742     8.051    fabric/g_bank[0].mem/amo_wr_now_reg[0]
    SLICE_X43Y19                                                      r  fabric/g_bank[0].mem/ram_reg_0_i_2__0/I1
    SLICE_X43Y19         LUT4 (Prop_lut4_I1_O)        0.124     8.175 r  fabric/g_bank[0].mem/ram_reg_0_i_2__0/O
                         net (fo=8, routed)           1.492     9.667    fabric/g_bank[0].mem/en_b[0]
    RAMB36_X1Y5          RAMB36E1                                     r  fabric/g_bank[0].mem/ram_reg_7/ENBWREN
  -------------------------------------------------------------------    -------------------

                         (clock clk rise edge)       10.000    10.000 r  
                                                      0.000    10.000 r  clk (IN)
                         net (fo=1822, unset)         0.924    10.924    fabric/g_bank[0].mem/clk
    RAMB36_X1Y5          RAMB36E1                                     r  fabric/g_bank[0].mem/ram_reg_7/CLKBWRCLK
                         clock pessimism              0.000    10.924    
                         clock uncertainty           -0.035    10.889    
    RAMB36_X1Y5          RAMB36E1 (Setup_ramb36e1_CLKBWRCLK_ENBWREN)
                                                     -0.443    10.446    fabric/g_bank[0].mem/ram_reg_7
  -------------------------------------------------------------------
                         required time                         10.446    
                         arrival time                          -9.667    
  -------------------------------------------------------------------
                         slack                                  0.779    





NAMED label=dcache_to_reservation slack_ns=0.570 from=d_s2_addr_reg[0][15]/C to=fabric/resv_word_reg[1][10]/CE levels=8
Copyright 1986-2022 Xilinx, Inc. All Rights Reserved. Copyright 2022-2025 Advanced Micro Devices, Inc. All Rights Reserved.
---------------------------------------------------------------------------------------------------------------------------------------------------------------------------------------------------------------------------------------------------------------------------------------------------------
| Tool Version : Vivado v.2025.1 (lin64) Build 6140274 Wed May 21 22:58:25 MDT 2025
| Date         : Wed Oct  7 13:17:57 2026
| Host         : gondor running 64-bit Ubuntu 24.04.5 LTS
| Command      : report_timing -of_objects [get_timing_paths -setup -from [get_cells -hier -quiet -filter {NAME =~ *d_s2_addr_reg* && IS_SEQUENTIAL}] -to [get_cells -hier -quiet -filter {(NAME =~ *resv_*_reg* || NAME =~ *ev_resv_end_reg*) && IS_SEQUENTIAL}] -max_paths 1 -nworst 1] -return_string
| Design       : timing_fabric_fe
| Device       : 7z020-clg400
| Speed File   : -1  PRODUCTION 1.12 2019-11-22
| Design State : Routed
---------------------------------------------------------------------------------------------------------------------------------------------------------------------------------------------------------------------------------------------------------------------------------------------------------

Timing Report

Slack (MET) :             0.570ns  (required time - arrival time)
  Source:                 d_s2_addr_reg[0][15]/C
                            (rising edge-triggered cell FDRE clocked by clk  {rise@0.000ns fall@5.000ns period=10.000ns})
  Destination:            fabric/resv_word_reg[1][10]/CE
                            (rising edge-triggered cell FDRE clocked by clk  {rise@0.000ns fall@5.000ns period=10.000ns})
  Path Group:             clk
  Path Type:              Setup (Max at Slow Process Corner)
  Requirement:            10.000ns  (clk rise@10.000ns - clk rise@0.000ns)
  Data Path Delay:        8.933ns  (logic 1.671ns (18.706%)  route 7.262ns (81.294%))
  Logic Levels:           8  (LUT4=2 LUT5=1 LUT6=5)
  Clock Path Skew:        -0.049ns (DCD - SCD + CPR)
    Destination Clock Delay (DCD):    0.924ns = ( 10.924 - 10.000 ) 
    Source Clock Delay      (SCD):    0.973ns
    Clock Pessimism Removal (CPR):    0.000ns
  Clock Uncertainty:      0.035ns  ((TSJ^2 + TIJ^2)^1/2 + DJ) / 2 + PE
    Total System Jitter     (TSJ):    0.071ns
    Total Input Jitter      (TIJ):    0.000ns
    Discrete Jitter          (DJ):    0.000ns
    Phase Error              (PE):    0.000ns

    Location             Delay type                Incr(ns)  Path(ns)    Netlist Resource(s)
  -------------------------------------------------------------------    -------------------
                         (clock clk rise edge)        0.000     0.000 r  
                                                      0.000     0.000 r  clk (IN)
                         net (fo=1822, unset)         0.973     0.973    clk
    SLICE_X53Y17         FDRE                                         r  d_s2_addr_reg[0][15]/C
  -------------------------------------------------------------------    -------------------
    SLICE_X53Y17         FDRE (Prop_fdre_C_Q)         0.456     1.429 r  d_s2_addr_reg[0][15]/Q
                         net (fo=26, routed)          1.358     2.787    fabric/g_bank[0].mem/kind1_reg[1][0][11]
    SLICE_X57Y18                                                      r  fabric/g_bank[0].mem/kind1[1][0]_i_2/I1
    SLICE_X57Y18         LUT6 (Prop_lut6_I1_O)        0.124     2.911 r  fabric/g_bank[0].mem/kind1[1][0]_i_2/O
                         net (fo=1, routed)           0.744     3.655    fabric/g_bank[0].mem/kind1[1][0]_i_2_n_0
    SLICE_X54Y16                                                      r  fabric/g_bank[0].mem/kind1[1][0]_i_1/I0
    SLICE_X54Y16         LUT6 (Prop_lut6_I0_O)        0.124     3.779 r  fabric/g_bank[0].mem/kind1[1][0]_i_1/O
                         net (fo=9, routed)           0.747     4.526    fabric/g_bank[3].mem/p_0_in800_in
    SLICE_X57Y17                                                      r  fabric/g_bank[3].mem/ram_reg_0_i_80__0/I0
    SLICE_X57Y17         LUT6 (Prop_lut6_I0_O)        0.124     4.650 r  fabric/g_bank[3].mem/ram_reg_0_i_80__0/O
                         net (fo=2, routed)           0.417     5.067    fabric/g_bank[3].mem/ram_reg_0_i_80__0_n_0
    SLICE_X57Y19                                                      r  fabric/g_bank[3].mem/ram_reg_0_i_64__0/I0
    SLICE_X57Y19         LUT6 (Prop_lut6_I0_O)        0.124     5.191 f  fabric/g_bank[3].mem/ram_reg_0_i_64__0/O
                         net (fo=2, routed)           0.567     5.759    fabric/g_bank[3].mem/ram_reg_0_i_64__0_n_0
    SLICE_X59Y19                                                      f  fabric/g_bank[3].mem/ram_reg_0_i_37__0/I0
    SLICE_X59Y19         LUT4 (Prop_lut4_I0_O)        0.150     5.909 f  fabric/g_bank[3].mem/ram_reg_0_i_37__0/O
                         net (fo=90, routed)          1.221     7.129    fabric/g_bank[3].mem_n_8
    SLICE_X49Y17                                                      f  fabric/ready_q[3]_i_3/I1
    SLICE_X49Y17         LUT4 (Prop_lut4_I1_O)        0.326     7.455 r  fabric/ready_q[3]_i_3/O
                         net (fo=2, routed)           0.633     8.088    fabric/ready_q[3]_i_3_n_0
    SLICE_X48Y12                                                      r  fabric/resv_word[1][29]_i_2/I0
    SLICE_X48Y12         LUT6 (Prop_lut6_I0_O)        0.124     8.212 r  fabric/resv_word[1][29]_i_2/O
                         net (fo=3, routed)           0.856     9.068    fabric/resv_word[1][29]_i_2_n_0
    SLICE_X45Y12                                                      r  fabric/resv_word[1][29]_i_1/I3
    SLICE_X45Y12         LUT5 (Prop_lut5_I3_O)        0.119     9.187 r  fabric/resv_word[1][29]_i_1/O
                         net (fo=30, routed)          0.719     9.906    fabric/resv_word[1][29]_i_1_n_0
    SLICE_X45Y9          FDRE                                         r  fabric/resv_word_reg[1][10]/CE
  -------------------------------------------------------------------    -------------------

                         (clock clk rise edge)       10.000    10.000 r  
                                                      0.000    10.000 r  clk (IN)
                         net (fo=1822, unset)         0.924    10.924    fabric/clk
    SLICE_X45Y9          FDRE                                         r  fabric/resv_word_reg[1][10]/C
                         clock pessimism              0.000    10.924    
                         clock uncertainty           -0.035    10.889    
    SLICE_X45Y9          FDRE (Setup_fdre_C_CE)      -0.413    10.476    fabric/resv_word_reg[1][10]
  -------------------------------------------------------------------
                         required time                         10.476    
                         arrival time                          -9.906    
  -------------------------------------------------------------------
                         slack                                  0.570    





NAMED label=ready_to_dcache slack_ns=0.674 from=d_s2_addr_reg[1][3]/C to=d_posted_word_reg[0][24]/CE levels=11
Copyright 1986-2022 Xilinx, Inc. All Rights Reserved. Copyright 2022-2025 Advanced Micro Devices, Inc. All Rights Reserved.
-------------------------------------------------------------------------------------------------------------------------------------------------------------------------------------------------------------------------------------------------------------------------------------------------------------------------------------------------------------------
| Tool Version : Vivado v.2025.1 (lin64) Build 6140274 Wed May 21 22:58:25 MDT 2025
| Date         : Wed Oct  7 13:17:57 2026
| Host         : gondor running 64-bit Ubuntu 24.04.5 LTS
| Command      : report_timing -of_objects [get_timing_paths -setup -from [get_cells -hier -quiet -filter {NAME =~ *d_s2_addr_reg* && IS_SEQUENTIAL}] -to [get_cells -hier -quiet -filter {(NAME =~ *d_valid_bits_reg* || NAME =~ *d_posted_word_reg* || NAME =~ *d_issued_reg* || NAME =~ *d_sent_reg*) && IS_SEQUENTIAL}] -max_paths 1 -nworst 1] -return_string
| Design       : timing_fabric_fe
| Device       : 7z020-clg400
| Speed File   : -1  PRODUCTION 1.12 2019-11-22
| Design State : Routed
-------------------------------------------------------------------------------------------------------------------------------------------------------------------------------------------------------------------------------------------------------------------------------------------------------------------------------------------------------------------

Timing Report

Slack (MET) :             0.674ns  (required time - arrival time)
  Source:                 d_s2_addr_reg[1][3]/C
                            (rising edge-triggered cell FDRE clocked by clk  {rise@0.000ns fall@5.000ns period=10.000ns})
  Destination:            d_posted_word_reg[0][24]/CE
                            (rising edge-triggered cell FDRE clocked by clk  {rise@0.000ns fall@5.000ns period=10.000ns})
  Path Group:             clk
  Path Type:              Setup (Max at Slow Process Corner)
  Requirement:            10.000ns  (clk rise@10.000ns - clk rise@0.000ns)
  Data Path Delay:        9.037ns  (logic 2.686ns (29.721%)  route 6.351ns (70.279%))
  Logic Levels:           11  (CARRY4=2 LUT4=3 LUT5=1 LUT6=5)
  Clock Path Skew:        -0.049ns (DCD - SCD + CPR)
    Destination Clock Delay (DCD):    0.924ns = ( 10.924 - 10.000 ) 
    Source Clock Delay      (SCD):    0.973ns
    Clock Pessimism Removal (CPR):    0.000ns
  Clock Uncertainty:      0.035ns  ((TSJ^2 + TIJ^2)^1/2 + DJ) / 2 + PE
    Total System Jitter     (TSJ):    0.071ns
    Total Input Jitter      (TIJ):    0.000ns
    Discrete Jitter          (DJ):    0.000ns
    Phase Error              (PE):    0.000ns

    Location             Delay type                Incr(ns)  Path(ns)    Netlist Resource(s)
  -------------------------------------------------------------------    -------------------
                         (clock clk rise edge)        0.000     0.000 r  
                                                      0.000     0.000 r  clk (IN)
                         net (fo=1822, unset)         0.973     0.973    clk
    SLICE_X50Y17         FDRE                                         r  d_s2_addr_reg[1][3]/C
  -------------------------------------------------------------------    -------------------
    SLICE_X50Y17         FDRE (Prop_fdre_C_Q)         0.518     1.491 r  d_s2_addr_reg[1][3]/Q
                         net (fo=1, routed)           0.990     2.481    fabric/g_bank[2].mem/Q[0]
    SLICE_X53Y18                                                      r  fabric/g_bank[2].mem/amo1_addr[1][3]_i_1/I0
    SLICE_X53Y18         LUT4 (Prop_lut4_I0_O)        0.124     2.605 r  fabric/g_bank[2].mem/amo1_addr[1][3]_i_1/O
                         net (fo=24, routed)          0.577     3.182    fabric/g_bank[0].mem/d_req_addr[1][0]
    SLICE_X47Y20                                                      r  fabric/g_bank[0].mem/ram_reg_0_i_240/I1
    SLICE_X47Y20         LUT6 (Prop_lut6_I1_O)        0.124     3.306 r  fabric/g_bank[0].mem/ram_reg_0_i_240/O
                         net (fo=1, routed)           0.000     3.306    fabric/g_bank[0].mem/ram_reg_0_i_240_n_0
    SLICE_X47Y20                                                      r  fabric/g_bank[0].mem/ram_reg_0_i_177/S[0]
    SLICE_X47Y20         CARRY4 (Prop_carry4_S[0]_CO[3])
                                                      0.532     3.838 r  fabric/g_bank[0].mem/ram_reg_0_i_177/CO[3]
                         net (fo=1, routed)           0.000     3.838    fabric/g_bank[0].mem/ram_reg_0_i_177_n_0
    SLICE_X47Y21                                                      r  fabric/g_bank[0].mem/ram_reg_0_i_143/CI
    SLICE_X47Y21         CARRY4 (Prop_carry4_CI_CO[0])
                                                      0.271     4.109 f  fabric/g_bank[0].mem/ram_reg_0_i_143/CO[0]
                         net (fo=1, routed)           0.611     4.720    fabric/g_bank[0].mem/(null)[0].g535_out
    SLICE_X46Y22                                                      f  fabric/g_bank[0].mem/ram_reg_0_i_97__0/I2
    SLICE_X46Y22         LUT4 (Prop_lut4_I2_O)        0.373     5.093 f  fabric/g_bank[0].mem/ram_reg_0_i_97__0/O
                         net (fo=3, routed)           0.712     5.805    fabric/g_bank[0].mem/ram_reg_0_i_97__0_n_0
    SLICE_X45Y19                                                      f  fabric/g_bank[0].mem/ram_reg_0_i_69__0/I1
    SLICE_X45Y19         LUT6 (Prop_lut6_I1_O)        0.124     5.929 f  fabric/g_bank[0].mem/ram_reg_0_i_69__0/O
                         net (fo=2, routed)           0.575     6.504    fabric/g_bank[0].mem/ram_reg_0_i_69__0_n_0
    SLICE_X47Y19                                                      f  fabric/g_bank[0].mem/ram_reg_0_i_37/I3
    SLICE_X47Y19         LUT6 (Prop_lut6_I3_O)        0.124     6.628 f  fabric/g_bank[0].mem/ram_reg_0_i_37/O
                         net (fo=85, routed)          0.809     7.437    fabric/g_bank[0].mem_n_28
    SLICE_X53Y16                                                      f  fabric/ready_q[1]_i_3/I0
    SLICE_X53Y16         LUT4 (Prop_lut4_I0_O)        0.124     7.561 r  fabric/ready_q[1]_i_3/O
                         net (fo=2, routed)           0.835     8.396    fabric/ready_q[1]_i_3_n_0
    SLICE_X54Y15                                                      r  fabric/ready_q[1]_i_2/I0
    SLICE_X54Y15         LUT6 (Prop_lut6_I0_O)        0.124     8.520 r  fabric/ready_q[1]_i_2/O
                         net (fo=12, routed)          0.232     8.752    fabric/w_count_reg[1][0]
    SLICE_X54Y15                                                      r  fabric/d_sent[0]_i_2/I3
    SLICE_X54Y15         LUT6 (Prop_lut6_I3_O)        0.124     8.876 r  fabric/d_sent[0]_i_2/O
                         net (fo=2, routed)           0.354     9.230    fabric/d_sent[0]_i_2_n_0
    SLICE_X55Y15                                                      r  fabric/d_posted_word[0][31]_i_1/I0
    SLICE_X55Y15         LUT5 (Prop_lut5_I0_O)        0.124     9.354 r  fabric/d_posted_word[0][31]_i_1/O
                         net (fo=32, routed)          0.656    10.010    p_15_out
    SLICE_X55Y13         FDRE                                         r  d_posted_word_reg[0][24]/CE
  -------------------------------------------------------------------    -------------------

                         (clock clk rise edge)       10.000    10.000 r  
                                                      0.000    10.000 r  clk (IN)
                         net (fo=1822, unset)         0.924    10.924    clk
    SLICE_X55Y13         FDRE                                         r  d_posted_word_reg[0][24]/C
                         clock pessimism              0.000    10.924    
                         clock uncertainty           -0.035    10.889    
    SLICE_X55Y13         FDRE (Setup_fdre_C_CE)      -0.205    10.684    d_posted_word_reg[0][24]
  -------------------------------------------------------------------
                         required time                         10.684    
                         arrival time                         -10.010    
  -------------------------------------------------------------------
                         slack                                  0.674    





NAMED label=ready_to_npu slack_ns=4.876 from=n_held_ld_reg/C to=n_count_reg[0]/D levels=5
Copyright 1986-2022 Xilinx, Inc. All Rights Reserved. Copyright 2022-2025 Advanced Micro Devices, Inc. All Rights Reserved.
--------------------------------------------------------------------------------------------------------------------------------------------------------------------------------------------------------------------------------------------------------------------------------------------------
| Tool Version : Vivado v.2025.1 (lin64) Build 6140274 Wed May 21 22:58:25 MDT 2025
| Date         : Wed Oct  7 13:17:57 2026
| Host         : gondor running 64-bit Ubuntu 24.04.5 LTS
| Command      : report_timing -of_objects [get_timing_paths -setup -from [get_cells -hier -quiet -filter {NAME =~ *n_*_reg* && IS_SEQUENTIAL}] -to [get_cells -hier -quiet -filter {(NAME =~ *n_wr_data_reg* || NAME =~ *n_count_reg*) && IS_SEQUENTIAL}] -max_paths 1 -nworst 1] -return_string
| Design       : timing_fabric_fe
| Device       : 7z020-clg400
| Speed File   : -1  PRODUCTION 1.12 2019-11-22
| Design State : Routed
--------------------------------------------------------------------------------------------------------------------------------------------------------------------------------------------------------------------------------------------------------------------------------------------------

Timing Report

Slack (MET) :             4.876ns  (required time - arrival time)
  Source:                 n_held_ld_reg/C
                            (rising edge-triggered cell FDRE clocked by clk  {rise@0.000ns fall@5.000ns period=10.000ns})
  Destination:            n_count_reg[0]/D
                            (rising edge-triggered cell FDRE clocked by clk  {rise@0.000ns fall@5.000ns period=10.000ns})
  Path Group:             clk
  Path Type:              Setup (Max at Slow Process Corner)
  Requirement:            10.000ns  (clk rise@10.000ns - clk rise@0.000ns)
  Data Path Delay:        5.069ns  (logic 1.076ns (21.229%)  route 3.993ns (78.771%))
  Logic Levels:           5  (LUT3=1 LUT4=1 LUT6=3)
  Clock Path Skew:        -0.049ns (DCD - SCD + CPR)
    Destination Clock Delay (DCD):    0.924ns = ( 10.924 - 10.000 ) 
    Source Clock Delay      (SCD):    0.973ns
    Clock Pessimism Removal (CPR):    0.000ns
  Clock Uncertainty:      0.035ns  ((TSJ^2 + TIJ^2)^1/2 + DJ) / 2 + PE
    Total System Jitter     (TSJ):    0.071ns
    Total Input Jitter      (TIJ):    0.000ns
    Discrete Jitter          (DJ):    0.000ns
    Phase Error              (PE):    0.000ns

    Location             Delay type                Incr(ns)  Path(ns)    Netlist Resource(s)
  -------------------------------------------------------------------    -------------------
                         (clock clk rise edge)        0.000     0.000 r  
                                                      0.000     0.000 r  clk (IN)
                         net (fo=1822, unset)         0.973     0.973    clk
    SLICE_X49Y21         FDRE                                         r  n_held_ld_reg/C
  -------------------------------------------------------------------    -------------------
    SLICE_X49Y21         FDRE (Prop_fdre_C_Q)         0.456     1.429 r  n_held_ld_reg/Q
                         net (fo=32, routed)          1.062     2.491    fabric/g_bank[0].mem/n_held_ld
    SLICE_X49Y22                                                      r  fabric/g_bank[0].mem/snoop_line[1][1][12]_i_1/I3
    SLICE_X49Y22         LUT6 (Prop_lut6_I3_O)        0.124     2.615 r  fabric/g_bank[0].mem/snoop_line[1][1][12]_i_1/O
                         net (fo=3, routed)           0.964     3.579    fabric/g_bank[0].mem/n_wr_addr_reg[29][12]
    SLICE_X51Y22                                                      r  fabric/g_bank[0].mem/kind1[4][0]_i_2/I0
    SLICE_X51Y22         LUT6 (Prop_lut6_I0_O)        0.124     3.703 r  fabric/g_bank[0].mem/kind1[4][0]_i_2/O
                         net (fo=3, routed)           0.964     4.666    fabric/g_bank[0].mem_n_192
    SLICE_X52Y22                                                      r  fabric/kind1[4][0]_i_1/I0
    SLICE_X52Y22         LUT6 (Prop_lut6_I0_O)        0.124     4.790 r  fabric/kind1[4][0]_i_1/O
                         net (fo=4, routed)           0.317     5.107    fabric_n_140
    SLICE_X53Y23                                                      r  n_count[2]_i_2/I0
    SLICE_X53Y23         LUT3 (Prop_lut3_I0_O)        0.124     5.231 r  n_count[2]_i_2/O
                         net (fo=3, routed)           0.687     5.918    n_count
    SLICE_X53Y23                                                      r  n_count[0]_i_1/I2
    SLICE_X53Y23         LUT4 (Prop_lut4_I2_O)        0.124     6.042 r  n_count[0]_i_1/O
                         net (fo=1, routed)           0.000     6.042    n_count[0]_i_1_n_0
    SLICE_X53Y23         FDRE                                         r  n_count_reg[0]/D
  -------------------------------------------------------------------    -------------------

                         (clock clk rise edge)       10.000    10.000 r  
                                                      0.000    10.000 r  clk (IN)
                         net (fo=1822, unset)         0.924    10.924    clk
    SLICE_X53Y23         FDRE                                         r  n_count_reg[0]/C
                         clock pessimism              0.000    10.924    
                         clock uncertainty           -0.035    10.889    
    SLICE_X53Y23         FDRE (Setup_fdre_C_D)        0.029    10.918    n_count_reg[0]
  -------------------------------------------------------------------
                         required time                         10.918    
                         arrival time                          -6.042    
  -------------------------------------------------------------------
                         slack                                  4.876    





