NAMED-PATH-BEGIN d_rsp_valid_to_d_req_valid
Startpoint: d_rsp_valid (input port clocked by clk)
Endpoint: d_req_valid (output port clocked by clk)
Path Group: clk
Path Type: max

   Delay     Time   Description
-----------------------------------------------------------
   0.000    0.000   clock clk (rise edge)
   0.000    0.000   clock network delay (propagated)
   2.000    2.000 ^ input external delay
   0.019    2.019 ^ d_rsp_valid (in)
   0.072    2.092 ^ hold3723/X (sky130_fd_sc_hd__clkbuf_1)
   0.159    2.251 ^ input35/X (sky130_fd_sc_hd__clkbuf_2)
   0.112    2.363 ^ wire2829/X (sky130_fd_sc_hd__buf_12)
   0.045    2.408 v _14250_/Y (sky130_fd_sc_hd__nor2_4)
   0.108    2.516 v fanout1249/X (sky130_fd_sc_hd__buf_6)
   0.109    2.625 v fanout1248/X (sky130_fd_sc_hd__buf_12)
   0.107    2.732 v fanout1247/X (sky130_fd_sc_hd__buf_6)
   0.216    2.947 ^ _14254_/Y (sky130_fd_sc_hd__o31ai_4)
   0.049    2.996 v _14259_/Y (sky130_fd_sc_hd__o211ai_4)
   0.093    3.090 v rebuffer2925/X (sky130_fd_sc_hd__buf_6)
   0.261    3.351 ^ _14261_/X (sky130_fd_sc_hd__and4bb_4)
   0.099    3.450 ^ output109/X (sky130_fd_sc_hd__buf_8)
   0.000    3.451 ^ d_req_valid (out)
            3.451   data arrival time

  10.000   10.000   clock clk (rise edge)
   0.000   10.000   clock network delay (propagated)
  -0.250    9.750   clock uncertainty
   0.000    9.750   clock reconvergence pessimism
  -2.000    7.750   output external delay
            7.750   data required time
-----------------------------------------------------------
            7.750   data required time
           -3.451   data arrival time
-----------------------------------------------------------
            4.299   slack (MET)


NAMED-PATH-END
NAMED-PATH-BEGIN d_rsp_error_to_d_req_valid
Startpoint: d_rsp_error (input port clocked by clk)
Endpoint: d_req_valid (output port clocked by clk)
Path Group: clk
Path Type: max

   Delay     Time   Description
-----------------------------------------------------------
   0.000    0.000   clock clk (rise edge)
   0.000    0.000   clock network delay (propagated)
   2.000    2.000 v input external delay
   0.010    2.010 v d_rsp_error (in)
   0.072    2.082 v hold3636/X (sky130_fd_sc_hd__clkbuf_1)
   0.104    2.186 v input2/X (sky130_fd_sc_hd__buf_2)
   0.102    2.289 v hold3637/X (sky130_fd_sc_hd__clkbuf_1)
   0.143    2.432 v _14245_/Y (sky130_fd_sc_hd__nand2b_2)
   0.114    2.546 v _14246_/X (sky130_fd_sc_hd__o211a_2)
   0.255    2.801 ^ _14254_/Y (sky130_fd_sc_hd__o31ai_4)
   0.049    2.850 v _14259_/Y (sky130_fd_sc_hd__o211ai_4)
   0.093    2.943 v rebuffer2925/X (sky130_fd_sc_hd__buf_6)
   0.261    3.205 ^ _14261_/X (sky130_fd_sc_hd__and4bb_4)
   0.099    3.304 ^ output109/X (sky130_fd_sc_hd__buf_8)
   0.000    3.304 ^ d_req_valid (out)
            3.304   data arrival time

  10.000   10.000   clock clk (rise edge)
   0.000   10.000   clock network delay (propagated)
  -0.250    9.750   clock uncertainty
   0.000    9.750   clock reconvergence pessimism
  -2.000    7.750   output external delay
            7.750   data required time
-----------------------------------------------------------
            7.750   data required time
           -3.304   data arrival time
-----------------------------------------------------------
            4.446   slack (MET)


NAMED-PATH-END
