NAMED label=d_rsp_valid_to_request slack_ns=6.855 from=block/d_v2_reg/C to=block/request_registered.d_en_reg/D levels=3
Copyright 1986-2022 Xilinx, Inc. All Rights Reserved. Copyright 2022-2025 Advanced Micro Devices, Inc. All Rights Reserved.
----------------------------------------------------------------------------------------------------------------------------------------------------------------------------------------------------------------------------------------------------------------------------------------------------------------
| Tool Version : Vivado v.2025.1 (lin64) Build 6140274 Wed May 21 22:58:25 MDT 2025
| Date         : Fri Oct  2 12:19:47 2026
| Host         : gondor running 64-bit Ubuntu 24.04.5 LTS
| Command      : report_timing -of_objects [get_timing_paths -setup -from [get_cells -hier -quiet -filter {NAME =~ *d_v2_reg* && IS_SEQUENTIAL}] -to [get_cells -hier -quiet -filter {(NAME =~ *d_v1_reg* || NAME =~ *d_en_reg* || NAME =~ *ram_reg*) && IS_SEQUENTIAL}] -max_paths 1 -nworst 1] -return_string
| Design       : timing_aster_bram_reqreg
| Device       : 7z020-clg400
| Speed File   : -1  PRODUCTION 1.12 2019-11-22
| Design State : Routed
----------------------------------------------------------------------------------------------------------------------------------------------------------------------------------------------------------------------------------------------------------------------------------------------------------------

Timing Report

Slack (MET) :             6.855ns  (required time - arrival time)
  Source:                 block/d_v2_reg/C
                            (rising edge-triggered cell FDRE clocked by clk  {rise@0.000ns fall@5.000ns period=10.000ns})
  Destination:            block/request_registered.d_en_reg/D
                            (rising edge-triggered cell FDRE clocked by clk  {rise@0.000ns fall@5.000ns period=10.000ns})
  Path Group:             clk
  Path Type:              Setup (Max at Slow Process Corner)
  Requirement:            10.000ns  (clk rise@10.000ns - clk rise@0.000ns)
  Data Path Delay:        2.828ns  (logic 0.884ns (31.257%)  route 1.944ns (68.743%))
  Logic Levels:           3  (LUT5=1 LUT6=2)
  Clock Path Skew:        -0.049ns (DCD - SCD + CPR)
    Destination Clock Delay (DCD):    0.924ns = ( 10.924 - 10.000 ) 
    Source Clock Delay      (SCD):    0.973ns
    Clock Pessimism Removal (CPR):    0.000ns
  Clock Uncertainty:      0.035ns  ((TSJ^2 + TIJ^2)^1/2 + DJ) / 2 + PE
    Total System Jitter     (TSJ):    0.071ns
    Total Input Jitter      (TIJ):    0.000ns
    Discrete Jitter          (DJ):    0.000ns
    Phase Error              (PE):    0.000ns

    Location             Delay type                Incr(ns)  Path(ns)    Netlist Resource(s)
  -------------------------------------------------------------------    -------------------
                         (clock clk rise edge)        0.000     0.000 r  
                                                      0.000     0.000 r  clk (IN)
                         net (fo=1832, unset)         0.973     0.973    block/clk
    SLICE_X38Y2          FDRE                                         r  block/d_v2_reg/C
  -------------------------------------------------------------------    -------------------
    SLICE_X38Y2          FDRE (Prop_fdre_C_Q)         0.518     1.491 r  block/d_v2_reg/Q
                         net (fo=20, routed)          0.707     2.198    block/core/fetch/d_v2
    SLICE_X37Y2                                                       r  block/core/fetch/m1_first_i_3/I4
    SLICE_X37Y2          LUT6 (Prop_lut6_I4_O)        0.124     2.322 f  block/core/fetch/m1_first_i_3/O
                         net (fo=8, routed)           0.191     2.513    block/core/fetch/m1_reg[valid]
    SLICE_X37Y2                                                       f  block/core/fetch/m1_first_i_1/I1
    SLICE_X37Y2          LUT6 (Prop_lut6_I1_O)        0.124     2.637 r  block/core/fetch/m1_first_i_1/O
                         net (fo=15, routed)          0.664     3.301    block/core/e_advance
    SLICE_X33Y2                                                       r  block/core/request_registered.d_en_i_1/I3
    SLICE_X33Y2          LUT5 (Prop_lut5_I3_O)        0.118     3.419 r  block/core/request_registered.d_en_i_1/O
                         net (fo=1, routed)           0.382     3.801    block/request_registered.d_en0
    SLICE_X32Y2          FDRE                                         r  block/request_registered.d_en_reg/D
  -------------------------------------------------------------------    -------------------

                         (clock clk rise edge)       10.000    10.000 r  
                                                      0.000    10.000 r  clk (IN)
                         net (fo=1832, unset)         0.924    10.924    block/clk
    SLICE_X32Y2          FDRE                                         r  block/request_registered.d_en_reg/C
                         clock pessimism              0.000    10.924    
                         clock uncertainty           -0.035    10.889    
    SLICE_X32Y2          FDRE (Setup_fdre_C_D)       -0.233    10.656    block/request_registered.d_en_reg
  -------------------------------------------------------------------
                         required time                         10.656    
                         arrival time                          -3.801    
  -------------------------------------------------------------------
                         slack                                  6.855    





NAMED label=d_rsp_error_kill slack_ns=4.339 from=block/d_err1_reg/C to=block/request_registered.d_en_reg/D levels=5
Copyright 1986-2022 Xilinx, Inc. All Rights Reserved. Copyright 2022-2025 Advanced Micro Devices, Inc. All Rights Reserved.
------------------------------------------------------------------------------------------------------------------------------------------------------------------------------------------------------------------------------------------------------------------------------------------------------------------
| Tool Version : Vivado v.2025.1 (lin64) Build 6140274 Wed May 21 22:58:25 MDT 2025
| Date         : Fri Oct  2 12:19:47 2026
| Host         : gondor running 64-bit Ubuntu 24.04.5 LTS
| Command      : report_timing -of_objects [get_timing_paths -setup -from [get_cells -hier -quiet -filter {NAME =~ *d_err1_reg* && IS_SEQUENTIAL}] -to [get_cells -hier -quiet -filter {(NAME =~ *d_v1_reg* || NAME =~ *d_en_reg* || NAME =~ *ram_reg*) && IS_SEQUENTIAL}] -max_paths 1 -nworst 1] -return_string
| Design       : timing_aster_bram_reqreg
| Device       : 7z020-clg400
| Speed File   : -1  PRODUCTION 1.12 2019-11-22
| Design State : Routed
------------------------------------------------------------------------------------------------------------------------------------------------------------------------------------------------------------------------------------------------------------------------------------------------------------------

Timing Report

Slack (MET) :             4.339ns  (required time - arrival time)
  Source:                 block/d_err1_reg/C
                            (rising edge-triggered cell FDRE clocked by clk  {rise@0.000ns fall@5.000ns period=10.000ns})
  Destination:            block/request_registered.d_en_reg/D
                            (rising edge-triggered cell FDRE clocked by clk  {rise@0.000ns fall@5.000ns period=10.000ns})
  Path Group:             clk
  Path Type:              Setup (Max at Slow Process Corner)
  Requirement:            10.000ns  (clk rise@10.000ns - clk rise@0.000ns)
  Data Path Delay:        5.344ns  (logic 1.070ns (20.023%)  route 4.274ns (79.977%))
  Logic Levels:           5  (LUT5=2 LUT6=3)
  Clock Path Skew:        -0.049ns (DCD - SCD + CPR)
    Destination Clock Delay (DCD):    0.924ns = ( 10.924 - 10.000 ) 
    Source Clock Delay      (SCD):    0.973ns
    Clock Pessimism Removal (CPR):    0.000ns
  Clock Uncertainty:      0.035ns  ((TSJ^2 + TIJ^2)^1/2 + DJ) / 2 + PE
    Total System Jitter     (TSJ):    0.071ns
    Total Input Jitter      (TIJ):    0.000ns
    Discrete Jitter          (DJ):    0.000ns
    Phase Error              (PE):    0.000ns

    Location             Delay type                Incr(ns)  Path(ns)    Netlist Resource(s)
  -------------------------------------------------------------------    -------------------
                         (clock clk rise edge)        0.000     0.000 r  
                                                      0.000     0.000 r  clk (IN)
                         net (fo=1832, unset)         0.973     0.973    block/clk
    SLICE_X33Y3          FDRE                                         r  block/d_err1_reg/C
  -------------------------------------------------------------------    -------------------
    SLICE_X33Y3          FDRE (Prop_fdre_C_Q)         0.456     1.429 f  block/d_err1_reg/Q
                         net (fo=6, routed)           1.042     2.471    block/core/fetch/d_err1
    SLICE_X31Y3                                                       f  block/core/fetch/mepc[31]_i_3/I1
    SLICE_X31Y3          LUT6 (Prop_lut6_I1_O)        0.124     2.595 f  block/core/fetch/mepc[31]_i_3/O
                         net (fo=34, routed)          0.825     3.420    block/core/fetch/m1_reg[valid]_1
    SLICE_X23Y5                                                       f  block/core/fetch/e_pc[31]_i_5/I0
    SLICE_X23Y5          LUT5 (Prop_lut5_I0_O)        0.124     3.544 r  block/core/fetch/e_pc[31]_i_5/O
                         net (fo=35, routed)          1.170     4.714    block/core/fetch/m1_reg[valid]_0
    SLICE_X37Y2                                                       r  block/core/fetch/m1_first_i_3/I5
    SLICE_X37Y2          LUT6 (Prop_lut6_I5_O)        0.124     4.838 f  block/core/fetch/m1_first_i_3/O
                         net (fo=8, routed)           0.191     5.029    block/core/fetch/m1_reg[valid]
    SLICE_X37Y2                                                       f  block/core/fetch/m1_first_i_1/I1
    SLICE_X37Y2          LUT6 (Prop_lut6_I1_O)        0.124     5.153 r  block/core/fetch/m1_first_i_1/O
                         net (fo=15, routed)          0.664     5.816    block/core/e_advance
    SLICE_X33Y2                                                       r  block/core/request_registered.d_en_i_1/I3
    SLICE_X33Y2          LUT5 (Prop_lut5_I3_O)        0.118     5.934 r  block/core/request_registered.d_en_i_1/O
                         net (fo=1, routed)           0.382     6.317    block/request_registered.d_en0
    SLICE_X32Y2          FDRE                                         r  block/request_registered.d_en_reg/D
  -------------------------------------------------------------------    -------------------

                         (clock clk rise edge)       10.000    10.000 r  
                                                      0.000    10.000 r  clk (IN)
                         net (fo=1832, unset)         0.924    10.924    block/clk
    SLICE_X32Y2          FDRE                                         r  block/request_registered.d_en_reg/C
                         clock pessimism              0.000    10.924    
                         clock uncertainty           -0.035    10.889    
    SLICE_X32Y2          FDRE (Setup_fdre_C_D)       -0.233    10.656    block/request_registered.d_en_reg
  -------------------------------------------------------------------
                         required time                         10.656    
                         arrival time                          -6.317    
  -------------------------------------------------------------------
                         slack                                  4.339    





NAMED label=d_rsp_valid_worst slack_ns=1.891 from=block/d_v2_reg/C to=block/core/w_reg[result][28]/D levels=6
Copyright 1986-2022 Xilinx, Inc. All Rights Reserved. Copyright 2022-2025 Advanced Micro Devices, Inc. All Rights Reserved.
----------------------------------------------------------------------------------------------------------------------------------------------------------------------------------------
| Tool Version : Vivado v.2025.1 (lin64) Build 6140274 Wed May 21 22:58:25 MDT 2025
| Date         : Fri Oct  2 12:19:47 2026
| Host         : gondor running 64-bit Ubuntu 24.04.5 LTS
| Command      : report_timing -of_objects [get_timing_paths -setup -from [get_cells -hier -quiet -filter {NAME =~ *d_v2_reg* && IS_SEQUENTIAL}] -max_paths 1 -nworst 1] -return_string
| Design       : timing_aster_bram_reqreg
| Device       : 7z020-clg400
| Speed File   : -1  PRODUCTION 1.12 2019-11-22
| Design State : Routed
----------------------------------------------------------------------------------------------------------------------------------------------------------------------------------------

Timing Report

Slack (MET) :             1.891ns  (required time - arrival time)
  Source:                 block/d_v2_reg/C
                            (rising edge-triggered cell FDRE clocked by clk  {rise@0.000ns fall@5.000ns period=10.000ns})
  Destination:            block/core/w_reg[result][28]/D
                            (rising edge-triggered cell FDRE clocked by clk  {rise@0.000ns fall@5.000ns period=10.000ns})
  Path Group:             clk
  Path Type:              Setup (Max at Slow Process Corner)
  Requirement:            10.000ns  (clk rise@10.000ns - clk rise@0.000ns)
  Data Path Delay:        8.056ns  (logic 1.894ns (23.509%)  route 6.162ns (76.491%))
  Logic Levels:           6  (LUT3=1 LUT4=1 LUT5=2 LUT6=2)
  Clock Path Skew:        -0.049ns (DCD - SCD + CPR)
    Destination Clock Delay (DCD):    0.924ns = ( 10.924 - 10.000 ) 
    Source Clock Delay      (SCD):    0.973ns
    Clock Pessimism Removal (CPR):    0.000ns
  Clock Uncertainty:      0.035ns  ((TSJ^2 + TIJ^2)^1/2 + DJ) / 2 + PE
    Total System Jitter     (TSJ):    0.071ns
    Total Input Jitter      (TIJ):    0.000ns
    Discrete Jitter          (DJ):    0.000ns
    Phase Error              (PE):    0.000ns

    Location             Delay type                Incr(ns)  Path(ns)    Netlist Resource(s)
  -------------------------------------------------------------------    -------------------
                         (clock clk rise edge)        0.000     0.000 r  
                                                      0.000     0.000 r  clk (IN)
                         net (fo=1832, unset)         0.973     0.973    block/clk
    SLICE_X38Y2          FDRE                                         r  block/d_v2_reg/C
  -------------------------------------------------------------------    -------------------
    SLICE_X38Y2          FDRE (Prop_fdre_C_Q)         0.518     1.491 r  block/d_v2_reg/Q
                         net (fo=20, routed)          0.991     2.482    block/core/d_v2
    SLICE_X37Y1                                                       r  block/core/m2[rdata][15]_i_3/I0
    SLICE_X37Y1          LUT4 (Prop_lut4_I0_O)        0.124     2.606 r  block/core/m2[rdata][15]_i_3/O
                         net (fo=56, routed)          1.696     4.302    block/core/m2[rdata][15]_i_3_n_0
    SLICE_X17Y5                                                       r  block/core/w[result][7]_i_4/I3
    SLICE_X17Y5          LUT5 (Prop_lut5_I3_O)        0.119     4.421 r  block/core/w[result][7]_i_4/O
                         net (fo=1, routed)           1.459     5.880    block/core/w[result][7]_i_4_n_0
    SLICE_X46Y5                                                       r  block/core/w[result][7]_i_2/I0
    SLICE_X46Y5          LUT6 (Prop_lut6_I0_O)        0.332     6.212 r  block/core/w[result][7]_i_2/O
                         net (fo=3, routed)           0.680     6.892    block/core/w[result][7]_i_2_n_0
    SLICE_X47Y5                                                       r  block/core/w[result][22]_i_4/I1
    SLICE_X47Y5          LUT5 (Prop_lut5_I1_O)        0.154     7.046 r  block/core/w[result][22]_i_4/O
                         net (fo=10, routed)          0.697     7.742    block/core/w[result][22]_i_4_n_0
    SLICE_X48Y5                                                       r  block/core/w[result][31]_i_4/I0
    SLICE_X48Y5          LUT3 (Prop_lut3_I0_O)        0.321     8.063 r  block/core/w[result][31]_i_4/O
                         net (fo=8, routed)           0.640     8.703    block/core/w[result][31]_i_4_n_0
    SLICE_X49Y6                                                       r  block/core/w[result][28]_i_1/I2
    SLICE_X49Y6          LUT6 (Prop_lut6_I2_O)        0.326     9.029 r  block/core/w[result][28]_i_1/O
                         net (fo=1, routed)           0.000     9.029    block/core/w[result][28]_i_1_n_0
    SLICE_X49Y6          FDRE                                         r  block/core/w_reg[result][28]/D
  -------------------------------------------------------------------    -------------------

                         (clock clk rise edge)       10.000    10.000 r  
                                                      0.000    10.000 r  clk (IN)
                         net (fo=1832, unset)         0.924    10.924    block/core/clk
    SLICE_X49Y6          FDRE                                         r  block/core/w_reg[result][28]/C
                         clock pessimism              0.000    10.924    
                         clock uncertainty           -0.035    10.889    
    SLICE_X49Y6          FDRE (Setup_fdre_C_D)        0.031    10.920    block/core/w_reg[result][28]
  -------------------------------------------------------------------
                         required time                         10.920    
                         arrival time                          -9.029    
  -------------------------------------------------------------------
                         slack                                  1.891    





NAMED label=d_rsp_error_worst slack_ns=1.472 from=block/d_err1_reg/C to=block/core/e_rs2v_reg[30]/R levels=7
Copyright 1986-2022 Xilinx, Inc. All Rights Reserved. Copyright 2022-2025 Advanced Micro Devices, Inc. All Rights Reserved.
------------------------------------------------------------------------------------------------------------------------------------------------------------------------------------------
| Tool Version : Vivado v.2025.1 (lin64) Build 6140274 Wed May 21 22:58:25 MDT 2025
| Date         : Fri Oct  2 12:19:47 2026
| Host         : gondor running 64-bit Ubuntu 24.04.5 LTS
| Command      : report_timing -of_objects [get_timing_paths -setup -from [get_cells -hier -quiet -filter {NAME =~ *d_err1_reg* && IS_SEQUENTIAL}] -max_paths 1 -nworst 1] -return_string
| Design       : timing_aster_bram_reqreg
| Device       : 7z020-clg400
| Speed File   : -1  PRODUCTION 1.12 2019-11-22
| Design State : Routed
------------------------------------------------------------------------------------------------------------------------------------------------------------------------------------------

Timing Report

Slack (MET) :             1.472ns  (required time - arrival time)
  Source:                 block/d_err1_reg/C
                            (rising edge-triggered cell FDRE clocked by clk  {rise@0.000ns fall@5.000ns period=10.000ns})
  Destination:            block/core/e_rs2v_reg[30]/R
                            (rising edge-triggered cell FDRE clocked by clk  {rise@0.000ns fall@5.000ns period=10.000ns})
  Path Group:             clk
  Path Type:              Setup (Max at Slow Process Corner)
  Requirement:            10.000ns  (clk rise@10.000ns - clk rise@0.000ns)
  Data Path Delay:        7.920ns  (logic 1.541ns (19.457%)  route 6.379ns (80.543%))
  Logic Levels:           7  (LUT3=2 LUT5=1 LUT6=4)
  Clock Path Skew:        -0.049ns (DCD - SCD + CPR)
    Destination Clock Delay (DCD):    0.924ns = ( 10.924 - 10.000 ) 
    Source Clock Delay      (SCD):    0.973ns
    Clock Pessimism Removal (CPR):    0.000ns
  Clock Uncertainty:      0.035ns  ((TSJ^2 + TIJ^2)^1/2 + DJ) / 2 + PE
    Total System Jitter     (TSJ):    0.071ns
    Total Input Jitter      (TIJ):    0.000ns
    Discrete Jitter          (DJ):    0.000ns
    Phase Error              (PE):    0.000ns

    Location             Delay type                Incr(ns)  Path(ns)    Netlist Resource(s)
  -------------------------------------------------------------------    -------------------
                         (clock clk rise edge)        0.000     0.000 r  
                                                      0.000     0.000 r  clk (IN)
                         net (fo=1832, unset)         0.973     0.973    block/clk
    SLICE_X33Y3          FDRE                                         r  block/d_err1_reg/C
  -------------------------------------------------------------------    -------------------
    SLICE_X33Y3          FDRE (Prop_fdre_C_Q)         0.456     1.429 f  block/d_err1_reg/Q
                         net (fo=6, routed)           1.042     2.471    block/core/fetch/d_err1
    SLICE_X31Y3                                                       f  block/core/fetch/mepc[31]_i_3/I1
    SLICE_X31Y3          LUT6 (Prop_lut6_I1_O)        0.124     2.595 f  block/core/fetch/mepc[31]_i_3/O
                         net (fo=34, routed)          0.825     3.420    block/core/fetch/m1_reg[valid]_1
    SLICE_X23Y5                                                       f  block/core/fetch/e_pc[31]_i_5/I0
    SLICE_X23Y5          LUT5 (Prop_lut5_I0_O)        0.124     3.544 r  block/core/fetch/e_pc[31]_i_5/O
                         net (fo=35, routed)          1.170     4.714    block/core/fetch/m1_reg[valid]_0
    SLICE_X37Y2                                                       r  block/core/fetch/m1_first_i_3/I5
    SLICE_X37Y2          LUT6 (Prop_lut6_I5_O)        0.124     4.838 f  block/core/fetch/m1_first_i_3/O
                         net (fo=8, routed)           0.191     5.029    block/core/fetch/m1_reg[valid]
    SLICE_X37Y2                                                       f  block/core/fetch/m1_first_i_1/I1
    SLICE_X37Y2          LUT6 (Prop_lut6_I1_O)        0.124     5.153 r  block/core/fetch/m1_first_i_1/O
                         net (fo=15, routed)          0.396     5.549    block/core/fetch/e_dec_reg[sys]
    SLICE_X34Y2                                                       r  block/core/fetch/e_dec[imm][31]_i_4/I2
    SLICE_X34Y2          LUT3 (Prop_lut3_I2_O)        0.124     5.673 f  block/core/fetch/e_dec[imm][31]_i_4/O
                         net (fo=86, routed)          0.640     6.313    block/core/e_valid_reg_0
    SLICE_X34Y1                                                       f  block/core/e_dec[imm][31]_i_2/I2
    SLICE_X34Y1          LUT3 (Prop_lut3_I2_O)        0.117     6.430 r  block/core/e_dec[imm][31]_i_2/O
                         net (fo=165, routed)         0.969     7.399    block/core/e_dec
    SLICE_X46Y2                                                       r  block/core/e_rs2v[31]_i_1/I5
    SLICE_X46Y2          LUT6 (Prop_lut6_I5_O)        0.348     7.747 r  block/core/e_rs2v[31]_i_1/O
                         net (fo=32, routed)          1.146     8.893    block/core/e_rs2v[31]_i_1_n_0
    SLICE_X58Y6          FDRE                                         r  block/core/e_rs2v_reg[30]/R
  -------------------------------------------------------------------    -------------------

                         (clock clk rise edge)       10.000    10.000 r  
                                                      0.000    10.000 r  clk (IN)
                         net (fo=1832, unset)         0.924    10.924    block/core/clk
    SLICE_X58Y6          FDRE                                         r  block/core/e_rs2v_reg[30]/C
                         clock pessimism              0.000    10.924    
                         clock uncertainty           -0.035    10.889    
    SLICE_X58Y6          FDRE (Setup_fdre_C_R)       -0.524    10.365    block/core/e_rs2v_reg[30]
  -------------------------------------------------------------------
                         required time                         10.365    
                         arrival time                          -8.893    
  -------------------------------------------------------------------
                         slack                                  1.472    





