NAMED-PATH-BEGIN d_rsp_valid_to_d_req_valid
Startpoint: d_rsp_valid (input port clocked by clk)
Endpoint: d_req_valid (output port clocked by clk)
Path Group: clk
Path Type: max

   Delay     Time   Description
-----------------------------------------------------------
   0.000    0.000   clock clk (rise edge)
   0.000    0.000   clock network delay (propagated)
   2.000    2.000 ^ input external delay
   0.036    2.036 ^ d_rsp_valid (in)
   0.184    2.220 ^ hold4083/X (sky130_fd_sc_hd__clkbuf_1)
   0.275    2.495 ^ input35/X (sky130_fd_sc_hd__buf_2)
   0.477    2.971 ^ hold4084/X (sky130_fd_sc_hd__clkbuf_1)
   0.410    3.381 ^ wire2908/X (sky130_fd_sc_hd__buf_12)
   0.164    3.545 v _14250_/Y (sky130_fd_sc_hd__nor2_2)
   0.281    3.826 v fanout1287/X (sky130_fd_sc_hd__buf_6)
   0.339    4.165 v fanout1285/X (sky130_fd_sc_hd__buf_4)
   0.303    4.468 v fanout1284/X (sky130_fd_sc_hd__buf_6)
   0.371    4.839 ^ _14254_/Y (sky130_fd_sc_hd__o31ai_4)
   0.328    5.167 ^ max_cap771/X (sky130_fd_sc_hd__buf_6)
   0.228    5.395 v _14259_/Y (sky130_fd_sc_hd__o211ai_4)
   0.931    6.326 ^ _14261_/X (sky130_fd_sc_hd__and4bb_4)
   0.302    6.628 ^ output109/X (sky130_fd_sc_hd__buf_8)
   0.001    6.629 ^ d_req_valid (out)
            6.629   data arrival time

  10.000   10.000   clock clk (rise edge)
   0.000   10.000   clock network delay (propagated)
  -0.250    9.750   clock uncertainty
   0.000    9.750   clock reconvergence pessimism
  -2.000    7.750   output external delay
            7.750   data required time
-----------------------------------------------------------
            7.750   data required time
           -6.629   data arrival time
-----------------------------------------------------------
            1.121   slack (MET)


NAMED-PATH-END
NAMED-PATH-BEGIN d_rsp_error_to_d_req_valid
Startpoint: d_rsp_error (input port clocked by clk)
Endpoint: d_req_valid (output port clocked by clk)
Path Group: clk
Path Type: max

   Delay     Time   Description
-----------------------------------------------------------
   0.000    0.000   clock clk (rise edge)
   0.000    0.000   clock network delay (propagated)
   2.000    2.000 v input external delay
   0.020    2.020 v d_rsp_error (in)
   0.168    2.188 v hold3943/X (sky130_fd_sc_hd__clkbuf_1)
   0.308    2.496 v input2/X (sky130_fd_sc_hd__buf_2)
   0.306    2.802 v hold3944/X (sky130_fd_sc_hd__clkbuf_1)
   0.495    3.297 v _14245_/Y (sky130_fd_sc_hd__nand2b_2)
   0.353    3.650 v _14246_/X (sky130_fd_sc_hd__o211a_2)
   0.473    4.123 ^ _14254_/Y (sky130_fd_sc_hd__o31ai_4)
   0.328    4.451 ^ max_cap771/X (sky130_fd_sc_hd__buf_6)
   0.228    4.679 v _14259_/Y (sky130_fd_sc_hd__o211ai_4)
   0.931    5.610 ^ _14261_/X (sky130_fd_sc_hd__and4bb_4)
   0.302    5.912 ^ output109/X (sky130_fd_sc_hd__buf_8)
   0.001    5.913 ^ d_req_valid (out)
            5.913   data arrival time

  10.000   10.000   clock clk (rise edge)
   0.000   10.000   clock network delay (propagated)
  -0.250    9.750   clock uncertainty
   0.000    9.750   clock reconvergence pessimism
  -2.000    7.750   output external delay
            7.750   data required time
-----------------------------------------------------------
            7.750   data required time
           -5.913   data arrival time
-----------------------------------------------------------
            1.837   slack (MET)


NAMED-PATH-END
