NAMED-PATH-BEGIN d_rsp_valid_to_d_req_valid
Startpoint: d_rsp_valid (input port clocked by clk)
Endpoint: d_req_valid (output port clocked by clk)
Path Group: clk
Path Type: max

   Delay     Time   Description
-----------------------------------------------------------
   0.000    0.000   clock clk (rise edge)
   0.000    0.000   clock network delay (propagated)
   2.000    2.000 ^ input external delay
   0.024    2.024 ^ d_rsp_valid (in)
   0.511    2.534 ^ input35/X (sky130_fd_sc_hd__buf_2)
   0.585    3.119 ^ fanout3865/X (sky130_fd_sc_hd__buf_2)
   0.558    3.677 ^ fanout3864/X (sky130_fd_sc_hd__buf_2)
   0.513    4.189 ^ fanout3863/X (sky130_fd_sc_hd__buf_2)
   0.447    4.636 ^ _17128_/X (sky130_fd_sc_hd__or3b_4)
   0.400    5.036 v _17140_/Y (sky130_fd_sc_hd__o2111ai_4)
   1.029    6.065 ^ _17141_/X (sky130_fd_sc_hd__and4b_2)
   0.537    6.602 ^ output109/X (sky130_fd_sc_hd__buf_2)
   0.001    6.603 ^ d_req_valid (out)
            6.603   data arrival time

  10.000   10.000   clock clk (rise edge)
   0.000   10.000   clock network delay (propagated)
  -0.250    9.750   clock uncertainty
   0.000    9.750   clock reconvergence pessimism
  -2.000    7.750   output external delay
            7.750   data required time
-----------------------------------------------------------
            7.750   data required time
           -6.603   data arrival time
-----------------------------------------------------------
            1.147   slack (MET)


NAMED-PATH-END
NAMED-PATH-BEGIN d_rsp_error_to_d_req_valid
Startpoint: d_rsp_error (input port clocked by clk)
Endpoint: d_req_valid (output port clocked by clk)
Path Group: clk
Path Type: max

   Delay     Time   Description
-----------------------------------------------------------
   0.000    0.000   clock clk (rise edge)
   0.000    0.000   clock network delay (propagated)
   2.000    2.000 v input external delay
   0.014    2.014 v d_rsp_error (in)
   0.438    2.452 v input2/X (sky130_fd_sc_hd__buf_2)
   0.503    2.955 v _17129_/Y (sky130_fd_sc_hd__nand2b_2)
   0.404    3.360 v _17130_/X (sky130_fd_sc_hd__o211a_2)
   0.374    3.734 ^ _17132_/Y (sky130_fd_sc_hd__o21ai_2)
   0.380    4.114 ^ fanout1123/X (sky130_fd_sc_hd__buf_6)
   0.318    4.432 ^ wire1124/X (sky130_fd_sc_hd__buf_12)
   0.359    4.791 v _17140_/Y (sky130_fd_sc_hd__o2111ai_4)
   1.029    5.819 ^ _17141_/X (sky130_fd_sc_hd__and4b_2)
   0.537    6.356 ^ output109/X (sky130_fd_sc_hd__buf_2)
   0.001    6.357 ^ d_req_valid (out)
            6.357   data arrival time

  10.000   10.000   clock clk (rise edge)
   0.000   10.000   clock network delay (propagated)
  -0.250    9.750   clock uncertainty
   0.000    9.750   clock reconvergence pessimism
  -2.000    7.750   output external delay
            7.750   data required time
-----------------------------------------------------------
            7.750   data required time
           -6.357   data arrival time
-----------------------------------------------------------
            1.393   slack (MET)


NAMED-PATH-END
