Copyright 1986-2022 Xilinx, Inc. All Rights Reserved. Copyright 2022-2025 Advanced Micro Devices, Inc. All Rights Reserved.
---------------------------------------------------------------------------------------------------------------------------------------------
| Tool Version : Vivado v.2025.1 (lin64) Build 6140274 Wed May 21 22:58:25 MDT 2025
| Date         : Thu Oct  1 18:34:55 2026
| Host         : gondor running 64-bit Ubuntu 24.04.5 LTS
| Command      : report_timing_summary -max_paths 10 -file /home/elfo/Documents/Aster/build/timing/fpga/aster/timing_summary.rpt
| Design       : timing_aster
| Device       : 7z020-clg400
| Speed File   : -1  PRODUCTION 1.12 2019-11-22
| Design State : Routed
---------------------------------------------------------------------------------------------------------------------------------------------

Timing Summary Report

------------------------------------------------------------------------------------------------
| Timer Settings
| --------------
------------------------------------------------------------------------------------------------

  Enable Multi Corner Analysis               :  Yes
  Enable Pessimism Removal                   :  Yes
  Pessimism Removal Resolution               :  Nearest Common Node
  Enable Input Delay Default Clock           :  No
  Enable Preset / Clear Arcs                 :  No
  Disable Flight Delays                      :  No
  Ignore I/O Paths                           :  No
  Timing Early Launch at Borrowing Latches   :  No
  Borrow Time for Max Delay Exceptions       :  Yes
  Merge Timing Exceptions                    :  Yes
  Inter-SLR Compensation                     :  Conservative

  Corner  Analyze    Analyze    
  Name    Max Paths  Min Paths  
  ------  ---------  ---------  
  Slow    Yes        Yes        
  Fast    Yes        Yes        


------------------------------------------------------------------------------------------------
| Report Methodology
| ------------------
------------------------------------------------------------------------------------------------

No report available as report_methodology has not been run prior. Run report_methodology on the current design for the summary of methodology violations.



check_timing report

Table of Contents
-----------------
1. checking no_clock (0)
2. checking constant_clock (0)
3. checking pulse_width_clock (0)
4. checking unconstrained_internal_endpoints (0)
5. checking no_input_delay (71)
6. checking no_output_delay (102)
7. checking multiple_clock (0)
8. checking generated_clocks (0)
9. checking loops (0)
10. checking partial_input_delay (0)
11. checking partial_output_delay (0)
12. checking latch_loops (0)

1. checking no_clock (0)
------------------------
 There are 0 register/latch pins with no clock.


2. checking constant_clock (0)
------------------------------
 There are 0 register/latch pins with constant_clock.


3. checking pulse_width_clock (0)
---------------------------------
 There are 0 register/latch pins which need pulse_width check


4. checking unconstrained_internal_endpoints (0)
------------------------------------------------
 There are 0 pins that are not constrained for maximum delay.

 There are 0 pins that are not constrained for maximum delay due to constant clock.


5. checking no_input_delay (71)
-------------------------------
 There are 71 input ports with no input delay specified. (HIGH)

 There are 0 input ports with no input delay but user has a false path constraint.


6. checking no_output_delay (102)
---------------------------------
 There are 102 ports with no output delay specified. (HIGH)

 There are 0 ports with no output delay but user has a false path constraint

 There are 0 ports with no output delay but with a timing clock defined on it or propagating through it


7. checking multiple_clock (0)
------------------------------
 There are 0 register/latch pins with multiple clocks.


8. checking generated_clocks (0)
--------------------------------
 There are 0 generated clocks that are not connected to a clock source.


9. checking loops (0)
---------------------
 There are 0 combinational loops in the design.


10. checking partial_input_delay (0)
------------------------------------
 There are 0 input ports with partial input delay specified.


11. checking partial_output_delay (0)
-------------------------------------
 There are 0 ports with partial output delay specified.


12. checking latch_loops (0)
----------------------------
 There are 0 combinational latch loops in the design through latch input



------------------------------------------------------------------------------------------------
| Design Timing Summary
| ---------------------
------------------------------------------------------------------------------------------------

    WNS(ns)      TNS(ns)  TNS Failing Endpoints  TNS Total Endpoints      WHS(ns)      THS(ns)  THS Failing Endpoints  THS Total Endpoints     WPWS(ns)     TPWS(ns)  TPWS Failing Endpoints  TPWS Total Endpoints  
    -------      -------  ---------------------  -------------------      -------      -------  ---------------------  -------------------     --------     --------  ----------------------  --------------------  
      0.680        0.000                      0                 3177        0.041        0.000                      0                 3177        3.750        0.000                       0                  1183  


All user specified timing constraints are met.


------------------------------------------------------------------------------------------------
| Clock Summary
| -------------
------------------------------------------------------------------------------------------------

Clock  Waveform(ns)       Period(ns)      Frequency(MHz)
-----  ------------       ----------      --------------
clk    {0.000 5.000}      10.000          100.000         


------------------------------------------------------------------------------------------------
| Intra Clock Table
| -----------------
------------------------------------------------------------------------------------------------

Clock             WNS(ns)      TNS(ns)  TNS Failing Endpoints  TNS Total Endpoints      WHS(ns)      THS(ns)  THS Failing Endpoints  THS Total Endpoints     WPWS(ns)     TPWS(ns)  TPWS Failing Endpoints  TPWS Total Endpoints  
-----             -------      -------  ---------------------  -------------------      -------      -------  ---------------------  -------------------     --------     --------  ----------------------  --------------------  
clk                 0.680        0.000                      0                 3177        0.041        0.000                      0                 3177        3.750        0.000                       0                  1183  


------------------------------------------------------------------------------------------------
| Inter Clock Table
| -----------------
------------------------------------------------------------------------------------------------

From Clock    To Clock          WNS(ns)      TNS(ns)  TNS Failing Endpoints  TNS Total Endpoints      WHS(ns)      THS(ns)  THS Failing Endpoints  THS Total Endpoints  
----------    --------          -------      -------  ---------------------  -------------------      -------      -------  ---------------------  -------------------  


------------------------------------------------------------------------------------------------
| Other Path Groups Table
| -----------------------
------------------------------------------------------------------------------------------------

Path Group    From Clock    To Clock          WNS(ns)      TNS(ns)  TNS Failing Endpoints  TNS Total Endpoints      WHS(ns)      THS(ns)  THS Failing Endpoints  THS Total Endpoints  
----------    ----------    --------          -------      -------  ---------------------  -------------------      -------      -------  ---------------------  -------------------  


------------------------------------------------------------------------------------------------
| Timing Details
| --------------
------------------------------------------------------------------------------------------------


---------------------------------------------------------------------------------------------------
From Clock:  clk
  To Clock:  clk

Setup :            0  Failing Endpoints,  Worst Slack        0.680ns,  Total Violation        0.000ns
Hold  :            0  Failing Endpoints,  Worst Slack        0.041ns,  Total Violation        0.000ns
PW    :            0  Failing Endpoints,  Worst Slack        3.750ns,  Total Violation        0.000ns
---------------------------------------------------------------------------------------------------


Max Delay Paths
--------------------------------------------------------------------------------------
Slack (MET) :             0.680ns  (required time - arrival time)
  Source:                 core/fsel1_reg[1]/C
                            (rising edge-triggered cell FDRE clocked by clk  {rise@0.000ns fall@5.000ns period=10.000ns})
  Destination:            core/fetch/e_pending_reg_inv/D
                            (rising edge-triggered cell FDSE clocked by clk  {rise@0.000ns fall@5.000ns period=10.000ns})
  Path Group:             clk
  Path Type:              Setup (Max at Slow Process Corner)
  Requirement:            10.000ns  (clk rise@10.000ns - clk rise@0.000ns)
  Data Path Delay:        9.169ns  (logic 2.434ns (26.546%)  route 6.735ns (73.454%))
  Logic Levels:           8  (CARRY4=1 LUT2=1 LUT4=1 LUT5=1 LUT6=4)
  Clock Path Skew:        -0.049ns (DCD - SCD + CPR)
    Destination Clock Delay (DCD):    0.924ns = ( 10.924 - 10.000 ) 
    Source Clock Delay      (SCD):    0.973ns
    Clock Pessimism Removal (CPR):    0.000ns
  Clock Uncertainty:      0.035ns  ((TSJ^2 + TIJ^2)^1/2 + DJ) / 2 + PE
    Total System Jitter     (TSJ):    0.071ns
    Total Input Jitter      (TIJ):    0.000ns
    Discrete Jitter          (DJ):    0.000ns
    Phase Error              (PE):    0.000ns

    Location             Delay type                Incr(ns)  Path(ns)    Netlist Resource(s)
  -------------------------------------------------------------------    -------------------
                         (clock clk rise edge)        0.000     0.000 r  
                                                      0.000     0.000 r  clk (IN)
                         net (fo=1182, unset)         0.973     0.973    core/clk
    SLICE_X44Y96         FDRE                                         r  core/fsel1_reg[1]/C
  -------------------------------------------------------------------    -------------------
    SLICE_X44Y96         FDRE (Prop_fdre_C_Q)         0.419     1.392 r  core/fsel1_reg[1]/Q
                         net (fo=32, routed)          1.615     3.007    core/fetch/m1_reg[rs1v][31][1]
    SLICE_X53Y112        LUT4 (Prop_lut4_I1_O)        0.296     3.303 r  core/fetch/d_req_addr[24]_INST_0_i_12/O
                         net (fo=3, routed)           0.836     4.139    core/fetch/w_reg[result][24]
    SLICE_X54Y111        LUT5 (Prop_lut5_I4_O)        0.150     4.289 r  core/fetch/d_req_addr[24]_INST_0_i_4/O
                         net (fo=18, routed)          1.139     5.428    core/fetch/a1_out[24]
    SLICE_X49Y109        LUT6 (Prop_lut6_I3_O)        0.348     5.776 r  core/fetch/squash_i_47/O
                         net (fo=1, routed)           0.000     5.776    core/fetch/squash_i_47_n_0
    SLICE_X49Y109        CARRY4 (Prop_carry4_S[0]_CO[2])
                                                      0.536     6.312 r  core/fetch/squash_reg_i_12/CO[2]
                         net (fo=1, routed)           0.822     7.134    core/fetch/squash_reg_i_12_n_1
    SLICE_X46Y107        LUT6 (Prop_lut6_I3_O)        0.313     7.447 r  core/fetch/squash_i_4/O
                         net (fo=1, routed)           1.115     8.563    core/fetch/squash_i_4_n_0
    SLICE_X50Y94         LUT6 (Prop_lut6_I3_O)        0.124     8.687 r  core/fetch/squash_i_2/O
                         net (fo=2, routed)           0.355     9.042    core/fetch/e_taken
    SLICE_X51Y94         LUT6 (Prop_lut6_I2_O)        0.124     9.166 f  core/fetch/squash_i_1/O
                         net (fo=2, routed)           0.512     9.678    core/fetch/e_flush
    SLICE_X55Y94         LUT2 (Prop_lut2_I0_O)        0.124     9.802 r  core/fetch/e_pending_inv_i_1/O
                         net (fo=1, routed)           0.340    10.142    core/fetch/e_pending
    SLICE_X55Y94         FDSE                                         r  core/fetch/e_pending_reg_inv/D
  -------------------------------------------------------------------    -------------------

                         (clock clk rise edge)       10.000    10.000 r  
                                                      0.000    10.000 r  clk (IN)
                         net (fo=1182, unset)         0.924    10.924    core/fetch/clk
    SLICE_X55Y94         FDSE                                         r  core/fetch/e_pending_reg_inv/C
                         clock pessimism              0.000    10.924    
                         clock uncertainty           -0.035    10.889    
    SLICE_X55Y94         FDSE (Setup_fdse_C_D)       -0.067    10.822    core/fetch/e_pending_reg_inv
  -------------------------------------------------------------------
                         required time                         10.822    
                         arrival time                         -10.142    
  -------------------------------------------------------------------
                         slack                                  0.680    

Slack (MET) :             0.949ns  (required time - arrival time)
  Source:                 core/fsel1_reg[1]/C
                            (rising edge-triggered cell FDRE clocked by clk  {rise@0.000ns fall@5.000ns period=10.000ns})
  Destination:            core/m1_reg[late]/D
                            (rising edge-triggered cell FDRE clocked by clk  {rise@0.000ns fall@5.000ns period=10.000ns})
  Path Group:             clk
  Path Type:              Setup (Max at Slow Process Corner)
  Requirement:            10.000ns  (clk rise@10.000ns - clk rise@0.000ns)
  Data Path Delay:        8.996ns  (logic 2.434ns (27.057%)  route 6.562ns (72.943%))
  Logic Levels:           8  (CARRY4=1 LUT3=1 LUT4=1 LUT5=1 LUT6=4)
  Clock Path Skew:        -0.049ns (DCD - SCD + CPR)
    Destination Clock Delay (DCD):    0.924ns = ( 10.924 - 10.000 ) 
    Source Clock Delay      (SCD):    0.973ns
    Clock Pessimism Removal (CPR):    0.000ns
  Clock Uncertainty:      0.035ns  ((TSJ^2 + TIJ^2)^1/2 + DJ) / 2 + PE
    Total System Jitter     (TSJ):    0.071ns
    Total Input Jitter      (TIJ):    0.000ns
    Discrete Jitter          (DJ):    0.000ns
    Phase Error              (PE):    0.000ns

    Location             Delay type                Incr(ns)  Path(ns)    Netlist Resource(s)
  -------------------------------------------------------------------    -------------------
                         (clock clk rise edge)        0.000     0.000 r  
                                                      0.000     0.000 r  clk (IN)
                         net (fo=1182, unset)         0.973     0.973    core/clk
    SLICE_X44Y96         FDRE                                         r  core/fsel1_reg[1]/C
  -------------------------------------------------------------------    -------------------
    SLICE_X44Y96         FDRE (Prop_fdre_C_Q)         0.419     1.392 r  core/fsel1_reg[1]/Q
                         net (fo=32, routed)          1.615     3.007    core/fetch/m1_reg[rs1v][31][1]
    SLICE_X53Y112        LUT4 (Prop_lut4_I1_O)        0.296     3.303 r  core/fetch/d_req_addr[24]_INST_0_i_12/O
                         net (fo=3, routed)           0.836     4.139    core/fetch/w_reg[result][24]
    SLICE_X54Y111        LUT5 (Prop_lut5_I4_O)        0.150     4.289 r  core/fetch/d_req_addr[24]_INST_0_i_4/O
                         net (fo=18, routed)          1.139     5.428    core/fetch/a1_out[24]
    SLICE_X49Y109        LUT6 (Prop_lut6_I3_O)        0.348     5.776 r  core/fetch/squash_i_47/O
                         net (fo=1, routed)           0.000     5.776    core/fetch/squash_i_47_n_0
    SLICE_X49Y109        CARRY4 (Prop_carry4_S[0]_CO[2])
                                                      0.536     6.312 f  core/fetch/squash_reg_i_12/CO[2]
                         net (fo=1, routed)           0.822     7.134    core/fetch/squash_reg_i_12_n_1
    SLICE_X46Y107        LUT6 (Prop_lut6_I3_O)        0.313     7.447 f  core/fetch/squash_i_4/O
                         net (fo=1, routed)           1.115     8.563    core/fetch/squash_i_4_n_0
    SLICE_X50Y94         LUT6 (Prop_lut6_I3_O)        0.124     8.687 f  core/fetch/squash_i_2/O
                         net (fo=2, routed)           0.457     9.143    core/e_taken
    SLICE_X48Y93         LUT6 (Prop_lut6_I0_O)        0.124     9.267 f  core/m1[trap]_i_1/O
                         net (fo=5, routed)           0.577     9.845    core/e_slot[trap]
    SLICE_X47Y93         LUT3 (Prop_lut3_I2_O)        0.124     9.969 r  core/m1[late]_i_1/O
                         net (fo=1, routed)           0.000     9.969    core/e_slot[late]
    SLICE_X47Y93         FDRE                                         r  core/m1_reg[late]/D
  -------------------------------------------------------------------    -------------------

                         (clock clk rise edge)       10.000    10.000 r  
                                                      0.000    10.000 r  clk (IN)
                         net (fo=1182, unset)         0.924    10.924    core/clk
    SLICE_X47Y93         FDRE                                         r  core/m1_reg[late]/C
                         clock pessimism              0.000    10.924    
                         clock uncertainty           -0.035    10.889    
    SLICE_X47Y93         FDRE (Setup_fdre_C_D)        0.029    10.918    core/m1_reg[late]
  -------------------------------------------------------------------
                         required time                         10.918    
                         arrival time                          -9.969    
  -------------------------------------------------------------------
                         slack                                  0.949    

Slack (MET) :             0.987ns  (required time - arrival time)
  Source:                 core/fsel1_reg[1]/C
                            (rising edge-triggered cell FDRE clocked by clk  {rise@0.000ns fall@5.000ns period=10.000ns})
  Destination:            core/m1_reg[trap]/D
                            (rising edge-triggered cell FDRE clocked by clk  {rise@0.000ns fall@5.000ns period=10.000ns})
  Path Group:             clk
  Path Type:              Setup (Max at Slow Process Corner)
  Requirement:            10.000ns  (clk rise@10.000ns - clk rise@0.000ns)
  Data Path Delay:        8.848ns  (logic 2.310ns (26.107%)  route 6.538ns (73.893%))
  Logic Levels:           7  (CARRY4=1 LUT4=1 LUT5=1 LUT6=4)
  Clock Path Skew:        -0.049ns (DCD - SCD + CPR)
    Destination Clock Delay (DCD):    0.924ns = ( 10.924 - 10.000 ) 
    Source Clock Delay      (SCD):    0.973ns
    Clock Pessimism Removal (CPR):    0.000ns
  Clock Uncertainty:      0.035ns  ((TSJ^2 + TIJ^2)^1/2 + DJ) / 2 + PE
    Total System Jitter     (TSJ):    0.071ns
    Total Input Jitter      (TIJ):    0.000ns
    Discrete Jitter          (DJ):    0.000ns
    Phase Error              (PE):    0.000ns

    Location             Delay type                Incr(ns)  Path(ns)    Netlist Resource(s)
  -------------------------------------------------------------------    -------------------
                         (clock clk rise edge)        0.000     0.000 r  
                                                      0.000     0.000 r  clk (IN)
                         net (fo=1182, unset)         0.973     0.973    core/clk
    SLICE_X44Y96         FDRE                                         r  core/fsel1_reg[1]/C
  -------------------------------------------------------------------    -------------------
    SLICE_X44Y96         FDRE (Prop_fdre_C_Q)         0.419     1.392 r  core/fsel1_reg[1]/Q
                         net (fo=32, routed)          1.615     3.007    core/fetch/m1_reg[rs1v][31][1]
    SLICE_X53Y112        LUT4 (Prop_lut4_I1_O)        0.296     3.303 r  core/fetch/d_req_addr[24]_INST_0_i_12/O
                         net (fo=3, routed)           0.836     4.139    core/fetch/w_reg[result][24]
    SLICE_X54Y111        LUT5 (Prop_lut5_I4_O)        0.150     4.289 r  core/fetch/d_req_addr[24]_INST_0_i_4/O
                         net (fo=18, routed)          1.139     5.428    core/fetch/a1_out[24]
    SLICE_X49Y109        LUT6 (Prop_lut6_I3_O)        0.348     5.776 r  core/fetch/squash_i_47/O
                         net (fo=1, routed)           0.000     5.776    core/fetch/squash_i_47_n_0
    SLICE_X49Y109        CARRY4 (Prop_carry4_S[0]_CO[2])
                                                      0.536     6.312 r  core/fetch/squash_reg_i_12/CO[2]
                         net (fo=1, routed)           0.822     7.134    core/fetch/squash_reg_i_12_n_1
    SLICE_X46Y107        LUT6 (Prop_lut6_I3_O)        0.313     7.447 r  core/fetch/squash_i_4/O
                         net (fo=1, routed)           1.115     8.563    core/fetch/squash_i_4_n_0
    SLICE_X50Y94         LUT6 (Prop_lut6_I3_O)        0.124     8.687 r  core/fetch/squash_i_2/O
                         net (fo=2, routed)           0.457     9.143    core/e_taken
    SLICE_X48Y93         LUT6 (Prop_lut6_I0_O)        0.124     9.267 r  core/m1[trap]_i_1/O
                         net (fo=5, routed)           0.554     9.821    core/e_slot[trap]
    SLICE_X47Y93         FDRE                                         r  core/m1_reg[trap]/D
  -------------------------------------------------------------------    -------------------

                         (clock clk rise edge)       10.000    10.000 r  
                                                      0.000    10.000 r  clk (IN)
                         net (fo=1182, unset)         0.924    10.924    core/clk
    SLICE_X47Y93         FDRE                                         r  core/m1_reg[trap]/C
                         clock pessimism              0.000    10.924    
                         clock uncertainty           -0.035    10.889    
    SLICE_X47Y93         FDRE (Setup_fdre_C_D)       -0.081    10.808    core/m1_reg[trap]
  -------------------------------------------------------------------
                         required time                         10.808    
                         arrival time                          -9.821    
  -------------------------------------------------------------------
                         slack                                  0.987    

Slack (MET) :             1.001ns  (required time - arrival time)
  Source:                 core/fsel1_reg[1]/C
                            (rising edge-triggered cell FDRE clocked by clk  {rise@0.000ns fall@5.000ns period=10.000ns})
  Destination:            core/m1_reg[load]/D
                            (rising edge-triggered cell FDRE clocked by clk  {rise@0.000ns fall@5.000ns period=10.000ns})
  Path Group:             clk
  Path Type:              Setup (Max at Slow Process Corner)
  Requirement:            10.000ns  (clk rise@10.000ns - clk rise@0.000ns)
  Data Path Delay:        8.990ns  (logic 2.428ns (27.008%)  route 6.562ns (72.992%))
  Logic Levels:           8  (CARRY4=1 LUT2=1 LUT4=1 LUT5=1 LUT6=4)
  Clock Path Skew:        -0.049ns (DCD - SCD + CPR)
    Destination Clock Delay (DCD):    0.924ns = ( 10.924 - 10.000 ) 
    Source Clock Delay      (SCD):    0.973ns
    Clock Pessimism Removal (CPR):    0.000ns
  Clock Uncertainty:      0.035ns  ((TSJ^2 + TIJ^2)^1/2 + DJ) / 2 + PE
    Total System Jitter     (TSJ):    0.071ns
    Total Input Jitter      (TIJ):    0.000ns
    Discrete Jitter          (DJ):    0.000ns
    Phase Error              (PE):    0.000ns

    Location             Delay type                Incr(ns)  Path(ns)    Netlist Resource(s)
  -------------------------------------------------------------------    -------------------
                         (clock clk rise edge)        0.000     0.000 r  
                                                      0.000     0.000 r  clk (IN)
                         net (fo=1182, unset)         0.973     0.973    core/clk
    SLICE_X44Y96         FDRE                                         r  core/fsel1_reg[1]/C
  -------------------------------------------------------------------    -------------------
    SLICE_X44Y96         FDRE (Prop_fdre_C_Q)         0.419     1.392 r  core/fsel1_reg[1]/Q
                         net (fo=32, routed)          1.615     3.007    core/fetch/m1_reg[rs1v][31][1]
    SLICE_X53Y112        LUT4 (Prop_lut4_I1_O)        0.296     3.303 r  core/fetch/d_req_addr[24]_INST_0_i_12/O
                         net (fo=3, routed)           0.836     4.139    core/fetch/w_reg[result][24]
    SLICE_X54Y111        LUT5 (Prop_lut5_I4_O)        0.150     4.289 r  core/fetch/d_req_addr[24]_INST_0_i_4/O
                         net (fo=18, routed)          1.139     5.428    core/fetch/a1_out[24]
    SLICE_X49Y109        LUT6 (Prop_lut6_I3_O)        0.348     5.776 r  core/fetch/squash_i_47/O
                         net (fo=1, routed)           0.000     5.776    core/fetch/squash_i_47_n_0
    SLICE_X49Y109        CARRY4 (Prop_carry4_S[0]_CO[2])
                                                      0.536     6.312 f  core/fetch/squash_reg_i_12/CO[2]
                         net (fo=1, routed)           0.822     7.134    core/fetch/squash_reg_i_12_n_1
    SLICE_X46Y107        LUT6 (Prop_lut6_I3_O)        0.313     7.447 f  core/fetch/squash_i_4/O
                         net (fo=1, routed)           1.115     8.563    core/fetch/squash_i_4_n_0
    SLICE_X50Y94         LUT6 (Prop_lut6_I3_O)        0.124     8.687 f  core/fetch/squash_i_2/O
                         net (fo=2, routed)           0.457     9.143    core/e_taken
    SLICE_X48Y93         LUT6 (Prop_lut6_I0_O)        0.124     9.267 f  core/m1[trap]_i_1/O
                         net (fo=5, routed)           0.577     9.845    core/e_slot[trap]
    SLICE_X47Y93         LUT2 (Prop_lut2_I1_O)        0.118     9.963 r  core/m1[load]_i_1/O
                         net (fo=1, routed)           0.000     9.963    core/e_slot[load]
    SLICE_X47Y93         FDRE                                         r  core/m1_reg[load]/D
  -------------------------------------------------------------------    -------------------

                         (clock clk rise edge)       10.000    10.000 r  
                                                      0.000    10.000 r  clk (IN)
                         net (fo=1182, unset)         0.924    10.924    core/clk
    SLICE_X47Y93         FDRE                                         r  core/m1_reg[load]/C
                         clock pessimism              0.000    10.924    
                         clock uncertainty           -0.035    10.889    
    SLICE_X47Y93         FDRE (Setup_fdre_C_D)        0.075    10.964    core/m1_reg[load]
  -------------------------------------------------------------------
                         required time                         10.964    
                         arrival time                          -9.963    
  -------------------------------------------------------------------
                         slack                                  1.001    

Slack (MET) :             1.225ns  (required time - arrival time)
  Source:                 core/fsel1_reg[1]/C
                            (rising edge-triggered cell FDRE clocked by clk  {rise@0.000ns fall@5.000ns period=10.000ns})
  Destination:            core/m1_reg[mul]/D
                            (rising edge-triggered cell FDRE clocked by clk  {rise@0.000ns fall@5.000ns period=10.000ns})
  Path Group:             clk
  Path Type:              Setup (Max at Slow Process Corner)
  Requirement:            10.000ns  (clk rise@10.000ns - clk rise@0.000ns)
  Data Path Delay:        8.722ns  (logic 2.434ns (27.907%)  route 6.288ns (72.093%))
  Logic Levels:           8  (CARRY4=1 LUT2=1 LUT4=1 LUT5=1 LUT6=4)
  Clock Path Skew:        -0.049ns (DCD - SCD + CPR)
    Destination Clock Delay (DCD):    0.924ns = ( 10.924 - 10.000 ) 
    Source Clock Delay      (SCD):    0.973ns
    Clock Pessimism Removal (CPR):    0.000ns
  Clock Uncertainty:      0.035ns  ((TSJ^2 + TIJ^2)^1/2 + DJ) / 2 + PE
    Total System Jitter     (TSJ):    0.071ns
    Total Input Jitter      (TIJ):    0.000ns
    Discrete Jitter          (DJ):    0.000ns
    Phase Error              (PE):    0.000ns

    Location             Delay type                Incr(ns)  Path(ns)    Netlist Resource(s)
  -------------------------------------------------------------------    -------------------
                         (clock clk rise edge)        0.000     0.000 r  
                                                      0.000     0.000 r  clk (IN)
                         net (fo=1182, unset)         0.973     0.973    core/clk
    SLICE_X44Y96         FDRE                                         r  core/fsel1_reg[1]/C
  -------------------------------------------------------------------    -------------------
    SLICE_X44Y96         FDRE (Prop_fdre_C_Q)         0.419     1.392 r  core/fsel1_reg[1]/Q
                         net (fo=32, routed)          1.615     3.007    core/fetch/m1_reg[rs1v][31][1]
    SLICE_X53Y112        LUT4 (Prop_lut4_I1_O)        0.296     3.303 r  core/fetch/d_req_addr[24]_INST_0_i_12/O
                         net (fo=3, routed)           0.836     4.139    core/fetch/w_reg[result][24]
    SLICE_X54Y111        LUT5 (Prop_lut5_I4_O)        0.150     4.289 r  core/fetch/d_req_addr[24]_INST_0_i_4/O
                         net (fo=18, routed)          1.139     5.428    core/fetch/a1_out[24]
    SLICE_X49Y109        LUT6 (Prop_lut6_I3_O)        0.348     5.776 r  core/fetch/squash_i_47/O
                         net (fo=1, routed)           0.000     5.776    core/fetch/squash_i_47_n_0
    SLICE_X49Y109        CARRY4 (Prop_carry4_S[0]_CO[2])
                                                      0.536     6.312 f  core/fetch/squash_reg_i_12/CO[2]
                         net (fo=1, routed)           0.822     7.134    core/fetch/squash_reg_i_12_n_1
    SLICE_X46Y107        LUT6 (Prop_lut6_I3_O)        0.313     7.447 f  core/fetch/squash_i_4/O
                         net (fo=1, routed)           1.115     8.563    core/fetch/squash_i_4_n_0
    SLICE_X50Y94         LUT6 (Prop_lut6_I3_O)        0.124     8.687 f  core/fetch/squash_i_2/O
                         net (fo=2, routed)           0.457     9.143    core/e_taken
    SLICE_X48Y93         LUT6 (Prop_lut6_I0_O)        0.124     9.267 f  core/m1[trap]_i_1/O
                         net (fo=5, routed)           0.303     9.571    core/e_slot[trap]
    SLICE_X48Y93         LUT2 (Prop_lut2_I1_O)        0.124     9.695 r  core/m1[mul]_i_1/O
                         net (fo=1, routed)           0.000     9.695    core/e_slot[mul]
    SLICE_X48Y93         FDRE                                         r  core/m1_reg[mul]/D
  -------------------------------------------------------------------    -------------------

                         (clock clk rise edge)       10.000    10.000 r  
                                                      0.000    10.000 r  clk (IN)
                         net (fo=1182, unset)         0.924    10.924    core/clk
    SLICE_X48Y93         FDRE                                         r  core/m1_reg[mul]/C
                         clock pessimism              0.000    10.924    
                         clock uncertainty           -0.035    10.889    
    SLICE_X48Y93         FDRE (Setup_fdre_C_D)        0.031    10.920    core/m1_reg[mul]
  -------------------------------------------------------------------
                         required time                         10.920    
                         arrival time                          -9.695    
  -------------------------------------------------------------------
                         slack                                  1.225    

Slack (MET) :             1.273ns  (required time - arrival time)
  Source:                 core/fsel1_reg[1]/C
                            (rising edge-triggered cell FDRE clocked by clk  {rise@0.000ns fall@5.000ns period=10.000ns})
  Destination:            core/m1_reg[writes_rd]/D
                            (rising edge-triggered cell FDRE clocked by clk  {rise@0.000ns fall@5.000ns period=10.000ns})
  Path Group:             clk
  Path Type:              Setup (Max at Slow Process Corner)
  Requirement:            10.000ns  (clk rise@10.000ns - clk rise@0.000ns)
  Data Path Delay:        8.718ns  (logic 2.430ns (27.873%)  route 6.288ns (72.127%))
  Logic Levels:           8  (CARRY4=1 LUT2=1 LUT4=1 LUT5=1 LUT6=4)
  Clock Path Skew:        -0.049ns (DCD - SCD + CPR)
    Destination Clock Delay (DCD):    0.924ns = ( 10.924 - 10.000 ) 
    Source Clock Delay      (SCD):    0.973ns
    Clock Pessimism Removal (CPR):    0.000ns
  Clock Uncertainty:      0.035ns  ((TSJ^2 + TIJ^2)^1/2 + DJ) / 2 + PE
    Total System Jitter     (TSJ):    0.071ns
    Total Input Jitter      (TIJ):    0.000ns
    Discrete Jitter          (DJ):    0.000ns
    Phase Error              (PE):    0.000ns

    Location             Delay type                Incr(ns)  Path(ns)    Netlist Resource(s)
  -------------------------------------------------------------------    -------------------
                         (clock clk rise edge)        0.000     0.000 r  
                                                      0.000     0.000 r  clk (IN)
                         net (fo=1182, unset)         0.973     0.973    core/clk
    SLICE_X44Y96         FDRE                                         r  core/fsel1_reg[1]/C
  -------------------------------------------------------------------    -------------------
    SLICE_X44Y96         FDRE (Prop_fdre_C_Q)         0.419     1.392 r  core/fsel1_reg[1]/Q
                         net (fo=32, routed)          1.615     3.007    core/fetch/m1_reg[rs1v][31][1]
    SLICE_X53Y112        LUT4 (Prop_lut4_I1_O)        0.296     3.303 r  core/fetch/d_req_addr[24]_INST_0_i_12/O
                         net (fo=3, routed)           0.836     4.139    core/fetch/w_reg[result][24]
    SLICE_X54Y111        LUT5 (Prop_lut5_I4_O)        0.150     4.289 r  core/fetch/d_req_addr[24]_INST_0_i_4/O
                         net (fo=18, routed)          1.139     5.428    core/fetch/a1_out[24]
    SLICE_X49Y109        LUT6 (Prop_lut6_I3_O)        0.348     5.776 r  core/fetch/squash_i_47/O
                         net (fo=1, routed)           0.000     5.776    core/fetch/squash_i_47_n_0
    SLICE_X49Y109        CARRY4 (Prop_carry4_S[0]_CO[2])
                                                      0.536     6.312 f  core/fetch/squash_reg_i_12/CO[2]
                         net (fo=1, routed)           0.822     7.134    core/fetch/squash_reg_i_12_n_1
    SLICE_X46Y107        LUT6 (Prop_lut6_I3_O)        0.313     7.447 f  core/fetch/squash_i_4/O
                         net (fo=1, routed)           1.115     8.563    core/fetch/squash_i_4_n_0
    SLICE_X50Y94         LUT6 (Prop_lut6_I3_O)        0.124     8.687 f  core/fetch/squash_i_2/O
                         net (fo=2, routed)           0.457     9.143    core/e_taken
    SLICE_X48Y93         LUT6 (Prop_lut6_I0_O)        0.124     9.267 f  core/m1[trap]_i_1/O
                         net (fo=5, routed)           0.303     9.571    core/e_slot[trap]
    SLICE_X48Y93         LUT2 (Prop_lut2_I1_O)        0.120     9.691 r  core/m1[writes_rd]_i_1/O
                         net (fo=1, routed)           0.000     9.691    core/e_slot[writes_rd]
    SLICE_X48Y93         FDRE                                         r  core/m1_reg[writes_rd]/D
  -------------------------------------------------------------------    -------------------

                         (clock clk rise edge)       10.000    10.000 r  
                                                      0.000    10.000 r  clk (IN)
                         net (fo=1182, unset)         0.924    10.924    core/clk
    SLICE_X48Y93         FDRE                                         r  core/m1_reg[writes_rd]/C
                         clock pessimism              0.000    10.924    
                         clock uncertainty           -0.035    10.889    
    SLICE_X48Y93         FDRE (Setup_fdre_C_D)        0.075    10.964    core/m1_reg[writes_rd]
  -------------------------------------------------------------------
                         required time                         10.964    
                         arrival time                          -9.691    
  -------------------------------------------------------------------
                         slack                                  1.273    

Slack (MET) :             1.311ns  (required time - arrival time)
  Source:                 core/fsel2_reg[1]/C
                            (rising edge-triggered cell FDRE clocked by clk  {rise@0.000ns fall@5.000ns period=10.000ns})
  Destination:            core/m1_reg[result][0]/D
                            (rising edge-triggered cell FDRE clocked by clk  {rise@0.000ns fall@5.000ns period=10.000ns})
  Path Group:             clk
  Path Type:              Setup (Max at Slow Process Corner)
  Requirement:            10.000ns  (clk rise@10.000ns - clk rise@0.000ns)
  Data Path Delay:        8.634ns  (logic 1.823ns (21.114%)  route 6.811ns (78.886%))
  Logic Levels:           9  (CARRY4=2 LUT3=1 LUT4=1 LUT5=2 LUT6=3)
  Clock Path Skew:        -0.049ns (DCD - SCD + CPR)
    Destination Clock Delay (DCD):    0.924ns = ( 10.924 - 10.000 ) 
    Source Clock Delay      (SCD):    0.973ns
    Clock Pessimism Removal (CPR):    0.000ns
  Clock Uncertainty:      0.035ns  ((TSJ^2 + TIJ^2)^1/2 + DJ) / 2 + PE
    Total System Jitter     (TSJ):    0.071ns
    Total Input Jitter      (TIJ):    0.000ns
    Discrete Jitter          (DJ):    0.000ns
    Phase Error              (PE):    0.000ns

    Location             Delay type                Incr(ns)  Path(ns)    Netlist Resource(s)
  -------------------------------------------------------------------    -------------------
                         (clock clk rise edge)        0.000     0.000 r  
                                                      0.000     0.000 r  clk (IN)
                         net (fo=1182, unset)         0.973     0.973    core/clk
    SLICE_X44Y94         FDRE                                         r  core/fsel2_reg[1]/C
  -------------------------------------------------------------------    -------------------
    SLICE_X44Y94         FDRE (Prop_fdre_C_Q)         0.456     1.429 r  core/fsel2_reg[1]/Q
                         net (fo=32, routed)          1.483     2.912    core/fetch/m1_reg[rs2v][31]_2[1]
    SLICE_X47Y112        LUT4 (Prop_lut4_I1_O)        0.124     3.036 r  core/fetch/d_req_wdata[22]_INST_0_i_2/O
                         net (fo=1, routed)           0.573     3.609    core/fetch/d_req_wdata[22]_INST_0_i_2_n_0
    SLICE_X47Y112        LUT5 (Prop_lut5_I4_O)        0.124     3.733 r  core/fetch/d_req_wdata[22]_INST_0_i_1/O
                         net (fo=15, routed)          1.008     4.741    core/b[22]
    SLICE_X53Y108        LUT3 (Prop_lut3_I2_O)        0.124     4.865 r  core/m1[result][22]_i_5/O
                         net (fo=2, routed)           0.833     5.698    core/m1[result][22]_i_5_n_0
    SLICE_X54Y110        LUT6 (Prop_lut6_I0_O)        0.124     5.822 r  core/m1[result][0]_i_32/O
                         net (fo=2, routed)           0.774     6.596    core/m1[result][0]_i_32_n_0
    SLICE_X56Y107        CARRY4 (Prop_carry4_DI[3]_CO[3])
                                                      0.385     6.981 r  core/m1_reg[result][0]_i_25/CO[3]
                         net (fo=1, routed)           0.000     6.981    core/m1_reg[result][0]_i_25_n_0
    SLICE_X56Y108        CARRY4 (Prop_carry4_CI_CO[3])
                                                      0.114     7.095 r  core/m1_reg[result][0]_i_15/CO[3]
                         net (fo=1, routed)           0.902     7.997    core/m1_reg[result][0]_i_15_n_0
    SLICE_X56Y102        LUT5 (Prop_lut5_I2_O)        0.124     8.121 r  core/m1[result][0]_i_10/O
                         net (fo=1, routed)           0.444     8.564    core/m1[result][0]_i_10_n_0
    SLICE_X56Y100        LUT6 (Prop_lut6_I5_O)        0.124     8.688 r  core/m1[result][0]_i_3/O
                         net (fo=1, routed)           0.795     9.483    core/m1[result][0]_i_3_n_0
    SLICE_X51Y98         LUT6 (Prop_lut6_I1_O)        0.124     9.607 r  core/m1[result][0]_i_1/O
                         net (fo=1, routed)           0.000     9.607    core/e_slot[result][0]
    SLICE_X51Y98         FDRE                                         r  core/m1_reg[result][0]/D
  -------------------------------------------------------------------    -------------------

                         (clock clk rise edge)       10.000    10.000 r  
                                                      0.000    10.000 r  clk (IN)
                         net (fo=1182, unset)         0.924    10.924    core/clk
    SLICE_X51Y98         FDRE                                         r  core/m1_reg[result][0]/C
                         clock pessimism              0.000    10.924    
                         clock uncertainty           -0.035    10.889    
    SLICE_X51Y98         FDRE (Setup_fdre_C_D)        0.029    10.918    core/m1_reg[result][0]
  -------------------------------------------------------------------
                         required time                         10.918    
                         arrival time                          -9.607    
  -------------------------------------------------------------------
                         slack                                  1.311    

Slack (MET) :             1.463ns  (required time - arrival time)
  Source:                 core/w_reg[result][5]/C
                            (rising edge-triggered cell FDRE clocked by clk  {rise@0.000ns fall@5.000ns period=10.000ns})
  Destination:            core/m1_reg[result][29]/D
                            (rising edge-triggered cell FDRE clocked by clk  {rise@0.000ns fall@5.000ns period=10.000ns})
  Path Group:             clk
  Path Type:              Setup (Max at Slow Process Corner)
  Requirement:            10.000ns  (clk rise@10.000ns - clk rise@0.000ns)
  Data Path Delay:        8.484ns  (logic 3.437ns (40.512%)  route 5.047ns (59.488%))
  Logic Levels:           14  (CARRY4=7 LUT4=2 LUT5=1 LUT6=4)
  Clock Path Skew:        -0.049ns (DCD - SCD + CPR)
    Destination Clock Delay (DCD):    0.924ns = ( 10.924 - 10.000 ) 
    Source Clock Delay      (SCD):    0.973ns
    Clock Pessimism Removal (CPR):    0.000ns
  Clock Uncertainty:      0.035ns  ((TSJ^2 + TIJ^2)^1/2 + DJ) / 2 + PE
    Total System Jitter     (TSJ):    0.071ns
    Total Input Jitter      (TIJ):    0.000ns
    Discrete Jitter          (DJ):    0.000ns
    Phase Error              (PE):    0.000ns

    Location             Delay type                Incr(ns)  Path(ns)    Netlist Resource(s)
  -------------------------------------------------------------------    -------------------
                         (clock clk rise edge)        0.000     0.000 r  
                                                      0.000     0.000 r  clk (IN)
                         net (fo=1182, unset)         0.973     0.973    core/clk
    SLICE_X44Y109        FDRE                                         r  core/w_reg[result][5]/C
  -------------------------------------------------------------------    -------------------
    SLICE_X44Y109        FDRE (Prop_fdre_C_Q)         0.456     1.429 r  core/w_reg[result][5]/Q
                         net (fo=6, routed)           1.202     2.631    core/fetch/m1_reg[rs2v][31]_0[5]
    SLICE_X49Y99         LUT4 (Prop_lut4_I0_O)        0.124     2.755 r  core/fetch/d_req_addr[4]_INST_0_i_11/O
                         net (fo=3, routed)           0.808     3.563    core/fetch/w_reg[result][5]
    SLICE_X50Y99         LUT5 (Prop_lut5_I4_O)        0.150     3.713 r  core/fetch/d_req_addr[4]_INST_0_i_3/O
                         net (fo=15, routed)          0.903     4.616    core/a1_out[5]
    SLICE_X55Y103        LUT6 (Prop_lut6_I0_O)        0.348     4.964 r  core/m1[result][5]_i_8/O
                         net (fo=4, routed)           0.000     4.964    core/m1[result][4]_i_20_n_0
    SLICE_X55Y103        CARRY4 (Prop_carry4_S[1]_CO[3])
                                                      0.550     5.514 r  core/m1_reg[result][4]_i_12/CO[3]
                         net (fo=1, routed)           0.000     5.514    core/m1_reg[result][4]_i_12_n_0
    SLICE_X55Y104        CARRY4 (Prop_carry4_CI_CO[3])
                                                      0.114     5.628 r  core/m1_reg[result][8]_i_13/CO[3]
                         net (fo=1, routed)           0.000     5.628    core/m1_reg[result][8]_i_13_n_0
    SLICE_X55Y105        CARRY4 (Prop_carry4_CI_CO[3])
                                                      0.114     5.742 r  core/m1_reg[result][15]_i_17/CO[3]
                         net (fo=1, routed)           0.000     5.742    core/m1_reg[result][15]_i_17_n_0
    SLICE_X55Y106        CARRY4 (Prop_carry4_CI_CO[3])
                                                      0.114     5.856 r  core/m1_reg[result][19]_i_19/CO[3]
                         net (fo=1, routed)           0.000     5.856    core/m1_reg[result][19]_i_19_n_0
    SLICE_X55Y107        CARRY4 (Prop_carry4_CI_CO[3])
                                                      0.114     5.970 r  core/m1_reg[result][23]_i_17/CO[3]
                         net (fo=1, routed)           0.000     5.970    core/m1_reg[result][23]_i_17_n_0
    SLICE_X55Y108        CARRY4 (Prop_carry4_CI_CO[3])
                                                      0.114     6.084 r  core/m1_reg[result][31]_i_29/CO[3]
                         net (fo=1, routed)           0.000     6.084    core/m1_reg[result][31]_i_29_n_0
    SLICE_X55Y109        CARRY4 (Prop_carry4_CI_O[1])
                                                      0.334     6.418 r  core/m1_reg[result][31]_i_25/O[1]
                         net (fo=1, routed)           0.982     7.400    core/m1_reg[result][31]_i_25_n_6
    SLICE_X58Y113        LUT4 (Prop_lut4_I0_O)        0.329     7.729 r  core/m1[result][29]_i_17/O
                         net (fo=1, routed)           0.425     8.154    core/m1[result][29]_i_17_n_0
    SLICE_X60Y113        LUT6 (Prop_lut6_I4_O)        0.328     8.482 r  core/m1[result][29]_i_8/O
                         net (fo=1, routed)           0.280     8.762    core/m1[result][29]_i_8_n_0
    SLICE_X60Y113        LUT6 (Prop_lut6_I2_O)        0.124     8.886 r  core/m1[result][29]_i_3/O
                         net (fo=1, routed)           0.447     9.333    core/m1[result][29]_i_3_n_0
    SLICE_X57Y112        LUT6 (Prop_lut6_I3_O)        0.124     9.457 r  core/m1[result][29]_i_1/O
                         net (fo=1, routed)           0.000     9.457    core/e_slot[result][29]
    SLICE_X57Y112        FDRE                                         r  core/m1_reg[result][29]/D
  -------------------------------------------------------------------    -------------------

                         (clock clk rise edge)       10.000    10.000 r  
                                                      0.000    10.000 r  clk (IN)
                         net (fo=1182, unset)         0.924    10.924    core/clk
    SLICE_X57Y112        FDRE                                         r  core/m1_reg[result][29]/C
                         clock pessimism              0.000    10.924    
                         clock uncertainty           -0.035    10.889    
    SLICE_X57Y112        FDRE (Setup_fdre_C_D)        0.031    10.920    core/m1_reg[result][29]
  -------------------------------------------------------------------
                         required time                         10.920    
                         arrival time                          -9.457    
  -------------------------------------------------------------------
                         slack                                  1.463    

Slack (MET) :             1.554ns  (required time - arrival time)
  Source:                 core/w_reg[result][5]/C
                            (rising edge-triggered cell FDRE clocked by clk  {rise@0.000ns fall@5.000ns period=10.000ns})
  Destination:            core/m1_reg[result][27]/D
                            (rising edge-triggered cell FDRE clocked by clk  {rise@0.000ns fall@5.000ns period=10.000ns})
  Path Group:             clk
  Path Type:              Setup (Max at Slow Process Corner)
  Requirement:            10.000ns  (clk rise@10.000ns - clk rise@0.000ns)
  Data Path Delay:        8.443ns  (logic 3.075ns (36.421%)  route 5.368ns (63.579%))
  Logic Levels:           13  (CARRY4=6 LUT4=2 LUT5=1 LUT6=4)
  Clock Path Skew:        -0.049ns (DCD - SCD + CPR)
    Destination Clock Delay (DCD):    0.924ns = ( 10.924 - 10.000 ) 
    Source Clock Delay      (SCD):    0.973ns
    Clock Pessimism Removal (CPR):    0.000ns
  Clock Uncertainty:      0.035ns  ((TSJ^2 + TIJ^2)^1/2 + DJ) / 2 + PE
    Total System Jitter     (TSJ):    0.071ns
    Total Input Jitter      (TIJ):    0.000ns
    Discrete Jitter          (DJ):    0.000ns
    Phase Error              (PE):    0.000ns

    Location             Delay type                Incr(ns)  Path(ns)    Netlist Resource(s)
  -------------------------------------------------------------------    -------------------
                         (clock clk rise edge)        0.000     0.000 r  
                                                      0.000     0.000 r  clk (IN)
                         net (fo=1182, unset)         0.973     0.973    core/clk
    SLICE_X44Y109        FDRE                                         r  core/w_reg[result][5]/C
  -------------------------------------------------------------------    -------------------
    SLICE_X44Y109        FDRE (Prop_fdre_C_Q)         0.456     1.429 r  core/w_reg[result][5]/Q
                         net (fo=6, routed)           1.202     2.631    core/fetch/m1_reg[rs2v][31]_0[5]
    SLICE_X49Y99         LUT4 (Prop_lut4_I0_O)        0.124     2.755 r  core/fetch/d_req_addr[4]_INST_0_i_11/O
                         net (fo=3, routed)           0.808     3.563    core/fetch/w_reg[result][5]
    SLICE_X50Y99         LUT5 (Prop_lut5_I4_O)        0.150     3.713 r  core/fetch/d_req_addr[4]_INST_0_i_3/O
                         net (fo=15, routed)          0.903     4.616    core/a1_out[5]
    SLICE_X55Y103        LUT6 (Prop_lut6_I0_O)        0.348     4.964 r  core/m1[result][5]_i_8/O
                         net (fo=4, routed)           0.000     4.964    core/m1[result][4]_i_20_n_0
    SLICE_X55Y103        CARRY4 (Prop_carry4_S[1]_CO[3])
                                                      0.550     5.514 r  core/m1_reg[result][4]_i_12/CO[3]
                         net (fo=1, routed)           0.000     5.514    core/m1_reg[result][4]_i_12_n_0
    SLICE_X55Y104        CARRY4 (Prop_carry4_CI_CO[3])
                                                      0.114     5.628 r  core/m1_reg[result][8]_i_13/CO[3]
                         net (fo=1, routed)           0.000     5.628    core/m1_reg[result][8]_i_13_n_0
    SLICE_X55Y105        CARRY4 (Prop_carry4_CI_CO[3])
                                                      0.114     5.742 r  core/m1_reg[result][15]_i_17/CO[3]
                         net (fo=1, routed)           0.000     5.742    core/m1_reg[result][15]_i_17_n_0
    SLICE_X55Y106        CARRY4 (Prop_carry4_CI_CO[3])
                                                      0.114     5.856 r  core/m1_reg[result][19]_i_19/CO[3]
                         net (fo=1, routed)           0.000     5.856    core/m1_reg[result][19]_i_19_n_0
    SLICE_X55Y107        CARRY4 (Prop_carry4_CI_CO[3])
                                                      0.114     5.970 r  core/m1_reg[result][23]_i_17/CO[3]
                         net (fo=1, routed)           0.000     5.970    core/m1_reg[result][23]_i_17_n_0
    SLICE_X55Y108        CARRY4 (Prop_carry4_CI_O[3])
                                                      0.313     6.283 r  core/m1_reg[result][31]_i_29/O[3]
                         net (fo=1, routed)           0.926     7.208    core/m1_reg[result][31]_i_29_n_4
    SLICE_X58Y109        LUT4 (Prop_lut4_I0_O)        0.306     7.514 r  core/m1[result][27]_i_13/O
                         net (fo=1, routed)           0.571     8.085    core/m1[result][27]_i_13_n_0
    SLICE_X58Y112        LUT6 (Prop_lut6_I4_O)        0.124     8.209 r  core/m1[result][27]_i_7/O
                         net (fo=1, routed)           0.452     8.661    core/m1[result][27]_i_7_n_0
    SLICE_X58Y112        LUT6 (Prop_lut6_I2_O)        0.124     8.785 r  core/m1[result][27]_i_3/O
                         net (fo=1, routed)           0.507     9.292    core/m1[result][27]_i_3_n_0
    SLICE_X54Y112        LUT6 (Prop_lut6_I3_O)        0.124     9.416 r  core/m1[result][27]_i_1/O
                         net (fo=1, routed)           0.000     9.416    core/e_slot[result][27]
    SLICE_X54Y112        FDRE                                         r  core/m1_reg[result][27]/D
  -------------------------------------------------------------------    -------------------

                         (clock clk rise edge)       10.000    10.000 r  
                                                      0.000    10.000 r  clk (IN)
                         net (fo=1182, unset)         0.924    10.924    core/clk
    SLICE_X54Y112        FDRE                                         r  core/m1_reg[result][27]/C
                         clock pessimism              0.000    10.924    
                         clock uncertainty           -0.035    10.889    
    SLICE_X54Y112        FDRE (Setup_fdre_C_D)        0.081    10.970    core/m1_reg[result][27]
  -------------------------------------------------------------------
                         required time                         10.970    
                         arrival time                          -9.416    
  -------------------------------------------------------------------
                         slack                                  1.554    

Slack (MET) :             1.596ns  (required time - arrival time)
  Source:                 core/fsel1_reg[1]/C
                            (rising edge-triggered cell FDRE clocked by clk  {rise@0.000ns fall@5.000ns period=10.000ns})
  Destination:            core/m1_reg[result][2]/D
                            (rising edge-triggered cell FDRE clocked by clk  {rise@0.000ns fall@5.000ns period=10.000ns})
  Path Group:             clk
  Path Type:              Setup (Max at Slow Process Corner)
  Requirement:            10.000ns  (clk rise@10.000ns - clk rise@0.000ns)
  Data Path Delay:        8.349ns  (logic 1.709ns (20.469%)  route 6.640ns (79.531%))
  Logic Levels:           7  (LUT4=1 LUT5=1 LUT6=5)
  Clock Path Skew:        -0.049ns (DCD - SCD + CPR)
    Destination Clock Delay (DCD):    0.924ns = ( 10.924 - 10.000 ) 
    Source Clock Delay      (SCD):    0.973ns
    Clock Pessimism Removal (CPR):    0.000ns
  Clock Uncertainty:      0.035ns  ((TSJ^2 + TIJ^2)^1/2 + DJ) / 2 + PE
    Total System Jitter     (TSJ):    0.071ns
    Total Input Jitter      (TIJ):    0.000ns
    Discrete Jitter          (DJ):    0.000ns
    Phase Error              (PE):    0.000ns

    Location             Delay type                Incr(ns)  Path(ns)    Netlist Resource(s)
  -------------------------------------------------------------------    -------------------
                         (clock clk rise edge)        0.000     0.000 r  
                                                      0.000     0.000 r  clk (IN)
                         net (fo=1182, unset)         0.973     0.973    core/clk
    SLICE_X44Y96         FDRE                                         r  core/fsel1_reg[1]/C
  -------------------------------------------------------------------    -------------------
    SLICE_X44Y96         FDRE (Prop_fdre_C_Q)         0.419     1.392 r  core/fsel1_reg[1]/Q
                         net (fo=32, routed)          1.615     3.007    core/fetch/m1_reg[rs1v][31][1]
    SLICE_X53Y112        LUT4 (Prop_lut4_I1_O)        0.296     3.303 r  core/fetch/d_req_addr[24]_INST_0_i_12/O
                         net (fo=3, routed)           0.836     4.139    core/fetch/w_reg[result][24]
    SLICE_X54Y111        LUT5 (Prop_lut5_I4_O)        0.150     4.289 r  core/fetch/d_req_addr[24]_INST_0_i_4/O
                         net (fo=18, routed)          1.266     5.555    core/a1_out[24]
    SLICE_X59Y107        LUT6 (Prop_lut6_I1_O)        0.348     5.903 r  core/m1[result][2]_i_28/O
                         net (fo=2, routed)           0.591     6.494    core/m1[result][2]_i_28_n_0
    SLICE_X60Y107        LUT6 (Prop_lut6_I2_O)        0.124     6.618 r  core/m1[result][2]_i_16/O
                         net (fo=2, routed)           0.818     7.437    core/m1[result][2]_i_16_n_0
    SLICE_X59Y107        LUT6 (Prop_lut6_I0_O)        0.124     7.561 r  core/m1[result][2]_i_7/O
                         net (fo=1, routed)           0.639     8.200    core/m1[result][2]_i_7_n_0
    SLICE_X59Y106        LUT6 (Prop_lut6_I3_O)        0.124     8.324 r  core/m1[result][2]_i_3/O
                         net (fo=1, routed)           0.874     9.198    core/m1[result][2]_i_3_n_0
    SLICE_X53Y99         LUT6 (Prop_lut6_I3_O)        0.124     9.322 r  core/m1[result][2]_i_1/O
                         net (fo=1, routed)           0.000     9.322    core/e_slot[result][2]
    SLICE_X53Y99         FDRE                                         r  core/m1_reg[result][2]/D
  -------------------------------------------------------------------    -------------------

                         (clock clk rise edge)       10.000    10.000 r  
                                                      0.000    10.000 r  clk (IN)
                         net (fo=1182, unset)         0.924    10.924    core/clk
    SLICE_X53Y99         FDRE                                         r  core/m1_reg[result][2]/C
                         clock pessimism              0.000    10.924    
                         clock uncertainty           -0.035    10.889    
    SLICE_X53Y99         FDRE (Setup_fdre_C_D)        0.029    10.918    core/m1_reg[result][2]
  -------------------------------------------------------------------
                         required time                         10.918    
                         arrival time                          -9.322    
  -------------------------------------------------------------------
                         slack                                  1.596    





Min Delay Paths
--------------------------------------------------------------------------------------
Slack (MET) :             0.041ns  (arrival time - required time)
  Source:                 core/w_reg[result][18]/C
                            (rising edge-triggered cell FDRE clocked by clk  {rise@0.000ns fall@5.000ns period=10.000ns})
  Destination:            core/rf_reg_r1_0_31_18_23/RAMA/I
                            (rising edge-triggered cell RAMD32 clocked by clk  {rise@0.000ns fall@5.000ns period=10.000ns})
  Path Group:             clk
  Path Type:              Hold (Min at Fast Process Corner)
  Requirement:            0.000ns  (clk rise@0.000ns - clk rise@0.000ns)
  Data Path Delay:        0.209ns  (logic 0.141ns (67.433%)  route 0.068ns (32.567%))
  Logic Levels:           0  
  Clock Path Skew:        0.022ns (DCD - SCD - CPR)
    Destination Clock Delay (DCD):    0.432ns
    Source Clock Delay      (SCD):    0.410ns
    Clock Pessimism Removal (CPR):    -0.000ns

    Location             Delay type                Incr(ns)  Path(ns)    Netlist Resource(s)
  -------------------------------------------------------------------    -------------------
                         (clock clk rise edge)        0.000     0.000 r  
                                                      0.000     0.000 r  clk (IN)
                         net (fo=1182, unset)         0.410     0.410    core/clk
    SLICE_X43Y110        FDRE                                         r  core/w_reg[result][18]/C
  -------------------------------------------------------------------    -------------------
    SLICE_X43Y110        FDRE (Prop_fdre_C_Q)         0.141     0.551 r  core/w_reg[result][18]/Q
                         net (fo=6, routed)           0.068     0.619    core/rf_reg_r1_0_31_18_23/DIA0
    SLICE_X42Y110        RAMD32                                       r  core/rf_reg_r1_0_31_18_23/RAMA/I
  -------------------------------------------------------------------    -------------------

                         (clock clk rise edge)        0.000     0.000 r  
                                                      0.000     0.000 r  clk (IN)
                         net (fo=1182, unset)         0.432     0.432    core/rf_reg_r1_0_31_18_23/WCLK
    SLICE_X42Y110        RAMD32                                       r  core/rf_reg_r1_0_31_18_23/RAMA/CLK
                         clock pessimism              0.000     0.432    
    SLICE_X42Y110        RAMD32 (Hold_ramd32_CLK_I)
                                                      0.147     0.579    core/rf_reg_r1_0_31_18_23/RAMA
  -------------------------------------------------------------------
                         required time                         -0.579    
                         arrival time                           0.619    
  -------------------------------------------------------------------
                         slack                                  0.041    

Slack (MET) :             0.116ns  (arrival time - required time)
  Source:                 core/fetch/rsp_pc_reg[18]/C
                            (rising edge-triggered cell FDRE clocked by clk  {rise@0.000ns fall@5.000ns period=10.000ns})
  Destination:            core/fetch/buf_pc_reg_0_3_12_17/RAMC/I
                            (rising edge-triggered cell RAMD32 clocked by clk  {rise@0.000ns fall@5.000ns period=10.000ns})
  Path Group:             clk
  Path Type:              Hold (Min at Fast Process Corner)
  Requirement:            0.000ns  (clk rise@0.000ns - clk rise@0.000ns)
  Data Path Delay:        0.282ns  (logic 0.141ns (50.019%)  route 0.141ns (49.981%))
  Logic Levels:           0  
  Clock Path Skew:        0.022ns (DCD - SCD - CPR)
    Destination Clock Delay (DCD):    0.432ns
    Source Clock Delay      (SCD):    0.410ns
    Clock Pessimism Removal (CPR):    -0.000ns

    Location             Delay type                Incr(ns)  Path(ns)    Netlist Resource(s)
  -------------------------------------------------------------------    -------------------
                         (clock clk rise edge)        0.000     0.000 r  
                                                      0.000     0.000 r  clk (IN)
                         net (fo=1182, unset)         0.410     0.410    core/fetch/clk
    SLICE_X59Y100        FDRE                                         r  core/fetch/rsp_pc_reg[18]/C
  -------------------------------------------------------------------    -------------------
    SLICE_X59Y100        FDRE (Prop_fdre_C_Q)         0.141     0.551 r  core/fetch/rsp_pc_reg[18]/Q
                         net (fo=4, routed)           0.141     0.692    core/fetch/buf_pc_reg_0_3_12_17/DIC0
    SLICE_X58Y99         RAMD32                                       r  core/fetch/buf_pc_reg_0_3_12_17/RAMC/I
  -------------------------------------------------------------------    -------------------

                         (clock clk rise edge)        0.000     0.000 r  
                                                      0.000     0.000 r  clk (IN)
                         net (fo=1182, unset)         0.432     0.432    core/fetch/buf_pc_reg_0_3_12_17/WCLK
    SLICE_X58Y99         RAMD32                                       r  core/fetch/buf_pc_reg_0_3_12_17/RAMC/CLK
                         clock pessimism              0.000     0.432    
    SLICE_X58Y99         RAMD32 (Hold_ramd32_CLK_I)
                                                      0.144     0.576    core/fetch/buf_pc_reg_0_3_12_17/RAMC
  -------------------------------------------------------------------
                         required time                         -0.576    
                         arrival time                           0.692    
  -------------------------------------------------------------------
                         slack                                  0.116    

Slack (MET) :             0.118ns  (arrival time - required time)
  Source:                 core/w_reg[rd][0]/C
                            (rising edge-triggered cell FDRE clocked by clk  {rise@0.000ns fall@5.000ns period=10.000ns})
  Destination:            core/rf_reg_r1_0_31_0_5/RAMA/WADR0
                            (rising edge-triggered cell RAMD32 clocked by clk  {rise@0.000ns fall@5.000ns period=10.000ns})
  Path Group:             clk
  Path Type:              Hold (Min at Fast Process Corner)
  Requirement:            0.000ns  (clk rise@0.000ns - clk rise@0.000ns)
  Data Path Delay:        0.450ns  (logic 0.141ns (31.328%)  route 0.309ns (68.672%))
  Logic Levels:           0  
  Clock Path Skew:        0.022ns (DCD - SCD - CPR)
    Destination Clock Delay (DCD):    0.432ns
    Source Clock Delay      (SCD):    0.410ns
    Clock Pessimism Removal (CPR):    -0.000ns

    Location             Delay type                Incr(ns)  Path(ns)    Netlist Resource(s)
  -------------------------------------------------------------------    -------------------
                         (clock clk rise edge)        0.000     0.000 r  
                                                      0.000     0.000 r  clk (IN)
                         net (fo=1182, unset)         0.410     0.410    core/clk
    SLICE_X44Y95         FDRE                                         r  core/w_reg[rd][0]/C
  -------------------------------------------------------------------    -------------------
    SLICE_X44Y95         FDRE (Prop_fdre_C_Q)         0.141     0.551 r  core/w_reg[rd][0]/Q
                         net (fo=92, routed)          0.309     0.860    core/rf_reg_r1_0_31_0_5/ADDRD0
    SLICE_X46Y97         RAMD32                                       r  core/rf_reg_r1_0_31_0_5/RAMA/WADR0
  -------------------------------------------------------------------    -------------------

                         (clock clk rise edge)        0.000     0.000 r  
                                                      0.000     0.000 r  clk (IN)
                         net (fo=1182, unset)         0.432     0.432    core/rf_reg_r1_0_31_0_5/WCLK
    SLICE_X46Y97         RAMD32                                       r  core/rf_reg_r1_0_31_0_5/RAMA/CLK
                         clock pessimism              0.000     0.432    
    SLICE_X46Y97         RAMD32 (Hold_ramd32_CLK_WADR0)
                                                      0.310     0.742    core/rf_reg_r1_0_31_0_5/RAMA
  -------------------------------------------------------------------
                         required time                         -0.742    
                         arrival time                           0.860    
  -------------------------------------------------------------------
                         slack                                  0.118    

Slack (MET) :             0.118ns  (arrival time - required time)
  Source:                 core/w_reg[rd][0]/C
                            (rising edge-triggered cell FDRE clocked by clk  {rise@0.000ns fall@5.000ns period=10.000ns})
  Destination:            core/rf_reg_r1_0_31_0_5/RAMA_D1/WADR0
                            (rising edge-triggered cell RAMD32 clocked by clk  {rise@0.000ns fall@5.000ns period=10.000ns})
  Path Group:             clk
  Path Type:              Hold (Min at Fast Process Corner)
  Requirement:            0.000ns  (clk rise@0.000ns - clk rise@0.000ns)
  Data Path Delay:        0.450ns  (logic 0.141ns (31.328%)  route 0.309ns (68.672%))
  Logic Levels:           0  
  Clock Path Skew:        0.022ns (DCD - SCD - CPR)
    Destination Clock Delay (DCD):    0.432ns
    Source Clock Delay      (SCD):    0.410ns
    Clock Pessimism Removal (CPR):    -0.000ns

    Location             Delay type                Incr(ns)  Path(ns)    Netlist Resource(s)
  -------------------------------------------------------------------    -------------------
                         (clock clk rise edge)        0.000     0.000 r  
                                                      0.000     0.000 r  clk (IN)
                         net (fo=1182, unset)         0.410     0.410    core/clk
    SLICE_X44Y95         FDRE                                         r  core/w_reg[rd][0]/C
  -------------------------------------------------------------------    -------------------
    SLICE_X44Y95         FDRE (Prop_fdre_C_Q)         0.141     0.551 r  core/w_reg[rd][0]/Q
                         net (fo=92, routed)          0.309     0.860    core/rf_reg_r1_0_31_0_5/ADDRD0
    SLICE_X46Y97         RAMD32                                       r  core/rf_reg_r1_0_31_0_5/RAMA_D1/WADR0
  -------------------------------------------------------------------    -------------------

                         (clock clk rise edge)        0.000     0.000 r  
                                                      0.000     0.000 r  clk (IN)
                         net (fo=1182, unset)         0.432     0.432    core/rf_reg_r1_0_31_0_5/WCLK
    SLICE_X46Y97         RAMD32                                       r  core/rf_reg_r1_0_31_0_5/RAMA_D1/CLK
                         clock pessimism              0.000     0.432    
    SLICE_X46Y97         RAMD32 (Hold_ramd32_CLK_WADR0)
                                                      0.310     0.742    core/rf_reg_r1_0_31_0_5/RAMA_D1
  -------------------------------------------------------------------
                         required time                         -0.742    
                         arrival time                           0.860    
  -------------------------------------------------------------------
                         slack                                  0.118    

Slack (MET) :             0.118ns  (arrival time - required time)
  Source:                 core/w_reg[rd][0]/C
                            (rising edge-triggered cell FDRE clocked by clk  {rise@0.000ns fall@5.000ns period=10.000ns})
  Destination:            core/rf_reg_r1_0_31_0_5/RAMB/WADR0
                            (rising edge-triggered cell RAMD32 clocked by clk  {rise@0.000ns fall@5.000ns period=10.000ns})
  Path Group:             clk
  Path Type:              Hold (Min at Fast Process Corner)
  Requirement:            0.000ns  (clk rise@0.000ns - clk rise@0.000ns)
  Data Path Delay:        0.450ns  (logic 0.141ns (31.328%)  route 0.309ns (68.672%))
  Logic Levels:           0  
  Clock Path Skew:        0.022ns (DCD - SCD - CPR)
    Destination Clock Delay (DCD):    0.432ns
    Source Clock Delay      (SCD):    0.410ns
    Clock Pessimism Removal (CPR):    -0.000ns

    Location             Delay type                Incr(ns)  Path(ns)    Netlist Resource(s)
  -------------------------------------------------------------------    -------------------
                         (clock clk rise edge)        0.000     0.000 r  
                                                      0.000     0.000 r  clk (IN)
                         net (fo=1182, unset)         0.410     0.410    core/clk
    SLICE_X44Y95         FDRE                                         r  core/w_reg[rd][0]/C
  -------------------------------------------------------------------    -------------------
    SLICE_X44Y95         FDRE (Prop_fdre_C_Q)         0.141     0.551 r  core/w_reg[rd][0]/Q
                         net (fo=92, routed)          0.309     0.860    core/rf_reg_r1_0_31_0_5/ADDRD0
    SLICE_X46Y97         RAMD32                                       r  core/rf_reg_r1_0_31_0_5/RAMB/WADR0
  -------------------------------------------------------------------    -------------------

                         (clock clk rise edge)        0.000     0.000 r  
                                                      0.000     0.000 r  clk (IN)
                         net (fo=1182, unset)         0.432     0.432    core/rf_reg_r1_0_31_0_5/WCLK
    SLICE_X46Y97         RAMD32                                       r  core/rf_reg_r1_0_31_0_5/RAMB/CLK
                         clock pessimism              0.000     0.432    
    SLICE_X46Y97         RAMD32 (Hold_ramd32_CLK_WADR0)
                                                      0.310     0.742    core/rf_reg_r1_0_31_0_5/RAMB
  -------------------------------------------------------------------
                         required time                         -0.742    
                         arrival time                           0.860    
  -------------------------------------------------------------------
                         slack                                  0.118    

Slack (MET) :             0.118ns  (arrival time - required time)
  Source:                 core/w_reg[rd][0]/C
                            (rising edge-triggered cell FDRE clocked by clk  {rise@0.000ns fall@5.000ns period=10.000ns})
  Destination:            core/rf_reg_r1_0_31_0_5/RAMB_D1/WADR0
                            (rising edge-triggered cell RAMD32 clocked by clk  {rise@0.000ns fall@5.000ns period=10.000ns})
  Path Group:             clk
  Path Type:              Hold (Min at Fast Process Corner)
  Requirement:            0.000ns  (clk rise@0.000ns - clk rise@0.000ns)
  Data Path Delay:        0.450ns  (logic 0.141ns (31.328%)  route 0.309ns (68.672%))
  Logic Levels:           0  
  Clock Path Skew:        0.022ns (DCD - SCD - CPR)
    Destination Clock Delay (DCD):    0.432ns
    Source Clock Delay      (SCD):    0.410ns
    Clock Pessimism Removal (CPR):    -0.000ns

    Location             Delay type                Incr(ns)  Path(ns)    Netlist Resource(s)
  -------------------------------------------------------------------    -------------------
                         (clock clk rise edge)        0.000     0.000 r  
                                                      0.000     0.000 r  clk (IN)
                         net (fo=1182, unset)         0.410     0.410    core/clk
    SLICE_X44Y95         FDRE                                         r  core/w_reg[rd][0]/C
  -------------------------------------------------------------------    -------------------
    SLICE_X44Y95         FDRE (Prop_fdre_C_Q)         0.141     0.551 r  core/w_reg[rd][0]/Q
                         net (fo=92, routed)          0.309     0.860    core/rf_reg_r1_0_31_0_5/ADDRD0
    SLICE_X46Y97         RAMD32                                       r  core/rf_reg_r1_0_31_0_5/RAMB_D1/WADR0
  -------------------------------------------------------------------    -------------------

                         (clock clk rise edge)        0.000     0.000 r  
                                                      0.000     0.000 r  clk (IN)
                         net (fo=1182, unset)         0.432     0.432    core/rf_reg_r1_0_31_0_5/WCLK
    SLICE_X46Y97         RAMD32                                       r  core/rf_reg_r1_0_31_0_5/RAMB_D1/CLK
                         clock pessimism              0.000     0.432    
    SLICE_X46Y97         RAMD32 (Hold_ramd32_CLK_WADR0)
                                                      0.310     0.742    core/rf_reg_r1_0_31_0_5/RAMB_D1
  -------------------------------------------------------------------
                         required time                         -0.742    
                         arrival time                           0.860    
  -------------------------------------------------------------------
                         slack                                  0.118    

Slack (MET) :             0.118ns  (arrival time - required time)
  Source:                 core/w_reg[rd][0]/C
                            (rising edge-triggered cell FDRE clocked by clk  {rise@0.000ns fall@5.000ns period=10.000ns})
  Destination:            core/rf_reg_r1_0_31_0_5/RAMC/WADR0
                            (rising edge-triggered cell RAMD32 clocked by clk  {rise@0.000ns fall@5.000ns period=10.000ns})
  Path Group:             clk
  Path Type:              Hold (Min at Fast Process Corner)
  Requirement:            0.000ns  (clk rise@0.000ns - clk rise@0.000ns)
  Data Path Delay:        0.450ns  (logic 0.141ns (31.328%)  route 0.309ns (68.672%))
  Logic Levels:           0  
  Clock Path Skew:        0.022ns (DCD - SCD - CPR)
    Destination Clock Delay (DCD):    0.432ns
    Source Clock Delay      (SCD):    0.410ns
    Clock Pessimism Removal (CPR):    -0.000ns

    Location             Delay type                Incr(ns)  Path(ns)    Netlist Resource(s)
  -------------------------------------------------------------------    -------------------
                         (clock clk rise edge)        0.000     0.000 r  
                                                      0.000     0.000 r  clk (IN)
                         net (fo=1182, unset)         0.410     0.410    core/clk
    SLICE_X44Y95         FDRE                                         r  core/w_reg[rd][0]/C
  -------------------------------------------------------------------    -------------------
    SLICE_X44Y95         FDRE (Prop_fdre_C_Q)         0.141     0.551 r  core/w_reg[rd][0]/Q
                         net (fo=92, routed)          0.309     0.860    core/rf_reg_r1_0_31_0_5/ADDRD0
    SLICE_X46Y97         RAMD32                                       r  core/rf_reg_r1_0_31_0_5/RAMC/WADR0
  -------------------------------------------------------------------    -------------------

                         (clock clk rise edge)        0.000     0.000 r  
                                                      0.000     0.000 r  clk (IN)
                         net (fo=1182, unset)         0.432     0.432    core/rf_reg_r1_0_31_0_5/WCLK
    SLICE_X46Y97         RAMD32                                       r  core/rf_reg_r1_0_31_0_5/RAMC/CLK
                         clock pessimism              0.000     0.432    
    SLICE_X46Y97         RAMD32 (Hold_ramd32_CLK_WADR0)
                                                      0.310     0.742    core/rf_reg_r1_0_31_0_5/RAMC
  -------------------------------------------------------------------
                         required time                         -0.742    
                         arrival time                           0.860    
  -------------------------------------------------------------------
                         slack                                  0.118    

Slack (MET) :             0.118ns  (arrival time - required time)
  Source:                 core/w_reg[rd][0]/C
                            (rising edge-triggered cell FDRE clocked by clk  {rise@0.000ns fall@5.000ns period=10.000ns})
  Destination:            core/rf_reg_r1_0_31_0_5/RAMC_D1/WADR0
                            (rising edge-triggered cell RAMD32 clocked by clk  {rise@0.000ns fall@5.000ns period=10.000ns})
  Path Group:             clk
  Path Type:              Hold (Min at Fast Process Corner)
  Requirement:            0.000ns  (clk rise@0.000ns - clk rise@0.000ns)
  Data Path Delay:        0.450ns  (logic 0.141ns (31.328%)  route 0.309ns (68.672%))
  Logic Levels:           0  
  Clock Path Skew:        0.022ns (DCD - SCD - CPR)
    Destination Clock Delay (DCD):    0.432ns
    Source Clock Delay      (SCD):    0.410ns
    Clock Pessimism Removal (CPR):    -0.000ns

    Location             Delay type                Incr(ns)  Path(ns)    Netlist Resource(s)
  -------------------------------------------------------------------    -------------------
                         (clock clk rise edge)        0.000     0.000 r  
                                                      0.000     0.000 r  clk (IN)
                         net (fo=1182, unset)         0.410     0.410    core/clk
    SLICE_X44Y95         FDRE                                         r  core/w_reg[rd][0]/C
  -------------------------------------------------------------------    -------------------
    SLICE_X44Y95         FDRE (Prop_fdre_C_Q)         0.141     0.551 r  core/w_reg[rd][0]/Q
                         net (fo=92, routed)          0.309     0.860    core/rf_reg_r1_0_31_0_5/ADDRD0
    SLICE_X46Y97         RAMD32                                       r  core/rf_reg_r1_0_31_0_5/RAMC_D1/WADR0
  -------------------------------------------------------------------    -------------------

                         (clock clk rise edge)        0.000     0.000 r  
                                                      0.000     0.000 r  clk (IN)
                         net (fo=1182, unset)         0.432     0.432    core/rf_reg_r1_0_31_0_5/WCLK
    SLICE_X46Y97         RAMD32                                       r  core/rf_reg_r1_0_31_0_5/RAMC_D1/CLK
                         clock pessimism              0.000     0.432    
    SLICE_X46Y97         RAMD32 (Hold_ramd32_CLK_WADR0)
                                                      0.310     0.742    core/rf_reg_r1_0_31_0_5/RAMC_D1
  -------------------------------------------------------------------
                         required time                         -0.742    
                         arrival time                           0.860    
  -------------------------------------------------------------------
                         slack                                  0.118    

Slack (MET) :             0.118ns  (arrival time - required time)
  Source:                 core/w_reg[rd][0]/C
                            (rising edge-triggered cell FDRE clocked by clk  {rise@0.000ns fall@5.000ns period=10.000ns})
  Destination:            core/rf_reg_r1_0_31_0_5/RAMD/ADR0
                            (rising edge-triggered cell RAMS32 clocked by clk  {rise@0.000ns fall@5.000ns period=10.000ns})
  Path Group:             clk
  Path Type:              Hold (Min at Fast Process Corner)
  Requirement:            0.000ns  (clk rise@0.000ns - clk rise@0.000ns)
  Data Path Delay:        0.450ns  (logic 0.141ns (31.328%)  route 0.309ns (68.672%))
  Logic Levels:           0  
  Clock Path Skew:        0.022ns (DCD - SCD - CPR)
    Destination Clock Delay (DCD):    0.432ns
    Source Clock Delay      (SCD):    0.410ns
    Clock Pessimism Removal (CPR):    -0.000ns

    Location             Delay type                Incr(ns)  Path(ns)    Netlist Resource(s)
  -------------------------------------------------------------------    -------------------
                         (clock clk rise edge)        0.000     0.000 r  
                                                      0.000     0.000 r  clk (IN)
                         net (fo=1182, unset)         0.410     0.410    core/clk
    SLICE_X44Y95         FDRE                                         r  core/w_reg[rd][0]/C
  -------------------------------------------------------------------    -------------------
    SLICE_X44Y95         FDRE (Prop_fdre_C_Q)         0.141     0.551 r  core/w_reg[rd][0]/Q
                         net (fo=92, routed)          0.309     0.860    core/rf_reg_r1_0_31_0_5/ADDRD0
    SLICE_X46Y97         RAMS32                                       r  core/rf_reg_r1_0_31_0_5/RAMD/ADR0
  -------------------------------------------------------------------    -------------------

                         (clock clk rise edge)        0.000     0.000 r  
                                                      0.000     0.000 r  clk (IN)
                         net (fo=1182, unset)         0.432     0.432    core/rf_reg_r1_0_31_0_5/WCLK
    SLICE_X46Y97         RAMS32                                       r  core/rf_reg_r1_0_31_0_5/RAMD/CLK
                         clock pessimism              0.000     0.432    
    SLICE_X46Y97         RAMS32 (Hold_rams32_CLK_ADR0)
                                                      0.310     0.742    core/rf_reg_r1_0_31_0_5/RAMD
  -------------------------------------------------------------------
                         required time                         -0.742    
                         arrival time                           0.860    
  -------------------------------------------------------------------
                         slack                                  0.118    

Slack (MET) :             0.118ns  (arrival time - required time)
  Source:                 core/w_reg[rd][0]/C
                            (rising edge-triggered cell FDRE clocked by clk  {rise@0.000ns fall@5.000ns period=10.000ns})
  Destination:            core/rf_reg_r1_0_31_0_5/RAMD_D1/ADR0
                            (rising edge-triggered cell RAMS32 clocked by clk  {rise@0.000ns fall@5.000ns period=10.000ns})
  Path Group:             clk
  Path Type:              Hold (Min at Fast Process Corner)
  Requirement:            0.000ns  (clk rise@0.000ns - clk rise@0.000ns)
  Data Path Delay:        0.450ns  (logic 0.141ns (31.328%)  route 0.309ns (68.672%))
  Logic Levels:           0  
  Clock Path Skew:        0.022ns (DCD - SCD - CPR)
    Destination Clock Delay (DCD):    0.432ns
    Source Clock Delay      (SCD):    0.410ns
    Clock Pessimism Removal (CPR):    -0.000ns

    Location             Delay type                Incr(ns)  Path(ns)    Netlist Resource(s)
  -------------------------------------------------------------------    -------------------
                         (clock clk rise edge)        0.000     0.000 r  
                                                      0.000     0.000 r  clk (IN)
                         net (fo=1182, unset)         0.410     0.410    core/clk
    SLICE_X44Y95         FDRE                                         r  core/w_reg[rd][0]/C
  -------------------------------------------------------------------    -------------------
    SLICE_X44Y95         FDRE (Prop_fdre_C_Q)         0.141     0.551 r  core/w_reg[rd][0]/Q
                         net (fo=92, routed)          0.309     0.860    core/rf_reg_r1_0_31_0_5/ADDRD0
    SLICE_X46Y97         RAMS32                                       r  core/rf_reg_r1_0_31_0_5/RAMD_D1/ADR0
  -------------------------------------------------------------------    -------------------

                         (clock clk rise edge)        0.000     0.000 r  
                                                      0.000     0.000 r  clk (IN)
                         net (fo=1182, unset)         0.432     0.432    core/rf_reg_r1_0_31_0_5/WCLK
    SLICE_X46Y97         RAMS32                                       r  core/rf_reg_r1_0_31_0_5/RAMD_D1/CLK
                         clock pessimism              0.000     0.432    
    SLICE_X46Y97         RAMS32 (Hold_rams32_CLK_ADR0)
                                                      0.310     0.742    core/rf_reg_r1_0_31_0_5/RAMD_D1
  -------------------------------------------------------------------
                         required time                         -0.742    
                         arrival time                           0.860    
  -------------------------------------------------------------------
                         slack                                  0.118    





Pulse Width Checks
--------------------------------------------------------------------------------------
Clock Name:         clk
Waveform(ns):       { 0.000 5.000 }
Period(ns):         10.000
Sources:            { clk }

Check Type        Corner  Lib Pin     Reference Pin  Required(ns)  Actual(ns)  Slack(ns)  Location      Pin
Min Period        n/a     FDRE/C      n/a            1.000         10.000      9.000      SLICE_X47Y92  core/d_acc_last_reg/C
Min Period        n/a     FDRE/C      n/a            1.000         10.000      9.000      SLICE_X59Y92  core/d_err_reg/C
Min Period        n/a     FDRE/C      n/a            1.000         10.000      9.000      SLICE_X57Y91  core/d_insn_reg[0]/C
Min Period        n/a     FDRE/C      n/a            1.000         10.000      9.000      SLICE_X59Y95  core/d_insn_reg[10]/C
Min Period        n/a     FDRE/C      n/a            1.000         10.000      9.000      SLICE_X56Y95  core/d_insn_reg[11]/C
Min Period        n/a     FDRE/C      n/a            1.000         10.000      9.000      SLICE_X57Y94  core/d_insn_reg[12]/C
Min Period        n/a     FDRE/C      n/a            1.000         10.000      9.000      SLICE_X60Y94  core/d_insn_reg[13]/C
Min Period        n/a     FDRE/C      n/a            1.000         10.000      9.000      SLICE_X60Y94  core/d_insn_reg[14]/C
Min Period        n/a     FDRE/C      n/a            1.000         10.000      9.000      SLICE_X51Y95  core/d_insn_reg[15]/C
Min Period        n/a     FDRE/C      n/a            1.000         10.000      9.000      SLICE_X56Y95  core/d_insn_reg[16]/C
Low Pulse Width   Slow    RAMD32/CLK  n/a            1.250         5.000       3.750      SLICE_X58Y95  core/fetch/buf_err_reg_0_3_0_0/DP/CLK
Low Pulse Width   Fast    RAMD32/CLK  n/a            1.250         5.000       3.750      SLICE_X58Y95  core/fetch/buf_err_reg_0_3_0_0/DP/CLK
Low Pulse Width   Slow    RAMD32/CLK  n/a            1.250         5.000       3.750      SLICE_X58Y95  core/fetch/buf_err_reg_0_3_0_0/SP/CLK
Low Pulse Width   Fast    RAMD32/CLK  n/a            1.250         5.000       3.750      SLICE_X58Y95  core/fetch/buf_err_reg_0_3_0_0/SP/CLK
Low Pulse Width   Slow    RAMD32/CLK  n/a            1.250         5.000       3.750      SLICE_X58Y91  core/fetch/buf_insn_reg_0_3_0_5/RAMA/CLK
Low Pulse Width   Fast    RAMD32/CLK  n/a            1.250         5.000       3.750      SLICE_X58Y91  core/fetch/buf_insn_reg_0_3_0_5/RAMA/CLK
Low Pulse Width   Slow    RAMD32/CLK  n/a            1.250         5.000       3.750      SLICE_X58Y91  core/fetch/buf_insn_reg_0_3_0_5/RAMA_D1/CLK
Low Pulse Width   Fast    RAMD32/CLK  n/a            1.250         5.000       3.750      SLICE_X58Y91  core/fetch/buf_insn_reg_0_3_0_5/RAMA_D1/CLK
Low Pulse Width   Slow    RAMD32/CLK  n/a            1.250         5.000       3.750      SLICE_X58Y91  core/fetch/buf_insn_reg_0_3_0_5/RAMB/CLK
Low Pulse Width   Fast    RAMD32/CLK  n/a            1.250         5.000       3.750      SLICE_X58Y91  core/fetch/buf_insn_reg_0_3_0_5/RAMB/CLK
High Pulse Width  Slow    RAMD32/CLK  n/a            1.250         5.000       3.750      SLICE_X58Y95  core/fetch/buf_err_reg_0_3_0_0/DP/CLK
High Pulse Width  Fast    RAMD32/CLK  n/a            1.250         5.000       3.750      SLICE_X58Y95  core/fetch/buf_err_reg_0_3_0_0/DP/CLK
High Pulse Width  Slow    RAMD32/CLK  n/a            1.250         5.000       3.750      SLICE_X58Y95  core/fetch/buf_err_reg_0_3_0_0/SP/CLK
High Pulse Width  Fast    RAMD32/CLK  n/a            1.250         5.000       3.750      SLICE_X58Y95  core/fetch/buf_err_reg_0_3_0_0/SP/CLK
High Pulse Width  Slow    RAMD32/CLK  n/a            1.250         5.000       3.750      SLICE_X58Y91  core/fetch/buf_insn_reg_0_3_0_5/RAMA/CLK
High Pulse Width  Fast    RAMD32/CLK  n/a            1.250         5.000       3.750      SLICE_X58Y91  core/fetch/buf_insn_reg_0_3_0_5/RAMA/CLK
High Pulse Width  Slow    RAMD32/CLK  n/a            1.250         5.000       3.750      SLICE_X58Y91  core/fetch/buf_insn_reg_0_3_0_5/RAMA_D1/CLK
High Pulse Width  Fast    RAMD32/CLK  n/a            1.250         5.000       3.750      SLICE_X58Y91  core/fetch/buf_insn_reg_0_3_0_5/RAMA_D1/CLK
High Pulse Width  Slow    RAMD32/CLK  n/a            1.250         5.000       3.750      SLICE_X58Y91  core/fetch/buf_insn_reg_0_3_0_5/RAMB/CLK
High Pulse Width  Fast    RAMD32/CLK  n/a            1.250         5.000       3.750      SLICE_X58Y91  core/fetch/buf_insn_reg_0_3_0_5/RAMB/CLK



