NAMED-PATH-BEGIN d_rsp_valid_to_d_req_valid
Startpoint: d_rsp_valid (input port clocked by clk)
Endpoint: d_req_valid (output port clocked by clk)
Path Group: clk
Path Type: max

   Delay     Time   Description
-----------------------------------------------------------
   0.000    0.000   clock clk (rise edge)
   0.000    0.000   clock network delay (propagated)
   2.000    2.000 ^ input external delay
   0.018    2.018 ^ d_rsp_valid (in)
   0.473    2.491 ^ input35/X (sky130_fd_sc_hd__buf_2)
   0.570    3.061 ^ fanout1786/X (sky130_fd_sc_hd__clkbuf_4)
   0.500    3.561 ^ fanout1785/X (sky130_fd_sc_hd__buf_2)
   0.692    4.253 v _07762_/X (sky130_fd_sc_hd__and4bb_2)
   0.325    4.578 v fanout994/X (sky130_fd_sc_hd__buf_12)
   0.298    4.876 v fanout980/X (sky130_fd_sc_hd__buf_6)
   0.299    5.175 v fanout979/X (sky130_fd_sc_hd__buf_6)
   0.197    5.372 ^ _07765_/Y (sky130_fd_sc_hd__nand2_8)
   0.502    5.874 ^ _07770_/X (sky130_fd_sc_hd__and3_4)
   0.327    6.201 ^ fanout438/X (sky130_fd_sc_hd__buf_8)
   0.733    6.934 ^ _07771_/X (sky130_fd_sc_hd__and4_4)
   0.312    7.246 ^ output109/X (sky130_fd_sc_hd__buf_8)
   0.002    7.248 ^ d_req_valid (out)
            7.248   data arrival time

  10.000   10.000   clock clk (rise edge)
   0.000   10.000   clock network delay (propagated)
  -0.250    9.750   clock uncertainty
   0.000    9.750   clock reconvergence pessimism
  -2.000    7.750   output external delay
            7.750   data required time
-----------------------------------------------------------
            7.750   data required time
           -7.248   data arrival time
-----------------------------------------------------------
            0.502   slack (MET)


NAMED-PATH-END
NAMED-PATH-BEGIN d_rsp_error_to_d_req_valid
Startpoint: d_rsp_error (input port clocked by clk)
Endpoint: d_req_valid (output port clocked by clk)
Path Group: clk
Path Type: max

   Delay     Time   Description
-----------------------------------------------------------
   0.000    0.000   clock clk (rise edge)
   0.000    0.000   clock network delay (propagated)
   2.000    2.000 v input external delay
   0.011    2.011 v d_rsp_error (in)
   0.364    2.375 v input2/X (sky130_fd_sc_hd__buf_2)
   0.500    2.875 v _07756_/Y (sky130_fd_sc_hd__nand2b_2)
   0.326    3.201 v _07757_/X (sky130_fd_sc_hd__o211a_2)
   0.409    3.610 ^ _07760_/Y (sky130_fd_sc_hd__o21ai_4)
   0.298    3.908 ^ fanout588/X (sky130_fd_sc_hd__buf_12)
   0.340    4.247 ^ fanout587/X (sky130_fd_sc_hd__buf_6)
   0.539    4.786 ^ _07770_/X (sky130_fd_sc_hd__and3_4)
   0.327    5.113 ^ fanout438/X (sky130_fd_sc_hd__buf_8)
   0.733    5.846 ^ _07771_/X (sky130_fd_sc_hd__and4_4)
   0.312    6.158 ^ output109/X (sky130_fd_sc_hd__buf_8)
   0.002    6.160 ^ d_req_valid (out)
            6.160   data arrival time

  10.000   10.000   clock clk (rise edge)
   0.000   10.000   clock network delay (propagated)
  -0.250    9.750   clock uncertainty
   0.000    9.750   clock reconvergence pessimism
  -2.000    7.750   output external delay
            7.750   data required time
-----------------------------------------------------------
            7.750   data required time
           -6.160   data arrival time
-----------------------------------------------------------
            1.590   slack (MET)


NAMED-PATH-END
