NAMED-PATH-BEGIN d_rsp_valid_to_d_req_valid
Startpoint: d_rsp_valid (input port clocked by clk)
Endpoint: d_req_valid (output port clocked by clk)
Path Group: clk
Path Type: max

   Delay     Time   Description
-----------------------------------------------------------
   0.000    0.000   clock clk (rise edge)
   0.000    0.000   clock network delay (propagated)
   2.000    2.000 ^ input external delay
   0.014    2.014 ^ d_rsp_valid (in)
   0.171    2.185 ^ input35/X (sky130_fd_sc_hd__buf_2)
   0.285    2.470 ^ hold4472/X (sky130_fd_sc_hd__clkbuf_1)
   0.311    2.781 ^ fanout3571/X (sky130_fd_sc_hd__buf_2)
   0.214    2.995 ^ _17154_/Y (sky130_fd_sc_hd__nand2b_2)
   0.247    3.242 ^ fanout1869/X (sky130_fd_sc_hd__buf_2)
   0.302    3.544 v _17159_/X (sky130_fd_sc_hd__and4bb_4)
   0.167    3.711 v load_slew1393/X (sky130_fd_sc_hd__buf_12)
   0.630    4.342 v _17161_/X (sky130_fd_sc_hd__or4b_4)
   0.168    4.509 v rebuffer3624/X (sky130_fd_sc_hd__buf_6)
   0.283    4.793 ^ _17162_/Y (sky130_fd_sc_hd__nor3_4)
   0.177    4.969 ^ wire451/X (sky130_fd_sc_hd__buf_6)
   0.221    5.190 ^ output109/X (sky130_fd_sc_hd__buf_2)
   0.002    5.192 ^ d_req_valid (out)
            5.192   data arrival time

  10.000   10.000   clock clk (rise edge)
   0.000   10.000   clock network delay (propagated)
  -0.250    9.750   clock uncertainty
   0.000    9.750   clock reconvergence pessimism
  -2.000    7.750   output external delay
            7.750   data required time
-----------------------------------------------------------
            7.750   data required time
           -5.192   data arrival time
-----------------------------------------------------------
            2.558   slack (MET)


NAMED-PATH-END
NAMED-PATH-BEGIN d_rsp_error_to_d_req_valid
Startpoint: d_rsp_error (input port clocked by clk)
Endpoint: d_req_valid (output port clocked by clk)
Path Group: clk
Path Type: max

   Delay     Time   Description
-----------------------------------------------------------
   0.000    0.000   clock clk (rise edge)
   0.000    0.000   clock network delay (propagated)
   2.000    2.000 v input external delay
   0.006    2.006 v d_rsp_error (in)
   0.192    2.198 v input2/X (sky130_fd_sc_hd__buf_2)
   0.227    2.425 v _17149_/Y (sky130_fd_sc_hd__nand2b_2)
   0.131    2.556 v _17150_/X (sky130_fd_sc_hd__o211a_2)
   0.341    2.897 v _17152_/X (sky130_fd_sc_hd__o21a_2)
   0.687    3.584 v _17161_/X (sky130_fd_sc_hd__or4b_4)
   0.168    3.752 v rebuffer3624/X (sky130_fd_sc_hd__buf_6)
   0.283    4.035 ^ _17162_/Y (sky130_fd_sc_hd__nor3_4)
   0.177    4.212 ^ wire451/X (sky130_fd_sc_hd__buf_6)
   0.221    4.432 ^ output109/X (sky130_fd_sc_hd__buf_2)
   0.002    4.434 ^ d_req_valid (out)
            4.434   data arrival time

  10.000   10.000   clock clk (rise edge)
   0.000   10.000   clock network delay (propagated)
  -0.250    9.750   clock uncertainty
   0.000    9.750   clock reconvergence pessimism
  -2.000    7.750   output external delay
            7.750   data required time
-----------------------------------------------------------
            7.750   data required time
           -4.434   data arrival time
-----------------------------------------------------------
            3.316   slack (MET)


NAMED-PATH-END
