NAMED-PATH-BEGIN d_rsp_valid_to_d_req_valid
Startpoint: d_rsp_valid (input port clocked by clk)
Endpoint: d_req_valid (output port clocked by clk)
Path Group: clk
Path Type: max

   Delay     Time   Description
-----------------------------------------------------------
   0.000    0.000   clock clk (rise edge)
   0.000    0.000   clock network delay (propagated)
   2.000    2.000 ^ input external delay
   0.012    2.012 ^ d_rsp_valid (in)
   0.338    2.350 ^ input35/X (sky130_fd_sc_hd__dlymetal6s4s_1)
   0.298    2.648 ^ _07842_/Y (sky130_fd_sc_hd__nand2b_4)
   0.267    2.915 ^ fanout1038/X (sky130_fd_sc_hd__buf_2)
   0.247    3.161 v _07846_/X (sky130_fd_sc_hd__and4bb_4)
   0.257    3.418 v fanout944/X (sky130_fd_sc_hd__clkbuf_4)
   0.294    3.712 ^ _07848_/Y (sky130_fd_sc_hd__a221oi_2)
   0.162    3.875 v _07849_/Y (sky130_fd_sc_hd__nand4_4)
   0.497    4.372 ^ _07850_/X (sky130_fd_sc_hd__and4b_2)
   0.842    5.214 ^ output109/X (sky130_fd_sc_hd__dlygate4sd3_1)
   0.001    5.215 ^ d_req_valid (out)
            5.215   data arrival time

  10.000   10.000   clock clk (rise edge)
   0.000   10.000   clock network delay (propagated)
  -0.250    9.750   clock uncertainty
   0.000    9.750   clock reconvergence pessimism
  -2.000    7.750   output external delay
            7.750   data required time
-----------------------------------------------------------
            7.750   data required time
           -5.215   data arrival time
-----------------------------------------------------------
            2.535   slack (MET)


NAMED-PATH-END
NAMED-PATH-BEGIN d_rsp_error_to_d_req_valid
Startpoint: d_rsp_error (input port clocked by clk)
Endpoint: d_req_valid (output port clocked by clk)
Path Group: clk
Path Type: max

   Delay     Time   Description
-----------------------------------------------------------
   0.000    0.000   clock clk (rise edge)
   0.000    0.000   clock network delay (propagated)
   2.000    2.000 v input external delay
   0.005    2.005 v d_rsp_error (in)
   0.399    2.404 v input2/X (sky130_fd_sc_hd__dlymetal6s4s_1)
   0.295    2.699 v _07832_/Y (sky130_fd_sc_hd__nand2b_2)
   0.170    2.868 v _07833_/X (sky130_fd_sc_hd__o211a_2)
   0.211    3.080 ^ _07835_/Y (sky130_fd_sc_hd__o21ai_4)
   0.169    3.249 ^ load_slew592/X (sky130_fd_sc_hd__buf_6)
   0.123    3.372 v _07849_/Y (sky130_fd_sc_hd__nand4_4)
   0.497    3.869 ^ _07850_/X (sky130_fd_sc_hd__and4b_2)
   0.842    4.711 ^ output109/X (sky130_fd_sc_hd__dlygate4sd3_1)
   0.001    4.712 ^ d_req_valid (out)
            4.712   data arrival time

  10.000   10.000   clock clk (rise edge)
   0.000   10.000   clock network delay (propagated)
  -0.250    9.750   clock uncertainty
   0.000    9.750   clock reconvergence pessimism
  -2.000    7.750   output external delay
            7.750   data required time
-----------------------------------------------------------
            7.750   data required time
           -4.712   data arrival time
-----------------------------------------------------------
            3.038   slack (MET)


NAMED-PATH-END
