NAMED-PATH-BEGIN d_rsp_valid_to_d_req_valid
Startpoint: d_rsp_valid (input port clocked by clk)
Endpoint: d_req_valid (output port clocked by clk)
Path Group: clk
Path Type: max

   Delay     Time   Description
-----------------------------------------------------------
   0.000    0.000   clock clk (rise edge)
   0.000    0.000   clock network delay (propagated)
   2.000    2.000 ^ input external delay
   0.009    2.009 ^ d_rsp_valid (in)
   0.079    2.088 ^ input35/X (sky130_fd_sc_hd__clkbuf_2)
   0.104    2.192 ^ wire2984/X (sky130_fd_sc_hd__buf_8)
   0.316    2.509 ^ fanout2982/X (sky130_fd_sc_hd__dlymetal6s4s_1)
   0.196    2.704 v _07762_/X (sky130_fd_sc_hd__and4bb_4)
   0.118    2.822 v load_slew1526/X (sky130_fd_sc_hd__buf_4)
   0.150    2.973 ^ _07765_/Y (sky130_fd_sc_hd__nand2_2)
   0.136    3.109 ^ _07770_/X (sky130_fd_sc_hd__and3_4)
   0.136    3.245 ^ fanout543/X (sky130_fd_sc_hd__buf_6)
   0.209    3.453 ^ _07771_/X (sky130_fd_sc_hd__and4_4)
   0.098    3.552 ^ output109/X (sky130_fd_sc_hd__buf_8)
   0.001    3.552 ^ d_req_valid (out)
            3.552   data arrival time

  10.000   10.000   clock clk (rise edge)
   0.000   10.000   clock network delay (propagated)
  -0.250    9.750   clock uncertainty
   0.000    9.750   clock reconvergence pessimism
  -2.000    7.750   output external delay
            7.750   data required time
-----------------------------------------------------------
            7.750   data required time
           -3.552   data arrival time
-----------------------------------------------------------
            4.198   slack (MET)


NAMED-PATH-END
NAMED-PATH-BEGIN d_rsp_error_to_d_req_valid
Startpoint: d_rsp_error (input port clocked by clk)
Endpoint: d_req_valid (output port clocked by clk)
Path Group: clk
Path Type: max

   Delay     Time   Description
-----------------------------------------------------------
   0.000    0.000   clock clk (rise edge)
   0.000    0.000   clock network delay (propagated)
   2.000    2.000 v input external delay
   0.003    2.003 v d_rsp_error (in)
   0.183    2.186 v input2/X (sky130_fd_sc_hd__clkbuf_2)
   0.191    2.377 v _07756_/Y (sky130_fd_sc_hd__nand2b_2)
   0.105    2.482 v _07757_/X (sky130_fd_sc_hd__o211a_2)
   0.248    2.730 ^ _07760_/Y (sky130_fd_sc_hd__o21ai_2)
   0.119    2.850 ^ load_slew748/X (sky130_fd_sc_hd__buf_6)
   0.123    2.973 ^ _07770_/X (sky130_fd_sc_hd__and3_4)
   0.136    3.108 ^ fanout543/X (sky130_fd_sc_hd__buf_6)
   0.209    3.317 ^ _07771_/X (sky130_fd_sc_hd__and4_4)
   0.098    3.415 ^ output109/X (sky130_fd_sc_hd__buf_8)
   0.001    3.416 ^ d_req_valid (out)
            3.416   data arrival time

  10.000   10.000   clock clk (rise edge)
   0.000   10.000   clock network delay (propagated)
  -0.250    9.750   clock uncertainty
   0.000    9.750   clock reconvergence pessimism
  -2.000    7.750   output external delay
            7.750   data required time
-----------------------------------------------------------
            7.750   data required time
           -3.416   data arrival time
-----------------------------------------------------------
            4.334   slack (MET)


NAMED-PATH-END
