NAMED-PATH-BEGIN d_rsp_valid_to_d_req_valid
Startpoint: d_rsp_valid (input port clocked by clk)
Endpoint: d_req_valid (output port clocked by clk)
Path Group: clk
Path Type: max

   Delay     Time   Description
-----------------------------------------------------------
   0.000    0.000   clock clk (rise edge)
   0.000    0.000   clock network delay (propagated)
   2.500    2.500 ^ input external delay
   0.015    2.515 ^ d_rsp_valid (in)
   0.148    2.662 ^ input35/X (sky130_fd_sc_hd__buf_2)
   0.118    2.781 ^ wire2850/X (sky130_fd_sc_hd__buf_12)
   0.056    2.837 v _14250_/Y (sky130_fd_sc_hd__nor2_4)
   0.088    2.925 v fanout1278/X (sky130_fd_sc_hd__buf_12)
   0.106    3.031 v fanout1273/X (sky130_fd_sc_hd__buf_6)
   0.119    3.150 v fanout1272/X (sky130_fd_sc_hd__buf_6)
   0.136    3.286 v fanout1271/X (sky130_fd_sc_hd__buf_4)
   0.186    3.472 ^ _14254_/Y (sky130_fd_sc_hd__o31ai_4)
   0.112    3.584 ^ max_cap769/X (sky130_fd_sc_hd__buf_4)
   0.071    3.655 v _14259_/Y (sky130_fd_sc_hd__o211ai_2)
   0.354    4.009 ^ _14261_/X (sky130_fd_sc_hd__and4bb_2)
   0.189    4.198 ^ output109/X (sky130_fd_sc_hd__buf_2)
   0.002    4.200 ^ d_req_valid (out)
            4.200   data arrival time

  12.500   12.500   clock clk (rise edge)
   0.000   12.500   clock network delay (propagated)
  -0.250   12.250   clock uncertainty
   0.000   12.250   clock reconvergence pessimism
  -2.500    9.750   output external delay
            9.750   data required time
-----------------------------------------------------------
            9.750   data required time
           -4.200   data arrival time
-----------------------------------------------------------
            5.550   slack (MET)


NAMED-PATH-END
NAMED-PATH-BEGIN d_rsp_error_to_d_req_valid
Startpoint: d_rsp_error (input port clocked by clk)
Endpoint: d_req_valid (output port clocked by clk)
Path Group: clk
Path Type: max

   Delay     Time   Description
-----------------------------------------------------------
   0.000    0.000   clock clk (rise edge)
   0.000    0.000   clock network delay (propagated)
   2.500    2.500 v input external delay
   0.004    2.504 v d_rsp_error (in)
   0.119    2.623 v input2/X (sky130_fd_sc_hd__buf_2)
   0.158    2.781 v _14245_/Y (sky130_fd_sc_hd__nand2b_2)
   0.114    2.894 v _14246_/X (sky130_fd_sc_hd__o211a_2)
   0.157    3.051 ^ _14254_/Y (sky130_fd_sc_hd__o31ai_4)
   0.112    3.163 ^ max_cap769/X (sky130_fd_sc_hd__buf_4)
   0.071    3.234 v _14259_/Y (sky130_fd_sc_hd__o211ai_2)
   0.354    3.589 ^ _14261_/X (sky130_fd_sc_hd__and4bb_2)
   0.189    3.778 ^ output109/X (sky130_fd_sc_hd__buf_2)
   0.002    3.780 ^ d_req_valid (out)
            3.780   data arrival time

  12.500   12.500   clock clk (rise edge)
   0.000   12.500   clock network delay (propagated)
  -0.250   12.250   clock uncertainty
   0.000   12.250   clock reconvergence pessimism
  -2.500    9.750   output external delay
            9.750   data required time
-----------------------------------------------------------
            9.750   data required time
           -3.780   data arrival time
-----------------------------------------------------------
            5.970   slack (MET)


NAMED-PATH-END
