NAMED-PATH-BEGIN d_rsp_valid_to_d_req_valid
Startpoint: d_rsp_valid (input port clocked by clk)
Endpoint: d_req_valid (output port clocked by clk)
Path Group: clk
Path Type: max

   Delay     Time   Description
-----------------------------------------------------------
   0.000    0.000   clock clk (rise edge)
   0.000    0.000   clock network delay (propagated)
   2.000    2.000 ^ input external delay
   0.010    2.010 ^ d_rsp_valid (in)
   0.076    2.085 ^ input35/X (sky130_fd_sc_hd__clkbuf_2)
   0.106    2.191 ^ wire2924/X (sky130_fd_sc_hd__buf_8)
   0.195    2.386 ^ fanout2920/X (sky130_fd_sc_hd__dlymetal6s4s_1)
   0.044    2.430 v _07634_/Y (sky130_fd_sc_hd__nor2_4)
   0.105    2.534 v fanout1363/X (sky130_fd_sc_hd__buf_6)
   0.106    2.640 v fanout1361/X (sky130_fd_sc_hd__buf_6)
   0.131    2.771 v _07636_/X (sky130_fd_sc_hd__and2_4)
   0.103    2.874 v fanout741/X (sky130_fd_sc_hd__buf_6)
   0.131    3.004 v fanout737/X (sky130_fd_sc_hd__clkbuf_4)
   0.157    3.161 ^ _07639_/Y (sky130_fd_sc_hd__nor3b_4)
   0.127    3.288 ^ fanout551/X (sky130_fd_sc_hd__buf_6)
   0.227    3.515 ^ _07640_/X (sky130_fd_sc_hd__and3b_2)
   0.107    3.622 ^ output109/X (sky130_fd_sc_hd__buf_8)
   0.001    3.623 ^ d_req_valid (out)
            3.623   data arrival time

  10.000   10.000   clock clk (rise edge)
   0.000   10.000   clock network delay (propagated)
  -0.250    9.750   clock uncertainty
   0.000    9.750   clock reconvergence pessimism
  -2.000    7.750   output external delay
            7.750   data required time
-----------------------------------------------------------
            7.750   data required time
           -3.623   data arrival time
-----------------------------------------------------------
            4.127   slack (MET)


NAMED-PATH-END
NAMED-PATH-BEGIN d_rsp_error_to_d_req_valid
Startpoint: d_rsp_error (input port clocked by clk)
Endpoint: d_req_valid (output port clocked by clk)
Path Group: clk
Path Type: max

   Delay     Time   Description
-----------------------------------------------------------
   0.000    0.000   clock clk (rise edge)
   0.000    0.000   clock network delay (propagated)
   2.000    2.000 v input external delay
   0.003    2.003 v d_rsp_error (in)
   0.128    2.131 v input2/X (sky130_fd_sc_hd__buf_2)
   0.151    2.282 v _07628_/Y (sky130_fd_sc_hd__nand2b_2)
   0.116    2.398 v _07629_/X (sky130_fd_sc_hd__o211a_2)
   0.282    2.680 ^ _07631_/Y (sky130_fd_sc_hd__o21ai_4)
   0.169    2.849 ^ _07639_/Y (sky130_fd_sc_hd__nor3b_4)
   0.127    2.976 ^ fanout551/X (sky130_fd_sc_hd__buf_6)
   0.227    3.203 ^ _07640_/X (sky130_fd_sc_hd__and3b_2)
   0.107    3.309 ^ output109/X (sky130_fd_sc_hd__buf_8)
   0.001    3.310 ^ d_req_valid (out)
            3.310   data arrival time

  10.000   10.000   clock clk (rise edge)
   0.000   10.000   clock network delay (propagated)
  -0.250    9.750   clock uncertainty
   0.000    9.750   clock reconvergence pessimism
  -2.000    7.750   output external delay
            7.750   data required time
-----------------------------------------------------------
            7.750   data required time
           -3.310   data arrival time
-----------------------------------------------------------
            4.440   slack (MET)


NAMED-PATH-END
