Copyright 1986-2022 Xilinx, Inc. All Rights Reserved. Copyright 2022-2025 Advanced Micro Devices, Inc. All Rights Reserved.
------------------------------------------------------------------------------------------------------------------------------------------------------------------------------------------
| Tool Version : Vivado v.2025.1 (lin64) Build 6140274 Wed May 21 22:58:25 MDT 2025
| Date         : Wed Oct  7 21:42:41 2026
| Host         : gondor running 64-bit Ubuntu 24.04.5 LTS
| Command      : report_timing -max_paths 10 -nworst 1 -delay_type max -path_type full -input_pins -file /home/elfo/Documents/Aster/build/fpga/pynq_z1/aster_soc-r19/paths035/worst10.rpt
| Design       : aster_soc_board_wrapper
| Device       : 7z020-clg400
| Speed File   : -1  PRODUCTION 1.12 2019-11-22
| Design State : Physopt postRoute
------------------------------------------------------------------------------------------------------------------------------------------------------------------------------------------

Timing Report

Slack (MET) :             0.309ns  (required time - arrival time)
  Source:                 aster_soc_board_i/aster/inst/implementation/g_hart[1].dcache/m_addr_q_reg[11]/C
                            (rising edge-triggered cell FDRE clocked by clk_fpga_0  {rise@0.000ns fall@5.000ns period=10.000ns})
  Destination:            aster_soc_board_i/aster/inst/implementation/fabric/g_bank[1].mem/ram_reg_3/ENBWREN
                            (rising edge-triggered cell RAMB36E1 clocked by clk_fpga_0  {rise@0.000ns fall@5.000ns period=10.000ns})
  Path Group:             clk_fpga_0
  Path Type:              Setup (Max at Slow Process Corner)
  Requirement:            10.000ns  (clk_fpga_0 rise@10.000ns - clk_fpga_0 rise@0.000ns)
  Data Path Delay:        8.915ns  (logic 1.776ns (19.922%)  route 7.139ns (80.078%))
  Logic Levels:           7  (CARRY4=1 LUT4=2 LUT6=4)
  Clock Path Skew:        -0.179ns (DCD - SCD + CPR)
    Destination Clock Delay (DCD):    2.700ns = ( 12.700 - 10.000 ) 
    Source Clock Delay      (SCD):    2.994ns
    Clock Pessimism Removal (CPR):    0.115ns
  Clock Uncertainty:      0.154ns  ((TSJ^2 + TIJ^2)^1/2 + DJ) / 2 + PE
    Total System Jitter     (TSJ):    0.071ns
    Total Input Jitter      (TIJ):    0.300ns
    Discrete Jitter          (DJ):    0.000ns
    Phase Error              (PE):    0.000ns

    Location             Delay type                Incr(ns)  Path(ns)    Netlist Resource(s)
  -------------------------------------------------------------------    -------------------
                         (clock clk_fpga_0 rise edge)
                                                      0.000     0.000 r  
                         propagated clock network latency
                                                      2.994     2.994    
    SLICE_X62Y71         FDRE                         0.000     2.994 r  aster_soc_board_i/aster/inst/implementation/g_hart[1].dcache/m_addr_q_reg[11]/C
    SLICE_X62Y71         FDRE (Prop_fdre_C_Q)         0.478     3.472 r  aster_soc_board_i/aster/inst/implementation/g_hart[1].dcache/m_addr_q_reg[11]/Q
                         net (fo=17, routed)          1.220     4.692    aster_soc_board_i/aster/inst/implementation/fabric/g_bank[1].mem/m_d_addr[1]_269[6]
    SLICE_X58Y66                                                      r  aster_soc_board_i/aster/inst/implementation/fabric/g_bank[1].mem/ram_reg_0_i_238/I1
    SLICE_X58Y66         LUT6 (Prop_lut6_I1_O)        0.298     4.990 r  aster_soc_board_i/aster/inst/implementation/fabric/g_bank[1].mem/ram_reg_0_i_238/O
                         net (fo=1, routed)           0.000     4.990    aster_soc_board_i/aster/inst/implementation/fabric/g_bank[1].mem/ram_reg_0_i_238_n_0
    SLICE_X58Y66                                                      r  aster_soc_board_i/aster/inst/implementation/fabric/g_bank[1].mem/ram_reg_0_i_163__2/S[2]
    SLICE_X58Y66         CARRY4 (Prop_carry4_S[2]_CO[3])
                                                      0.380     5.370 r  aster_soc_board_i/aster/inst/implementation/fabric/g_bank[1].mem/ram_reg_0_i_163__2/CO[3]
                         net (fo=1, routed)           0.852     6.222    aster_soc_board_i/aster/inst/implementation/g_hart[1].dcache/ram_reg_0_i_91__1_0[0]
    SLICE_X55Y66                                                      r  aster_soc_board_i/aster/inst/implementation/g_hart[1].dcache/ram_reg_0_i_121__1/I4
    SLICE_X55Y66         LUT6 (Prop_lut6_I4_O)        0.124     6.346 f  aster_soc_board_i/aster/inst/implementation/g_hart[1].dcache/ram_reg_0_i_121__1/O
                         net (fo=1, routed)           0.451     6.798    aster_soc_board_i/aster/inst/implementation/g_hart[1].dcache/ram_reg_0_i_121__1_n_0
    SLICE_X55Y66                                                      f  aster_soc_board_i/aster/inst/implementation/g_hart[1].dcache/ram_reg_0_i_91__1/I0
    SLICE_X55Y66         LUT4 (Prop_lut4_I0_O)        0.124     6.922 f  aster_soc_board_i/aster/inst/implementation/g_hart[1].dcache/ram_reg_0_i_91__1/O
                         net (fo=4, routed)           0.740     7.662    aster_soc_board_i/aster/inst/implementation/fabric/g_bank[1].mem/ram_reg_0_15
    SLICE_X57Y65                                                      f  aster_soc_board_i/aster/inst/implementation/fabric/g_bank[1].mem/ram_reg_0_i_36__0/I5
    SLICE_X57Y65         LUT6 (Prop_lut6_I5_O)        0.124     7.786 f  aster_soc_board_i/aster/inst/implementation/fabric/g_bank[1].mem/ram_reg_0_i_36__0/O
                         net (fo=60, routed)          1.188     8.973    aster_soc_board_i/aster/inst/implementation/fabric/g_bank[1].mem/ptr_a_reg[1][1]_0
    SLICE_X53Y65                                                      f  aster_soc_board_i/aster/inst/implementation/fabric/g_bank[1].mem/ram_reg_0_i_42__0/I0
    SLICE_X53Y65         LUT6 (Prop_lut6_I0_O)        0.124     9.097 r  aster_soc_board_i/aster/inst/implementation/fabric/g_bank[1].mem/ram_reg_0_i_42__0/O
                         net (fo=5, routed)           0.817     9.914    aster_soc_board_i/aster/inst/implementation/fabric/g_bank[1].mem/ptr_a_reg[1][1]_3
    SLICE_X52Y63                                                      r  aster_soc_board_i/aster/inst/implementation/fabric/g_bank[1].mem/ram_reg_0_i_2__0/I2
    SLICE_X52Y63         LUT4 (Prop_lut4_I2_O)        0.124    10.038 r  aster_soc_board_i/aster/inst/implementation/fabric/g_bank[1].mem/ram_reg_0_i_2__0/O
                         net (fo=8, routed)           1.871    11.909    aster_soc_board_i/aster/inst/implementation/fabric/g_bank[1].mem/en_b[1]
    RAMB36_X2Y6          RAMB36E1                                     r  aster_soc_board_i/aster/inst/implementation/fabric/g_bank[1].mem/ram_reg_3/ENBWREN
  -------------------------------------------------------------------    -------------------

                         (clock clk_fpga_0 rise edge)
                                                     10.000    10.000 r  
                         propagated clock network latency
                                                      2.700    12.700    
                         clock pessimism              0.115    12.815    
                         clock uncertainty           -0.154    12.661    
    RAMB36_X2Y6          RAMB36E1 (Setup_ramb36e1_CLKBWRCLK_ENBWREN)
                                                     -0.443    12.218    aster_soc_board_i/aster/inst/implementation/fabric/g_bank[1].mem/ram_reg_3
  -------------------------------------------------------------------
                         required time                         12.218    
                         arrival time                         -11.909    
  -------------------------------------------------------------------
                         slack                                  0.309    

Slack (MET) :             0.346ns  (required time - arrival time)
  Source:                 aster_soc_board_i/aster/inst/implementation/g_hart[1].dcache/m_addr_q_reg[6]/C
                            (rising edge-triggered cell FDRE clocked by clk_fpga_0  {rise@0.000ns fall@5.000ns period=10.000ns})
  Destination:            aster_soc_board_i/aster/inst/implementation/fabric/g_bank[0].mem/ram_reg_5/ADDRARDADDR[14]
                            (rising edge-triggered cell RAMB36E1 clocked by clk_fpga_0  {rise@0.000ns fall@5.000ns period=10.000ns})
  Path Group:             clk_fpga_0
  Path Type:              Setup (Max at Slow Process Corner)
  Requirement:            10.000ns  (clk_fpga_0 rise@10.000ns - clk_fpga_0 rise@0.000ns)
  Data Path Delay:        8.992ns  (logic 2.121ns (23.589%)  route 6.871ns (76.411%))
  Logic Levels:           8  (CARRY4=1 LUT2=1 LUT4=1 LUT5=2 LUT6=3)
  Clock Path Skew:        0.057ns (DCD - SCD + CPR)
    Destination Clock Delay (DCD):    2.822ns = ( 12.822 - 10.000 ) 
    Source Clock Delay      (SCD):    2.994ns
    Clock Pessimism Removal (CPR):    0.229ns
  Clock Uncertainty:      0.154ns  ((TSJ^2 + TIJ^2)^1/2 + DJ) / 2 + PE
    Total System Jitter     (TSJ):    0.071ns
    Total Input Jitter      (TIJ):    0.300ns
    Discrete Jitter          (DJ):    0.000ns
    Phase Error              (PE):    0.000ns

    Location             Delay type                Incr(ns)  Path(ns)    Netlist Resource(s)
  -------------------------------------------------------------------    -------------------
                         (clock clk_fpga_0 rise edge)
                                                      0.000     0.000 r  
                         propagated clock network latency
                                                      2.994     2.994    
    SLICE_X62Y71         FDRE                         0.000     2.994 r  aster_soc_board_i/aster/inst/implementation/g_hart[1].dcache/m_addr_q_reg[6]/C
    SLICE_X62Y71         FDRE (Prop_fdre_C_Q)         0.518     3.512 r  aster_soc_board_i/aster/inst/implementation/g_hart[1].dcache/m_addr_q_reg[6]/Q
                         net (fo=17, routed)          1.192     4.704    aster_soc_board_i/aster/inst/implementation/fabric/g_bank[0].mem/m_d_addr[1]_269[1]
    SLICE_X67Y71                                                      r  aster_soc_board_i/aster/inst/implementation/fabric/g_bank[0].mem/ram_reg_0_i_252/I1
    SLICE_X67Y71         LUT6 (Prop_lut6_I1_O)        0.124     4.828 r  aster_soc_board_i/aster/inst/implementation/fabric/g_bank[0].mem/ram_reg_0_i_252/O
                         net (fo=1, routed)           0.000     4.828    aster_soc_board_i/aster/inst/implementation/fabric/g_bank[0].mem/ram_reg_0_i_252_n_0
    SLICE_X67Y71                                                      r  aster_soc_board_i/aster/inst/implementation/fabric/g_bank[0].mem/ram_reg_0_i_187__0/S[0]
    SLICE_X67Y71         CARRY4 (Prop_carry4_S[0]_CO[3])
                                                      0.532     5.360 f  aster_soc_board_i/aster/inst/implementation/fabric/g_bank[0].mem/ram_reg_0_i_187__0/CO[3]
                         net (fo=1, routed)           0.943     6.303    aster_soc_board_i/aster/inst/implementation/g_hart[1].dcache/ram_reg_0_i_94__1_0[0]
    SLICE_X67Y68                                                      f  aster_soc_board_i/aster/inst/implementation/g_hart[1].dcache/ram_reg_0_i_143/I4
    SLICE_X67Y68         LUT6 (Prop_lut6_I4_O)        0.124     6.427 r  aster_soc_board_i/aster/inst/implementation/g_hart[1].dcache/ram_reg_0_i_143/O
                         net (fo=1, routed)           0.312     6.739    aster_soc_board_i/aster/inst/implementation/g_hart[1].dcache/ram_reg_0_i_143_n_0
    SLICE_X66Y69                                                      r  aster_soc_board_i/aster/inst/implementation/g_hart[1].dcache/ram_reg_0_i_94__1/I3
    SLICE_X66Y69         LUT4 (Prop_lut4_I3_O)        0.124     6.863 f  aster_soc_board_i/aster/inst/implementation/g_hart[1].dcache/ram_reg_0_i_94__1/O
                         net (fo=4, routed)           0.739     7.602    aster_soc_board_i/aster/inst/implementation/fabric/g_bank[0].mem/ram_reg_0_6
    SLICE_X66Y67                                                      f  aster_soc_board_i/aster/inst/implementation/fabric/g_bank[0].mem/ram_reg_0_i_97__1/I3
    SLICE_X66Y67         LUT6 (Prop_lut6_I3_O)        0.124     7.726 f  aster_soc_board_i/aster/inst/implementation/fabric/g_bank[0].mem/ram_reg_0_i_97__1/O
                         net (fo=7, routed)           0.489     8.215    aster_soc_board_i/aster/inst/implementation/fabric/g_bank[0].mem/ptr_a_reg[0][1]_3
    SLICE_X67Y67                                                      f  aster_soc_board_i/aster/inst/implementation/fabric/g_bank[0].mem/ram_reg_0_i_90__0/I0
    SLICE_X67Y67         LUT2 (Prop_lut2_I0_O)        0.119     8.334 r  aster_soc_board_i/aster/inst/implementation/fabric/g_bank[0].mem/ram_reg_0_i_90__0/O
                         net (fo=54, routed)          1.236     9.570    aster_soc_board_i/aster/inst/implementation/fabric/g_bank[0].mem/ptr_a_reg[0][1]_2
    SLICE_X81Y71                                                      r  aster_soc_board_i/aster/inst/implementation/fabric/g_bank[0].mem/ram_reg_0_i_43__0/I3
    SLICE_X81Y71         LUT5 (Prop_lut5_I3_O)        0.332     9.902 r  aster_soc_board_i/aster/inst/implementation/fabric/g_bank[0].mem/ram_reg_0_i_43__0/O
                         net (fo=1, routed)           0.421    10.323    aster_soc_board_i/aster/inst/implementation/fabric/g_bank[0].mem/ram_reg_0_i_43__0_n_0
    SLICE_X82Y71                                                      r  aster_soc_board_i/aster/inst/implementation/fabric/g_bank[0].mem/ram_reg_0_i_3__1/I4
    SLICE_X82Y71         LUT5 (Prop_lut5_I4_O)        0.124    10.447 r  aster_soc_board_i/aster/inst/implementation/fabric/g_bank[0].mem/ram_reg_0_i_3__1/O
                         net (fo=8, routed)           1.539    11.986    aster_soc_board_i/aster/inst/implementation/fabric/g_bank[0].mem/addr_a[0]__0[11]
    RAMB36_X5Y11         RAMB36E1                                     r  aster_soc_board_i/aster/inst/implementation/fabric/g_bank[0].mem/ram_reg_5/ADDRARDADDR[14]
  -------------------------------------------------------------------    -------------------

                         (clock clk_fpga_0 rise edge)
                                                     10.000    10.000 r  
                         propagated clock network latency
                                                      2.822    12.822    
                         clock pessimism              0.229    13.051    
                         clock uncertainty           -0.154    12.897    
    RAMB36_X5Y11         RAMB36E1 (Setup_ramb36e1_CLKARDCLK_ADDRARDADDR[14])
                                                     -0.566    12.331    aster_soc_board_i/aster/inst/implementation/fabric/g_bank[0].mem/ram_reg_5
  -------------------------------------------------------------------
                         required time                         12.331    
                         arrival time                         -11.986    
  -------------------------------------------------------------------
                         slack                                  0.346    

Slack (MET) :             0.375ns  (required time - arrival time)
  Source:                 aster_soc_board_i/aster/inst/implementation/g_hart[1].core/m2_reg[result][3]/C
                            (rising edge-triggered cell FDRE clocked by clk_fpga_0  {rise@0.000ns fall@5.000ns period=10.000ns})
  Destination:            aster_soc_board_i/aster/inst/implementation/g_hart[1].core/dot8_p0_reg/A[3]
                            (rising edge-triggered cell DSP48E1 clocked by clk_fpga_0  {rise@0.000ns fall@5.000ns period=10.000ns})
  Path Group:             clk_fpga_0
  Path Type:              Setup (Max at Slow Process Corner)
  Requirement:            10.000ns  (clk_fpga_0 rise@10.000ns - clk_fpga_0 rise@0.000ns)
  Data Path Delay:        5.336ns  (logic 1.049ns (19.658%)  route 4.287ns (80.342%))
  Logic Levels:           3  (LUT2=1 LUT4=1 LUT5=1)
  Clock Path Skew:        -0.211ns (DCD - SCD + CPR)
    Destination Clock Delay (DCD):    2.911ns = ( 12.911 - 10.000 ) 
    Source Clock Delay      (SCD):    3.268ns
    Clock Pessimism Removal (CPR):    0.147ns
  Clock Uncertainty:      0.154ns  ((TSJ^2 + TIJ^2)^1/2 + DJ) / 2 + PE
    Total System Jitter     (TSJ):    0.071ns
    Total Input Jitter      (TIJ):    0.300ns
    Discrete Jitter          (DJ):    0.000ns
    Phase Error              (PE):    0.000ns

    Location             Delay type                Incr(ns)  Path(ns)    Netlist Resource(s)
  -------------------------------------------------------------------    -------------------
                         (clock clk_fpga_0 rise edge)
                                                      0.000     0.000 r  
                         propagated clock network latency
                                                      3.268     3.268    
    SLICE_X92Y141        FDRE                         0.000     3.268 r  aster_soc_board_i/aster/inst/implementation/g_hart[1].core/m2_reg[result][3]/C
    SLICE_X92Y141        FDRE (Prop_fdre_C_Q)         0.478     3.746 r  aster_soc_board_i/aster/inst/implementation/g_hart[1].core/m2_reg[result][3]/Q
                         net (fo=3, routed)           0.816     4.562    aster_soc_board_i/aster/inst/implementation/g_hart[1].core/fetch/s1_wdata[31]_i_2__0_1[3]
    SLICE_X92Y139                                                     r  aster_soc_board_i/aster/inst/implementation/g_hart[1].core/fetch/e_rs1v[3]_i_3__0/I2
    SLICE_X92Y139        LUT4 (Prop_lut4_I2_O)        0.295     4.857 r  aster_soc_board_i/aster/inst/implementation/g_hart[1].core/fetch/e_rs1v[3]_i_3__0/O
                         net (fo=1, routed)           0.587     5.444    aster_soc_board_i/aster/inst/implementation/g_hart[1].core/fetch/e_rs1v[3]_i_3__0_n_0
    SLICE_X89Y136                                                     r  aster_soc_board_i/aster/inst/implementation/g_hart[1].core/fetch/e_rs1v[3]_i_2__0/I4
    SLICE_X89Y136        LUT5 (Prop_lut5_I4_O)        0.124     5.568 r  aster_soc_board_i/aster/inst/implementation/g_hart[1].core/fetch/e_rs1v[3]_i_2__0/O
                         net (fo=34, routed)          1.231     6.799    aster_soc_board_i/aster/inst/implementation/g_hart[1].core/fetch_n_144
    SLICE_X88Y126                                                     r  aster_soc_board_i/aster/inst/implementation/g_hart[1].core/dot8_p0_reg_i_13__0/I1
    SLICE_X88Y126        LUT2 (Prop_lut2_I1_O)        0.152     6.951 r  aster_soc_board_i/aster/inst/implementation/g_hart[1].core/dot8_p0_reg_i_13__0/O
                         net (fo=1, routed)           1.654     8.604    aster_soc_board_i/aster/inst/implementation/g_hart[1].core/dot8_p0_reg_i_13__0_n_0
    DSP48_X2Y48          DSP48E1                                      r  aster_soc_board_i/aster/inst/implementation/g_hart[1].core/dot8_p0_reg/A[3]
  -------------------------------------------------------------------    -------------------

                         (clock clk_fpga_0 rise edge)
                                                     10.000    10.000 r  
                         propagated clock network latency
                                                      2.911    12.911    
                         clock pessimism              0.147    13.057    
                         clock uncertainty           -0.154    12.903    
    DSP48_X2Y48          DSP48E1 (Setup_dsp48e1_CLK_A[3])
                                                     -3.924     8.979    aster_soc_board_i/aster/inst/implementation/g_hart[1].core/dot8_p0_reg
  -------------------------------------------------------------------
                         required time                          8.979    
                         arrival time                          -8.604    
  -------------------------------------------------------------------
                         slack                                  0.375    

Slack (MET) :             0.376ns  (required time - arrival time)
  Source:                 aster_soc_board_i/aster/inst/implementation/g_hart[1].dcache/m_addr_q_reg[6]/C
                            (rising edge-triggered cell FDRE clocked by clk_fpga_0  {rise@0.000ns fall@5.000ns period=10.000ns})
  Destination:            aster_soc_board_i/aster/inst/implementation/fabric/g_bank[0].mem/ram_reg_5/ADDRARDADDR[3]
                            (rising edge-triggered cell RAMB36E1 clocked by clk_fpga_0  {rise@0.000ns fall@5.000ns period=10.000ns})
  Path Group:             clk_fpga_0
  Path Type:              Setup (Max at Slow Process Corner)
  Requirement:            10.000ns  (clk_fpga_0 rise@10.000ns - clk_fpga_0 rise@0.000ns)
  Data Path Delay:        8.961ns  (logic 2.121ns (23.669%)  route 6.840ns (76.331%))
  Logic Levels:           8  (CARRY4=1 LUT2=1 LUT4=1 LUT5=2 LUT6=3)
  Clock Path Skew:        0.057ns (DCD - SCD + CPR)
    Destination Clock Delay (DCD):    2.822ns = ( 12.822 - 10.000 ) 
    Source Clock Delay      (SCD):    2.994ns
    Clock Pessimism Removal (CPR):    0.229ns
  Clock Uncertainty:      0.154ns  ((TSJ^2 + TIJ^2)^1/2 + DJ) / 2 + PE
    Total System Jitter     (TSJ):    0.071ns
    Total Input Jitter      (TIJ):    0.300ns
    Discrete Jitter          (DJ):    0.000ns
    Phase Error              (PE):    0.000ns

    Location             Delay type                Incr(ns)  Path(ns)    Netlist Resource(s)
  -------------------------------------------------------------------    -------------------
                         (clock clk_fpga_0 rise edge)
                                                      0.000     0.000 r  
                         propagated clock network latency
                                                      2.994     2.994    
    SLICE_X62Y71         FDRE                         0.000     2.994 r  aster_soc_board_i/aster/inst/implementation/g_hart[1].dcache/m_addr_q_reg[6]/C
    SLICE_X62Y71         FDRE (Prop_fdre_C_Q)         0.518     3.512 r  aster_soc_board_i/aster/inst/implementation/g_hart[1].dcache/m_addr_q_reg[6]/Q
                         net (fo=17, routed)          1.192     4.704    aster_soc_board_i/aster/inst/implementation/fabric/g_bank[0].mem/m_d_addr[1]_269[1]
    SLICE_X67Y71                                                      r  aster_soc_board_i/aster/inst/implementation/fabric/g_bank[0].mem/ram_reg_0_i_252/I1
    SLICE_X67Y71         LUT6 (Prop_lut6_I1_O)        0.124     4.828 r  aster_soc_board_i/aster/inst/implementation/fabric/g_bank[0].mem/ram_reg_0_i_252/O
                         net (fo=1, routed)           0.000     4.828    aster_soc_board_i/aster/inst/implementation/fabric/g_bank[0].mem/ram_reg_0_i_252_n_0
    SLICE_X67Y71                                                      r  aster_soc_board_i/aster/inst/implementation/fabric/g_bank[0].mem/ram_reg_0_i_187__0/S[0]
    SLICE_X67Y71         CARRY4 (Prop_carry4_S[0]_CO[3])
                                                      0.532     5.360 f  aster_soc_board_i/aster/inst/implementation/fabric/g_bank[0].mem/ram_reg_0_i_187__0/CO[3]
                         net (fo=1, routed)           0.943     6.303    aster_soc_board_i/aster/inst/implementation/g_hart[1].dcache/ram_reg_0_i_94__1_0[0]
    SLICE_X67Y68                                                      f  aster_soc_board_i/aster/inst/implementation/g_hart[1].dcache/ram_reg_0_i_143/I4
    SLICE_X67Y68         LUT6 (Prop_lut6_I4_O)        0.124     6.427 r  aster_soc_board_i/aster/inst/implementation/g_hart[1].dcache/ram_reg_0_i_143/O
                         net (fo=1, routed)           0.312     6.739    aster_soc_board_i/aster/inst/implementation/g_hart[1].dcache/ram_reg_0_i_143_n_0
    SLICE_X66Y69                                                      r  aster_soc_board_i/aster/inst/implementation/g_hart[1].dcache/ram_reg_0_i_94__1/I3
    SLICE_X66Y69         LUT4 (Prop_lut4_I3_O)        0.124     6.863 f  aster_soc_board_i/aster/inst/implementation/g_hart[1].dcache/ram_reg_0_i_94__1/O
                         net (fo=4, routed)           0.739     7.602    aster_soc_board_i/aster/inst/implementation/fabric/g_bank[0].mem/ram_reg_0_6
    SLICE_X66Y67                                                      f  aster_soc_board_i/aster/inst/implementation/fabric/g_bank[0].mem/ram_reg_0_i_97__1/I3
    SLICE_X66Y67         LUT6 (Prop_lut6_I3_O)        0.124     7.726 f  aster_soc_board_i/aster/inst/implementation/fabric/g_bank[0].mem/ram_reg_0_i_97__1/O
                         net (fo=7, routed)           0.489     8.215    aster_soc_board_i/aster/inst/implementation/fabric/g_bank[0].mem/ptr_a_reg[0][1]_3
    SLICE_X67Y67                                                      f  aster_soc_board_i/aster/inst/implementation/fabric/g_bank[0].mem/ram_reg_0_i_90__0/I0
    SLICE_X67Y67         LUT2 (Prop_lut2_I0_O)        0.119     8.334 r  aster_soc_board_i/aster/inst/implementation/fabric/g_bank[0].mem/ram_reg_0_i_90__0/O
                         net (fo=54, routed)          0.993     9.327    aster_soc_board_i/aster/inst/implementation/fabric/g_bank[0].mem/ptr_a_reg[0][1]_2
    SLICE_X83Y69                                                      r  aster_soc_board_i/aster/inst/implementation/fabric/g_bank[0].mem/ram_reg_0_i_54__1/I3
    SLICE_X83Y69         LUT5 (Prop_lut5_I3_O)        0.332     9.659 r  aster_soc_board_i/aster/inst/implementation/fabric/g_bank[0].mem/ram_reg_0_i_54__1/O
                         net (fo=1, routed)           0.462    10.121    aster_soc_board_i/aster/inst/implementation/fabric/g_bank[0].mem/ram_reg_0_i_54__1_n_0
    SLICE_X83Y70                                                      r  aster_soc_board_i/aster/inst/implementation/fabric/g_bank[0].mem/ram_reg_0_i_14__1/I4
    SLICE_X83Y70         LUT5 (Prop_lut5_I4_O)        0.124    10.245 r  aster_soc_board_i/aster/inst/implementation/fabric/g_bank[0].mem/ram_reg_0_i_14__1/O
                         net (fo=8, routed)           1.710    11.955    aster_soc_board_i/aster/inst/implementation/fabric/g_bank[0].mem/addr_a[0]__0[0]
    RAMB36_X5Y11         RAMB36E1                                     r  aster_soc_board_i/aster/inst/implementation/fabric/g_bank[0].mem/ram_reg_5/ADDRARDADDR[3]
  -------------------------------------------------------------------    -------------------

                         (clock clk_fpga_0 rise edge)
                                                     10.000    10.000 r  
                         propagated clock network latency
                                                      2.822    12.822    
                         clock pessimism              0.229    13.051    
                         clock uncertainty           -0.154    12.897    
    RAMB36_X5Y11         RAMB36E1 (Setup_ramb36e1_CLKARDCLK_ADDRARDADDR[3])
                                                     -0.566    12.331    aster_soc_board_i/aster/inst/implementation/fabric/g_bank[0].mem/ram_reg_5
  -------------------------------------------------------------------
                         required time                         12.331    
                         arrival time                         -11.955    
  -------------------------------------------------------------------
                         slack                                  0.376    

Slack (MET) :             0.376ns  (required time - arrival time)
  Source:                 aster_soc_board_i/aster/inst/implementation/g_hart[1].dcache/m_addr_q_reg[6]/C
                            (rising edge-triggered cell FDRE clocked by clk_fpga_0  {rise@0.000ns fall@5.000ns period=10.000ns})
  Destination:            aster_soc_board_i/aster/inst/implementation/g_npu_buffer.e_addr_reg[0][20]/CE
                            (rising edge-triggered cell FDRE clocked by clk_fpga_0  {rise@0.000ns fall@5.000ns period=10.000ns})
  Path Group:             clk_fpga_0
  Path Type:              Setup (Max at Slow Process Corner)
  Requirement:            10.000ns  (clk_fpga_0 rise@10.000ns - clk_fpga_0 rise@0.000ns)
  Data Path Delay:        9.198ns  (logic 2.166ns (23.548%)  route 7.032ns (76.452%))
  Logic Levels:           10  (CARRY4=1 LUT3=1 LUT4=1 LUT5=3 LUT6=4)
  Clock Path Skew:        -0.066ns (DCD - SCD + CPR)
    Destination Clock Delay (DCD):    2.699ns = ( 12.699 - 10.000 ) 
    Source Clock Delay      (SCD):    2.994ns
    Clock Pessimism Removal (CPR):    0.229ns
  Clock Uncertainty:      0.154ns  ((TSJ^2 + TIJ^2)^1/2 + DJ) / 2 + PE
    Total System Jitter     (TSJ):    0.071ns
    Total Input Jitter      (TIJ):    0.300ns
    Discrete Jitter          (DJ):    0.000ns
    Phase Error              (PE):    0.000ns

    Location             Delay type                Incr(ns)  Path(ns)    Netlist Resource(s)
  -------------------------------------------------------------------    -------------------
                         (clock clk_fpga_0 rise edge)
                                                      0.000     0.000 r  
                         propagated clock network latency
                                                      2.994     2.994    
    SLICE_X62Y71         FDRE                         0.000     2.994 r  aster_soc_board_i/aster/inst/implementation/g_hart[1].dcache/m_addr_q_reg[6]/C
    SLICE_X62Y71         FDRE (Prop_fdre_C_Q)         0.518     3.512 r  aster_soc_board_i/aster/inst/implementation/g_hart[1].dcache/m_addr_q_reg[6]/Q
                         net (fo=17, routed)          1.192     4.704    aster_soc_board_i/aster/inst/implementation/fabric/g_bank[0].mem/m_d_addr[1]_269[1]
    SLICE_X67Y71                                                      r  aster_soc_board_i/aster/inst/implementation/fabric/g_bank[0].mem/ram_reg_0_i_252/I1
    SLICE_X67Y71         LUT6 (Prop_lut6_I1_O)        0.124     4.828 r  aster_soc_board_i/aster/inst/implementation/fabric/g_bank[0].mem/ram_reg_0_i_252/O
                         net (fo=1, routed)           0.000     4.828    aster_soc_board_i/aster/inst/implementation/fabric/g_bank[0].mem/ram_reg_0_i_252_n_0
    SLICE_X67Y71                                                      r  aster_soc_board_i/aster/inst/implementation/fabric/g_bank[0].mem/ram_reg_0_i_187__0/S[0]
    SLICE_X67Y71         CARRY4 (Prop_carry4_S[0]_CO[3])
                                                      0.532     5.360 f  aster_soc_board_i/aster/inst/implementation/fabric/g_bank[0].mem/ram_reg_0_i_187__0/CO[3]
                         net (fo=1, routed)           0.943     6.303    aster_soc_board_i/aster/inst/implementation/g_hart[1].dcache/ram_reg_0_i_94__1_0[0]
    SLICE_X67Y68                                                      f  aster_soc_board_i/aster/inst/implementation/g_hart[1].dcache/ram_reg_0_i_143/I4
    SLICE_X67Y68         LUT6 (Prop_lut6_I4_O)        0.124     6.427 r  aster_soc_board_i/aster/inst/implementation/g_hart[1].dcache/ram_reg_0_i_143/O
                         net (fo=1, routed)           0.312     6.739    aster_soc_board_i/aster/inst/implementation/g_hart[1].dcache/ram_reg_0_i_143_n_0
    SLICE_X66Y69                                                      r  aster_soc_board_i/aster/inst/implementation/g_hart[1].dcache/ram_reg_0_i_94__1/I3
    SLICE_X66Y69         LUT4 (Prop_lut4_I3_O)        0.124     6.863 f  aster_soc_board_i/aster/inst/implementation/g_hart[1].dcache/ram_reg_0_i_94__1/O
                         net (fo=4, routed)           0.648     7.511    aster_soc_board_i/aster/inst/implementation/fabric/g_bank[0].mem/ram_reg_0_6
    SLICE_X66Y68                                                      f  aster_soc_board_i/aster/inst/implementation/fabric/g_bank[0].mem/ram_reg_0_i_36__1/I3
    SLICE_X66Y68         LUT6 (Prop_lut6_I3_O)        0.124     7.635 r  aster_soc_board_i/aster/inst/implementation/fabric/g_bank[0].mem/ram_reg_0_i_36__1/O
                         net (fo=61, routed)          0.704     8.340    aster_soc_board_i/aster/inst/implementation/fabric/g_bank[0].mem/ptr_a_reg[0][1]
    SLICE_X66Y67                                                      r  aster_soc_board_i/aster/inst/implementation/fabric/g_bank[0].mem/ram_reg_0_i_107/I0
    SLICE_X66Y67         LUT6 (Prop_lut6_I0_O)        0.124     8.464 f  aster_soc_board_i/aster/inst/implementation/fabric/g_bank[0].mem/ram_reg_0_i_107/O
                         net (fo=1, routed)           0.451     8.915    aster_soc_board_i/aster/inst/implementation/fabric/g_bank[0].mem/ram_reg_0_i_107_n_0
    SLICE_X63Y68                                                      f  aster_soc_board_i/aster/inst/implementation/fabric/g_bank[0].mem/ram_reg_0_i_42__1/I4
    SLICE_X63Y68         LUT5 (Prop_lut5_I4_O)        0.124     9.039 r  aster_soc_board_i/aster/inst/implementation/fabric/g_bank[0].mem/ram_reg_0_i_42__1/O
                         net (fo=2, routed)           0.760     9.799    aster_soc_board_i/aster/inst/implementation/fabric/g_bank[0].mem_n_9
    SLICE_X59Y68                                                      r  aster_soc_board_i/aster/inst/implementation/fabric/v1[4]_i_1/I0
    SLICE_X59Y68         LUT5 (Prop_lut5_I0_O)        0.124     9.923 r  aster_soc_board_i/aster/inst/implementation/fabric/v1[4]_i_1/O
                         net (fo=10, routed)          0.596    10.519    aster_soc_board_i/aster/inst/implementation/fabric/n_ready_f
    SLICE_X59Y71                                                      r  aster_soc_board_i/aster/inst/implementation/fabric/g_npu_buffer.e_be[0][6]_i_3/I0
    SLICE_X59Y71         LUT3 (Prop_lut3_I0_O)        0.124    10.643 r  aster_soc_board_i/aster/inst/implementation/fabric/g_npu_buffer.e_be[0][6]_i_3/O
                         net (fo=67, routed)          0.526    11.168    aster_soc_board_i/aster/inst/implementation/fabric/g_npu_buffer.count_reg[1]
    SLICE_X59Y71                                                      r  aster_soc_board_i/aster/inst/implementation/fabric/g_npu_buffer.e_be[0][6]_i_1/I3
    SLICE_X59Y71         LUT5 (Prop_lut5_I3_O)        0.124    11.292 r  aster_soc_board_i/aster/inst/implementation/fabric/g_npu_buffer.e_be[0][6]_i_1/O
                         net (fo=65, routed)          0.900    12.192    aster_soc_board_i/aster/inst/implementation/g_npu_buffer.e_be
    SLICE_X59Y75         FDRE                                         r  aster_soc_board_i/aster/inst/implementation/g_npu_buffer.e_addr_reg[0][20]/CE
  -------------------------------------------------------------------    -------------------

                         (clock clk_fpga_0 rise edge)
                                                     10.000    10.000 r  
                         propagated clock network latency
                                                      2.699    12.699    
                         clock pessimism              0.229    12.928    
                         clock uncertainty           -0.154    12.774    
    SLICE_X59Y75         FDRE (Setup_fdre_C_CE)      -0.205    12.569    aster_soc_board_i/aster/inst/implementation/g_npu_buffer.e_addr_reg[0][20]
  -------------------------------------------------------------------
                         required time                         12.569    
                         arrival time                         -12.192    
  -------------------------------------------------------------------
                         slack                                  0.376    

Slack (MET) :             0.376ns  (required time - arrival time)
  Source:                 aster_soc_board_i/aster/inst/implementation/g_hart[1].dcache/m_addr_q_reg[6]/C
                            (rising edge-triggered cell FDRE clocked by clk_fpga_0  {rise@0.000ns fall@5.000ns period=10.000ns})
  Destination:            aster_soc_board_i/aster/inst/implementation/g_npu_buffer.e_addr_reg[0][23]/CE
                            (rising edge-triggered cell FDRE clocked by clk_fpga_0  {rise@0.000ns fall@5.000ns period=10.000ns})
  Path Group:             clk_fpga_0
  Path Type:              Setup (Max at Slow Process Corner)
  Requirement:            10.000ns  (clk_fpga_0 rise@10.000ns - clk_fpga_0 rise@0.000ns)
  Data Path Delay:        9.198ns  (logic 2.166ns (23.548%)  route 7.032ns (76.452%))
  Logic Levels:           10  (CARRY4=1 LUT3=1 LUT4=1 LUT5=3 LUT6=4)
  Clock Path Skew:        -0.066ns (DCD - SCD + CPR)
    Destination Clock Delay (DCD):    2.699ns = ( 12.699 - 10.000 ) 
    Source Clock Delay      (SCD):    2.994ns
    Clock Pessimism Removal (CPR):    0.229ns
  Clock Uncertainty:      0.154ns  ((TSJ^2 + TIJ^2)^1/2 + DJ) / 2 + PE
    Total System Jitter     (TSJ):    0.071ns
    Total Input Jitter      (TIJ):    0.300ns
    Discrete Jitter          (DJ):    0.000ns
    Phase Error              (PE):    0.000ns

    Location             Delay type                Incr(ns)  Path(ns)    Netlist Resource(s)
  -------------------------------------------------------------------    -------------------
                         (clock clk_fpga_0 rise edge)
                                                      0.000     0.000 r  
                         propagated clock network latency
                                                      2.994     2.994    
    SLICE_X62Y71         FDRE                         0.000     2.994 r  aster_soc_board_i/aster/inst/implementation/g_hart[1].dcache/m_addr_q_reg[6]/C
    SLICE_X62Y71         FDRE (Prop_fdre_C_Q)         0.518     3.512 r  aster_soc_board_i/aster/inst/implementation/g_hart[1].dcache/m_addr_q_reg[6]/Q
                         net (fo=17, routed)          1.192     4.704    aster_soc_board_i/aster/inst/implementation/fabric/g_bank[0].mem/m_d_addr[1]_269[1]
    SLICE_X67Y71                                                      r  aster_soc_board_i/aster/inst/implementation/fabric/g_bank[0].mem/ram_reg_0_i_252/I1
    SLICE_X67Y71         LUT6 (Prop_lut6_I1_O)        0.124     4.828 r  aster_soc_board_i/aster/inst/implementation/fabric/g_bank[0].mem/ram_reg_0_i_252/O
                         net (fo=1, routed)           0.000     4.828    aster_soc_board_i/aster/inst/implementation/fabric/g_bank[0].mem/ram_reg_0_i_252_n_0
    SLICE_X67Y71                                                      r  aster_soc_board_i/aster/inst/implementation/fabric/g_bank[0].mem/ram_reg_0_i_187__0/S[0]
    SLICE_X67Y71         CARRY4 (Prop_carry4_S[0]_CO[3])
                                                      0.532     5.360 f  aster_soc_board_i/aster/inst/implementation/fabric/g_bank[0].mem/ram_reg_0_i_187__0/CO[3]
                         net (fo=1, routed)           0.943     6.303    aster_soc_board_i/aster/inst/implementation/g_hart[1].dcache/ram_reg_0_i_94__1_0[0]
    SLICE_X67Y68                                                      f  aster_soc_board_i/aster/inst/implementation/g_hart[1].dcache/ram_reg_0_i_143/I4
    SLICE_X67Y68         LUT6 (Prop_lut6_I4_O)        0.124     6.427 r  aster_soc_board_i/aster/inst/implementation/g_hart[1].dcache/ram_reg_0_i_143/O
                         net (fo=1, routed)           0.312     6.739    aster_soc_board_i/aster/inst/implementation/g_hart[1].dcache/ram_reg_0_i_143_n_0
    SLICE_X66Y69                                                      r  aster_soc_board_i/aster/inst/implementation/g_hart[1].dcache/ram_reg_0_i_94__1/I3
    SLICE_X66Y69         LUT4 (Prop_lut4_I3_O)        0.124     6.863 f  aster_soc_board_i/aster/inst/implementation/g_hart[1].dcache/ram_reg_0_i_94__1/O
                         net (fo=4, routed)           0.648     7.511    aster_soc_board_i/aster/inst/implementation/fabric/g_bank[0].mem/ram_reg_0_6
    SLICE_X66Y68                                                      f  aster_soc_board_i/aster/inst/implementation/fabric/g_bank[0].mem/ram_reg_0_i_36__1/I3
    SLICE_X66Y68         LUT6 (Prop_lut6_I3_O)        0.124     7.635 r  aster_soc_board_i/aster/inst/implementation/fabric/g_bank[0].mem/ram_reg_0_i_36__1/O
                         net (fo=61, routed)          0.704     8.340    aster_soc_board_i/aster/inst/implementation/fabric/g_bank[0].mem/ptr_a_reg[0][1]
    SLICE_X66Y67                                                      r  aster_soc_board_i/aster/inst/implementation/fabric/g_bank[0].mem/ram_reg_0_i_107/I0
    SLICE_X66Y67         LUT6 (Prop_lut6_I0_O)        0.124     8.464 f  aster_soc_board_i/aster/inst/implementation/fabric/g_bank[0].mem/ram_reg_0_i_107/O
                         net (fo=1, routed)           0.451     8.915    aster_soc_board_i/aster/inst/implementation/fabric/g_bank[0].mem/ram_reg_0_i_107_n_0
    SLICE_X63Y68                                                      f  aster_soc_board_i/aster/inst/implementation/fabric/g_bank[0].mem/ram_reg_0_i_42__1/I4
    SLICE_X63Y68         LUT5 (Prop_lut5_I4_O)        0.124     9.039 r  aster_soc_board_i/aster/inst/implementation/fabric/g_bank[0].mem/ram_reg_0_i_42__1/O
                         net (fo=2, routed)           0.760     9.799    aster_soc_board_i/aster/inst/implementation/fabric/g_bank[0].mem_n_9
    SLICE_X59Y68                                                      r  aster_soc_board_i/aster/inst/implementation/fabric/v1[4]_i_1/I0
    SLICE_X59Y68         LUT5 (Prop_lut5_I0_O)        0.124     9.923 r  aster_soc_board_i/aster/inst/implementation/fabric/v1[4]_i_1/O
                         net (fo=10, routed)          0.596    10.519    aster_soc_board_i/aster/inst/implementation/fabric/n_ready_f
    SLICE_X59Y71                                                      r  aster_soc_board_i/aster/inst/implementation/fabric/g_npu_buffer.e_be[0][6]_i_3/I0
    SLICE_X59Y71         LUT3 (Prop_lut3_I0_O)        0.124    10.643 r  aster_soc_board_i/aster/inst/implementation/fabric/g_npu_buffer.e_be[0][6]_i_3/O
                         net (fo=67, routed)          0.526    11.168    aster_soc_board_i/aster/inst/implementation/fabric/g_npu_buffer.count_reg[1]
    SLICE_X59Y71                                                      r  aster_soc_board_i/aster/inst/implementation/fabric/g_npu_buffer.e_be[0][6]_i_1/I3
    SLICE_X59Y71         LUT5 (Prop_lut5_I3_O)        0.124    11.292 r  aster_soc_board_i/aster/inst/implementation/fabric/g_npu_buffer.e_be[0][6]_i_1/O
                         net (fo=65, routed)          0.900    12.192    aster_soc_board_i/aster/inst/implementation/g_npu_buffer.e_be
    SLICE_X59Y75         FDRE                                         r  aster_soc_board_i/aster/inst/implementation/g_npu_buffer.e_addr_reg[0][23]/CE
  -------------------------------------------------------------------    -------------------

                         (clock clk_fpga_0 rise edge)
                                                     10.000    10.000 r  
                         propagated clock network latency
                                                      2.699    12.699    
                         clock pessimism              0.229    12.928    
                         clock uncertainty           -0.154    12.774    
    SLICE_X59Y75         FDRE (Setup_fdre_C_CE)      -0.205    12.569    aster_soc_board_i/aster/inst/implementation/g_npu_buffer.e_addr_reg[0][23]
  -------------------------------------------------------------------
                         required time                         12.569    
                         arrival time                         -12.192    
  -------------------------------------------------------------------
                         slack                                  0.376    

Slack (MET) :             0.376ns  (required time - arrival time)
  Source:                 aster_soc_board_i/aster/inst/implementation/g_hart[1].dcache/m_addr_q_reg[6]/C
                            (rising edge-triggered cell FDRE clocked by clk_fpga_0  {rise@0.000ns fall@5.000ns period=10.000ns})
  Destination:            aster_soc_board_i/aster/inst/implementation/g_npu_buffer.e_addr_reg[0][27]/CE
                            (rising edge-triggered cell FDRE clocked by clk_fpga_0  {rise@0.000ns fall@5.000ns period=10.000ns})
  Path Group:             clk_fpga_0
  Path Type:              Setup (Max at Slow Process Corner)
  Requirement:            10.000ns  (clk_fpga_0 rise@10.000ns - clk_fpga_0 rise@0.000ns)
  Data Path Delay:        9.198ns  (logic 2.166ns (23.548%)  route 7.032ns (76.452%))
  Logic Levels:           10  (CARRY4=1 LUT3=1 LUT4=1 LUT5=3 LUT6=4)
  Clock Path Skew:        -0.066ns (DCD - SCD + CPR)
    Destination Clock Delay (DCD):    2.699ns = ( 12.699 - 10.000 ) 
    Source Clock Delay      (SCD):    2.994ns
    Clock Pessimism Removal (CPR):    0.229ns
  Clock Uncertainty:      0.154ns  ((TSJ^2 + TIJ^2)^1/2 + DJ) / 2 + PE
    Total System Jitter     (TSJ):    0.071ns
    Total Input Jitter      (TIJ):    0.300ns
    Discrete Jitter          (DJ):    0.000ns
    Phase Error              (PE):    0.000ns

    Location             Delay type                Incr(ns)  Path(ns)    Netlist Resource(s)
  -------------------------------------------------------------------    -------------------
                         (clock clk_fpga_0 rise edge)
                                                      0.000     0.000 r  
                         propagated clock network latency
                                                      2.994     2.994    
    SLICE_X62Y71         FDRE                         0.000     2.994 r  aster_soc_board_i/aster/inst/implementation/g_hart[1].dcache/m_addr_q_reg[6]/C
    SLICE_X62Y71         FDRE (Prop_fdre_C_Q)         0.518     3.512 r  aster_soc_board_i/aster/inst/implementation/g_hart[1].dcache/m_addr_q_reg[6]/Q
                         net (fo=17, routed)          1.192     4.704    aster_soc_board_i/aster/inst/implementation/fabric/g_bank[0].mem/m_d_addr[1]_269[1]
    SLICE_X67Y71                                                      r  aster_soc_board_i/aster/inst/implementation/fabric/g_bank[0].mem/ram_reg_0_i_252/I1
    SLICE_X67Y71         LUT6 (Prop_lut6_I1_O)        0.124     4.828 r  aster_soc_board_i/aster/inst/implementation/fabric/g_bank[0].mem/ram_reg_0_i_252/O
                         net (fo=1, routed)           0.000     4.828    aster_soc_board_i/aster/inst/implementation/fabric/g_bank[0].mem/ram_reg_0_i_252_n_0
    SLICE_X67Y71                                                      r  aster_soc_board_i/aster/inst/implementation/fabric/g_bank[0].mem/ram_reg_0_i_187__0/S[0]
    SLICE_X67Y71         CARRY4 (Prop_carry4_S[0]_CO[3])
                                                      0.532     5.360 f  aster_soc_board_i/aster/inst/implementation/fabric/g_bank[0].mem/ram_reg_0_i_187__0/CO[3]
                         net (fo=1, routed)           0.943     6.303    aster_soc_board_i/aster/inst/implementation/g_hart[1].dcache/ram_reg_0_i_94__1_0[0]
    SLICE_X67Y68                                                      f  aster_soc_board_i/aster/inst/implementation/g_hart[1].dcache/ram_reg_0_i_143/I4
    SLICE_X67Y68         LUT6 (Prop_lut6_I4_O)        0.124     6.427 r  aster_soc_board_i/aster/inst/implementation/g_hart[1].dcache/ram_reg_0_i_143/O
                         net (fo=1, routed)           0.312     6.739    aster_soc_board_i/aster/inst/implementation/g_hart[1].dcache/ram_reg_0_i_143_n_0
    SLICE_X66Y69                                                      r  aster_soc_board_i/aster/inst/implementation/g_hart[1].dcache/ram_reg_0_i_94__1/I3
    SLICE_X66Y69         LUT4 (Prop_lut4_I3_O)        0.124     6.863 f  aster_soc_board_i/aster/inst/implementation/g_hart[1].dcache/ram_reg_0_i_94__1/O
                         net (fo=4, routed)           0.648     7.511    aster_soc_board_i/aster/inst/implementation/fabric/g_bank[0].mem/ram_reg_0_6
    SLICE_X66Y68                                                      f  aster_soc_board_i/aster/inst/implementation/fabric/g_bank[0].mem/ram_reg_0_i_36__1/I3
    SLICE_X66Y68         LUT6 (Prop_lut6_I3_O)        0.124     7.635 r  aster_soc_board_i/aster/inst/implementation/fabric/g_bank[0].mem/ram_reg_0_i_36__1/O
                         net (fo=61, routed)          0.704     8.340    aster_soc_board_i/aster/inst/implementation/fabric/g_bank[0].mem/ptr_a_reg[0][1]
    SLICE_X66Y67                                                      r  aster_soc_board_i/aster/inst/implementation/fabric/g_bank[0].mem/ram_reg_0_i_107/I0
    SLICE_X66Y67         LUT6 (Prop_lut6_I0_O)        0.124     8.464 f  aster_soc_board_i/aster/inst/implementation/fabric/g_bank[0].mem/ram_reg_0_i_107/O
                         net (fo=1, routed)           0.451     8.915    aster_soc_board_i/aster/inst/implementation/fabric/g_bank[0].mem/ram_reg_0_i_107_n_0
    SLICE_X63Y68                                                      f  aster_soc_board_i/aster/inst/implementation/fabric/g_bank[0].mem/ram_reg_0_i_42__1/I4
    SLICE_X63Y68         LUT5 (Prop_lut5_I4_O)        0.124     9.039 r  aster_soc_board_i/aster/inst/implementation/fabric/g_bank[0].mem/ram_reg_0_i_42__1/O
                         net (fo=2, routed)           0.760     9.799    aster_soc_board_i/aster/inst/implementation/fabric/g_bank[0].mem_n_9
    SLICE_X59Y68                                                      r  aster_soc_board_i/aster/inst/implementation/fabric/v1[4]_i_1/I0
    SLICE_X59Y68         LUT5 (Prop_lut5_I0_O)        0.124     9.923 r  aster_soc_board_i/aster/inst/implementation/fabric/v1[4]_i_1/O
                         net (fo=10, routed)          0.596    10.519    aster_soc_board_i/aster/inst/implementation/fabric/n_ready_f
    SLICE_X59Y71                                                      r  aster_soc_board_i/aster/inst/implementation/fabric/g_npu_buffer.e_be[0][6]_i_3/I0
    SLICE_X59Y71         LUT3 (Prop_lut3_I0_O)        0.124    10.643 r  aster_soc_board_i/aster/inst/implementation/fabric/g_npu_buffer.e_be[0][6]_i_3/O
                         net (fo=67, routed)          0.526    11.168    aster_soc_board_i/aster/inst/implementation/fabric/g_npu_buffer.count_reg[1]
    SLICE_X59Y71                                                      r  aster_soc_board_i/aster/inst/implementation/fabric/g_npu_buffer.e_be[0][6]_i_1/I3
    SLICE_X59Y71         LUT5 (Prop_lut5_I3_O)        0.124    11.292 r  aster_soc_board_i/aster/inst/implementation/fabric/g_npu_buffer.e_be[0][6]_i_1/O
                         net (fo=65, routed)          0.900    12.192    aster_soc_board_i/aster/inst/implementation/g_npu_buffer.e_be
    SLICE_X59Y75         FDRE                                         r  aster_soc_board_i/aster/inst/implementation/g_npu_buffer.e_addr_reg[0][27]/CE
  -------------------------------------------------------------------    -------------------

                         (clock clk_fpga_0 rise edge)
                                                     10.000    10.000 r  
                         propagated clock network latency
                                                      2.699    12.699    
                         clock pessimism              0.229    12.928    
                         clock uncertainty           -0.154    12.774    
    SLICE_X59Y75         FDRE (Setup_fdre_C_CE)      -0.205    12.569    aster_soc_board_i/aster/inst/implementation/g_npu_buffer.e_addr_reg[0][27]
  -------------------------------------------------------------------
                         required time                         12.569    
                         arrival time                         -12.192    
  -------------------------------------------------------------------
                         slack                                  0.376    

Slack (MET) :             0.376ns  (required time - arrival time)
  Source:                 aster_soc_board_i/aster/inst/implementation/g_hart[1].dcache/m_addr_q_reg[6]/C
                            (rising edge-triggered cell FDRE clocked by clk_fpga_0  {rise@0.000ns fall@5.000ns period=10.000ns})
  Destination:            aster_soc_board_i/aster/inst/implementation/g_npu_buffer.e_addr_reg[0][31]/CE
                            (rising edge-triggered cell FDRE clocked by clk_fpga_0  {rise@0.000ns fall@5.000ns period=10.000ns})
  Path Group:             clk_fpga_0
  Path Type:              Setup (Max at Slow Process Corner)
  Requirement:            10.000ns  (clk_fpga_0 rise@10.000ns - clk_fpga_0 rise@0.000ns)
  Data Path Delay:        9.198ns  (logic 2.166ns (23.548%)  route 7.032ns (76.452%))
  Logic Levels:           10  (CARRY4=1 LUT3=1 LUT4=1 LUT5=3 LUT6=4)
  Clock Path Skew:        -0.066ns (DCD - SCD + CPR)
    Destination Clock Delay (DCD):    2.699ns = ( 12.699 - 10.000 ) 
    Source Clock Delay      (SCD):    2.994ns
    Clock Pessimism Removal (CPR):    0.229ns
  Clock Uncertainty:      0.154ns  ((TSJ^2 + TIJ^2)^1/2 + DJ) / 2 + PE
    Total System Jitter     (TSJ):    0.071ns
    Total Input Jitter      (TIJ):    0.300ns
    Discrete Jitter          (DJ):    0.000ns
    Phase Error              (PE):    0.000ns

    Location             Delay type                Incr(ns)  Path(ns)    Netlist Resource(s)
  -------------------------------------------------------------------    -------------------
                         (clock clk_fpga_0 rise edge)
                                                      0.000     0.000 r  
                         propagated clock network latency
                                                      2.994     2.994    
    SLICE_X62Y71         FDRE                         0.000     2.994 r  aster_soc_board_i/aster/inst/implementation/g_hart[1].dcache/m_addr_q_reg[6]/C
    SLICE_X62Y71         FDRE (Prop_fdre_C_Q)         0.518     3.512 r  aster_soc_board_i/aster/inst/implementation/g_hart[1].dcache/m_addr_q_reg[6]/Q
                         net (fo=17, routed)          1.192     4.704    aster_soc_board_i/aster/inst/implementation/fabric/g_bank[0].mem/m_d_addr[1]_269[1]
    SLICE_X67Y71                                                      r  aster_soc_board_i/aster/inst/implementation/fabric/g_bank[0].mem/ram_reg_0_i_252/I1
    SLICE_X67Y71         LUT6 (Prop_lut6_I1_O)        0.124     4.828 r  aster_soc_board_i/aster/inst/implementation/fabric/g_bank[0].mem/ram_reg_0_i_252/O
                         net (fo=1, routed)           0.000     4.828    aster_soc_board_i/aster/inst/implementation/fabric/g_bank[0].mem/ram_reg_0_i_252_n_0
    SLICE_X67Y71                                                      r  aster_soc_board_i/aster/inst/implementation/fabric/g_bank[0].mem/ram_reg_0_i_187__0/S[0]
    SLICE_X67Y71         CARRY4 (Prop_carry4_S[0]_CO[3])
                                                      0.532     5.360 f  aster_soc_board_i/aster/inst/implementation/fabric/g_bank[0].mem/ram_reg_0_i_187__0/CO[3]
                         net (fo=1, routed)           0.943     6.303    aster_soc_board_i/aster/inst/implementation/g_hart[1].dcache/ram_reg_0_i_94__1_0[0]
    SLICE_X67Y68                                                      f  aster_soc_board_i/aster/inst/implementation/g_hart[1].dcache/ram_reg_0_i_143/I4
    SLICE_X67Y68         LUT6 (Prop_lut6_I4_O)        0.124     6.427 r  aster_soc_board_i/aster/inst/implementation/g_hart[1].dcache/ram_reg_0_i_143/O
                         net (fo=1, routed)           0.312     6.739    aster_soc_board_i/aster/inst/implementation/g_hart[1].dcache/ram_reg_0_i_143_n_0
    SLICE_X66Y69                                                      r  aster_soc_board_i/aster/inst/implementation/g_hart[1].dcache/ram_reg_0_i_94__1/I3
    SLICE_X66Y69         LUT4 (Prop_lut4_I3_O)        0.124     6.863 f  aster_soc_board_i/aster/inst/implementation/g_hart[1].dcache/ram_reg_0_i_94__1/O
                         net (fo=4, routed)           0.648     7.511    aster_soc_board_i/aster/inst/implementation/fabric/g_bank[0].mem/ram_reg_0_6
    SLICE_X66Y68                                                      f  aster_soc_board_i/aster/inst/implementation/fabric/g_bank[0].mem/ram_reg_0_i_36__1/I3
    SLICE_X66Y68         LUT6 (Prop_lut6_I3_O)        0.124     7.635 r  aster_soc_board_i/aster/inst/implementation/fabric/g_bank[0].mem/ram_reg_0_i_36__1/O
                         net (fo=61, routed)          0.704     8.340    aster_soc_board_i/aster/inst/implementation/fabric/g_bank[0].mem/ptr_a_reg[0][1]
    SLICE_X66Y67                                                      r  aster_soc_board_i/aster/inst/implementation/fabric/g_bank[0].mem/ram_reg_0_i_107/I0
    SLICE_X66Y67         LUT6 (Prop_lut6_I0_O)        0.124     8.464 f  aster_soc_board_i/aster/inst/implementation/fabric/g_bank[0].mem/ram_reg_0_i_107/O
                         net (fo=1, routed)           0.451     8.915    aster_soc_board_i/aster/inst/implementation/fabric/g_bank[0].mem/ram_reg_0_i_107_n_0
    SLICE_X63Y68                                                      f  aster_soc_board_i/aster/inst/implementation/fabric/g_bank[0].mem/ram_reg_0_i_42__1/I4
    SLICE_X63Y68         LUT5 (Prop_lut5_I4_O)        0.124     9.039 r  aster_soc_board_i/aster/inst/implementation/fabric/g_bank[0].mem/ram_reg_0_i_42__1/O
                         net (fo=2, routed)           0.760     9.799    aster_soc_board_i/aster/inst/implementation/fabric/g_bank[0].mem_n_9
    SLICE_X59Y68                                                      r  aster_soc_board_i/aster/inst/implementation/fabric/v1[4]_i_1/I0
    SLICE_X59Y68         LUT5 (Prop_lut5_I0_O)        0.124     9.923 r  aster_soc_board_i/aster/inst/implementation/fabric/v1[4]_i_1/O
                         net (fo=10, routed)          0.596    10.519    aster_soc_board_i/aster/inst/implementation/fabric/n_ready_f
    SLICE_X59Y71                                                      r  aster_soc_board_i/aster/inst/implementation/fabric/g_npu_buffer.e_be[0][6]_i_3/I0
    SLICE_X59Y71         LUT3 (Prop_lut3_I0_O)        0.124    10.643 r  aster_soc_board_i/aster/inst/implementation/fabric/g_npu_buffer.e_be[0][6]_i_3/O
                         net (fo=67, routed)          0.526    11.168    aster_soc_board_i/aster/inst/implementation/fabric/g_npu_buffer.count_reg[1]
    SLICE_X59Y71                                                      r  aster_soc_board_i/aster/inst/implementation/fabric/g_npu_buffer.e_be[0][6]_i_1/I3
    SLICE_X59Y71         LUT5 (Prop_lut5_I3_O)        0.124    11.292 r  aster_soc_board_i/aster/inst/implementation/fabric/g_npu_buffer.e_be[0][6]_i_1/O
                         net (fo=65, routed)          0.900    12.192    aster_soc_board_i/aster/inst/implementation/g_npu_buffer.e_be
    SLICE_X59Y75         FDRE                                         r  aster_soc_board_i/aster/inst/implementation/g_npu_buffer.e_addr_reg[0][31]/CE
  -------------------------------------------------------------------    -------------------

                         (clock clk_fpga_0 rise edge)
                                                     10.000    10.000 r  
                         propagated clock network latency
                                                      2.699    12.699    
                         clock pessimism              0.229    12.928    
                         clock uncertainty           -0.154    12.774    
    SLICE_X59Y75         FDRE (Setup_fdre_C_CE)      -0.205    12.569    aster_soc_board_i/aster/inst/implementation/g_npu_buffer.e_addr_reg[0][31]
  -------------------------------------------------------------------
                         required time                         12.569    
                         arrival time                         -12.192    
  -------------------------------------------------------------------
                         slack                                  0.376    

Slack (MET) :             0.377ns  (required time - arrival time)
  Source:                 aster_soc_board_i/aster/inst/implementation/g_hart[1].dcache/m_addr_q_reg[6]/C
                            (rising edge-triggered cell FDRE clocked by clk_fpga_0  {rise@0.000ns fall@5.000ns period=10.000ns})
  Destination:            aster_soc_board_i/aster/inst/implementation/g_npu_buffer.e_addr_reg[0][19]/CE
                            (rising edge-triggered cell FDRE clocked by clk_fpga_0  {rise@0.000ns fall@5.000ns period=10.000ns})
  Path Group:             clk_fpga_0
  Path Type:              Setup (Max at Slow Process Corner)
  Requirement:            10.000ns  (clk_fpga_0 rise@10.000ns - clk_fpga_0 rise@0.000ns)
  Data Path Delay:        9.201ns  (logic 2.166ns (23.541%)  route 7.035ns (76.459%))
  Logic Levels:           10  (CARRY4=1 LUT3=1 LUT4=1 LUT5=3 LUT6=4)
  Clock Path Skew:        -0.063ns (DCD - SCD + CPR)
    Destination Clock Delay (DCD):    2.702ns = ( 12.702 - 10.000 ) 
    Source Clock Delay      (SCD):    2.994ns
    Clock Pessimism Removal (CPR):    0.229ns
  Clock Uncertainty:      0.154ns  ((TSJ^2 + TIJ^2)^1/2 + DJ) / 2 + PE
    Total System Jitter     (TSJ):    0.071ns
    Total Input Jitter      (TIJ):    0.300ns
    Discrete Jitter          (DJ):    0.000ns
    Phase Error              (PE):    0.000ns

    Location             Delay type                Incr(ns)  Path(ns)    Netlist Resource(s)
  -------------------------------------------------------------------    -------------------
                         (clock clk_fpga_0 rise edge)
                                                      0.000     0.000 r  
                         propagated clock network latency
                                                      2.994     2.994    
    SLICE_X62Y71         FDRE                         0.000     2.994 r  aster_soc_board_i/aster/inst/implementation/g_hart[1].dcache/m_addr_q_reg[6]/C
    SLICE_X62Y71         FDRE (Prop_fdre_C_Q)         0.518     3.512 r  aster_soc_board_i/aster/inst/implementation/g_hart[1].dcache/m_addr_q_reg[6]/Q
                         net (fo=17, routed)          1.192     4.704    aster_soc_board_i/aster/inst/implementation/fabric/g_bank[0].mem/m_d_addr[1]_269[1]
    SLICE_X67Y71                                                      r  aster_soc_board_i/aster/inst/implementation/fabric/g_bank[0].mem/ram_reg_0_i_252/I1
    SLICE_X67Y71         LUT6 (Prop_lut6_I1_O)        0.124     4.828 r  aster_soc_board_i/aster/inst/implementation/fabric/g_bank[0].mem/ram_reg_0_i_252/O
                         net (fo=1, routed)           0.000     4.828    aster_soc_board_i/aster/inst/implementation/fabric/g_bank[0].mem/ram_reg_0_i_252_n_0
    SLICE_X67Y71                                                      r  aster_soc_board_i/aster/inst/implementation/fabric/g_bank[0].mem/ram_reg_0_i_187__0/S[0]
    SLICE_X67Y71         CARRY4 (Prop_carry4_S[0]_CO[3])
                                                      0.532     5.360 f  aster_soc_board_i/aster/inst/implementation/fabric/g_bank[0].mem/ram_reg_0_i_187__0/CO[3]
                         net (fo=1, routed)           0.943     6.303    aster_soc_board_i/aster/inst/implementation/g_hart[1].dcache/ram_reg_0_i_94__1_0[0]
    SLICE_X67Y68                                                      f  aster_soc_board_i/aster/inst/implementation/g_hart[1].dcache/ram_reg_0_i_143/I4
    SLICE_X67Y68         LUT6 (Prop_lut6_I4_O)        0.124     6.427 r  aster_soc_board_i/aster/inst/implementation/g_hart[1].dcache/ram_reg_0_i_143/O
                         net (fo=1, routed)           0.312     6.739    aster_soc_board_i/aster/inst/implementation/g_hart[1].dcache/ram_reg_0_i_143_n_0
    SLICE_X66Y69                                                      r  aster_soc_board_i/aster/inst/implementation/g_hart[1].dcache/ram_reg_0_i_94__1/I3
    SLICE_X66Y69         LUT4 (Prop_lut4_I3_O)        0.124     6.863 f  aster_soc_board_i/aster/inst/implementation/g_hart[1].dcache/ram_reg_0_i_94__1/O
                         net (fo=4, routed)           0.648     7.511    aster_soc_board_i/aster/inst/implementation/fabric/g_bank[0].mem/ram_reg_0_6
    SLICE_X66Y68                                                      f  aster_soc_board_i/aster/inst/implementation/fabric/g_bank[0].mem/ram_reg_0_i_36__1/I3
    SLICE_X66Y68         LUT6 (Prop_lut6_I3_O)        0.124     7.635 r  aster_soc_board_i/aster/inst/implementation/fabric/g_bank[0].mem/ram_reg_0_i_36__1/O
                         net (fo=61, routed)          0.704     8.340    aster_soc_board_i/aster/inst/implementation/fabric/g_bank[0].mem/ptr_a_reg[0][1]
    SLICE_X66Y67                                                      r  aster_soc_board_i/aster/inst/implementation/fabric/g_bank[0].mem/ram_reg_0_i_107/I0
    SLICE_X66Y67         LUT6 (Prop_lut6_I0_O)        0.124     8.464 f  aster_soc_board_i/aster/inst/implementation/fabric/g_bank[0].mem/ram_reg_0_i_107/O
                         net (fo=1, routed)           0.451     8.915    aster_soc_board_i/aster/inst/implementation/fabric/g_bank[0].mem/ram_reg_0_i_107_n_0
    SLICE_X63Y68                                                      f  aster_soc_board_i/aster/inst/implementation/fabric/g_bank[0].mem/ram_reg_0_i_42__1/I4
    SLICE_X63Y68         LUT5 (Prop_lut5_I4_O)        0.124     9.039 r  aster_soc_board_i/aster/inst/implementation/fabric/g_bank[0].mem/ram_reg_0_i_42__1/O
                         net (fo=2, routed)           0.760     9.799    aster_soc_board_i/aster/inst/implementation/fabric/g_bank[0].mem_n_9
    SLICE_X59Y68                                                      r  aster_soc_board_i/aster/inst/implementation/fabric/v1[4]_i_1/I0
    SLICE_X59Y68         LUT5 (Prop_lut5_I0_O)        0.124     9.923 r  aster_soc_board_i/aster/inst/implementation/fabric/v1[4]_i_1/O
                         net (fo=10, routed)          0.596    10.519    aster_soc_board_i/aster/inst/implementation/fabric/n_ready_f
    SLICE_X59Y71                                                      r  aster_soc_board_i/aster/inst/implementation/fabric/g_npu_buffer.e_be[0][6]_i_3/I0
    SLICE_X59Y71         LUT3 (Prop_lut3_I0_O)        0.124    10.643 r  aster_soc_board_i/aster/inst/implementation/fabric/g_npu_buffer.e_be[0][6]_i_3/O
                         net (fo=67, routed)          0.526    11.168    aster_soc_board_i/aster/inst/implementation/fabric/g_npu_buffer.count_reg[1]
    SLICE_X59Y71                                                      r  aster_soc_board_i/aster/inst/implementation/fabric/g_npu_buffer.e_be[0][6]_i_1/I3
    SLICE_X59Y71         LUT5 (Prop_lut5_I3_O)        0.124    11.292 r  aster_soc_board_i/aster/inst/implementation/fabric/g_npu_buffer.e_be[0][6]_i_1/O
                         net (fo=65, routed)          0.902    12.195    aster_soc_board_i/aster/inst/implementation/g_npu_buffer.e_be
    SLICE_X61Y75         FDRE                                         r  aster_soc_board_i/aster/inst/implementation/g_npu_buffer.e_addr_reg[0][19]/CE
  -------------------------------------------------------------------    -------------------

                         (clock clk_fpga_0 rise edge)
                                                     10.000    10.000 r  
                         propagated clock network latency
                                                      2.702    12.702    
                         clock pessimism              0.229    12.931    
                         clock uncertainty           -0.154    12.777    
    SLICE_X61Y75         FDRE (Setup_fdre_C_CE)      -0.205    12.572    aster_soc_board_i/aster/inst/implementation/g_npu_buffer.e_addr_reg[0][19]
  -------------------------------------------------------------------
                         required time                         12.572    
                         arrival time                         -12.195    
  -------------------------------------------------------------------
                         slack                                  0.377    

Slack (MET) :             0.377ns  (required time - arrival time)
  Source:                 aster_soc_board_i/aster/inst/implementation/g_hart[1].dcache/m_addr_q_reg[6]/C
                            (rising edge-triggered cell FDRE clocked by clk_fpga_0  {rise@0.000ns fall@5.000ns period=10.000ns})
  Destination:            aster_soc_board_i/aster/inst/implementation/g_npu_buffer.e_addr_reg[0][24]/CE
                            (rising edge-triggered cell FDRE clocked by clk_fpga_0  {rise@0.000ns fall@5.000ns period=10.000ns})
  Path Group:             clk_fpga_0
  Path Type:              Setup (Max at Slow Process Corner)
  Requirement:            10.000ns  (clk_fpga_0 rise@10.000ns - clk_fpga_0 rise@0.000ns)
  Data Path Delay:        9.201ns  (logic 2.166ns (23.541%)  route 7.035ns (76.459%))
  Logic Levels:           10  (CARRY4=1 LUT3=1 LUT4=1 LUT5=3 LUT6=4)
  Clock Path Skew:        -0.063ns (DCD - SCD + CPR)
    Destination Clock Delay (DCD):    2.702ns = ( 12.702 - 10.000 ) 
    Source Clock Delay      (SCD):    2.994ns
    Clock Pessimism Removal (CPR):    0.229ns
  Clock Uncertainty:      0.154ns  ((TSJ^2 + TIJ^2)^1/2 + DJ) / 2 + PE
    Total System Jitter     (TSJ):    0.071ns
    Total Input Jitter      (TIJ):    0.300ns
    Discrete Jitter          (DJ):    0.000ns
    Phase Error              (PE):    0.000ns

    Location             Delay type                Incr(ns)  Path(ns)    Netlist Resource(s)
  -------------------------------------------------------------------    -------------------
                         (clock clk_fpga_0 rise edge)
                                                      0.000     0.000 r  
                         propagated clock network latency
                                                      2.994     2.994    
    SLICE_X62Y71         FDRE                         0.000     2.994 r  aster_soc_board_i/aster/inst/implementation/g_hart[1].dcache/m_addr_q_reg[6]/C
    SLICE_X62Y71         FDRE (Prop_fdre_C_Q)         0.518     3.512 r  aster_soc_board_i/aster/inst/implementation/g_hart[1].dcache/m_addr_q_reg[6]/Q
                         net (fo=17, routed)          1.192     4.704    aster_soc_board_i/aster/inst/implementation/fabric/g_bank[0].mem/m_d_addr[1]_269[1]
    SLICE_X67Y71                                                      r  aster_soc_board_i/aster/inst/implementation/fabric/g_bank[0].mem/ram_reg_0_i_252/I1
    SLICE_X67Y71         LUT6 (Prop_lut6_I1_O)        0.124     4.828 r  aster_soc_board_i/aster/inst/implementation/fabric/g_bank[0].mem/ram_reg_0_i_252/O
                         net (fo=1, routed)           0.000     4.828    aster_soc_board_i/aster/inst/implementation/fabric/g_bank[0].mem/ram_reg_0_i_252_n_0
    SLICE_X67Y71                                                      r  aster_soc_board_i/aster/inst/implementation/fabric/g_bank[0].mem/ram_reg_0_i_187__0/S[0]
    SLICE_X67Y71         CARRY4 (Prop_carry4_S[0]_CO[3])
                                                      0.532     5.360 f  aster_soc_board_i/aster/inst/implementation/fabric/g_bank[0].mem/ram_reg_0_i_187__0/CO[3]
                         net (fo=1, routed)           0.943     6.303    aster_soc_board_i/aster/inst/implementation/g_hart[1].dcache/ram_reg_0_i_94__1_0[0]
    SLICE_X67Y68                                                      f  aster_soc_board_i/aster/inst/implementation/g_hart[1].dcache/ram_reg_0_i_143/I4
    SLICE_X67Y68         LUT6 (Prop_lut6_I4_O)        0.124     6.427 r  aster_soc_board_i/aster/inst/implementation/g_hart[1].dcache/ram_reg_0_i_143/O
                         net (fo=1, routed)           0.312     6.739    aster_soc_board_i/aster/inst/implementation/g_hart[1].dcache/ram_reg_0_i_143_n_0
    SLICE_X66Y69                                                      r  aster_soc_board_i/aster/inst/implementation/g_hart[1].dcache/ram_reg_0_i_94__1/I3
    SLICE_X66Y69         LUT4 (Prop_lut4_I3_O)        0.124     6.863 f  aster_soc_board_i/aster/inst/implementation/g_hart[1].dcache/ram_reg_0_i_94__1/O
                         net (fo=4, routed)           0.648     7.511    aster_soc_board_i/aster/inst/implementation/fabric/g_bank[0].mem/ram_reg_0_6
    SLICE_X66Y68                                                      f  aster_soc_board_i/aster/inst/implementation/fabric/g_bank[0].mem/ram_reg_0_i_36__1/I3
    SLICE_X66Y68         LUT6 (Prop_lut6_I3_O)        0.124     7.635 r  aster_soc_board_i/aster/inst/implementation/fabric/g_bank[0].mem/ram_reg_0_i_36__1/O
                         net (fo=61, routed)          0.704     8.340    aster_soc_board_i/aster/inst/implementation/fabric/g_bank[0].mem/ptr_a_reg[0][1]
    SLICE_X66Y67                                                      r  aster_soc_board_i/aster/inst/implementation/fabric/g_bank[0].mem/ram_reg_0_i_107/I0
    SLICE_X66Y67         LUT6 (Prop_lut6_I0_O)        0.124     8.464 f  aster_soc_board_i/aster/inst/implementation/fabric/g_bank[0].mem/ram_reg_0_i_107/O
                         net (fo=1, routed)           0.451     8.915    aster_soc_board_i/aster/inst/implementation/fabric/g_bank[0].mem/ram_reg_0_i_107_n_0
    SLICE_X63Y68                                                      f  aster_soc_board_i/aster/inst/implementation/fabric/g_bank[0].mem/ram_reg_0_i_42__1/I4
    SLICE_X63Y68         LUT5 (Prop_lut5_I4_O)        0.124     9.039 r  aster_soc_board_i/aster/inst/implementation/fabric/g_bank[0].mem/ram_reg_0_i_42__1/O
                         net (fo=2, routed)           0.760     9.799    aster_soc_board_i/aster/inst/implementation/fabric/g_bank[0].mem_n_9
    SLICE_X59Y68                                                      r  aster_soc_board_i/aster/inst/implementation/fabric/v1[4]_i_1/I0
    SLICE_X59Y68         LUT5 (Prop_lut5_I0_O)        0.124     9.923 r  aster_soc_board_i/aster/inst/implementation/fabric/v1[4]_i_1/O
                         net (fo=10, routed)          0.596    10.519    aster_soc_board_i/aster/inst/implementation/fabric/n_ready_f
    SLICE_X59Y71                                                      r  aster_soc_board_i/aster/inst/implementation/fabric/g_npu_buffer.e_be[0][6]_i_3/I0
    SLICE_X59Y71         LUT3 (Prop_lut3_I0_O)        0.124    10.643 r  aster_soc_board_i/aster/inst/implementation/fabric/g_npu_buffer.e_be[0][6]_i_3/O
                         net (fo=67, routed)          0.526    11.168    aster_soc_board_i/aster/inst/implementation/fabric/g_npu_buffer.count_reg[1]
    SLICE_X59Y71                                                      r  aster_soc_board_i/aster/inst/implementation/fabric/g_npu_buffer.e_be[0][6]_i_1/I3
    SLICE_X59Y71         LUT5 (Prop_lut5_I3_O)        0.124    11.292 r  aster_soc_board_i/aster/inst/implementation/fabric/g_npu_buffer.e_be[0][6]_i_1/O
                         net (fo=65, routed)          0.902    12.195    aster_soc_board_i/aster/inst/implementation/g_npu_buffer.e_be
    SLICE_X61Y75         FDRE                                         r  aster_soc_board_i/aster/inst/implementation/g_npu_buffer.e_addr_reg[0][24]/CE
  -------------------------------------------------------------------    -------------------

                         (clock clk_fpga_0 rise edge)
                                                     10.000    10.000 r  
                         propagated clock network latency
                                                      2.702    12.702    
                         clock pessimism              0.229    12.931    
                         clock uncertainty           -0.154    12.777    
    SLICE_X61Y75         FDRE (Setup_fdre_C_CE)      -0.205    12.572    aster_soc_board_i/aster/inst/implementation/g_npu_buffer.e_addr_reg[0][24]
  -------------------------------------------------------------------
                         required time                         12.572    
                         arrival time                         -12.195    
  -------------------------------------------------------------------
                         slack                                  0.377    




