NAMED-PATH-BEGIN d_rsp_valid_to_d_req_valid
Startpoint: d_rsp_valid (input port clocked by clk)
Endpoint: d_req_valid (output port clocked by clk)
Path Group: clk
Path Type: max

   Delay     Time   Description
-----------------------------------------------------------
   0.000    0.000   clock clk (rise edge)
   0.000    0.000   clock network delay (propagated)
   2.000    2.000 ^ input external delay
   0.011    2.011 ^ d_rsp_valid (in)
   0.288    2.299 ^ input35/X (sky130_fd_sc_hd__buf_2)
   0.320    2.619 ^ fanout1816/X (sky130_fd_sc_hd__buf_2)
   0.339    2.958 v _07762_/X (sky130_fd_sc_hd__and4bb_4)
   0.169    3.126 v fanout976/X (sky130_fd_sc_hd__buf_6)
   0.193    3.319 v fanout975/X (sky130_fd_sc_hd__buf_4)
   0.151    3.470 ^ _07765_/Y (sky130_fd_sc_hd__nand2_4)
   0.356    3.826 ^ _07770_/X (sky130_fd_sc_hd__and3_4)
   0.178    4.004 ^ fanout425/X (sky130_fd_sc_hd__buf_12)
   0.309    4.312 ^ _07771_/X (sky130_fd_sc_hd__and4_4)
   0.170    4.483 ^ output109/X (sky130_fd_sc_hd__buf_6)
   0.001    4.484 ^ d_req_valid (out)
            4.484   data arrival time

  10.000   10.000   clock clk (rise edge)
   0.000   10.000   clock network delay (propagated)
  -0.250    9.750   clock uncertainty
   0.000    9.750   clock reconvergence pessimism
  -2.000    7.750   output external delay
            7.750   data required time
-----------------------------------------------------------
            7.750   data required time
           -4.484   data arrival time
-----------------------------------------------------------
            3.266   slack (MET)


NAMED-PATH-END
NAMED-PATH-BEGIN d_rsp_error_to_d_req_valid
Startpoint: d_rsp_error (input port clocked by clk)
Endpoint: d_req_valid (output port clocked by clk)
Path Group: clk
Path Type: max

   Delay     Time   Description
-----------------------------------------------------------
   0.000    0.000   clock clk (rise edge)
   0.000    0.000   clock network delay (propagated)
   2.000    2.000 v input external delay
   0.005    2.005 v d_rsp_error (in)
   0.215    2.220 v input2/X (sky130_fd_sc_hd__buf_2)
   0.254    2.474 v _07756_/Y (sky130_fd_sc_hd__nand2b_2)
   0.169    2.643 v _07757_/X (sky130_fd_sc_hd__o211a_2)
   0.274    2.917 ^ _07760_/Y (sky130_fd_sc_hd__o21ai_4)
   0.169    3.086 ^ fanout577/X (sky130_fd_sc_hd__buf_12)
   0.326    3.413 ^ _07770_/X (sky130_fd_sc_hd__and3_4)
   0.178    3.591 ^ fanout425/X (sky130_fd_sc_hd__buf_12)
   0.309    3.899 ^ _07771_/X (sky130_fd_sc_hd__and4_4)
   0.170    4.070 ^ output109/X (sky130_fd_sc_hd__buf_6)
   0.001    4.070 ^ d_req_valid (out)
            4.070   data arrival time

  10.000   10.000   clock clk (rise edge)
   0.000   10.000   clock network delay (propagated)
  -0.250    9.750   clock uncertainty
   0.000    9.750   clock reconvergence pessimism
  -2.000    7.750   output external delay
            7.750   data required time
-----------------------------------------------------------
            7.750   data required time
           -4.070   data arrival time
-----------------------------------------------------------
            3.680   slack (MET)


NAMED-PATH-END
