NAMED-PATH-BEGIN d_rsp_valid_to_d_req_valid
Startpoint: d_rsp_valid (input port clocked by clk)
Endpoint: d_req_valid (output port clocked by clk)
Path Group: clk
Path Type: max

   Delay     Time   Description
-----------------------------------------------------------
   0.000    0.000   clock clk (rise edge)
   0.000    0.000   clock network delay (propagated)
   2.000    2.000 v input external delay
   0.005    2.005 v d_rsp_valid (in)
   0.206    2.211 v input35/X (sky130_fd_sc_hd__buf_2)
   0.225    2.435 v fanout1848/X (sky130_fd_sc_hd__buf_2)
   0.531    2.966 v _07801_/X (sky130_fd_sc_hd__or3b_4)
   0.244    3.210 v _07810_/X (sky130_fd_sc_hd__and3_4)
   0.182    3.392 v fanout374/X (sky130_fd_sc_hd__buf_6)
   0.287    3.680 v _07811_/X (sky130_fd_sc_hd__and3b_2)
   0.165    3.845 v output109/X (sky130_fd_sc_hd__buf_8)
   0.002    3.847 v d_req_valid (out)
            3.847   data arrival time

  10.000   10.000   clock clk (rise edge)
   0.000   10.000   clock network delay (propagated)
  -0.250    9.750   clock uncertainty
   0.000    9.750   clock reconvergence pessimism
  -2.000    7.750   output external delay
            7.750   data required time
-----------------------------------------------------------
            7.750   data required time
           -3.847   data arrival time
-----------------------------------------------------------
            3.903   slack (MET)


NAMED-PATH-END
NAMED-PATH-BEGIN d_rsp_error_to_d_req_valid
Startpoint: d_rsp_error (input port clocked by clk)
Endpoint: d_req_valid (output port clocked by clk)
Path Group: clk
Path Type: max

   Delay     Time   Description
-----------------------------------------------------------
   0.000    0.000   clock clk (rise edge)
   0.000    0.000   clock network delay (propagated)
   2.000    2.000 v input external delay
   0.005    2.005 v d_rsp_error (in)
   0.197    2.201 v input2/X (sky130_fd_sc_hd__buf_2)
   0.245    2.447 v _07793_/Y (sky130_fd_sc_hd__nand2b_2)
   0.163    2.609 v _07794_/X (sky130_fd_sc_hd__o211a_2)
   0.202    2.811 ^ _07796_/Y (sky130_fd_sc_hd__o21ai_4)
   0.192    3.003 ^ fanout555/X (sky130_fd_sc_hd__buf_12)
   0.194    3.197 ^ fanout554/X (sky130_fd_sc_hd__buf_6)
   0.248    3.445 ^ _07810_/X (sky130_fd_sc_hd__and3_4)
   0.221    3.665 ^ fanout374/X (sky130_fd_sc_hd__buf_6)
   0.320    3.985 ^ _07811_/X (sky130_fd_sc_hd__and3b_2)
   0.157    4.142 ^ output109/X (sky130_fd_sc_hd__buf_8)
   0.002    4.144 ^ d_req_valid (out)
            4.144   data arrival time

  10.000   10.000   clock clk (rise edge)
   0.000   10.000   clock network delay (propagated)
  -0.250    9.750   clock uncertainty
   0.000    9.750   clock reconvergence pessimism
  -2.000    7.750   output external delay
            7.750   data required time
-----------------------------------------------------------
            7.750   data required time
           -4.144   data arrival time
-----------------------------------------------------------
            3.606   slack (MET)


NAMED-PATH-END
