NAMED-PATH-BEGIN d_rsp_valid_to_d_req_valid
Startpoint: d_rsp_valid (input port clocked by clk)
Endpoint: d_req_valid (output port clocked by clk)
Path Group: clk
Path Type: max

   Delay     Time   Description
-----------------------------------------------------------
   0.000    0.000   clock clk (rise edge)
   0.000    0.000   clock network delay (propagated)
   2.000    2.000 ^ input external delay
   0.018    2.018 ^ d_rsp_valid (in)
   0.421    2.439 ^ input35/X (sky130_fd_sc_hd__buf_2)
   0.519    2.958 ^ fanout3416/X (sky130_fd_sc_hd__buf_2)
   0.348    3.306 ^ _17154_/Y (sky130_fd_sc_hd__nand2b_2)
   0.394    3.699 ^ fanout1754/X (sky130_fd_sc_hd__clkbuf_4)
   0.661    4.360 v _17159_/X (sky130_fd_sc_hd__and4bb_4)
   0.363    4.723 v fanout1292/X (sky130_fd_sc_hd__buf_6)
   1.248    5.971 v _17161_/X (sky130_fd_sc_hd__or4b_4)
   0.315    6.286 v rebuffer3423/X (sky130_fd_sc_hd__buf_6)
   0.445    6.731 ^ _17162_/Y (sky130_fd_sc_hd__nor3_4)
   0.337    7.067 ^ wire429/X (sky130_fd_sc_hd__buf_6)
   0.380    7.448 ^ output109/X (sky130_fd_sc_hd__buf_2)
   0.001    7.448 ^ d_req_valid (out)
            7.448   data arrival time

  10.000   10.000   clock clk (rise edge)
   0.000   10.000   clock network delay (propagated)
  -0.250    9.750   clock uncertainty
   0.000    9.750   clock reconvergence pessimism
  -2.000    7.750   output external delay
            7.750   data required time
-----------------------------------------------------------
            7.750   data required time
           -7.448   data arrival time
-----------------------------------------------------------
            0.302   slack (MET)


NAMED-PATH-END
NAMED-PATH-BEGIN d_rsp_error_to_d_req_valid
Startpoint: d_rsp_error (input port clocked by clk)
Endpoint: d_req_valid (output port clocked by clk)
Path Group: clk
Path Type: max

   Delay     Time   Description
-----------------------------------------------------------
   0.000    0.000   clock clk (rise edge)
   0.000    0.000   clock network delay (propagated)
   2.000    2.000 v input external delay
   0.013    2.013 v d_rsp_error (in)
   0.344    2.356 v input2/X (sky130_fd_sc_hd__buf_2)
   0.450    2.806 v _17149_/Y (sky130_fd_sc_hd__nand2b_2)
   0.259    3.065 v _17150_/X (sky130_fd_sc_hd__o211a_2)
   0.611    3.675 v _17152_/X (sky130_fd_sc_hd__o21a_2)
   1.359    5.035 v _17161_/X (sky130_fd_sc_hd__or4b_4)
   0.315    5.349 v rebuffer3423/X (sky130_fd_sc_hd__buf_6)
   0.445    5.794 ^ _17162_/Y (sky130_fd_sc_hd__nor3_4)
   0.337    6.131 ^ wire429/X (sky130_fd_sc_hd__buf_6)
   0.380    6.511 ^ output109/X (sky130_fd_sc_hd__buf_2)
   0.001    6.512 ^ d_req_valid (out)
            6.512   data arrival time

  10.000   10.000   clock clk (rise edge)
   0.000   10.000   clock network delay (propagated)
  -0.250    9.750   clock uncertainty
   0.000    9.750   clock reconvergence pessimism
  -2.000    7.750   output external delay
            7.750   data required time
-----------------------------------------------------------
            7.750   data required time
           -6.512   data arrival time
-----------------------------------------------------------
            1.238   slack (MET)


NAMED-PATH-END
