NAMED-PATH-BEGIN d_rsp_valid_to_d_req_valid
Startpoint: d_rsp_valid (input port clocked by clk)
Endpoint: d_req_valid (output port clocked by clk)
Path Group: clk
Path Type: max

   Delay     Time   Description
-----------------------------------------------------------
   0.000    0.000   clock clk (rise edge)
   0.000    0.000   clock network delay (propagated)
   2.000    2.000 ^ input external delay
   0.030    2.030 ^ d_rsp_valid (in)
   1.379    3.409 ^ input35/X (sky130_fd_sc_hd__dlygate4sd3_1)
   0.578    3.987 ^ _07842_/Y (sky130_fd_sc_hd__nand2b_4)
   0.524    4.511 ^ fanout1573/X (sky130_fd_sc_hd__clkbuf_2)
   0.736    5.247 v _07846_/X (sky130_fd_sc_hd__and4bb_2)
   0.380    5.627 v fanout1423/X (sky130_fd_sc_hd__buf_2)
   0.363    5.990 v load_slew1425/X (sky130_fd_sc_hd__buf_4)
   0.383    6.373 ^ _07848_/Y (sky130_fd_sc_hd__a221oi_4)
   0.314    6.687 v _07849_/Y (sky130_fd_sc_hd__nand4_4)
   1.027    7.714 ^ _07850_/X (sky130_fd_sc_hd__and4b_2)
   0.377    8.091 ^ output109/X (sky130_fd_sc_hd__buf_8)
   0.001    8.092 ^ d_req_valid (out)
            8.092   data arrival time

  10.000   10.000   clock clk (rise edge)
   0.000   10.000   clock network delay (propagated)
  -0.250    9.750   clock uncertainty
   0.000    9.750   clock reconvergence pessimism
  -2.000    7.750   output external delay
            7.750   data required time
-----------------------------------------------------------
            7.750   data required time
           -8.092   data arrival time
-----------------------------------------------------------
           -0.342   slack (VIOLATED)


NAMED-PATH-END
NAMED-PATH-BEGIN d_rsp_error_to_d_req_valid
Startpoint: d_rsp_error (input port clocked by clk)
Endpoint: d_req_valid (output port clocked by clk)
Path Group: clk
Path Type: max

   Delay     Time   Description
-----------------------------------------------------------
   0.000    0.000   clock clk (rise edge)
   0.000    0.000   clock network delay (propagated)
   2.000    2.000 v input external delay
   0.010    2.010 v d_rsp_error (in)
   0.407    2.417 v input2/X (sky130_fd_sc_hd__buf_2)
   0.520    2.937 v _07832_/Y (sky130_fd_sc_hd__nand2b_2)
   0.296    3.234 v _07833_/X (sky130_fd_sc_hd__o211a_2)
   0.717    3.950 ^ _07835_/Y (sky130_fd_sc_hd__o21ai_2)
   0.528    4.478 ^ load_slew827/X (sky130_fd_sc_hd__buf_6)
   0.274    4.752 v _07849_/Y (sky130_fd_sc_hd__nand4_4)
   1.027    5.780 ^ _07850_/X (sky130_fd_sc_hd__and4b_2)
   0.377    6.156 ^ output109/X (sky130_fd_sc_hd__buf_8)
   0.001    6.157 ^ d_req_valid (out)
            6.157   data arrival time

  10.000   10.000   clock clk (rise edge)
   0.000   10.000   clock network delay (propagated)
  -0.250    9.750   clock uncertainty
   0.000    9.750   clock reconvergence pessimism
  -2.000    7.750   output external delay
            7.750   data required time
-----------------------------------------------------------
            7.750   data required time
           -6.157   data arrival time
-----------------------------------------------------------
            1.593   slack (MET)


NAMED-PATH-END
