NAMED-PATH-BEGIN d_rsp_valid_to_d_req_valid
Startpoint: d_rsp_valid (input port clocked by clk)
Endpoint: d_req_valid (output port clocked by clk)
Path Group: clk
Path Type: max

   Delay     Time   Description
-----------------------------------------------------------
   0.000    0.000   clock clk (rise edge)
   0.000    0.000   clock network delay (propagated)
   2.000    2.000 ^ input external delay
   0.020    2.020 ^ d_rsp_valid (in)
   0.129    2.149 ^ hold6773/X (sky130_fd_sc_hd__clkbuf_1)
   0.333    2.482 ^ input35/X (sky130_fd_sc_hd__buf_2)
   0.391    2.873 ^ fanout3083/X (sky130_fd_sc_hd__buf_12)
   0.503    3.375 ^ fanout3082/X (sky130_fd_sc_hd__clkbuf_4)
   0.480    3.855 ^ fanout3081/X (sky130_fd_sc_hd__clkbuf_4)
   0.169    4.024 v _14918_/Y (sky130_fd_sc_hd__nor2_4)
   0.256    4.280 v fanout1355/X (sky130_fd_sc_hd__buf_12)
   0.459    4.740 ^ _14925_/Y (sky130_fd_sc_hd__o31ai_4)
   0.368    5.107 ^ load_slew866/X (sky130_fd_sc_hd__buf_6)
   0.237    5.344 v _14932_/Y (sky130_fd_sc_hd__o2111ai_4)
   0.308    5.652 v wire649/X (sky130_fd_sc_hd__buf_6)
   0.211    5.864 v rebuffer3130/X (sky130_fd_sc_hd__buf_6)
   0.681    6.545 ^ _14933_/Y (sky130_fd_sc_hd__nor3_4)
   0.451    6.996 ^ wire441/X (sky130_fd_sc_hd__buf_6)
   0.237    7.233 ^ output109/X (sky130_fd_sc_hd__buf_8)
   0.001    7.234 ^ d_req_valid (out)
            7.234   data arrival time

  10.000   10.000   clock clk (rise edge)
   0.000   10.000   clock network delay (propagated)
  -0.250    9.750   clock uncertainty
   0.000    9.750   clock reconvergence pessimism
  -2.000    7.750   output external delay
            7.750   data required time
-----------------------------------------------------------
            7.750   data required time
           -7.234   data arrival time
-----------------------------------------------------------
            0.516   slack (MET)


NAMED-PATH-END
NAMED-PATH-BEGIN d_rsp_error_to_d_req_valid
Startpoint: d_rsp_error (input port clocked by clk)
Endpoint: d_req_valid (output port clocked by clk)
Path Group: clk
Path Type: max

   Delay     Time   Description
-----------------------------------------------------------
   0.000    0.000   clock clk (rise edge)
   0.000    0.000   clock network delay (propagated)
   2.000    2.000 v input external delay
   0.016    2.016 v d_rsp_error (in)
   0.150    2.166 v hold3900/X (sky130_fd_sc_hd__clkbuf_1)
   0.326    2.492 v input2/X (sky130_fd_sc_hd__buf_2)
   0.421    2.913 v hold3901/X (sky130_fd_sc_hd__clkbuf_1)
   0.559    3.472 v _14922_/Y (sky130_fd_sc_hd__nand2b_2)
   0.394    3.866 v _14923_/X (sky130_fd_sc_hd__o211a_2)
   0.440    4.306 ^ _14925_/Y (sky130_fd_sc_hd__o31ai_4)
   0.368    4.674 ^ load_slew866/X (sky130_fd_sc_hd__buf_6)
   0.237    4.910 v _14932_/Y (sky130_fd_sc_hd__o2111ai_4)
   0.308    5.219 v wire649/X (sky130_fd_sc_hd__buf_6)
   0.211    5.430 v rebuffer3130/X (sky130_fd_sc_hd__buf_6)
   0.681    6.111 ^ _14933_/Y (sky130_fd_sc_hd__nor3_4)
   0.451    6.562 ^ wire441/X (sky130_fd_sc_hd__buf_6)
   0.237    6.799 ^ output109/X (sky130_fd_sc_hd__buf_8)
   0.001    6.800 ^ d_req_valid (out)
            6.800   data arrival time

  10.000   10.000   clock clk (rise edge)
   0.000   10.000   clock network delay (propagated)
  -0.250    9.750   clock uncertainty
   0.000    9.750   clock reconvergence pessimism
  -2.000    7.750   output external delay
            7.750   data required time
-----------------------------------------------------------
            7.750   data required time
           -6.800   data arrival time
-----------------------------------------------------------
            0.950   slack (MET)


NAMED-PATH-END
