NAMED-PATH-BEGIN d_rsp_valid_to_d_req_valid
Startpoint: d_rsp_valid (input port clocked by clk)
Endpoint: d_req_valid (output port clocked by clk)
Path Group: clk
Path Type: max

   Delay     Time   Description
-----------------------------------------------------------
   0.000    0.000   clock clk (rise edge)
   0.000    0.000   clock network delay (propagated)
   2.000    2.000 ^ input external delay
   0.021    2.021 ^ d_rsp_valid (in)
   0.446    2.467 ^ input35/X (sky130_fd_sc_hd__buf_2)
   0.554    3.021 ^ fanout3530/X (sky130_fd_sc_hd__buf_2)
   0.372    3.394 ^ _17154_/Y (sky130_fd_sc_hd__nand2b_2)
   0.421    3.815 ^ fanout1824/X (sky130_fd_sc_hd__buf_2)
   0.744    4.559 v _17159_/X (sky130_fd_sc_hd__and4bb_4)
   1.338    5.897 v _17161_/X (sky130_fd_sc_hd__or4b_4)
   0.322    6.219 v rebuffer3557/X (sky130_fd_sc_hd__buf_6)
   0.443    6.662 ^ _17162_/Y (sky130_fd_sc_hd__nor3_4)
   0.340    7.002 ^ wire437/X (sky130_fd_sc_hd__buf_6)
   0.381    7.383 ^ output109/X (sky130_fd_sc_hd__buf_2)
   0.002    7.385 ^ d_req_valid (out)
            7.385   data arrival time

  10.000   10.000   clock clk (rise edge)
   0.000   10.000   clock network delay (propagated)
  -0.250    9.750   clock uncertainty
   0.000    9.750   clock reconvergence pessimism
  -2.000    7.750   output external delay
            7.750   data required time
-----------------------------------------------------------
            7.750   data required time
           -7.385   data arrival time
-----------------------------------------------------------
            0.365   slack (MET)


NAMED-PATH-END
NAMED-PATH-BEGIN d_rsp_error_to_d_req_valid
Startpoint: d_rsp_error (input port clocked by clk)
Endpoint: d_req_valid (output port clocked by clk)
Path Group: clk
Path Type: max

   Delay     Time   Description
-----------------------------------------------------------
   0.000    0.000   clock clk (rise edge)
   0.000    0.000   clock network delay (propagated)
   2.000    2.000 v input external delay
   0.011    2.011 v d_rsp_error (in)
   0.341    2.352 v input2/X (sky130_fd_sc_hd__buf_2)
   0.464    2.816 v _17149_/Y (sky130_fd_sc_hd__nand2b_2)
   0.262    3.078 v _17150_/X (sky130_fd_sc_hd__o211a_2)
   0.638    3.716 v _17152_/X (sky130_fd_sc_hd__o21a_2)
   1.400    5.116 v _17161_/X (sky130_fd_sc_hd__or4b_4)
   0.322    5.438 v rebuffer3557/X (sky130_fd_sc_hd__buf_6)
   0.443    5.881 ^ _17162_/Y (sky130_fd_sc_hd__nor3_4)
   0.340    6.220 ^ wire437/X (sky130_fd_sc_hd__buf_6)
   0.381    6.601 ^ output109/X (sky130_fd_sc_hd__buf_2)
   0.002    6.603 ^ d_req_valid (out)
            6.603   data arrival time

  10.000   10.000   clock clk (rise edge)
   0.000   10.000   clock network delay (propagated)
  -0.250    9.750   clock uncertainty
   0.000    9.750   clock reconvergence pessimism
  -2.000    7.750   output external delay
            7.750   data required time
-----------------------------------------------------------
            7.750   data required time
           -6.603   data arrival time
-----------------------------------------------------------
            1.147   slack (MET)


NAMED-PATH-END
