NAMED-PATH-BEGIN d_rsp_valid_to_d_req_valid
Startpoint: d_rsp_valid (input port clocked by clk)
Endpoint: d_req_valid (output port clocked by clk)
Path Group: clk
Path Type: max

   Delay     Time   Description
-----------------------------------------------------------
   0.000    0.000   clock clk (rise edge)
   0.000    0.000   clock network delay (propagated)
   2.000    2.000 ^ input external delay
   0.024    2.024 ^ d_rsp_valid (in)
   0.136    2.160 ^ hold4389/X (sky130_fd_sc_hd__clkbuf_1)
   0.313    2.473 ^ input35/X (sky130_fd_sc_hd__buf_2)
   0.540    3.012 ^ hold4390/X (sky130_fd_sc_hd__clkbuf_1)
   0.573    3.585 ^ fanout3750/X (sky130_fd_sc_hd__buf_2)
   0.422    4.007 ^ _17128_/X (sky130_fd_sc_hd__or3b_4)
   0.336    4.343 v _17140_/Y (sky130_fd_sc_hd__o2111ai_4)
   1.016    5.359 ^ _17141_/X (sky130_fd_sc_hd__and4b_2)
   0.523    5.882 ^ output109/X (sky130_fd_sc_hd__buf_2)
   0.003    5.885 ^ d_req_valid (out)
            5.885   data arrival time

  10.000   10.000   clock clk (rise edge)
   0.000   10.000   clock network delay (propagated)
  -0.250    9.750   clock uncertainty
   0.000    9.750   clock reconvergence pessimism
  -2.000    7.750   output external delay
            7.750   data required time
-----------------------------------------------------------
            7.750   data required time
           -5.885   data arrival time
-----------------------------------------------------------
            1.865   slack (MET)


NAMED-PATH-END
NAMED-PATH-BEGIN d_rsp_error_to_d_req_valid
Startpoint: d_rsp_error (input port clocked by clk)
Endpoint: d_req_valid (output port clocked by clk)
Path Group: clk
Path Type: max

   Delay     Time   Description
-----------------------------------------------------------
   0.000    0.000   clock clk (rise edge)
   0.000    0.000   clock network delay (propagated)
   2.000    2.000 v input external delay
   0.017    2.017 v d_rsp_error (in)
   0.144    2.161 v hold4363/X (sky130_fd_sc_hd__clkbuf_1)
   0.311    2.472 v input2/X (sky130_fd_sc_hd__buf_2)
   0.367    2.839 v hold4364/X (sky130_fd_sc_hd__clkbuf_1)
   0.508    3.347 v _17129_/Y (sky130_fd_sc_hd__nand2b_2)
   0.389    3.736 v _17130_/X (sky130_fd_sc_hd__o211a_4)
   0.317    4.053 ^ _17132_/Y (sky130_fd_sc_hd__o21ai_4)
   0.252    4.305 ^ fanout1050/X (sky130_fd_sc_hd__buf_12)
   0.310    4.615 ^ fanout1049/X (sky130_fd_sc_hd__buf_6)
   0.412    5.027 v _17140_/Y (sky130_fd_sc_hd__o2111ai_4)
   1.016    6.043 ^ _17141_/X (sky130_fd_sc_hd__and4b_2)
   0.523    6.566 ^ output109/X (sky130_fd_sc_hd__buf_2)
   0.003    6.570 ^ d_req_valid (out)
            6.570   data arrival time

  10.000   10.000   clock clk (rise edge)
   0.000   10.000   clock network delay (propagated)
  -0.250    9.750   clock uncertainty
   0.000    9.750   clock reconvergence pessimism
  -2.000    7.750   output external delay
            7.750   data required time
-----------------------------------------------------------
            7.750   data required time
           -6.570   data arrival time
-----------------------------------------------------------
            1.180   slack (MET)


NAMED-PATH-END
