NAMED-PATH-BEGIN d_rsp_valid_to_d_req_valid
Startpoint: d_rsp_valid (input port clocked by clk)
Endpoint: d_req_valid (output port clocked by clk)
Path Group: clk
Path Type: max

   Delay     Time   Description
-----------------------------------------------------------
   0.000    0.000   clock clk (rise edge)
   0.000    0.000   clock network delay (propagated)
   2.000    2.000 v input external delay
   0.003    2.003 v d_rsp_valid (in)
   0.096    2.099 v input35/X (sky130_fd_sc_hd__clkbuf_2)
   0.120    2.219 v wire3559/X (sky130_fd_sc_hd__buf_6)
   0.409    2.629 v _07868_/X (sky130_fd_sc_hd__or3b_2)
   0.200    2.829 v _07871_/X (sky130_fd_sc_hd__and4b_2)
   0.150    2.979 v rebuffer3655/X (sky130_fd_sc_hd__buf_2)
   0.204    3.182 v _07873_/X (sky130_fd_sc_hd__and4_2)
   0.089    3.272 v output109/X (sky130_fd_sc_hd__clkbuf_1)
   0.128    3.400 v wire532/X (sky130_fd_sc_hd__clkbuf_4)
   0.002    3.402 v d_req_valid (out)
            3.402   data arrival time

  10.000   10.000   clock clk (rise edge)
   0.000   10.000   clock network delay (propagated)
  -0.250    9.750   clock uncertainty
   0.000    9.750   clock reconvergence pessimism
  -2.000    7.750   output external delay
            7.750   data required time
-----------------------------------------------------------
            7.750   data required time
           -3.402   data arrival time
-----------------------------------------------------------
            4.348   slack (MET)


NAMED-PATH-END
NAMED-PATH-BEGIN d_rsp_error_to_d_req_valid
Startpoint: d_rsp_error (input port clocked by clk)
Endpoint: d_req_valid (output port clocked by clk)
Path Group: clk
Path Type: max

   Delay     Time   Description
-----------------------------------------------------------
   0.000    0.000   clock clk (rise edge)
   0.000    0.000   clock network delay (propagated)
   2.000    2.000 v input external delay
   0.005    2.005 v d_rsp_error (in)
   0.081    2.087 v input2/X (sky130_fd_sc_hd__clkbuf_1)
   0.132    2.218 v wire3560/X (sky130_fd_sc_hd__clkbuf_4)
   0.131    2.350 v _07857_/Y (sky130_fd_sc_hd__nand2b_2)
   0.117    2.466 v _07858_/X (sky130_fd_sc_hd__o211a_2)
   0.101    2.567 ^ _07859_/Y (sky130_fd_sc_hd__o21ai_2)
   0.148    2.715 ^ fanout1328/X (sky130_fd_sc_hd__buf_1)
   0.258    2.973 ^ fanout1327/X (sky130_fd_sc_hd__clkbuf_2)
   0.197    3.170 ^ _07871_/X (sky130_fd_sc_hd__and4b_2)
   0.201    3.371 ^ rebuffer3655/X (sky130_fd_sc_hd__buf_2)
   0.267    3.638 ^ _07873_/X (sky130_fd_sc_hd__and4_2)
   0.078    3.716 ^ output109/X (sky130_fd_sc_hd__clkbuf_1)
   0.140    3.856 ^ wire532/X (sky130_fd_sc_hd__clkbuf_4)
   0.002    3.858 ^ d_req_valid (out)
            3.858   data arrival time

  10.000   10.000   clock clk (rise edge)
   0.000   10.000   clock network delay (propagated)
  -0.250    9.750   clock uncertainty
   0.000    9.750   clock reconvergence pessimism
  -2.000    7.750   output external delay
            7.750   data required time
-----------------------------------------------------------
            7.750   data required time
           -3.858   data arrival time
-----------------------------------------------------------
            3.892   slack (MET)


NAMED-PATH-END
