NAMED-PATH-BEGIN d_rsp_valid_to_d_req_valid
Startpoint: d_rsp_valid (input port clocked by clk)
Endpoint: d_req_valid (output port clocked by clk)
Path Group: clk
Path Type: max

   Delay     Time   Description
-----------------------------------------------------------
   0.000    0.000   clock clk (rise edge)
   0.000    0.000   clock network delay (propagated)
   2.000    2.000 ^ input external delay
   0.026    2.026 ^ d_rsp_valid (in)
   0.559    2.584 ^ input35/X (sky130_fd_sc_hd__buf_2)
   0.651    3.235 ^ fanout3865/X (sky130_fd_sc_hd__buf_2)
   0.612    3.847 ^ fanout3864/X (sky130_fd_sc_hd__buf_2)
   0.545    4.392 ^ fanout3863/X (sky130_fd_sc_hd__buf_2)
   0.472    4.865 ^ _17128_/X (sky130_fd_sc_hd__or3b_4)
   0.420    5.284 v _17140_/Y (sky130_fd_sc_hd__o2111ai_4)
   1.106    6.391 ^ _17141_/X (sky130_fd_sc_hd__and4b_2)
   0.580    6.970 ^ output109/X (sky130_fd_sc_hd__buf_2)
   0.002    6.973 ^ d_req_valid (out)
            6.973   data arrival time

  10.000   10.000   clock clk (rise edge)
   0.000   10.000   clock network delay (propagated)
  -0.250    9.750   clock uncertainty
   0.000    9.750   clock reconvergence pessimism
  -2.000    7.750   output external delay
            7.750   data required time
-----------------------------------------------------------
            7.750   data required time
           -6.973   data arrival time
-----------------------------------------------------------
            0.777   slack (MET)


NAMED-PATH-END
NAMED-PATH-BEGIN d_rsp_error_to_d_req_valid
Startpoint: d_rsp_error (input port clocked by clk)
Endpoint: d_req_valid (output port clocked by clk)
Path Group: clk
Path Type: max

   Delay     Time   Description
-----------------------------------------------------------
   0.000    0.000   clock clk (rise edge)
   0.000    0.000   clock network delay (propagated)
   2.000    2.000 v input external delay
   0.016    2.016 v d_rsp_error (in)
   0.456    2.472 v input2/X (sky130_fd_sc_hd__buf_2)
   0.527    2.999 v _17129_/Y (sky130_fd_sc_hd__nand2b_2)
   0.422    3.421 v _17130_/X (sky130_fd_sc_hd__o211a_2)
   0.410    3.831 ^ _17132_/Y (sky130_fd_sc_hd__o21ai_2)
   0.405    4.236 ^ fanout1123/X (sky130_fd_sc_hd__buf_6)
   0.345    4.581 ^ wire1124/X (sky130_fd_sc_hd__buf_12)
   0.379    4.960 v _17140_/Y (sky130_fd_sc_hd__o2111ai_4)
   1.106    6.067 ^ _17141_/X (sky130_fd_sc_hd__and4b_2)
   0.580    6.646 ^ output109/X (sky130_fd_sc_hd__buf_2)
   0.002    6.649 ^ d_req_valid (out)
            6.649   data arrival time

  10.000   10.000   clock clk (rise edge)
   0.000   10.000   clock network delay (propagated)
  -0.250    9.750   clock uncertainty
   0.000    9.750   clock reconvergence pessimism
  -2.000    7.750   output external delay
            7.750   data required time
-----------------------------------------------------------
            7.750   data required time
           -6.649   data arrival time
-----------------------------------------------------------
            1.101   slack (MET)


NAMED-PATH-END
