Copyright 1986-2022 Xilinx, Inc. All Rights Reserved. Copyright 2022-2025 Advanced Micro Devices, Inc. All Rights Reserved.
----------------------------------------------------------------------------------------------------------------------------------------------------------------------
| Tool Version : Vivado v.2025.1 (lin64) Build 6140274 Wed May 21 22:58:25 MDT 2025
| Date         : Thu Sep 17 14:36:07 2026
| Host         : gondor running 64-bit Ubuntu 24.04.3 LTS
| Command      : report_timing_summary -file /home/elfo/Documents/Aster/build/fpga/pynq_z1/linux-h2-coherent-c1-dma-dot8-npu-l2/timing_summary.rpt -warn_on_violation
| Design       : aster_linux_wrapper
| Device       : 7z020-clg400
| Speed File   : -1  PRODUCTION 1.12 2019-11-22
| Design State : Routed
----------------------------------------------------------------------------------------------------------------------------------------------------------------------

Timing Summary Report

------------------------------------------------------------------------------------------------
| Timer Settings
| --------------
------------------------------------------------------------------------------------------------

  Enable Multi Corner Analysis               :  Yes
  Enable Pessimism Removal                   :  Yes
  Pessimism Removal Resolution               :  Nearest Common Node
  Enable Input Delay Default Clock           :  No
  Enable Preset / Clear Arcs                 :  No
  Disable Flight Delays                      :  No
  Ignore I/O Paths                           :  No
  Timing Early Launch at Borrowing Latches   :  No
  Borrow Time for Max Delay Exceptions       :  Yes
  Merge Timing Exceptions                    :  Yes
  Inter-SLR Compensation                     :  Conservative

  Corner  Analyze    Analyze    
  Name    Max Paths  Min Paths  
  ------  ---------  ---------  
  Slow    Yes        Yes        
  Fast    Yes        Yes        


------------------------------------------------------------------------------------------------
| Report Methodology
| ------------------
------------------------------------------------------------------------------------------------

No report available as report_methodology has not been run prior. Run report_methodology on the current design for the summary of methodology violations.



check_timing report

Table of Contents
-----------------
1. checking no_clock (0)
2. checking constant_clock (0)
3. checking pulse_width_clock (0)
4. checking unconstrained_internal_endpoints (0)
5. checking no_input_delay (0)
6. checking no_output_delay (5)
7. checking multiple_clock (0)
8. checking generated_clocks (0)
9. checking loops (0)
10. checking partial_input_delay (0)
11. checking partial_output_delay (0)
12. checking latch_loops (0)

1. checking no_clock (0)
------------------------
 There are 0 register/latch pins with no clock.


2. checking constant_clock (0)
------------------------------
 There are 0 register/latch pins with constant_clock.


3. checking pulse_width_clock (0)
---------------------------------
 There are 0 register/latch pins which need pulse_width check


4. checking unconstrained_internal_endpoints (0)
------------------------------------------------
 There are 0 pins that are not constrained for maximum delay.

 There are 0 pins that are not constrained for maximum delay due to constant clock.


5. checking no_input_delay (0)
------------------------------
 There are 0 input ports with no input delay specified.

 There are 0 input ports with no input delay but user has a false path constraint.


6. checking no_output_delay (5)
-------------------------------
 There are 0 ports with no output delay specified.

 There are 5 ports with no output delay but user has a false path constraint (MEDIUM)

 There are 0 ports with no output delay but with a timing clock defined on it or propagating through it


7. checking multiple_clock (0)
------------------------------
 There are 0 register/latch pins with multiple clocks.


8. checking generated_clocks (0)
--------------------------------
 There are 0 generated clocks that are not connected to a clock source.


9. checking loops (0)
---------------------
 There are 0 combinational loops in the design.


10. checking partial_input_delay (0)
------------------------------------
 There are 0 input ports with partial input delay specified.


11. checking partial_output_delay (0)
-------------------------------------
 There are 0 ports with partial output delay specified.


12. checking latch_loops (0)
----------------------------
 There are 0 combinational latch loops in the design through latch input



------------------------------------------------------------------------------------------------
| Design Timing Summary
| ---------------------
------------------------------------------------------------------------------------------------

    WNS(ns)      TNS(ns)  TNS Failing Endpoints  TNS Total Endpoints      WHS(ns)      THS(ns)  THS Failing Endpoints  THS Total Endpoints     WPWS(ns)     TPWS(ns)  TPWS Failing Endpoints  TPWS Total Endpoints  
    -------      -------  ---------------------  -------------------      -------      -------  ---------------------  -------------------     --------     --------  ----------------------  --------------------  
      3.158        0.000                      0                77327        0.030        0.000                      0                77327       14.750        0.000                       0                 30064  


All user specified timing constraints are met.


------------------------------------------------------------------------------------------------
| Clock Summary
| -------------
------------------------------------------------------------------------------------------------

Clock       Waveform(ns)       Period(ns)      Frequency(MHz)
-----       ------------       ----------      --------------
clk_fpga_0  {0.000 16.000}     32.000          31.250          


------------------------------------------------------------------------------------------------
| Intra Clock Table
| -----------------
------------------------------------------------------------------------------------------------

Clock             WNS(ns)      TNS(ns)  TNS Failing Endpoints  TNS Total Endpoints      WHS(ns)      THS(ns)  THS Failing Endpoints  THS Total Endpoints     WPWS(ns)     TPWS(ns)  TPWS Failing Endpoints  TPWS Total Endpoints  
-----             -------      -------  ---------------------  -------------------      -------      -------  ---------------------  -------------------     --------     --------  ----------------------  --------------------  
clk_fpga_0          3.158        0.000                      0                77327        0.030        0.000                      0                77327       14.750        0.000                       0                 30064  


------------------------------------------------------------------------------------------------
| Inter Clock Table
| -----------------
------------------------------------------------------------------------------------------------

From Clock    To Clock          WNS(ns)      TNS(ns)  TNS Failing Endpoints  TNS Total Endpoints      WHS(ns)      THS(ns)  THS Failing Endpoints  THS Total Endpoints  
----------    --------          -------      -------  ---------------------  -------------------      -------      -------  ---------------------  -------------------  


------------------------------------------------------------------------------------------------
| Other Path Groups Table
| -----------------------
------------------------------------------------------------------------------------------------

Path Group    From Clock    To Clock          WNS(ns)      TNS(ns)  TNS Failing Endpoints  TNS Total Endpoints      WHS(ns)      THS(ns)  THS Failing Endpoints  THS Total Endpoints  
----------    ----------    --------          -------      -------  ---------------------  -------------------      -------      -------  ---------------------  -------------------  


------------------------------------------------------------------------------------------------
| Timing Details
| --------------
------------------------------------------------------------------------------------------------


---------------------------------------------------------------------------------------------------
From Clock:  clk_fpga_0
  To Clock:  clk_fpga_0

Setup :            0  Failing Endpoints,  Worst Slack        3.158ns,  Total Violation        0.000ns
Hold  :            0  Failing Endpoints,  Worst Slack        0.030ns,  Total Violation        0.000ns
PW    :            0  Failing Endpoints,  Worst Slack       14.750ns,  Total Violation        0.000ns
---------------------------------------------------------------------------------------------------


Max Delay Paths
--------------------------------------------------------------------------------------
Slack (MET) :             3.158ns  (required time - arrival time)
  Source:                 aster_linux_i/aster/inst/implementation/g_coherent.soc/cache/owner_reg_rep__11/C
                            (rising edge-triggered cell FDRE clocked by clk_fpga_0  {rise@0.000ns fall@16.000ns period=32.000ns})
  Destination:            aster_linux_i/aster/inst/implementation/g_coherent.soc/cache/data_reg[1][1][3][10]/D
                            (rising edge-triggered cell FDRE clocked by clk_fpga_0  {rise@0.000ns fall@16.000ns period=32.000ns})
  Path Group:             clk_fpga_0
  Path Type:              Setup (Max at Slow Process Corner)
  Requirement:            32.000ns  (clk_fpga_0 rise@32.000ns - clk_fpga_0 rise@0.000ns)
  Data Path Delay:        28.239ns  (logic 5.472ns (19.377%)  route 22.767ns (80.623%))
  Logic Levels:           27  (CARRY4=5 LUT2=1 LUT3=6 LUT4=2 LUT5=4 LUT6=7 MUXF7=1 MUXF8=1)
  Clock Path Skew:        -0.077ns (DCD - SCD + CPR)
    Destination Clock Delay (DCD):    2.881ns = ( 34.882 - 32.000 ) 
    Source Clock Delay      (SCD):    3.073ns
    Clock Pessimism Removal (CPR):    0.115ns
  Clock Uncertainty:      0.481ns  ((TSJ^2 + TIJ^2)^1/2 + DJ) / 2 + PE
    Total System Jitter     (TSJ):    0.071ns
    Total Input Jitter      (TIJ):    0.960ns
    Discrete Jitter          (DJ):    0.000ns
    Phase Error              (PE):    0.000ns

    Location             Delay type                Incr(ns)  Path(ns)    Netlist Resource(s)
  -------------------------------------------------------------------    -------------------
                         (clock clk_fpga_0 rise edge)
                                                      0.000     0.000 r  
    PS7_X0Y0             PS7                          0.000     0.000 r  aster_linux_i/ps7/inst/PS7_i/FCLKCLK[0]
                         net (fo=1, routed)           1.193     1.193    aster_linux_i/ps7/inst/FCLK_CLK_unbuffered[0]
    BUFGCTRL_X0Y16       BUFG (Prop_bufg_I_O)         0.101     1.294 r  aster_linux_i/ps7/inst/buffer_fclk_clk_0.FCLK_CLK_0_BUFG/O
                         net (fo=30076, routed)       1.779     3.073    aster_linux_i/aster/inst/implementation/g_coherent.soc/cache/aclk
    SLICE_X91Y60         FDRE                                         r  aster_linux_i/aster/inst/implementation/g_coherent.soc/cache/owner_reg_rep__11/C
  -------------------------------------------------------------------    -------------------
    SLICE_X91Y60         FDRE (Prop_fdre_C_Q)         0.456     3.529 r  aster_linux_i/aster/inst/implementation/g_coherent.soc/cache/owner_reg_rep__11/Q
                         net (fo=127, routed)         1.326     4.855    aster_linux_i/aster/inst/implementation/g_coherent.soc/cache/owner_reg_rep__11_n_0
    SLICE_X88Y71         LUT5 (Prop_lut5_I0_O)        0.124     4.979 r  aster_linux_i/aster/inst/implementation/g_coherent.soc/cache/address[20]_i_147/O
                         net (fo=128, routed)         1.612     6.590    aster_linux_i/aster/inst/implementation/g_coherent.soc/cache/address[20]_i_147_n_0
    SLICE_X92Y62         LUT6 (Prop_lut6_I4_O)        0.124     6.714 r  aster_linux_i/aster/inst/implementation/g_coherent.soc/cache/address[4]_i_30/O
                         net (fo=1, routed)           0.000     6.714    aster_linux_i/aster/inst/implementation/g_coherent.soc/cache/address[4]_i_30_n_0
    SLICE_X92Y62         MUXF7 (Prop_muxf7_I1_O)      0.247     6.961 r  aster_linux_i/aster/inst/implementation/g_coherent.soc/cache/address_reg[4]_i_18/O
                         net (fo=2, routed)           0.000     6.961    aster_linux_i/aster/inst/implementation/g_coherent.soc/cache/address_reg[4]_i_18_n_0
    SLICE_X92Y62         MUXF8 (Prop_muxf8_I0_O)      0.098     7.059 r  aster_linux_i/aster/inst/implementation/g_coherent.soc/cache/address_reg[4]_i_13/O
                         net (fo=1, routed)           1.027     8.086    aster_linux_i/aster/inst/implementation/g_coherent.soc/cache/address_reg[4]_i_13_n_0
    SLICE_X87Y65         LUT6 (Prop_lut6_I0_O)        0.319     8.405 f  aster_linux_i/aster/inst/implementation/g_coherent.soc/cache/address[4]_i_9/O
                         net (fo=1, routed)           1.201     9.606    aster_linux_i/aster/inst/implementation/g_coherent.soc/cache/address[4]_i_9_n_0
    SLICE_X64Y68         LUT6 (Prop_lut6_I0_O)        0.124     9.730 r  aster_linux_i/aster/inst/implementation/g_coherent.soc/cache/address[4]_i_5__0/O
                         net (fo=1, routed)           0.000     9.730    aster_linux_i/aster/inst/implementation/g_coherent.soc/cache/p_0_out_2[4]
    SLICE_X64Y68         CARRY4 (Prop_carry4_S[3]_CO[3])
                                                      0.401    10.131 r  aster_linux_i/aster/inst/implementation/g_coherent.soc/cache/address_reg[4]_i_2/CO[3]
                         net (fo=1, routed)           0.000    10.131    aster_linux_i/aster/inst/implementation/g_coherent.soc/cache/address_reg[4]_i_2_n_0
    SLICE_X64Y69         CARRY4 (Prop_carry4_CI_CO[3])
                                                      0.114    10.245 r  aster_linux_i/aster/inst/implementation/g_coherent.soc/cache/address_reg[8]_i_2/CO[3]
                         net (fo=1, routed)           0.000    10.245    aster_linux_i/aster/inst/implementation/g_coherent.soc/cache/address_reg[8]_i_2_n_0
    SLICE_X64Y70         CARRY4 (Prop_carry4_CI_CO[3])
                                                      0.114    10.359 r  aster_linux_i/aster/inst/implementation/g_coherent.soc/cache/address_reg[12]_i_2/CO[3]
                         net (fo=1, routed)           0.000    10.359    aster_linux_i/aster/inst/implementation/g_coherent.soc/cache/address_reg[12]_i_2_n_0
    SLICE_X64Y71         CARRY4 (Prop_carry4_CI_CO[3])
                                                      0.114    10.473 r  aster_linux_i/aster/inst/implementation/g_coherent.soc/cache/address_reg[16]_i_2/CO[3]
                         net (fo=1, routed)           0.000    10.473    aster_linux_i/aster/inst/implementation/g_coherent.soc/cache/address_reg[16]_i_2_n_0
    SLICE_X64Y72         CARRY4 (Prop_carry4_CI_O[0])
                                                      0.222    10.695 r  aster_linux_i/aster/inst/implementation/g_coherent.soc/cache/address_reg[20]_i_2/O[0]
                         net (fo=1, routed)           0.577    11.271    aster_linux_i/aster/inst/implementation/g_coherent.soc/cache/p_0_in__1[17]
    SLICE_X65Y73         LUT3 (Prop_lut3_I0_O)        0.325    11.596 r  aster_linux_i/aster/inst/implementation/g_coherent.soc/cache/address[17]_i_1/O
                         net (fo=9, routed)           1.028    12.624    aster_linux_i/aster/inst/implementation/g_coherent.soc/cache/l1_m_addr[17]
    SLICE_X63Y76         LUT4 (Prop_lut4_I0_O)        0.326    12.950 r  aster_linux_i/aster/inst/implementation/g_coherent.soc/cache/a_base[31]_i_13/O
                         net (fo=1, routed)           0.808    13.758    aster_linux_i/aster/inst/implementation/g_coherent.soc/cache/a_base[31]_i_13_n_0
    SLICE_X63Y75         LUT6 (Prop_lut6_I3_O)        0.124    13.882 f  aster_linux_i/aster/inst/implementation/g_coherent.soc/cache/a_base[31]_i_6/O
                         net (fo=1, routed)           0.149    14.031    aster_linux_i/aster/inst/implementation/g_coherent.soc/cache/a_base[31]_i_6_n_0
    SLICE_X63Y75         LUT5 (Prop_lut5_I3_O)        0.124    14.155 r  aster_linux_i/aster/inst/implementation/g_coherent.soc/cache/a_base[31]_i_3/O
                         net (fo=218, routed)         1.555    15.709    aster_linux_i/aster/inst/implementation/g_coherent.soc/cache/p_138_in
    SLICE_X67Y96         LUT3 (Prop_lut3_I1_O)        0.118    15.827 r  aster_linux_i/aster/inst/implementation/g_coherent.soc/cache/g_program.memory_reg_0_0_i_5/O
                         net (fo=37, routed)          1.430    17.257    aster_linux_i/aster/inst/implementation/g_coherent.soc/cache/address_reg[13]_0
    SLICE_X65Y83         LUT4 (Prop_lut4_I3_O)        0.354    17.611 r  aster_linux_i/aster/inst/implementation/g_coherent.soc/cache/valid[1]_i_11/O
                         net (fo=1, routed)           0.488    18.099    aster_linux_i/aster/inst/implementation/g_coherent.soc/cache/valid[1]_i_11_n_0
    SLICE_X65Y83         LUT6 (Prop_lut6_I2_O)        0.332    18.431 f  aster_linux_i/aster/inst/implementation/g_coherent.soc/cache/valid[1]_i_5/O
                         net (fo=7, routed)           0.999    19.430    aster_linux_i/aster/inst/implementation/g_coherent.soc/cache/g_sync_read.memory_reg_0_0_i_25_0
    SLICE_X57Y82         LUT3 (Prop_lut3_I2_O)        0.124    19.554 r  aster_linux_i/aster/inst/implementation/g_coherent.soc/cache/data[0][3][1]_i_28/O
                         net (fo=2, routed)           0.354    19.908    aster_linux_i/aster/inst/implementation/g_coherent.soc/cache/data[0][3][1]_i_28_n_0
    SLICE_X57Y81         LUT6 (Prop_lut6_I0_O)        0.124    20.032 r  aster_linux_i/aster/inst/implementation/g_coherent.soc/cache/data[0][3][1]_i_11/O
                         net (fo=2, routed)           0.432    20.464    aster_linux_i/aster/inst/implementation/g_coherent.soc/cache/state_reg[0]_2
    SLICE_X58Y82         LUT2 (Prop_lut2_I0_O)        0.116    20.580 r  aster_linux_i/aster/inst/implementation/g_coherent.soc/cache/data[0][3][31]_i_46/O
                         net (fo=4, routed)           0.744    21.324    aster_linux_i/aster/inst/implementation/g_coherent.soc/l2/data[0][3][31]_i_20
    SLICE_X58Y76         LUT3 (Prop_lut3_I0_O)        0.328    21.652 r  aster_linux_i/aster/inst/implementation/g_coherent.soc/l2/data[0][3][9]_i_11/O
                         net (fo=32, routed)          1.435    23.087    aster_linux_i/aster/inst/implementation/g_coherent.soc/cache/data[0][3][31]_i_10_3
    SLICE_X53Y65         LUT6 (Prop_lut6_I0_O)        0.124    23.211 r  aster_linux_i/aster/inst/implementation/g_coherent.soc/cache/data[0][3][10]_i_7/O
                         net (fo=1, routed)           1.613    24.824    aster_linux_i/aster/inst/implementation/g_coherent.soc/cache/data[0][3][10]_i_7_n_0
    SLICE_X63Y89         LUT5 (Prop_lut5_I3_O)        0.124    24.948 r  aster_linux_i/aster/inst/implementation/g_coherent.soc/cache/data[0][3][10]_i_3/O
                         net (fo=1, routed)           0.995    25.942    aster_linux_i/aster/inst/implementation/g_coherent.soc/cache/data[0][3][10]_i_3_n_0
    SLICE_X81Y86         LUT5 (Prop_lut5_I0_O)        0.124    26.066 r  aster_linux_i/aster/inst/implementation/g_coherent.soc/cache/data[0][3][10]_i_2/O
                         net (fo=6, routed)           1.764    27.830    aster_linux_i/aster/inst/implementation/g_coherent.soc/cache/g_program.memory_reg_1_1
    SLICE_X94Y56         LUT3 (Prop_lut3_I0_O)        0.124    27.954 r  aster_linux_i/aster/inst/implementation/g_coherent.soc/cache/data[1][1][3][10]_i_2/O
                         net (fo=2, routed)           1.542    29.496    aster_linux_i/aster/inst/implementation/g_coherent.soc/cache/l1_m_rdata[10]
    SLICE_X96Y18         LUT3 (Prop_lut3_I0_O)        0.124    29.620 r  aster_linux_i/aster/inst/implementation/g_coherent.soc/cache/data[1][1][3][10]_i_1/O
                         net (fo=128, routed)         1.692    31.312    aster_linux_i/aster/inst/implementation/g_coherent.soc/cache/data[1][1][3][10]_i_1_n_0
    SLICE_X112Y6         FDRE                                         r  aster_linux_i/aster/inst/implementation/g_coherent.soc/cache/data_reg[1][1][3][10]/D
  -------------------------------------------------------------------    -------------------

                         (clock clk_fpga_0 rise edge)
                                                     32.000    32.000 r  
    PS7_X0Y0             PS7                          0.000    32.000 r  aster_linux_i/ps7/inst/PS7_i/FCLKCLK[0]
                         net (fo=1, routed)           1.088    33.088    aster_linux_i/ps7/inst/FCLK_CLK_unbuffered[0]
    BUFGCTRL_X0Y16       BUFG (Prop_bufg_I_O)         0.091    33.179 r  aster_linux_i/ps7/inst/buffer_fclk_clk_0.FCLK_CLK_0_BUFG/O
                         net (fo=30076, routed)       1.702    34.882    aster_linux_i/aster/inst/implementation/g_coherent.soc/cache/aclk
    SLICE_X112Y6         FDRE                                         r  aster_linux_i/aster/inst/implementation/g_coherent.soc/cache/data_reg[1][1][3][10]/C
                         clock pessimism              0.115    34.996    
                         clock uncertainty           -0.481    34.515    
    SLICE_X112Y6         FDRE (Setup_fdre_C_D)       -0.045    34.470    aster_linux_i/aster/inst/implementation/g_coherent.soc/cache/data_reg[1][1][3][10]
  -------------------------------------------------------------------
                         required time                         34.470    
                         arrival time                         -31.312    
  -------------------------------------------------------------------
                         slack                                  3.158    





Min Delay Paths
--------------------------------------------------------------------------------------
Slack (MET) :             0.030ns  (arrival time - required time)
  Source:                 aster_linux_i/aster/inst/implementation/g_coherent.soc/g_dma.engine/read_buffer_reg[6]/C
                            (rising edge-triggered cell FDRE clocked by clk_fpga_0  {rise@0.000ns fall@16.000ns period=32.000ns})
  Destination:            aster_linux_i/aster/inst/implementation/g_coherent.soc/g_dma.engine/m_wdata_reg[6]/D
                            (rising edge-triggered cell FDRE clocked by clk_fpga_0  {rise@0.000ns fall@16.000ns period=32.000ns})
  Path Group:             clk_fpga_0
  Path Type:              Hold (Min at Fast Process Corner)
  Requirement:            0.000ns  (clk_fpga_0 rise@0.000ns - clk_fpga_0 rise@0.000ns)
  Data Path Delay:        0.396ns  (logic 0.186ns (47.025%)  route 0.210ns (52.975%))
  Logic Levels:           1  (LUT2=1)
  Clock Path Skew:        0.274ns (DCD - SCD - CPR)
    Destination Clock Delay (DCD):    1.220ns
    Source Clock Delay      (SCD):    0.916ns
    Clock Pessimism Removal (CPR):    0.030ns

    Location             Delay type                Incr(ns)  Path(ns)    Netlist Resource(s)
  -------------------------------------------------------------------    -------------------
                         (clock clk_fpga_0 rise edge)
                                                      0.000     0.000 r  
    PS7_X0Y0             PS7                          0.000     0.000 r  aster_linux_i/ps7/inst/PS7_i/FCLKCLK[0]
                         net (fo=1, routed)           0.310     0.310    aster_linux_i/ps7/inst/FCLK_CLK_unbuffered[0]
    BUFGCTRL_X0Y16       BUFG (Prop_bufg_I_O)         0.026     0.336 r  aster_linux_i/ps7/inst/buffer_fclk_clk_0.FCLK_CLK_0_BUFG/O
                         net (fo=30076, routed)       0.580     0.916    aster_linux_i/aster/inst/implementation/g_coherent.soc/g_dma.engine/aclk
    SLICE_X60Y50         FDRE                                         r  aster_linux_i/aster/inst/implementation/g_coherent.soc/g_dma.engine/read_buffer_reg[6]/C
  -------------------------------------------------------------------    -------------------
    SLICE_X60Y50         FDRE (Prop_fdre_C_Q)         0.141     1.057 r  aster_linux_i/aster/inst/implementation/g_coherent.soc/g_dma.engine/read_buffer_reg[6]/Q
                         net (fo=1, routed)           0.210     1.266    aster_linux_i/aster/inst/implementation/g_coherent.soc/g_dma.engine/read_buffer_reg_n_0_[6]
    SLICE_X60Y48         LUT2 (Prop_lut2_I0_O)        0.045     1.311 r  aster_linux_i/aster/inst/implementation/g_coherent.soc/g_dma.engine/m_wdata[6]_i_1/O
                         net (fo=1, routed)           0.000     1.311    aster_linux_i/aster/inst/implementation/g_coherent.soc/g_dma.engine/m_wdata[6]_i_1_n_0
    SLICE_X60Y48         FDRE                                         r  aster_linux_i/aster/inst/implementation/g_coherent.soc/g_dma.engine/m_wdata_reg[6]/D
  -------------------------------------------------------------------    -------------------

                         (clock clk_fpga_0 rise edge)
                                                      0.000     0.000 r  
    PS7_X0Y0             PS7                          0.000     0.000 r  aster_linux_i/ps7/inst/PS7_i/FCLKCLK[0]
                         net (fo=1, routed)           0.337     0.337    aster_linux_i/ps7/inst/FCLK_CLK_unbuffered[0]
    BUFGCTRL_X0Y16       BUFG (Prop_bufg_I_O)         0.029     0.366 r  aster_linux_i/ps7/inst/buffer_fclk_clk_0.FCLK_CLK_0_BUFG/O
                         net (fo=30076, routed)       0.854     1.220    aster_linux_i/aster/inst/implementation/g_coherent.soc/g_dma.engine/aclk
    SLICE_X60Y48         FDRE                                         r  aster_linux_i/aster/inst/implementation/g_coherent.soc/g_dma.engine/m_wdata_reg[6]/C
                         clock pessimism             -0.030     1.190    
    SLICE_X60Y48         FDRE (Hold_fdre_C_D)         0.091     1.281    aster_linux_i/aster/inst/implementation/g_coherent.soc/g_dma.engine/m_wdata_reg[6]
  -------------------------------------------------------------------
                         required time                         -1.281    
                         arrival time                           1.311    
  -------------------------------------------------------------------
                         slack                                  0.030    





Pulse Width Checks
--------------------------------------------------------------------------------------
Clock Name:         clk_fpga_0
Waveform(ns):       { 0.000 16.000 }
Period(ns):         32.000
Sources:            { aster_linux_i/ps7/inst/PS7_i/FCLKCLK[0] }

Check Type        Corner  Lib Pin             Reference Pin  Required(ns)  Actual(ns)  Slack(ns)  Location      Pin
Min Period        n/a     RAMB36E1/CLKARDCLK  n/a            2.944         32.000      29.056     RAMB36_X3Y15  aster_linux_i/aster/inst/implementation/g_coherent.soc/ram/g_sync_read.memory_reg_0_0/CLKARDCLK
Low Pulse Width   Slow    RAMD64E/CLK         n/a            1.250         16.000      14.750     SLICE_X30Y71  aster_linux_i/aster/inst/implementation/fifo_reg_0_63_0_2/RAMA/CLK
High Pulse Width  Slow    RAMD64E/CLK         n/a            1.250         16.000      14.750     SLICE_X30Y71  aster_linux_i/aster/inst/implementation/fifo_reg_0_63_0_2/RAMA/CLK



