NAMED-PATH-BEGIN d_rsp_valid_to_d_req_valid
Startpoint: d_rsp_valid (input port clocked by clk)
Endpoint: d_req_valid (output port clocked by clk)
Path Group: clk
Path Type: max

   Delay     Time   Description
-----------------------------------------------------------
   0.000    0.000   clock clk (rise edge)
   0.000    0.000   clock network delay (propagated)
   2.000    2.000 v input external delay
   0.002    2.002 v d_rsp_valid (in)
   0.047    2.049 v hold4035/X (sky130_fd_sc_hd__clkbuf_1)
   0.082    2.131 v input35/X (sky130_fd_sc_hd__clkbuf_4)
   0.080    2.211 v hold4036/X (sky130_fd_sc_hd__clkbuf_1)
   0.121    2.332 v wire2954/X (sky130_fd_sc_hd__buf_12)
   0.180    2.512 v fanout2953/X (sky130_fd_sc_hd__buf_2)
   0.305    2.817 v _14384_/X (sky130_fd_sc_hd__or3b_4)
   0.099    2.915 v fanout1363/X (sky130_fd_sc_hd__buf_12)
   0.082    2.997 v fanout1362/X (sky130_fd_sc_hd__buf_12)
   0.063    3.060 ^ _14389_/Y (sky130_fd_sc_hd__o2111ai_4)
   0.095    3.155 ^ wire652/X (sky130_fd_sc_hd__buf_6)
   0.022    3.177 v _14390_/Y (sky130_fd_sc_hd__nor2_4)
   0.176    3.353 v _14391_/X (sky130_fd_sc_hd__and3_4)
   0.113    3.466 v output109/X (sky130_fd_sc_hd__buf_8)
   0.001    3.467 v d_req_valid (out)
            3.467   data arrival time

  10.000   10.000   clock clk (rise edge)
   0.000   10.000   clock network delay (propagated)
  -0.250    9.750   clock uncertainty
   0.000    9.750   clock reconvergence pessimism
  -2.000    7.750   output external delay
            7.750   data required time
-----------------------------------------------------------
            7.750   data required time
           -3.467   data arrival time
-----------------------------------------------------------
            4.283   slack (MET)


NAMED-PATH-END
NAMED-PATH-BEGIN d_rsp_error_to_d_req_valid
Startpoint: d_rsp_error (input port clocked by clk)
Endpoint: d_req_valid (output port clocked by clk)
Path Group: clk
Path Type: max

   Delay     Time   Description
-----------------------------------------------------------
   0.000    0.000   clock clk (rise edge)
   0.000    0.000   clock network delay (propagated)
   2.000    2.000 v input external delay
   0.006    2.006 v d_rsp_error (in)
   0.050    2.056 v hold7352/X (sky130_fd_sc_hd__clkbuf_1)
   0.062    2.117 v hold3962/X (sky130_fd_sc_hd__clkbuf_1)
   0.103    2.221 v input2/X (sky130_fd_sc_hd__buf_2)
   0.138    2.359 v hold3963/X (sky130_fd_sc_hd__clkbuf_1)
   0.152    2.511 v _14375_/Y (sky130_fd_sc_hd__nand2b_2)
   0.093    2.604 v _14376_/X (sky130_fd_sc_hd__o211a_2)
   0.228    2.832 ^ _14378_/Y (sky130_fd_sc_hd__o21ai_4)
   0.067    2.900 v _14389_/Y (sky130_fd_sc_hd__o2111ai_4)
   0.110    3.010 v wire652/X (sky130_fd_sc_hd__buf_6)
   0.063    3.072 ^ _14390_/Y (sky130_fd_sc_hd__nor2_4)
   0.188    3.260 ^ _14391_/X (sky130_fd_sc_hd__and3_4)
   0.102    3.363 ^ output109/X (sky130_fd_sc_hd__buf_8)
   0.001    3.364 ^ d_req_valid (out)
            3.364   data arrival time

  10.000   10.000   clock clk (rise edge)
   0.000   10.000   clock network delay (propagated)
  -0.250    9.750   clock uncertainty
   0.000    9.750   clock reconvergence pessimism
  -2.000    7.750   output external delay
            7.750   data required time
-----------------------------------------------------------
            7.750   data required time
           -3.364   data arrival time
-----------------------------------------------------------
            4.386   slack (MET)


NAMED-PATH-END
