NAMED label=d_rsp_valid_to_request slack_ns=2.881 from=d_v2_reg/C to=bram_samples_request.ram_reg_1_0_6/WEA[0] levels=4
Copyright 1986-2022 Xilinx, Inc. All Rights Reserved. Copyright 2022-2025 Advanced Micro Devices, Inc. All Rights Reserved.
----------------------------------------------------------------------------------------------------------------------------------------------------------------------------------------------------------------------------------------------------------------------------------------------------------------
| Tool Version : Vivado v.2025.1 (lin64) Build 6140274 Wed May 21 22:58:25 MDT 2025
| Date         : Fri Oct  2 11:40:59 2026
| Host         : gondor running 64-bit Ubuntu 24.04.5 LTS
| Command      : report_timing -of_objects [get_timing_paths -setup -from [get_cells -hier -quiet -filter {NAME =~ *d_v2_reg* && IS_SEQUENTIAL}] -to [get_cells -hier -quiet -filter {(NAME =~ *d_v1_reg* || NAME =~ *d_en_reg* || NAME =~ *ram_reg*) && IS_SEQUENTIAL}] -max_paths 1 -nworst 1] -return_string
| Design       : timing_aster_bram
| Device       : 7z020-clg400
| Speed File   : -1  PRODUCTION 1.12 2019-11-22
| Design State : Routed
----------------------------------------------------------------------------------------------------------------------------------------------------------------------------------------------------------------------------------------------------------------------------------------------------------------

Timing Report

Slack (MET) :             2.881ns  (required time - arrival time)
  Source:                 d_v2_reg/C
                            (rising edge-triggered cell FDRE clocked by clk  {rise@0.000ns fall@5.000ns period=10.000ns})
  Destination:            bram_samples_request.ram_reg_1_0_6/WEA[0]
                            (rising edge-triggered cell RAMB36E1 clocked by clk  {rise@0.000ns fall@5.000ns period=10.000ns})
  Path Group:             clk
  Path Type:              Setup (Max at Slow Process Corner)
  Requirement:            10.000ns  (clk rise@10.000ns - clk rise@0.000ns)
  Data Path Delay:        6.503ns  (logic 1.182ns (18.176%)  route 5.321ns (81.824%))
  Logic Levels:           4  (LUT4=2 LUT5=1 LUT6=1)
  Clock Path Skew:        -0.049ns (DCD - SCD + CPR)
    Destination Clock Delay (DCD):    0.924ns = ( 10.924 - 10.000 ) 
    Source Clock Delay      (SCD):    0.973ns
    Clock Pessimism Removal (CPR):    0.000ns
  Clock Uncertainty:      0.035ns  ((TSJ^2 + TIJ^2)^1/2 + DJ) / 2 + PE
    Total System Jitter     (TSJ):    0.071ns
    Total Input Jitter      (TIJ):    0.000ns
    Discrete Jitter          (DJ):    0.000ns
    Phase Error              (PE):    0.000ns

    Location             Delay type                Incr(ns)  Path(ns)    Netlist Resource(s)
  -------------------------------------------------------------------    -------------------
                         (clock clk rise edge)        0.000     0.000 r  
                                                      0.000     0.000 r  clk (IN)
                         net (fo=1696, unset)         0.973     0.973    clk
    SLICE_X41Y10         FDRE                                         r  d_v2_reg/C
  -------------------------------------------------------------------    -------------------
    SLICE_X41Y10         FDRE (Prop_fdre_C_Q)         0.456     1.429 r  d_v2_reg/Q
                         net (fo=37, routed)          1.166     2.595    core/fetch/d_v2
    SLICE_X39Y7                                                       r  core/fetch/m1[writes_rd]_i_4/I3
    SLICE_X39Y7          LUT4 (Prop_lut4_I3_O)        0.152     2.747 f  core/fetch/m1[writes_rd]_i_4/O
                         net (fo=22, routed)          0.730     3.477    core/fetch/m2_reg[got]_0
    SLICE_X41Y7                                                       f  core/fetch/m1_first_i_1/I5
    SLICE_X41Y7          LUT6 (Prop_lut6_I5_O)        0.326     3.803 r  core/fetch/m1_first_i_1/O
                         net (fo=12, routed)          0.931     4.734    core/e_advance
    SLICE_X45Y16                                                      r  core/bram_samples_request.ram_reg_0_0_0_i_21/I1
    SLICE_X45Y16         LUT4 (Prop_lut4_I1_O)        0.124     4.858 r  core/bram_samples_request.ram_reg_0_0_0_i_21/O
                         net (fo=12, routed)          0.883     5.741    core/bram_samples_request.ram_reg_0_0_0_i_21_n_0
    SLICE_X34Y19                                                      r  core/bram_samples_request.ram_reg_1_0_5_i_2/I4
    SLICE_X34Y19         LUT5 (Prop_lut5_I4_O)        0.124     5.865 r  core/bram_samples_request.ram_reg_1_0_5_i_2/O
                         net (fo=3, routed)           1.611     7.476    core_n_104
    RAMB36_X0Y5          RAMB36E1                                     r  bram_samples_request.ram_reg_1_0_6/WEA[0]
  -------------------------------------------------------------------    -------------------

                         (clock clk rise edge)       10.000    10.000 r  
                                                      0.000    10.000 r  clk (IN)
                         net (fo=1696, unset)         0.924    10.924    clk
    RAMB36_X0Y5          RAMB36E1                                     r  bram_samples_request.ram_reg_1_0_6/CLKARDCLK
                         clock pessimism              0.000    10.924    
                         clock uncertainty           -0.035    10.889    
    RAMB36_X0Y5          RAMB36E1 (Setup_ramb36e1_CLKARDCLK_WEA[0])
                                                     -0.532    10.357    bram_samples_request.ram_reg_1_0_6
  -------------------------------------------------------------------
                         required time                         10.357    
                         arrival time                          -7.476    
  -------------------------------------------------------------------
                         slack                                  2.881    





NAMED label=d_rsp_error_kill slack_ns=2.227 from=d_err1_reg/C to=bram_samples_request.ram_reg_1_0_6/WEA[0] levels=5
Copyright 1986-2022 Xilinx, Inc. All Rights Reserved. Copyright 2022-2025 Advanced Micro Devices, Inc. All Rights Reserved.
------------------------------------------------------------------------------------------------------------------------------------------------------------------------------------------------------------------------------------------------------------------------------------------------------------------
| Tool Version : Vivado v.2025.1 (lin64) Build 6140274 Wed May 21 22:58:25 MDT 2025
| Date         : Fri Oct  2 11:40:59 2026
| Host         : gondor running 64-bit Ubuntu 24.04.5 LTS
| Command      : report_timing -of_objects [get_timing_paths -setup -from [get_cells -hier -quiet -filter {NAME =~ *d_err1_reg* && IS_SEQUENTIAL}] -to [get_cells -hier -quiet -filter {(NAME =~ *d_v1_reg* || NAME =~ *d_en_reg* || NAME =~ *ram_reg*) && IS_SEQUENTIAL}] -max_paths 1 -nworst 1] -return_string
| Design       : timing_aster_bram
| Device       : 7z020-clg400
| Speed File   : -1  PRODUCTION 1.12 2019-11-22
| Design State : Routed
------------------------------------------------------------------------------------------------------------------------------------------------------------------------------------------------------------------------------------------------------------------------------------------------------------------

Timing Report

Slack (MET) :             2.227ns  (required time - arrival time)
  Source:                 d_err1_reg/C
                            (rising edge-triggered cell FDRE clocked by clk  {rise@0.000ns fall@5.000ns period=10.000ns})
  Destination:            bram_samples_request.ram_reg_1_0_6/WEA[0]
                            (rising edge-triggered cell RAMB36E1 clocked by clk  {rise@0.000ns fall@5.000ns period=10.000ns})
  Path Group:             clk
  Path Type:              Setup (Max at Slow Process Corner)
  Requirement:            10.000ns  (clk rise@10.000ns - clk rise@0.000ns)
  Data Path Delay:        7.157ns  (logic 1.439ns (20.107%)  route 5.718ns (79.893%))
  Logic Levels:           5  (LUT2=1 LUT4=1 LUT5=1 LUT6=2)
  Clock Path Skew:        -0.049ns (DCD - SCD + CPR)
    Destination Clock Delay (DCD):    0.924ns = ( 10.924 - 10.000 ) 
    Source Clock Delay      (SCD):    0.973ns
    Clock Pessimism Removal (CPR):    0.000ns
  Clock Uncertainty:      0.035ns  ((TSJ^2 + TIJ^2)^1/2 + DJ) / 2 + PE
    Total System Jitter     (TSJ):    0.071ns
    Total Input Jitter      (TIJ):    0.000ns
    Discrete Jitter          (DJ):    0.000ns
    Phase Error              (PE):    0.000ns

    Location             Delay type                Incr(ns)  Path(ns)    Netlist Resource(s)
  -------------------------------------------------------------------    -------------------
                         (clock clk rise edge)        0.000     0.000 r  
                                                      0.000     0.000 r  clk (IN)
                         net (fo=1696, unset)         0.973     0.973    clk
    SLICE_X39Y9          FDRE                                         r  d_err1_reg/C
  -------------------------------------------------------------------    -------------------
    SLICE_X39Y9          FDRE (Prop_fdre_C_Q)         0.419     1.392 f  d_err1_reg/Q
                         net (fo=7, routed)           0.999     2.391    core/fetch/d_err1
    SLICE_X35Y9                                                       f  core/fetch/e_pending_i_7/I0
    SLICE_X35Y9          LUT6 (Prop_lut6_I0_O)        0.296     2.687 r  core/fetch/e_pending_i_7/O
                         net (fo=3, routed)           0.794     3.480    core/fetch/d_err1_reg
    SLICE_X40Y7                                                       r  core/fetch/e_pc[31]_i_3/I1
    SLICE_X40Y7          LUT2 (Prop_lut2_I1_O)        0.150     3.630 f  core/fetch/e_pc[31]_i_3/O
                         net (fo=34, routed)          0.501     4.131    core/fetch/m1_reg[valid]
    SLICE_X41Y7                                                       f  core/fetch/m1_first_i_1/I3
    SLICE_X41Y7          LUT6 (Prop_lut6_I3_O)        0.326     4.457 r  core/fetch/m1_first_i_1/O
                         net (fo=12, routed)          0.931     5.388    core/e_advance
    SLICE_X45Y16                                                      r  core/bram_samples_request.ram_reg_0_0_0_i_21/I1
    SLICE_X45Y16         LUT4 (Prop_lut4_I1_O)        0.124     5.512 r  core/bram_samples_request.ram_reg_0_0_0_i_21/O
                         net (fo=12, routed)          0.883     6.395    core/bram_samples_request.ram_reg_0_0_0_i_21_n_0
    SLICE_X34Y19                                                      r  core/bram_samples_request.ram_reg_1_0_5_i_2/I4
    SLICE_X34Y19         LUT5 (Prop_lut5_I4_O)        0.124     6.519 r  core/bram_samples_request.ram_reg_1_0_5_i_2/O
                         net (fo=3, routed)           1.611     8.130    core_n_104
    RAMB36_X0Y5          RAMB36E1                                     r  bram_samples_request.ram_reg_1_0_6/WEA[0]
  -------------------------------------------------------------------    -------------------

                         (clock clk rise edge)       10.000    10.000 r  
                                                      0.000    10.000 r  clk (IN)
                         net (fo=1696, unset)         0.924    10.924    clk
    RAMB36_X0Y5          RAMB36E1                                     r  bram_samples_request.ram_reg_1_0_6/CLKARDCLK
                         clock pessimism              0.000    10.924    
                         clock uncertainty           -0.035    10.889    
    RAMB36_X0Y5          RAMB36E1 (Setup_ramb36e1_CLKARDCLK_WEA[0])
                                                     -0.532    10.357    bram_samples_request.ram_reg_1_0_6
  -------------------------------------------------------------------
                         required time                         10.357    
                         arrival time                          -8.130    
  -------------------------------------------------------------------
                         slack                                  2.227    





NAMED label=d_rsp_valid_worst slack_ns=1.940 from=d_v2_reg/C to=core/m2_reg[rdata][26]/D levels=2
Copyright 1986-2022 Xilinx, Inc. All Rights Reserved. Copyright 2022-2025 Advanced Micro Devices, Inc. All Rights Reserved.
----------------------------------------------------------------------------------------------------------------------------------------------------------------------------------------
| Tool Version : Vivado v.2025.1 (lin64) Build 6140274 Wed May 21 22:58:25 MDT 2025
| Date         : Fri Oct  2 11:40:59 2026
| Host         : gondor running 64-bit Ubuntu 24.04.5 LTS
| Command      : report_timing -of_objects [get_timing_paths -setup -from [get_cells -hier -quiet -filter {NAME =~ *d_v2_reg* && IS_SEQUENTIAL}] -max_paths 1 -nworst 1] -return_string
| Design       : timing_aster_bram
| Device       : 7z020-clg400
| Speed File   : -1  PRODUCTION 1.12 2019-11-22
| Design State : Routed
----------------------------------------------------------------------------------------------------------------------------------------------------------------------------------------

Timing Report

Slack (MET) :             1.940ns  (required time - arrival time)
  Source:                 d_v2_reg/C
                            (rising edge-triggered cell FDRE clocked by clk  {rise@0.000ns fall@5.000ns period=10.000ns})
  Destination:            core/m2_reg[rdata][26]/D
                            (rising edge-triggered cell FDRE clocked by clk  {rise@0.000ns fall@5.000ns period=10.000ns})
  Path Group:             clk
  Path Type:              Setup (Max at Slow Process Corner)
  Requirement:            10.000ns  (clk rise@10.000ns - clk rise@0.000ns)
  Data Path Delay:        8.005ns  (logic 0.704ns (8.794%)  route 7.301ns (91.206%))
  Logic Levels:           2  (LUT5=1 LUT6=1)
  Clock Path Skew:        -0.049ns (DCD - SCD + CPR)
    Destination Clock Delay (DCD):    0.924ns = ( 10.924 - 10.000 ) 
    Source Clock Delay      (SCD):    0.973ns
    Clock Pessimism Removal (CPR):    0.000ns
  Clock Uncertainty:      0.035ns  ((TSJ^2 + TIJ^2)^1/2 + DJ) / 2 + PE
    Total System Jitter     (TSJ):    0.071ns
    Total Input Jitter      (TIJ):    0.000ns
    Discrete Jitter          (DJ):    0.000ns
    Phase Error              (PE):    0.000ns

    Location             Delay type                Incr(ns)  Path(ns)    Netlist Resource(s)
  -------------------------------------------------------------------    -------------------
                         (clock clk rise edge)        0.000     0.000 r  
                                                      0.000     0.000 r  clk (IN)
                         net (fo=1696, unset)         0.973     0.973    clk
    SLICE_X41Y10         FDRE                                         r  d_v2_reg/C
  -------------------------------------------------------------------    -------------------
    SLICE_X41Y10         FDRE (Prop_fdre_C_Q)         0.456     1.429 f  d_v2_reg/Q
                         net (fo=37, routed)          3.443     4.872    core/d_v2
    SLICE_X21Y6                                                       f  core/m2[rdata][31]_i_3/I0
    SLICE_X21Y6          LUT5 (Prop_lut5_I0_O)        0.124     4.996 r  core/m2[rdata][31]_i_3/O
                         net (fo=32, routed)          3.858     8.854    core/m2[rdata][31]_i_3_n_0
    SLICE_X53Y14                                                      r  core/m2[rdata][26]_i_1/I1
    SLICE_X53Y14         LUT6 (Prop_lut6_I1_O)        0.124     8.978 r  core/m2[rdata][26]_i_1/O
                         net (fo=1, routed)           0.000     8.978    core/m2[rdata][26]_i_1_n_0
    SLICE_X53Y14         FDRE                                         r  core/m2_reg[rdata][26]/D
  -------------------------------------------------------------------    -------------------

                         (clock clk rise edge)       10.000    10.000 r  
                                                      0.000    10.000 r  clk (IN)
                         net (fo=1696, unset)         0.924    10.924    core/clk
    SLICE_X53Y14         FDRE                                         r  core/m2_reg[rdata][26]/C
                         clock pessimism              0.000    10.924    
                         clock uncertainty           -0.035    10.889    
    SLICE_X53Y14         FDRE (Setup_fdre_C_D)        0.029    10.918    core/m2_reg[rdata][26]
  -------------------------------------------------------------------
                         required time                         10.918    
                         arrival time                          -8.978    
  -------------------------------------------------------------------
                         slack                                  1.940    





NAMED label=d_rsp_error_worst slack_ns=2.227 from=d_err1_reg/C to=bram_samples_request.ram_reg_1_0_6/WEA[0] levels=5
Copyright 1986-2022 Xilinx, Inc. All Rights Reserved. Copyright 2022-2025 Advanced Micro Devices, Inc. All Rights Reserved.
------------------------------------------------------------------------------------------------------------------------------------------------------------------------------------------
| Tool Version : Vivado v.2025.1 (lin64) Build 6140274 Wed May 21 22:58:25 MDT 2025
| Date         : Fri Oct  2 11:41:00 2026
| Host         : gondor running 64-bit Ubuntu 24.04.5 LTS
| Command      : report_timing -of_objects [get_timing_paths -setup -from [get_cells -hier -quiet -filter {NAME =~ *d_err1_reg* && IS_SEQUENTIAL}] -max_paths 1 -nworst 1] -return_string
| Design       : timing_aster_bram
| Device       : 7z020-clg400
| Speed File   : -1  PRODUCTION 1.12 2019-11-22
| Design State : Routed
------------------------------------------------------------------------------------------------------------------------------------------------------------------------------------------

Timing Report

Slack (MET) :             2.227ns  (required time - arrival time)
  Source:                 d_err1_reg/C
                            (rising edge-triggered cell FDRE clocked by clk  {rise@0.000ns fall@5.000ns period=10.000ns})
  Destination:            bram_samples_request.ram_reg_1_0_6/WEA[0]
                            (rising edge-triggered cell RAMB36E1 clocked by clk  {rise@0.000ns fall@5.000ns period=10.000ns})
  Path Group:             clk
  Path Type:              Setup (Max at Slow Process Corner)
  Requirement:            10.000ns  (clk rise@10.000ns - clk rise@0.000ns)
  Data Path Delay:        7.157ns  (logic 1.439ns (20.107%)  route 5.718ns (79.893%))
  Logic Levels:           5  (LUT2=1 LUT4=1 LUT5=1 LUT6=2)
  Clock Path Skew:        -0.049ns (DCD - SCD + CPR)
    Destination Clock Delay (DCD):    0.924ns = ( 10.924 - 10.000 ) 
    Source Clock Delay      (SCD):    0.973ns
    Clock Pessimism Removal (CPR):    0.000ns
  Clock Uncertainty:      0.035ns  ((TSJ^2 + TIJ^2)^1/2 + DJ) / 2 + PE
    Total System Jitter     (TSJ):    0.071ns
    Total Input Jitter      (TIJ):    0.000ns
    Discrete Jitter          (DJ):    0.000ns
    Phase Error              (PE):    0.000ns

    Location             Delay type                Incr(ns)  Path(ns)    Netlist Resource(s)
  -------------------------------------------------------------------    -------------------
                         (clock clk rise edge)        0.000     0.000 r  
                                                      0.000     0.000 r  clk (IN)
                         net (fo=1696, unset)         0.973     0.973    clk
    SLICE_X39Y9          FDRE                                         r  d_err1_reg/C
  -------------------------------------------------------------------    -------------------
    SLICE_X39Y9          FDRE (Prop_fdre_C_Q)         0.419     1.392 f  d_err1_reg/Q
                         net (fo=7, routed)           0.999     2.391    core/fetch/d_err1
    SLICE_X35Y9                                                       f  core/fetch/e_pending_i_7/I0
    SLICE_X35Y9          LUT6 (Prop_lut6_I0_O)        0.296     2.687 r  core/fetch/e_pending_i_7/O
                         net (fo=3, routed)           0.794     3.480    core/fetch/d_err1_reg
    SLICE_X40Y7                                                       r  core/fetch/e_pc[31]_i_3/I1
    SLICE_X40Y7          LUT2 (Prop_lut2_I1_O)        0.150     3.630 f  core/fetch/e_pc[31]_i_3/O
                         net (fo=34, routed)          0.501     4.131    core/fetch/m1_reg[valid]
    SLICE_X41Y7                                                       f  core/fetch/m1_first_i_1/I3
    SLICE_X41Y7          LUT6 (Prop_lut6_I3_O)        0.326     4.457 r  core/fetch/m1_first_i_1/O
                         net (fo=12, routed)          0.931     5.388    core/e_advance
    SLICE_X45Y16                                                      r  core/bram_samples_request.ram_reg_0_0_0_i_21/I1
    SLICE_X45Y16         LUT4 (Prop_lut4_I1_O)        0.124     5.512 r  core/bram_samples_request.ram_reg_0_0_0_i_21/O
                         net (fo=12, routed)          0.883     6.395    core/bram_samples_request.ram_reg_0_0_0_i_21_n_0
    SLICE_X34Y19                                                      r  core/bram_samples_request.ram_reg_1_0_5_i_2/I4
    SLICE_X34Y19         LUT5 (Prop_lut5_I4_O)        0.124     6.519 r  core/bram_samples_request.ram_reg_1_0_5_i_2/O
                         net (fo=3, routed)           1.611     8.130    core_n_104
    RAMB36_X0Y5          RAMB36E1                                     r  bram_samples_request.ram_reg_1_0_6/WEA[0]
  -------------------------------------------------------------------    -------------------

                         (clock clk rise edge)       10.000    10.000 r  
                                                      0.000    10.000 r  clk (IN)
                         net (fo=1696, unset)         0.924    10.924    clk
    RAMB36_X0Y5          RAMB36E1                                     r  bram_samples_request.ram_reg_1_0_6/CLKARDCLK
                         clock pessimism              0.000    10.924    
                         clock uncertainty           -0.035    10.889    
    RAMB36_X0Y5          RAMB36E1 (Setup_ramb36e1_CLKARDCLK_WEA[0])
                                                     -0.532    10.357    bram_samples_request.ram_reg_1_0_6
  -------------------------------------------------------------------
                         required time                         10.357    
                         arrival time                          -8.130    
  -------------------------------------------------------------------
                         slack                                  2.227    





