NAMED-PATH-BEGIN d_rsp_valid_to_d_req_valid
Startpoint: d_rsp_valid (input port clocked by clk)
Endpoint: d_req_valid (output port clocked by clk)
Path Group: clk
Path Type: max

   Delay     Time   Description
-----------------------------------------------------------
   0.000    0.000   clock clk (rise edge)
   0.000    0.000   clock network delay (propagated)
   2.500    2.500 ^ input external delay
   0.011    2.511 ^ d_rsp_valid (in)
   0.197    2.708 ^ input35/X (sky130_fd_sc_hd__buf_2)
   0.177    2.886 ^ wire2908/X (sky130_fd_sc_hd__buf_12)
   0.091    2.976 v _14250_/Y (sky130_fd_sc_hd__nor2_1)
   0.202    3.178 v fanout1287/X (sky130_fd_sc_hd__buf_2)
   0.213    3.391 v fanout1285/X (sky130_fd_sc_hd__buf_2)
   0.240    3.631 v fanout1284/X (sky130_fd_sc_hd__clkbuf_4)
   0.288    3.918 ^ _14254_/Y (sky130_fd_sc_hd__o31ai_4)
   0.162    4.080 ^ max_cap771/X (sky130_fd_sc_hd__buf_6)
   0.099    4.179 v _14259_/Y (sky130_fd_sc_hd__o211ai_4)
   0.440    4.620 ^ _14261_/X (sky130_fd_sc_hd__and4bb_2)
   0.258    4.878 ^ output109/X (sky130_fd_sc_hd__buf_2)
   0.000    4.878 ^ d_req_valid (out)
            4.878   data arrival time

  12.500   12.500   clock clk (rise edge)
   0.000   12.500   clock network delay (propagated)
  -0.250   12.250   clock uncertainty
   0.000   12.250   clock reconvergence pessimism
  -2.500    9.750   output external delay
            9.750   data required time
-----------------------------------------------------------
            9.750   data required time
           -4.878   data arrival time
-----------------------------------------------------------
            4.872   slack (MET)


NAMED-PATH-END
NAMED-PATH-BEGIN d_rsp_error_to_d_req_valid
Startpoint: d_rsp_error (input port clocked by clk)
Endpoint: d_req_valid (output port clocked by clk)
Path Group: clk
Path Type: max

   Delay     Time   Description
-----------------------------------------------------------
   0.000    0.000   clock clk (rise edge)
   0.000    0.000   clock network delay (propagated)
   2.500    2.500 v input external delay
   0.008    2.508 v d_rsp_error (in)
   0.078    2.585 v hold3276/X (sky130_fd_sc_hd__clkbuf_1)
   0.147    2.732 v input2/X (sky130_fd_sc_hd__buf_2)
   0.144    2.875 v hold3277/X (sky130_fd_sc_hd__clkbuf_1)
   0.228    3.103 v _14245_/Y (sky130_fd_sc_hd__nand2b_2)
   0.181    3.284 v _14246_/X (sky130_fd_sc_hd__o211a_2)
   0.232    3.516 ^ _14254_/Y (sky130_fd_sc_hd__o31ai_4)
   0.162    3.677 ^ max_cap771/X (sky130_fd_sc_hd__buf_6)
   0.099    3.777 v _14259_/Y (sky130_fd_sc_hd__o211ai_4)
   0.440    4.217 ^ _14261_/X (sky130_fd_sc_hd__and4bb_2)
   0.258    4.475 ^ output109/X (sky130_fd_sc_hd__buf_2)
   0.000    4.476 ^ d_req_valid (out)
            4.476   data arrival time

  12.500   12.500   clock clk (rise edge)
   0.000   12.500   clock network delay (propagated)
  -0.250   12.250   clock uncertainty
   0.000   12.250   clock reconvergence pessimism
  -2.500    9.750   output external delay
            9.750   data required time
-----------------------------------------------------------
            9.750   data required time
           -4.476   data arrival time
-----------------------------------------------------------
            5.274   slack (MET)


NAMED-PATH-END
