NAMED-PATH-BEGIN d_rsp_valid_to_d_req_valid
Startpoint: d_rsp_valid (input port clocked by clk)
Endpoint: d_req_valid (output port clocked by clk)
Path Group: clk
Path Type: max

   Delay     Time   Description
-----------------------------------------------------------
   0.000    0.000   clock clk (rise edge)
   0.000    0.000   clock network delay (propagated)
   2.000    2.000 ^ input external delay
   0.010    2.010 ^ d_rsp_valid (in)
   0.185    2.196 ^ input35/X (sky130_fd_sc_hd__buf_2)
   0.200    2.396 ^ fanout3530/X (sky130_fd_sc_hd__buf_2)
   0.130    2.526 ^ _17154_/Y (sky130_fd_sc_hd__nand2b_2)
   0.169    2.695 ^ fanout1824/X (sky130_fd_sc_hd__buf_2)
   0.253    2.948 v _17159_/X (sky130_fd_sc_hd__and4bb_4)
   0.422    3.370 v _17161_/X (sky130_fd_sc_hd__or4b_4)
   0.115    3.485 v rebuffer3557/X (sky130_fd_sc_hd__buf_6)
   0.179    3.664 ^ _17162_/Y (sky130_fd_sc_hd__nor3_4)
   0.099    3.763 ^ wire437/X (sky130_fd_sc_hd__buf_6)
   0.152    3.915 ^ output109/X (sky130_fd_sc_hd__buf_2)
   0.002    3.917 ^ d_req_valid (out)
            3.917   data arrival time

  10.000   10.000   clock clk (rise edge)
   0.000   10.000   clock network delay (propagated)
  -0.250    9.750   clock uncertainty
   0.000    9.750   clock reconvergence pessimism
  -2.000    7.750   output external delay
            7.750   data required time
-----------------------------------------------------------
            7.750   data required time
           -3.917   data arrival time
-----------------------------------------------------------
            3.833   slack (MET)


NAMED-PATH-END
NAMED-PATH-BEGIN d_rsp_error_to_d_req_valid
Startpoint: d_rsp_error (input port clocked by clk)
Endpoint: d_req_valid (output port clocked by clk)
Path Group: clk
Path Type: max

   Delay     Time   Description
-----------------------------------------------------------
   0.000    0.000   clock clk (rise edge)
   0.000    0.000   clock network delay (propagated)
   2.000    2.000 v input external delay
   0.003    2.003 v d_rsp_error (in)
   0.114    2.117 v input2/X (sky130_fd_sc_hd__buf_2)
   0.142    2.259 v _17149_/Y (sky130_fd_sc_hd__nand2b_2)
   0.085    2.345 v _17150_/X (sky130_fd_sc_hd__o211a_2)
   0.218    2.563 v _17152_/X (sky130_fd_sc_hd__o21a_2)
   0.440    3.002 v _17161_/X (sky130_fd_sc_hd__or4b_4)
   0.115    3.118 v rebuffer3557/X (sky130_fd_sc_hd__buf_6)
   0.179    3.296 ^ _17162_/Y (sky130_fd_sc_hd__nor3_4)
   0.099    3.396 ^ wire437/X (sky130_fd_sc_hd__buf_6)
   0.152    3.548 ^ output109/X (sky130_fd_sc_hd__buf_2)
   0.002    3.550 ^ d_req_valid (out)
            3.550   data arrival time

  10.000   10.000   clock clk (rise edge)
   0.000   10.000   clock network delay (propagated)
  -0.250    9.750   clock uncertainty
   0.000    9.750   clock reconvergence pessimism
  -2.000    7.750   output external delay
            7.750   data required time
-----------------------------------------------------------
            7.750   data required time
           -3.550   data arrival time
-----------------------------------------------------------
            4.200   slack (MET)


NAMED-PATH-END
