NAMED-PATH-BEGIN d_rsp_valid_to_d_req_valid
Startpoint: d_rsp_valid (input port clocked by clk)
Endpoint: d_req_valid (output port clocked by clk)
Path Group: clk
Path Type: max

   Delay     Time   Description
-----------------------------------------------------------
   0.000    0.000   clock clk (rise edge)
   0.000    0.000   clock network delay (propagated)
   2.000    2.000 v input external delay
   0.002    2.002 v d_rsp_valid (in)
   0.123    2.125 v input35/X (sky130_fd_sc_hd__buf_2)
   0.139    2.264 v fanout1822/X (sky130_fd_sc_hd__buf_2)
   0.145    2.409 v fanout1819/X (sky130_fd_sc_hd__buf_2)
   0.278    2.687 v _07801_/X (sky130_fd_sc_hd__or3b_4)
   0.149    2.836 v _07810_/X (sky130_fd_sc_hd__and3_4)
   0.104    2.941 v rebuffer1834/X (sky130_fd_sc_hd__buf_6)
   0.169    3.110 v _07811_/X (sky130_fd_sc_hd__and3b_2)
   0.110    3.219 v output109/X (sky130_fd_sc_hd__buf_6)
   0.001    3.220 v d_req_valid (out)
            3.220   data arrival time

  10.000   10.000   clock clk (rise edge)
   0.000   10.000   clock network delay (propagated)
  -0.250    9.750   clock uncertainty
   0.000    9.750   clock reconvergence pessimism
  -2.000    7.750   output external delay
            7.750   data required time
-----------------------------------------------------------
            7.750   data required time
           -3.220   data arrival time
-----------------------------------------------------------
            4.530   slack (MET)


NAMED-PATH-END
NAMED-PATH-BEGIN d_rsp_error_to_d_req_valid
Startpoint: d_rsp_error (input port clocked by clk)
Endpoint: d_req_valid (output port clocked by clk)
Path Group: clk
Path Type: max

   Delay     Time   Description
-----------------------------------------------------------
   0.000    0.000   clock clk (rise edge)
   0.000    0.000   clock network delay (propagated)
   2.000    2.000 v input external delay
   0.002    2.002 v d_rsp_error (in)
   0.136    2.138 v input2/X (sky130_fd_sc_hd__buf_2)
   0.155    2.293 v _07793_/Y (sky130_fd_sc_hd__nand2b_2)
   0.098    2.391 v _07794_/X (sky130_fd_sc_hd__o211a_2)
   0.171    2.562 ^ _07796_/Y (sky130_fd_sc_hd__o21ai_4)
   0.082    2.644 ^ fanout545/X (sky130_fd_sc_hd__buf_12)
   0.129    2.773 ^ fanout544/X (sky130_fd_sc_hd__buf_6)
   0.163    2.936 ^ _07810_/X (sky130_fd_sc_hd__and3_4)
   0.107    3.043 ^ rebuffer1834/X (sky130_fd_sc_hd__buf_6)
   0.175    3.218 ^ _07811_/X (sky130_fd_sc_hd__and3b_2)
   0.105    3.323 ^ output109/X (sky130_fd_sc_hd__buf_6)
   0.001    3.324 ^ d_req_valid (out)
            3.324   data arrival time

  10.000   10.000   clock clk (rise edge)
   0.000   10.000   clock network delay (propagated)
  -0.250    9.750   clock uncertainty
   0.000    9.750   clock reconvergence pessimism
  -2.000    7.750   output external delay
            7.750   data required time
-----------------------------------------------------------
            7.750   data required time
           -3.324   data arrival time
-----------------------------------------------------------
            4.426   slack (MET)


NAMED-PATH-END
