NAMED-PATH-BEGIN d_rsp_valid_to_d_req_valid
Startpoint: d_rsp_valid (input port clocked by clk)
Endpoint: d_req_valid (output port clocked by clk)
Path Group: clk
Path Type: max

   Delay     Time   Description
-----------------------------------------------------------
   0.000    0.000   clock clk (rise edge)
   0.000    0.000   clock network delay (propagated)
   2.000    2.000 ^ input external delay
   0.010    2.010 ^ d_rsp_valid (in)
   0.197    2.207 ^ input35/X (sky130_fd_sc_hd__buf_2)
   0.330    2.537 ^ fanout3808/X (sky130_fd_sc_hd__buf_2)
   0.266    2.803 ^ fanout3807/X (sky130_fd_sc_hd__buf_2)
   0.155    2.958 ^ _17128_/X (sky130_fd_sc_hd__or3b_4)
   0.101    3.059 ^ max_cap1611/X (sky130_fd_sc_hd__buf_12)
   0.081    3.140 v _17140_/Y (sky130_fd_sc_hd__o2111ai_4)
   0.121    3.261 v wire706/X (sky130_fd_sc_hd__buf_8)
   0.203    3.464 ^ _17141_/X (sky130_fd_sc_hd__and4b_2)
   0.099    3.563 ^ max_cap540/X (sky130_fd_sc_hd__buf_12)
   0.160    3.723 ^ output109/X (sky130_fd_sc_hd__buf_2)
   0.002    3.725 ^ d_req_valid (out)
            3.725   data arrival time

  10.000   10.000   clock clk (rise edge)
   0.000   10.000   clock network delay (propagated)
  -0.250    9.750   clock uncertainty
   0.000    9.750   clock reconvergence pessimism
  -2.000    7.750   output external delay
            7.750   data required time
-----------------------------------------------------------
            7.750   data required time
           -3.725   data arrival time
-----------------------------------------------------------
            4.025   slack (MET)


NAMED-PATH-END
NAMED-PATH-BEGIN d_rsp_error_to_d_req_valid
Startpoint: d_rsp_error (input port clocked by clk)
Endpoint: d_req_valid (output port clocked by clk)
Path Group: clk
Path Type: max

   Delay     Time   Description
-----------------------------------------------------------
   0.000    0.000   clock clk (rise edge)
   0.000    0.000   clock network delay (propagated)
   2.000    2.000 v input external delay
   0.004    2.004 v d_rsp_error (in)
   0.097    2.100 v input2/X (sky130_fd_sc_hd__clkbuf_2)
   0.116    2.217 v wire3813/X (sky130_fd_sc_hd__buf_12)
   0.131    2.347 v _17129_/Y (sky130_fd_sc_hd__nand2b_2)
   0.129    2.476 v _17130_/X (sky130_fd_sc_hd__o211a_4)
   0.102    2.578 ^ _17132_/Y (sky130_fd_sc_hd__o21ai_2)
   0.080    2.657 ^ fanout1134/X (sky130_fd_sc_hd__buf_6)
   0.104    2.761 ^ load_slew1135/X (sky130_fd_sc_hd__buf_12)
   0.124    2.885 ^ fanout1133/X (sky130_fd_sc_hd__buf_12)
   0.086    2.971 v _17140_/Y (sky130_fd_sc_hd__o2111ai_4)
   0.121    3.093 v wire706/X (sky130_fd_sc_hd__buf_8)
   0.203    3.295 ^ _17141_/X (sky130_fd_sc_hd__and4b_2)
   0.099    3.394 ^ max_cap540/X (sky130_fd_sc_hd__buf_12)
   0.160    3.554 ^ output109/X (sky130_fd_sc_hd__buf_2)
   0.002    3.557 ^ d_req_valid (out)
            3.557   data arrival time

  10.000   10.000   clock clk (rise edge)
   0.000   10.000   clock network delay (propagated)
  -0.250    9.750   clock uncertainty
   0.000    9.750   clock reconvergence pessimism
  -2.000    7.750   output external delay
            7.750   data required time
-----------------------------------------------------------
            7.750   data required time
           -3.557   data arrival time
-----------------------------------------------------------
            4.193   slack (MET)


NAMED-PATH-END
