Copyright 1986-2022 Xilinx, Inc. All Rights Reserved. Copyright 2022-2025 Advanced Micro Devices, Inc. All Rights Reserved.
---------------------------------------------------------------------------------------------------------------------------------------------
| Tool Version : Vivado v.2025.1 (lin64) Build 6140274 Wed May 21 22:58:25 MDT 2025
| Date         : Mon Oct  5 14:12:01 2026
| Host         : gondor running 64-bit Ubuntu 24.04.5 LTS
| Command      : report_timing_summary -max_paths 10 -file /home/elfo/Documents/Aster/build/timing/fpga/npu2_bram/timing_summary.rpt
| Design       : timing_npu2_bram
| Device       : 7z020-clg400
| Speed File   : -1  PRODUCTION 1.12 2019-11-22
| Design State : Routed
---------------------------------------------------------------------------------------------------------------------------------------------

Timing Summary Report

------------------------------------------------------------------------------------------------
| Timer Settings
| --------------
------------------------------------------------------------------------------------------------

  Enable Multi Corner Analysis               :  Yes
  Enable Pessimism Removal                   :  Yes
  Pessimism Removal Resolution               :  Nearest Common Node
  Enable Input Delay Default Clock           :  No
  Enable Preset / Clear Arcs                 :  No
  Disable Flight Delays                      :  No
  Ignore I/O Paths                           :  No
  Timing Early Launch at Borrowing Latches   :  No
  Borrow Time for Max Delay Exceptions       :  Yes
  Merge Timing Exceptions                    :  Yes
  Inter-SLR Compensation                     :  Conservative

  Corner  Analyze    Analyze    
  Name    Max Paths  Min Paths  
  ------  ---------  ---------  
  Slow    Yes        Yes        
  Fast    Yes        Yes        


------------------------------------------------------------------------------------------------
| Report Methodology
| ------------------
------------------------------------------------------------------------------------------------

No report available as report_methodology has not been run prior. Run report_methodology on the current design for the summary of methodology violations.



check_timing report

Table of Contents
-----------------
1. checking no_clock (0)
2. checking constant_clock (0)
3. checking pulse_width_clock (0)
4. checking unconstrained_internal_endpoints (0)
5. checking no_input_delay (51)
6. checking no_output_delay (67)
7. checking multiple_clock (0)
8. checking generated_clocks (0)
9. checking loops (0)
10. checking partial_input_delay (0)
11. checking partial_output_delay (0)
12. checking latch_loops (0)

1. checking no_clock (0)
------------------------
 There are 0 register/latch pins with no clock.


2. checking constant_clock (0)
------------------------------
 There are 0 register/latch pins with constant_clock.


3. checking pulse_width_clock (0)
---------------------------------
 There are 0 register/latch pins which need pulse_width check


4. checking unconstrained_internal_endpoints (0)
------------------------------------------------
 There are 0 pins that are not constrained for maximum delay.

 There are 0 pins that are not constrained for maximum delay due to constant clock.


5. checking no_input_delay (51)
-------------------------------
 There are 51 input ports with no input delay specified. (HIGH)

 There are 0 input ports with no input delay but user has a false path constraint.


6. checking no_output_delay (67)
--------------------------------
 There are 67 ports with no output delay specified. (HIGH)

 There are 0 ports with no output delay but user has a false path constraint

 There are 0 ports with no output delay but with a timing clock defined on it or propagating through it


7. checking multiple_clock (0)
------------------------------
 There are 0 register/latch pins with multiple clocks.


8. checking generated_clocks (0)
--------------------------------
 There are 0 generated clocks that are not connected to a clock source.


9. checking loops (0)
---------------------
 There are 0 combinational loops in the design.


10. checking partial_input_delay (0)
------------------------------------
 There are 0 input ports with partial input delay specified.


11. checking partial_output_delay (0)
-------------------------------------
 There are 0 ports with partial output delay specified.


12. checking latch_loops (0)
----------------------------
 There are 0 combinational latch loops in the design through latch input



------------------------------------------------------------------------------------------------
| Design Timing Summary
| ---------------------
------------------------------------------------------------------------------------------------

    WNS(ns)      TNS(ns)  TNS Failing Endpoints  TNS Total Endpoints      WHS(ns)      THS(ns)  THS Failing Endpoints  THS Total Endpoints     WPWS(ns)     TPWS(ns)  TPWS Failing Endpoints  TPWS Total Endpoints  
    -------      -------  ---------------------  -------------------      -------      -------  ---------------------  -------------------     --------     --------  ----------------------  --------------------  
      0.486        0.000                      0                12472        0.110        0.000                      0                12472        3.750        0.000                       0                  4514  


All user specified timing constraints are met.


------------------------------------------------------------------------------------------------
| Clock Summary
| -------------
------------------------------------------------------------------------------------------------

Clock  Waveform(ns)       Period(ns)      Frequency(MHz)
-----  ------------       ----------      --------------
clk    {0.000 5.000}      10.000          100.000         


------------------------------------------------------------------------------------------------
| Intra Clock Table
| -----------------
------------------------------------------------------------------------------------------------

Clock             WNS(ns)      TNS(ns)  TNS Failing Endpoints  TNS Total Endpoints      WHS(ns)      THS(ns)  THS Failing Endpoints  THS Total Endpoints     WPWS(ns)     TPWS(ns)  TPWS Failing Endpoints  TPWS Total Endpoints  
-----             -------      -------  ---------------------  -------------------      -------      -------  ---------------------  -------------------     --------     --------  ----------------------  --------------------  
clk                 0.486        0.000                      0                12472        0.110        0.000                      0                12472        3.750        0.000                       0                  4514  


------------------------------------------------------------------------------------------------
| Inter Clock Table
| -----------------
------------------------------------------------------------------------------------------------

From Clock    To Clock          WNS(ns)      TNS(ns)  TNS Failing Endpoints  TNS Total Endpoints      WHS(ns)      THS(ns)  THS Failing Endpoints  THS Total Endpoints  
----------    --------          -------      -------  ---------------------  -------------------      -------      -------  ---------------------  -------------------  


------------------------------------------------------------------------------------------------
| Other Path Groups Table
| -----------------------
------------------------------------------------------------------------------------------------

Path Group    From Clock    To Clock          WNS(ns)      TNS(ns)  TNS Failing Endpoints  TNS Total Endpoints      WHS(ns)      THS(ns)  THS Failing Endpoints  THS Total Endpoints  
----------    ----------    --------          -------      -------  ---------------------  -------------------      -------      -------  ---------------------  -------------------  


------------------------------------------------------------------------------------------------
| Timing Details
| --------------
------------------------------------------------------------------------------------------------


---------------------------------------------------------------------------------------------------
From Clock:  clk
  To Clock:  clk

Setup :            0  Failing Endpoints,  Worst Slack        0.486ns,  Total Violation        0.000ns
Hold  :            0  Failing Endpoints,  Worst Slack        0.110ns,  Total Violation        0.000ns
PW    :            0  Failing Endpoints,  Worst Slack        3.750ns,  Total Violation        0.000ns
---------------------------------------------------------------------------------------------------


Max Delay Paths
--------------------------------------------------------------------------------------
Slack (MET) :             0.486ns  (required time - arrival time)
  Source:                 npu/engine/wr_r_reg[1]_rep/C
                            (rising edge-triggered cell FDRE clocked by clk  {rise@0.000ns fall@5.000ns period=10.000ns})
  Destination:            npu/engine/wr_q_data_reg[7]/D
                            (rising edge-triggered cell FDRE clocked by clk  {rise@0.000ns fall@5.000ns period=10.000ns})
  Path Group:             clk
  Path Type:              Setup (Max at Slow Process Corner)
  Requirement:            10.000ns  (clk rise@10.000ns - clk rise@0.000ns)
  Data Path Delay:        9.150ns  (logic 2.321ns (25.365%)  route 6.829ns (74.635%))
  Logic Levels:           7  (CARRY4=1 LUT3=1 LUT4=2 LUT5=2 LUT6=1)
  Clock Path Skew:        -0.049ns (DCD - SCD + CPR)
    Destination Clock Delay (DCD):    0.924ns = ( 10.924 - 10.000 ) 
    Source Clock Delay      (SCD):    0.973ns
    Clock Pessimism Removal (CPR):    0.000ns
  Clock Uncertainty:      0.035ns  ((TSJ^2 + TIJ^2)^1/2 + DJ) / 2 + PE
    Total System Jitter     (TSJ):    0.071ns
    Total Input Jitter      (TIJ):    0.000ns
    Discrete Jitter          (DJ):    0.000ns
    Phase Error              (PE):    0.000ns

    Location             Delay type                Incr(ns)  Path(ns)    Netlist Resource(s)
  -------------------------------------------------------------------    -------------------
                         (clock clk rise edge)        0.000     0.000 r  
                                                      0.000     0.000 r  clk (IN)
                         net (fo=4513, unset)         0.973     0.973    npu/engine/clk
    SLICE_X12Y25         FDRE                                         r  npu/engine/wr_r_reg[1]_rep/C
  -------------------------------------------------------------------    -------------------
    SLICE_X12Y25         FDRE (Prop_fdre_C_Q)         0.478     1.451 f  npu/engine/wr_r_reg[1]_rep/Q
                         net (fo=174, routed)         1.781     3.232    npu/engine/wr_r_reg[1]_rep_n_0
    SLICE_X7Y31          LUT5 (Prop_lut5_I0_O)        0.301     3.533 r  npu/engine/wr_q_data[5]_i_13/O
                         net (fo=1, routed)           0.643     4.176    npu/engine/wr_q_data[5]_i_13_n_0
    SLICE_X7Y31          LUT4 (Prop_lut4_I2_O)        0.124     4.300 r  npu/engine/wr_q_data[5]_i_6/O
                         net (fo=3, routed)           1.048     5.348    npu/engine/wr_q_data[5]_i_6_n_0
    SLICE_X12Y27         LUT3 (Prop_lut3_I2_O)        0.150     5.498 f  npu/engine/wr_q_data[7]_i_17/O
                         net (fo=2, routed)           1.004     6.502    npu/engine/wr_q_data[7]_i_17_n_0
    SLICE_X12Y27         LUT5 (Prop_lut5_I3_O)        0.357     6.859 r  npu/engine/wr_q_data[7]_i_5/O
                         net (fo=2, routed)           0.307     7.166    npu/engine/wr_q_data[7]_i_5_n_0
    SLICE_X15Y27         LUT6 (Prop_lut6_I3_O)        0.331     7.497 r  npu/engine/wr_q_data[7]_i_9/O
                         net (fo=1, routed)           0.000     7.497    npu/engine/wr_q_data[7]_i_9_n_0
    SLICE_X15Y27         CARRY4 (Prop_carry4_S[3]_O[3])
                                                      0.248     7.745 r  npu/engine/wr_q_data_reg[7]_i_2/O[3]
                         net (fo=1, routed)           1.497     9.242    npu/engine/wr_q_data1[7]
    SLICE_X35Y34         LUT4 (Prop_lut4_I1_O)        0.332     9.574 r  npu/engine/wr_q_data[7]_i_1/O
                         net (fo=1, routed)           0.550    10.123    npu/engine/wr_q_data[7]_i_1_n_0
    SLICE_X35Y36         FDRE                                         r  npu/engine/wr_q_data_reg[7]/D
  -------------------------------------------------------------------    -------------------

                         (clock clk rise edge)       10.000    10.000 r  
                                                      0.000    10.000 r  clk (IN)
                         net (fo=4513, unset)         0.924    10.924    npu/engine/clk
    SLICE_X35Y36         FDRE                                         r  npu/engine/wr_q_data_reg[7]/C
                         clock pessimism              0.000    10.924    
                         clock uncertainty           -0.035    10.889    
    SLICE_X35Y36         FDRE (Setup_fdre_C_D)       -0.280    10.609    npu/engine/wr_q_data_reg[7]
  -------------------------------------------------------------------
                         required time                         10.609    
                         arrival time                         -10.123    
  -------------------------------------------------------------------
                         slack                                  0.486    

Slack (MET) :             0.521ns  (required time - arrival time)
  Source:                 npu/engine/wr_r_reg[1]_rep/C
                            (rising edge-triggered cell FDRE clocked by clk  {rise@0.000ns fall@5.000ns period=10.000ns})
  Destination:            npu/engine/wr_q_data_reg[26]/D
                            (rising edge-triggered cell FDRE clocked by clk  {rise@0.000ns fall@5.000ns period=10.000ns})
  Path Group:             clk
  Path Type:              Setup (Max at Slow Process Corner)
  Requirement:            10.000ns  (clk rise@10.000ns - clk rise@0.000ns)
  Data Path Delay:        9.156ns  (logic 2.994ns (32.699%)  route 6.162ns (67.301%))
  Logic Levels:           11  (CARRY4=6 LUT3=2 LUT4=1 LUT5=2)
  Clock Path Skew:        -0.049ns (DCD - SCD + CPR)
    Destination Clock Delay (DCD):    0.924ns = ( 10.924 - 10.000 ) 
    Source Clock Delay      (SCD):    0.973ns
    Clock Pessimism Removal (CPR):    0.000ns
  Clock Uncertainty:      0.035ns  ((TSJ^2 + TIJ^2)^1/2 + DJ) / 2 + PE
    Total System Jitter     (TSJ):    0.071ns
    Total Input Jitter      (TIJ):    0.000ns
    Discrete Jitter          (DJ):    0.000ns
    Phase Error              (PE):    0.000ns

    Location             Delay type                Incr(ns)  Path(ns)    Netlist Resource(s)
  -------------------------------------------------------------------    -------------------
                         (clock clk rise edge)        0.000     0.000 r  
                                                      0.000     0.000 r  clk (IN)
                         net (fo=4513, unset)         0.973     0.973    npu/engine/clk
    SLICE_X12Y25         FDRE                                         r  npu/engine/wr_r_reg[1]_rep/C
  -------------------------------------------------------------------    -------------------
    SLICE_X12Y25         FDRE (Prop_fdre_C_Q)         0.478     1.451 f  npu/engine/wr_r_reg[1]_rep/Q
                         net (fo=174, routed)         1.781     3.232    npu/engine/wr_r_reg[1]_rep_n_0
    SLICE_X7Y31          LUT5 (Prop_lut5_I0_O)        0.301     3.533 r  npu/engine/wr_q_data[5]_i_13/O
                         net (fo=1, routed)           0.643     4.176    npu/engine/wr_q_data[5]_i_13_n_0
    SLICE_X7Y31          LUT4 (Prop_lut4_I2_O)        0.124     4.300 r  npu/engine/wr_q_data[5]_i_6/O
                         net (fo=3, routed)           1.048     5.348    npu/engine/wr_q_data[5]_i_6_n_0
    SLICE_X12Y27         LUT3 (Prop_lut3_I2_O)        0.150     5.498 f  npu/engine/wr_q_data[7]_i_17/O
                         net (fo=2, routed)           1.004     6.502    npu/engine/wr_q_data[7]_i_17_n_0
    SLICE_X12Y27         LUT5 (Prop_lut5_I3_O)        0.357     6.859 r  npu/engine/wr_q_data[7]_i_5/O
                         net (fo=2, routed)           0.483     7.342    npu/engine/wr_q_data[7]_i_5_n_0
    SLICE_X15Y27         CARRY4 (Prop_carry4_DI[3]_CO[3])
                                                      0.592     7.934 r  npu/engine/wr_q_data_reg[7]_i_2/CO[3]
                         net (fo=1, routed)           0.000     7.934    npu/engine/wr_q_data_reg[7]_i_2_n_0
    SLICE_X15Y28         CARRY4 (Prop_carry4_CI_CO[3])
                                                      0.114     8.048 r  npu/engine/wr_q_data_reg[11]_i_2/CO[3]
                         net (fo=1, routed)           0.000     8.048    npu/engine/wr_q_data_reg[11]_i_2_n_0
    SLICE_X15Y29         CARRY4 (Prop_carry4_CI_CO[3])
                                                      0.114     8.162 r  npu/engine/wr_q_data_reg[15]_i_2/CO[3]
                         net (fo=1, routed)           0.000     8.162    npu/engine/wr_q_data_reg[15]_i_2_n_0
    SLICE_X15Y30         CARRY4 (Prop_carry4_CI_CO[3])
                                                      0.114     8.276 r  npu/engine/wr_q_data_reg[19]_i_2/CO[3]
                         net (fo=1, routed)           0.000     8.276    npu/engine/wr_q_data_reg[19]_i_2_n_0
    SLICE_X15Y31         CARRY4 (Prop_carry4_CI_CO[3])
                                                      0.114     8.390 r  npu/engine/wr_q_data_reg[23]_i_2/CO[3]
                         net (fo=1, routed)           0.000     8.390    npu/engine/wr_q_data_reg[23]_i_2_n_0
    SLICE_X15Y32         CARRY4 (Prop_carry4_CI_O[2])
                                                      0.239     8.629 r  npu/engine/wr_q_data_reg[27]_i_2/O[2]
                         net (fo=1, routed)           0.868     9.497    npu/engine/wr_q_data1[26]
    SLICE_X31Y32         LUT3 (Prop_lut3_I1_O)        0.297     9.794 r  npu/engine/wr_q_data[26]_i_1/O
                         net (fo=1, routed)           0.336    10.129    npu/engine/wr_q_data[26]_i_1_n_0
    SLICE_X30Y32         FDRE                                         r  npu/engine/wr_q_data_reg[26]/D
  -------------------------------------------------------------------    -------------------

                         (clock clk rise edge)       10.000    10.000 r  
                                                      0.000    10.000 r  clk (IN)
                         net (fo=4513, unset)         0.924    10.924    npu/engine/clk
    SLICE_X30Y32         FDRE                                         r  npu/engine/wr_q_data_reg[26]/C
                         clock pessimism              0.000    10.924    
                         clock uncertainty           -0.035    10.889    
    SLICE_X30Y32         FDRE (Setup_fdre_C_D)       -0.239    10.650    npu/engine/wr_q_data_reg[26]
  -------------------------------------------------------------------
                         required time                         10.650    
                         arrival time                         -10.129    
  -------------------------------------------------------------------
                         slack                                  0.521    

Slack (MET) :             0.608ns  (required time - arrival time)
  Source:                 npu/engine/g_left_reg[3]/C
                            (rising edge-triggered cell FDRE clocked by clk  {rise@0.000ns fall@5.000ns period=10.000ns})
  Destination:            npu/engine/ld_words_reg[9]/D
                            (rising edge-triggered cell FDRE clocked by clk  {rise@0.000ns fall@5.000ns period=10.000ns})
  Path Group:             clk
  Path Type:              Setup (Max at Slow Process Corner)
  Requirement:            10.000ns  (clk rise@10.000ns - clk rise@0.000ns)
  Data Path Delay:        9.339ns  (logic 4.269ns (45.709%)  route 5.070ns (54.291%))
  Logic Levels:           14  (CARRY4=7 LUT2=1 LUT3=1 LUT4=1 LUT5=1 LUT6=3)
  Clock Path Skew:        -0.049ns (DCD - SCD + CPR)
    Destination Clock Delay (DCD):    0.924ns = ( 10.924 - 10.000 ) 
    Source Clock Delay      (SCD):    0.973ns
    Clock Pessimism Removal (CPR):    0.000ns
  Clock Uncertainty:      0.035ns  ((TSJ^2 + TIJ^2)^1/2 + DJ) / 2 + PE
    Total System Jitter     (TSJ):    0.071ns
    Total Input Jitter      (TIJ):    0.000ns
    Discrete Jitter          (DJ):    0.000ns
    Phase Error              (PE):    0.000ns

    Location             Delay type                Incr(ns)  Path(ns)    Netlist Resource(s)
  -------------------------------------------------------------------    -------------------
                         (clock clk rise edge)        0.000     0.000 r  
                                                      0.000     0.000 r  clk (IN)
                         net (fo=4513, unset)         0.973     0.973    npu/engine/clk
    SLICE_X36Y31         FDRE                                         r  npu/engine/g_left_reg[3]/C
  -------------------------------------------------------------------    -------------------
    SLICE_X36Y31         FDRE (Prop_fdre_C_Q)         0.478     1.451 r  npu/engine/g_left_reg[3]/Q
                         net (fo=11, routed)          0.880     2.331    npu/engine/g_left__0[3]
    SLICE_X37Y31         LUT4 (Prop_lut4_I0_O)        0.301     2.632 r  npu/engine/gp[10]_i_15/O
                         net (fo=1, routed)           0.000     2.632    npu/engine/gp[10]_i_15_n_0
    SLICE_X37Y31         CARRY4 (Prop_carry4_S[1]_CO[3])
                                                      0.550     3.182 r  npu/engine/gp_reg[10]_i_4/CO[3]
                         net (fo=1, routed)           0.000     3.182    npu/engine/gp_reg[10]_i_4_n_0
    SLICE_X37Y32         CARRY4 (Prop_carry4_CI_CO[1])
                                                      0.157     3.339 r  npu/engine/gp_reg[10]_i_3/CO[1]
                         net (fo=55, routed)          0.905     4.244    npu/engine/gp_now1
    SLICE_X37Y35         LUT3 (Prop_lut3_I1_O)        0.329     4.573 f  npu/engine/gp[3]_i_1/O
                         net (fo=3, routed)           0.415     4.988    npu/engine/gp_now[3]
    SLICE_X37Y35         LUT6 (Prop_lut6_I1_O)        0.124     5.112 r  npu/engine/panel_cols[12]_i_11/O
                         net (fo=1, routed)           0.331     5.443    npu/engine/panel_cols[12]_i_11_n_0
    SLICE_X37Y33         CARRY4 (Prop_carry4_DI[2]_CO[3])
                                                      0.398     5.841 r  npu/engine/panel_cols_reg[12]_i_3/CO[3]
                         net (fo=1, routed)           0.000     5.841    npu/engine/panel_cols_reg[12]_i_3_n_0
    SLICE_X37Y34         CARRY4 (Prop_carry4_CI_CO[2])
                                                      0.228     6.069 r  npu/engine/panel_cols_reg[12]_i_2/CO[2]
                         net (fo=40, routed)          0.610     6.679    npu/engine/pcols_now1
    SLICE_X35Y32         LUT5 (Prop_lut5_I3_O)        0.313     6.992 r  npu/engine/panel_cols[2]_i_1/O
                         net (fo=3, routed)           0.375     7.367    npu/engine/pcols_now[2]
    SLICE_X36Y32         CARRY4 (Prop_carry4_DI[2]_CO[3])
                                                      0.404     7.771 r  npu/engine/ld_words_reg[0]_i_4/CO[3]
                         net (fo=1, routed)           0.000     7.771    npu/engine/ld_words_reg[0]_i_4_n_0
    SLICE_X36Y33         CARRY4 (Prop_carry4_CI_CO[3])
                                                      0.117     7.888 r  npu/engine/ld_words_reg[5]_i_7/CO[3]
                         net (fo=1, routed)           0.000     7.888    npu/engine/ld_words_reg[5]_i_7_n_0
    SLICE_X36Y34         CARRY4 (Prop_carry4_CI_O[3])
                                                      0.315     8.203 r  npu/engine/ld_words_reg[9]_i_7/O[3]
                         net (fo=1, routed)           0.818     9.021    npu/engine/ld_words_reg[9]_i_7_n_4
    SLICE_X31Y34         LUT2 (Prop_lut2_I1_O)        0.307     9.328 f  npu/engine/ld_words[9]_i_6/O
                         net (fo=1, routed)           0.312     9.640    npu/engine/ld_words[9]_i_6_n_0
    SLICE_X28Y35         LUT6 (Prop_lut6_I2_O)        0.124     9.764 r  npu/engine/ld_words[9]_i_4/O
                         net (fo=1, routed)           0.425    10.188    npu/engine/ld_words[9]_i_4_n_0
    SLICE_X31Y35         LUT6 (Prop_lut6_I5_O)        0.124    10.312 r  npu/engine/ld_words[9]_i_1/O
                         net (fo=1, routed)           0.000    10.312    npu/engine/ld_words[9]_i_1_n_0
    SLICE_X31Y35         FDRE                                         r  npu/engine/ld_words_reg[9]/D
  -------------------------------------------------------------------    -------------------

                         (clock clk rise edge)       10.000    10.000 r  
                                                      0.000    10.000 r  clk (IN)
                         net (fo=4513, unset)         0.924    10.924    npu/engine/clk
    SLICE_X31Y35         FDRE                                         r  npu/engine/ld_words_reg[9]/C
                         clock pessimism              0.000    10.924    
                         clock uncertainty           -0.035    10.889    
    SLICE_X31Y35         FDRE (Setup_fdre_C_D)        0.031    10.920    npu/engine/ld_words_reg[9]
  -------------------------------------------------------------------
                         required time                         10.920    
                         arrival time                         -10.312    
  -------------------------------------------------------------------
                         slack                                  0.608    

Slack (MET) :             0.626ns  (required time - arrival time)
  Source:                 npu/engine/wr_r_reg[1]_rep/C
                            (rising edge-triggered cell FDRE clocked by clk  {rise@0.000ns fall@5.000ns period=10.000ns})
  Destination:            npu/engine/wr_q_data_reg[27]/D
                            (rising edge-triggered cell FDRE clocked by clk  {rise@0.000ns fall@5.000ns period=10.000ns})
  Path Group:             clk
  Path Type:              Setup (Max at Slow Process Corner)
  Requirement:            10.000ns  (clk rise@10.000ns - clk rise@0.000ns)
  Data Path Delay:        9.277ns  (logic 3.077ns (33.168%)  route 6.200ns (66.832%))
  Logic Levels:           11  (CARRY4=6 LUT3=2 LUT4=1 LUT5=2)
  Clock Path Skew:        -0.049ns (DCD - SCD + CPR)
    Destination Clock Delay (DCD):    0.924ns = ( 10.924 - 10.000 ) 
    Source Clock Delay      (SCD):    0.973ns
    Clock Pessimism Removal (CPR):    0.000ns
  Clock Uncertainty:      0.035ns  ((TSJ^2 + TIJ^2)^1/2 + DJ) / 2 + PE
    Total System Jitter     (TSJ):    0.071ns
    Total Input Jitter      (TIJ):    0.000ns
    Discrete Jitter          (DJ):    0.000ns
    Phase Error              (PE):    0.000ns

    Location             Delay type                Incr(ns)  Path(ns)    Netlist Resource(s)
  -------------------------------------------------------------------    -------------------
                         (clock clk rise edge)        0.000     0.000 r  
                                                      0.000     0.000 r  clk (IN)
                         net (fo=4513, unset)         0.973     0.973    npu/engine/clk
    SLICE_X12Y25         FDRE                                         r  npu/engine/wr_r_reg[1]_rep/C
  -------------------------------------------------------------------    -------------------
    SLICE_X12Y25         FDRE (Prop_fdre_C_Q)         0.478     1.451 f  npu/engine/wr_r_reg[1]_rep/Q
                         net (fo=174, routed)         1.781     3.232    npu/engine/wr_r_reg[1]_rep_n_0
    SLICE_X7Y31          LUT5 (Prop_lut5_I0_O)        0.301     3.533 r  npu/engine/wr_q_data[5]_i_13/O
                         net (fo=1, routed)           0.643     4.176    npu/engine/wr_q_data[5]_i_13_n_0
    SLICE_X7Y31          LUT4 (Prop_lut4_I2_O)        0.124     4.300 r  npu/engine/wr_q_data[5]_i_6/O
                         net (fo=3, routed)           1.048     5.348    npu/engine/wr_q_data[5]_i_6_n_0
    SLICE_X12Y27         LUT3 (Prop_lut3_I2_O)        0.150     5.498 f  npu/engine/wr_q_data[7]_i_17/O
                         net (fo=2, routed)           1.004     6.502    npu/engine/wr_q_data[7]_i_17_n_0
    SLICE_X12Y27         LUT5 (Prop_lut5_I3_O)        0.357     6.859 r  npu/engine/wr_q_data[7]_i_5/O
                         net (fo=2, routed)           0.483     7.342    npu/engine/wr_q_data[7]_i_5_n_0
    SLICE_X15Y27         CARRY4 (Prop_carry4_DI[3]_CO[3])
                                                      0.592     7.934 r  npu/engine/wr_q_data_reg[7]_i_2/CO[3]
                         net (fo=1, routed)           0.000     7.934    npu/engine/wr_q_data_reg[7]_i_2_n_0
    SLICE_X15Y28         CARRY4 (Prop_carry4_CI_CO[3])
                                                      0.114     8.048 r  npu/engine/wr_q_data_reg[11]_i_2/CO[3]
                         net (fo=1, routed)           0.000     8.048    npu/engine/wr_q_data_reg[11]_i_2_n_0
    SLICE_X15Y29         CARRY4 (Prop_carry4_CI_CO[3])
                                                      0.114     8.162 r  npu/engine/wr_q_data_reg[15]_i_2/CO[3]
                         net (fo=1, routed)           0.000     8.162    npu/engine/wr_q_data_reg[15]_i_2_n_0
    SLICE_X15Y30         CARRY4 (Prop_carry4_CI_CO[3])
                                                      0.114     8.276 r  npu/engine/wr_q_data_reg[19]_i_2/CO[3]
                         net (fo=1, routed)           0.000     8.276    npu/engine/wr_q_data_reg[19]_i_2_n_0
    SLICE_X15Y31         CARRY4 (Prop_carry4_CI_CO[3])
                                                      0.114     8.390 r  npu/engine/wr_q_data_reg[23]_i_2/CO[3]
                         net (fo=1, routed)           0.000     8.390    npu/engine/wr_q_data_reg[23]_i_2_n_0
    SLICE_X15Y32         CARRY4 (Prop_carry4_CI_O[3])
                                                      0.313     8.703 r  npu/engine/wr_q_data_reg[27]_i_2/O[3]
                         net (fo=1, routed)           0.728     9.430    npu/engine/wr_q_data1[27]
    SLICE_X25Y32         LUT3 (Prop_lut3_I1_O)        0.306     9.736 r  npu/engine/wr_q_data[27]_i_1/O
                         net (fo=1, routed)           0.514    10.250    npu/engine/wr_q_data[27]_i_1_n_0
    SLICE_X30Y35         FDRE                                         r  npu/engine/wr_q_data_reg[27]/D
  -------------------------------------------------------------------    -------------------

                         (clock clk rise edge)       10.000    10.000 r  
                                                      0.000    10.000 r  clk (IN)
                         net (fo=4513, unset)         0.924    10.924    npu/engine/clk
    SLICE_X30Y35         FDRE                                         r  npu/engine/wr_q_data_reg[27]/C
                         clock pessimism              0.000    10.924    
                         clock uncertainty           -0.035    10.889    
    SLICE_X30Y35         FDRE (Setup_fdre_C_D)       -0.013    10.876    npu/engine/wr_q_data_reg[27]
  -------------------------------------------------------------------
                         required time                         10.876    
                         arrival time                         -10.250    
  -------------------------------------------------------------------
                         slack                                  0.626    

Slack (MET) :             0.648ns  (required time - arrival time)
  Source:                 npu/engine/wr_r_reg[1]_rep/C
                            (rising edge-triggered cell FDRE clocked by clk  {rise@0.000ns fall@5.000ns period=10.000ns})
  Destination:            npu/engine/wr_q_data_reg[28]/D
                            (rising edge-triggered cell FDRE clocked by clk  {rise@0.000ns fall@5.000ns period=10.000ns})
  Path Group:             clk
  Path Type:              Setup (Max at Slow Process Corner)
  Requirement:            10.000ns  (clk rise@10.000ns - clk rise@0.000ns)
  Data Path Delay:        9.315ns  (logic 3.121ns (33.503%)  route 6.194ns (66.497%))
  Logic Levels:           12  (CARRY4=7 LUT3=2 LUT4=1 LUT5=2)
  Clock Path Skew:        -0.049ns (DCD - SCD + CPR)
    Destination Clock Delay (DCD):    0.924ns = ( 10.924 - 10.000 ) 
    Source Clock Delay      (SCD):    0.973ns
    Clock Pessimism Removal (CPR):    0.000ns
  Clock Uncertainty:      0.035ns  ((TSJ^2 + TIJ^2)^1/2 + DJ) / 2 + PE
    Total System Jitter     (TSJ):    0.071ns
    Total Input Jitter      (TIJ):    0.000ns
    Discrete Jitter          (DJ):    0.000ns
    Phase Error              (PE):    0.000ns

    Location             Delay type                Incr(ns)  Path(ns)    Netlist Resource(s)
  -------------------------------------------------------------------    -------------------
                         (clock clk rise edge)        0.000     0.000 r  
                                                      0.000     0.000 r  clk (IN)
                         net (fo=4513, unset)         0.973     0.973    npu/engine/clk
    SLICE_X12Y25         FDRE                                         r  npu/engine/wr_r_reg[1]_rep/C
  -------------------------------------------------------------------    -------------------
    SLICE_X12Y25         FDRE (Prop_fdre_C_Q)         0.478     1.451 f  npu/engine/wr_r_reg[1]_rep/Q
                         net (fo=174, routed)         1.781     3.232    npu/engine/wr_r_reg[1]_rep_n_0
    SLICE_X7Y31          LUT5 (Prop_lut5_I0_O)        0.301     3.533 r  npu/engine/wr_q_data[5]_i_13/O
                         net (fo=1, routed)           0.643     4.176    npu/engine/wr_q_data[5]_i_13_n_0
    SLICE_X7Y31          LUT4 (Prop_lut4_I2_O)        0.124     4.300 r  npu/engine/wr_q_data[5]_i_6/O
                         net (fo=3, routed)           1.048     5.348    npu/engine/wr_q_data[5]_i_6_n_0
    SLICE_X12Y27         LUT3 (Prop_lut3_I2_O)        0.150     5.498 f  npu/engine/wr_q_data[7]_i_17/O
                         net (fo=2, routed)           1.004     6.502    npu/engine/wr_q_data[7]_i_17_n_0
    SLICE_X12Y27         LUT5 (Prop_lut5_I3_O)        0.357     6.859 r  npu/engine/wr_q_data[7]_i_5/O
                         net (fo=2, routed)           0.483     7.342    npu/engine/wr_q_data[7]_i_5_n_0
    SLICE_X15Y27         CARRY4 (Prop_carry4_DI[3]_CO[3])
                                                      0.592     7.934 r  npu/engine/wr_q_data_reg[7]_i_2/CO[3]
                         net (fo=1, routed)           0.000     7.934    npu/engine/wr_q_data_reg[7]_i_2_n_0
    SLICE_X15Y28         CARRY4 (Prop_carry4_CI_CO[3])
                                                      0.114     8.048 r  npu/engine/wr_q_data_reg[11]_i_2/CO[3]
                         net (fo=1, routed)           0.000     8.048    npu/engine/wr_q_data_reg[11]_i_2_n_0
    SLICE_X15Y29         CARRY4 (Prop_carry4_CI_CO[3])
                                                      0.114     8.162 r  npu/engine/wr_q_data_reg[15]_i_2/CO[3]
                         net (fo=1, routed)           0.000     8.162    npu/engine/wr_q_data_reg[15]_i_2_n_0
    SLICE_X15Y30         CARRY4 (Prop_carry4_CI_CO[3])
                                                      0.114     8.276 r  npu/engine/wr_q_data_reg[19]_i_2/CO[3]
                         net (fo=1, routed)           0.000     8.276    npu/engine/wr_q_data_reg[19]_i_2_n_0
    SLICE_X15Y31         CARRY4 (Prop_carry4_CI_CO[3])
                                                      0.114     8.390 r  npu/engine/wr_q_data_reg[23]_i_2/CO[3]
                         net (fo=1, routed)           0.000     8.390    npu/engine/wr_q_data_reg[23]_i_2_n_0
    SLICE_X15Y32         CARRY4 (Prop_carry4_CI_CO[3])
                                                      0.114     8.504 r  npu/engine/wr_q_data_reg[27]_i_2/CO[3]
                         net (fo=1, routed)           0.000     8.504    npu/engine/wr_q_data_reg[27]_i_2_n_0
    SLICE_X15Y33         CARRY4 (Prop_carry4_CI_O[0])
                                                      0.222     8.726 r  npu/engine/wr_q_data_reg[31]_i_2/O[0]
                         net (fo=1, routed)           1.236     9.961    npu/engine/wr_q_data1[28]
    SLICE_X31Y33         LUT3 (Prop_lut3_I1_O)        0.327    10.288 r  npu/engine/wr_q_data[28]_i_1/O
                         net (fo=1, routed)           0.000    10.288    npu/engine/wr_q_data[28]_i_1_n_0
    SLICE_X31Y33         FDRE                                         r  npu/engine/wr_q_data_reg[28]/D
  -------------------------------------------------------------------    -------------------

                         (clock clk rise edge)       10.000    10.000 r  
                                                      0.000    10.000 r  clk (IN)
                         net (fo=4513, unset)         0.924    10.924    npu/engine/clk
    SLICE_X31Y33         FDRE                                         r  npu/engine/wr_q_data_reg[28]/C
                         clock pessimism              0.000    10.924    
                         clock uncertainty           -0.035    10.889    
    SLICE_X31Y33         FDRE (Setup_fdre_C_D)        0.047    10.936    npu/engine/wr_q_data_reg[28]
  -------------------------------------------------------------------
                         required time                         10.936    
                         arrival time                         -10.288    
  -------------------------------------------------------------------
                         slack                                  0.648    

Slack (MET) :             0.655ns  (required time - arrival time)
  Source:                 npu/engine/wr_r_reg[1]_rep/C
                            (rising edge-triggered cell FDRE clocked by clk  {rise@0.000ns fall@5.000ns period=10.000ns})
  Destination:            npu/engine/wr_q_data_reg[25]/D
                            (rising edge-triggered cell FDRE clocked by clk  {rise@0.000ns fall@5.000ns period=10.000ns})
  Path Group:             clk
  Path Type:              Setup (Max at Slow Process Corner)
  Requirement:            10.000ns  (clk rise@10.000ns - clk rise@0.000ns)
  Data Path Delay:        9.308ns  (logic 3.121ns (33.532%)  route 6.187ns (66.468%))
  Logic Levels:           11  (CARRY4=6 LUT3=2 LUT4=1 LUT5=2)
  Clock Path Skew:        -0.049ns (DCD - SCD + CPR)
    Destination Clock Delay (DCD):    0.924ns = ( 10.924 - 10.000 ) 
    Source Clock Delay      (SCD):    0.973ns
    Clock Pessimism Removal (CPR):    0.000ns
  Clock Uncertainty:      0.035ns  ((TSJ^2 + TIJ^2)^1/2 + DJ) / 2 + PE
    Total System Jitter     (TSJ):    0.071ns
    Total Input Jitter      (TIJ):    0.000ns
    Discrete Jitter          (DJ):    0.000ns
    Phase Error              (PE):    0.000ns

    Location             Delay type                Incr(ns)  Path(ns)    Netlist Resource(s)
  -------------------------------------------------------------------    -------------------
                         (clock clk rise edge)        0.000     0.000 r  
                                                      0.000     0.000 r  clk (IN)
                         net (fo=4513, unset)         0.973     0.973    npu/engine/clk
    SLICE_X12Y25         FDRE                                         r  npu/engine/wr_r_reg[1]_rep/C
  -------------------------------------------------------------------    -------------------
    SLICE_X12Y25         FDRE (Prop_fdre_C_Q)         0.478     1.451 f  npu/engine/wr_r_reg[1]_rep/Q
                         net (fo=174, routed)         1.781     3.232    npu/engine/wr_r_reg[1]_rep_n_0
    SLICE_X7Y31          LUT5 (Prop_lut5_I0_O)        0.301     3.533 r  npu/engine/wr_q_data[5]_i_13/O
                         net (fo=1, routed)           0.643     4.176    npu/engine/wr_q_data[5]_i_13_n_0
    SLICE_X7Y31          LUT4 (Prop_lut4_I2_O)        0.124     4.300 r  npu/engine/wr_q_data[5]_i_6/O
                         net (fo=3, routed)           1.048     5.348    npu/engine/wr_q_data[5]_i_6_n_0
    SLICE_X12Y27         LUT3 (Prop_lut3_I2_O)        0.150     5.498 f  npu/engine/wr_q_data[7]_i_17/O
                         net (fo=2, routed)           1.004     6.502    npu/engine/wr_q_data[7]_i_17_n_0
    SLICE_X12Y27         LUT5 (Prop_lut5_I3_O)        0.357     6.859 r  npu/engine/wr_q_data[7]_i_5/O
                         net (fo=2, routed)           0.483     7.342    npu/engine/wr_q_data[7]_i_5_n_0
    SLICE_X15Y27         CARRY4 (Prop_carry4_DI[3]_CO[3])
                                                      0.592     7.934 r  npu/engine/wr_q_data_reg[7]_i_2/CO[3]
                         net (fo=1, routed)           0.000     7.934    npu/engine/wr_q_data_reg[7]_i_2_n_0
    SLICE_X15Y28         CARRY4 (Prop_carry4_CI_CO[3])
                                                      0.114     8.048 r  npu/engine/wr_q_data_reg[11]_i_2/CO[3]
                         net (fo=1, routed)           0.000     8.048    npu/engine/wr_q_data_reg[11]_i_2_n_0
    SLICE_X15Y29         CARRY4 (Prop_carry4_CI_CO[3])
                                                      0.114     8.162 r  npu/engine/wr_q_data_reg[15]_i_2/CO[3]
                         net (fo=1, routed)           0.000     8.162    npu/engine/wr_q_data_reg[15]_i_2_n_0
    SLICE_X15Y30         CARRY4 (Prop_carry4_CI_CO[3])
                                                      0.114     8.276 r  npu/engine/wr_q_data_reg[19]_i_2/CO[3]
                         net (fo=1, routed)           0.000     8.276    npu/engine/wr_q_data_reg[19]_i_2_n_0
    SLICE_X15Y31         CARRY4 (Prop_carry4_CI_CO[3])
                                                      0.114     8.390 r  npu/engine/wr_q_data_reg[23]_i_2/CO[3]
                         net (fo=1, routed)           0.000     8.390    npu/engine/wr_q_data_reg[23]_i_2_n_0
    SLICE_X15Y32         CARRY4 (Prop_carry4_CI_O[1])
                                                      0.334     8.724 r  npu/engine/wr_q_data_reg[27]_i_2/O[1]
                         net (fo=1, routed)           1.228     9.952    npu/engine/wr_q_data1[25]
    SLICE_X31Y33         LUT3 (Prop_lut3_I1_O)        0.329    10.281 r  npu/engine/wr_q_data[25]_i_1/O
                         net (fo=1, routed)           0.000    10.281    npu/engine/wr_q_data[25]_i_1_n_0
    SLICE_X31Y33         FDRE                                         r  npu/engine/wr_q_data_reg[25]/D
  -------------------------------------------------------------------    -------------------

                         (clock clk rise edge)       10.000    10.000 r  
                                                      0.000    10.000 r  clk (IN)
                         net (fo=4513, unset)         0.924    10.924    npu/engine/clk
    SLICE_X31Y33         FDRE                                         r  npu/engine/wr_q_data_reg[25]/C
                         clock pessimism              0.000    10.924    
                         clock uncertainty           -0.035    10.889    
    SLICE_X31Y33         FDRE (Setup_fdre_C_D)        0.047    10.936    npu/engine/wr_q_data_reg[25]
  -------------------------------------------------------------------
                         required time                         10.936    
                         arrival time                         -10.281    
  -------------------------------------------------------------------
                         slack                                  0.655    

Slack (MET) :             0.749ns  (required time - arrival time)
  Source:                 npu/engine/m_reg[2]/C
                            (rising edge-triggered cell FDRE clocked by clk  {rise@0.000ns fall@5.000ns period=10.000ns})
  Destination:            npu/engine/prod_a_reg[9]/D
                            (rising edge-triggered cell FDRE clocked by clk  {rise@0.000ns fall@5.000ns period=10.000ns})
  Path Group:             clk
  Path Type:              Setup (Max at Slow Process Corner)
  Requirement:            10.000ns  (clk rise@10.000ns - clk rise@0.000ns)
  Data Path Delay:        9.103ns  (logic 5.317ns (58.407%)  route 3.786ns (41.593%))
  Logic Levels:           5  (CARRY4=3 DSP48E1=1 LUT1=1)
  Clock Path Skew:        -0.049ns (DCD - SCD + CPR)
    Destination Clock Delay (DCD):    0.924ns = ( 10.924 - 10.000 ) 
    Source Clock Delay      (SCD):    0.973ns
    Clock Pessimism Removal (CPR):    0.000ns
  Clock Uncertainty:      0.035ns  ((TSJ^2 + TIJ^2)^1/2 + DJ) / 2 + PE
    Total System Jitter     (TSJ):    0.071ns
    Total Input Jitter      (TIJ):    0.000ns
    Discrete Jitter          (DJ):    0.000ns
    Phase Error              (PE):    0.000ns

    Location             Delay type                Incr(ns)  Path(ns)    Netlist Resource(s)
  -------------------------------------------------------------------    -------------------
                         (clock clk rise edge)        0.000     0.000 r  
                                                      0.000     0.000 r  clk (IN)
                         net (fo=4513, unset)         0.973     0.973    npu/engine/clk
    SLICE_X47Y29         FDRE                                         r  npu/engine/m_reg[2]/C
  -------------------------------------------------------------------    -------------------
    SLICE_X47Y29         FDRE (Prop_fdre_C_Q)         0.456     1.429 f  npu/engine/m_reg[2]/Q
                         net (fo=4, routed)           1.305     2.734    npu/engine/m[2]
    SLICE_X23Y30         LUT1 (Prop_lut1_I0_O)        0.124     2.858 r  npu/engine/prod_c0_i_16/O
                         net (fo=1, routed)           0.000     2.858    npu/engine/prod_c0_i_16_n_0
    SLICE_X23Y30         CARRY4 (Prop_carry4_S[1]_CO[3])
                                                      0.550     3.408 r  npu/engine/prod_c0_i_4/CO[3]
                         net (fo=1, routed)           0.000     3.408    npu/engine/prod_c0_i_4_n_0
    SLICE_X23Y31         CARRY4 (Prop_carry4_CI_CO[3])
                                                      0.114     3.522 r  npu/engine/prod_c0_i_3/CO[3]
                         net (fo=1, routed)           0.000     3.522    npu/engine/prod_c0_i_3_n_0
    SLICE_X23Y32         CARRY4 (Prop_carry4_CI_O[2])
                                                      0.239     3.761 r  npu/engine/prod_c0_i_2/O[2]
                         net (fo=4, routed)           0.823     4.584    npu/engine/prod_a1[11]
    DSP48_X1Y14          DSP48E1 (Prop_dsp48e1_B[11]_P[9])
                                                      3.834     8.418 r  npu/engine/prod_a0/P[9]
                         net (fo=1, routed)           1.658    10.076    npu/engine/prod_a0_n_96
    SLICE_X38Y33         FDRE                                         r  npu/engine/prod_a_reg[9]/D
  -------------------------------------------------------------------    -------------------

                         (clock clk rise edge)       10.000    10.000 r  
                                                      0.000    10.000 r  clk (IN)
                         net (fo=4513, unset)         0.924    10.924    npu/engine/clk
    SLICE_X38Y33         FDRE                                         r  npu/engine/prod_a_reg[9]/C
                         clock pessimism              0.000    10.924    
                         clock uncertainty           -0.035    10.889    
    SLICE_X38Y33         FDRE (Setup_fdre_C_D)       -0.064    10.825    npu/engine/prod_a_reg[9]
  -------------------------------------------------------------------
                         required time                         10.825    
                         arrival time                         -10.076    
  -------------------------------------------------------------------
                         slack                                  0.749    

Slack (MET) :             0.757ns  (required time - arrival time)
  Source:                 npu/engine/m_reg[2]/C
                            (rising edge-triggered cell FDRE clocked by clk  {rise@0.000ns fall@5.000ns period=10.000ns})
  Destination:            npu/engine/prod_a_reg[11]/D
                            (rising edge-triggered cell FDRE clocked by clk  {rise@0.000ns fall@5.000ns period=10.000ns})
  Path Group:             clk
  Path Type:              Setup (Max at Slow Process Corner)
  Requirement:            10.000ns  (clk rise@10.000ns - clk rise@0.000ns)
  Data Path Delay:        9.101ns  (logic 5.317ns (58.420%)  route 3.784ns (41.580%))
  Logic Levels:           5  (CARRY4=3 DSP48E1=1 LUT1=1)
  Clock Path Skew:        -0.049ns (DCD - SCD + CPR)
    Destination Clock Delay (DCD):    0.924ns = ( 10.924 - 10.000 ) 
    Source Clock Delay      (SCD):    0.973ns
    Clock Pessimism Removal (CPR):    0.000ns
  Clock Uncertainty:      0.035ns  ((TSJ^2 + TIJ^2)^1/2 + DJ) / 2 + PE
    Total System Jitter     (TSJ):    0.071ns
    Total Input Jitter      (TIJ):    0.000ns
    Discrete Jitter          (DJ):    0.000ns
    Phase Error              (PE):    0.000ns

    Location             Delay type                Incr(ns)  Path(ns)    Netlist Resource(s)
  -------------------------------------------------------------------    -------------------
                         (clock clk rise edge)        0.000     0.000 r  
                                                      0.000     0.000 r  clk (IN)
                         net (fo=4513, unset)         0.973     0.973    npu/engine/clk
    SLICE_X47Y29         FDRE                                         r  npu/engine/m_reg[2]/C
  -------------------------------------------------------------------    -------------------
    SLICE_X47Y29         FDRE (Prop_fdre_C_Q)         0.456     1.429 f  npu/engine/m_reg[2]/Q
                         net (fo=4, routed)           1.305     2.734    npu/engine/m[2]
    SLICE_X23Y30         LUT1 (Prop_lut1_I0_O)        0.124     2.858 r  npu/engine/prod_c0_i_16/O
                         net (fo=1, routed)           0.000     2.858    npu/engine/prod_c0_i_16_n_0
    SLICE_X23Y30         CARRY4 (Prop_carry4_S[1]_CO[3])
                                                      0.550     3.408 r  npu/engine/prod_c0_i_4/CO[3]
                         net (fo=1, routed)           0.000     3.408    npu/engine/prod_c0_i_4_n_0
    SLICE_X23Y31         CARRY4 (Prop_carry4_CI_CO[3])
                                                      0.114     3.522 r  npu/engine/prod_c0_i_3/CO[3]
                         net (fo=1, routed)           0.000     3.522    npu/engine/prod_c0_i_3_n_0
    SLICE_X23Y32         CARRY4 (Prop_carry4_CI_O[2])
                                                      0.239     3.761 r  npu/engine/prod_c0_i_2/O[2]
                         net (fo=4, routed)           0.823     4.584    npu/engine/prod_a1[11]
    DSP48_X1Y14          DSP48E1 (Prop_dsp48e1_B[11]_P[11])
                                                      3.834     8.418 r  npu/engine/prod_a0/P[11]
                         net (fo=1, routed)           1.656    10.074    npu/engine/prod_a0_n_94
    SLICE_X38Y33         FDRE                                         r  npu/engine/prod_a_reg[11]/D
  -------------------------------------------------------------------    -------------------

                         (clock clk rise edge)       10.000    10.000 r  
                                                      0.000    10.000 r  clk (IN)
                         net (fo=4513, unset)         0.924    10.924    npu/engine/clk
    SLICE_X38Y33         FDRE                                         r  npu/engine/prod_a_reg[11]/C
                         clock pessimism              0.000    10.924    
                         clock uncertainty           -0.035    10.889    
    SLICE_X38Y33         FDRE (Setup_fdre_C_D)       -0.058    10.831    npu/engine/prod_a_reg[11]
  -------------------------------------------------------------------
                         required time                         10.831    
                         arrival time                         -10.074    
  -------------------------------------------------------------------
                         slack                                  0.757    

Slack (MET) :             0.773ns  (required time - arrival time)
  Source:                 npu/engine/g_left_reg[3]/C
                            (rising edge-triggered cell FDRE clocked by clk  {rise@0.000ns fall@5.000ns period=10.000ns})
  Destination:            npu/engine/ld_words_reg[3]/D
                            (rising edge-triggered cell FDRE clocked by clk  {rise@0.000ns fall@5.000ns period=10.000ns})
  Path Group:             clk
  Path Type:              Setup (Max at Slow Process Corner)
  Requirement:            10.000ns  (clk rise@10.000ns - clk rise@0.000ns)
  Data Path Delay:        9.220ns  (logic 4.159ns (45.109%)  route 5.061ns (54.891%))
  Logic Levels:           13  (CARRY4=6 LUT2=1 LUT3=1 LUT4=1 LUT5=1 LUT6=3)
  Clock Path Skew:        -0.049ns (DCD - SCD + CPR)
    Destination Clock Delay (DCD):    0.924ns = ( 10.924 - 10.000 ) 
    Source Clock Delay      (SCD):    0.973ns
    Clock Pessimism Removal (CPR):    0.000ns
  Clock Uncertainty:      0.035ns  ((TSJ^2 + TIJ^2)^1/2 + DJ) / 2 + PE
    Total System Jitter     (TSJ):    0.071ns
    Total Input Jitter      (TIJ):    0.000ns
    Discrete Jitter          (DJ):    0.000ns
    Phase Error              (PE):    0.000ns

    Location             Delay type                Incr(ns)  Path(ns)    Netlist Resource(s)
  -------------------------------------------------------------------    -------------------
                         (clock clk rise edge)        0.000     0.000 r  
                                                      0.000     0.000 r  clk (IN)
                         net (fo=4513, unset)         0.973     0.973    npu/engine/clk
    SLICE_X36Y31         FDRE                                         r  npu/engine/g_left_reg[3]/C
  -------------------------------------------------------------------    -------------------
    SLICE_X36Y31         FDRE (Prop_fdre_C_Q)         0.478     1.451 r  npu/engine/g_left_reg[3]/Q
                         net (fo=11, routed)          0.880     2.331    npu/engine/g_left__0[3]
    SLICE_X37Y31         LUT4 (Prop_lut4_I0_O)        0.301     2.632 r  npu/engine/gp[10]_i_15/O
                         net (fo=1, routed)           0.000     2.632    npu/engine/gp[10]_i_15_n_0
    SLICE_X37Y31         CARRY4 (Prop_carry4_S[1]_CO[3])
                                                      0.550     3.182 r  npu/engine/gp_reg[10]_i_4/CO[3]
                         net (fo=1, routed)           0.000     3.182    npu/engine/gp_reg[10]_i_4_n_0
    SLICE_X37Y32         CARRY4 (Prop_carry4_CI_CO[1])
                                                      0.157     3.339 r  npu/engine/gp_reg[10]_i_3/CO[1]
                         net (fo=55, routed)          0.905     4.244    npu/engine/gp_now1
    SLICE_X37Y35         LUT3 (Prop_lut3_I1_O)        0.329     4.573 f  npu/engine/gp[3]_i_1/O
                         net (fo=3, routed)           0.415     4.988    npu/engine/gp_now[3]
    SLICE_X37Y35         LUT6 (Prop_lut6_I1_O)        0.124     5.112 r  npu/engine/panel_cols[12]_i_11/O
                         net (fo=1, routed)           0.331     5.443    npu/engine/panel_cols[12]_i_11_n_0
    SLICE_X37Y33         CARRY4 (Prop_carry4_DI[2]_CO[3])
                                                      0.398     5.841 r  npu/engine/panel_cols_reg[12]_i_3/CO[3]
                         net (fo=1, routed)           0.000     5.841    npu/engine/panel_cols_reg[12]_i_3_n_0
    SLICE_X37Y34         CARRY4 (Prop_carry4_CI_CO[2])
                                                      0.228     6.069 r  npu/engine/panel_cols_reg[12]_i_2/CO[2]
                         net (fo=40, routed)          0.610     6.679    npu/engine/pcols_now1
    SLICE_X35Y32         LUT5 (Prop_lut5_I3_O)        0.313     6.992 r  npu/engine/panel_cols[2]_i_1/O
                         net (fo=3, routed)           0.375     7.367    npu/engine/pcols_now[2]
    SLICE_X36Y32         CARRY4 (Prop_carry4_DI[2]_CO[3])
                                                      0.404     7.771 r  npu/engine/ld_words_reg[0]_i_4/CO[3]
                         net (fo=1, routed)           0.000     7.771    npu/engine/ld_words_reg[0]_i_4_n_0
    SLICE_X36Y33         CARRY4 (Prop_carry4_CI_O[1])
                                                      0.323     8.094 r  npu/engine/ld_words_reg[5]_i_7/O[1]
                         net (fo=1, routed)           0.878     8.971    npu/engine/ld_words_reg[5]_i_7_n_6
    SLICE_X30Y33         LUT2 (Prop_lut2_I1_O)        0.306     9.277 f  npu/engine/ld_words[3]_i_3/O
                         net (fo=1, routed)           0.171     9.448    npu/engine/ld_words[3]_i_3_n_0
    SLICE_X30Y33         LUT6 (Prop_lut6_I2_O)        0.124     9.572 r  npu/engine/ld_words[3]_i_2/O
                         net (fo=1, routed)           0.496    10.069    npu/engine/ld_words[3]_i_2_n_0
    SLICE_X30Y33         LUT6 (Prop_lut6_I5_O)        0.124    10.193 r  npu/engine/ld_words[3]_i_1/O
                         net (fo=1, routed)           0.000    10.193    npu/engine/ld_words[3]_i_1_n_0
    SLICE_X30Y33         FDRE                                         r  npu/engine/ld_words_reg[3]/D
  -------------------------------------------------------------------    -------------------

                         (clock clk rise edge)       10.000    10.000 r  
                                                      0.000    10.000 r  clk (IN)
                         net (fo=4513, unset)         0.924    10.924    npu/engine/clk
    SLICE_X30Y33         FDRE                                         r  npu/engine/ld_words_reg[3]/C
                         clock pessimism              0.000    10.924    
                         clock uncertainty           -0.035    10.889    
    SLICE_X30Y33         FDRE (Setup_fdre_C_D)        0.077    10.966    npu/engine/ld_words_reg[3]
  -------------------------------------------------------------------
                         required time                         10.966    
                         arrival time                         -10.193    
  -------------------------------------------------------------------
                         slack                                  0.773    

Slack (MET) :             0.775ns  (required time - arrival time)
  Source:                 npu/engine/ld_word_reg[2]/C
                            (rising edge-triggered cell FDRE clocked by clk  {rise@0.000ns fall@5.000ns period=10.000ns})
  Destination:            npu/engine/ld_words_reg[4]/CE
                            (rising edge-triggered cell FDRE clocked by clk  {rise@0.000ns fall@5.000ns period=10.000ns})
  Path Group:             clk
  Path Type:              Setup (Max at Slow Process Corner)
  Requirement:            10.000ns  (clk rise@10.000ns - clk rise@0.000ns)
  Data Path Delay:        8.733ns  (logic 2.151ns (24.630%)  route 6.582ns (75.370%))
  Logic Levels:           6  (CARRY4=1 LUT2=1 LUT3=2 LUT5=1 LUT6=1)
  Clock Path Skew:        -0.049ns (DCD - SCD + CPR)
    Destination Clock Delay (DCD):    0.924ns = ( 10.924 - 10.000 ) 
    Source Clock Delay      (SCD):    0.973ns
    Clock Pessimism Removal (CPR):    0.000ns
  Clock Uncertainty:      0.035ns  ((TSJ^2 + TIJ^2)^1/2 + DJ) / 2 + PE
    Total System Jitter     (TSJ):    0.071ns
    Total Input Jitter      (TIJ):    0.000ns
    Discrete Jitter          (DJ):    0.000ns
    Phase Error              (PE):    0.000ns

    Location             Delay type                Incr(ns)  Path(ns)    Netlist Resource(s)
  -------------------------------------------------------------------    -------------------
                         (clock clk rise edge)        0.000     0.000 r  
                                                      0.000     0.000 r  clk (IN)
                         net (fo=4513, unset)         0.973     0.973    npu/engine/clk
    SLICE_X26Y35         FDRE                                         r  npu/engine/ld_word_reg[2]/C
  -------------------------------------------------------------------    -------------------
    SLICE_X26Y35         FDRE (Prop_fdre_C_Q)         0.478     1.451 f  npu/engine/ld_word_reg[2]/Q
                         net (fo=11, routed)          1.522     2.973    npu/engine/ld_word_reg_n_0_[2]
    SLICE_X26Y35         LUT5 (Prop_lut5_I3_O)        0.324     3.297 r  npu/engine/ld_word[7]_i_2/O
                         net (fo=9, routed)           0.636     3.933    npu/engine/ld_word[7]_i_2_n_0
    SLICE_X24Y35         LUT3 (Prop_lut3_I1_O)        0.331     4.264 r  npu/engine/ld_wbase[11]_i_27/O
                         net (fo=4, routed)           0.442     4.705    npu/engine/ld_wbase[11]_i_27_n_0
    SLICE_X24Y36         LUT6 (Prop_lut6_I3_O)        0.124     4.829 r  npu/engine/ld_wbase[11]_i_10/O
                         net (fo=1, routed)           0.613     5.443    npu/engine/ld_wbase[11]_i_10_n_0
    SLICE_X25Y36         CARRY4 (Prop_carry4_DI[1]_CO[1])
                                                      0.445     5.888 f  npu/engine/ld_wbase_reg[11]_i_3/CO[1]
                         net (fo=86, routed)          1.464     7.351    npu/engine/ld_wbase_reg[11]_i_3_n_2
    SLICE_X43Y24         LUT3 (Prop_lut3_I1_O)        0.329     7.680 f  npu/engine/ld_segs[12]_i_3/O
                         net (fo=2, routed)           0.412     8.093    npu/engine/ld_segs[12]_i_3_n_0
    SLICE_X43Y24         LUT2 (Prop_lut2_I1_O)        0.120     8.213 r  npu/engine/ld_segs[12]_i_1/O
                         net (fo=72, routed)          1.493     9.706    npu/engine/ld_segs[12]_i_1_n_0
    SLICE_X31Y34         FDRE                                         r  npu/engine/ld_words_reg[4]/CE
  -------------------------------------------------------------------    -------------------

                         (clock clk rise edge)       10.000    10.000 r  
                                                      0.000    10.000 r  clk (IN)
                         net (fo=4513, unset)         0.924    10.924    npu/engine/clk
    SLICE_X31Y34         FDRE                                         r  npu/engine/ld_words_reg[4]/C
                         clock pessimism              0.000    10.924    
                         clock uncertainty           -0.035    10.889    
    SLICE_X31Y34         FDRE (Setup_fdre_C_CE)      -0.408    10.481    npu/engine/ld_words_reg[4]
  -------------------------------------------------------------------
                         required time                         10.481    
                         arrival time                          -9.706    
  -------------------------------------------------------------------
                         slack                                  0.775    





Min Delay Paths
--------------------------------------------------------------------------------------
Slack (MET) :             0.110ns  (arrival time - required time)
  Source:                 q_wdata_reg[26]/C
                            (rising edge-triggered cell FDRE clocked by clk  {rise@0.000ns fall@5.000ns period=10.000ns})
  Destination:            npu/a_stride_reg[26]/D
                            (rising edge-triggered cell FDRE clocked by clk  {rise@0.000ns fall@5.000ns period=10.000ns})
  Path Group:             clk
  Path Type:              Hold (Min at Fast Process Corner)
  Requirement:            0.000ns  (clk rise@0.000ns - clk rise@0.000ns)
  Data Path Delay:        0.207ns  (logic 0.141ns (68.017%)  route 0.066ns (31.983%))
  Logic Levels:           0  
  Clock Path Skew:        0.022ns (DCD - SCD - CPR)
    Destination Clock Delay (DCD):    0.432ns
    Source Clock Delay      (SCD):    0.410ns
    Clock Pessimism Removal (CPR):    -0.000ns

    Location             Delay type                Incr(ns)  Path(ns)    Netlist Resource(s)
  -------------------------------------------------------------------    -------------------
                         (clock clk rise edge)        0.000     0.000 r  
                                                      0.000     0.000 r  clk (IN)
                         net (fo=4513, unset)         0.410     0.410    clk
    SLICE_X59Y43         FDRE                                         r  q_wdata_reg[26]/C
  -------------------------------------------------------------------    -------------------
    SLICE_X59Y43         FDRE (Prop_fdre_C_Q)         0.141     0.551 r  q_wdata_reg[26]/Q
                         net (fo=12, routed)          0.066     0.617    npu/prod_a_reg[26]
    SLICE_X58Y43         FDRE                                         r  npu/a_stride_reg[26]/D
  -------------------------------------------------------------------    -------------------

                         (clock clk rise edge)        0.000     0.000 r  
                                                      0.000     0.000 r  clk (IN)
                         net (fo=4513, unset)         0.432     0.432    npu/clk
    SLICE_X58Y43         FDRE                                         r  npu/a_stride_reg[26]/C
                         clock pessimism              0.000     0.432    
    SLICE_X58Y43         FDRE (Hold_fdre_C_D)         0.076     0.508    npu/a_stride_reg[26]
  -------------------------------------------------------------------
                         required time                         -0.508    
                         arrival time                           0.617    
  -------------------------------------------------------------------
                         slack                                  0.110    

Slack (MET) :             0.121ns  (arrival time - required time)
  Source:                 npu/engine/c_tile_reg[1]/C
                            (rising edge-triggered cell FDRE clocked by clk  {rise@0.000ns fall@5.000ns period=10.000ns})
  Destination:            npu/engine/bank_addr_reg_0_1_0_5/RAMA_D1/I
                            (rising edge-triggered cell RAMD32 clocked by clk  {rise@0.000ns fall@5.000ns period=10.000ns})
  Path Group:             clk
  Path Type:              Hold (Min at Fast Process Corner)
  Requirement:            0.000ns  (clk rise@0.000ns - clk rise@0.000ns)
  Data Path Delay:        0.262ns  (logic 0.141ns (53.794%)  route 0.121ns (46.206%))
  Logic Levels:           0  
  Clock Path Skew:        0.022ns (DCD - SCD - CPR)
    Destination Clock Delay (DCD):    0.432ns
    Source Clock Delay      (SCD):    0.410ns
    Clock Pessimism Removal (CPR):    -0.000ns

    Location             Delay type                Incr(ns)  Path(ns)    Netlist Resource(s)
  -------------------------------------------------------------------    -------------------
                         (clock clk rise edge)        0.000     0.000 r  
                                                      0.000     0.000 r  clk (IN)
                         net (fo=4513, unset)         0.410     0.410    npu/engine/clk
    SLICE_X47Y33         FDRE                                         r  npu/engine/c_tile_reg[1]/C
  -------------------------------------------------------------------    -------------------
    SLICE_X47Y33         FDRE (Prop_fdre_C_Q)         0.141     0.551 r  npu/engine/c_tile_reg[1]/Q
                         net (fo=2, routed)           0.121     0.672    npu/engine/bank_addr_reg_0_1_0_5/DIA1
    SLICE_X46Y32         RAMD32                                       r  npu/engine/bank_addr_reg_0_1_0_5/RAMA_D1/I
  -------------------------------------------------------------------    -------------------

                         (clock clk rise edge)        0.000     0.000 r  
                                                      0.000     0.000 r  clk (IN)
                         net (fo=4513, unset)         0.432     0.432    npu/engine/bank_addr_reg_0_1_0_5/WCLK
    SLICE_X46Y32         RAMD32                                       r  npu/engine/bank_addr_reg_0_1_0_5/RAMA_D1/CLK
                         clock pessimism              0.000     0.432    
    SLICE_X46Y32         RAMD32 (Hold_ramd32_CLK_I)
                                                      0.120     0.552    npu/engine/bank_addr_reg_0_1_0_5/RAMA_D1
  -------------------------------------------------------------------
                         required time                         -0.552    
                         arrival time                           0.672    
  -------------------------------------------------------------------
                         slack                                  0.121    

Slack (MET) :             0.134ns  (arrival time - required time)
  Source:                 npu/b_stride_reg[2]/C
                            (rising edge-triggered cell FDRE clocked by clk  {rise@0.000ns fall@5.000ns period=10.000ns})
  Destination:            npu/engine/b_stride_reg[2]/D
                            (rising edge-triggered cell FDRE clocked by clk  {rise@0.000ns fall@5.000ns period=10.000ns})
  Path Group:             clk
  Path Type:              Hold (Min at Fast Process Corner)
  Requirement:            0.000ns  (clk rise@0.000ns - clk rise@0.000ns)
  Data Path Delay:        0.240ns  (logic 0.141ns (58.676%)  route 0.099ns (41.324%))
  Logic Levels:           0  
  Clock Path Skew:        0.022ns (DCD - SCD - CPR)
    Destination Clock Delay (DCD):    0.432ns
    Source Clock Delay      (SCD):    0.410ns
    Clock Pessimism Removal (CPR):    -0.000ns

    Location             Delay type                Incr(ns)  Path(ns)    Netlist Resource(s)
  -------------------------------------------------------------------    -------------------
                         (clock clk rise edge)        0.000     0.000 r  
                                                      0.000     0.000 r  clk (IN)
                         net (fo=4513, unset)         0.410     0.410    npu/clk
    SLICE_X43Y26         FDRE                                         r  npu/b_stride_reg[2]/C
  -------------------------------------------------------------------    -------------------
    SLICE_X43Y26         FDRE (Prop_fdre_C_Q)         0.141     0.551 r  npu/b_stride_reg[2]/Q
                         net (fo=2, routed)           0.099     0.650    npu/engine/b_stride_reg[31]_0[2]
    SLICE_X42Y26         FDRE                                         r  npu/engine/b_stride_reg[2]/D
  -------------------------------------------------------------------    -------------------

                         (clock clk rise edge)        0.000     0.000 r  
                                                      0.000     0.000 r  clk (IN)
                         net (fo=4513, unset)         0.432     0.432    npu/engine/clk
    SLICE_X42Y26         FDRE                                         r  npu/engine/b_stride_reg[2]/C
                         clock pessimism              0.000     0.432    
    SLICE_X42Y26         FDRE (Hold_fdre_C_D)         0.085     0.517    npu/engine/b_stride_reg[2]
  -------------------------------------------------------------------
                         required time                         -0.517    
                         arrival time                           0.650    
  -------------------------------------------------------------------
                         slack                                  0.134    

Slack (MET) :             0.137ns  (arrival time - required time)
  Source:                 npu/engine/ld_bank_reg[0]/C
                            (rising edge-triggered cell FDRE clocked by clk  {rise@0.000ns fall@5.000ns period=10.000ns})
  Destination:            npu/engine/tags_reg[0][bank]_0_3_0_0/SP/I
                            (rising edge-triggered cell RAMD32 clocked by clk  {rise@0.000ns fall@5.000ns period=10.000ns})
  Path Group:             clk
  Path Type:              Hold (Min at Fast Process Corner)
  Requirement:            0.000ns  (clk rise@0.000ns - clk rise@0.000ns)
  Data Path Delay:        0.280ns  (logic 0.141ns (50.440%)  route 0.139ns (49.560%))
  Logic Levels:           0  
  Clock Path Skew:        0.022ns (DCD - SCD - CPR)
    Destination Clock Delay (DCD):    0.432ns
    Source Clock Delay      (SCD):    0.410ns
    Clock Pessimism Removal (CPR):    -0.000ns

    Location             Delay type                Incr(ns)  Path(ns)    Netlist Resource(s)
  -------------------------------------------------------------------    -------------------
                         (clock clk rise edge)        0.000     0.000 r  
                                                      0.000     0.000 r  clk (IN)
                         net (fo=4513, unset)         0.410     0.410    npu/engine/clk
    SLICE_X43Y23         FDRE                                         r  npu/engine/ld_bank_reg[0]/C
  -------------------------------------------------------------------    -------------------
    SLICE_X43Y23         FDRE (Prop_fdre_C_Q)         0.141     0.551 r  npu/engine/ld_bank_reg[0]/Q
                         net (fo=4, routed)           0.139     0.690    npu/engine/tags_reg[0][bank]_0_3_0_0/D
    SLICE_X42Y23         RAMD32                                       r  npu/engine/tags_reg[0][bank]_0_3_0_0/SP/I
  -------------------------------------------------------------------    -------------------

                         (clock clk rise edge)        0.000     0.000 r  
                                                      0.000     0.000 r  clk (IN)
                         net (fo=4513, unset)         0.432     0.432    npu/engine/tags_reg[0][bank]_0_3_0_0/WCLK
    SLICE_X42Y23         RAMD32                                       r  npu/engine/tags_reg[0][bank]_0_3_0_0/SP/CLK
                         clock pessimism              0.000     0.432    
    SLICE_X42Y23         RAMD32 (Hold_ramd32_CLK_I)
                                                      0.121     0.553    npu/engine/tags_reg[0][bank]_0_3_0_0/SP
  -------------------------------------------------------------------
                         required time                         -0.553    
                         arrival time                           0.690    
  -------------------------------------------------------------------
                         slack                                  0.137    

Slack (MET) :             0.144ns  (arrival time - required time)
  Source:                 lfsr_reg[1]/C
                            (rising edge-triggered cell FDRE clocked by clk  {rise@0.000ns fall@5.000ns period=10.000ns})
  Destination:            ready_reg/D
                            (rising edge-triggered cell FDRE clocked by clk  {rise@0.000ns fall@5.000ns period=10.000ns})
  Path Group:             clk
  Path Type:              Hold (Min at Fast Process Corner)
  Requirement:            0.000ns  (clk rise@0.000ns - clk rise@0.000ns)
  Data Path Delay:        0.285ns  (logic 0.186ns (65.209%)  route 0.099ns (34.791%))
  Logic Levels:           1  (LUT2=1)
  Clock Path Skew:        0.022ns (DCD - SCD - CPR)
    Destination Clock Delay (DCD):    0.432ns
    Source Clock Delay      (SCD):    0.410ns
    Clock Pessimism Removal (CPR):    -0.000ns

    Location             Delay type                Incr(ns)  Path(ns)    Netlist Resource(s)
  -------------------------------------------------------------------    -------------------
                         (clock clk rise edge)        0.000     0.000 r  
                                                      0.000     0.000 r  clk (IN)
                         net (fo=4513, unset)         0.410     0.410    clk
    SLICE_X59Y9          FDRE                                         r  lfsr_reg[1]/C
  -------------------------------------------------------------------    -------------------
    SLICE_X59Y9          FDRE (Prop_fdre_C_Q)         0.141     0.551 r  lfsr_reg[1]/Q
                         net (fo=2, routed)           0.099     0.650    lfsr_reg_n_0_[1]
    SLICE_X58Y9          LUT2 (Prop_lut2_I1_O)        0.045     0.695 r  ready_i_1/O
                         net (fo=1, routed)           0.000     0.695    ready_i_1_n_0
    SLICE_X58Y9          FDRE                                         r  ready_reg/D
  -------------------------------------------------------------------    -------------------

                         (clock clk rise edge)        0.000     0.000 r  
                                                      0.000     0.000 r  clk (IN)
                         net (fo=4513, unset)         0.432     0.432    clk
    SLICE_X58Y9          FDRE                                         r  ready_reg/C
                         clock pessimism              0.000     0.432    
    SLICE_X58Y9          FDRE (Hold_fdre_C_D)         0.120     0.552    ready_reg
  -------------------------------------------------------------------
                         required time                         -0.552    
                         arrival time                           0.695    
  -------------------------------------------------------------------
                         slack                                  0.144    

Slack (MET) :             0.144ns  (arrival time - required time)
  Source:                 lfsr_reg[12]/C
                            (rising edge-triggered cell FDRE clocked by clk  {rise@0.000ns fall@5.000ns period=10.000ns})
  Destination:            lfsr_reg[0]/D
                            (rising edge-triggered cell FDSE clocked by clk  {rise@0.000ns fall@5.000ns period=10.000ns})
  Path Group:             clk
  Path Type:              Hold (Min at Fast Process Corner)
  Requirement:            0.000ns  (clk rise@0.000ns - clk rise@0.000ns)
  Data Path Delay:        0.257ns  (logic 0.186ns (72.463%)  route 0.071ns (27.537%))
  Logic Levels:           1  (LUT4=1)
  Clock Path Skew:        0.022ns (DCD - SCD - CPR)
    Destination Clock Delay (DCD):    0.432ns
    Source Clock Delay      (SCD):    0.410ns
    Clock Pessimism Removal (CPR):    -0.000ns

    Location             Delay type                Incr(ns)  Path(ns)    Netlist Resource(s)
  -------------------------------------------------------------------    -------------------
                         (clock clk rise edge)        0.000     0.000 r  
                                                      0.000     0.000 r  clk (IN)
                         net (fo=4513, unset)         0.410     0.410    clk
    SLICE_X61Y9          FDRE                                         r  lfsr_reg[12]/C
  -------------------------------------------------------------------    -------------------
    SLICE_X61Y9          FDRE (Prop_fdre_C_Q)         0.141     0.551 r  lfsr_reg[12]/Q
                         net (fo=2, routed)           0.071     0.622    lfsr_reg_n_0_[12]
    SLICE_X60Y9          LUT4 (Prop_lut4_I0_O)        0.045     0.667 r  lfsr[0]_i_1/O
                         net (fo=1, routed)           0.000     0.667    p_0_out[0]
    SLICE_X60Y9          FDSE                                         r  lfsr_reg[0]/D
  -------------------------------------------------------------------    -------------------

                         (clock clk rise edge)        0.000     0.000 r  
                                                      0.000     0.000 r  clk (IN)
                         net (fo=4513, unset)         0.432     0.432    clk
    SLICE_X60Y9          FDSE                                         r  lfsr_reg[0]/C
                         clock pessimism              0.000     0.432    
    SLICE_X60Y9          FDSE (Hold_fdse_C_D)         0.091     0.523    lfsr_reg[0]
  -------------------------------------------------------------------
                         required time                         -0.523    
                         arrival time                           0.667    
  -------------------------------------------------------------------
                         slack                                  0.144    

Slack (MET) :             0.149ns  (arrival time - required time)
  Source:                 npu/engine/ld_wbase_reg[1]/C
                            (rising edge-triggered cell FDRE clocked by clk  {rise@0.000ns fall@5.000ns period=10.000ns})
  Destination:            npu/engine/tags_reg[0][wbase]_0_3_0_5/RAMA_D1/I
                            (rising edge-triggered cell RAMD32 clocked by clk  {rise@0.000ns fall@5.000ns period=10.000ns})
  Path Group:             clk
  Path Type:              Hold (Min at Fast Process Corner)
  Requirement:            0.000ns  (clk rise@0.000ns - clk rise@0.000ns)
  Data Path Delay:        0.291ns  (logic 0.141ns (48.524%)  route 0.150ns (51.476%))
  Logic Levels:           0  
  Clock Path Skew:        0.022ns (DCD - SCD - CPR)
    Destination Clock Delay (DCD):    0.432ns
    Source Clock Delay      (SCD):    0.410ns
    Clock Pessimism Removal (CPR):    -0.000ns

    Location             Delay type                Incr(ns)  Path(ns)    Netlist Resource(s)
  -------------------------------------------------------------------    -------------------
                         (clock clk rise edge)        0.000     0.000 r  
                                                      0.000     0.000 r  clk (IN)
                         net (fo=4513, unset)         0.410     0.410    npu/engine/clk
    SLICE_X43Y25         FDRE                                         r  npu/engine/ld_wbase_reg[1]/C
  -------------------------------------------------------------------    -------------------
    SLICE_X43Y25         FDRE (Prop_fdre_C_Q)         0.141     0.551 r  npu/engine/ld_wbase_reg[1]/Q
                         net (fo=2, routed)           0.150     0.701    npu/engine/tags_reg[0][wbase]_0_3_0_5/DIA1
    SLICE_X42Y24         RAMD32                                       r  npu/engine/tags_reg[0][wbase]_0_3_0_5/RAMA_D1/I
  -------------------------------------------------------------------    -------------------

                         (clock clk rise edge)        0.000     0.000 r  
                                                      0.000     0.000 r  clk (IN)
                         net (fo=4513, unset)         0.432     0.432    npu/engine/tags_reg[0][wbase]_0_3_0_5/WCLK
    SLICE_X42Y24         RAMD32                                       r  npu/engine/tags_reg[0][wbase]_0_3_0_5/RAMA_D1/CLK
                         clock pessimism              0.000     0.432    
    SLICE_X42Y24         RAMD32 (Hold_ramd32_CLK_I)
                                                      0.120     0.552    npu/engine/tags_reg[0][wbase]_0_3_0_5/RAMA_D1
  -------------------------------------------------------------------
                         required time                         -0.552    
                         arrival time                           0.701    
  -------------------------------------------------------------------
                         slack                                  0.149    

Slack (MET) :             0.158ns  (arrival time - required time)
  Source:                 npu/n_reg[23]/C
                            (rising edge-triggered cell FDRE clocked by clk  {rise@0.000ns fall@5.000ns period=10.000ns})
  Destination:            npu/engine/n_reg[23]/D
                            (rising edge-triggered cell FDRE clocked by clk  {rise@0.000ns fall@5.000ns period=10.000ns})
  Path Group:             clk
  Path Type:              Hold (Min at Fast Process Corner)
  Requirement:            0.000ns  (clk rise@0.000ns - clk rise@0.000ns)
  Data Path Delay:        0.255ns  (logic 0.141ns (55.245%)  route 0.114ns (44.755%))
  Logic Levels:           0  
  Clock Path Skew:        0.022ns (DCD - SCD - CPR)
    Destination Clock Delay (DCD):    0.432ns
    Source Clock Delay      (SCD):    0.410ns
    Clock Pessimism Removal (CPR):    -0.000ns

    Location             Delay type                Incr(ns)  Path(ns)    Netlist Resource(s)
  -------------------------------------------------------------------    -------------------
                         (clock clk rise edge)        0.000     0.000 r  
                                                      0.000     0.000 r  clk (IN)
                         net (fo=4513, unset)         0.410     0.410    npu/clk
    SLICE_X52Y43         FDRE                                         r  npu/n_reg[23]/C
  -------------------------------------------------------------------    -------------------
    SLICE_X52Y43         FDRE (Prop_fdre_C_Q)         0.141     0.551 r  npu/n_reg[23]/Q
                         net (fo=2, routed)           0.114     0.665    npu/engine/n_reg[31]_0[23]
    SLICE_X51Y42         FDRE                                         r  npu/engine/n_reg[23]/D
  -------------------------------------------------------------------    -------------------

                         (clock clk rise edge)        0.000     0.000 r  
                                                      0.000     0.000 r  clk (IN)
                         net (fo=4513, unset)         0.432     0.432    npu/engine/clk
    SLICE_X51Y42         FDRE                                         r  npu/engine/n_reg[23]/C
                         clock pessimism              0.000     0.432    
    SLICE_X51Y42         FDRE (Hold_fdre_C_D)         0.076     0.508    npu/engine/n_reg[23]
  -------------------------------------------------------------------
                         required time                         -0.508    
                         arrival time                           0.665    
  -------------------------------------------------------------------
                         slack                                  0.158    

Slack (MET) :             0.159ns  (arrival time - required time)
  Source:                 npu/engine/c_tile_reg[0]/C
                            (rising edge-triggered cell FDRE clocked by clk  {rise@0.000ns fall@5.000ns period=10.000ns})
  Destination:            npu/engine/bank_addr_reg_0_1_0_5/RAMA/I
                            (rising edge-triggered cell RAMD32 clocked by clk  {rise@0.000ns fall@5.000ns period=10.000ns})
  Path Group:             clk
  Path Type:              Hold (Min at Fast Process Corner)
  Requirement:            0.000ns  (clk rise@0.000ns - clk rise@0.000ns)
  Data Path Delay:        0.328ns  (logic 0.141ns (43.038%)  route 0.187ns (56.962%))
  Logic Levels:           0  
  Clock Path Skew:        0.022ns (DCD - SCD - CPR)
    Destination Clock Delay (DCD):    0.432ns
    Source Clock Delay      (SCD):    0.410ns
    Clock Pessimism Removal (CPR):    -0.000ns

    Location             Delay type                Incr(ns)  Path(ns)    Netlist Resource(s)
  -------------------------------------------------------------------    -------------------
                         (clock clk rise edge)        0.000     0.000 r  
                                                      0.000     0.000 r  clk (IN)
                         net (fo=4513, unset)         0.410     0.410    npu/engine/clk
    SLICE_X47Y33         FDRE                                         r  npu/engine/c_tile_reg[0]/C
  -------------------------------------------------------------------    -------------------
    SLICE_X47Y33         FDRE (Prop_fdre_C_Q)         0.141     0.551 r  npu/engine/c_tile_reg[0]/Q
                         net (fo=2, routed)           0.187     0.738    npu/engine/bank_addr_reg_0_1_0_5/DIA0
    SLICE_X46Y32         RAMD32                                       r  npu/engine/bank_addr_reg_0_1_0_5/RAMA/I
  -------------------------------------------------------------------    -------------------

                         (clock clk rise edge)        0.000     0.000 r  
                                                      0.000     0.000 r  clk (IN)
                         net (fo=4513, unset)         0.432     0.432    npu/engine/bank_addr_reg_0_1_0_5/WCLK
    SLICE_X46Y32         RAMD32                                       r  npu/engine/bank_addr_reg_0_1_0_5/RAMA/CLK
                         clock pessimism              0.000     0.432    
    SLICE_X46Y32         RAMD32 (Hold_ramd32_CLK_I)
                                                      0.147     0.579    npu/engine/bank_addr_reg_0_1_0_5/RAMA
  -------------------------------------------------------------------
                         required time                         -0.579    
                         arrival time                           0.738    
  -------------------------------------------------------------------
                         slack                                  0.159    

Slack (MET) :             0.159ns  (arrival time - required time)
  Source:                 npu/k_reg[27]/C
                            (rising edge-triggered cell FDRE clocked by clk  {rise@0.000ns fall@5.000ns period=10.000ns})
  Destination:            npu/engine/k_reg[27]/D
                            (rising edge-triggered cell FDRE clocked by clk  {rise@0.000ns fall@5.000ns period=10.000ns})
  Path Group:             clk
  Path Type:              Hold (Min at Fast Process Corner)
  Requirement:            0.000ns  (clk rise@0.000ns - clk rise@0.000ns)
  Data Path Delay:        0.251ns  (logic 0.141ns (56.166%)  route 0.110ns (43.834%))
  Logic Levels:           0  
  Clock Path Skew:        0.022ns (DCD - SCD - CPR)
    Destination Clock Delay (DCD):    0.432ns
    Source Clock Delay      (SCD):    0.410ns
    Clock Pessimism Removal (CPR):    -0.000ns

    Location             Delay type                Incr(ns)  Path(ns)    Netlist Resource(s)
  -------------------------------------------------------------------    -------------------
                         (clock clk rise edge)        0.000     0.000 r  
                                                      0.000     0.000 r  clk (IN)
                         net (fo=4513, unset)         0.410     0.410    npu/clk
    SLICE_X59Y38         FDRE                                         r  npu/k_reg[27]/C
  -------------------------------------------------------------------    -------------------
    SLICE_X59Y38         FDRE (Prop_fdre_C_Q)         0.141     0.551 r  npu/k_reg[27]/Q
                         net (fo=2, routed)           0.110     0.661    npu/engine/k_reg[31]_0[27]
    SLICE_X57Y38         FDRE                                         r  npu/engine/k_reg[27]/D
  -------------------------------------------------------------------    -------------------

                         (clock clk rise edge)        0.000     0.000 r  
                                                      0.000     0.000 r  clk (IN)
                         net (fo=4513, unset)         0.432     0.432    npu/engine/clk
    SLICE_X57Y38         FDRE                                         r  npu/engine/k_reg[27]/C
                         clock pessimism              0.000     0.432    
    SLICE_X57Y38         FDRE (Hold_fdre_C_D)         0.070     0.502    npu/engine/k_reg[27]
  -------------------------------------------------------------------
                         required time                         -0.502    
                         arrival time                           0.661    
  -------------------------------------------------------------------
                         slack                                  0.159    





Pulse Width Checks
--------------------------------------------------------------------------------------
Clock Name:         clk
Waveform(ns):       { 0.000 5.000 }
Period(ns):         10.000
Sources:            { clk }

Check Type        Corner  Lib Pin             Reference Pin  Required(ns)  Actual(ns)  Slack(ns)  Location      Pin
Min Period        n/a     DSP48E1/CLK         n/a            3.884         10.000      6.116      DSP48_X1Y15   npu/engine/prod_a_reg/CLK
Min Period        n/a     DSP48E1/CLK         n/a            3.884         10.000      6.116      DSP48_X2Y17   npu/engine/prod_b_reg/CLK
Min Period        n/a     DSP48E1/CLK         n/a            3.884         10.000      6.116      DSP48_X1Y13   npu/engine/prod_c_reg/CLK
Min Period        n/a     RAMB36E1/CLKARDCLK  n/a            2.944         10.000      7.056      RAMB36_X1Y4   ram_reg_0_0/CLKARDCLK
Min Period        n/a     RAMB36E1/CLKARDCLK  n/a            2.944         10.000      7.056      RAMB36_X0Y4   ram_reg_0_1/CLKARDCLK
Min Period        n/a     RAMB36E1/CLKARDCLK  n/a            2.944         10.000      7.056      RAMB36_X3Y6   ram_reg_0_10/CLKARDCLK
Min Period        n/a     RAMB36E1/CLKARDCLK  n/a            2.944         10.000      7.056      RAMB36_X1Y5   ram_reg_0_11/CLKARDCLK
Min Period        n/a     RAMB36E1/CLKARDCLK  n/a            2.944         10.000      7.056      RAMB36_X1Y6   ram_reg_0_12/CLKARDCLK
Min Period        n/a     RAMB36E1/CLKARDCLK  n/a            2.944         10.000      7.056      RAMB36_X1Y7   ram_reg_0_13/CLKARDCLK
Min Period        n/a     RAMB36E1/CLKARDCLK  n/a            2.944         10.000      7.056      RAMB36_X2Y7   ram_reg_0_14/CLKARDCLK
Low Pulse Width   Slow    RAMD32/CLK          n/a            1.250         5.000       3.750      SLICE_X46Y32  npu/engine/bank_addr_reg_0_1_0_5/RAMA/CLK
Low Pulse Width   Fast    RAMD32/CLK          n/a            1.250         5.000       3.750      SLICE_X46Y32  npu/engine/bank_addr_reg_0_1_0_5/RAMA/CLK
Low Pulse Width   Slow    RAMD32/CLK          n/a            1.250         5.000       3.750      SLICE_X46Y32  npu/engine/bank_addr_reg_0_1_0_5/RAMA_D1/CLK
Low Pulse Width   Fast    RAMD32/CLK          n/a            1.250         5.000       3.750      SLICE_X46Y32  npu/engine/bank_addr_reg_0_1_0_5/RAMA_D1/CLK
Low Pulse Width   Slow    RAMD32/CLK          n/a            1.250         5.000       3.750      SLICE_X46Y32  npu/engine/bank_addr_reg_0_1_0_5/RAMB/CLK
Low Pulse Width   Fast    RAMD32/CLK          n/a            1.250         5.000       3.750      SLICE_X46Y32  npu/engine/bank_addr_reg_0_1_0_5/RAMB/CLK
Low Pulse Width   Slow    RAMD32/CLK          n/a            1.250         5.000       3.750      SLICE_X46Y32  npu/engine/bank_addr_reg_0_1_0_5/RAMB_D1/CLK
Low Pulse Width   Fast    RAMD32/CLK          n/a            1.250         5.000       3.750      SLICE_X46Y32  npu/engine/bank_addr_reg_0_1_0_5/RAMB_D1/CLK
Low Pulse Width   Slow    RAMD32/CLK          n/a            1.250         5.000       3.750      SLICE_X46Y32  npu/engine/bank_addr_reg_0_1_0_5/RAMC/CLK
Low Pulse Width   Fast    RAMD32/CLK          n/a            1.250         5.000       3.750      SLICE_X46Y32  npu/engine/bank_addr_reg_0_1_0_5/RAMC/CLK
High Pulse Width  Slow    RAMD32/CLK          n/a            1.250         5.000       3.750      SLICE_X46Y32  npu/engine/bank_addr_reg_0_1_0_5/RAMA/CLK
High Pulse Width  Fast    RAMD32/CLK          n/a            1.250         5.000       3.750      SLICE_X46Y32  npu/engine/bank_addr_reg_0_1_0_5/RAMA/CLK
High Pulse Width  Slow    RAMD32/CLK          n/a            1.250         5.000       3.750      SLICE_X46Y32  npu/engine/bank_addr_reg_0_1_0_5/RAMA_D1/CLK
High Pulse Width  Fast    RAMD32/CLK          n/a            1.250         5.000       3.750      SLICE_X46Y32  npu/engine/bank_addr_reg_0_1_0_5/RAMA_D1/CLK
High Pulse Width  Slow    RAMD32/CLK          n/a            1.250         5.000       3.750      SLICE_X46Y32  npu/engine/bank_addr_reg_0_1_0_5/RAMB/CLK
High Pulse Width  Fast    RAMD32/CLK          n/a            1.250         5.000       3.750      SLICE_X46Y32  npu/engine/bank_addr_reg_0_1_0_5/RAMB/CLK
High Pulse Width  Slow    RAMD32/CLK          n/a            1.250         5.000       3.750      SLICE_X46Y32  npu/engine/bank_addr_reg_0_1_0_5/RAMB_D1/CLK
High Pulse Width  Fast    RAMD32/CLK          n/a            1.250         5.000       3.750      SLICE_X46Y32  npu/engine/bank_addr_reg_0_1_0_5/RAMB_D1/CLK
High Pulse Width  Slow    RAMD32/CLK          n/a            1.250         5.000       3.750      SLICE_X46Y32  npu/engine/bank_addr_reg_0_1_0_5/RAMC/CLK
High Pulse Width  Fast    RAMD32/CLK          n/a            1.250         5.000       3.750      SLICE_X46Y32  npu/engine/bank_addr_reg_0_1_0_5/RAMC/CLK



