NAMED-PATH-BEGIN d_rsp_valid_to_d_req_valid
Startpoint: d_rsp_valid (input port clocked by clk)
Endpoint: d_req_valid (output port clocked by clk)
Path Group: clk
Path Type: max

   Delay     Time   Description
-----------------------------------------------------------
   0.000    0.000   clock clk (rise edge)
   0.000    0.000   clock network delay (propagated)
   2.000    2.000 ^ input external delay
   0.011    2.011 ^ d_rsp_valid (in)
   0.278    2.290 ^ input35/X (sky130_fd_sc_hd__buf_2)
   0.240    2.530 ^ fanout2858/X (sky130_fd_sc_hd__buf_6)
   0.263    2.793 ^ fanout2857/X (sky130_fd_sc_hd__clkbuf_4)
   0.076    2.869 v _07634_/Y (sky130_fd_sc_hd__nor2_4)
   0.141    3.010 v fanout1336/X (sky130_fd_sc_hd__buf_8)
   0.152    3.162 v fanout1327/X (sky130_fd_sc_hd__buf_8)
   0.194    3.356 v _07636_/X (sky130_fd_sc_hd__and2_4)
   0.152    3.508 v fanout731/X (sky130_fd_sc_hd__buf_8)
   0.146    3.653 v fanout728/X (sky130_fd_sc_hd__buf_6)
   0.245    3.899 ^ _07639_/Y (sky130_fd_sc_hd__nor3b_4)
   0.150    4.048 ^ fanout540/X (sky130_fd_sc_hd__buf_6)
   0.130    4.179 ^ load_slew542/X (sky130_fd_sc_hd__buf_6)
   0.333    4.512 ^ _07640_/X (sky130_fd_sc_hd__and3b_2)
   0.174    4.686 ^ output109/X (sky130_fd_sc_hd__buf_8)
   0.001    4.687 ^ d_req_valid (out)
            4.687   data arrival time

  10.000   10.000   clock clk (rise edge)
   0.000   10.000   clock network delay (propagated)
  -0.250    9.750   clock uncertainty
   0.000    9.750   clock reconvergence pessimism
  -2.000    7.750   output external delay
            7.750   data required time
-----------------------------------------------------------
            7.750   data required time
           -4.687   data arrival time
-----------------------------------------------------------
            3.063   slack (MET)


NAMED-PATH-END
NAMED-PATH-BEGIN d_rsp_error_to_d_req_valid
Startpoint: d_rsp_error (input port clocked by clk)
Endpoint: d_req_valid (output port clocked by clk)
Path Group: clk
Path Type: max

   Delay     Time   Description
-----------------------------------------------------------
   0.000    0.000   clock clk (rise edge)
   0.000    0.000   clock network delay (propagated)
   2.000    2.000 v input external delay
   0.005    2.005 v d_rsp_error (in)
   0.193    2.198 v input2/X (sky130_fd_sc_hd__buf_2)
   0.243    2.441 v _07628_/Y (sky130_fd_sc_hd__nand2b_2)
   0.180    2.621 v _07629_/X (sky130_fd_sc_hd__o211a_2)
   0.422    3.043 ^ _07631_/Y (sky130_fd_sc_hd__o21ai_4)
   0.347    3.390 ^ _07639_/Y (sky130_fd_sc_hd__nor3b_4)
   0.150    3.540 ^ fanout540/X (sky130_fd_sc_hd__buf_6)
   0.130    3.670 ^ load_slew542/X (sky130_fd_sc_hd__buf_6)
   0.333    4.003 ^ _07640_/X (sky130_fd_sc_hd__and3b_2)
   0.174    4.177 ^ output109/X (sky130_fd_sc_hd__buf_8)
   0.001    4.178 ^ d_req_valid (out)
            4.178   data arrival time

  10.000   10.000   clock clk (rise edge)
   0.000   10.000   clock network delay (propagated)
  -0.250    9.750   clock uncertainty
   0.000    9.750   clock reconvergence pessimism
  -2.000    7.750   output external delay
            7.750   data required time
-----------------------------------------------------------
            7.750   data required time
           -4.178   data arrival time
-----------------------------------------------------------
            3.572   slack (MET)


NAMED-PATH-END
