verilator --cc --exe --build --timing --Wall --Wno-UNUSEDSIGNAL \
	--top-module aster_atomic_fabric "-GENABLE_DMA=1'b1" -CFLAGS '-DASTER_DMA_ENABLE=1' \
	--Mdir /tmp/aster-phase7-dma-regressions-694ae0e/build/obj_dma_atomic_fabric -o /tmp/aster-phase7-dma-regressions-694ae0e/build/aster_dma_atomic_fabric_sim \
	/tmp/aster-phase7-regression-source-IZ343g/rtl/interconnect/aster_atomic_fabric.sv /tmp/aster-phase7-regression-source-IZ343g/verification/unit/tb_aster_atomic_fabric.cpp
make[1]: warning: jobserver unavailable: using -j1.  Add '+' to parent make rule.
g++  -I.  -MMD -I/home/elfo/tools/verilator/root/include -I/home/elfo/tools/verilator/root/include/vltstd -DVM_COVERAGE=0 -DVM_SC=0 -DVM_TRACE=0 -DVM_TRACE_FST=0 -DVM_TRACE_VCD=0 -faligned-new -fcf-protection=none -Wno-bool-operation -Wno-overloaded-virtual -Wno-shadow -Wno-sign-compare -Wno-uninitialized -Wno-unused-but-set-parameter -Wno-unused-but-set-variable -Wno-unused-parameter -Wno-unused-variable     -DASTER_DMA_ENABLE=1   -Os -c -o tb_aster_atomic_fabric.o /tmp/aster-phase7-regression-source-IZ343g/verification/unit/tb_aster_atomic_fabric.cpp
/tmp/aster-phase7-regression-source-IZ343g/verification/unit/tb_aster_atomic_fabric.cpp: In function ‘int main(int, char**)’:
/tmp/aster-phase7-regression-source-IZ343g/verification/unit/tb_aster_atomic_fabric.cpp:278:79: warning: narrowing conversion of ‘(long unsigned int)address’ from ‘long unsigned int’ to ‘uint32_t’ {aka ‘unsigned int’} [-Wnarrowing]
  278 |                 else if (type == 1) q[h].push_back({false, bool(b.rng() & 1), address, 0, 0, 0});
      |                                                                               ^~~~~~~
g++ -Os  -I.  -MMD -I/home/elfo/tools/verilator/root/include -I/home/elfo/tools/verilator/root/include/vltstd -DVM_COVERAGE=0 -DVM_SC=0 -DVM_TRACE=0 -DVM_TRACE_FST=0 -DVM_TRACE_VCD=0 -faligned-new -fcf-protection=none -Wno-bool-operation -Wno-overloaded-virtual -Wno-shadow -Wno-sign-compare -Wno-uninitialized -Wno-unused-but-set-parameter -Wno-unused-but-set-variable -Wno-unused-parameter -Wno-unused-variable     -DASTER_DMA_ENABLE=1   -c -o verilated.o /home/elfo/tools/verilator/root/include/verilated.cpp
g++ -Os  -I.  -MMD -I/home/elfo/tools/verilator/root/include -I/home/elfo/tools/verilator/root/include/vltstd -DVM_COVERAGE=0 -DVM_SC=0 -DVM_TRACE=0 -DVM_TRACE_FST=0 -DVM_TRACE_VCD=0 -faligned-new -fcf-protection=none -Wno-bool-operation -Wno-overloaded-virtual -Wno-shadow -Wno-sign-compare -Wno-uninitialized -Wno-unused-but-set-parameter -Wno-unused-but-set-variable -Wno-unused-parameter -Wno-unused-variable     -DASTER_DMA_ENABLE=1   -c -o verilated_threads.o /home/elfo/tools/verilator/root/include/verilated_threads.cpp
/usr/bin/python3 /home/elfo/tools/verilator/root/bin/verilator_includer -DVL_INCLUDE_OPT=include Vaster_atomic_fabric.cpp Vaster_atomic_fabric___024root__DepSet_hcd09f501__0.cpp Vaster_atomic_fabric___024root__DepSet_h646bda2b__0.cpp Vaster_atomic_fabric___024root__Slow.cpp Vaster_atomic_fabric___024root__DepSet_hcd09f501__0__Slow.cpp Vaster_atomic_fabric___024root__DepSet_h646bda2b__0__Slow.cpp Vaster_atomic_fabric__Syms.cpp > Vaster_atomic_fabric__ALL.cpp
g++ -Os  -I.  -MMD -I/home/elfo/tools/verilator/root/include -I/home/elfo/tools/verilator/root/include/vltstd -DVM_COVERAGE=0 -DVM_SC=0 -DVM_TRACE=0 -DVM_TRACE_FST=0 -DVM_TRACE_VCD=0 -faligned-new -fcf-protection=none -Wno-bool-operation -Wno-overloaded-virtual -Wno-shadow -Wno-sign-compare -Wno-uninitialized -Wno-unused-but-set-parameter -Wno-unused-but-set-variable -Wno-unused-parameter -Wno-unused-variable     -DASTER_DMA_ENABLE=1   -c -o Vaster_atomic_fabric__ALL.o Vaster_atomic_fabric__ALL.cpp
echo "" > Vaster_atomic_fabric__ALL.verilator_deplist.tmp
Archive ar -rcs Vaster_atomic_fabric__ALL.a Vaster_atomic_fabric__ALL.o
g++     tb_aster_atomic_fabric.o verilated.o verilated_threads.o Vaster_atomic_fabric__ALL.a    -pthread -lpthread -latomic   -o /tmp/aster-phase7-dma-regressions-694ae0e/build/aster_dma_atomic_fabric_sim
rm Vaster_atomic_fabric__ALL.verilator_deplist.tmp
PASS: RV32A DMA-enabled fabric seed=1: 62423 operations, 70092 backing transfers, 36948 committed stores, SC=4857/378 success/failure, 1407804 stalled cycles
PASS: RV32A DMA-enabled fabric seed=677863: 62243 operations, 70239 backing transfers, 36749 committed stores, SC=4649/406 success/failure, 1404052 stalled cycles
PASS: RV32A DMA-enabled fabric seed=12648430: 62365 operations, 70178 backing transfers, 36858 committed stores, SC=4757/420 success/failure, 1399782 stalled cycles
