NAMED-PATH-BEGIN d_rsp_valid_to_d_req_valid
Startpoint: d_rsp_valid (input port clocked by clk)
Endpoint: d_req_valid (output port clocked by clk)
Path Group: clk
Path Type: max

   Delay     Time   Description
-----------------------------------------------------------
   0.000    0.000   clock clk (rise edge)
   0.000    0.000   clock network delay (propagated)
   2.000    2.000 ^ input external delay
   0.023    2.023 ^ d_rsp_valid (in)
   0.341    2.363 ^ input35/X (sky130_fd_sc_hd__buf_2)
   0.457    2.820 ^ hold4235/X (sky130_fd_sc_hd__clkbuf_4)
   0.453    3.273 ^ fanout3483/X (sky130_fd_sc_hd__buf_2)
   0.660    3.933 v _19357_/X (sky130_fd_sc_hd__and4bb_2)
   0.356    4.289 v fanout1597/X (sky130_fd_sc_hd__buf_8)
   0.324    4.613 v fanout1586/X (sky130_fd_sc_hd__buf_6)
   0.289    4.902 v fanout1585/X (sky130_fd_sc_hd__buf_6)
   0.381    5.282 ^ _19363_/Y (sky130_fd_sc_hd__o31ai_4)
   0.337    5.619 ^ max_cap887/X (sky130_fd_sc_hd__buf_6)
   0.230    5.850 v _19368_/Y (sky130_fd_sc_hd__o211ai_4)
   0.644    6.494 ^ _19369_/Y (sky130_fd_sc_hd__nor3_4)
   0.415    6.909 ^ wire461/X (sky130_fd_sc_hd__buf_6)
   0.413    7.321 ^ output109/X (sky130_fd_sc_hd__buf_2)
   0.003    7.324 ^ d_req_valid (out)
            7.324   data arrival time

  10.000   10.000   clock clk (rise edge)
   0.000   10.000   clock network delay (propagated)
  -0.250    9.750   clock uncertainty
   0.000    9.750   clock reconvergence pessimism
  -2.000    7.750   output external delay
            7.750   data required time
-----------------------------------------------------------
            7.750   data required time
           -7.324   data arrival time
-----------------------------------------------------------
            0.426   slack (MET)


NAMED-PATH-END
NAMED-PATH-BEGIN d_rsp_error_to_d_req_valid
Startpoint: d_rsp_error (input port clocked by clk)
Endpoint: d_req_valid (output port clocked by clk)
Path Group: clk
Path Type: max

   Delay     Time   Description
-----------------------------------------------------------
   0.000    0.000   clock clk (rise edge)
   0.000    0.000   clock network delay (propagated)
   2.000    2.000 v input external delay
   0.011    2.011 v d_rsp_error (in)
   0.420    2.431 v input2/X (sky130_fd_sc_hd__buf_2)
   0.504    2.935 v _19360_/Y (sky130_fd_sc_hd__nand2b_2)
   0.431    3.366 v _19361_/X (sky130_fd_sc_hd__o211a_2)
   0.539    3.905 ^ _19363_/Y (sky130_fd_sc_hd__o31ai_4)
   0.337    4.242 ^ max_cap887/X (sky130_fd_sc_hd__buf_6)
   0.230    4.472 v _19368_/Y (sky130_fd_sc_hd__o211ai_4)
   0.644    5.117 ^ _19369_/Y (sky130_fd_sc_hd__nor3_4)
   0.415    5.531 ^ wire461/X (sky130_fd_sc_hd__buf_6)
   0.413    5.944 ^ output109/X (sky130_fd_sc_hd__buf_2)
   0.003    5.947 ^ d_req_valid (out)
            5.947   data arrival time

  10.000   10.000   clock clk (rise edge)
   0.000   10.000   clock network delay (propagated)
  -0.250    9.750   clock uncertainty
   0.000    9.750   clock reconvergence pessimism
  -2.000    7.750   output external delay
            7.750   data required time
-----------------------------------------------------------
            7.750   data required time
           -5.947   data arrival time
-----------------------------------------------------------
            1.803   slack (MET)


NAMED-PATH-END
