NAMED-PATH-BEGIN d_rsp_valid_to_d_req_valid
Startpoint: d_rsp_valid (input port clocked by clk)
Endpoint: d_req_valid (output port clocked by clk)
Path Group: clk
Path Type: max

   Delay     Time   Description
-----------------------------------------------------------
   0.000    0.000   clock clk (rise edge)
   0.000    0.000   clock network delay (propagated)
   2.000    2.000 ^ input external delay
   0.012    2.012 ^ d_rsp_valid (in)
   0.210    2.222 ^ input35/X (sky130_fd_sc_hd__clkbuf_1)
   0.201    2.423 ^ wire2987/X (sky130_fd_sc_hd__buf_12)
   0.190    2.613 ^ fanout2985/X (sky130_fd_sc_hd__clkbuf_2)
   0.324    2.937 v _07785_/X (sky130_fd_sc_hd__and4bb_2)
   0.207    3.144 v fanout1557/X (sky130_fd_sc_hd__clkbuf_4)
   0.629    3.773 v fanout1555/X (sky130_fd_sc_hd__dlygate4sd3_1)
   0.171    3.944 v load_slew1556/X (sky130_fd_sc_hd__buf_6)
   0.147    4.091 ^ _07788_/Y (sky130_fd_sc_hd__nand2_4)
   0.221    4.312 ^ _07795_/X (sky130_fd_sc_hd__and3_4)
   0.241    4.553 ^ fanout535/X (sky130_fd_sc_hd__buf_4)
   0.425    4.977 ^ _07796_/X (sky130_fd_sc_hd__and4_2)
   0.455    5.433 ^ output109/X (sky130_fd_sc_hd__dlymetal6s4s_1)
   0.001    5.433 ^ d_req_valid (out)
            5.433   data arrival time

  10.000   10.000   clock clk (rise edge)
   0.000   10.000   clock network delay (propagated)
  -0.250    9.750   clock uncertainty
   0.000    9.750   clock reconvergence pessimism
  -2.000    7.750   output external delay
            7.750   data required time
-----------------------------------------------------------
            7.750   data required time
           -5.433   data arrival time
-----------------------------------------------------------
            2.317   slack (MET)


NAMED-PATH-END
NAMED-PATH-BEGIN d_rsp_error_to_d_req_valid
Startpoint: d_rsp_error (input port clocked by clk)
Endpoint: d_req_valid (output port clocked by clk)
Path Group: clk
Path Type: max

   Delay     Time   Description
-----------------------------------------------------------
   0.000    0.000   clock clk (rise edge)
   0.000    0.000   clock network delay (propagated)
   2.000    2.000 v input external delay
   0.006    2.006 v d_rsp_error (in)
   0.125    2.131 v input2/X (sky130_fd_sc_hd__clkbuf_1)
   0.186    2.316 v wire2993/X (sky130_fd_sc_hd__buf_4)
   0.190    2.507 v _07792_/Y (sky130_fd_sc_hd__nand2b_2)
   0.210    2.717 v _07793_/X (sky130_fd_sc_hd__o211a_2)
   0.303    3.020 ^ _07794_/Y (sky130_fd_sc_hd__o21ai_2)
   0.679    3.699 ^ fanout727/X (sky130_fd_sc_hd__dlymetal6s4s_1)
   0.332    4.031 ^ _07795_/X (sky130_fd_sc_hd__and3_4)
   0.241    4.272 ^ fanout535/X (sky130_fd_sc_hd__buf_4)
   0.425    4.697 ^ _07796_/X (sky130_fd_sc_hd__and4_2)
   0.455    5.152 ^ output109/X (sky130_fd_sc_hd__dlymetal6s4s_1)
   0.001    5.153 ^ d_req_valid (out)
            5.153   data arrival time

  10.000   10.000   clock clk (rise edge)
   0.000   10.000   clock network delay (propagated)
  -0.250    9.750   clock uncertainty
   0.000    9.750   clock reconvergence pessimism
  -2.000    7.750   output external delay
            7.750   data required time
-----------------------------------------------------------
            7.750   data required time
           -5.153   data arrival time
-----------------------------------------------------------
            2.597   slack (MET)


NAMED-PATH-END
