NAMED-PATH-BEGIN d_rsp_valid_to_d_req_valid
Startpoint: d_rsp_valid (input port clocked by clk)
Endpoint: d_req_valid (output port clocked by clk)
Path Group: clk
Path Type: max

   Delay     Time   Description
-----------------------------------------------------------
   0.000    0.000   clock clk (rise edge)
   0.000    0.000   clock network delay (propagated)
   2.000    2.000 ^ input external delay
   0.013    2.013 ^ d_rsp_valid (in)
   0.069    2.082 ^ hold6773/X (sky130_fd_sc_hd__clkbuf_1)
   0.191    2.274 ^ input35/X (sky130_fd_sc_hd__buf_2)
   0.215    2.489 ^ fanout3083/X (sky130_fd_sc_hd__buf_12)
   0.288    2.777 ^ fanout3082/X (sky130_fd_sc_hd__clkbuf_4)
   0.267    3.043 ^ fanout3081/X (sky130_fd_sc_hd__clkbuf_4)
   0.085    3.129 v _14918_/Y (sky130_fd_sc_hd__nor2_4)
   0.144    3.273 v fanout1355/X (sky130_fd_sc_hd__buf_12)
   0.279    3.551 ^ _14925_/Y (sky130_fd_sc_hd__o31ai_4)
   0.189    3.740 ^ load_slew866/X (sky130_fd_sc_hd__buf_6)
   0.110    3.850 v _14932_/Y (sky130_fd_sc_hd__o2111ai_4)
   0.167    4.017 v wire649/X (sky130_fd_sc_hd__buf_6)
   0.115    4.132 v rebuffer3130/X (sky130_fd_sc_hd__buf_6)
   0.401    4.533 ^ _14933_/Y (sky130_fd_sc_hd__nor3_4)
   0.202    4.735 ^ wire441/X (sky130_fd_sc_hd__buf_6)
   0.132    4.867 ^ output109/X (sky130_fd_sc_hd__buf_8)
   0.001    4.868 ^ d_req_valid (out)
            4.868   data arrival time

  10.000   10.000   clock clk (rise edge)
   0.000   10.000   clock network delay (propagated)
  -0.250    9.750   clock uncertainty
   0.000    9.750   clock reconvergence pessimism
  -2.000    7.750   output external delay
            7.750   data required time
-----------------------------------------------------------
            7.750   data required time
           -4.868   data arrival time
-----------------------------------------------------------
            2.882   slack (MET)


NAMED-PATH-END
NAMED-PATH-BEGIN d_rsp_error_to_d_req_valid
Startpoint: d_rsp_error (input port clocked by clk)
Endpoint: d_req_valid (output port clocked by clk)
Path Group: clk
Path Type: max

   Delay     Time   Description
-----------------------------------------------------------
   0.000    0.000   clock clk (rise edge)
   0.000    0.000   clock network delay (propagated)
   2.000    2.000 v input external delay
   0.008    2.008 v d_rsp_error (in)
   0.079    2.087 v hold3900/X (sky130_fd_sc_hd__clkbuf_1)
   0.165    2.252 v input2/X (sky130_fd_sc_hd__buf_2)
   0.223    2.475 v hold3901/X (sky130_fd_sc_hd__clkbuf_1)
   0.269    2.744 v _14922_/Y (sky130_fd_sc_hd__nand2b_2)
   0.209    2.953 v _14923_/X (sky130_fd_sc_hd__o211a_2)
   0.259    3.212 ^ _14925_/Y (sky130_fd_sc_hd__o31ai_4)
   0.189    3.401 ^ load_slew866/X (sky130_fd_sc_hd__buf_6)
   0.110    3.510 v _14932_/Y (sky130_fd_sc_hd__o2111ai_4)
   0.167    3.677 v wire649/X (sky130_fd_sc_hd__buf_6)
   0.115    3.792 v rebuffer3130/X (sky130_fd_sc_hd__buf_6)
   0.401    4.193 ^ _14933_/Y (sky130_fd_sc_hd__nor3_4)
   0.202    4.395 ^ wire441/X (sky130_fd_sc_hd__buf_6)
   0.132    4.528 ^ output109/X (sky130_fd_sc_hd__buf_8)
   0.001    4.529 ^ d_req_valid (out)
            4.529   data arrival time

  10.000   10.000   clock clk (rise edge)
   0.000   10.000   clock network delay (propagated)
  -0.250    9.750   clock uncertainty
   0.000    9.750   clock reconvergence pessimism
  -2.000    7.750   output external delay
            7.750   data required time
-----------------------------------------------------------
            7.750   data required time
           -4.529   data arrival time
-----------------------------------------------------------
            3.221   slack (MET)


NAMED-PATH-END
