NAMED-PATH-BEGIN d_rsp_valid_to_d_req_valid
Startpoint: d_rsp_valid (input port clocked by clk)
Endpoint: d_req_valid (output port clocked by clk)
Path Group: clk
Path Type: max

   Delay     Time   Description
-----------------------------------------------------------
   0.000    0.000   clock clk (rise edge)
   0.000    0.000   clock network delay (propagated)
   2.000    2.000 ^ input external delay
   0.009    2.009 ^ d_rsp_valid (in)
   0.136    2.145 ^ input35/X (sky130_fd_sc_hd__clkbuf_2)
   0.111    2.256 ^ wire3049/X (sky130_fd_sc_hd__buf_12)
   0.156    2.412 ^ fanout3048/X (sky130_fd_sc_hd__buf_6)
   0.170    2.582 ^ fanout3047/X (sky130_fd_sc_hd__buf_4)
   0.183    2.765 ^ fanout3046/X (sky130_fd_sc_hd__clkbuf_4)
   0.060    2.824 v _14918_/Y (sky130_fd_sc_hd__nor2_4)
   0.231    3.055 ^ _14925_/Y (sky130_fd_sc_hd__o31ai_4)
   0.115    3.171 ^ wire856/X (sky130_fd_sc_hd__buf_6)
   0.060    3.230 v _14932_/Y (sky130_fd_sc_hd__o2111ai_4)
   0.107    3.337 v wire645/X (sky130_fd_sc_hd__buf_6)
   0.075    3.413 v rebuffer3082/X (sky130_fd_sc_hd__buf_6)
   0.186    3.598 ^ _14933_/Y (sky130_fd_sc_hd__nor3_4)
   0.102    3.700 ^ wire436/X (sky130_fd_sc_hd__buf_6)
   0.091    3.791 ^ output109/X (sky130_fd_sc_hd__buf_8)
   0.001    3.792 ^ d_req_valid (out)
            3.792   data arrival time

  10.000   10.000   clock clk (rise edge)
   0.000   10.000   clock network delay (propagated)
  -0.250    9.750   clock uncertainty
   0.000    9.750   clock reconvergence pessimism
  -2.000    7.750   output external delay
            7.750   data required time
-----------------------------------------------------------
            7.750   data required time
           -3.792   data arrival time
-----------------------------------------------------------
            3.958   slack (MET)


NAMED-PATH-END
NAMED-PATH-BEGIN d_rsp_error_to_d_req_valid
Startpoint: d_rsp_error (input port clocked by clk)
Endpoint: d_req_valid (output port clocked by clk)
Path Group: clk
Path Type: max

   Delay     Time   Description
-----------------------------------------------------------
   0.000    0.000   clock clk (rise edge)
   0.000    0.000   clock network delay (propagated)
   2.000    2.000 v input external delay
   0.004    2.004 v d_rsp_error (in)
   0.046    2.050 v hold3947/X (sky130_fd_sc_hd__clkbuf_1)
   0.105    2.154 v input2/X (sky130_fd_sc_hd__buf_2)
   0.133    2.287 v hold3948/X (sky130_fd_sc_hd__clkbuf_1)
   0.159    2.446 v _14922_/Y (sky130_fd_sc_hd__nand2b_2)
   0.138    2.583 v _14923_/X (sky130_fd_sc_hd__o211a_2)
   0.208    2.791 ^ _14925_/Y (sky130_fd_sc_hd__o31ai_4)
   0.115    2.907 ^ wire856/X (sky130_fd_sc_hd__buf_6)
   0.060    2.967 v _14932_/Y (sky130_fd_sc_hd__o2111ai_4)
   0.107    3.074 v wire645/X (sky130_fd_sc_hd__buf_6)
   0.075    3.149 v rebuffer3082/X (sky130_fd_sc_hd__buf_6)
   0.186    3.334 ^ _14933_/Y (sky130_fd_sc_hd__nor3_4)
   0.102    3.436 ^ wire436/X (sky130_fd_sc_hd__buf_6)
   0.091    3.527 ^ output109/X (sky130_fd_sc_hd__buf_8)
   0.001    3.528 ^ d_req_valid (out)
            3.528   data arrival time

  10.000   10.000   clock clk (rise edge)
   0.000   10.000   clock network delay (propagated)
  -0.250    9.750   clock uncertainty
   0.000    9.750   clock reconvergence pessimism
  -2.000    7.750   output external delay
            7.750   data required time
-----------------------------------------------------------
            7.750   data required time
           -3.528   data arrival time
-----------------------------------------------------------
            4.222   slack (MET)


NAMED-PATH-END
