NAMED-PATH-BEGIN d_rsp_valid_to_d_req_valid
Startpoint: d_rsp_valid (input port clocked by clk)
Endpoint: d_req_valid (output port clocked by clk)
Path Group: clk
Path Type: max

   Delay     Time   Description
-----------------------------------------------------------
   0.000    0.000   clock clk (rise edge)
   0.000    0.000   clock network delay (propagated)
   2.000    2.000 ^ input external delay
   0.020    2.020 ^ d_rsp_valid (in)
   0.336    2.356 ^ input35/X (sky130_fd_sc_hd__clkbuf_2)
   0.335    2.690 ^ wire3049/X (sky130_fd_sc_hd__buf_12)
   0.409    3.099 ^ fanout3048/X (sky130_fd_sc_hd__buf_6)
   0.494    3.593 ^ fanout3047/X (sky130_fd_sc_hd__buf_4)
   0.496    4.089 ^ fanout3046/X (sky130_fd_sc_hd__clkbuf_4)
   0.200    4.290 v _14918_/Y (sky130_fd_sc_hd__nor2_4)
   0.554    4.844 ^ _14925_/Y (sky130_fd_sc_hd__o31ai_4)
   0.405    5.249 ^ wire856/X (sky130_fd_sc_hd__buf_6)
   0.283    5.532 v _14932_/Y (sky130_fd_sc_hd__o2111ai_4)
   0.328    5.860 v wire645/X (sky130_fd_sc_hd__buf_6)
   0.212    6.072 v rebuffer3082/X (sky130_fd_sc_hd__buf_6)
   0.480    6.552 ^ _14933_/Y (sky130_fd_sc_hd__nor3_4)
   0.370    6.922 ^ wire436/X (sky130_fd_sc_hd__buf_6)
   0.241    7.163 ^ output109/X (sky130_fd_sc_hd__buf_8)
   0.002    7.165 ^ d_req_valid (out)
            7.165   data arrival time

  10.000   10.000   clock clk (rise edge)
   0.000   10.000   clock network delay (propagated)
  -0.250    9.750   clock uncertainty
   0.000    9.750   clock reconvergence pessimism
  -2.000    7.750   output external delay
            7.750   data required time
-----------------------------------------------------------
            7.750   data required time
           -7.165   data arrival time
-----------------------------------------------------------
            0.585   slack (MET)


NAMED-PATH-END
NAMED-PATH-BEGIN d_rsp_error_to_d_req_valid
Startpoint: d_rsp_error (input port clocked by clk)
Endpoint: d_req_valid (output port clocked by clk)
Path Group: clk
Path Type: max

   Delay     Time   Description
-----------------------------------------------------------
   0.000    0.000   clock clk (rise edge)
   0.000    0.000   clock network delay (propagated)
   2.000    2.000 v input external delay
   0.015    2.015 v d_rsp_error (in)
   0.136    2.152 v hold3947/X (sky130_fd_sc_hd__clkbuf_1)
   0.318    2.470 v input2/X (sky130_fd_sc_hd__buf_2)
   0.394    2.864 v hold3948/X (sky130_fd_sc_hd__clkbuf_1)
   0.544    3.409 v _14922_/Y (sky130_fd_sc_hd__nand2b_2)
   0.416    3.825 v _14923_/X (sky130_fd_sc_hd__o211a_2)
   0.516    4.340 ^ _14925_/Y (sky130_fd_sc_hd__o31ai_4)
   0.405    4.745 ^ wire856/X (sky130_fd_sc_hd__buf_6)
   0.283    5.029 v _14932_/Y (sky130_fd_sc_hd__o2111ai_4)
   0.328    5.357 v wire645/X (sky130_fd_sc_hd__buf_6)
   0.212    5.569 v rebuffer3082/X (sky130_fd_sc_hd__buf_6)
   0.480    6.049 ^ _14933_/Y (sky130_fd_sc_hd__nor3_4)
   0.370    6.419 ^ wire436/X (sky130_fd_sc_hd__buf_6)
   0.241    6.660 ^ output109/X (sky130_fd_sc_hd__buf_8)
   0.002    6.662 ^ d_req_valid (out)
            6.662   data arrival time

  10.000   10.000   clock clk (rise edge)
   0.000   10.000   clock network delay (propagated)
  -0.250    9.750   clock uncertainty
   0.000    9.750   clock reconvergence pessimism
  -2.000    7.750   output external delay
            7.750   data required time
-----------------------------------------------------------
            7.750   data required time
           -6.662   data arrival time
-----------------------------------------------------------
            1.088   slack (MET)


NAMED-PATH-END
