NAMED-PATH-BEGIN d_rsp_valid_to_d_req_valid
Startpoint: d_rsp_valid (input port clocked by clk)
Endpoint: d_req_valid (output port clocked by clk)
Path Group: clk
Path Type: max

   Delay     Time   Description
-----------------------------------------------------------
   0.000    0.000   clock clk (rise edge)
   0.000    0.000   clock network delay (propagated)
   2.000    2.000 ^ input external delay
   0.008    2.008 ^ d_rsp_valid (in)
   0.150    2.158 ^ input35/X (sky130_fd_sc_hd__clkbuf_1)
   0.122    2.280 ^ wire2987/X (sky130_fd_sc_hd__buf_12)
   0.131    2.411 ^ fanout2985/X (sky130_fd_sc_hd__clkbuf_2)
   0.201    2.612 v _07785_/X (sky130_fd_sc_hd__and4bb_2)
   0.140    2.752 v fanout1557/X (sky130_fd_sc_hd__clkbuf_4)
   0.416    3.168 v fanout1555/X (sky130_fd_sc_hd__dlygate4sd3_1)
   0.114    3.282 v load_slew1556/X (sky130_fd_sc_hd__buf_6)
   0.108    3.391 ^ _07788_/Y (sky130_fd_sc_hd__nand2_4)
   0.131    3.521 ^ _07795_/X (sky130_fd_sc_hd__and3_4)
   0.167    3.689 ^ fanout535/X (sky130_fd_sc_hd__buf_4)
   0.265    3.954 ^ _07796_/X (sky130_fd_sc_hd__and4_2)
   0.310    4.265 ^ output109/X (sky130_fd_sc_hd__dlymetal6s4s_1)
   0.001    4.265 ^ d_req_valid (out)
            4.265   data arrival time

  10.000   10.000   clock clk (rise edge)
   0.000   10.000   clock network delay (propagated)
  -0.250    9.750   clock uncertainty
   0.000    9.750   clock reconvergence pessimism
  -2.000    7.750   output external delay
            7.750   data required time
-----------------------------------------------------------
            7.750   data required time
           -4.265   data arrival time
-----------------------------------------------------------
            3.485   slack (MET)


NAMED-PATH-END
NAMED-PATH-BEGIN d_rsp_error_to_d_req_valid
Startpoint: d_rsp_error (input port clocked by clk)
Endpoint: d_req_valid (output port clocked by clk)
Path Group: clk
Path Type: max

   Delay     Time   Description
-----------------------------------------------------------
   0.000    0.000   clock clk (rise edge)
   0.000    0.000   clock network delay (propagated)
   2.000    2.000 v input external delay
   0.003    2.003 v d_rsp_error (in)
   0.083    2.086 v input2/X (sky130_fd_sc_hd__clkbuf_1)
   0.122    2.208 v wire2993/X (sky130_fd_sc_hd__buf_4)
   0.120    2.328 v _07792_/Y (sky130_fd_sc_hd__nand2b_2)
   0.134    2.462 v _07793_/X (sky130_fd_sc_hd__o211a_2)
   0.213    2.675 ^ _07794_/Y (sky130_fd_sc_hd__o21ai_2)
   0.475    3.150 ^ fanout727/X (sky130_fd_sc_hd__dlymetal6s4s_1)
   0.159    3.309 ^ _07795_/X (sky130_fd_sc_hd__and3_4)
   0.167    3.477 ^ fanout535/X (sky130_fd_sc_hd__buf_4)
   0.265    3.742 ^ _07796_/X (sky130_fd_sc_hd__and4_2)
   0.310    4.052 ^ output109/X (sky130_fd_sc_hd__dlymetal6s4s_1)
   0.001    4.053 ^ d_req_valid (out)
            4.053   data arrival time

  10.000   10.000   clock clk (rise edge)
   0.000   10.000   clock network delay (propagated)
  -0.250    9.750   clock uncertainty
   0.000    9.750   clock reconvergence pessimism
  -2.000    7.750   output external delay
            7.750   data required time
-----------------------------------------------------------
            7.750   data required time
           -4.053   data arrival time
-----------------------------------------------------------
            3.697   slack (MET)


NAMED-PATH-END
