NAMED-PATH-BEGIN d_rsp_valid_to_d_req_valid
Startpoint: d_rsp_valid (input port clocked by clk)
Endpoint: d_req_valid (output port clocked by clk)
Path Group: clk
Path Type: max

   Delay     Time   Description
-----------------------------------------------------------
   0.000    0.000   clock clk (rise edge)
   0.000    0.000   clock network delay (propagated)
   2.000    2.000 ^ input external delay
   0.013    2.013 ^ d_rsp_valid (in)
   0.288    2.302 ^ input35/X (sky130_fd_sc_hd__clkbuf_2)
   0.318    2.620 ^ fanout2898/X (sky130_fd_sc_hd__clkbuf_2)
   0.300    2.920 ^ fanout2897/X (sky130_fd_sc_hd__clkbuf_2)
   0.300    3.220 v _07762_/X (sky130_fd_sc_hd__and4bb_2)
   0.206    3.426 v fanout1480/X (sky130_fd_sc_hd__clkbuf_4)
   0.256    3.683 v fanout1479/X (sky130_fd_sc_hd__clkbuf_2)
   0.214    3.896 ^ _07765_/Y (sky130_fd_sc_hd__nand2_4)
   0.227    4.123 ^ _07770_/X (sky130_fd_sc_hd__and3_4)
   0.196    4.320 ^ fanout556/X (sky130_fd_sc_hd__buf_6)
   0.388    4.708 ^ _07771_/X (sky130_fd_sc_hd__and4_2)
   0.453    5.161 ^ output109/X (sky130_fd_sc_hd__dlymetal6s4s_1)
   0.001    5.162 ^ d_req_valid (out)
            5.162   data arrival time

  10.000   10.000   clock clk (rise edge)
   0.000   10.000   clock network delay (propagated)
  -0.250    9.750   clock uncertainty
   0.000    9.750   clock reconvergence pessimism
  -2.000    7.750   output external delay
            7.750   data required time
-----------------------------------------------------------
            7.750   data required time
           -5.162   data arrival time
-----------------------------------------------------------
            2.588   slack (MET)


NAMED-PATH-END
NAMED-PATH-BEGIN d_rsp_error_to_d_req_valid
Startpoint: d_rsp_error (input port clocked by clk)
Endpoint: d_req_valid (output port clocked by clk)
Path Group: clk
Path Type: max

   Delay     Time   Description
-----------------------------------------------------------
   0.000    0.000   clock clk (rise edge)
   0.000    0.000   clock network delay (propagated)
   2.000    2.000 v input external delay
   0.006    2.006 v d_rsp_error (in)
   0.151    2.157 v input2/X (sky130_fd_sc_hd__clkbuf_1)
   0.172    2.329 v wire2899/X (sky130_fd_sc_hd__buf_6)
   0.204    2.533 v _07756_/Y (sky130_fd_sc_hd__nand2b_2)
   0.166    2.699 v _07757_/X (sky130_fd_sc_hd__o211a_2)
   0.276    2.974 ^ _07760_/Y (sky130_fd_sc_hd__o21ai_4)
   0.269    3.243 ^ fanout751/X (sky130_fd_sc_hd__clkbuf_2)
   0.158    3.401 ^ load_slew753/X (sky130_fd_sc_hd__buf_6)
   0.202    3.603 ^ _07770_/X (sky130_fd_sc_hd__and3_4)
   0.196    3.799 ^ fanout556/X (sky130_fd_sc_hd__buf_6)
   0.388    4.187 ^ _07771_/X (sky130_fd_sc_hd__and4_2)
   0.453    4.640 ^ output109/X (sky130_fd_sc_hd__dlymetal6s4s_1)
   0.001    4.641 ^ d_req_valid (out)
            4.641   data arrival time

  10.000   10.000   clock clk (rise edge)
   0.000   10.000   clock network delay (propagated)
  -0.250    9.750   clock uncertainty
   0.000    9.750   clock reconvergence pessimism
  -2.000    7.750   output external delay
            7.750   data required time
-----------------------------------------------------------
            7.750   data required time
           -4.641   data arrival time
-----------------------------------------------------------
            3.109   slack (MET)


NAMED-PATH-END
