NAMED-PATH-BEGIN d_rsp_valid_to_d_req_valid
Startpoint: d_rsp_valid (input port clocked by clk)
Endpoint: d_req_valid (output port clocked by clk)
Path Group: clk
Path Type: max

   Delay     Time   Description
-----------------------------------------------------------
   0.000    0.000   clock clk (rise edge)
   0.000    0.000   clock network delay (propagated)
   2.000    2.000 ^ input external delay
   0.018    2.018 ^ d_rsp_valid (in)
   0.433    2.451 ^ input35/X (sky130_fd_sc_hd__buf_2)
   0.536    2.987 ^ fanout3416/X (sky130_fd_sc_hd__buf_2)
   0.358    3.345 ^ _17154_/Y (sky130_fd_sc_hd__nand2b_2)
   0.400    3.745 ^ fanout1754/X (sky130_fd_sc_hd__clkbuf_4)
   0.674    4.419 v _17159_/X (sky130_fd_sc_hd__and4bb_4)
   0.370    4.789 v fanout1292/X (sky130_fd_sc_hd__buf_6)
   1.262    6.051 v _17161_/X (sky130_fd_sc_hd__or4b_4)
   0.320    6.371 v rebuffer3423/X (sky130_fd_sc_hd__buf_6)
   0.458    6.829 ^ _17162_/Y (sky130_fd_sc_hd__nor3_4)
   0.346    7.174 ^ wire429/X (sky130_fd_sc_hd__buf_6)
   0.383    7.557 ^ output109/X (sky130_fd_sc_hd__buf_2)
   0.001    7.558 ^ d_req_valid (out)
            7.558   data arrival time

  10.000   10.000   clock clk (rise edge)
   0.000   10.000   clock network delay (propagated)
  -0.250    9.750   clock uncertainty
   0.000    9.750   clock reconvergence pessimism
  -2.000    7.750   output external delay
            7.750   data required time
-----------------------------------------------------------
            7.750   data required time
           -7.558   data arrival time
-----------------------------------------------------------
            0.192   slack (MET)


NAMED-PATH-END
NAMED-PATH-BEGIN d_rsp_error_to_d_req_valid
Startpoint: d_rsp_error (input port clocked by clk)
Endpoint: d_req_valid (output port clocked by clk)
Path Group: clk
Path Type: max

   Delay     Time   Description
-----------------------------------------------------------
   0.000    0.000   clock clk (rise edge)
   0.000    0.000   clock network delay (propagated)
   2.000    2.000 v input external delay
   0.013    2.013 v d_rsp_error (in)
   0.349    2.362 v input2/X (sky130_fd_sc_hd__buf_2)
   0.457    2.818 v _17149_/Y (sky130_fd_sc_hd__nand2b_2)
   0.261    3.079 v _17150_/X (sky130_fd_sc_hd__o211a_2)
   0.623    3.703 v _17152_/X (sky130_fd_sc_hd__o21a_2)
   1.374    5.077 v _17161_/X (sky130_fd_sc_hd__or4b_4)
   0.320    5.396 v rebuffer3423/X (sky130_fd_sc_hd__buf_6)
   0.458    5.854 ^ _17162_/Y (sky130_fd_sc_hd__nor3_4)
   0.346    6.199 ^ wire429/X (sky130_fd_sc_hd__buf_6)
   0.383    6.583 ^ output109/X (sky130_fd_sc_hd__buf_2)
   0.001    6.584 ^ d_req_valid (out)
            6.584   data arrival time

  10.000   10.000   clock clk (rise edge)
   0.000   10.000   clock network delay (propagated)
  -0.250    9.750   clock uncertainty
   0.000    9.750   clock reconvergence pessimism
  -2.000    7.750   output external delay
            7.750   data required time
-----------------------------------------------------------
            7.750   data required time
           -6.584   data arrival time
-----------------------------------------------------------
            1.166   slack (MET)


NAMED-PATH-END
