NAMED-PATH-BEGIN d_rsp_valid_to_d_req_valid
Startpoint: d_rsp_valid (input port clocked by clk)
Endpoint: d_req_valid (output port clocked by clk)
Path Group: clk
Path Type: max

   Delay     Time   Description
-----------------------------------------------------------
   0.000    0.000   clock clk (rise edge)
   0.000    0.000   clock network delay (propagated)
   2.000    2.000 ^ input external delay
   0.021    2.021 ^ d_rsp_valid (in)
   0.470    2.491 ^ input35/X (sky130_fd_sc_hd__buf_1)
   0.713    3.204 ^ _07842_/Y (sky130_fd_sc_hd__nand2b_2)
   0.571    3.775 ^ fanout1245/X (sky130_fd_sc_hd__clkbuf_2)
   0.555    4.330 v _07846_/X (sky130_fd_sc_hd__and4bb_4)
   0.477    4.807 v fanout1139/X (sky130_fd_sc_hd__clkbuf_4)
   0.422    5.229 ^ _07848_/Y (sky130_fd_sc_hd__a221oi_2)
   0.473    5.702 v _07849_/Y (sky130_fd_sc_hd__nand4_2)
   1.067    6.768 ^ _07850_/X (sky130_fd_sc_hd__and4b_2)
   0.291    7.059 ^ output109/X (sky130_fd_sc_hd__clkbuf_1)
   0.354    7.413 ^ wire327/X (sky130_fd_sc_hd__clkbuf_4)
   0.002    7.415 ^ d_req_valid (out)
            7.415   data arrival time

  10.000   10.000   clock clk (rise edge)
   0.000   10.000   clock network delay (propagated)
  -0.250    9.750   clock uncertainty
   0.000    9.750   clock reconvergence pessimism
  -2.000    7.750   output external delay
            7.750   data required time
-----------------------------------------------------------
            7.750   data required time
           -7.415   data arrival time
-----------------------------------------------------------
            0.335   slack (MET)


NAMED-PATH-END
NAMED-PATH-BEGIN d_rsp_error_to_d_req_valid
Startpoint: d_rsp_error (input port clocked by clk)
Endpoint: d_req_valid (output port clocked by clk)
Path Group: clk
Path Type: max

   Delay     Time   Description
-----------------------------------------------------------
   0.000    0.000   clock clk (rise edge)
   0.000    0.000   clock network delay (propagated)
   2.000    2.000 v input external delay
   0.011    2.011 v d_rsp_error (in)
   0.482    2.493 v input2/X (sky130_fd_sc_hd__buf_1)
   0.653    3.146 v _07832_/Y (sky130_fd_sc_hd__nand2b_2)
   0.329    3.475 v _07833_/X (sky130_fd_sc_hd__o211a_2)
   0.420    3.895 ^ _07835_/Y (sky130_fd_sc_hd__o21ai_4)
   0.400    4.295 ^ wire738/X (sky130_fd_sc_hd__buf_6)
   0.437    4.732 v _07849_/Y (sky130_fd_sc_hd__nand4_2)
   1.067    5.799 ^ _07850_/X (sky130_fd_sc_hd__and4b_2)
   0.291    6.090 ^ output109/X (sky130_fd_sc_hd__clkbuf_1)
   0.354    6.443 ^ wire327/X (sky130_fd_sc_hd__clkbuf_4)
   0.002    6.445 ^ d_req_valid (out)
            6.445   data arrival time

  10.000   10.000   clock clk (rise edge)
   0.000   10.000   clock network delay (propagated)
  -0.250    9.750   clock uncertainty
   0.000    9.750   clock reconvergence pessimism
  -2.000    7.750   output external delay
            7.750   data required time
-----------------------------------------------------------
            7.750   data required time
           -6.445   data arrival time
-----------------------------------------------------------
            1.305   slack (MET)


NAMED-PATH-END
