NAMED-PATH-BEGIN d_rsp_valid_to_d_req_valid
Startpoint: d_rsp_valid (input port clocked by clk)
Endpoint: d_req_valid (output port clocked by clk)
Path Group: clk
Path Type: max

   Delay     Time   Description
-----------------------------------------------------------
   0.000    0.000   clock clk (rise edge)
   0.000    0.000   clock network delay (propagated)
   2.000    2.000 ^ input external delay
   0.016    2.016 ^ d_rsp_valid (in)
   0.168    2.184 ^ input35/X (sky130_fd_sc_hd__clkbuf_2)
   0.194    2.378 ^ wire2954/X (sky130_fd_sc_hd__buf_8)
   0.235    2.613 ^ _07986_/Y (sky130_fd_sc_hd__nand2b_4)
   0.276    2.889 v _07989_/X (sky130_fd_sc_hd__and4bb_4)
   0.153    3.042 v load_slew1341/X (sky130_fd_sc_hd__buf_8)
   0.175    3.217 v fanout1339/X (sky130_fd_sc_hd__buf_4)
   0.279    3.496 ^ _07990_/Y (sky130_fd_sc_hd__nor3b_4)
   0.131    3.627 v _07992_/Y (sky130_fd_sc_hd__nand3_2)
   0.286    3.912 ^ _07993_/Y (sky130_fd_sc_hd__nor3_4)
   0.195    4.107 ^ wire243/X (sky130_fd_sc_hd__buf_6)
   0.146    4.253 ^ output109/X (sky130_fd_sc_hd__buf_6)
   0.002    4.255 ^ d_req_valid (out)
            4.255   data arrival time

  10.000   10.000   clock clk (rise edge)
   0.000   10.000   clock network delay (propagated)
  -0.250    9.750   clock uncertainty
   0.000    9.750   clock reconvergence pessimism
  -2.000    7.750   output external delay
            7.750   data required time
-----------------------------------------------------------
            7.750   data required time
           -4.255   data arrival time
-----------------------------------------------------------
            3.495   slack (MET)


NAMED-PATH-END
NAMED-PATH-BEGIN d_rsp_error_to_d_req_valid
Startpoint: d_rsp_error (input port clocked by clk)
Endpoint: d_req_valid (output port clocked by clk)
Path Group: clk
Path Type: max

   Delay     Time   Description
-----------------------------------------------------------
   0.000    0.000   clock clk (rise edge)
   0.000    0.000   clock network delay (propagated)
   2.000    2.000 v input external delay
   0.005    2.005 v d_rsp_error (in)
   0.192    2.197 v input2/X (sky130_fd_sc_hd__buf_2)
   0.258    2.455 v _07977_/Y (sky130_fd_sc_hd__nand2b_2)
   0.151    2.606 v _07978_/X (sky130_fd_sc_hd__o211a_2)
   0.289    2.895 ^ _07980_/Y (sky130_fd_sc_hd__o21ai_2)
   0.203    3.099 ^ load_slew732/X (sky130_fd_sc_hd__buf_6)
   0.106    3.205 v _07992_/Y (sky130_fd_sc_hd__nand3_2)
   0.286    3.490 ^ _07993_/Y (sky130_fd_sc_hd__nor3_4)
   0.195    3.685 ^ wire243/X (sky130_fd_sc_hd__buf_6)
   0.146    3.831 ^ output109/X (sky130_fd_sc_hd__buf_6)
   0.002    3.833 ^ d_req_valid (out)
            3.833   data arrival time

  10.000   10.000   clock clk (rise edge)
   0.000   10.000   clock network delay (propagated)
  -0.250    9.750   clock uncertainty
   0.000    9.750   clock reconvergence pessimism
  -2.000    7.750   output external delay
            7.750   data required time
-----------------------------------------------------------
            7.750   data required time
           -3.833   data arrival time
-----------------------------------------------------------
            3.917   slack (MET)


NAMED-PATH-END
