NAMED-PATH-BEGIN d_rsp_valid_to_d_req_valid
Startpoint: d_rsp_valid (input port clocked by clk)
Endpoint: d_req_valid (output port clocked by clk)
Path Group: clk
Path Type: max

   Delay     Time   Description
-----------------------------------------------------------
   0.000    0.000   clock clk (rise edge)
   0.000    0.000   clock network delay (propagated)
   2.000    2.000 ^ input external delay
   0.042    2.042 ^ d_rsp_valid (in)
   0.244    2.285 ^ hold3774/X (sky130_fd_sc_hd__clkbuf_1)
   0.309    2.594 ^ input35/X (sky130_fd_sc_hd__clkbuf_2)
   0.429    3.023 ^ hold3775/X (sky130_fd_sc_hd__clkbuf_1)
   0.389    3.412 ^ wire2877/X (sky130_fd_sc_hd__buf_12)
   0.142    3.554 v _14250_/Y (sky130_fd_sc_hd__nor2_4)
   0.233    3.788 v fanout1286/X (sky130_fd_sc_hd__buf_12)
   0.242    4.029 v fanout1285/X (sky130_fd_sc_hd__buf_12)
   0.274    4.304 v fanout1284/X (sky130_fd_sc_hd__buf_12)
   0.491    4.795 ^ _14254_/Y (sky130_fd_sc_hd__o31ai_4)
   0.311    5.105 v _14259_/Y (sky130_fd_sc_hd__o211ai_4)
   0.265    5.371 v rebuffer3123/X (sky130_fd_sc_hd__buf_6)
   0.857    6.228 ^ _14261_/X (sky130_fd_sc_hd__and4bb_4)
   0.307    6.535 ^ output109/X (sky130_fd_sc_hd__buf_8)
   0.001    6.536 ^ d_req_valid (out)
            6.536   data arrival time

  10.000   10.000   clock clk (rise edge)
   0.000   10.000   clock network delay (propagated)
  -0.250    9.750   clock uncertainty
   0.000    9.750   clock reconvergence pessimism
  -2.000    7.750   output external delay
            7.750   data required time
-----------------------------------------------------------
            7.750   data required time
           -6.536   data arrival time
-----------------------------------------------------------
            1.214   slack (MET)


NAMED-PATH-END
NAMED-PATH-BEGIN d_rsp_error_to_d_req_valid
Startpoint: d_rsp_error (input port clocked by clk)
Endpoint: d_req_valid (output port clocked by clk)
Path Group: clk
Path Type: max

   Delay     Time   Description
-----------------------------------------------------------
   0.000    0.000   clock clk (rise edge)
   0.000    0.000   clock network delay (propagated)
   2.000    2.000 v input external delay
   0.026    2.026 v d_rsp_error (in)
   0.181    2.206 v hold3690/X (sky130_fd_sc_hd__clkbuf_1)
   0.310    2.516 v input2/X (sky130_fd_sc_hd__buf_2)
   0.295    2.811 v hold3691/X (sky130_fd_sc_hd__clkbuf_1)
   0.475    3.287 v _14245_/Y (sky130_fd_sc_hd__nand2b_2)
   0.367    3.653 v _14246_/X (sky130_fd_sc_hd__o211a_2)
   0.610    4.263 ^ _14254_/Y (sky130_fd_sc_hd__o31ai_4)
   0.311    4.574 v _14259_/Y (sky130_fd_sc_hd__o211ai_4)
   0.265    4.839 v rebuffer3123/X (sky130_fd_sc_hd__buf_6)
   0.857    5.697 ^ _14261_/X (sky130_fd_sc_hd__and4bb_4)
   0.307    6.003 ^ output109/X (sky130_fd_sc_hd__buf_8)
   0.001    6.004 ^ d_req_valid (out)
            6.004   data arrival time

  10.000   10.000   clock clk (rise edge)
   0.000   10.000   clock network delay (propagated)
  -0.250    9.750   clock uncertainty
   0.000    9.750   clock reconvergence pessimism
  -2.000    7.750   output external delay
            7.750   data required time
-----------------------------------------------------------
            7.750   data required time
           -6.004   data arrival time
-----------------------------------------------------------
            1.746   slack (MET)


NAMED-PATH-END
