NAMED-PATH-BEGIN d_rsp_valid_to_d_req_valid
Startpoint: d_rsp_valid (input port clocked by clk)
Endpoint: d_req_valid (output port clocked by clk)
Path Group: clk
Path Type: max

   Delay     Time   Description
-----------------------------------------------------------
   0.000    0.000   clock clk (rise edge)
   0.000    0.000   clock network delay (propagated)
   2.500    2.500 ^ input external delay
   0.012    2.512 ^ d_rsp_valid (in)
   0.213    2.725 ^ input35/X (sky130_fd_sc_hd__buf_2)
   0.190    2.915 ^ wire2908/X (sky130_fd_sc_hd__buf_12)
   0.111    3.026 v _14250_/Y (sky130_fd_sc_hd__nor2_1)
   0.215    3.241 v fanout1287/X (sky130_fd_sc_hd__buf_2)
   0.229    3.470 v fanout1285/X (sky130_fd_sc_hd__buf_2)
   0.252    3.722 v fanout1284/X (sky130_fd_sc_hd__clkbuf_4)
   0.294    4.016 ^ _14254_/Y (sky130_fd_sc_hd__o31ai_4)
   0.166    4.182 ^ max_cap771/X (sky130_fd_sc_hd__buf_6)
   0.106    4.288 v _14259_/Y (sky130_fd_sc_hd__o211ai_4)
   0.461    4.749 ^ _14261_/X (sky130_fd_sc_hd__and4bb_2)
   0.266    5.015 ^ output109/X (sky130_fd_sc_hd__buf_2)
   0.002    5.017 ^ d_req_valid (out)
            5.017   data arrival time

  12.500   12.500   clock clk (rise edge)
   0.000   12.500   clock network delay (propagated)
  -0.250   12.250   clock uncertainty
   0.000   12.250   clock reconvergence pessimism
  -2.500    9.750   output external delay
            9.750   data required time
-----------------------------------------------------------
            9.750   data required time
           -5.017   data arrival time
-----------------------------------------------------------
            4.733   slack (MET)


NAMED-PATH-END
NAMED-PATH-BEGIN d_rsp_error_to_d_req_valid
Startpoint: d_rsp_error (input port clocked by clk)
Endpoint: d_req_valid (output port clocked by clk)
Path Group: clk
Path Type: max

   Delay     Time   Description
-----------------------------------------------------------
   0.000    0.000   clock clk (rise edge)
   0.000    0.000   clock network delay (propagated)
   2.500    2.500 v input external delay
   0.009    2.509 v d_rsp_error (in)
   0.079    2.588 v hold3276/X (sky130_fd_sc_hd__clkbuf_1)
   0.150    2.738 v input2/X (sky130_fd_sc_hd__buf_2)
   0.157    2.895 v hold3277/X (sky130_fd_sc_hd__clkbuf_1)
   0.238    3.133 v _14245_/Y (sky130_fd_sc_hd__nand2b_2)
   0.185    3.317 v _14246_/X (sky130_fd_sc_hd__o211a_2)
   0.235    3.553 ^ _14254_/Y (sky130_fd_sc_hd__o31ai_4)
   0.166    3.718 ^ max_cap771/X (sky130_fd_sc_hd__buf_6)
   0.106    3.825 v _14259_/Y (sky130_fd_sc_hd__o211ai_4)
   0.461    4.286 ^ _14261_/X (sky130_fd_sc_hd__and4bb_2)
   0.266    4.552 ^ output109/X (sky130_fd_sc_hd__buf_2)
   0.002    4.554 ^ d_req_valid (out)
            4.554   data arrival time

  12.500   12.500   clock clk (rise edge)
   0.000   12.500   clock network delay (propagated)
  -0.250   12.250   clock uncertainty
   0.000   12.250   clock reconvergence pessimism
  -2.500    9.750   output external delay
            9.750   data required time
-----------------------------------------------------------
            9.750   data required time
           -4.554   data arrival time
-----------------------------------------------------------
            5.196   slack (MET)


NAMED-PATH-END
