NAMED-PATH-BEGIN d_rsp_valid_to_d_req_valid
Startpoint: d_rsp_valid (input port clocked by clk)
Endpoint: d_req_valid (output port clocked by clk)
Path Group: clk
Path Type: max

   Delay     Time   Description
-----------------------------------------------------------
   0.000    0.000   clock clk (rise edge)
   0.000    0.000   clock network delay (propagated)
   2.000    2.000 ^ input external delay
   0.025    2.025 ^ d_rsp_valid (in)
   0.346    2.371 ^ input35/X (sky130_fd_sc_hd__buf_1)
   0.714    3.085 ^ fanout2841/X (sky130_fd_sc_hd__buf_1)
   0.905    3.990 ^ _08354_/X (sky130_fd_sc_hd__or3b_4)
   1.242    5.232 v _08357_/X (sky130_fd_sc_hd__or4bb_4)
   0.877    6.109 ^ _08358_/X (sky130_fd_sc_hd__and4b_2)
   0.248    6.357 ^ output109/X (sky130_fd_sc_hd__clkbuf_1)
   0.349    6.706 ^ wire420/X (sky130_fd_sc_hd__clkbuf_4)
   0.002    6.708 ^ d_req_valid (out)
            6.708   data arrival time

  10.000   10.000   clock clk (rise edge)
   0.000   10.000   clock network delay (propagated)
  -0.250    9.750   clock uncertainty
   0.000    9.750   clock reconvergence pessimism
  -2.000    7.750   output external delay
            7.750   data required time
-----------------------------------------------------------
            7.750   data required time
           -6.708   data arrival time
-----------------------------------------------------------
            1.042   slack (MET)


NAMED-PATH-END
NAMED-PATH-BEGIN d_rsp_error_to_d_req_valid
Startpoint: d_rsp_error (input port clocked by clk)
Endpoint: d_req_valid (output port clocked by clk)
Path Group: clk
Path Type: max

   Delay     Time   Description
-----------------------------------------------------------
   0.000    0.000   clock clk (rise edge)
   0.000    0.000   clock network delay (propagated)
   2.000    2.000 v input external delay
   0.019    2.019 v d_rsp_error (in)
   0.236    2.255 v input2/X (sky130_fd_sc_hd__buf_1)
   0.477    2.732 v _08341_/Y (sky130_fd_sc_hd__nand2b_2)
   0.345    3.077 v _08342_/X (sky130_fd_sc_hd__o211a_2)
   1.157    4.234 ^ _08344_/Y (sky130_fd_sc_hd__o21ai_2)
   0.566    4.800 ^ fanout958/X (sky130_fd_sc_hd__buf_1)
   0.523    5.323 ^ load_slew960/X (sky130_fd_sc_hd__clkbuf_4)
   1.304    6.627 v _08357_/X (sky130_fd_sc_hd__or4bb_4)
   0.877    7.504 ^ _08358_/X (sky130_fd_sc_hd__and4b_2)
   0.248    7.752 ^ output109/X (sky130_fd_sc_hd__clkbuf_1)
   0.349    8.101 ^ wire420/X (sky130_fd_sc_hd__clkbuf_4)
   0.002    8.103 ^ d_req_valid (out)
            8.103   data arrival time

  10.000   10.000   clock clk (rise edge)
   0.000   10.000   clock network delay (propagated)
  -0.250    9.750   clock uncertainty
   0.000    9.750   clock reconvergence pessimism
  -2.000    7.750   output external delay
            7.750   data required time
-----------------------------------------------------------
            7.750   data required time
           -8.103   data arrival time
-----------------------------------------------------------
           -0.353   slack (VIOLATED)


NAMED-PATH-END
