NAMED-PATH-BEGIN d_rsp_valid_to_d_req_valid
Startpoint: d_rsp_valid (input port clocked by clk)
Endpoint: d_req_valid (output port clocked by clk)
Path Group: clk
Path Type: max

   Delay     Time   Description
-----------------------------------------------------------
   0.000    0.000   clock clk (rise edge)
   0.000    0.000   clock network delay (propagated)
   2.000    2.000 ^ input external delay
   0.020    2.020 ^ d_rsp_valid (in)
   0.208    2.228 ^ input35/X (sky130_fd_sc_hd__clkbuf_2)
   0.274    2.502 ^ wire2984/X (sky130_fd_sc_hd__buf_8)
   0.764    3.266 ^ fanout2982/X (sky130_fd_sc_hd__dlymetal6s4s_1)
   0.682    3.947 v _07762_/X (sky130_fd_sc_hd__and4bb_4)
   0.326    4.273 v load_slew1526/X (sky130_fd_sc_hd__buf_4)
   0.337    4.610 ^ _07765_/Y (sky130_fd_sc_hd__nand2_2)
   0.537    5.147 ^ _07770_/X (sky130_fd_sc_hd__and3_4)
   0.355    5.502 ^ fanout543/X (sky130_fd_sc_hd__buf_6)
   0.752    6.254 ^ _07771_/X (sky130_fd_sc_hd__and4_4)
   0.311    6.565 ^ output109/X (sky130_fd_sc_hd__buf_8)
   0.001    6.566 ^ d_req_valid (out)
            6.566   data arrival time

  10.000   10.000   clock clk (rise edge)
   0.000   10.000   clock network delay (propagated)
  -0.250    9.750   clock uncertainty
   0.000    9.750   clock reconvergence pessimism
  -2.000    7.750   output external delay
            7.750   data required time
-----------------------------------------------------------
            7.750   data required time
           -6.566   data arrival time
-----------------------------------------------------------
            1.184   slack (MET)


NAMED-PATH-END
NAMED-PATH-BEGIN d_rsp_error_to_d_req_valid
Startpoint: d_rsp_error (input port clocked by clk)
Endpoint: d_req_valid (output port clocked by clk)
Path Group: clk
Path Type: max

   Delay     Time   Description
-----------------------------------------------------------
   0.000    0.000   clock clk (rise edge)
   0.000    0.000   clock network delay (propagated)
   2.000    2.000 v input external delay
   0.011    2.011 v d_rsp_error (in)
   0.518    2.530 v input2/X (sky130_fd_sc_hd__clkbuf_2)
   0.655    3.185 v _07756_/Y (sky130_fd_sc_hd__nand2b_2)
   0.323    3.508 v _07757_/X (sky130_fd_sc_hd__o211a_2)
   0.639    4.147 ^ _07760_/Y (sky130_fd_sc_hd__o21ai_2)
   0.484    4.631 ^ load_slew748/X (sky130_fd_sc_hd__buf_6)
   0.466    5.097 ^ _07770_/X (sky130_fd_sc_hd__and3_4)
   0.355    5.452 ^ fanout543/X (sky130_fd_sc_hd__buf_6)
   0.752    6.204 ^ _07771_/X (sky130_fd_sc_hd__and4_4)
   0.311    6.515 ^ output109/X (sky130_fd_sc_hd__buf_8)
   0.001    6.516 ^ d_req_valid (out)
            6.516   data arrival time

  10.000   10.000   clock clk (rise edge)
   0.000   10.000   clock network delay (propagated)
  -0.250    9.750   clock uncertainty
   0.000    9.750   clock reconvergence pessimism
  -2.000    7.750   output external delay
            7.750   data required time
-----------------------------------------------------------
            7.750   data required time
           -6.516   data arrival time
-----------------------------------------------------------
            1.234   slack (MET)


NAMED-PATH-END
