NAMED-PATH-BEGIN d_rsp_valid_to_d_req_valid
Startpoint: d_rsp_valid (input port clocked by clk)
Endpoint: d_req_valid (output port clocked by clk)
Path Group: clk
Path Type: max

   Delay     Time   Description
-----------------------------------------------------------
   0.000    0.000   clock clk (rise edge)
   0.000    0.000   clock network delay (propagated)
   2.000    2.000 v input external delay
   0.011    2.011 v d_rsp_valid (in)
   0.231    2.242 v input35/X (sky130_fd_sc_hd__clkbuf_2)
   0.290    2.532 v wire1805/X (sky130_fd_sc_hd__buf_12)
   0.381    2.914 v fanout1804/X (sky130_fd_sc_hd__buf_2)
   1.019    3.932 v _07801_/X (sky130_fd_sc_hd__or3b_4)
   0.438    4.370 v _07810_/X (sky130_fd_sc_hd__and3_4)
   0.265    4.635 v rebuffer1901/X (sky130_fd_sc_hd__buf_6)
   0.537    5.172 v _07811_/X (sky130_fd_sc_hd__and3b_2)
   0.294    5.466 v output109/X (sky130_fd_sc_hd__buf_8)
   0.001    5.466 v d_req_valid (out)
            5.466   data arrival time

  10.000   10.000   clock clk (rise edge)
   0.000   10.000   clock network delay (propagated)
  -0.250    9.750   clock uncertainty
   0.000    9.750   clock reconvergence pessimism
  -2.000    7.750   output external delay
            7.750   data required time
-----------------------------------------------------------
            7.750   data required time
           -5.466   data arrival time
-----------------------------------------------------------
            2.284   slack (MET)


NAMED-PATH-END
NAMED-PATH-BEGIN d_rsp_error_to_d_req_valid
Startpoint: d_rsp_error (input port clocked by clk)
Endpoint: d_req_valid (output port clocked by clk)
Path Group: clk
Path Type: max

   Delay     Time   Description
-----------------------------------------------------------
   0.000    0.000   clock clk (rise edge)
   0.000    0.000   clock network delay (propagated)
   2.000    2.000 v input external delay
   0.009    2.009 v d_rsp_error (in)
   0.384    2.393 v input2/X (sky130_fd_sc_hd__buf_2)
   0.503    2.896 v _07793_/Y (sky130_fd_sc_hd__nand2b_2)
   0.304    3.200 v _07794_/X (sky130_fd_sc_hd__o211a_2)
   0.386    3.587 ^ _07796_/Y (sky130_fd_sc_hd__o21ai_4)
   0.288    3.875 ^ fanout547/X (sky130_fd_sc_hd__buf_12)
   0.285    4.159 ^ fanout546/X (sky130_fd_sc_hd__buf_6)
   0.509    4.668 ^ _07810_/X (sky130_fd_sc_hd__and3_4)
   0.270    4.938 ^ rebuffer1901/X (sky130_fd_sc_hd__buf_6)
   0.544    5.482 ^ _07811_/X (sky130_fd_sc_hd__and3b_2)
   0.288    5.770 ^ output109/X (sky130_fd_sc_hd__buf_8)
   0.001    5.771 ^ d_req_valid (out)
            5.771   data arrival time

  10.000   10.000   clock clk (rise edge)
   0.000   10.000   clock network delay (propagated)
  -0.250    9.750   clock uncertainty
   0.000    9.750   clock reconvergence pessimism
  -2.000    7.750   output external delay
            7.750   data required time
-----------------------------------------------------------
            7.750   data required time
           -5.771   data arrival time
-----------------------------------------------------------
            1.979   slack (MET)


NAMED-PATH-END
