NAMED-PATH-BEGIN d_rsp_valid_to_d_req_valid
Startpoint: d_rsp_valid (input port clocked by clk)
Endpoint: d_req_valid (output port clocked by clk)
Path Group: clk
Path Type: max

   Delay     Time   Description
-----------------------------------------------------------
   0.000    0.000   clock clk (rise edge)
   0.000    0.000   clock network delay (propagated)
   2.000    2.000 ^ input external delay
   0.018    2.018 ^ d_rsp_valid (in)
   0.287    2.304 ^ input35/X (sky130_fd_sc_hd__buf_2)
   0.327    2.631 ^ hold4442/X (sky130_fd_sc_hd__clkbuf_4)
   0.366    2.997 ^ hold4507/X (sky130_fd_sc_hd__clkbuf_1)
   0.497    3.494 ^ fanout3568/X (sky130_fd_sc_hd__buf_2)
   0.474    3.968 ^ fanout3567/X (sky130_fd_sc_hd__buf_2)
   0.481    4.449 v _19357_/X (sky130_fd_sc_hd__and4bb_4)
   0.276    4.725 v fanout1629/X (sky130_fd_sc_hd__buf_6)
   0.274    5.000 v fanout1624/X (sky130_fd_sc_hd__buf_8)
   0.273    5.273 v fanout1623/X (sky130_fd_sc_hd__buf_8)
   0.490    5.763 ^ _19363_/Y (sky130_fd_sc_hd__o31ai_4)
   0.311    6.075 ^ max_cap884/X (sky130_fd_sc_hd__buf_6)
   0.255    6.330 v _19368_/Y (sky130_fd_sc_hd__o211ai_4)
   0.493    6.823 ^ _19369_/Y (sky130_fd_sc_hd__nor3_4)
   0.303    7.126 ^ wire476/X (sky130_fd_sc_hd__buf_6)
   0.222    7.347 ^ output109/X (sky130_fd_sc_hd__buf_8)
   0.001    7.348 ^ d_req_valid (out)
            7.348   data arrival time

  10.000   10.000   clock clk (rise edge)
   0.000   10.000   clock network delay (propagated)
  -0.250    9.750   clock uncertainty
   0.000    9.750   clock reconvergence pessimism
  -2.000    7.750   output external delay
            7.750   data required time
-----------------------------------------------------------
            7.750   data required time
           -7.348   data arrival time
-----------------------------------------------------------
            0.402   slack (MET)


NAMED-PATH-END
NAMED-PATH-BEGIN d_rsp_error_to_d_req_valid
Startpoint: d_rsp_error (input port clocked by clk)
Endpoint: d_req_valid (output port clocked by clk)
Path Group: clk
Path Type: max

   Delay     Time   Description
-----------------------------------------------------------
   0.000    0.000   clock clk (rise edge)
   0.000    0.000   clock network delay (propagated)
   2.000    2.000 v input external delay
   0.014    2.014 v d_rsp_error (in)
   0.143    2.157 v hold7131/X (sky130_fd_sc_hd__clkbuf_1)
   0.309    2.466 v input2/X (sky130_fd_sc_hd__buf_2)
   0.335    2.801 v hold7132/X (sky130_fd_sc_hd__clkbuf_1)
   0.433    3.233 v _19360_/Y (sky130_fd_sc_hd__nand2b_2)
   0.210    3.444 v hold4452/X (sky130_fd_sc_hd__clkbuf_1)
   0.388    3.832 v _19361_/X (sky130_fd_sc_hd__o211a_2)
   0.506    4.338 ^ _19363_/Y (sky130_fd_sc_hd__o31ai_4)
   0.311    4.649 ^ max_cap884/X (sky130_fd_sc_hd__buf_6)
   0.255    4.905 v _19368_/Y (sky130_fd_sc_hd__o211ai_4)
   0.493    5.397 ^ _19369_/Y (sky130_fd_sc_hd__nor3_4)
   0.303    5.700 ^ wire476/X (sky130_fd_sc_hd__buf_6)
   0.222    5.922 ^ output109/X (sky130_fd_sc_hd__buf_8)
   0.001    5.923 ^ d_req_valid (out)
            5.923   data arrival time

  10.000   10.000   clock clk (rise edge)
   0.000   10.000   clock network delay (propagated)
  -0.250    9.750   clock uncertainty
   0.000    9.750   clock reconvergence pessimism
  -2.000    7.750   output external delay
            7.750   data required time
-----------------------------------------------------------
            7.750   data required time
           -5.923   data arrival time
-----------------------------------------------------------
            1.827   slack (MET)


NAMED-PATH-END
