NAMED-PATH-BEGIN d_rsp_valid_to_d_req_valid
Startpoint: d_rsp_valid (input port clocked by clk)
Endpoint: d_req_valid (output port clocked by clk)
Path Group: clk
Path Type: max

   Delay     Time   Description
-----------------------------------------------------------
   0.000    0.000   clock clk (rise edge)
   0.000    0.000   clock network delay (propagated)
   2.000    2.000 ^ input external delay
   0.021    2.021 ^ d_rsp_valid (in)
   0.458    2.479 ^ input35/X (sky130_fd_sc_hd__buf_1)
   0.693    3.172 ^ _07842_/Y (sky130_fd_sc_hd__nand2b_2)
   0.554    3.726 ^ fanout1245/X (sky130_fd_sc_hd__clkbuf_2)
   0.548    4.274 v _07846_/X (sky130_fd_sc_hd__and4bb_4)
   0.462    4.735 v fanout1139/X (sky130_fd_sc_hd__clkbuf_4)
   0.411    5.147 ^ _07848_/Y (sky130_fd_sc_hd__a221oi_2)
   0.467    5.614 v _07849_/Y (sky130_fd_sc_hd__nand4_2)
   1.057    6.671 ^ _07850_/X (sky130_fd_sc_hd__and4b_2)
   0.286    6.957 ^ output109/X (sky130_fd_sc_hd__clkbuf_1)
   0.353    7.311 ^ wire327/X (sky130_fd_sc_hd__clkbuf_4)
   0.001    7.312 ^ d_req_valid (out)
            7.312   data arrival time

  10.000   10.000   clock clk (rise edge)
   0.000   10.000   clock network delay (propagated)
  -0.250    9.750   clock uncertainty
   0.000    9.750   clock reconvergence pessimism
  -2.000    7.750   output external delay
            7.750   data required time
-----------------------------------------------------------
            7.750   data required time
           -7.312   data arrival time
-----------------------------------------------------------
            0.438   slack (MET)


NAMED-PATH-END
NAMED-PATH-BEGIN d_rsp_error_to_d_req_valid
Startpoint: d_rsp_error (input port clocked by clk)
Endpoint: d_req_valid (output port clocked by clk)
Path Group: clk
Path Type: max

   Delay     Time   Description
-----------------------------------------------------------
   0.000    0.000   clock clk (rise edge)
   0.000    0.000   clock network delay (propagated)
   2.000    2.000 v input external delay
   0.011    2.011 v d_rsp_error (in)
   0.453    2.464 v input2/X (sky130_fd_sc_hd__buf_1)
   0.627    3.091 v _07832_/Y (sky130_fd_sc_hd__nand2b_2)
   0.326    3.417 v _07833_/X (sky130_fd_sc_hd__o211a_2)
   0.407    3.823 ^ _07835_/Y (sky130_fd_sc_hd__o21ai_4)
   0.389    4.213 ^ wire738/X (sky130_fd_sc_hd__buf_6)
   0.426    4.639 v _07849_/Y (sky130_fd_sc_hd__nand4_2)
   1.057    5.696 ^ _07850_/X (sky130_fd_sc_hd__and4b_2)
   0.286    5.982 ^ output109/X (sky130_fd_sc_hd__clkbuf_1)
   0.353    6.335 ^ wire327/X (sky130_fd_sc_hd__clkbuf_4)
   0.001    6.336 ^ d_req_valid (out)
            6.336   data arrival time

  10.000   10.000   clock clk (rise edge)
   0.000   10.000   clock network delay (propagated)
  -0.250    9.750   clock uncertainty
   0.000    9.750   clock reconvergence pessimism
  -2.000    7.750   output external delay
            7.750   data required time
-----------------------------------------------------------
            7.750   data required time
           -6.336   data arrival time
-----------------------------------------------------------
            1.414   slack (MET)


NAMED-PATH-END
