NAMED-PATH-BEGIN d_rsp_valid_to_d_req_valid
Startpoint: d_rsp_valid (input port clocked by clk)
Endpoint: d_req_valid (output port clocked by clk)
Path Group: clk
Path Type: max

   Delay     Time   Description
-----------------------------------------------------------
   0.000    0.000   clock clk (rise edge)
   0.000    0.000   clock network delay (propagated)
   2.000    2.000 ^ input external delay
   0.015    2.015 ^ d_rsp_valid (in)
   0.178    2.194 ^ input35/X (sky130_fd_sc_hd__buf_1)
   0.373    2.567 ^ fanout2841/X (sky130_fd_sc_hd__buf_1)
   0.449    3.016 ^ _08354_/X (sky130_fd_sc_hd__or3b_4)
   0.575    3.590 v _08357_/X (sky130_fd_sc_hd__or4bb_4)
   0.414    4.005 ^ _08358_/X (sky130_fd_sc_hd__and4b_2)
   0.112    4.117 ^ output109/X (sky130_fd_sc_hd__clkbuf_1)
   0.195    4.312 ^ wire420/X (sky130_fd_sc_hd__clkbuf_4)
   0.000    4.312 ^ d_req_valid (out)
            4.312   data arrival time

  10.000   10.000   clock clk (rise edge)
   0.000   10.000   clock network delay (propagated)
  -0.250    9.750   clock uncertainty
   0.000    9.750   clock reconvergence pessimism
  -2.000    7.750   output external delay
            7.750   data required time
-----------------------------------------------------------
            7.750   data required time
           -4.312   data arrival time
-----------------------------------------------------------
            3.438   slack (MET)


NAMED-PATH-END
NAMED-PATH-BEGIN d_rsp_error_to_d_req_valid
Startpoint: d_rsp_error (input port clocked by clk)
Endpoint: d_req_valid (output port clocked by clk)
Path Group: clk
Path Type: max

   Delay     Time   Description
-----------------------------------------------------------
   0.000    0.000   clock clk (rise edge)
   0.000    0.000   clock network delay (propagated)
   2.000    2.000 v input external delay
   0.008    2.008 v d_rsp_error (in)
   0.114    2.122 v input2/X (sky130_fd_sc_hd__buf_1)
   0.221    2.343 v _08341_/Y (sky130_fd_sc_hd__nand2b_2)
   0.174    2.517 v _08342_/X (sky130_fd_sc_hd__o211a_2)
   0.570    3.087 ^ _08344_/Y (sky130_fd_sc_hd__o21ai_2)
   0.208    3.295 ^ fanout958/X (sky130_fd_sc_hd__buf_1)
   0.274    3.569 ^ load_slew960/X (sky130_fd_sc_hd__clkbuf_4)
   0.631    4.200 v _08357_/X (sky130_fd_sc_hd__or4bb_4)
   0.414    4.615 ^ _08358_/X (sky130_fd_sc_hd__and4b_2)
   0.112    4.727 ^ output109/X (sky130_fd_sc_hd__clkbuf_1)
   0.195    4.922 ^ wire420/X (sky130_fd_sc_hd__clkbuf_4)
   0.000    4.922 ^ d_req_valid (out)
            4.922   data arrival time

  10.000   10.000   clock clk (rise edge)
   0.000   10.000   clock network delay (propagated)
  -0.250    9.750   clock uncertainty
   0.000    9.750   clock reconvergence pessimism
  -2.000    7.750   output external delay
            7.750   data required time
-----------------------------------------------------------
            7.750   data required time
           -4.922   data arrival time
-----------------------------------------------------------
            2.828   slack (MET)


NAMED-PATH-END
