Copyright 1986-2022 Xilinx, Inc. All Rights Reserved. Copyright 2022-2025 Advanced Micro Devices, Inc. All Rights Reserved.
--------------------------------------------------------------------------------------------------------------------------------------------------------
| Tool Version : Vivado v.2025.1 (lin64) Build 6140274 Wed May 21 22:58:25 MDT 2025
| Date         : Fri Oct  9 00:53:53 2026
| Host         : gondor running 64-bit Ubuntu 24.04.5 LTS
| Command      : report_timing_summary -file /home/elfo/Documents/Aster/build/fpga/pynq_z1/aster_soc-m4-o5asm-mgi/timing_summary.rpt -warn_on_violation
| Design       : aster_soc_board_wrapper
| Device       : 7z020-clg400
| Speed File   : -1  PRODUCTION 1.12 2019-11-22
| Design State : Physopt postRoute
--------------------------------------------------------------------------------------------------------------------------------------------------------

Timing Summary Report

------------------------------------------------------------------------------------------------
| Timer Settings
| --------------
------------------------------------------------------------------------------------------------

  Enable Multi Corner Analysis               :  Yes
  Enable Pessimism Removal                   :  Yes
  Pessimism Removal Resolution               :  Nearest Common Node
  Enable Input Delay Default Clock           :  No
  Enable Preset / Clear Arcs                 :  No
  Disable Flight Delays                      :  No
  Ignore I/O Paths                           :  No
  Timing Early Launch at Borrowing Latches   :  No
  Borrow Time for Max Delay Exceptions       :  Yes
  Merge Timing Exceptions                    :  Yes
  Inter-SLR Compensation                     :  Conservative

  Corner  Analyze    Analyze    
  Name    Max Paths  Min Paths  
  ------  ---------  ---------  
  Slow    Yes        Yes        
  Fast    Yes        Yes        


------------------------------------------------------------------------------------------------
| Report Methodology
| ------------------
------------------------------------------------------------------------------------------------

No report available as report_methodology has not been run prior. Run report_methodology on the current design for the summary of methodology violations.



check_timing report

Table of Contents
-----------------
1. checking no_clock (0)
2. checking constant_clock (0)
3. checking pulse_width_clock (0)
4. checking unconstrained_internal_endpoints (0)
5. checking no_input_delay (0)
6. checking no_output_delay (0)
7. checking multiple_clock (0)
8. checking generated_clocks (0)
9. checking loops (0)
10. checking partial_input_delay (0)
11. checking partial_output_delay (0)
12. checking latch_loops (0)

1. checking no_clock (0)
------------------------
 There are 0 register/latch pins with no clock.


2. checking constant_clock (0)
------------------------------
 There are 0 register/latch pins with constant_clock.


3. checking pulse_width_clock (0)
---------------------------------
 There are 0 register/latch pins which need pulse_width check


4. checking unconstrained_internal_endpoints (0)
------------------------------------------------
 There are 0 pins that are not constrained for maximum delay.

 There are 0 pins that are not constrained for maximum delay due to constant clock.


5. checking no_input_delay (0)
------------------------------
 There are 0 input ports with no input delay specified.

 There are 0 input ports with no input delay but user has a false path constraint.


6. checking no_output_delay (0)
-------------------------------
 There are 0 ports with no output delay specified.

 There are 0 ports with no output delay but user has a false path constraint

 There are 0 ports with no output delay but with a timing clock defined on it or propagating through it


7. checking multiple_clock (0)
------------------------------
 There are 0 register/latch pins with multiple clocks.


8. checking generated_clocks (0)
--------------------------------
 There are 0 generated clocks that are not connected to a clock source.


9. checking loops (0)
---------------------
 There are 0 combinational loops in the design.


10. checking partial_input_delay (0)
------------------------------------
 There are 0 input ports with partial input delay specified.


11. checking partial_output_delay (0)
-------------------------------------
 There are 0 ports with partial output delay specified.


12. checking latch_loops (0)
----------------------------
 There are 0 combinational latch loops in the design through latch input



------------------------------------------------------------------------------------------------
| Design Timing Summary
| ---------------------
------------------------------------------------------------------------------------------------

    WNS(ns)      TNS(ns)  TNS Failing Endpoints  TNS Total Endpoints      WHS(ns)      THS(ns)  THS Failing Endpoints  THS Total Endpoints     WPWS(ns)     TPWS(ns)  TPWS Failing Endpoints  TPWS Total Endpoints  
    -------      -------  ---------------------  -------------------      -------      -------  ---------------------  -------------------     --------     --------  ----------------------  --------------------  
      0.333        0.000                      0                71675        0.022        0.000                      0                71675        3.750        0.000                       0                 24791  


All user specified timing constraints are met.


------------------------------------------------------------------------------------------------
| Clock Summary
| -------------
------------------------------------------------------------------------------------------------

Clock       Waveform(ns)       Period(ns)      Frequency(MHz)
-----       ------------       ----------      --------------
clk_fpga_0  {0.000 5.000}      10.000          100.000         


------------------------------------------------------------------------------------------------
| Intra Clock Table
| -----------------
------------------------------------------------------------------------------------------------

Clock             WNS(ns)      TNS(ns)  TNS Failing Endpoints  TNS Total Endpoints      WHS(ns)      THS(ns)  THS Failing Endpoints  THS Total Endpoints     WPWS(ns)     TPWS(ns)  TPWS Failing Endpoints  TPWS Total Endpoints  
-----             -------      -------  ---------------------  -------------------      -------      -------  ---------------------  -------------------     --------     --------  ----------------------  --------------------  
clk_fpga_0          0.333        0.000                      0                71675        0.022        0.000                      0                71675        3.750        0.000                       0                 24791  


------------------------------------------------------------------------------------------------
| Inter Clock Table
| -----------------
------------------------------------------------------------------------------------------------

From Clock    To Clock          WNS(ns)      TNS(ns)  TNS Failing Endpoints  TNS Total Endpoints      WHS(ns)      THS(ns)  THS Failing Endpoints  THS Total Endpoints  
----------    --------          -------      -------  ---------------------  -------------------      -------      -------  ---------------------  -------------------  


------------------------------------------------------------------------------------------------
| Other Path Groups Table
| -----------------------
------------------------------------------------------------------------------------------------

Path Group    From Clock    To Clock          WNS(ns)      TNS(ns)  TNS Failing Endpoints  TNS Total Endpoints      WHS(ns)      THS(ns)  THS Failing Endpoints  THS Total Endpoints  
----------    ----------    --------          -------      -------  ---------------------  -------------------      -------      -------  ---------------------  -------------------  


------------------------------------------------------------------------------------------------
| Timing Details
| --------------
------------------------------------------------------------------------------------------------


---------------------------------------------------------------------------------------------------
From Clock:  clk_fpga_0
  To Clock:  clk_fpga_0

Setup :            0  Failing Endpoints,  Worst Slack        0.333ns,  Total Violation        0.000ns
Hold  :            0  Failing Endpoints,  Worst Slack        0.022ns,  Total Violation        0.000ns
PW    :            0  Failing Endpoints,  Worst Slack        3.750ns,  Total Violation        0.000ns
---------------------------------------------------------------------------------------------------


Max Delay Paths
--------------------------------------------------------------------------------------
Slack (MET) :             0.333ns  (required time - arrival time)
  Source:                 aster_soc_board_i/aster/inst/implementation/g_npu_reg_q.npu_q_addr_reg[4]/C
                            (rising edge-triggered cell FDRE clocked by clk_fpga_0  {rise@0.000ns fall@5.000ns period=10.000ns})
  Destination:            aster_soc_board_i/aster/inst/implementation/fabric/io2_reg[1][28]/D
                            (rising edge-triggered cell FDRE clocked by clk_fpga_0  {rise@0.000ns fall@5.000ns period=10.000ns})
  Path Group:             clk_fpga_0
  Path Type:              Setup (Max at Slow Process Corner)
  Requirement:            10.000ns  (clk_fpga_0 rise@10.000ns - clk_fpga_0 rise@0.000ns)
  Data Path Delay:        9.112ns  (logic 1.396ns (15.320%)  route 7.716ns (84.680%))
  Logic Levels:           6  (LUT2=1 LUT6=5)
  Clock Path Skew:        -0.342ns (DCD - SCD + CPR)
    Destination Clock Delay (DCD):    2.786ns = ( 12.786 - 10.000 ) 
    Source Clock Delay      (SCD):    3.257ns
    Clock Pessimism Removal (CPR):    0.129ns
  Clock Uncertainty:      0.154ns  ((TSJ^2 + TIJ^2)^1/2 + DJ) / 2 + PE + UU
    Total System Jitter     (TSJ):    0.071ns
    Total Input Jitter      (TIJ):    0.300ns
    Discrete Jitter          (DJ):    0.000ns
    Phase Error              (PE):    0.000ns
    User Uncertainty         (UU):    0.000ns

    Location             Delay type                Incr(ns)  Path(ns)    Netlist Resource(s)
  -------------------------------------------------------------------    -------------------
                         (clock clk_fpga_0 rise edge)
                                                      0.000     0.000 r  
    PS7_X0Y0             PS7                          0.000     0.000 r  aster_soc_board_i/ps7/inst/PS7_i/FCLKCLK[0]
                         net (fo=1, routed)           1.193     1.193    aster_soc_board_i/ps7/inst/FCLK_CLK_unbuffered[0]
    BUFGCTRL_X0Y16       BUFG (Prop_bufg_I_O)         0.101     1.294 r  aster_soc_board_i/ps7/inst/buffer_fclk_clk_0.FCLK_CLK_0_BUFG/O
                         net (fo=24791, routed)       1.963     3.257    aster_soc_board_i/aster/inst/implementation/aclk
    SLICE_X93Y119        FDRE                                         r  aster_soc_board_i/aster/inst/implementation/g_npu_reg_q.npu_q_addr_reg[4]/C
  -------------------------------------------------------------------    -------------------
    SLICE_X93Y119        FDRE (Prop_fdre_C_Q)         0.456     3.713 r  aster_soc_board_i/aster/inst/implementation/g_npu_reg_q.npu_q_addr_reg[4]/Q
                         net (fo=837, routed)         1.571     5.284    aster_soc_board_i/aster/inst/implementation/fabric/npu_q_addr[4]
    SLICE_X103Y100       LUT2 (Prop_lut2_I1_O)        0.118     5.402 f  aster_soc_board_i/aster/inst/implementation/fabric/io2[3][31]_i_42/O
                         net (fo=91, routed)          1.367     6.770    aster_soc_board_i/aster/inst/implementation/dma/io2[3][5]_i_3_0
    SLICE_X104Y112       LUT6 (Prop_lut6_I3_O)        0.326     7.096 r  aster_soc_board_i/aster/inst/implementation/dma/io2[3][28]_i_44/O
                         net (fo=1, routed)           1.080     8.176    aster_soc_board_i/aster/inst/implementation/dma/io2[3][28]_i_44_n_0
    SLICE_X110Y109       LUT6 (Prop_lut6_I2_O)        0.124     8.300 r  aster_soc_board_i/aster/inst/implementation/dma/io2[3][28]_i_25/O
                         net (fo=1, routed)           0.955     9.255    aster_soc_board_i/aster/inst/implementation/dma/io2[3][28]_i_25_n_0
    SLICE_X91Y109        LUT6 (Prop_lut6_I0_O)        0.124     9.379 r  aster_soc_board_i/aster/inst/implementation/dma/io2[3][28]_i_9/O
                         net (fo=1, routed)           0.774    10.152    aster_soc_board_i/aster/inst/implementation/dma/io2[3][28]_i_9_n_0
    SLICE_X96Y113        LUT6 (Prop_lut6_I0_O)        0.124    10.276 r  aster_soc_board_i/aster/inst/implementation/dma/io2[3][28]_i_3/O
                         net (fo=1, routed)           1.334    11.611    aster_soc_board_i/aster/inst/implementation/dma/dma_rdata[28]
    SLICE_X95Y92         LUT6 (Prop_lut6_I2_O)        0.124    11.735 r  aster_soc_board_i/aster/inst/implementation/dma/io2[3][28]_i_1/O
                         net (fo=2, routed)           0.635    12.369    aster_soc_board_i/aster/inst/implementation/fabric/io2_reg[3][31]_0[28]
    SLICE_X95Y92         FDRE                                         r  aster_soc_board_i/aster/inst/implementation/fabric/io2_reg[1][28]/D
  -------------------------------------------------------------------    -------------------

                         (clock clk_fpga_0 rise edge)
                                                     10.000    10.000 r  
    PS7_X0Y0             PS7                          0.000    10.000 r  aster_soc_board_i/ps7/inst/PS7_i/FCLKCLK[0]
                         net (fo=1, routed)           1.088    11.088    aster_soc_board_i/ps7/inst/FCLK_CLK_unbuffered[0]
    BUFGCTRL_X0Y16       BUFG (Prop_bufg_I_O)         0.091    11.179 r  aster_soc_board_i/ps7/inst/buffer_fclk_clk_0.FCLK_CLK_0_BUFG/O
                         net (fo=24791, routed)       1.607    12.786    aster_soc_board_i/aster/inst/implementation/fabric/aclk
    SLICE_X95Y92         FDRE                                         r  aster_soc_board_i/aster/inst/implementation/fabric/io2_reg[1][28]/C
                         clock pessimism              0.129    12.915    
                         clock uncertainty           -0.154    12.761    
    SLICE_X95Y92         FDRE (Setup_fdre_C_D)       -0.058    12.703    aster_soc_board_i/aster/inst/implementation/fabric/io2_reg[1][28]
  -------------------------------------------------------------------
                         required time                         12.703    
                         arrival time                         -12.369    
  -------------------------------------------------------------------
                         slack                                  0.333    





Min Delay Paths
--------------------------------------------------------------------------------------
Slack (MET) :             0.022ns  (arrival time - required time)
  Source:                 aster_soc_board_i/aster/inst/implementation/g_hart[0].core/m2_reg[addr][14]/C
                            (rising edge-triggered cell FDRE clocked by clk_fpga_0  {rise@0.000ns fall@5.000ns period=10.000ns})
  Destination:            aster_soc_board_i/aster/inst/implementation/g_hart[0].core/w_reg[addr][14]/D
                            (rising edge-triggered cell FDRE clocked by clk_fpga_0  {rise@0.000ns fall@5.000ns period=10.000ns})
  Path Group:             clk_fpga_0
  Path Type:              Hold (Min at Fast Process Corner)
  Requirement:            0.000ns  (clk_fpga_0 rise@0.000ns - clk_fpga_0 rise@0.000ns)
  Data Path Delay:        0.337ns  (logic 0.141ns (41.815%)  route 0.196ns (58.185%))
  Logic Levels:           0  
  Clock Path Skew:        0.268ns (DCD - SCD - CPR)
    Destination Clock Delay (DCD):    1.275ns
    Source Clock Delay      (SCD):    0.968ns
    Clock Pessimism Removal (CPR):    0.039ns

    Location             Delay type                Incr(ns)  Path(ns)    Netlist Resource(s)
  -------------------------------------------------------------------    -------------------
                         (clock clk_fpga_0 rise edge)
                                                      0.000     0.000 r  
    PS7_X0Y0             PS7                          0.000     0.000 r  aster_soc_board_i/ps7/inst/PS7_i/FCLKCLK[0]
                         net (fo=1, routed)           0.310     0.310    aster_soc_board_i/ps7/inst/FCLK_CLK_unbuffered[0]
    BUFGCTRL_X0Y16       BUFG (Prop_bufg_I_O)         0.026     0.336 r  aster_soc_board_i/ps7/inst/buffer_fclk_clk_0.FCLK_CLK_0_BUFG/O
                         net (fo=24791, routed)       0.632     0.968    aster_soc_board_i/aster/inst/implementation/g_hart[0].core/aclk
    SLICE_X52Y110        FDRE                                         r  aster_soc_board_i/aster/inst/implementation/g_hart[0].core/m2_reg[addr][14]/C
  -------------------------------------------------------------------    -------------------
    SLICE_X52Y110        FDRE (Prop_fdre_C_Q)         0.141     1.109 r  aster_soc_board_i/aster/inst/implementation/g_hart[0].core/m2_reg[addr][14]/Q
                         net (fo=1, routed)           0.196     1.305    aster_soc_board_i/aster/inst/implementation/g_hart[0].core/m2_reg[addr][14]
    SLICE_X49Y109        FDRE                                         r  aster_soc_board_i/aster/inst/implementation/g_hart[0].core/w_reg[addr][14]/D
  -------------------------------------------------------------------    -------------------

                         (clock clk_fpga_0 rise edge)
                                                      0.000     0.000 r  
    PS7_X0Y0             PS7                          0.000     0.000 r  aster_soc_board_i/ps7/inst/PS7_i/FCLKCLK[0]
                         net (fo=1, routed)           0.337     0.337    aster_soc_board_i/ps7/inst/FCLK_CLK_unbuffered[0]
    BUFGCTRL_X0Y16       BUFG (Prop_bufg_I_O)         0.029     0.366 r  aster_soc_board_i/ps7/inst/buffer_fclk_clk_0.FCLK_CLK_0_BUFG/O
                         net (fo=24791, routed)       0.909     1.275    aster_soc_board_i/aster/inst/implementation/g_hart[0].core/aclk
    SLICE_X49Y109        FDRE                                         r  aster_soc_board_i/aster/inst/implementation/g_hart[0].core/w_reg[addr][14]/C
                         clock pessimism             -0.039     1.236    
    SLICE_X49Y109        FDRE (Hold_fdre_C_D)         0.047     1.283    aster_soc_board_i/aster/inst/implementation/g_hart[0].core/w_reg[addr][14]
  -------------------------------------------------------------------
                         required time                         -1.283    
                         arrival time                           1.305    
  -------------------------------------------------------------------
                         slack                                  0.022    





Pulse Width Checks
--------------------------------------------------------------------------------------
Clock Name:         clk_fpga_0
Waveform(ns):       { 0.000 5.000 }
Period(ns):         10.000
Sources:            { aster_soc_board_i/ps7/inst/PS7_i/FCLKCLK[0] }

Check Type        Corner  Lib Pin      Reference Pin  Required(ns)  Actual(ns)  Slack(ns)  Location      Pin
Min Period        n/a     DSP48E1/CLK  n/a            3.884         10.000      6.116      DSP48_X2Y50   aster_soc_board_i/aster/inst/implementation/g_hart[0].core/pp_lh_reg/CLK
Low Pulse Width   Slow    RAMD32/CLK   n/a            1.250         5.000       3.750      SLICE_X36Y81  aster_soc_board_i/aster/inst/implementation/dma/rbuf_reg_0_3_0_5/RAMA/CLK
High Pulse Width  Slow    RAMD32/CLK   n/a            1.250         5.000       3.750      SLICE_X36Y81  aster_soc_board_i/aster/inst/implementation/dma/rbuf_reg_0_3_0_5/RAMA/CLK



