NAMED-PATH-BEGIN d_rsp_valid_to_d_req_valid
Startpoint: d_rsp_valid (input port clocked by clk)
Endpoint: d_req_valid (output port clocked by clk)
Path Group: clk
Path Type: max

   Delay     Time   Description
-----------------------------------------------------------
   0.000    0.000   clock clk (rise edge)
   0.000    0.000   clock network delay (propagated)
   2.000    2.000 ^ input external delay
   0.010    2.010 ^ d_rsp_valid (in)
   0.172    2.182 ^ input35/X (sky130_fd_sc_hd__buf_2)
   0.217    2.398 ^ hold4410/X (sky130_fd_sc_hd__clkbuf_1)
   0.206    2.604 ^ fanout3498/X (sky130_fd_sc_hd__buf_2)
   0.127    2.731 ^ _17154_/Y (sky130_fd_sc_hd__nand2b_2)
   0.178    2.908 ^ fanout1828/X (sky130_fd_sc_hd__buf_2)
   0.193    3.101 v _17159_/X (sky130_fd_sc_hd__and4bb_4)
   0.138    3.240 v fanout1343/X (sky130_fd_sc_hd__buf_4)
   0.358    3.597 v _17161_/X (sky130_fd_sc_hd__or4b_4)
   0.109    3.706 v rebuffer3553/X (sky130_fd_sc_hd__buf_6)
   0.213    3.919 ^ _17162_/Y (sky130_fd_sc_hd__nor3_4)
   0.098    4.017 ^ wire428/X (sky130_fd_sc_hd__buf_6)
   0.153    4.170 ^ output109/X (sky130_fd_sc_hd__buf_2)
   0.001    4.171 ^ d_req_valid (out)
            4.171   data arrival time

  10.000   10.000   clock clk (rise edge)
   0.000   10.000   clock network delay (propagated)
  -0.250    9.750   clock uncertainty
   0.000    9.750   clock reconvergence pessimism
  -2.000    7.750   output external delay
            7.750   data required time
-----------------------------------------------------------
            7.750   data required time
           -4.171   data arrival time
-----------------------------------------------------------
            3.579   slack (MET)


NAMED-PATH-END
NAMED-PATH-BEGIN d_rsp_error_to_d_req_valid
Startpoint: d_rsp_error (input port clocked by clk)
Endpoint: d_req_valid (output port clocked by clk)
Path Group: clk
Path Type: max

   Delay     Time   Description
-----------------------------------------------------------
   0.000    0.000   clock clk (rise edge)
   0.000    0.000   clock network delay (propagated)
   2.000    2.000 v input external delay
   0.003    2.003 v d_rsp_error (in)
   0.126    2.128 v input2/X (sky130_fd_sc_hd__buf_2)
   0.136    2.264 v _17149_/Y (sky130_fd_sc_hd__nand2b_2)
   0.089    2.353 v _17150_/X (sky130_fd_sc_hd__o211a_2)
   0.222    2.575 v _17152_/X (sky130_fd_sc_hd__o21a_2)
   0.417    2.992 v _17161_/X (sky130_fd_sc_hd__or4b_4)
   0.109    3.101 v rebuffer3553/X (sky130_fd_sc_hd__buf_6)
   0.213    3.314 ^ _17162_/Y (sky130_fd_sc_hd__nor3_4)
   0.098    3.412 ^ wire428/X (sky130_fd_sc_hd__buf_6)
   0.153    3.565 ^ output109/X (sky130_fd_sc_hd__buf_2)
   0.001    3.566 ^ d_req_valid (out)
            3.566   data arrival time

  10.000   10.000   clock clk (rise edge)
   0.000   10.000   clock network delay (propagated)
  -0.250    9.750   clock uncertainty
   0.000    9.750   clock reconvergence pessimism
  -2.000    7.750   output external delay
            7.750   data required time
-----------------------------------------------------------
            7.750   data required time
           -3.566   data arrival time
-----------------------------------------------------------
            4.184   slack (MET)


NAMED-PATH-END
