NAMED-PATH-BEGIN d_rsp_valid_to_d_req_valid
Startpoint: d_rsp_valid (input port clocked by clk)
Endpoint: d_req_valid (output port clocked by clk)
Path Group: clk
Path Type: max

   Delay     Time   Description
-----------------------------------------------------------
   0.000    0.000   clock clk (rise edge)
   0.000    0.000   clock network delay (propagated)
   2.000    2.000 ^ input external delay
   0.010    2.010 ^ d_rsp_valid (in)
   0.182    2.192 ^ input35/X (sky130_fd_sc_hd__buf_2)
   0.239    2.431 ^ hold4410/X (sky130_fd_sc_hd__clkbuf_1)
   0.213    2.644 ^ fanout3498/X (sky130_fd_sc_hd__buf_2)
   0.133    2.776 ^ _17154_/Y (sky130_fd_sc_hd__nand2b_2)
   0.181    2.958 ^ fanout1828/X (sky130_fd_sc_hd__buf_2)
   0.195    3.152 v _17159_/X (sky130_fd_sc_hd__and4bb_4)
   0.139    3.292 v fanout1343/X (sky130_fd_sc_hd__buf_4)
   0.363    3.655 v _17161_/X (sky130_fd_sc_hd__or4b_4)
   0.112    3.767 v rebuffer3553/X (sky130_fd_sc_hd__buf_6)
   0.217    3.984 ^ _17162_/Y (sky130_fd_sc_hd__nor3_4)
   0.102    4.086 ^ wire428/X (sky130_fd_sc_hd__buf_6)
   0.156    4.242 ^ output109/X (sky130_fd_sc_hd__buf_2)
   0.002    4.244 ^ d_req_valid (out)
            4.244   data arrival time

  10.000   10.000   clock clk (rise edge)
   0.000   10.000   clock network delay (propagated)
  -0.250    9.750   clock uncertainty
   0.000    9.750   clock reconvergence pessimism
  -2.000    7.750   output external delay
            7.750   data required time
-----------------------------------------------------------
            7.750   data required time
           -4.244   data arrival time
-----------------------------------------------------------
            3.506   slack (MET)


NAMED-PATH-END
NAMED-PATH-BEGIN d_rsp_error_to_d_req_valid
Startpoint: d_rsp_error (input port clocked by clk)
Endpoint: d_req_valid (output port clocked by clk)
Path Group: clk
Path Type: max

   Delay     Time   Description
-----------------------------------------------------------
   0.000    0.000   clock clk (rise edge)
   0.000    0.000   clock network delay (propagated)
   2.000    2.000 v input external delay
   0.003    2.003 v d_rsp_error (in)
   0.125    2.128 v input2/X (sky130_fd_sc_hd__buf_2)
   0.138    2.266 v _17149_/Y (sky130_fd_sc_hd__nand2b_2)
   0.091    2.356 v _17150_/X (sky130_fd_sc_hd__o211a_2)
   0.227    2.583 v _17152_/X (sky130_fd_sc_hd__o21a_2)
   0.425    3.008 v _17161_/X (sky130_fd_sc_hd__or4b_4)
   0.112    3.120 v rebuffer3553/X (sky130_fd_sc_hd__buf_6)
   0.217    3.338 ^ _17162_/Y (sky130_fd_sc_hd__nor3_4)
   0.102    3.440 ^ wire428/X (sky130_fd_sc_hd__buf_6)
   0.156    3.596 ^ output109/X (sky130_fd_sc_hd__buf_2)
   0.002    3.597 ^ d_req_valid (out)
            3.597   data arrival time

  10.000   10.000   clock clk (rise edge)
   0.000   10.000   clock network delay (propagated)
  -0.250    9.750   clock uncertainty
   0.000    9.750   clock reconvergence pessimism
  -2.000    7.750   output external delay
            7.750   data required time
-----------------------------------------------------------
            7.750   data required time
           -3.597   data arrival time
-----------------------------------------------------------
            4.153   slack (MET)


NAMED-PATH-END
