NAMED-PATH-BEGIN d_rsp_valid_to_d_req_valid
Startpoint: d_rsp_valid (input port clocked by clk)
Endpoint: d_req_valid (output port clocked by clk)
Path Group: clk
Path Type: max

   Delay     Time   Description
-----------------------------------------------------------
   0.000    0.000   clock clk (rise edge)
   0.000    0.000   clock network delay (propagated)
   2.000    2.000 ^ input external delay
   0.011    2.011 ^ d_rsp_valid (in)
   0.204    2.215 ^ input35/X (sky130_fd_sc_hd__clkbuf_1)
   0.195    2.409 ^ wire2987/X (sky130_fd_sc_hd__buf_12)
   0.181    2.591 ^ fanout2985/X (sky130_fd_sc_hd__clkbuf_2)
   0.319    2.910 v _07785_/X (sky130_fd_sc_hd__and4bb_2)
   0.202    3.111 v fanout1557/X (sky130_fd_sc_hd__clkbuf_4)
   0.625    3.736 v fanout1555/X (sky130_fd_sc_hd__dlygate4sd3_1)
   0.169    3.906 v load_slew1556/X (sky130_fd_sc_hd__buf_6)
   0.142    4.048 ^ _07788_/Y (sky130_fd_sc_hd__nand2_4)
   0.216    4.264 ^ _07795_/X (sky130_fd_sc_hd__and3_4)
   0.233    4.497 ^ fanout535/X (sky130_fd_sc_hd__buf_4)
   0.415    4.912 ^ _07796_/X (sky130_fd_sc_hd__and4_2)
   0.452    5.364 ^ output109/X (sky130_fd_sc_hd__dlymetal6s4s_1)
   0.000    5.365 ^ d_req_valid (out)
            5.365   data arrival time

  10.000   10.000   clock clk (rise edge)
   0.000   10.000   clock network delay (propagated)
  -0.250    9.750   clock uncertainty
   0.000    9.750   clock reconvergence pessimism
  -2.000    7.750   output external delay
            7.750   data required time
-----------------------------------------------------------
            7.750   data required time
           -5.365   data arrival time
-----------------------------------------------------------
            2.385   slack (MET)


NAMED-PATH-END
NAMED-PATH-BEGIN d_rsp_error_to_d_req_valid
Startpoint: d_rsp_error (input port clocked by clk)
Endpoint: d_req_valid (output port clocked by clk)
Path Group: clk
Path Type: max

   Delay     Time   Description
-----------------------------------------------------------
   0.000    0.000   clock clk (rise edge)
   0.000    0.000   clock network delay (propagated)
   2.000    2.000 v input external delay
   0.006    2.006 v d_rsp_error (in)
   0.121    2.126 v input2/X (sky130_fd_sc_hd__clkbuf_1)
   0.181    2.307 v wire2993/X (sky130_fd_sc_hd__buf_4)
   0.189    2.496 v _07792_/Y (sky130_fd_sc_hd__nand2b_2)
   0.206    2.702 v _07793_/X (sky130_fd_sc_hd__o211a_2)
   0.283    2.985 ^ _07794_/Y (sky130_fd_sc_hd__o21ai_2)
   0.645    3.630 ^ fanout727/X (sky130_fd_sc_hd__dlymetal6s4s_1)
   0.322    3.952 ^ _07795_/X (sky130_fd_sc_hd__and3_4)
   0.233    4.185 ^ fanout535/X (sky130_fd_sc_hd__buf_4)
   0.415    4.600 ^ _07796_/X (sky130_fd_sc_hd__and4_2)
   0.452    5.052 ^ output109/X (sky130_fd_sc_hd__dlymetal6s4s_1)
   0.000    5.053 ^ d_req_valid (out)
            5.053   data arrival time

  10.000   10.000   clock clk (rise edge)
   0.000   10.000   clock network delay (propagated)
  -0.250    9.750   clock uncertainty
   0.000    9.750   clock reconvergence pessimism
  -2.000    7.750   output external delay
            7.750   data required time
-----------------------------------------------------------
            7.750   data required time
           -5.053   data arrival time
-----------------------------------------------------------
            2.697   slack (MET)


NAMED-PATH-END
