NAMED-PATH-BEGIN d_rsp_valid_to_d_req_valid
Startpoint: d_rsp_valid (input port clocked by clk)
Endpoint: d_req_valid (output port clocked by clk)
Path Group: clk
Path Type: max

   Delay     Time   Description
-----------------------------------------------------------
   0.000    0.000   clock clk (rise edge)
   0.000    0.000   clock network delay (propagated)
   2.000    2.000 ^ input external delay
   0.011    2.011 ^ d_rsp_valid (in)
   0.257    2.268 ^ input35/X (sky130_fd_sc_hd__buf_2)
   0.289    2.557 ^ fanout1786/X (sky130_fd_sc_hd__clkbuf_4)
   0.264    2.821 ^ fanout1785/X (sky130_fd_sc_hd__buf_2)
   0.314    3.136 v _07762_/X (sky130_fd_sc_hd__and4bb_2)
   0.173    3.308 v fanout994/X (sky130_fd_sc_hd__buf_12)
   0.155    3.464 v fanout980/X (sky130_fd_sc_hd__buf_6)
   0.160    3.623 v fanout979/X (sky130_fd_sc_hd__buf_6)
   0.112    3.736 ^ _07765_/Y (sky130_fd_sc_hd__nand2_8)
   0.226    3.961 ^ _07770_/X (sky130_fd_sc_hd__and3_4)
   0.174    4.136 ^ fanout438/X (sky130_fd_sc_hd__buf_8)
   0.338    4.474 ^ _07771_/X (sky130_fd_sc_hd__and4_4)
   0.157    4.631 ^ output109/X (sky130_fd_sc_hd__buf_8)
   0.001    4.631 ^ d_req_valid (out)
            4.631   data arrival time

  10.000   10.000   clock clk (rise edge)
   0.000   10.000   clock network delay (propagated)
  -0.250    9.750   clock uncertainty
   0.000    9.750   clock reconvergence pessimism
  -2.000    7.750   output external delay
            7.750   data required time
-----------------------------------------------------------
            7.750   data required time
           -4.631   data arrival time
-----------------------------------------------------------
            3.119   slack (MET)


NAMED-PATH-END
NAMED-PATH-BEGIN d_rsp_error_to_d_req_valid
Startpoint: d_rsp_error (input port clocked by clk)
Endpoint: d_req_valid (output port clocked by clk)
Path Group: clk
Path Type: max

   Delay     Time   Description
-----------------------------------------------------------
   0.000    0.000   clock clk (rise edge)
   0.000    0.000   clock network delay (propagated)
   2.000    2.000 v input external delay
   0.005    2.005 v d_rsp_error (in)
   0.173    2.179 v input2/X (sky130_fd_sc_hd__buf_2)
   0.232    2.411 v _07756_/Y (sky130_fd_sc_hd__nand2b_2)
   0.166    2.577 v _07757_/X (sky130_fd_sc_hd__o211a_2)
   0.230    2.806 ^ _07760_/Y (sky130_fd_sc_hd__o21ai_4)
   0.144    2.951 ^ fanout588/X (sky130_fd_sc_hd__buf_12)
   0.184    3.135 ^ fanout587/X (sky130_fd_sc_hd__buf_6)
   0.240    3.375 ^ _07770_/X (sky130_fd_sc_hd__and3_4)
   0.174    3.549 ^ fanout438/X (sky130_fd_sc_hd__buf_8)
   0.338    3.887 ^ _07771_/X (sky130_fd_sc_hd__and4_4)
   0.157    4.044 ^ output109/X (sky130_fd_sc_hd__buf_8)
   0.001    4.045 ^ d_req_valid (out)
            4.045   data arrival time

  10.000   10.000   clock clk (rise edge)
   0.000   10.000   clock network delay (propagated)
  -0.250    9.750   clock uncertainty
   0.000    9.750   clock reconvergence pessimism
  -2.000    7.750   output external delay
            7.750   data required time
-----------------------------------------------------------
            7.750   data required time
           -4.045   data arrival time
-----------------------------------------------------------
            3.705   slack (MET)


NAMED-PATH-END
