NAMED-PATH-BEGIN d_rsp_valid_to_d_req_valid
Startpoint: d_rsp_valid (input port clocked by clk)
Endpoint: d_req_valid (output port clocked by clk)
Path Group: clk
Path Type: max

   Delay     Time   Description
-----------------------------------------------------------
   0.000    0.000   clock clk (rise edge)
   0.000    0.000   clock network delay (propagated)
   2.000    2.000 ^ input external delay
   0.010    2.010 ^ d_rsp_valid (in)
   0.139    2.149 ^ input35/X (sky130_fd_sc_hd__clkbuf_2)
   0.114    2.263 ^ wire3049/X (sky130_fd_sc_hd__buf_12)
   0.166    2.429 ^ fanout3048/X (sky130_fd_sc_hd__buf_6)
   0.178    2.607 ^ fanout3047/X (sky130_fd_sc_hd__buf_4)
   0.187    2.794 ^ fanout3046/X (sky130_fd_sc_hd__clkbuf_4)
   0.062    2.855 v _14918_/Y (sky130_fd_sc_hd__nor2_4)
   0.241    3.096 ^ _14925_/Y (sky130_fd_sc_hd__o31ai_4)
   0.118    3.214 ^ wire856/X (sky130_fd_sc_hd__buf_6)
   0.064    3.278 v _14932_/Y (sky130_fd_sc_hd__o2111ai_4)
   0.109    3.387 v wire645/X (sky130_fd_sc_hd__buf_6)
   0.076    3.463 v rebuffer3082/X (sky130_fd_sc_hd__buf_6)
   0.194    3.658 ^ _14933_/Y (sky130_fd_sc_hd__nor3_4)
   0.106    3.764 ^ wire436/X (sky130_fd_sc_hd__buf_6)
   0.093    3.856 ^ output109/X (sky130_fd_sc_hd__buf_8)
   0.002    3.858 ^ d_req_valid (out)
            3.858   data arrival time

  10.000   10.000   clock clk (rise edge)
   0.000   10.000   clock network delay (propagated)
  -0.250    9.750   clock uncertainty
   0.000    9.750   clock reconvergence pessimism
  -2.000    7.750   output external delay
            7.750   data required time
-----------------------------------------------------------
            7.750   data required time
           -3.858   data arrival time
-----------------------------------------------------------
            3.892   slack (MET)


NAMED-PATH-END
NAMED-PATH-BEGIN d_rsp_error_to_d_req_valid
Startpoint: d_rsp_error (input port clocked by clk)
Endpoint: d_req_valid (output port clocked by clk)
Path Group: clk
Path Type: max

   Delay     Time   Description
-----------------------------------------------------------
   0.000    0.000   clock clk (rise edge)
   0.000    0.000   clock network delay (propagated)
   2.000    2.000 v input external delay
   0.004    2.004 v d_rsp_error (in)
   0.046    2.050 v hold3947/X (sky130_fd_sc_hd__clkbuf_1)
   0.105    2.155 v input2/X (sky130_fd_sc_hd__buf_2)
   0.140    2.296 v hold3948/X (sky130_fd_sc_hd__clkbuf_1)
   0.163    2.459 v _14922_/Y (sky130_fd_sc_hd__nand2b_2)
   0.139    2.599 v _14923_/X (sky130_fd_sc_hd__o211a_2)
   0.216    2.815 ^ _14925_/Y (sky130_fd_sc_hd__o31ai_4)
   0.118    2.933 ^ wire856/X (sky130_fd_sc_hd__buf_6)
   0.064    2.997 v _14932_/Y (sky130_fd_sc_hd__o2111ai_4)
   0.109    3.106 v wire645/X (sky130_fd_sc_hd__buf_6)
   0.076    3.182 v rebuffer3082/X (sky130_fd_sc_hd__buf_6)
   0.194    3.376 ^ _14933_/Y (sky130_fd_sc_hd__nor3_4)
   0.106    3.483 ^ wire436/X (sky130_fd_sc_hd__buf_6)
   0.093    3.575 ^ output109/X (sky130_fd_sc_hd__buf_8)
   0.002    3.577 ^ d_req_valid (out)
            3.577   data arrival time

  10.000   10.000   clock clk (rise edge)
   0.000   10.000   clock network delay (propagated)
  -0.250    9.750   clock uncertainty
   0.000    9.750   clock reconvergence pessimism
  -2.000    7.750   output external delay
            7.750   data required time
-----------------------------------------------------------
            7.750   data required time
           -3.577   data arrival time
-----------------------------------------------------------
            4.173   slack (MET)


NAMED-PATH-END
