NAMED-PATH-BEGIN d_rsp_valid_to_d_req_valid
Startpoint: d_rsp_valid (input port clocked by clk)
Endpoint: d_req_valid (output port clocked by clk)
Path Group: clk
Path Type: max

   Delay     Time   Description
-----------------------------------------------------------
   0.000    0.000   clock clk (rise edge)
   0.000    0.000   clock network delay (propagated)
   2.000    2.000 ^ input external delay
   0.049    2.049 ^ d_rsp_valid (in)
   0.243    2.292 ^ hold3964/X (sky130_fd_sc_hd__clkbuf_1)
   0.310    2.602 ^ input35/X (sky130_fd_sc_hd__clkbuf_2)
   0.453    3.055 ^ hold3965/X (sky130_fd_sc_hd__clkbuf_1)
   0.381    3.435 ^ wire2945/X (sky130_fd_sc_hd__buf_12)
   0.110    3.546 v _14250_/Y (sky130_fd_sc_hd__nor2_2)
   0.338    3.884 v fanout1316/X (sky130_fd_sc_hd__buf_6)
   0.389    4.272 v fanout1306/X (sky130_fd_sc_hd__buf_4)
   0.542    4.814 ^ _14254_/Y (sky130_fd_sc_hd__o31ai_4)
   0.338    5.152 v _14259_/Y (sky130_fd_sc_hd__o211ai_4)
   0.265    5.417 v rebuffer3252/X (sky130_fd_sc_hd__buf_6)
   0.833    6.250 ^ _14261_/X (sky130_fd_sc_hd__and4bb_4)
   0.296    6.546 ^ output109/X (sky130_fd_sc_hd__buf_8)
   0.000    6.546 ^ d_req_valid (out)
            6.546   data arrival time

  10.000   10.000   clock clk (rise edge)
   0.000   10.000   clock network delay (propagated)
  -0.250    9.750   clock uncertainty
   0.000    9.750   clock reconvergence pessimism
  -2.000    7.750   output external delay
            7.750   data required time
-----------------------------------------------------------
            7.750   data required time
           -6.546   data arrival time
-----------------------------------------------------------
            1.204   slack (MET)


NAMED-PATH-END
NAMED-PATH-BEGIN d_rsp_error_to_d_req_valid
Startpoint: d_rsp_error (input port clocked by clk)
Endpoint: d_req_valid (output port clocked by clk)
Path Group: clk
Path Type: max

   Delay     Time   Description
-----------------------------------------------------------
   0.000    0.000   clock clk (rise edge)
   0.000    0.000   clock network delay (propagated)
   2.000    2.000 v input external delay
   0.024    2.024 v d_rsp_error (in)
   0.175    2.199 v hold3815/X (sky130_fd_sc_hd__clkbuf_1)
   0.313    2.512 v input2/X (sky130_fd_sc_hd__buf_2)
   0.302    2.814 v hold3816/X (sky130_fd_sc_hd__clkbuf_1)
   0.482    3.296 v _14245_/Y (sky130_fd_sc_hd__nand2b_2)
   0.350    3.646 v _14246_/X (sky130_fd_sc_hd__o211a_2)
   0.639    4.285 ^ _14254_/Y (sky130_fd_sc_hd__o31ai_4)
   0.338    4.623 v _14259_/Y (sky130_fd_sc_hd__o211ai_4)
   0.265    4.888 v rebuffer3252/X (sky130_fd_sc_hd__buf_6)
   0.833    5.721 ^ _14261_/X (sky130_fd_sc_hd__and4bb_4)
   0.296    6.017 ^ output109/X (sky130_fd_sc_hd__buf_8)
   0.000    6.017 ^ d_req_valid (out)
            6.017   data arrival time

  10.000   10.000   clock clk (rise edge)
   0.000   10.000   clock network delay (propagated)
  -0.250    9.750   clock uncertainty
   0.000    9.750   clock reconvergence pessimism
  -2.000    7.750   output external delay
            7.750   data required time
-----------------------------------------------------------
            7.750   data required time
           -6.017   data arrival time
-----------------------------------------------------------
            1.733   slack (MET)


NAMED-PATH-END
