NAMED-PATH-BEGIN d_rsp_valid_to_d_req_valid
Startpoint: d_rsp_valid (input port clocked by clk)
Endpoint: d_req_valid (output port clocked by clk)
Path Group: clk
Path Type: max

   Delay     Time   Description
-----------------------------------------------------------
   0.000    0.000   clock clk (rise edge)
   0.000    0.000   clock network delay (propagated)
   2.000    2.000 ^ input external delay
   0.010    2.010 ^ d_rsp_valid (in)
   0.240    2.250 ^ input35/X (sky130_fd_sc_hd__clkbuf_1)
   0.205    2.455 ^ wire2345/X (sky130_fd_sc_hd__clkbuf_4)
   0.240    2.695 ^ _07868_/X (sky130_fd_sc_hd__or3b_2)
   0.198    2.894 ^ _07871_/X (sky130_fd_sc_hd__and4b_2)
   0.080    2.974 ^ fanout836/X (sky130_fd_sc_hd__buf_8)
   0.150    3.124 ^ rebuffer2480/X (sky130_fd_sc_hd__buf_1)
   0.214    3.338 ^ _07873_/X (sky130_fd_sc_hd__and4_4)
   0.100    3.438 ^ wire406/X (sky130_fd_sc_hd__buf_8)
   0.002    3.440 ^ d_req_valid (out)
            3.440   data arrival time

  10.000   10.000   clock clk (rise edge)
   0.000   10.000   clock network delay (propagated)
  -0.250    9.750   clock uncertainty
   0.000    9.750   clock reconvergence pessimism
  -2.000    7.750   output external delay
            7.750   data required time
-----------------------------------------------------------
            7.750   data required time
           -3.440   data arrival time
-----------------------------------------------------------
            4.310   slack (MET)


NAMED-PATH-END
NAMED-PATH-BEGIN d_rsp_error_to_d_req_valid
Startpoint: d_rsp_error (input port clocked by clk)
Endpoint: d_req_valid (output port clocked by clk)
Path Group: clk
Path Type: max

   Delay     Time   Description
-----------------------------------------------------------
   0.000    0.000   clock clk (rise edge)
   0.000    0.000   clock network delay (propagated)
   2.000    2.000 v input external delay
   0.004    2.004 v d_rsp_error (in)
   0.160    2.164 v input2/X (sky130_fd_sc_hd__buf_1)
   0.181    2.345 v _07857_/Y (sky130_fd_sc_hd__nand2b_2)
   0.115    2.461 v _07858_/X (sky130_fd_sc_hd__o211a_2)
   0.100    2.560 ^ _07859_/Y (sky130_fd_sc_hd__o21ai_2)
   0.293    2.853 ^ fanout937/X (sky130_fd_sc_hd__clkbuf_2)
   0.266    3.119 ^ fanout936/X (sky130_fd_sc_hd__clkbuf_2)
   0.193    3.313 ^ _07871_/X (sky130_fd_sc_hd__and4b_2)
   0.080    3.393 ^ fanout836/X (sky130_fd_sc_hd__buf_8)
   0.150    3.543 ^ rebuffer2480/X (sky130_fd_sc_hd__buf_1)
   0.214    3.757 ^ _07873_/X (sky130_fd_sc_hd__and4_4)
   0.100    3.857 ^ wire406/X (sky130_fd_sc_hd__buf_8)
   0.002    3.859 ^ d_req_valid (out)
            3.859   data arrival time

  10.000   10.000   clock clk (rise edge)
   0.000   10.000   clock network delay (propagated)
  -0.250    9.750   clock uncertainty
   0.000    9.750   clock reconvergence pessimism
  -2.000    7.750   output external delay
            7.750   data required time
-----------------------------------------------------------
            7.750   data required time
           -3.859   data arrival time
-----------------------------------------------------------
            3.891   slack (MET)


NAMED-PATH-END
