NAMED-PATH-BEGIN d_rsp_valid_to_d_req_valid
Startpoint: d_rsp_valid (input port clocked by clk)
Endpoint: d_req_valid (output port clocked by clk)
Path Group: clk
Path Type: max

   Delay     Time   Description
-----------------------------------------------------------
   0.000    0.000   clock clk (rise edge)
   0.000    0.000   clock network delay (propagated)
   2.000    2.000 ^ input external delay
   0.022    2.022 ^ d_rsp_valid (in)
   0.272    2.295 ^ input35/X (sky130_fd_sc_hd__clkbuf_2)
   0.331    2.625 ^ wire2954/X (sky130_fd_sc_hd__buf_8)
   0.399    3.025 ^ _07986_/Y (sky130_fd_sc_hd__nand2b_4)
   0.509    3.534 v _07989_/X (sky130_fd_sc_hd__and4bb_4)
   0.267    3.801 v load_slew1341/X (sky130_fd_sc_hd__buf_8)
   0.313    4.114 v fanout1339/X (sky130_fd_sc_hd__buf_4)
   0.458    4.572 ^ _07990_/Y (sky130_fd_sc_hd__nor3b_4)
   0.292    4.864 v _07992_/Y (sky130_fd_sc_hd__nand3_2)
   0.442    5.306 ^ _07993_/Y (sky130_fd_sc_hd__nor3_4)
   0.365    5.671 ^ wire243/X (sky130_fd_sc_hd__buf_6)
   0.252    5.923 ^ output109/X (sky130_fd_sc_hd__buf_6)
   0.000    5.923 ^ d_req_valid (out)
            5.923   data arrival time

  10.000   10.000   clock clk (rise edge)
   0.000   10.000   clock network delay (propagated)
  -0.250    9.750   clock uncertainty
   0.000    9.750   clock reconvergence pessimism
  -2.000    7.750   output external delay
            7.750   data required time
-----------------------------------------------------------
            7.750   data required time
           -5.923   data arrival time
-----------------------------------------------------------
            1.827   slack (MET)


NAMED-PATH-END
NAMED-PATH-BEGIN d_rsp_error_to_d_req_valid
Startpoint: d_rsp_error (input port clocked by clk)
Endpoint: d_req_valid (output port clocked by clk)
Path Group: clk
Path Type: max

   Delay     Time   Description
-----------------------------------------------------------
   0.000    0.000   clock clk (rise edge)
   0.000    0.000   clock network delay (propagated)
   2.000    2.000 v input external delay
   0.010    2.010 v d_rsp_error (in)
   0.351    2.361 v input2/X (sky130_fd_sc_hd__buf_2)
   0.491    2.852 v _07977_/Y (sky130_fd_sc_hd__nand2b_2)
   0.286    3.138 v _07978_/X (sky130_fd_sc_hd__o211a_2)
   0.457    3.595 ^ _07980_/Y (sky130_fd_sc_hd__o21ai_2)
   0.399    3.994 ^ load_slew732/X (sky130_fd_sc_hd__buf_6)
   0.230    4.224 v _07992_/Y (sky130_fd_sc_hd__nand3_2)
   0.442    4.666 ^ _07993_/Y (sky130_fd_sc_hd__nor3_4)
   0.365    5.031 ^ wire243/X (sky130_fd_sc_hd__buf_6)
   0.252    5.283 ^ output109/X (sky130_fd_sc_hd__buf_6)
   0.000    5.283 ^ d_req_valid (out)
            5.283   data arrival time

  10.000   10.000   clock clk (rise edge)
   0.000   10.000   clock network delay (propagated)
  -0.250    9.750   clock uncertainty
   0.000    9.750   clock reconvergence pessimism
  -2.000    7.750   output external delay
            7.750   data required time
-----------------------------------------------------------
            7.750   data required time
           -5.283   data arrival time
-----------------------------------------------------------
            2.467   slack (MET)


NAMED-PATH-END
