NAMED-PATH-BEGIN d_rsp_valid_to_d_req_valid
Startpoint: d_rsp_valid (input port clocked by clk)
Endpoint: d_req_valid (output port clocked by clk)
Path Group: clk
Path Type: max

   Delay     Time   Description
-----------------------------------------------------------
   0.000    0.000   clock clk (rise edge)
   0.000    0.000   clock network delay (propagated)
   2.000    2.000 ^ input external delay
   0.010    2.010 ^ d_rsp_valid (in)
   0.081    2.091 ^ input35/X (sky130_fd_sc_hd__clkbuf_2)
   0.109    2.199 ^ wire2984/X (sky130_fd_sc_hd__buf_8)
   0.343    2.543 ^ fanout2982/X (sky130_fd_sc_hd__dlymetal6s4s_1)
   0.201    2.743 v _07762_/X (sky130_fd_sc_hd__and4bb_4)
   0.121    2.864 v load_slew1526/X (sky130_fd_sc_hd__buf_4)
   0.161    3.026 ^ _07765_/Y (sky130_fd_sc_hd__nand2_2)
   0.139    3.165 ^ _07770_/X (sky130_fd_sc_hd__and3_4)
   0.140    3.305 ^ fanout543/X (sky130_fd_sc_hd__buf_6)
   0.218    3.523 ^ _07771_/X (sky130_fd_sc_hd__and4_4)
   0.101    3.625 ^ output109/X (sky130_fd_sc_hd__buf_8)
   0.002    3.627 ^ d_req_valid (out)
            3.627   data arrival time

  10.000   10.000   clock clk (rise edge)
   0.000   10.000   clock network delay (propagated)
  -0.250    9.750   clock uncertainty
   0.000    9.750   clock reconvergence pessimism
  -2.000    7.750   output external delay
            7.750   data required time
-----------------------------------------------------------
            7.750   data required time
           -3.627   data arrival time
-----------------------------------------------------------
            4.123   slack (MET)


NAMED-PATH-END
NAMED-PATH-BEGIN d_rsp_error_to_d_req_valid
Startpoint: d_rsp_error (input port clocked by clk)
Endpoint: d_req_valid (output port clocked by clk)
Path Group: clk
Path Type: max

   Delay     Time   Description
-----------------------------------------------------------
   0.000    0.000   clock clk (rise edge)
   0.000    0.000   clock network delay (propagated)
   2.000    2.000 v input external delay
   0.003    2.003 v d_rsp_error (in)
   0.194    2.197 v input2/X (sky130_fd_sc_hd__clkbuf_2)
   0.207    2.404 v _07756_/Y (sky130_fd_sc_hd__nand2b_2)
   0.108    2.512 v _07757_/X (sky130_fd_sc_hd__o211a_2)
   0.270    2.782 ^ _07760_/Y (sky130_fd_sc_hd__o21ai_2)
   0.123    2.905 ^ load_slew748/X (sky130_fd_sc_hd__buf_6)
   0.128    3.032 ^ _07770_/X (sky130_fd_sc_hd__and3_4)
   0.140    3.173 ^ fanout543/X (sky130_fd_sc_hd__buf_6)
   0.218    3.391 ^ _07771_/X (sky130_fd_sc_hd__and4_4)
   0.101    3.492 ^ output109/X (sky130_fd_sc_hd__buf_8)
   0.002    3.494 ^ d_req_valid (out)
            3.494   data arrival time

  10.000   10.000   clock clk (rise edge)
   0.000   10.000   clock network delay (propagated)
  -0.250    9.750   clock uncertainty
   0.000    9.750   clock reconvergence pessimism
  -2.000    7.750   output external delay
            7.750   data required time
-----------------------------------------------------------
            7.750   data required time
           -3.494   data arrival time
-----------------------------------------------------------
            4.256   slack (MET)


NAMED-PATH-END
