NAMED-PATH-BEGIN d_rsp_valid_to_d_req_valid
Startpoint: d_rsp_valid (input port clocked by clk)
Endpoint: d_req_valid (output port clocked by clk)
Path Group: clk
Path Type: max

   Delay     Time   Description
-----------------------------------------------------------
   0.000    0.000   clock clk (rise edge)
   0.000    0.000   clock network delay (propagated)
   2.000    2.000 ^ input external delay
   0.009    2.009 ^ d_rsp_valid (in)
   0.252    2.260 ^ input35/X (sky130_fd_sc_hd__dlymetal6s4s_1)
   0.186    2.446 ^ _07842_/Y (sky130_fd_sc_hd__nand2b_4)
   0.185    2.631 ^ fanout1499/X (sky130_fd_sc_hd__clkbuf_2)
   0.211    2.842 v _07846_/X (sky130_fd_sc_hd__and4bb_4)
   0.239    3.082 v fanout1356/X (sky130_fd_sc_hd__dlymetal6s4s_1)
   0.099    3.181 ^ _07848_/Y (sky130_fd_sc_hd__a221oi_4)
   0.070    3.251 v _07849_/Y (sky130_fd_sc_hd__nand4_4)
   0.131    3.382 v rebuffer3044/X (sky130_fd_sc_hd__buf_2)
   0.313    3.694 ^ _07850_/X (sky130_fd_sc_hd__and4b_2)
   0.106    3.801 ^ output109/X (sky130_fd_sc_hd__buf_8)
   0.001    3.802 ^ d_req_valid (out)
            3.802   data arrival time

  10.000   10.000   clock clk (rise edge)
   0.000   10.000   clock network delay (propagated)
  -0.250    9.750   clock uncertainty
   0.000    9.750   clock reconvergence pessimism
  -2.000    7.750   output external delay
            7.750   data required time
-----------------------------------------------------------
            7.750   data required time
           -3.802   data arrival time
-----------------------------------------------------------
            3.948   slack (MET)


NAMED-PATH-END
NAMED-PATH-BEGIN d_rsp_error_to_d_req_valid
Startpoint: d_rsp_error (input port clocked by clk)
Endpoint: d_req_valid (output port clocked by clk)
Path Group: clk
Path Type: max

   Delay     Time   Description
-----------------------------------------------------------
   0.000    0.000   clock clk (rise edge)
   0.000    0.000   clock network delay (propagated)
   2.000    2.000 v input external delay
   0.002    2.002 v d_rsp_error (in)
   0.122    2.124 v input2/X (sky130_fd_sc_hd__buf_2)
   0.154    2.279 v _07832_/Y (sky130_fd_sc_hd__nand2b_2)
   0.105    2.384 v _07833_/X (sky130_fd_sc_hd__o211a_2)
   0.162    2.546 ^ _07835_/Y (sky130_fd_sc_hd__o21ai_4)
   0.131    2.677 ^ load_slew788/X (sky130_fd_sc_hd__buf_6)
   0.070    2.747 v _07849_/Y (sky130_fd_sc_hd__nand4_4)
   0.131    2.878 v rebuffer3044/X (sky130_fd_sc_hd__buf_2)
   0.313    3.191 ^ _07850_/X (sky130_fd_sc_hd__and4b_2)
   0.106    3.297 ^ output109/X (sky130_fd_sc_hd__buf_8)
   0.001    3.298 ^ d_req_valid (out)
            3.298   data arrival time

  10.000   10.000   clock clk (rise edge)
   0.000   10.000   clock network delay (propagated)
  -0.250    9.750   clock uncertainty
   0.000    9.750   clock reconvergence pessimism
  -2.000    7.750   output external delay
            7.750   data required time
-----------------------------------------------------------
            7.750   data required time
           -3.298   data arrival time
-----------------------------------------------------------
            4.452   slack (MET)


NAMED-PATH-END
