NAMED-PATH-BEGIN d_rsp_valid_to_d_req_valid
Startpoint: d_rsp_valid (input port clocked by clk)
Endpoint: d_req_valid (output port clocked by clk)
Path Group: clk
Path Type: max

   Delay     Time   Description
-----------------------------------------------------------
   0.000    0.000   clock clk (rise edge)
   0.000    0.000   clock network delay (propagated)
   2.000    2.000 ^ input external delay
   0.011    2.011 ^ d_rsp_valid (in)
   0.051    2.061 ^ hold3995/X (sky130_fd_sc_hd__clkbuf_1)
   0.086    2.148 ^ input35/X (sky130_fd_sc_hd__clkbuf_4)
   0.130    2.278 ^ hold3996/X (sky130_fd_sc_hd__clkbuf_1)
   0.136    2.414 ^ wire3064/X (sky130_fd_sc_hd__buf_12)
   0.193    2.607 ^ fanout3061/X (sky130_fd_sc_hd__buf_2)
   0.074    2.681 v _14918_/Y (sky130_fd_sc_hd__nor2_4)
   0.106    2.787 v fanout1357/X (sky130_fd_sc_hd__buf_12)
   0.199    2.987 ^ _14925_/Y (sky130_fd_sc_hd__o31ai_4)
   0.115    3.102 ^ wire839/X (sky130_fd_sc_hd__buf_6)
   0.051    3.153 v _14932_/Y (sky130_fd_sc_hd__o2111ai_4)
   0.108    3.261 v wire633/X (sky130_fd_sc_hd__buf_8)
   0.081    3.342 v rebuffer3119/X (sky130_fd_sc_hd__buf_6)
   0.189    3.531 ^ _14933_/Y (sky130_fd_sc_hd__nor3_4)
   0.108    3.639 ^ wire426/X (sky130_fd_sc_hd__buf_6)
   0.090    3.730 ^ output109/X (sky130_fd_sc_hd__buf_8)
   0.001    3.731 ^ d_req_valid (out)
            3.731   data arrival time

  10.000   10.000   clock clk (rise edge)
   0.000   10.000   clock network delay (propagated)
  -0.250    9.750   clock uncertainty
   0.000    9.750   clock reconvergence pessimism
  -2.000    7.750   output external delay
            7.750   data required time
-----------------------------------------------------------
            7.750   data required time
           -3.731   data arrival time
-----------------------------------------------------------
            4.019   slack (MET)


NAMED-PATH-END
NAMED-PATH-BEGIN d_rsp_error_to_d_req_valid
Startpoint: d_rsp_error (input port clocked by clk)
Endpoint: d_req_valid (output port clocked by clk)
Path Group: clk
Path Type: max

   Delay     Time   Description
-----------------------------------------------------------
   0.000    0.000   clock clk (rise edge)
   0.000    0.000   clock network delay (propagated)
   2.000    2.000 v input external delay
   0.005    2.005 v d_rsp_error (in)
   0.051    2.056 v hold3990/X (sky130_fd_sc_hd__clkbuf_1)
   0.090    2.146 v input2/X (sky130_fd_sc_hd__clkbuf_2)
   0.129    2.275 v hold3991/X (sky130_fd_sc_hd__clkbuf_1)
   0.128    2.403 v wire3068/X (sky130_fd_sc_hd__buf_12)
   0.138    2.541 v _14922_/Y (sky130_fd_sc_hd__nand2b_2)
   0.133    2.674 v _14923_/X (sky130_fd_sc_hd__o211a_2)
   0.250    2.925 ^ _14925_/Y (sky130_fd_sc_hd__o31ai_4)
   0.115    3.040 ^ wire839/X (sky130_fd_sc_hd__buf_6)
   0.051    3.091 v _14932_/Y (sky130_fd_sc_hd__o2111ai_4)
   0.108    3.198 v wire633/X (sky130_fd_sc_hd__buf_8)
   0.081    3.280 v rebuffer3119/X (sky130_fd_sc_hd__buf_6)
   0.189    3.469 ^ _14933_/Y (sky130_fd_sc_hd__nor3_4)
   0.108    3.577 ^ wire426/X (sky130_fd_sc_hd__buf_6)
   0.090    3.667 ^ output109/X (sky130_fd_sc_hd__buf_8)
   0.001    3.668 ^ d_req_valid (out)
            3.668   data arrival time

  10.000   10.000   clock clk (rise edge)
   0.000   10.000   clock network delay (propagated)
  -0.250    9.750   clock uncertainty
   0.000    9.750   clock reconvergence pessimism
  -2.000    7.750   output external delay
            7.750   data required time
-----------------------------------------------------------
            7.750   data required time
           -3.668   data arrival time
-----------------------------------------------------------
            4.082   slack (MET)


NAMED-PATH-END
