NAMED-PATH-BEGIN d_rsp_valid_to_d_req_valid
Startpoint: d_rsp_valid (input port clocked by clk)
Endpoint: d_req_valid (output port clocked by clk)
Path Group: clk
Path Type: max

   Delay     Time   Description
-----------------------------------------------------------
   0.000    0.000   clock clk (rise edge)
   0.000    0.000   clock network delay (propagated)
   2.000    2.000 ^ input external delay
   0.012    2.012 ^ d_rsp_valid (in)
   0.289    2.300 ^ input35/X (sky130_fd_sc_hd__buf_2)
   0.341    2.641 ^ fanout1862/X (sky130_fd_sc_hd__buf_2)
   0.338    2.979 v _07762_/X (sky130_fd_sc_hd__and4bb_2)
   0.203    3.182 v fanout1026/X (sky130_fd_sc_hd__buf_6)
   0.232    3.414 v fanout1010/X (sky130_fd_sc_hd__buf_4)
   0.152    3.566 ^ _07765_/Y (sky130_fd_sc_hd__nand2_8)
   0.237    3.803 ^ _07770_/X (sky130_fd_sc_hd__and3_4)
   0.168    3.971 ^ fanout435/X (sky130_fd_sc_hd__buf_12)
   0.350    4.321 ^ _07771_/X (sky130_fd_sc_hd__and4_4)
   0.165    4.485 ^ output109/X (sky130_fd_sc_hd__buf_8)
   0.002    4.488 ^ d_req_valid (out)
            4.488   data arrival time

  10.000   10.000   clock clk (rise edge)
   0.000   10.000   clock network delay (propagated)
  -0.250    9.750   clock uncertainty
   0.000    9.750   clock reconvergence pessimism
  -2.000    7.750   output external delay
            7.750   data required time
-----------------------------------------------------------
            7.750   data required time
           -4.488   data arrival time
-----------------------------------------------------------
            3.262   slack (MET)


NAMED-PATH-END
NAMED-PATH-BEGIN d_rsp_error_to_d_req_valid
Startpoint: d_rsp_error (input port clocked by clk)
Endpoint: d_req_valid (output port clocked by clk)
Path Group: clk
Path Type: max

   Delay     Time   Description
-----------------------------------------------------------
   0.000    0.000   clock clk (rise edge)
   0.000    0.000   clock network delay (propagated)
   2.000    2.000 v input external delay
   0.005    2.005 v d_rsp_error (in)
   0.211    2.217 v input2/X (sky130_fd_sc_hd__buf_2)
   0.273    2.490 v _07756_/Y (sky130_fd_sc_hd__nand2b_2)
   0.162    2.652 v _07757_/X (sky130_fd_sc_hd__o211a_2)
   0.297    2.949 ^ _07760_/Y (sky130_fd_sc_hd__o21ai_2)
   0.184    3.134 ^ fanout591/X (sky130_fd_sc_hd__buf_12)
   0.227    3.361 ^ _07770_/X (sky130_fd_sc_hd__and3_4)
   0.168    3.529 ^ fanout435/X (sky130_fd_sc_hd__buf_12)
   0.350    3.879 ^ _07771_/X (sky130_fd_sc_hd__and4_4)
   0.165    4.044 ^ output109/X (sky130_fd_sc_hd__buf_8)
   0.002    4.046 ^ d_req_valid (out)
            4.046   data arrival time

  10.000   10.000   clock clk (rise edge)
   0.000   10.000   clock network delay (propagated)
  -0.250    9.750   clock uncertainty
   0.000    9.750   clock reconvergence pessimism
  -2.000    7.750   output external delay
            7.750   data required time
-----------------------------------------------------------
            7.750   data required time
           -4.046   data arrival time
-----------------------------------------------------------
            3.704   slack (MET)


NAMED-PATH-END
