NAMED-PATH-BEGIN d_rsp_valid_to_d_req_valid
Startpoint: d_rsp_valid (input port clocked by clk)
Endpoint: d_req_valid (output port clocked by clk)
Path Group: clk
Path Type: max

   Delay     Time   Description
-----------------------------------------------------------
   0.000    0.000   clock clk (rise edge)
   0.000    0.000   clock network delay (propagated)
   2.000    2.000 ^ input external delay
   0.011    2.011 ^ d_rsp_valid (in)
   0.050    2.061 ^ hold3930/X (sky130_fd_sc_hd__clkbuf_1)
   0.082    2.142 ^ input35/X (sky130_fd_sc_hd__clkbuf_4)
   0.119    2.261 ^ hold3931/X (sky130_fd_sc_hd__clkbuf_1)
   0.140    2.401 ^ wire3044/X (sky130_fd_sc_hd__buf_12)
   0.208    2.610 ^ fanout3043/X (sky130_fd_sc_hd__clkbuf_4)
   0.179    2.789 ^ fanout3042/X (sky130_fd_sc_hd__clkbuf_4)
   0.047    2.836 v _14918_/Y (sky130_fd_sc_hd__nor2_4)
   0.100    2.936 v fanout1347/X (sky130_fd_sc_hd__buf_12)
   0.191    3.127 ^ _14925_/Y (sky130_fd_sc_hd__o31ai_4)
   0.098    3.224 ^ max_cap862/X (sky130_fd_sc_hd__buf_6)
   0.062    3.286 v _14932_/Y (sky130_fd_sc_hd__o2111ai_4)
   0.105    3.391 v rebuffer3093/X (sky130_fd_sc_hd__buf_6)
   0.215    3.607 ^ _14933_/Y (sky130_fd_sc_hd__nor3_4)
   0.110    3.717 ^ wire420/X (sky130_fd_sc_hd__buf_6)
   0.093    3.810 ^ output109/X (sky130_fd_sc_hd__buf_8)
   0.002    3.812 ^ d_req_valid (out)
            3.812   data arrival time

  10.000   10.000   clock clk (rise edge)
   0.000   10.000   clock network delay (propagated)
  -0.250    9.750   clock uncertainty
   0.000    9.750   clock reconvergence pessimism
  -2.000    7.750   output external delay
            7.750   data required time
-----------------------------------------------------------
            7.750   data required time
           -3.812   data arrival time
-----------------------------------------------------------
            3.938   slack (MET)


NAMED-PATH-END
NAMED-PATH-BEGIN d_rsp_error_to_d_req_valid
Startpoint: d_rsp_error (input port clocked by clk)
Endpoint: d_req_valid (output port clocked by clk)
Path Group: clk
Path Type: max

   Delay     Time   Description
-----------------------------------------------------------
   0.000    0.000   clock clk (rise edge)
   0.000    0.000   clock network delay (propagated)
   2.000    2.000 v input external delay
   0.004    2.004 v d_rsp_error (in)
   0.048    2.052 v hold3948/X (sky130_fd_sc_hd__clkbuf_1)
   0.139    2.191 v input2/X (sky130_fd_sc_hd__clkbuf_2)
   0.137    2.328 v wire3048/X (sky130_fd_sc_hd__buf_12)
   0.153    2.481 v _14922_/Y (sky130_fd_sc_hd__nand2b_2)
   0.131    2.613 v _14923_/X (sky130_fd_sc_hd__o211a_2)
   0.181    2.794 ^ _14925_/Y (sky130_fd_sc_hd__o31ai_4)
   0.098    2.891 ^ max_cap862/X (sky130_fd_sc_hd__buf_6)
   0.062    2.954 v _14932_/Y (sky130_fd_sc_hd__o2111ai_4)
   0.105    3.059 v rebuffer3093/X (sky130_fd_sc_hd__buf_6)
   0.215    3.274 ^ _14933_/Y (sky130_fd_sc_hd__nor3_4)
   0.110    3.384 ^ wire420/X (sky130_fd_sc_hd__buf_6)
   0.093    3.477 ^ output109/X (sky130_fd_sc_hd__buf_8)
   0.002    3.479 ^ d_req_valid (out)
            3.479   data arrival time

  10.000   10.000   clock clk (rise edge)
   0.000   10.000   clock network delay (propagated)
  -0.250    9.750   clock uncertainty
   0.000    9.750   clock reconvergence pessimism
  -2.000    7.750   output external delay
            7.750   data required time
-----------------------------------------------------------
            7.750   data required time
           -3.479   data arrival time
-----------------------------------------------------------
            4.271   slack (MET)


NAMED-PATH-END
