NAMED-PATH-BEGIN d_rsp_valid_to_d_req_valid
Startpoint: d_rsp_valid (input port clocked by clk)
Endpoint: d_req_valid (output port clocked by clk)
Path Group: clk
Path Type: max

   Delay     Time   Description
-----------------------------------------------------------
   0.000    0.000   clock clk (rise edge)
   0.000    0.000   clock network delay (propagated)
   2.000    2.000 ^ input external delay
   0.021    2.021 ^ d_rsp_valid (in)
   0.241    2.261 ^ input35/X (sky130_fd_sc_hd__clkbuf_2)
   0.257    2.519 ^ wire3118/X (sky130_fd_sc_hd__buf_12)
   0.551    3.070 ^ fanout3117/X (sky130_fd_sc_hd__buf_2)
   0.609    3.679 ^ fanout3114/X (sky130_fd_sc_hd__buf_2)
   0.254    3.933 v _14918_/Y (sky130_fd_sc_hd__nor2_4)
   0.272    4.205 v fanout1399/X (sky130_fd_sc_hd__buf_12)
   0.220    4.425 v fanout1398/X (sky130_fd_sc_hd__buf_12)
   0.226    4.650 v fanout1397/X (sky130_fd_sc_hd__buf_12)
   0.512    5.162 ^ _14925_/Y (sky130_fd_sc_hd__o31ai_4)
   0.379    5.542 ^ wire869/X (sky130_fd_sc_hd__buf_6)
   0.303    5.845 v _14932_/Y (sky130_fd_sc_hd__o2111ai_4)
   0.346    6.191 v wire651/X (sky130_fd_sc_hd__buf_6)
   0.470    6.660 ^ _14933_/Y (sky130_fd_sc_hd__nor3_4)
   0.367    7.027 ^ wire433/X (sky130_fd_sc_hd__buf_6)
   0.236    7.263 ^ output109/X (sky130_fd_sc_hd__buf_8)
   0.001    7.264 ^ d_req_valid (out)
            7.264   data arrival time

  10.000   10.000   clock clk (rise edge)
   0.000   10.000   clock network delay (propagated)
  -0.250    9.750   clock uncertainty
   0.000    9.750   clock reconvergence pessimism
  -2.000    7.750   output external delay
            7.750   data required time
-----------------------------------------------------------
            7.750   data required time
           -7.264   data arrival time
-----------------------------------------------------------
            0.486   slack (MET)


NAMED-PATH-END
NAMED-PATH-BEGIN d_rsp_error_to_d_req_valid
Startpoint: d_rsp_error (input port clocked by clk)
Endpoint: d_req_valid (output port clocked by clk)
Path Group: clk
Path Type: max

   Delay     Time   Description
-----------------------------------------------------------
   0.000    0.000   clock clk (rise edge)
   0.000    0.000   clock network delay (propagated)
   2.000    2.000 v input external delay
   0.015    2.015 v d_rsp_error (in)
   0.160    2.175 v hold6572/X (sky130_fd_sc_hd__clkbuf_1)
   0.347    2.522 v input2/X (sky130_fd_sc_hd__buf_2)
   0.318    2.840 v wire3123/X (sky130_fd_sc_hd__buf_12)
   0.421    3.261 v _14922_/Y (sky130_fd_sc_hd__nand2b_2)
   0.384    3.645 v _14923_/X (sky130_fd_sc_hd__o211a_2)
   0.491    4.137 ^ _14925_/Y (sky130_fd_sc_hd__o31ai_4)
   0.379    4.516 ^ wire869/X (sky130_fd_sc_hd__buf_6)
   0.303    4.820 v _14932_/Y (sky130_fd_sc_hd__o2111ai_4)
   0.346    5.165 v wire651/X (sky130_fd_sc_hd__buf_6)
   0.470    5.635 ^ _14933_/Y (sky130_fd_sc_hd__nor3_4)
   0.367    6.002 ^ wire433/X (sky130_fd_sc_hd__buf_6)
   0.236    6.238 ^ output109/X (sky130_fd_sc_hd__buf_8)
   0.001    6.238 ^ d_req_valid (out)
            6.238   data arrival time

  10.000   10.000   clock clk (rise edge)
   0.000   10.000   clock network delay (propagated)
  -0.250    9.750   clock uncertainty
   0.000    9.750   clock reconvergence pessimism
  -2.000    7.750   output external delay
            7.750   data required time
-----------------------------------------------------------
            7.750   data required time
           -6.238   data arrival time
-----------------------------------------------------------
            1.512   slack (MET)


NAMED-PATH-END
