NAMED-PATH-BEGIN d_rsp_valid_to_d_req_valid
Startpoint: d_rsp_valid (input port clocked by clk)
Endpoint: d_req_valid (output port clocked by clk)
Path Group: clk
Path Type: max

   Delay     Time   Description
-----------------------------------------------------------
   0.000    0.000   clock clk (rise edge)
   0.000    0.000   clock network delay (propagated)
   2.000    2.000 ^ input external delay
   0.008    2.008 ^ d_rsp_valid (in)
   0.145    2.153 ^ input35/X (sky130_fd_sc_hd__clkbuf_1)
   0.118    2.271 ^ wire2987/X (sky130_fd_sc_hd__buf_12)
   0.125    2.396 ^ fanout2985/X (sky130_fd_sc_hd__clkbuf_2)
   0.198    2.594 v _07785_/X (sky130_fd_sc_hd__and4bb_2)
   0.137    2.731 v fanout1557/X (sky130_fd_sc_hd__clkbuf_4)
   0.413    3.144 v fanout1555/X (sky130_fd_sc_hd__dlygate4sd3_1)
   0.113    3.257 v load_slew1556/X (sky130_fd_sc_hd__buf_6)
   0.105    3.362 ^ _07788_/Y (sky130_fd_sc_hd__nand2_4)
   0.127    3.489 ^ _07795_/X (sky130_fd_sc_hd__and3_4)
   0.162    3.651 ^ fanout535/X (sky130_fd_sc_hd__buf_4)
   0.259    3.910 ^ _07796_/X (sky130_fd_sc_hd__and4_2)
   0.309    4.219 ^ output109/X (sky130_fd_sc_hd__dlymetal6s4s_1)
   0.000    4.220 ^ d_req_valid (out)
            4.220   data arrival time

  10.000   10.000   clock clk (rise edge)
   0.000   10.000   clock network delay (propagated)
  -0.250    9.750   clock uncertainty
   0.000    9.750   clock reconvergence pessimism
  -2.000    7.750   output external delay
            7.750   data required time
-----------------------------------------------------------
            7.750   data required time
           -4.220   data arrival time
-----------------------------------------------------------
            3.530   slack (MET)


NAMED-PATH-END
NAMED-PATH-BEGIN d_rsp_error_to_d_req_valid
Startpoint: d_rsp_error (input port clocked by clk)
Endpoint: d_req_valid (output port clocked by clk)
Path Group: clk
Path Type: max

   Delay     Time   Description
-----------------------------------------------------------
   0.000    0.000   clock clk (rise edge)
   0.000    0.000   clock network delay (propagated)
   2.000    2.000 v input external delay
   0.003    2.003 v d_rsp_error (in)
   0.080    2.083 v input2/X (sky130_fd_sc_hd__clkbuf_1)
   0.119    2.202 v wire2993/X (sky130_fd_sc_hd__buf_4)
   0.119    2.320 v _07792_/Y (sky130_fd_sc_hd__nand2b_2)
   0.132    2.452 v _07793_/X (sky130_fd_sc_hd__o211a_2)
   0.198    2.650 ^ _07794_/Y (sky130_fd_sc_hd__o21ai_2)
   0.452    3.102 ^ fanout727/X (sky130_fd_sc_hd__dlymetal6s4s_1)
   0.157    3.259 ^ _07795_/X (sky130_fd_sc_hd__and3_4)
   0.162    3.421 ^ fanout535/X (sky130_fd_sc_hd__buf_4)
   0.259    3.680 ^ _07796_/X (sky130_fd_sc_hd__and4_2)
   0.309    3.989 ^ output109/X (sky130_fd_sc_hd__dlymetal6s4s_1)
   0.000    3.990 ^ d_req_valid (out)
            3.990   data arrival time

  10.000   10.000   clock clk (rise edge)
   0.000   10.000   clock network delay (propagated)
  -0.250    9.750   clock uncertainty
   0.000    9.750   clock reconvergence pessimism
  -2.000    7.750   output external delay
            7.750   data required time
-----------------------------------------------------------
            7.750   data required time
           -3.990   data arrival time
-----------------------------------------------------------
            3.760   slack (MET)


NAMED-PATH-END
