NAMED-PATH-BEGIN d_rsp_valid_to_d_req_valid
Startpoint: d_rsp_valid (input port clocked by clk)
Endpoint: d_req_valid (output port clocked by clk)
Path Group: clk
Path Type: max

   Delay     Time   Description
-----------------------------------------------------------
   0.000    0.000   clock clk (rise edge)
   0.000    0.000   clock network delay (propagated)
   2.000    2.000 ^ input external delay
   0.013    2.013 ^ d_rsp_valid (in)
   0.116    2.129 ^ input35/X (sky130_fd_sc_hd__clkbuf_2)
   0.152    2.281 ^ wire2984/X (sky130_fd_sc_hd__buf_8)
   0.439    2.720 ^ fanout2982/X (sky130_fd_sc_hd__dlymetal6s4s_1)
   0.332    3.052 v _07762_/X (sky130_fd_sc_hd__and4bb_4)
   0.175    3.227 v load_slew1526/X (sky130_fd_sc_hd__buf_4)
   0.201    3.428 ^ _07765_/Y (sky130_fd_sc_hd__nand2_2)
   0.238    3.666 ^ _07770_/X (sky130_fd_sc_hd__and3_4)
   0.195    3.861 ^ fanout543/X (sky130_fd_sc_hd__buf_6)
   0.347    4.208 ^ _07771_/X (sky130_fd_sc_hd__and4_4)
   0.157    4.365 ^ output109/X (sky130_fd_sc_hd__buf_8)
   0.001    4.366 ^ d_req_valid (out)
            4.366   data arrival time

  10.000   10.000   clock clk (rise edge)
   0.000   10.000   clock network delay (propagated)
  -0.250    9.750   clock uncertainty
   0.000    9.750   clock reconvergence pessimism
  -2.000    7.750   output external delay
            7.750   data required time
-----------------------------------------------------------
            7.750   data required time
           -4.366   data arrival time
-----------------------------------------------------------
            3.384   slack (MET)


NAMED-PATH-END
NAMED-PATH-BEGIN d_rsp_error_to_d_req_valid
Startpoint: d_rsp_error (input port clocked by clk)
Endpoint: d_req_valid (output port clocked by clk)
Path Group: clk
Path Type: max

   Delay     Time   Description
-----------------------------------------------------------
   0.000    0.000   clock clk (rise edge)
   0.000    0.000   clock network delay (propagated)
   2.000    2.000 v input external delay
   0.005    2.005 v d_rsp_error (in)
   0.271    2.276 v input2/X (sky130_fd_sc_hd__clkbuf_2)
   0.310    2.587 v _07756_/Y (sky130_fd_sc_hd__nand2b_2)
   0.165    2.752 v _07757_/X (sky130_fd_sc_hd__o211a_2)
   0.355    3.107 ^ _07760_/Y (sky130_fd_sc_hd__o21ai_2)
   0.215    3.322 ^ load_slew748/X (sky130_fd_sc_hd__buf_6)
   0.208    3.530 ^ _07770_/X (sky130_fd_sc_hd__and3_4)
   0.195    3.725 ^ fanout543/X (sky130_fd_sc_hd__buf_6)
   0.347    4.072 ^ _07771_/X (sky130_fd_sc_hd__and4_4)
   0.157    4.229 ^ output109/X (sky130_fd_sc_hd__buf_8)
   0.001    4.230 ^ d_req_valid (out)
            4.230   data arrival time

  10.000   10.000   clock clk (rise edge)
   0.000   10.000   clock network delay (propagated)
  -0.250    9.750   clock uncertainty
   0.000    9.750   clock reconvergence pessimism
  -2.000    7.750   output external delay
            7.750   data required time
-----------------------------------------------------------
            7.750   data required time
           -4.230   data arrival time
-----------------------------------------------------------
            3.520   slack (MET)


NAMED-PATH-END
