NAMED-PATH-BEGIN d_rsp_valid_to_d_req_valid
Startpoint: d_rsp_valid (input port clocked by clk)
Endpoint: d_req_valid (output port clocked by clk)
Path Group: clk
Path Type: max

   Delay     Time   Description
-----------------------------------------------------------
   0.000    0.000   clock clk (rise edge)
   0.000    0.000   clock network delay (propagated)
   2.000    2.000 ^ input external delay
   0.013    2.013 ^ d_rsp_valid (in)
   0.111    2.125 ^ input35/X (sky130_fd_sc_hd__clkbuf_2)
   0.153    2.278 ^ wire2924/X (sky130_fd_sc_hd__buf_8)
   0.284    2.562 ^ fanout2920/X (sky130_fd_sc_hd__dlymetal6s4s_1)
   0.080    2.642 v _07634_/Y (sky130_fd_sc_hd__nor2_4)
   0.153    2.794 v fanout1363/X (sky130_fd_sc_hd__buf_6)
   0.157    2.952 v fanout1361/X (sky130_fd_sc_hd__buf_6)
   0.196    3.148 v _07636_/X (sky130_fd_sc_hd__and2_4)
   0.152    3.300 v fanout741/X (sky130_fd_sc_hd__buf_6)
   0.192    3.492 v fanout737/X (sky130_fd_sc_hd__clkbuf_4)
   0.228    3.720 ^ _07639_/Y (sky130_fd_sc_hd__nor3b_4)
   0.195    3.915 ^ fanout551/X (sky130_fd_sc_hd__buf_6)
   0.354    4.270 ^ _07640_/X (sky130_fd_sc_hd__and3b_2)
   0.178    4.447 ^ output109/X (sky130_fd_sc_hd__buf_8)
   0.001    4.448 ^ d_req_valid (out)
            4.448   data arrival time

  10.000   10.000   clock clk (rise edge)
   0.000   10.000   clock network delay (propagated)
  -0.250    9.750   clock uncertainty
   0.000    9.750   clock reconvergence pessimism
  -2.000    7.750   output external delay
            7.750   data required time
-----------------------------------------------------------
            7.750   data required time
           -4.448   data arrival time
-----------------------------------------------------------
            3.302   slack (MET)


NAMED-PATH-END
NAMED-PATH-BEGIN d_rsp_error_to_d_req_valid
Startpoint: d_rsp_error (input port clocked by clk)
Endpoint: d_req_valid (output port clocked by clk)
Path Group: clk
Path Type: max

   Delay     Time   Description
-----------------------------------------------------------
   0.000    0.000   clock clk (rise edge)
   0.000    0.000   clock network delay (propagated)
   2.000    2.000 v input external delay
   0.005    2.005 v d_rsp_error (in)
   0.194    2.199 v input2/X (sky130_fd_sc_hd__buf_2)
   0.240    2.439 v _07628_/Y (sky130_fd_sc_hd__nand2b_2)
   0.184    2.624 v _07629_/X (sky130_fd_sc_hd__o211a_2)
   0.394    3.017 ^ _07631_/Y (sky130_fd_sc_hd__o21ai_4)
   0.293    3.310 ^ _07639_/Y (sky130_fd_sc_hd__nor3b_4)
   0.195    3.506 ^ fanout551/X (sky130_fd_sc_hd__buf_6)
   0.354    3.860 ^ _07640_/X (sky130_fd_sc_hd__and3b_2)
   0.178    4.038 ^ output109/X (sky130_fd_sc_hd__buf_8)
   0.001    4.039 ^ d_req_valid (out)
            4.039   data arrival time

  10.000   10.000   clock clk (rise edge)
   0.000   10.000   clock network delay (propagated)
  -0.250    9.750   clock uncertainty
   0.000    9.750   clock reconvergence pessimism
  -2.000    7.750   output external delay
            7.750   data required time
-----------------------------------------------------------
            7.750   data required time
           -4.039   data arrival time
-----------------------------------------------------------
            3.711   slack (MET)


NAMED-PATH-END
