Copyright 1986-2022 Xilinx, Inc. All Rights Reserved. Copyright 2022-2025 Advanced Micro Devices, Inc. All Rights Reserved.
---------------------------------------------------------------------------------------------------------------------------------------------
| Tool Version : Vivado v.2025.1 (lin64) Build 6140274 Wed May 21 22:58:25 MDT 2025
| Date         : Thu Oct  1 12:24:49 2026
| Host         : gondor running 64-bit Ubuntu 24.04.5 LTS
| Command      : report_timing_summary -max_paths 10 -file /home/elfo/Documents/Aster/build/timing/fpga/aster_bram/timing_summary.rpt
| Design       : timing_aster_bram
| Device       : 7z020-clg400
| Speed File   : -1  PRODUCTION 1.12 2019-11-22
| Design State : Routed
---------------------------------------------------------------------------------------------------------------------------------------------

Timing Summary Report

------------------------------------------------------------------------------------------------
| Timer Settings
| --------------
------------------------------------------------------------------------------------------------

  Enable Multi Corner Analysis               :  Yes
  Enable Pessimism Removal                   :  Yes
  Pessimism Removal Resolution               :  Nearest Common Node
  Enable Input Delay Default Clock           :  No
  Enable Preset / Clear Arcs                 :  No
  Disable Flight Delays                      :  No
  Ignore I/O Paths                           :  No
  Timing Early Launch at Borrowing Latches   :  No
  Borrow Time for Max Delay Exceptions       :  Yes
  Merge Timing Exceptions                    :  Yes
  Inter-SLR Compensation                     :  Conservative

  Corner  Analyze    Analyze    
  Name    Max Paths  Min Paths  
  ------  ---------  ---------  
  Slow    Yes        Yes        
  Fast    Yes        Yes        


------------------------------------------------------------------------------------------------
| Report Methodology
| ------------------
------------------------------------------------------------------------------------------------

No report available as report_methodology has not been run prior. Run report_methodology on the current design for the summary of methodology violations.



check_timing report

Table of Contents
-----------------
1. checking no_clock (0)
2. checking constant_clock (0)
3. checking pulse_width_clock (0)
4. checking unconstrained_internal_endpoints (0)
5. checking no_input_delay (1)
6. checking no_output_delay (33)
7. checking multiple_clock (0)
8. checking generated_clocks (0)
9. checking loops (0)
10. checking partial_input_delay (0)
11. checking partial_output_delay (0)
12. checking latch_loops (0)

1. checking no_clock (0)
------------------------
 There are 0 register/latch pins with no clock.


2. checking constant_clock (0)
------------------------------
 There are 0 register/latch pins with constant_clock.


3. checking pulse_width_clock (0)
---------------------------------
 There are 0 register/latch pins which need pulse_width check


4. checking unconstrained_internal_endpoints (0)
------------------------------------------------
 There are 0 pins that are not constrained for maximum delay.

 There are 0 pins that are not constrained for maximum delay due to constant clock.


5. checking no_input_delay (1)
------------------------------
 There is 1 input port with no input delay specified. (HIGH)

 There are 0 input ports with no input delay but user has a false path constraint.


6. checking no_output_delay (33)
--------------------------------
 There are 33 ports with no output delay specified. (HIGH)

 There are 0 ports with no output delay but user has a false path constraint

 There are 0 ports with no output delay but with a timing clock defined on it or propagating through it


7. checking multiple_clock (0)
------------------------------
 There are 0 register/latch pins with multiple clocks.


8. checking generated_clocks (0)
--------------------------------
 There are 0 generated clocks that are not connected to a clock source.


9. checking loops (0)
---------------------
 There are 0 combinational loops in the design.


10. checking partial_input_delay (0)
------------------------------------
 There are 0 input ports with partial input delay specified.


11. checking partial_output_delay (0)
-------------------------------------
 There are 0 ports with partial output delay specified.


12. checking latch_loops (0)
----------------------------
 There are 0 combinational latch loops in the design through latch input



------------------------------------------------------------------------------------------------
| Design Timing Summary
| ---------------------
------------------------------------------------------------------------------------------------

    WNS(ns)      TNS(ns)  TNS Failing Endpoints  TNS Total Endpoints      WHS(ns)      THS(ns)  THS Failing Endpoints  THS Total Endpoints     WPWS(ns)     TPWS(ns)  TPWS Failing Endpoints  TPWS Total Endpoints  
    -------      -------  ---------------------  -------------------      -------      -------  ---------------------  -------------------     --------     --------  ----------------------  --------------------  
      0.139        0.000                      0                 3945        0.108        0.000                      0                 3945        3.750        0.000                       0                  1073  


All user specified timing constraints are met.


------------------------------------------------------------------------------------------------
| Clock Summary
| -------------
------------------------------------------------------------------------------------------------

Clock  Waveform(ns)       Period(ns)      Frequency(MHz)
-----  ------------       ----------      --------------
clk    {0.000 5.000}      10.000          100.000         


------------------------------------------------------------------------------------------------
| Intra Clock Table
| -----------------
------------------------------------------------------------------------------------------------

Clock             WNS(ns)      TNS(ns)  TNS Failing Endpoints  TNS Total Endpoints      WHS(ns)      THS(ns)  THS Failing Endpoints  THS Total Endpoints     WPWS(ns)     TPWS(ns)  TPWS Failing Endpoints  TPWS Total Endpoints  
-----             -------      -------  ---------------------  -------------------      -------      -------  ---------------------  -------------------     --------     --------  ----------------------  --------------------  
clk                 0.139        0.000                      0                 3945        0.108        0.000                      0                 3945        3.750        0.000                       0                  1073  


------------------------------------------------------------------------------------------------
| Inter Clock Table
| -----------------
------------------------------------------------------------------------------------------------

From Clock    To Clock          WNS(ns)      TNS(ns)  TNS Failing Endpoints  TNS Total Endpoints      WHS(ns)      THS(ns)  THS Failing Endpoints  THS Total Endpoints  
----------    --------          -------      -------  ---------------------  -------------------      -------      -------  ---------------------  -------------------  


------------------------------------------------------------------------------------------------
| Other Path Groups Table
| -----------------------
------------------------------------------------------------------------------------------------

Path Group    From Clock    To Clock          WNS(ns)      TNS(ns)  TNS Failing Endpoints  TNS Total Endpoints      WHS(ns)      THS(ns)  THS Failing Endpoints  THS Total Endpoints  
----------    ----------    --------          -------      -------  ---------------------  -------------------      -------      -------  ---------------------  -------------------  


------------------------------------------------------------------------------------------------
| Timing Details
| --------------
------------------------------------------------------------------------------------------------


---------------------------------------------------------------------------------------------------
From Clock:  clk
  To Clock:  clk

Setup :            0  Failing Endpoints,  Worst Slack        0.139ns,  Total Violation        0.000ns
Hold  :            0  Failing Endpoints,  Worst Slack        0.108ns,  Total Violation        0.000ns
PW    :            0  Failing Endpoints,  Worst Slack        3.750ns,  Total Violation        0.000ns
---------------------------------------------------------------------------------------------------


Max Delay Paths
--------------------------------------------------------------------------------------
Slack (MET) :             0.139ns  (required time - arrival time)
  Source:                 core/fsel1_reg[1]/C
                            (rising edge-triggered cell FDRE clocked by clk  {rise@0.000ns fall@5.000ns period=10.000ns})
  Destination:            bram_samples_request.ram_reg_1_0_6/WEA[0]
                            (rising edge-triggered cell RAMB36E1 clocked by clk  {rise@0.000ns fall@5.000ns period=10.000ns})
  Path Group:             clk
  Path Type:              Setup (Max at Slow Process Corner)
  Requirement:            10.000ns  (clk rise@10.000ns - clk rise@0.000ns)
  Data Path Delay:        9.245ns  (logic 2.677ns (28.956%)  route 6.568ns (71.044%))
  Logic Levels:           10  (CARRY4=3 LUT2=1 LUT3=1 LUT4=2 LUT5=2 LUT6=1)
  Clock Path Skew:        -0.049ns (DCD - SCD + CPR)
    Destination Clock Delay (DCD):    0.924ns = ( 10.924 - 10.000 ) 
    Source Clock Delay      (SCD):    0.973ns
    Clock Pessimism Removal (CPR):    0.000ns
  Clock Uncertainty:      0.035ns  ((TSJ^2 + TIJ^2)^1/2 + DJ) / 2 + PE
    Total System Jitter     (TSJ):    0.071ns
    Total Input Jitter      (TIJ):    0.000ns
    Discrete Jitter          (DJ):    0.000ns
    Phase Error              (PE):    0.000ns

    Location             Delay type                Incr(ns)  Path(ns)    Netlist Resource(s)
  -------------------------------------------------------------------    -------------------
                         (clock clk rise edge)        0.000     0.000 r  
                                                      0.000     0.000 r  clk (IN)
                         net (fo=1072, unset)         0.973     0.973    core/clk
    SLICE_X36Y22         FDRE                                         r  core/fsel1_reg[1]/C
  -------------------------------------------------------------------    -------------------
    SLICE_X36Y22         FDRE (Prop_fdre_C_Q)         0.478     1.451 r  core/fsel1_reg[1]/Q
                         net (fo=32, routed)          1.069     2.520    core/fetch/m1_reg[rs1v][31][1]
    SLICE_X36Y25         LUT4 (Prop_lut4_I1_O)        0.296     2.816 r  core/fetch/pp_lh_reg_i_21/O
                         net (fo=2, routed)           0.599     3.415    core/fetch/w_reg[result][13]
    SLICE_X36Y23         LUT5 (Prop_lut5_I4_O)        0.124     3.539 r  core/fetch/pp_lh_reg_i_5/O
                         net (fo=21, routed)          0.666     4.205    core/fetch/fsel1_reg[0]_6
    SLICE_X37Y20         LUT2 (Prop_lut2_I0_O)        0.124     4.329 r  core/fetch/bram_samples_request.ram_reg_0_0_0_i_28/O
                         net (fo=1, routed)           0.000     4.329    core/fetch/bram_samples_request.ram_reg_0_0_0_i_28_n_0
    SLICE_X37Y20         CARRY4 (Prop_carry4_S[1]_CO[3])
                                                      0.550     4.879 r  core/fetch/bram_samples_request.ram_reg_0_0_0_i_3/CO[3]
                         net (fo=1, routed)           0.000     4.879    core/fetch/bram_samples_request.ram_reg_0_0_0_i_3_n_0
    SLICE_X37Y21         CARRY4 (Prop_carry4_CI_CO[3])
                                                      0.114     4.993 r  core/fetch/bram_samples_request.ram_reg_0_0_0_i_2/CO[3]
                         net (fo=1, routed)           0.000     4.993    core/fetch/bram_samples_request.ram_reg_0_0_0_i_2_n_0
    SLICE_X37Y22         CARRY4 (Prop_carry4_CI_O[3])
                                                      0.313     5.306 f  core/fetch/observe_reg[23]_i_2/O[3]
                         net (fo=3, routed)           1.156     6.462    core/d_req_addr[23]
    SLICE_X31Y15         LUT4 (Prop_lut4_I0_O)        0.306     6.768 r  core/d_err1_i_3/O
                         net (fo=1, routed)           0.705     7.474    core/d_err1_i_3_n_0
    SLICE_X29Y13         LUT6 (Prop_lut6_I0_O)        0.124     7.598 f  core/d_err1_i_2/O
                         net (fo=3, routed)           0.179     7.777    core/d_err1_i_2_0
    SLICE_X29Y13         LUT3 (Prop_lut3_I2_O)        0.124     7.901 r  core/bram_samples_request.ram_reg_0_0_0_i_41/O
                         net (fo=12, routed)          0.555     8.455    core/bram_samples_request.ram_reg_0_0_0_i_41_n_0
    SLICE_X25Y16         LUT5 (Prop_lut5_I4_O)        0.124     8.579 r  core/bram_samples_request.ram_reg_1_0_5_i_2/O
                         net (fo=3, routed)           1.639    10.218    core_n_101
    RAMB36_X3Y5          RAMB36E1                                     r  bram_samples_request.ram_reg_1_0_6/WEA[0]
  -------------------------------------------------------------------    -------------------

                         (clock clk rise edge)       10.000    10.000 r  
                                                      0.000    10.000 r  clk (IN)
                         net (fo=1072, unset)         0.924    10.924    clk
    RAMB36_X3Y5          RAMB36E1                                     r  bram_samples_request.ram_reg_1_0_6/CLKARDCLK
                         clock pessimism              0.000    10.924    
                         clock uncertainty           -0.035    10.889    
    RAMB36_X3Y5          RAMB36E1 (Setup_ramb36e1_CLKARDCLK_WEA[0])
                                                     -0.532    10.357    bram_samples_request.ram_reg_1_0_6
  -------------------------------------------------------------------
                         required time                         10.357    
                         arrival time                         -10.218    
  -------------------------------------------------------------------
                         slack                                  0.139    

Slack (MET) :             0.186ns  (required time - arrival time)
  Source:                 core/fsel1_reg[1]/C
                            (rising edge-triggered cell FDRE clocked by clk  {rise@0.000ns fall@5.000ns period=10.000ns})
  Destination:            bram_samples_request.ram_reg_2_0_7/WEA[0]
                            (rising edge-triggered cell RAMB36E1 clocked by clk  {rise@0.000ns fall@5.000ns period=10.000ns})
  Path Group:             clk
  Path Type:              Setup (Max at Slow Process Corner)
  Requirement:            10.000ns  (clk rise@10.000ns - clk rise@0.000ns)
  Data Path Delay:        9.198ns  (logic 2.677ns (29.103%)  route 6.521ns (70.897%))
  Logic Levels:           10  (CARRY4=3 LUT2=1 LUT3=1 LUT4=2 LUT5=2 LUT6=1)
  Clock Path Skew:        -0.049ns (DCD - SCD + CPR)
    Destination Clock Delay (DCD):    0.924ns = ( 10.924 - 10.000 ) 
    Source Clock Delay      (SCD):    0.973ns
    Clock Pessimism Removal (CPR):    0.000ns
  Clock Uncertainty:      0.035ns  ((TSJ^2 + TIJ^2)^1/2 + DJ) / 2 + PE
    Total System Jitter     (TSJ):    0.071ns
    Total Input Jitter      (TIJ):    0.000ns
    Discrete Jitter          (DJ):    0.000ns
    Phase Error              (PE):    0.000ns

    Location             Delay type                Incr(ns)  Path(ns)    Netlist Resource(s)
  -------------------------------------------------------------------    -------------------
                         (clock clk rise edge)        0.000     0.000 r  
                                                      0.000     0.000 r  clk (IN)
                         net (fo=1072, unset)         0.973     0.973    core/clk
    SLICE_X36Y22         FDRE                                         r  core/fsel1_reg[1]/C
  -------------------------------------------------------------------    -------------------
    SLICE_X36Y22         FDRE (Prop_fdre_C_Q)         0.478     1.451 r  core/fsel1_reg[1]/Q
                         net (fo=32, routed)          1.069     2.520    core/fetch/m1_reg[rs1v][31][1]
    SLICE_X36Y25         LUT4 (Prop_lut4_I1_O)        0.296     2.816 r  core/fetch/pp_lh_reg_i_21/O
                         net (fo=2, routed)           0.599     3.415    core/fetch/w_reg[result][13]
    SLICE_X36Y23         LUT5 (Prop_lut5_I4_O)        0.124     3.539 r  core/fetch/pp_lh_reg_i_5/O
                         net (fo=21, routed)          0.666     4.205    core/fetch/fsel1_reg[0]_6
    SLICE_X37Y20         LUT2 (Prop_lut2_I0_O)        0.124     4.329 r  core/fetch/bram_samples_request.ram_reg_0_0_0_i_28/O
                         net (fo=1, routed)           0.000     4.329    core/fetch/bram_samples_request.ram_reg_0_0_0_i_28_n_0
    SLICE_X37Y20         CARRY4 (Prop_carry4_S[1]_CO[3])
                                                      0.550     4.879 r  core/fetch/bram_samples_request.ram_reg_0_0_0_i_3/CO[3]
                         net (fo=1, routed)           0.000     4.879    core/fetch/bram_samples_request.ram_reg_0_0_0_i_3_n_0
    SLICE_X37Y21         CARRY4 (Prop_carry4_CI_CO[3])
                                                      0.114     4.993 r  core/fetch/bram_samples_request.ram_reg_0_0_0_i_2/CO[3]
                         net (fo=1, routed)           0.000     4.993    core/fetch/bram_samples_request.ram_reg_0_0_0_i_2_n_0
    SLICE_X37Y22         CARRY4 (Prop_carry4_CI_O[3])
                                                      0.313     5.306 f  core/fetch/observe_reg[23]_i_2/O[3]
                         net (fo=3, routed)           1.156     6.462    core/d_req_addr[23]
    SLICE_X31Y15         LUT4 (Prop_lut4_I0_O)        0.306     6.768 r  core/d_err1_i_3/O
                         net (fo=1, routed)           0.705     7.474    core/d_err1_i_3_n_0
    SLICE_X29Y13         LUT6 (Prop_lut6_I0_O)        0.124     7.598 f  core/d_err1_i_2/O
                         net (fo=3, routed)           0.179     7.777    core/d_err1_i_2_0
    SLICE_X29Y13         LUT3 (Prop_lut3_I2_O)        0.124     7.901 r  core/bram_samples_request.ram_reg_0_0_0_i_41/O
                         net (fo=12, routed)          0.422     8.323    core/bram_samples_request.ram_reg_0_0_0_i_41_n_0
    SLICE_X28Y13         LUT5 (Prop_lut5_I4_O)        0.124     8.447 r  core/bram_samples_request.ram_reg_2_0_5_i_2/O
                         net (fo=3, routed)           1.725    10.171    core_n_97
    RAMB36_X3Y6          RAMB36E1                                     r  bram_samples_request.ram_reg_2_0_7/WEA[0]
  -------------------------------------------------------------------    -------------------

                         (clock clk rise edge)       10.000    10.000 r  
                                                      0.000    10.000 r  clk (IN)
                         net (fo=1072, unset)         0.924    10.924    clk
    RAMB36_X3Y6          RAMB36E1                                     r  bram_samples_request.ram_reg_2_0_7/CLKARDCLK
                         clock pessimism              0.000    10.924    
                         clock uncertainty           -0.035    10.889    
    RAMB36_X3Y6          RAMB36E1 (Setup_ramb36e1_CLKARDCLK_WEA[0])
                                                     -0.532    10.357    bram_samples_request.ram_reg_2_0_7
  -------------------------------------------------------------------
                         required time                         10.357    
                         arrival time                         -10.171    
  -------------------------------------------------------------------
                         slack                                  0.186    

Slack (MET) :             0.188ns  (required time - arrival time)
  Source:                 core/fsel1_reg[1]/C
                            (rising edge-triggered cell FDRE clocked by clk  {rise@0.000ns fall@5.000ns period=10.000ns})
  Destination:            bram_samples_request.ram_reg_2_0_2/WEA[0]
                            (rising edge-triggered cell RAMB36E1 clocked by clk  {rise@0.000ns fall@5.000ns period=10.000ns})
  Path Group:             clk
  Path Type:              Setup (Max at Slow Process Corner)
  Requirement:            10.000ns  (clk rise@10.000ns - clk rise@0.000ns)
  Data Path Delay:        9.196ns  (logic 2.677ns (29.111%)  route 6.519ns (70.889%))
  Logic Levels:           10  (CARRY4=3 LUT2=1 LUT3=1 LUT4=2 LUT5=2 LUT6=1)
  Clock Path Skew:        -0.049ns (DCD - SCD + CPR)
    Destination Clock Delay (DCD):    0.924ns = ( 10.924 - 10.000 ) 
    Source Clock Delay      (SCD):    0.973ns
    Clock Pessimism Removal (CPR):    0.000ns
  Clock Uncertainty:      0.035ns  ((TSJ^2 + TIJ^2)^1/2 + DJ) / 2 + PE
    Total System Jitter     (TSJ):    0.071ns
    Total Input Jitter      (TIJ):    0.000ns
    Discrete Jitter          (DJ):    0.000ns
    Phase Error              (PE):    0.000ns

    Location             Delay type                Incr(ns)  Path(ns)    Netlist Resource(s)
  -------------------------------------------------------------------    -------------------
                         (clock clk rise edge)        0.000     0.000 r  
                                                      0.000     0.000 r  clk (IN)
                         net (fo=1072, unset)         0.973     0.973    core/clk
    SLICE_X36Y22         FDRE                                         r  core/fsel1_reg[1]/C
  -------------------------------------------------------------------    -------------------
    SLICE_X36Y22         FDRE (Prop_fdre_C_Q)         0.478     1.451 r  core/fsel1_reg[1]/Q
                         net (fo=32, routed)          1.069     2.520    core/fetch/m1_reg[rs1v][31][1]
    SLICE_X36Y25         LUT4 (Prop_lut4_I1_O)        0.296     2.816 r  core/fetch/pp_lh_reg_i_21/O
                         net (fo=2, routed)           0.599     3.415    core/fetch/w_reg[result][13]
    SLICE_X36Y23         LUT5 (Prop_lut5_I4_O)        0.124     3.539 r  core/fetch/pp_lh_reg_i_5/O
                         net (fo=21, routed)          0.666     4.205    core/fetch/fsel1_reg[0]_6
    SLICE_X37Y20         LUT2 (Prop_lut2_I0_O)        0.124     4.329 r  core/fetch/bram_samples_request.ram_reg_0_0_0_i_28/O
                         net (fo=1, routed)           0.000     4.329    core/fetch/bram_samples_request.ram_reg_0_0_0_i_28_n_0
    SLICE_X37Y20         CARRY4 (Prop_carry4_S[1]_CO[3])
                                                      0.550     4.879 r  core/fetch/bram_samples_request.ram_reg_0_0_0_i_3/CO[3]
                         net (fo=1, routed)           0.000     4.879    core/fetch/bram_samples_request.ram_reg_0_0_0_i_3_n_0
    SLICE_X37Y21         CARRY4 (Prop_carry4_CI_CO[3])
                                                      0.114     4.993 r  core/fetch/bram_samples_request.ram_reg_0_0_0_i_2/CO[3]
                         net (fo=1, routed)           0.000     4.993    core/fetch/bram_samples_request.ram_reg_0_0_0_i_2_n_0
    SLICE_X37Y22         CARRY4 (Prop_carry4_CI_O[3])
                                                      0.313     5.306 f  core/fetch/observe_reg[23]_i_2/O[3]
                         net (fo=3, routed)           1.156     6.462    core/d_req_addr[23]
    SLICE_X31Y15         LUT4 (Prop_lut4_I0_O)        0.306     6.768 r  core/d_err1_i_3/O
                         net (fo=1, routed)           0.705     7.474    core/d_err1_i_3_n_0
    SLICE_X29Y13         LUT6 (Prop_lut6_I0_O)        0.124     7.598 f  core/d_err1_i_2/O
                         net (fo=3, routed)           0.179     7.777    core/d_err1_i_2_0
    SLICE_X29Y13         LUT3 (Prop_lut3_I2_O)        0.124     7.901 r  core/bram_samples_request.ram_reg_0_0_0_i_41/O
                         net (fo=12, routed)          0.828     8.729    core/bram_samples_request.ram_reg_0_0_0_i_41_n_0
    SLICE_X29Y24         LUT5 (Prop_lut5_I4_O)        0.124     8.853 r  core/bram_samples_request.ram_reg_2_0_0_i_2/O
                         net (fo=3, routed)           1.316    10.169    core_n_95
    RAMB36_X1Y8          RAMB36E1                                     r  bram_samples_request.ram_reg_2_0_2/WEA[0]
  -------------------------------------------------------------------    -------------------

                         (clock clk rise edge)       10.000    10.000 r  
                                                      0.000    10.000 r  clk (IN)
                         net (fo=1072, unset)         0.924    10.924    clk
    RAMB36_X1Y8          RAMB36E1                                     r  bram_samples_request.ram_reg_2_0_2/CLKARDCLK
                         clock pessimism              0.000    10.924    
                         clock uncertainty           -0.035    10.889    
    RAMB36_X1Y8          RAMB36E1 (Setup_ramb36e1_CLKARDCLK_WEA[0])
                                                     -0.532    10.357    bram_samples_request.ram_reg_2_0_2
  -------------------------------------------------------------------
                         required time                         10.357    
                         arrival time                         -10.169    
  -------------------------------------------------------------------
                         slack                                  0.188    

Slack (MET) :             0.222ns  (required time - arrival time)
  Source:                 core/fsel1_reg[1]/C
                            (rising edge-triggered cell FDRE clocked by clk  {rise@0.000ns fall@5.000ns period=10.000ns})
  Destination:            bram_samples_request.ram_reg_2_0_1/WEA[0]
                            (rising edge-triggered cell RAMB36E1 clocked by clk  {rise@0.000ns fall@5.000ns period=10.000ns})
  Path Group:             clk
  Path Type:              Setup (Max at Slow Process Corner)
  Requirement:            10.000ns  (clk rise@10.000ns - clk rise@0.000ns)
  Data Path Delay:        9.162ns  (logic 2.677ns (29.218%)  route 6.485ns (70.782%))
  Logic Levels:           10  (CARRY4=3 LUT2=1 LUT3=1 LUT4=2 LUT5=2 LUT6=1)
  Clock Path Skew:        -0.049ns (DCD - SCD + CPR)
    Destination Clock Delay (DCD):    0.924ns = ( 10.924 - 10.000 ) 
    Source Clock Delay      (SCD):    0.973ns
    Clock Pessimism Removal (CPR):    0.000ns
  Clock Uncertainty:      0.035ns  ((TSJ^2 + TIJ^2)^1/2 + DJ) / 2 + PE
    Total System Jitter     (TSJ):    0.071ns
    Total Input Jitter      (TIJ):    0.000ns
    Discrete Jitter          (DJ):    0.000ns
    Phase Error              (PE):    0.000ns

    Location             Delay type                Incr(ns)  Path(ns)    Netlist Resource(s)
  -------------------------------------------------------------------    -------------------
                         (clock clk rise edge)        0.000     0.000 r  
                                                      0.000     0.000 r  clk (IN)
                         net (fo=1072, unset)         0.973     0.973    core/clk
    SLICE_X36Y22         FDRE                                         r  core/fsel1_reg[1]/C
  -------------------------------------------------------------------    -------------------
    SLICE_X36Y22         FDRE (Prop_fdre_C_Q)         0.478     1.451 r  core/fsel1_reg[1]/Q
                         net (fo=32, routed)          1.069     2.520    core/fetch/m1_reg[rs1v][31][1]
    SLICE_X36Y25         LUT4 (Prop_lut4_I1_O)        0.296     2.816 r  core/fetch/pp_lh_reg_i_21/O
                         net (fo=2, routed)           0.599     3.415    core/fetch/w_reg[result][13]
    SLICE_X36Y23         LUT5 (Prop_lut5_I4_O)        0.124     3.539 r  core/fetch/pp_lh_reg_i_5/O
                         net (fo=21, routed)          0.666     4.205    core/fetch/fsel1_reg[0]_6
    SLICE_X37Y20         LUT2 (Prop_lut2_I0_O)        0.124     4.329 r  core/fetch/bram_samples_request.ram_reg_0_0_0_i_28/O
                         net (fo=1, routed)           0.000     4.329    core/fetch/bram_samples_request.ram_reg_0_0_0_i_28_n_0
    SLICE_X37Y20         CARRY4 (Prop_carry4_S[1]_CO[3])
                                                      0.550     4.879 r  core/fetch/bram_samples_request.ram_reg_0_0_0_i_3/CO[3]
                         net (fo=1, routed)           0.000     4.879    core/fetch/bram_samples_request.ram_reg_0_0_0_i_3_n_0
    SLICE_X37Y21         CARRY4 (Prop_carry4_CI_CO[3])
                                                      0.114     4.993 r  core/fetch/bram_samples_request.ram_reg_0_0_0_i_2/CO[3]
                         net (fo=1, routed)           0.000     4.993    core/fetch/bram_samples_request.ram_reg_0_0_0_i_2_n_0
    SLICE_X37Y22         CARRY4 (Prop_carry4_CI_O[3])
                                                      0.313     5.306 f  core/fetch/observe_reg[23]_i_2/O[3]
                         net (fo=3, routed)           1.156     6.462    core/d_req_addr[23]
    SLICE_X31Y15         LUT4 (Prop_lut4_I0_O)        0.306     6.768 r  core/d_err1_i_3/O
                         net (fo=1, routed)           0.705     7.474    core/d_err1_i_3_n_0
    SLICE_X29Y13         LUT6 (Prop_lut6_I0_O)        0.124     7.598 f  core/d_err1_i_2/O
                         net (fo=3, routed)           0.179     7.777    core/d_err1_i_2_0
    SLICE_X29Y13         LUT3 (Prop_lut3_I2_O)        0.124     7.901 r  core/bram_samples_request.ram_reg_0_0_0_i_41/O
                         net (fo=12, routed)          0.828     8.729    core/bram_samples_request.ram_reg_0_0_0_i_41_n_0
    SLICE_X29Y24         LUT5 (Prop_lut5_I4_O)        0.124     8.853 r  core/bram_samples_request.ram_reg_2_0_0_i_2/O
                         net (fo=3, routed)           1.282    10.135    core_n_95
    RAMB36_X2Y8          RAMB36E1                                     r  bram_samples_request.ram_reg_2_0_1/WEA[0]
  -------------------------------------------------------------------    -------------------

                         (clock clk rise edge)       10.000    10.000 r  
                                                      0.000    10.000 r  clk (IN)
                         net (fo=1072, unset)         0.924    10.924    clk
    RAMB36_X2Y8          RAMB36E1                                     r  bram_samples_request.ram_reg_2_0_1/CLKARDCLK
                         clock pessimism              0.000    10.924    
                         clock uncertainty           -0.035    10.889    
    RAMB36_X2Y8          RAMB36E1 (Setup_ramb36e1_CLKARDCLK_WEA[0])
                                                     -0.532    10.357    bram_samples_request.ram_reg_2_0_1
  -------------------------------------------------------------------
                         required time                         10.357    
                         arrival time                         -10.135    
  -------------------------------------------------------------------
                         slack                                  0.222    

Slack (MET) :             0.374ns  (required time - arrival time)
  Source:                 core/fsel1_reg[1]/C
                            (rising edge-triggered cell FDRE clocked by clk  {rise@0.000ns fall@5.000ns period=10.000ns})
  Destination:            bram_samples_request.ram_reg_2_0_3/WEA[0]
                            (rising edge-triggered cell RAMB36E1 clocked by clk  {rise@0.000ns fall@5.000ns period=10.000ns})
  Path Group:             clk
  Path Type:              Setup (Max at Slow Process Corner)
  Requirement:            10.000ns  (clk rise@10.000ns - clk rise@0.000ns)
  Data Path Delay:        9.010ns  (logic 2.677ns (29.711%)  route 6.333ns (70.289%))
  Logic Levels:           10  (CARRY4=3 LUT2=1 LUT3=1 LUT4=2 LUT5=2 LUT6=1)
  Clock Path Skew:        -0.049ns (DCD - SCD + CPR)
    Destination Clock Delay (DCD):    0.924ns = ( 10.924 - 10.000 ) 
    Source Clock Delay      (SCD):    0.973ns
    Clock Pessimism Removal (CPR):    0.000ns
  Clock Uncertainty:      0.035ns  ((TSJ^2 + TIJ^2)^1/2 + DJ) / 2 + PE
    Total System Jitter     (TSJ):    0.071ns
    Total Input Jitter      (TIJ):    0.000ns
    Discrete Jitter          (DJ):    0.000ns
    Phase Error              (PE):    0.000ns

    Location             Delay type                Incr(ns)  Path(ns)    Netlist Resource(s)
  -------------------------------------------------------------------    -------------------
                         (clock clk rise edge)        0.000     0.000 r  
                                                      0.000     0.000 r  clk (IN)
                         net (fo=1072, unset)         0.973     0.973    core/clk
    SLICE_X36Y22         FDRE                                         r  core/fsel1_reg[1]/C
  -------------------------------------------------------------------    -------------------
    SLICE_X36Y22         FDRE (Prop_fdre_C_Q)         0.478     1.451 r  core/fsel1_reg[1]/Q
                         net (fo=32, routed)          1.069     2.520    core/fetch/m1_reg[rs1v][31][1]
    SLICE_X36Y25         LUT4 (Prop_lut4_I1_O)        0.296     2.816 r  core/fetch/pp_lh_reg_i_21/O
                         net (fo=2, routed)           0.599     3.415    core/fetch/w_reg[result][13]
    SLICE_X36Y23         LUT5 (Prop_lut5_I4_O)        0.124     3.539 r  core/fetch/pp_lh_reg_i_5/O
                         net (fo=21, routed)          0.666     4.205    core/fetch/fsel1_reg[0]_6
    SLICE_X37Y20         LUT2 (Prop_lut2_I0_O)        0.124     4.329 r  core/fetch/bram_samples_request.ram_reg_0_0_0_i_28/O
                         net (fo=1, routed)           0.000     4.329    core/fetch/bram_samples_request.ram_reg_0_0_0_i_28_n_0
    SLICE_X37Y20         CARRY4 (Prop_carry4_S[1]_CO[3])
                                                      0.550     4.879 r  core/fetch/bram_samples_request.ram_reg_0_0_0_i_3/CO[3]
                         net (fo=1, routed)           0.000     4.879    core/fetch/bram_samples_request.ram_reg_0_0_0_i_3_n_0
    SLICE_X37Y21         CARRY4 (Prop_carry4_CI_CO[3])
                                                      0.114     4.993 r  core/fetch/bram_samples_request.ram_reg_0_0_0_i_2/CO[3]
                         net (fo=1, routed)           0.000     4.993    core/fetch/bram_samples_request.ram_reg_0_0_0_i_2_n_0
    SLICE_X37Y22         CARRY4 (Prop_carry4_CI_O[3])
                                                      0.313     5.306 f  core/fetch/observe_reg[23]_i_2/O[3]
                         net (fo=3, routed)           1.156     6.462    core/d_req_addr[23]
    SLICE_X31Y15         LUT4 (Prop_lut4_I0_O)        0.306     6.768 r  core/d_err1_i_3/O
                         net (fo=1, routed)           0.705     7.474    core/d_err1_i_3_n_0
    SLICE_X29Y13         LUT6 (Prop_lut6_I0_O)        0.124     7.598 f  core/d_err1_i_2/O
                         net (fo=3, routed)           0.179     7.777    core/d_err1_i_2_0
    SLICE_X29Y13         LUT3 (Prop_lut3_I2_O)        0.124     7.901 r  core/bram_samples_request.ram_reg_0_0_0_i_41/O
                         net (fo=12, routed)          0.511     8.412    core/bram_samples_request.ram_reg_0_0_0_i_41_n_0
    SLICE_X31Y11         LUT5 (Prop_lut5_I4_O)        0.124     8.536 r  core/bram_samples_request.ram_reg_2_0_2_i_2/O
                         net (fo=2, routed)           1.447     9.983    core_n_94
    RAMB36_X3Y4          RAMB36E1                                     r  bram_samples_request.ram_reg_2_0_3/WEA[0]
  -------------------------------------------------------------------    -------------------

                         (clock clk rise edge)       10.000    10.000 r  
                                                      0.000    10.000 r  clk (IN)
                         net (fo=1072, unset)         0.924    10.924    clk
    RAMB36_X3Y4          RAMB36E1                                     r  bram_samples_request.ram_reg_2_0_3/CLKARDCLK
                         clock pessimism              0.000    10.924    
                         clock uncertainty           -0.035    10.889    
    RAMB36_X3Y4          RAMB36E1 (Setup_ramb36e1_CLKARDCLK_WEA[0])
                                                     -0.532    10.357    bram_samples_request.ram_reg_2_0_3
  -------------------------------------------------------------------
                         required time                         10.357    
                         arrival time                          -9.983    
  -------------------------------------------------------------------
                         slack                                  0.374    

Slack (MET) :             0.393ns  (required time - arrival time)
  Source:                 core/fsel1_reg[1]/C
                            (rising edge-triggered cell FDRE clocked by clk  {rise@0.000ns fall@5.000ns period=10.000ns})
  Destination:            bram_samples_request.ram_reg_1_0_7/WEA[0]
                            (rising edge-triggered cell RAMB36E1 clocked by clk  {rise@0.000ns fall@5.000ns period=10.000ns})
  Path Group:             clk
  Path Type:              Setup (Max at Slow Process Corner)
  Requirement:            10.000ns  (clk rise@10.000ns - clk rise@0.000ns)
  Data Path Delay:        8.991ns  (logic 2.677ns (29.774%)  route 6.314ns (70.226%))
  Logic Levels:           10  (CARRY4=3 LUT2=1 LUT3=1 LUT4=2 LUT5=2 LUT6=1)
  Clock Path Skew:        -0.049ns (DCD - SCD + CPR)
    Destination Clock Delay (DCD):    0.924ns = ( 10.924 - 10.000 ) 
    Source Clock Delay      (SCD):    0.973ns
    Clock Pessimism Removal (CPR):    0.000ns
  Clock Uncertainty:      0.035ns  ((TSJ^2 + TIJ^2)^1/2 + DJ) / 2 + PE
    Total System Jitter     (TSJ):    0.071ns
    Total Input Jitter      (TIJ):    0.000ns
    Discrete Jitter          (DJ):    0.000ns
    Phase Error              (PE):    0.000ns

    Location             Delay type                Incr(ns)  Path(ns)    Netlist Resource(s)
  -------------------------------------------------------------------    -------------------
                         (clock clk rise edge)        0.000     0.000 r  
                                                      0.000     0.000 r  clk (IN)
                         net (fo=1072, unset)         0.973     0.973    core/clk
    SLICE_X36Y22         FDRE                                         r  core/fsel1_reg[1]/C
  -------------------------------------------------------------------    -------------------
    SLICE_X36Y22         FDRE (Prop_fdre_C_Q)         0.478     1.451 r  core/fsel1_reg[1]/Q
                         net (fo=32, routed)          1.069     2.520    core/fetch/m1_reg[rs1v][31][1]
    SLICE_X36Y25         LUT4 (Prop_lut4_I1_O)        0.296     2.816 r  core/fetch/pp_lh_reg_i_21/O
                         net (fo=2, routed)           0.599     3.415    core/fetch/w_reg[result][13]
    SLICE_X36Y23         LUT5 (Prop_lut5_I4_O)        0.124     3.539 r  core/fetch/pp_lh_reg_i_5/O
                         net (fo=21, routed)          0.666     4.205    core/fetch/fsel1_reg[0]_6
    SLICE_X37Y20         LUT2 (Prop_lut2_I0_O)        0.124     4.329 r  core/fetch/bram_samples_request.ram_reg_0_0_0_i_28/O
                         net (fo=1, routed)           0.000     4.329    core/fetch/bram_samples_request.ram_reg_0_0_0_i_28_n_0
    SLICE_X37Y20         CARRY4 (Prop_carry4_S[1]_CO[3])
                                                      0.550     4.879 r  core/fetch/bram_samples_request.ram_reg_0_0_0_i_3/CO[3]
                         net (fo=1, routed)           0.000     4.879    core/fetch/bram_samples_request.ram_reg_0_0_0_i_3_n_0
    SLICE_X37Y21         CARRY4 (Prop_carry4_CI_CO[3])
                                                      0.114     4.993 r  core/fetch/bram_samples_request.ram_reg_0_0_0_i_2/CO[3]
                         net (fo=1, routed)           0.000     4.993    core/fetch/bram_samples_request.ram_reg_0_0_0_i_2_n_0
    SLICE_X37Y22         CARRY4 (Prop_carry4_CI_O[3])
                                                      0.313     5.306 f  core/fetch/observe_reg[23]_i_2/O[3]
                         net (fo=3, routed)           1.156     6.462    core/d_req_addr[23]
    SLICE_X31Y15         LUT4 (Prop_lut4_I0_O)        0.306     6.768 r  core/d_err1_i_3/O
                         net (fo=1, routed)           0.705     7.474    core/d_err1_i_3_n_0
    SLICE_X29Y13         LUT6 (Prop_lut6_I0_O)        0.124     7.598 f  core/d_err1_i_2/O
                         net (fo=3, routed)           0.179     7.777    core/d_err1_i_2_0
    SLICE_X29Y13         LUT3 (Prop_lut3_I2_O)        0.124     7.901 r  core/bram_samples_request.ram_reg_0_0_0_i_41/O
                         net (fo=12, routed)          0.555     8.455    core/bram_samples_request.ram_reg_0_0_0_i_41_n_0
    SLICE_X25Y16         LUT5 (Prop_lut5_I4_O)        0.124     8.579 r  core/bram_samples_request.ram_reg_1_0_5_i_2/O
                         net (fo=3, routed)           1.385     9.964    core_n_101
    RAMB36_X0Y6          RAMB36E1                                     r  bram_samples_request.ram_reg_1_0_7/WEA[0]
  -------------------------------------------------------------------    -------------------

                         (clock clk rise edge)       10.000    10.000 r  
                                                      0.000    10.000 r  clk (IN)
                         net (fo=1072, unset)         0.924    10.924    clk
    RAMB36_X0Y6          RAMB36E1                                     r  bram_samples_request.ram_reg_1_0_7/CLKARDCLK
                         clock pessimism              0.000    10.924    
                         clock uncertainty           -0.035    10.889    
    RAMB36_X0Y6          RAMB36E1 (Setup_ramb36e1_CLKARDCLK_WEA[0])
                                                     -0.532    10.357    bram_samples_request.ram_reg_1_0_7
  -------------------------------------------------------------------
                         required time                         10.357    
                         arrival time                          -9.964    
  -------------------------------------------------------------------
                         slack                                  0.393    

Slack (MET) :             0.414ns  (required time - arrival time)
  Source:                 core/fsel1_reg[1]/C
                            (rising edge-triggered cell FDRE clocked by clk  {rise@0.000ns fall@5.000ns period=10.000ns})
  Destination:            bram_samples_request.ram_reg_2_0_0/WEA[0]
                            (rising edge-triggered cell RAMB36E1 clocked by clk  {rise@0.000ns fall@5.000ns period=10.000ns})
  Path Group:             clk
  Path Type:              Setup (Max at Slow Process Corner)
  Requirement:            10.000ns  (clk rise@10.000ns - clk rise@0.000ns)
  Data Path Delay:        8.970ns  (logic 2.677ns (29.846%)  route 6.293ns (70.154%))
  Logic Levels:           10  (CARRY4=3 LUT2=1 LUT3=1 LUT4=2 LUT5=2 LUT6=1)
  Clock Path Skew:        -0.049ns (DCD - SCD + CPR)
    Destination Clock Delay (DCD):    0.924ns = ( 10.924 - 10.000 ) 
    Source Clock Delay      (SCD):    0.973ns
    Clock Pessimism Removal (CPR):    0.000ns
  Clock Uncertainty:      0.035ns  ((TSJ^2 + TIJ^2)^1/2 + DJ) / 2 + PE
    Total System Jitter     (TSJ):    0.071ns
    Total Input Jitter      (TIJ):    0.000ns
    Discrete Jitter          (DJ):    0.000ns
    Phase Error              (PE):    0.000ns

    Location             Delay type                Incr(ns)  Path(ns)    Netlist Resource(s)
  -------------------------------------------------------------------    -------------------
                         (clock clk rise edge)        0.000     0.000 r  
                                                      0.000     0.000 r  clk (IN)
                         net (fo=1072, unset)         0.973     0.973    core/clk
    SLICE_X36Y22         FDRE                                         r  core/fsel1_reg[1]/C
  -------------------------------------------------------------------    -------------------
    SLICE_X36Y22         FDRE (Prop_fdre_C_Q)         0.478     1.451 r  core/fsel1_reg[1]/Q
                         net (fo=32, routed)          1.069     2.520    core/fetch/m1_reg[rs1v][31][1]
    SLICE_X36Y25         LUT4 (Prop_lut4_I1_O)        0.296     2.816 r  core/fetch/pp_lh_reg_i_21/O
                         net (fo=2, routed)           0.599     3.415    core/fetch/w_reg[result][13]
    SLICE_X36Y23         LUT5 (Prop_lut5_I4_O)        0.124     3.539 r  core/fetch/pp_lh_reg_i_5/O
                         net (fo=21, routed)          0.666     4.205    core/fetch/fsel1_reg[0]_6
    SLICE_X37Y20         LUT2 (Prop_lut2_I0_O)        0.124     4.329 r  core/fetch/bram_samples_request.ram_reg_0_0_0_i_28/O
                         net (fo=1, routed)           0.000     4.329    core/fetch/bram_samples_request.ram_reg_0_0_0_i_28_n_0
    SLICE_X37Y20         CARRY4 (Prop_carry4_S[1]_CO[3])
                                                      0.550     4.879 r  core/fetch/bram_samples_request.ram_reg_0_0_0_i_3/CO[3]
                         net (fo=1, routed)           0.000     4.879    core/fetch/bram_samples_request.ram_reg_0_0_0_i_3_n_0
    SLICE_X37Y21         CARRY4 (Prop_carry4_CI_CO[3])
                                                      0.114     4.993 r  core/fetch/bram_samples_request.ram_reg_0_0_0_i_2/CO[3]
                         net (fo=1, routed)           0.000     4.993    core/fetch/bram_samples_request.ram_reg_0_0_0_i_2_n_0
    SLICE_X37Y22         CARRY4 (Prop_carry4_CI_O[3])
                                                      0.313     5.306 f  core/fetch/observe_reg[23]_i_2/O[3]
                         net (fo=3, routed)           1.156     6.462    core/d_req_addr[23]
    SLICE_X31Y15         LUT4 (Prop_lut4_I0_O)        0.306     6.768 r  core/d_err1_i_3/O
                         net (fo=1, routed)           0.705     7.474    core/d_err1_i_3_n_0
    SLICE_X29Y13         LUT6 (Prop_lut6_I0_O)        0.124     7.598 f  core/d_err1_i_2/O
                         net (fo=3, routed)           0.179     7.777    core/d_err1_i_2_0
    SLICE_X29Y13         LUT3 (Prop_lut3_I2_O)        0.124     7.901 r  core/bram_samples_request.ram_reg_0_0_0_i_41/O
                         net (fo=12, routed)          0.828     8.729    core/bram_samples_request.ram_reg_0_0_0_i_41_n_0
    SLICE_X29Y24         LUT5 (Prop_lut5_I4_O)        0.124     8.853 r  core/bram_samples_request.ram_reg_2_0_0_i_2/O
                         net (fo=3, routed)           1.090     9.943    core_n_95
    RAMB36_X1Y7          RAMB36E1                                     r  bram_samples_request.ram_reg_2_0_0/WEA[0]
  -------------------------------------------------------------------    -------------------

                         (clock clk rise edge)       10.000    10.000 r  
                                                      0.000    10.000 r  clk (IN)
                         net (fo=1072, unset)         0.924    10.924    clk
    RAMB36_X1Y7          RAMB36E1                                     r  bram_samples_request.ram_reg_2_0_0/CLKARDCLK
                         clock pessimism              0.000    10.924    
                         clock uncertainty           -0.035    10.889    
    RAMB36_X1Y7          RAMB36E1 (Setup_ramb36e1_CLKARDCLK_WEA[0])
                                                     -0.532    10.357    bram_samples_request.ram_reg_2_0_0
  -------------------------------------------------------------------
                         required time                         10.357    
                         arrival time                          -9.943    
  -------------------------------------------------------------------
                         slack                                  0.414    

Slack (MET) :             0.427ns  (required time - arrival time)
  Source:                 core/fsel1_reg[1]/C
                            (rising edge-triggered cell FDRE clocked by clk  {rise@0.000ns fall@5.000ns period=10.000ns})
  Destination:            bram_samples_request.ram_reg_3_0_6/WEA[0]
                            (rising edge-triggered cell RAMB36E1 clocked by clk  {rise@0.000ns fall@5.000ns period=10.000ns})
  Path Group:             clk
  Path Type:              Setup (Max at Slow Process Corner)
  Requirement:            10.000ns  (clk rise@10.000ns - clk rise@0.000ns)
  Data Path Delay:        8.957ns  (logic 2.677ns (29.887%)  route 6.280ns (70.113%))
  Logic Levels:           10  (CARRY4=3 LUT2=1 LUT3=1 LUT4=2 LUT5=2 LUT6=1)
  Clock Path Skew:        -0.049ns (DCD - SCD + CPR)
    Destination Clock Delay (DCD):    0.924ns = ( 10.924 - 10.000 ) 
    Source Clock Delay      (SCD):    0.973ns
    Clock Pessimism Removal (CPR):    0.000ns
  Clock Uncertainty:      0.035ns  ((TSJ^2 + TIJ^2)^1/2 + DJ) / 2 + PE
    Total System Jitter     (TSJ):    0.071ns
    Total Input Jitter      (TIJ):    0.000ns
    Discrete Jitter          (DJ):    0.000ns
    Phase Error              (PE):    0.000ns

    Location             Delay type                Incr(ns)  Path(ns)    Netlist Resource(s)
  -------------------------------------------------------------------    -------------------
                         (clock clk rise edge)        0.000     0.000 r  
                                                      0.000     0.000 r  clk (IN)
                         net (fo=1072, unset)         0.973     0.973    core/clk
    SLICE_X36Y22         FDRE                                         r  core/fsel1_reg[1]/C
  -------------------------------------------------------------------    -------------------
    SLICE_X36Y22         FDRE (Prop_fdre_C_Q)         0.478     1.451 r  core/fsel1_reg[1]/Q
                         net (fo=32, routed)          1.069     2.520    core/fetch/m1_reg[rs1v][31][1]
    SLICE_X36Y25         LUT4 (Prop_lut4_I1_O)        0.296     2.816 r  core/fetch/pp_lh_reg_i_21/O
                         net (fo=2, routed)           0.599     3.415    core/fetch/w_reg[result][13]
    SLICE_X36Y23         LUT5 (Prop_lut5_I4_O)        0.124     3.539 r  core/fetch/pp_lh_reg_i_5/O
                         net (fo=21, routed)          0.666     4.205    core/fetch/fsel1_reg[0]_6
    SLICE_X37Y20         LUT2 (Prop_lut2_I0_O)        0.124     4.329 r  core/fetch/bram_samples_request.ram_reg_0_0_0_i_28/O
                         net (fo=1, routed)           0.000     4.329    core/fetch/bram_samples_request.ram_reg_0_0_0_i_28_n_0
    SLICE_X37Y20         CARRY4 (Prop_carry4_S[1]_CO[3])
                                                      0.550     4.879 r  core/fetch/bram_samples_request.ram_reg_0_0_0_i_3/CO[3]
                         net (fo=1, routed)           0.000     4.879    core/fetch/bram_samples_request.ram_reg_0_0_0_i_3_n_0
    SLICE_X37Y21         CARRY4 (Prop_carry4_CI_CO[3])
                                                      0.114     4.993 r  core/fetch/bram_samples_request.ram_reg_0_0_0_i_2/CO[3]
                         net (fo=1, routed)           0.000     4.993    core/fetch/bram_samples_request.ram_reg_0_0_0_i_2_n_0
    SLICE_X37Y22         CARRY4 (Prop_carry4_CI_O[3])
                                                      0.313     5.306 f  core/fetch/observe_reg[23]_i_2/O[3]
                         net (fo=3, routed)           1.156     6.462    core/d_req_addr[23]
    SLICE_X31Y15         LUT4 (Prop_lut4_I0_O)        0.306     6.768 r  core/d_err1_i_3/O
                         net (fo=1, routed)           0.705     7.474    core/d_err1_i_3_n_0
    SLICE_X29Y13         LUT6 (Prop_lut6_I0_O)        0.124     7.598 f  core/d_err1_i_2/O
                         net (fo=3, routed)           0.179     7.777    core/d_err1_i_2_0
    SLICE_X29Y13         LUT3 (Prop_lut3_I2_O)        0.124     7.901 r  core/bram_samples_request.ram_reg_0_0_0_i_41/O
                         net (fo=12, routed)          0.526     8.427    core/bram_samples_request.ram_reg_0_0_0_i_41_n_0
    SLICE_X26Y13         LUT5 (Prop_lut5_I4_O)        0.124     8.551 r  core/bram_samples_request.ram_reg_3_0_5_i_2/O
                         net (fo=3, routed)           1.379     9.930    core_n_93
    RAMB36_X2Y7          RAMB36E1                                     r  bram_samples_request.ram_reg_3_0_6/WEA[0]
  -------------------------------------------------------------------    -------------------

                         (clock clk rise edge)       10.000    10.000 r  
                                                      0.000    10.000 r  clk (IN)
                         net (fo=1072, unset)         0.924    10.924    clk
    RAMB36_X2Y7          RAMB36E1                                     r  bram_samples_request.ram_reg_3_0_6/CLKARDCLK
                         clock pessimism              0.000    10.924    
                         clock uncertainty           -0.035    10.889    
    RAMB36_X2Y7          RAMB36E1 (Setup_ramb36e1_CLKARDCLK_WEA[0])
                                                     -0.532    10.357    bram_samples_request.ram_reg_3_0_6
  -------------------------------------------------------------------
                         required time                         10.357    
                         arrival time                          -9.930    
  -------------------------------------------------------------------
                         slack                                  0.427    

Slack (MET) :             0.462ns  (required time - arrival time)
  Source:                 core/fsel1_reg[1]/C
                            (rising edge-triggered cell FDRE clocked by clk  {rise@0.000ns fall@5.000ns period=10.000ns})
  Destination:            bram_samples_request.ram_reg_0_0_0/WEA[0]
                            (rising edge-triggered cell RAMB36E1 clocked by clk  {rise@0.000ns fall@5.000ns period=10.000ns})
  Path Group:             clk
  Path Type:              Setup (Max at Slow Process Corner)
  Requirement:            10.000ns  (clk rise@10.000ns - clk rise@0.000ns)
  Data Path Delay:        8.714ns  (logic 2.672ns (30.665%)  route 6.042ns (69.335%))
  Logic Levels:           10  (CARRY4=3 LUT2=1 LUT3=1 LUT4=3 LUT5=1 LUT6=1)
  Clock Path Skew:        -0.049ns (DCD - SCD + CPR)
    Destination Clock Delay (DCD):    0.924ns = ( 10.924 - 10.000 ) 
    Source Clock Delay      (SCD):    0.973ns
    Clock Pessimism Removal (CPR):    0.000ns
  Clock Uncertainty:      0.035ns  ((TSJ^2 + TIJ^2)^1/2 + DJ) / 2 + PE
    Total System Jitter     (TSJ):    0.071ns
    Total Input Jitter      (TIJ):    0.000ns
    Discrete Jitter          (DJ):    0.000ns
    Phase Error              (PE):    0.000ns

    Location             Delay type                Incr(ns)  Path(ns)    Netlist Resource(s)
  -------------------------------------------------------------------    -------------------
                         (clock clk rise edge)        0.000     0.000 r  
                                                      0.000     0.000 r  clk (IN)
                         net (fo=1072, unset)         0.973     0.973    core/clk
    SLICE_X36Y22         FDRE                                         r  core/fsel1_reg[1]/C
  -------------------------------------------------------------------    -------------------
    SLICE_X36Y22         FDRE (Prop_fdre_C_Q)         0.478     1.451 r  core/fsel1_reg[1]/Q
                         net (fo=32, routed)          1.069     2.520    core/fetch/m1_reg[rs1v][31][1]
    SLICE_X36Y25         LUT4 (Prop_lut4_I1_O)        0.296     2.816 r  core/fetch/pp_lh_reg_i_21/O
                         net (fo=2, routed)           0.599     3.415    core/fetch/w_reg[result][13]
    SLICE_X36Y23         LUT5 (Prop_lut5_I4_O)        0.124     3.539 r  core/fetch/pp_lh_reg_i_5/O
                         net (fo=21, routed)          0.666     4.205    core/fetch/fsel1_reg[0]_6
    SLICE_X37Y20         LUT2 (Prop_lut2_I0_O)        0.124     4.329 r  core/fetch/bram_samples_request.ram_reg_0_0_0_i_28/O
                         net (fo=1, routed)           0.000     4.329    core/fetch/bram_samples_request.ram_reg_0_0_0_i_28_n_0
    SLICE_X37Y20         CARRY4 (Prop_carry4_S[1]_CO[3])
                                                      0.550     4.879 r  core/fetch/bram_samples_request.ram_reg_0_0_0_i_3/CO[3]
                         net (fo=1, routed)           0.000     4.879    core/fetch/bram_samples_request.ram_reg_0_0_0_i_3_n_0
    SLICE_X37Y21         CARRY4 (Prop_carry4_CI_CO[3])
                                                      0.114     4.993 r  core/fetch/bram_samples_request.ram_reg_0_0_0_i_2/CO[3]
                         net (fo=1, routed)           0.000     4.993    core/fetch/bram_samples_request.ram_reg_0_0_0_i_2_n_0
    SLICE_X37Y22         CARRY4 (Prop_carry4_CI_O[3])
                                                      0.313     5.306 f  core/fetch/observe_reg[23]_i_2/O[3]
                         net (fo=3, routed)           1.156     6.462    core/d_req_addr[23]
    SLICE_X31Y15         LUT4 (Prop_lut4_I0_O)        0.306     6.768 r  core/d_err1_i_3/O
                         net (fo=1, routed)           0.705     7.474    core/d_err1_i_3_n_0
    SLICE_X29Y13         LUT6 (Prop_lut6_I0_O)        0.124     7.598 f  core/d_err1_i_2/O
                         net (fo=3, routed)           0.179     7.777    core/d_err1_i_2_0
    SLICE_X29Y13         LUT3 (Prop_lut3_I2_O)        0.124     7.901 r  core/bram_samples_request.ram_reg_0_0_0_i_41/O
                         net (fo=12, routed)          0.630     8.531    core/bram_samples_request.ram_reg_0_0_0_i_41_n_0
    SLICE_X25Y15         LUT4 (Prop_lut4_I3_O)        0.119     8.650 r  core/bram_samples_request.ram_reg_0_0_0_i_21/O
                         net (fo=3, routed)           1.037     9.687    core_n_36
    RAMB36_X1Y1          RAMB36E1                                     r  bram_samples_request.ram_reg_0_0_0/WEA[0]
  -------------------------------------------------------------------    -------------------

                         (clock clk rise edge)       10.000    10.000 r  
                                                      0.000    10.000 r  clk (IN)
                         net (fo=1072, unset)         0.924    10.924    clk
    RAMB36_X1Y1          RAMB36E1                                     r  bram_samples_request.ram_reg_0_0_0/CLKARDCLK
                         clock pessimism              0.000    10.924    
                         clock uncertainty           -0.035    10.889    
    RAMB36_X1Y1          RAMB36E1 (Setup_ramb36e1_CLKARDCLK_WEA[0])
                                                     -0.740    10.149    bram_samples_request.ram_reg_0_0_0
  -------------------------------------------------------------------
                         required time                         10.149    
                         arrival time                          -9.687    
  -------------------------------------------------------------------
                         slack                                  0.462    

Slack (MET) :             0.463ns  (required time - arrival time)
  Source:                 core/fsel1_reg[1]/C
                            (rising edge-triggered cell FDRE clocked by clk  {rise@0.000ns fall@5.000ns period=10.000ns})
  Destination:            bram_samples_request.ram_reg_2_0_4/WEA[0]
                            (rising edge-triggered cell RAMB36E1 clocked by clk  {rise@0.000ns fall@5.000ns period=10.000ns})
  Path Group:             clk
  Path Type:              Setup (Max at Slow Process Corner)
  Requirement:            10.000ns  (clk rise@10.000ns - clk rise@0.000ns)
  Data Path Delay:        8.921ns  (logic 2.677ns (30.007%)  route 6.244ns (69.993%))
  Logic Levels:           10  (CARRY4=3 LUT2=1 LUT3=1 LUT4=2 LUT5=2 LUT6=1)
  Clock Path Skew:        -0.049ns (DCD - SCD + CPR)
    Destination Clock Delay (DCD):    0.924ns = ( 10.924 - 10.000 ) 
    Source Clock Delay      (SCD):    0.973ns
    Clock Pessimism Removal (CPR):    0.000ns
  Clock Uncertainty:      0.035ns  ((TSJ^2 + TIJ^2)^1/2 + DJ) / 2 + PE
    Total System Jitter     (TSJ):    0.071ns
    Total Input Jitter      (TIJ):    0.000ns
    Discrete Jitter          (DJ):    0.000ns
    Phase Error              (PE):    0.000ns

    Location             Delay type                Incr(ns)  Path(ns)    Netlist Resource(s)
  -------------------------------------------------------------------    -------------------
                         (clock clk rise edge)        0.000     0.000 r  
                                                      0.000     0.000 r  clk (IN)
                         net (fo=1072, unset)         0.973     0.973    core/clk
    SLICE_X36Y22         FDRE                                         r  core/fsel1_reg[1]/C
  -------------------------------------------------------------------    -------------------
    SLICE_X36Y22         FDRE (Prop_fdre_C_Q)         0.478     1.451 r  core/fsel1_reg[1]/Q
                         net (fo=32, routed)          1.069     2.520    core/fetch/m1_reg[rs1v][31][1]
    SLICE_X36Y25         LUT4 (Prop_lut4_I1_O)        0.296     2.816 r  core/fetch/pp_lh_reg_i_21/O
                         net (fo=2, routed)           0.599     3.415    core/fetch/w_reg[result][13]
    SLICE_X36Y23         LUT5 (Prop_lut5_I4_O)        0.124     3.539 r  core/fetch/pp_lh_reg_i_5/O
                         net (fo=21, routed)          0.666     4.205    core/fetch/fsel1_reg[0]_6
    SLICE_X37Y20         LUT2 (Prop_lut2_I0_O)        0.124     4.329 r  core/fetch/bram_samples_request.ram_reg_0_0_0_i_28/O
                         net (fo=1, routed)           0.000     4.329    core/fetch/bram_samples_request.ram_reg_0_0_0_i_28_n_0
    SLICE_X37Y20         CARRY4 (Prop_carry4_S[1]_CO[3])
                                                      0.550     4.879 r  core/fetch/bram_samples_request.ram_reg_0_0_0_i_3/CO[3]
                         net (fo=1, routed)           0.000     4.879    core/fetch/bram_samples_request.ram_reg_0_0_0_i_3_n_0
    SLICE_X37Y21         CARRY4 (Prop_carry4_CI_CO[3])
                                                      0.114     4.993 r  core/fetch/bram_samples_request.ram_reg_0_0_0_i_2/CO[3]
                         net (fo=1, routed)           0.000     4.993    core/fetch/bram_samples_request.ram_reg_0_0_0_i_2_n_0
    SLICE_X37Y22         CARRY4 (Prop_carry4_CI_O[3])
                                                      0.313     5.306 f  core/fetch/observe_reg[23]_i_2/O[3]
                         net (fo=3, routed)           1.156     6.462    core/d_req_addr[23]
    SLICE_X31Y15         LUT4 (Prop_lut4_I0_O)        0.306     6.768 r  core/d_err1_i_3/O
                         net (fo=1, routed)           0.705     7.474    core/d_err1_i_3_n_0
    SLICE_X29Y13         LUT6 (Prop_lut6_I0_O)        0.124     7.598 f  core/d_err1_i_2/O
                         net (fo=3, routed)           0.179     7.777    core/d_err1_i_2_0
    SLICE_X29Y13         LUT3 (Prop_lut3_I2_O)        0.124     7.901 r  core/bram_samples_request.ram_reg_0_0_0_i_41/O
                         net (fo=12, routed)          0.511     8.412    core/bram_samples_request.ram_reg_0_0_0_i_41_n_0
    SLICE_X31Y11         LUT5 (Prop_lut5_I4_O)        0.124     8.536 r  core/bram_samples_request.ram_reg_2_0_2_i_2/O
                         net (fo=2, routed)           1.358     9.894    core_n_94
    RAMB36_X3Y0          RAMB36E1                                     r  bram_samples_request.ram_reg_2_0_4/WEA[0]
  -------------------------------------------------------------------    -------------------

                         (clock clk rise edge)       10.000    10.000 r  
                                                      0.000    10.000 r  clk (IN)
                         net (fo=1072, unset)         0.924    10.924    clk
    RAMB36_X3Y0          RAMB36E1                                     r  bram_samples_request.ram_reg_2_0_4/CLKARDCLK
                         clock pessimism              0.000    10.924    
                         clock uncertainty           -0.035    10.889    
    RAMB36_X3Y0          RAMB36E1 (Setup_ramb36e1_CLKARDCLK_WEA[0])
                                                     -0.532    10.357    bram_samples_request.ram_reg_2_0_4
  -------------------------------------------------------------------
                         required time                         10.357    
                         arrival time                          -9.894    
  -------------------------------------------------------------------
                         slack                                  0.463    





Min Delay Paths
--------------------------------------------------------------------------------------
Slack (MET) :             0.108ns  (arrival time - required time)
  Source:                 core/m1_reg[rdata][8]/C
                            (rising edge-triggered cell FDRE clocked by clk  {rise@0.000ns fall@5.000ns period=10.000ns})
  Destination:            core/m2_reg[rdata][8]/D
                            (rising edge-triggered cell FDRE clocked by clk  {rise@0.000ns fall@5.000ns period=10.000ns})
  Path Group:             clk
  Path Type:              Hold (Min at Fast Process Corner)
  Requirement:            0.000ns  (clk rise@0.000ns - clk rise@0.000ns)
  Data Path Delay:        0.251ns  (logic 0.186ns (74.103%)  route 0.065ns (25.897%))
  Logic Levels:           1  (LUT6=1)
  Clock Path Skew:        0.022ns (DCD - SCD - CPR)
    Destination Clock Delay (DCD):    0.432ns
    Source Clock Delay      (SCD):    0.410ns
    Clock Pessimism Removal (CPR):    -0.000ns

    Location             Delay type                Incr(ns)  Path(ns)    Netlist Resource(s)
  -------------------------------------------------------------------    -------------------
                         (clock clk rise edge)        0.000     0.000 r  
                                                      0.000     0.000 r  clk (IN)
                         net (fo=1072, unset)         0.410     0.410    core/clk
    SLICE_X23Y10         FDRE                                         r  core/m1_reg[rdata][8]/C
  -------------------------------------------------------------------    -------------------
    SLICE_X23Y10         FDRE (Prop_fdre_C_Q)         0.141     0.551 r  core/m1_reg[rdata][8]/Q
                         net (fo=2, routed)           0.065     0.616    core/m1_reg[rdata][8]
    SLICE_X22Y10         LUT6 (Prop_lut6_I4_O)        0.045     0.661 r  core/m2[rdata][8]_i_1/O
                         net (fo=1, routed)           0.000     0.661    core/m2[rdata][8]_i_1_n_0
    SLICE_X22Y10         FDRE                                         r  core/m2_reg[rdata][8]/D
  -------------------------------------------------------------------    -------------------

                         (clock clk rise edge)        0.000     0.000 r  
                                                      0.000     0.000 r  clk (IN)
                         net (fo=1072, unset)         0.432     0.432    core/clk
    SLICE_X22Y10         FDRE                                         r  core/m2_reg[rdata][8]/C
                         clock pessimism              0.000     0.432    
    SLICE_X22Y10         FDRE (Hold_fdre_C_D)         0.121     0.553    core/m2_reg[rdata][8]
  -------------------------------------------------------------------
                         required time                         -0.553    
                         arrival time                           0.661    
  -------------------------------------------------------------------
                         slack                                  0.108    

Slack (MET) :             0.118ns  (arrival time - required time)
  Source:                 core/fetch/rsp_pc_reg[8]/C
                            (rising edge-triggered cell FDRE clocked by clk  {rise@0.000ns fall@5.000ns period=10.000ns})
  Destination:            core/fetch/buf_pc_reg_0_3_6_11/RAMA/I
                            (rising edge-triggered cell RAMD32 clocked by clk  {rise@0.000ns fall@5.000ns period=10.000ns})
  Path Group:             clk
  Path Type:              Hold (Min at Fast Process Corner)
  Requirement:            0.000ns  (clk rise@0.000ns - clk rise@0.000ns)
  Data Path Delay:        0.287ns  (logic 0.164ns (57.127%)  route 0.123ns (42.873%))
  Logic Levels:           0  
  Clock Path Skew:        0.022ns (DCD - SCD - CPR)
    Destination Clock Delay (DCD):    0.432ns
    Source Clock Delay      (SCD):    0.410ns
    Clock Pessimism Removal (CPR):    -0.000ns

    Location             Delay type                Incr(ns)  Path(ns)    Netlist Resource(s)
  -------------------------------------------------------------------    -------------------
                         (clock clk rise edge)        0.000     0.000 r  
                                                      0.000     0.000 r  clk (IN)
                         net (fo=1072, unset)         0.410     0.410    core/fetch/clk
    SLICE_X16Y10         FDRE                                         r  core/fetch/rsp_pc_reg[8]/C
  -------------------------------------------------------------------    -------------------
    SLICE_X16Y10         FDRE (Prop_fdre_C_Q)         0.164     0.574 r  core/fetch/rsp_pc_reg[8]/Q
                         net (fo=4, routed)           0.123     0.697    core/fetch/buf_pc_reg_0_3_6_11/DIA0
    SLICE_X18Y10         RAMD32                                       r  core/fetch/buf_pc_reg_0_3_6_11/RAMA/I
  -------------------------------------------------------------------    -------------------

                         (clock clk rise edge)        0.000     0.000 r  
                                                      0.000     0.000 r  clk (IN)
                         net (fo=1072, unset)         0.432     0.432    core/fetch/buf_pc_reg_0_3_6_11/WCLK
    SLICE_X18Y10         RAMD32                                       r  core/fetch/buf_pc_reg_0_3_6_11/RAMA/CLK
                         clock pessimism              0.000     0.432    
    SLICE_X18Y10         RAMD32 (Hold_ramd32_CLK_I)
                                                      0.147     0.579    core/fetch/buf_pc_reg_0_3_6_11/RAMA
  -------------------------------------------------------------------
                         required time                         -0.579    
                         arrival time                           0.697    
  -------------------------------------------------------------------
                         slack                                  0.118    

Slack (MET) :             0.122ns  (arrival time - required time)
  Source:                 core/w_reg[result][10]/C
                            (rising edge-triggered cell FDRE clocked by clk  {rise@0.000ns fall@5.000ns period=10.000ns})
  Destination:            core/rf_reg_r1_0_31_6_11/RAMC/I
                            (rising edge-triggered cell RAMD32 clocked by clk  {rise@0.000ns fall@5.000ns period=10.000ns})
  Path Group:             clk
  Path Type:              Hold (Min at Fast Process Corner)
  Requirement:            0.000ns  (clk rise@0.000ns - clk rise@0.000ns)
  Data Path Delay:        0.287ns  (logic 0.141ns (49.048%)  route 0.146ns (50.952%))
  Logic Levels:           0  
  Clock Path Skew:        0.022ns (DCD - SCD - CPR)
    Destination Clock Delay (DCD):    0.432ns
    Source Clock Delay      (SCD):    0.410ns
    Clock Pessimism Removal (CPR):    -0.000ns

    Location             Delay type                Incr(ns)  Path(ns)    Netlist Resource(s)
  -------------------------------------------------------------------    -------------------
                         (clock clk rise edge)        0.000     0.000 r  
                                                      0.000     0.000 r  clk (IN)
                         net (fo=1072, unset)         0.410     0.410    core/clk
    SLICE_X35Y18         FDRE                                         r  core/w_reg[result][10]/C
  -------------------------------------------------------------------    -------------------
    SLICE_X35Y18         FDRE (Prop_fdre_C_Q)         0.141     0.551 r  core/w_reg[result][10]/Q
                         net (fo=6, routed)           0.146     0.698    core/rf_reg_r1_0_31_6_11/DIC0
    SLICE_X34Y18         RAMD32                                       r  core/rf_reg_r1_0_31_6_11/RAMC/I
  -------------------------------------------------------------------    -------------------

                         (clock clk rise edge)        0.000     0.000 r  
                                                      0.000     0.000 r  clk (IN)
                         net (fo=1072, unset)         0.432     0.432    core/rf_reg_r1_0_31_6_11/WCLK
    SLICE_X34Y18         RAMD32                                       r  core/rf_reg_r1_0_31_6_11/RAMC/CLK
                         clock pessimism              0.000     0.432    
    SLICE_X34Y18         RAMD32 (Hold_ramd32_CLK_I)
                                                      0.144     0.576    core/rf_reg_r1_0_31_6_11/RAMC
  -------------------------------------------------------------------
                         required time                         -0.576    
                         arrival time                           0.698    
  -------------------------------------------------------------------
                         slack                                  0.122    

Slack (MET) :             0.127ns  (arrival time - required time)
  Source:                 core/fetch/rsp_pc_reg[20]/C
                            (rising edge-triggered cell FDRE clocked by clk  {rise@0.000ns fall@5.000ns period=10.000ns})
  Destination:            core/fetch/buf_pc_reg_0_3_18_23/RAMA/I
                            (rising edge-triggered cell RAMD32 clocked by clk  {rise@0.000ns fall@5.000ns period=10.000ns})
  Path Group:             clk
  Path Type:              Hold (Min at Fast Process Corner)
  Requirement:            0.000ns  (clk rise@0.000ns - clk rise@0.000ns)
  Data Path Delay:        0.296ns  (logic 0.164ns (55.395%)  route 0.132ns (44.605%))
  Logic Levels:           0  
  Clock Path Skew:        0.022ns (DCD - SCD - CPR)
    Destination Clock Delay (DCD):    0.432ns
    Source Clock Delay      (SCD):    0.410ns
    Clock Pessimism Removal (CPR):    -0.000ns

    Location             Delay type                Incr(ns)  Path(ns)    Netlist Resource(s)
  -------------------------------------------------------------------    -------------------
                         (clock clk rise edge)        0.000     0.000 r  
                                                      0.000     0.000 r  clk (IN)
                         net (fo=1072, unset)         0.410     0.410    core/fetch/clk
    SLICE_X16Y13         FDRE                                         r  core/fetch/rsp_pc_reg[20]/C
  -------------------------------------------------------------------    -------------------
    SLICE_X16Y13         FDRE (Prop_fdre_C_Q)         0.164     0.574 r  core/fetch/rsp_pc_reg[20]/Q
                         net (fo=4, routed)           0.132     0.706    core/fetch/buf_pc_reg_0_3_18_23/DIA0
    SLICE_X18Y13         RAMD32                                       r  core/fetch/buf_pc_reg_0_3_18_23/RAMA/I
  -------------------------------------------------------------------    -------------------

                         (clock clk rise edge)        0.000     0.000 r  
                                                      0.000     0.000 r  clk (IN)
                         net (fo=1072, unset)         0.432     0.432    core/fetch/buf_pc_reg_0_3_18_23/WCLK
    SLICE_X18Y13         RAMD32                                       r  core/fetch/buf_pc_reg_0_3_18_23/RAMA/CLK
                         clock pessimism              0.000     0.432    
    SLICE_X18Y13         RAMD32 (Hold_ramd32_CLK_I)
                                                      0.147     0.579    core/fetch/buf_pc_reg_0_3_18_23/RAMA
  -------------------------------------------------------------------
                         required time                         -0.579    
                         arrival time                           0.706    
  -------------------------------------------------------------------
                         slack                                  0.127    

Slack (MET) :             0.129ns  (arrival time - required time)
  Source:                 core/w_reg[result][24]/C
                            (rising edge-triggered cell FDRE clocked by clk  {rise@0.000ns fall@5.000ns period=10.000ns})
  Destination:            core/rf_reg_r2_0_31_24_29/RAMA/I
                            (rising edge-triggered cell RAMD32 clocked by clk  {rise@0.000ns fall@5.000ns period=10.000ns})
  Path Group:             clk
  Path Type:              Hold (Min at Fast Process Corner)
  Requirement:            0.000ns  (clk rise@0.000ns - clk rise@0.000ns)
  Data Path Delay:        0.297ns  (logic 0.141ns (47.410%)  route 0.156ns (52.590%))
  Logic Levels:           0  
  Clock Path Skew:        0.022ns (DCD - SCD - CPR)
    Destination Clock Delay (DCD):    0.432ns
    Source Clock Delay      (SCD):    0.410ns
    Clock Pessimism Removal (CPR):    -0.000ns

    Location             Delay type                Incr(ns)  Path(ns)    Netlist Resource(s)
  -------------------------------------------------------------------    -------------------
                         (clock clk rise edge)        0.000     0.000 r  
                                                      0.000     0.000 r  clk (IN)
                         net (fo=1072, unset)         0.410     0.410    core/clk
    SLICE_X27Y23         FDRE                                         r  core/w_reg[result][24]/C
  -------------------------------------------------------------------    -------------------
    SLICE_X27Y23         FDRE (Prop_fdre_C_Q)         0.141     0.551 r  core/w_reg[result][24]/Q
                         net (fo=6, routed)           0.156     0.708    core/rf_reg_r2_0_31_24_29/DIA0
    SLICE_X26Y22         RAMD32                                       r  core/rf_reg_r2_0_31_24_29/RAMA/I
  -------------------------------------------------------------------    -------------------

                         (clock clk rise edge)        0.000     0.000 r  
                                                      0.000     0.000 r  clk (IN)
                         net (fo=1072, unset)         0.432     0.432    core/rf_reg_r2_0_31_24_29/WCLK
    SLICE_X26Y22         RAMD32                                       r  core/rf_reg_r2_0_31_24_29/RAMA/CLK
                         clock pessimism              0.000     0.432    
    SLICE_X26Y22         RAMD32 (Hold_ramd32_CLK_I)
                                                      0.147     0.579    core/rf_reg_r2_0_31_24_29/RAMA
  -------------------------------------------------------------------
                         required time                         -0.579    
                         arrival time                           0.708    
  -------------------------------------------------------------------
                         slack                                  0.129    

Slack (MET) :             0.132ns  (arrival time - required time)
  Source:                 bram_samples_request.d_q2_reg[16]_i_2/C
                            (rising edge-triggered cell FDRE clocked by clk  {rise@0.000ns fall@5.000ns period=10.000ns})
  Destination:            bram_samples_request.d_q2_reg[16]/D
                            (rising edge-triggered cell FDRE clocked by clk  {rise@0.000ns fall@5.000ns period=10.000ns})
  Path Group:             clk
  Path Type:              Hold (Min at Fast Process Corner)
  Requirement:            0.000ns  (clk rise@0.000ns - clk rise@0.000ns)
  Data Path Delay:        0.273ns  (logic 0.186ns (68.106%)  route 0.087ns (31.894%))
  Logic Levels:           1  (LUT3=1)
  Clock Path Skew:        0.022ns (DCD - SCD - CPR)
    Destination Clock Delay (DCD):    0.432ns
    Source Clock Delay      (SCD):    0.410ns
    Clock Pessimism Removal (CPR):    -0.000ns

    Location             Delay type                Incr(ns)  Path(ns)    Netlist Resource(s)
  -------------------------------------------------------------------    -------------------
                         (clock clk rise edge)        0.000     0.000 r  
                                                      0.000     0.000 r  clk (IN)
                         net (fo=1072, unset)         0.410     0.410    clk
    SLICE_X21Y27         FDRE                                         r  bram_samples_request.d_q2_reg[16]_i_2/C
  -------------------------------------------------------------------    -------------------
    SLICE_X21Y27         FDRE (Prop_fdre_C_Q)         0.141     0.551 r  bram_samples_request.d_q2_reg[16]_i_2/Q
                         net (fo=1, routed)           0.087     0.638    bram_samples_request.d_q2_reg[16]_i_2_n_0
    SLICE_X20Y27         LUT3 (Prop_lut3_I2_O)        0.045     0.683 r  bram_samples_request.d_q2[16]_i_1/O
                         net (fo=1, routed)           0.000     0.683    bram_samples_request.d_q[16]
    SLICE_X20Y27         FDRE                                         r  bram_samples_request.d_q2_reg[16]/D
  -------------------------------------------------------------------    -------------------

                         (clock clk rise edge)        0.000     0.000 r  
                                                      0.000     0.000 r  clk (IN)
                         net (fo=1072, unset)         0.432     0.432    clk
    SLICE_X20Y27         FDRE                                         r  bram_samples_request.d_q2_reg[16]/C
                         clock pessimism              0.000     0.432    
    SLICE_X20Y27         FDRE (Hold_fdre_C_D)         0.120     0.552    bram_samples_request.d_q2_reg[16]
  -------------------------------------------------------------------
                         required time                         -0.552    
                         arrival time                           0.683    
  -------------------------------------------------------------------
                         slack                                  0.132    

Slack (MET) :             0.134ns  (arrival time - required time)
  Source:                 core/w_reg[result][20]/C
                            (rising edge-triggered cell FDRE clocked by clk  {rise@0.000ns fall@5.000ns period=10.000ns})
  Destination:            core/rf_reg_r1_0_31_18_23/RAMB/I
                            (rising edge-triggered cell RAMD32 clocked by clk  {rise@0.000ns fall@5.000ns period=10.000ns})
  Path Group:             clk
  Path Type:              Hold (Min at Fast Process Corner)
  Requirement:            0.000ns  (clk rise@0.000ns - clk rise@0.000ns)
  Data Path Delay:        0.302ns  (logic 0.164ns (54.345%)  route 0.138ns (45.655%))
  Logic Levels:           0  
  Clock Path Skew:        0.022ns (DCD - SCD - CPR)
    Destination Clock Delay (DCD):    0.432ns
    Source Clock Delay      (SCD):    0.410ns
    Clock Pessimism Removal (CPR):    -0.000ns

    Location             Delay type                Incr(ns)  Path(ns)    Netlist Resource(s)
  -------------------------------------------------------------------    -------------------
                         (clock clk rise edge)        0.000     0.000 r  
                                                      0.000     0.000 r  clk (IN)
                         net (fo=1072, unset)         0.410     0.410    core/clk
    SLICE_X32Y20         FDRE                                         r  core/w_reg[result][20]/C
  -------------------------------------------------------------------    -------------------
    SLICE_X32Y20         FDRE (Prop_fdre_C_Q)         0.164     0.574 r  core/w_reg[result][20]/Q
                         net (fo=6, routed)           0.138     0.712    core/rf_reg_r1_0_31_18_23/DIB0
    SLICE_X34Y21         RAMD32                                       r  core/rf_reg_r1_0_31_18_23/RAMB/I
  -------------------------------------------------------------------    -------------------

                         (clock clk rise edge)        0.000     0.000 r  
                                                      0.000     0.000 r  clk (IN)
                         net (fo=1072, unset)         0.432     0.432    core/rf_reg_r1_0_31_18_23/WCLK
    SLICE_X34Y21         RAMD32                                       r  core/rf_reg_r1_0_31_18_23/RAMB/CLK
                         clock pessimism              0.000     0.432    
    SLICE_X34Y21         RAMD32 (Hold_ramd32_CLK_I)
                                                      0.146     0.578    core/rf_reg_r1_0_31_18_23/RAMB
  -------------------------------------------------------------------
                         required time                         -0.578    
                         arrival time                           0.712    
  -------------------------------------------------------------------
                         slack                                  0.134    

Slack (MET) :             0.137ns  (arrival time - required time)
  Source:                 core/w_reg[result][22]/C
                            (rising edge-triggered cell FDRE clocked by clk  {rise@0.000ns fall@5.000ns period=10.000ns})
  Destination:            core/rf_reg_r1_0_31_18_23/RAMC/I
                            (rising edge-triggered cell RAMD32 clocked by clk  {rise@0.000ns fall@5.000ns period=10.000ns})
  Path Group:             clk
  Path Type:              Hold (Min at Fast Process Corner)
  Requirement:            0.000ns  (clk rise@0.000ns - clk rise@0.000ns)
  Data Path Delay:        0.303ns  (logic 0.164ns (54.176%)  route 0.139ns (45.824%))
  Logic Levels:           0  
  Clock Path Skew:        0.022ns (DCD - SCD - CPR)
    Destination Clock Delay (DCD):    0.432ns
    Source Clock Delay      (SCD):    0.410ns
    Clock Pessimism Removal (CPR):    -0.000ns

    Location             Delay type                Incr(ns)  Path(ns)    Netlist Resource(s)
  -------------------------------------------------------------------    -------------------
                         (clock clk rise edge)        0.000     0.000 r  
                                                      0.000     0.000 r  clk (IN)
                         net (fo=1072, unset)         0.410     0.410    core/clk
    SLICE_X32Y20         FDRE                                         r  core/w_reg[result][22]/C
  -------------------------------------------------------------------    -------------------
    SLICE_X32Y20         FDRE (Prop_fdre_C_Q)         0.164     0.574 r  core/w_reg[result][22]/Q
                         net (fo=6, routed)           0.139     0.713    core/rf_reg_r1_0_31_18_23/DIC0
    SLICE_X34Y21         RAMD32                                       r  core/rf_reg_r1_0_31_18_23/RAMC/I
  -------------------------------------------------------------------    -------------------

                         (clock clk rise edge)        0.000     0.000 r  
                                                      0.000     0.000 r  clk (IN)
                         net (fo=1072, unset)         0.432     0.432    core/rf_reg_r1_0_31_18_23/WCLK
    SLICE_X34Y21         RAMD32                                       r  core/rf_reg_r1_0_31_18_23/RAMC/CLK
                         clock pessimism              0.000     0.432    
    SLICE_X34Y21         RAMD32 (Hold_ramd32_CLK_I)
                                                      0.144     0.576    core/rf_reg_r1_0_31_18_23/RAMC
  -------------------------------------------------------------------
                         required time                         -0.576    
                         arrival time                           0.713    
  -------------------------------------------------------------------
                         slack                                  0.137    

Slack (MET) :             0.139ns  (arrival time - required time)
  Source:                 core/fetch/rsp_pc_reg[28]/C
                            (rising edge-triggered cell FDRE clocked by clk  {rise@0.000ns fall@5.000ns period=10.000ns})
  Destination:            core/fetch/buf_pc_reg_0_3_24_29/RAMB/I
                            (rising edge-triggered cell RAMD32 clocked by clk  {rise@0.000ns fall@5.000ns period=10.000ns})
  Path Group:             clk
  Path Type:              Hold (Min at Fast Process Corner)
  Requirement:            0.000ns  (clk rise@0.000ns - clk rise@0.000ns)
  Data Path Delay:        0.307ns  (logic 0.164ns (53.455%)  route 0.143ns (46.545%))
  Logic Levels:           0  
  Clock Path Skew:        0.022ns (DCD - SCD - CPR)
    Destination Clock Delay (DCD):    0.432ns
    Source Clock Delay      (SCD):    0.410ns
    Clock Pessimism Removal (CPR):    -0.000ns

    Location             Delay type                Incr(ns)  Path(ns)    Netlist Resource(s)
  -------------------------------------------------------------------    -------------------
                         (clock clk rise edge)        0.000     0.000 r  
                                                      0.000     0.000 r  clk (IN)
                         net (fo=1072, unset)         0.410     0.410    core/fetch/clk
    SLICE_X16Y15         FDRE                                         r  core/fetch/rsp_pc_reg[28]/C
  -------------------------------------------------------------------    -------------------
    SLICE_X16Y15         FDRE (Prop_fdre_C_Q)         0.164     0.574 r  core/fetch/rsp_pc_reg[28]/Q
                         net (fo=5, routed)           0.143     0.717    core/fetch/buf_pc_reg_0_3_24_29/DIB0
    SLICE_X18Y14         RAMD32                                       r  core/fetch/buf_pc_reg_0_3_24_29/RAMB/I
  -------------------------------------------------------------------    -------------------

                         (clock clk rise edge)        0.000     0.000 r  
                                                      0.000     0.000 r  clk (IN)
                         net (fo=1072, unset)         0.432     0.432    core/fetch/buf_pc_reg_0_3_24_29/WCLK
    SLICE_X18Y14         RAMD32                                       r  core/fetch/buf_pc_reg_0_3_24_29/RAMB/CLK
                         clock pessimism              0.000     0.432    
    SLICE_X18Y14         RAMD32 (Hold_ramd32_CLK_I)
                                                      0.146     0.578    core/fetch/buf_pc_reg_0_3_24_29/RAMB
  -------------------------------------------------------------------
                         required time                         -0.578    
                         arrival time                           0.717    
  -------------------------------------------------------------------
                         slack                                  0.139    

Slack (MET) :             0.141ns  (arrival time - required time)
  Source:                 core/w_reg[result][27]/C
                            (rising edge-triggered cell FDRE clocked by clk  {rise@0.000ns fall@5.000ns period=10.000ns})
  Destination:            core/rf_reg_r2_0_31_24_29/RAMB_D1/I
                            (rising edge-triggered cell RAMD32 clocked by clk  {rise@0.000ns fall@5.000ns period=10.000ns})
  Path Group:             clk
  Path Type:              Hold (Min at Fast Process Corner)
  Requirement:            0.000ns  (clk rise@0.000ns - clk rise@0.000ns)
  Data Path Delay:        0.287ns  (logic 0.141ns (49.196%)  route 0.146ns (50.804%))
  Logic Levels:           0  
  Clock Path Skew:        0.022ns (DCD - SCD - CPR)
    Destination Clock Delay (DCD):    0.432ns
    Source Clock Delay      (SCD):    0.410ns
    Clock Pessimism Removal (CPR):    -0.000ns

    Location             Delay type                Incr(ns)  Path(ns)    Netlist Resource(s)
  -------------------------------------------------------------------    -------------------
                         (clock clk rise edge)        0.000     0.000 r  
                                                      0.000     0.000 r  clk (IN)
                         net (fo=1072, unset)         0.410     0.410    core/clk
    SLICE_X27Y23         FDRE                                         r  core/w_reg[result][27]/C
  -------------------------------------------------------------------    -------------------
    SLICE_X27Y23         FDRE (Prop_fdre_C_Q)         0.141     0.551 r  core/w_reg[result][27]/Q
                         net (fo=6, routed)           0.146     0.697    core/rf_reg_r2_0_31_24_29/DIB1
    SLICE_X26Y22         RAMD32                                       r  core/rf_reg_r2_0_31_24_29/RAMB_D1/I
  -------------------------------------------------------------------    -------------------

                         (clock clk rise edge)        0.000     0.000 r  
                                                      0.000     0.000 r  clk (IN)
                         net (fo=1072, unset)         0.432     0.432    core/rf_reg_r2_0_31_24_29/WCLK
    SLICE_X26Y22         RAMD32                                       r  core/rf_reg_r2_0_31_24_29/RAMB_D1/CLK
                         clock pessimism              0.000     0.432    
    SLICE_X26Y22         RAMD32 (Hold_ramd32_CLK_I)
                                                      0.124     0.556    core/rf_reg_r2_0_31_24_29/RAMB_D1
  -------------------------------------------------------------------
                         required time                         -0.556    
                         arrival time                           0.697    
  -------------------------------------------------------------------
                         slack                                  0.141    





Pulse Width Checks
--------------------------------------------------------------------------------------
Clock Name:         clk
Waveform(ns):       { 0.000 5.000 }
Period(ns):         10.000
Sources:            { clk }

Check Type        Corner  Lib Pin             Reference Pin  Required(ns)  Actual(ns)  Slack(ns)  Location     Pin
Min Period        n/a     DSP48E1/CLK         n/a            3.884         10.000      6.116      DSP48_X2Y3   core/pp_lh_reg/CLK
Min Period        n/a     DSP48E1/CLK         n/a            3.884         10.000      6.116      DSP48_X2Y5   core/pp_ll_reg/CLK
Min Period        n/a     DSP48E1/CLK         n/a            3.687         10.000      6.313      DSP48_X2Y2   core/pp_hl_reg/CLK
Min Period        n/a     RAMB36E1/CLKARDCLK  n/a            2.944         10.000      7.056      RAMB36_X1Y1  bram_samples_request.ram_reg_0_0_0/CLKARDCLK
Min Period        n/a     RAMB36E1/CLKARDCLK  n/a            2.944         10.000      7.056      RAMB36_X1Y4  bram_samples_request.ram_reg_0_0_1/CLKARDCLK
Min Period        n/a     RAMB36E1/CLKARDCLK  n/a            2.944         10.000      7.056      RAMB36_X1Y2  bram_samples_request.ram_reg_0_0_2/CLKARDCLK
Min Period        n/a     RAMB36E1/CLKARDCLK  n/a            2.944         10.000      7.056      RAMB36_X0Y1  bram_samples_request.ram_reg_0_0_3/CLKARDCLK
Min Period        n/a     RAMB36E1/CLKARDCLK  n/a            2.944         10.000      7.056      RAMB36_X3Y1  bram_samples_request.ram_reg_0_0_4/CLKARDCLK
Min Period        n/a     RAMB36E1/CLKARDCLK  n/a            2.944         10.000      7.056      RAMB36_X2Y6  bram_samples_request.ram_reg_0_0_5/CLKARDCLK
Min Period        n/a     RAMB36E1/CLKARDCLK  n/a            2.944         10.000      7.056      RAMB36_X2Y0  bram_samples_request.ram_reg_0_0_6/CLKARDCLK
Low Pulse Width   Slow    RAMD32/CLK          n/a            1.250         5.000       3.750      SLICE_X18Y9  core/fetch/buf_err_reg_0_3_0_0/DP/CLK
Low Pulse Width   Fast    RAMD32/CLK          n/a            1.250         5.000       3.750      SLICE_X18Y9  core/fetch/buf_err_reg_0_3_0_0/DP/CLK
Low Pulse Width   Slow    RAMD32/CLK          n/a            1.250         5.000       3.750      SLICE_X18Y9  core/fetch/buf_err_reg_0_3_0_0/SP/CLK
Low Pulse Width   Fast    RAMD32/CLK          n/a            1.250         5.000       3.750      SLICE_X18Y9  core/fetch/buf_err_reg_0_3_0_0/SP/CLK
Low Pulse Width   Slow    RAMD32/CLK          n/a            1.250         5.000       3.750      SLICE_X18Y7  core/fetch/buf_insn_reg_0_3_0_5/RAMA/CLK
Low Pulse Width   Fast    RAMD32/CLK          n/a            1.250         5.000       3.750      SLICE_X18Y7  core/fetch/buf_insn_reg_0_3_0_5/RAMA/CLK
Low Pulse Width   Slow    RAMD32/CLK          n/a            1.250         5.000       3.750      SLICE_X18Y7  core/fetch/buf_insn_reg_0_3_0_5/RAMA_D1/CLK
Low Pulse Width   Fast    RAMD32/CLK          n/a            1.250         5.000       3.750      SLICE_X18Y7  core/fetch/buf_insn_reg_0_3_0_5/RAMA_D1/CLK
Low Pulse Width   Slow    RAMD32/CLK          n/a            1.250         5.000       3.750      SLICE_X18Y7  core/fetch/buf_insn_reg_0_3_0_5/RAMB/CLK
Low Pulse Width   Fast    RAMD32/CLK          n/a            1.250         5.000       3.750      SLICE_X18Y7  core/fetch/buf_insn_reg_0_3_0_5/RAMB/CLK
High Pulse Width  Slow    RAMD32/CLK          n/a            1.250         5.000       3.750      SLICE_X18Y9  core/fetch/buf_err_reg_0_3_0_0/DP/CLK
High Pulse Width  Fast    RAMD32/CLK          n/a            1.250         5.000       3.750      SLICE_X18Y9  core/fetch/buf_err_reg_0_3_0_0/DP/CLK
High Pulse Width  Slow    RAMD32/CLK          n/a            1.250         5.000       3.750      SLICE_X18Y9  core/fetch/buf_err_reg_0_3_0_0/SP/CLK
High Pulse Width  Fast    RAMD32/CLK          n/a            1.250         5.000       3.750      SLICE_X18Y9  core/fetch/buf_err_reg_0_3_0_0/SP/CLK
High Pulse Width  Slow    RAMD32/CLK          n/a            1.250         5.000       3.750      SLICE_X18Y7  core/fetch/buf_insn_reg_0_3_0_5/RAMA/CLK
High Pulse Width  Fast    RAMD32/CLK          n/a            1.250         5.000       3.750      SLICE_X18Y7  core/fetch/buf_insn_reg_0_3_0_5/RAMA/CLK
High Pulse Width  Slow    RAMD32/CLK          n/a            1.250         5.000       3.750      SLICE_X18Y7  core/fetch/buf_insn_reg_0_3_0_5/RAMA_D1/CLK
High Pulse Width  Fast    RAMD32/CLK          n/a            1.250         5.000       3.750      SLICE_X18Y7  core/fetch/buf_insn_reg_0_3_0_5/RAMA_D1/CLK
High Pulse Width  Slow    RAMD32/CLK          n/a            1.250         5.000       3.750      SLICE_X18Y7  core/fetch/buf_insn_reg_0_3_0_5/RAMB/CLK
High Pulse Width  Fast    RAMD32/CLK          n/a            1.250         5.000       3.750      SLICE_X18Y7  core/fetch/buf_insn_reg_0_3_0_5/RAMB/CLK



