NAMED-PATH-BEGIN d_rsp_valid_to_d_req_valid
Startpoint: d_rsp_valid (input port clocked by clk)
Endpoint: d_req_valid (output port clocked by clk)
Path Group: clk
Path Type: max

   Delay     Time   Description
-----------------------------------------------------------
   0.000    0.000   clock clk (rise edge)
   0.000    0.000   clock network delay (propagated)
   2.000    2.000 ^ input external delay
   0.039    2.039 ^ d_rsp_valid (in)
   0.193    2.231 ^ hold4083/X (sky130_fd_sc_hd__clkbuf_1)
   0.285    2.516 ^ input35/X (sky130_fd_sc_hd__buf_2)
   0.491    3.007 ^ hold4084/X (sky130_fd_sc_hd__clkbuf_1)
   0.418    3.425 ^ wire2908/X (sky130_fd_sc_hd__buf_12)
   0.178    3.603 v _14250_/Y (sky130_fd_sc_hd__nor2_2)
   0.287    3.890 v fanout1287/X (sky130_fd_sc_hd__buf_6)
   0.346    4.236 v fanout1285/X (sky130_fd_sc_hd__buf_4)
   0.307    4.544 v fanout1284/X (sky130_fd_sc_hd__buf_6)
   0.377    4.920 ^ _14254_/Y (sky130_fd_sc_hd__o31ai_4)
   0.330    5.250 ^ max_cap771/X (sky130_fd_sc_hd__buf_6)
   0.233    5.483 v _14259_/Y (sky130_fd_sc_hd__o211ai_4)
   0.941    6.424 ^ _14261_/X (sky130_fd_sc_hd__and4bb_4)
   0.307    6.731 ^ output109/X (sky130_fd_sc_hd__buf_8)
   0.002    6.733 ^ d_req_valid (out)
            6.733   data arrival time

  10.000   10.000   clock clk (rise edge)
   0.000   10.000   clock network delay (propagated)
  -0.250    9.750   clock uncertainty
   0.000    9.750   clock reconvergence pessimism
  -2.000    7.750   output external delay
            7.750   data required time
-----------------------------------------------------------
            7.750   data required time
           -6.733   data arrival time
-----------------------------------------------------------
            1.017   slack (MET)


NAMED-PATH-END
NAMED-PATH-BEGIN d_rsp_error_to_d_req_valid
Startpoint: d_rsp_error (input port clocked by clk)
Endpoint: d_req_valid (output port clocked by clk)
Path Group: clk
Path Type: max

   Delay     Time   Description
-----------------------------------------------------------
   0.000    0.000   clock clk (rise edge)
   0.000    0.000   clock network delay (propagated)
   2.000    2.000 v input external delay
   0.022    2.022 v d_rsp_error (in)
   0.173    2.195 v hold3943/X (sky130_fd_sc_hd__clkbuf_1)
   0.314    2.509 v input2/X (sky130_fd_sc_hd__buf_2)
   0.318    2.826 v hold3944/X (sky130_fd_sc_hd__clkbuf_1)
   0.505    3.332 v _14245_/Y (sky130_fd_sc_hd__nand2b_2)
   0.357    3.688 v _14246_/X (sky130_fd_sc_hd__o211a_2)
   0.477    4.165 ^ _14254_/Y (sky130_fd_sc_hd__o31ai_4)
   0.330    4.495 ^ max_cap771/X (sky130_fd_sc_hd__buf_6)
   0.233    4.728 v _14259_/Y (sky130_fd_sc_hd__o211ai_4)
   0.941    5.670 ^ _14261_/X (sky130_fd_sc_hd__and4bb_4)
   0.307    5.976 ^ output109/X (sky130_fd_sc_hd__buf_8)
   0.002    5.978 ^ d_req_valid (out)
            5.978   data arrival time

  10.000   10.000   clock clk (rise edge)
   0.000   10.000   clock network delay (propagated)
  -0.250    9.750   clock uncertainty
   0.000    9.750   clock reconvergence pessimism
  -2.000    7.750   output external delay
            7.750   data required time
-----------------------------------------------------------
            7.750   data required time
           -5.978   data arrival time
-----------------------------------------------------------
            1.772   slack (MET)


NAMED-PATH-END
