NAMED-PATH-BEGIN d_rsp_valid_to_d_req_valid
Startpoint: d_rsp_valid (input port clocked by clk)
Endpoint: d_req_valid (output port clocked by clk)
Path Group: clk
Path Type: max

   Delay     Time   Description
-----------------------------------------------------------
   0.000    0.000   clock clk (rise edge)
   0.000    0.000   clock network delay (propagated)
   2.000    2.000 ^ input external delay
   0.010    2.010 ^ d_rsp_valid (in)
   0.050    2.060 ^ hold4375/X (sky130_fd_sc_hd__clkbuf_1)
   0.085    2.145 ^ input35/X (sky130_fd_sc_hd__clkbuf_4)
   0.120    2.265 ^ hold4376/X (sky130_fd_sc_hd__clkbuf_1)
   0.125    2.390 ^ wire3168/X (sky130_fd_sc_hd__buf_12)
   0.242    2.632 ^ fanout3164/X (sky130_fd_sc_hd__buf_2)
   0.054    2.685 v _14918_/Y (sky130_fd_sc_hd__nor2_4)
   0.172    2.857 v fanout1427/X (sky130_fd_sc_hd__clkbuf_4)
   0.247    3.105 ^ _14925_/Y (sky130_fd_sc_hd__o31ai_4)
   0.069    3.174 v _14932_/Y (sky130_fd_sc_hd__o2111ai_4)
   0.102    3.275 v rebuffer3329/X (sky130_fd_sc_hd__buf_6)
   0.214    3.489 ^ _14933_/Y (sky130_fd_sc_hd__nor3_4)
   0.109    3.598 ^ wire453/X (sky130_fd_sc_hd__buf_6)
   0.092    3.690 ^ output109/X (sky130_fd_sc_hd__buf_8)
   0.001    3.691 ^ d_req_valid (out)
            3.691   data arrival time

  10.000   10.000   clock clk (rise edge)
   0.000   10.000   clock network delay (propagated)
  -0.250    9.750   clock uncertainty
   0.000    9.750   clock reconvergence pessimism
  -2.000    7.750   output external delay
            7.750   data required time
-----------------------------------------------------------
            7.750   data required time
           -3.691   data arrival time
-----------------------------------------------------------
            4.059   slack (MET)


NAMED-PATH-END
NAMED-PATH-BEGIN d_rsp_error_to_d_req_valid
Startpoint: d_rsp_error (input port clocked by clk)
Endpoint: d_req_valid (output port clocked by clk)
Path Group: clk
Path Type: max

   Delay     Time   Description
-----------------------------------------------------------
   0.000    0.000   clock clk (rise edge)
   0.000    0.000   clock network delay (propagated)
   2.000    2.000 v input external delay
   0.004    2.004 v d_rsp_error (in)
   0.052    2.055 v hold4365/X (sky130_fd_sc_hd__clkbuf_1)
   0.091    2.147 v input2/X (sky130_fd_sc_hd__clkbuf_2)
   0.132    2.279 v hold4366/X (sky130_fd_sc_hd__clkbuf_1)
   0.130    2.409 v wire3171/X (sky130_fd_sc_hd__buf_12)
   0.144    2.553 v _14922_/Y (sky130_fd_sc_hd__nand2b_2)
   0.137    2.689 v _14923_/X (sky130_fd_sc_hd__o211a_2)
   0.278    2.967 ^ _14925_/Y (sky130_fd_sc_hd__o31ai_4)
   0.069    3.036 v _14932_/Y (sky130_fd_sc_hd__o2111ai_4)
   0.102    3.138 v rebuffer3329/X (sky130_fd_sc_hd__buf_6)
   0.214    3.351 ^ _14933_/Y (sky130_fd_sc_hd__nor3_4)
   0.109    3.460 ^ wire453/X (sky130_fd_sc_hd__buf_6)
   0.092    3.552 ^ output109/X (sky130_fd_sc_hd__buf_8)
   0.001    3.553 ^ d_req_valid (out)
            3.553   data arrival time

  10.000   10.000   clock clk (rise edge)
   0.000   10.000   clock network delay (propagated)
  -0.250    9.750   clock uncertainty
   0.000    9.750   clock reconvergence pessimism
  -2.000    7.750   output external delay
            7.750   data required time
-----------------------------------------------------------
            7.750   data required time
           -3.553   data arrival time
-----------------------------------------------------------
            4.197   slack (MET)


NAMED-PATH-END
