NAMED-PATH-BEGIN d_rsp_valid_to_d_req_valid
Startpoint: d_rsp_valid (input port clocked by clk)
Endpoint: d_req_valid (output port clocked by clk)
Path Group: clk
Path Type: max

   Delay     Time   Description
-----------------------------------------------------------
   0.000    0.000   clock clk (rise edge)
   0.000    0.000   clock network delay (propagated)
   2.000    2.000 ^ input external delay
   0.044    2.044 ^ d_rsp_valid (in)
   0.256    2.300 ^ hold3774/X (sky130_fd_sc_hd__clkbuf_1)
   0.320    2.620 ^ input35/X (sky130_fd_sc_hd__clkbuf_2)
   0.443    3.063 ^ hold3775/X (sky130_fd_sc_hd__clkbuf_1)
   0.396    3.459 ^ wire2877/X (sky130_fd_sc_hd__buf_12)
   0.153    3.612 v _14250_/Y (sky130_fd_sc_hd__nor2_4)
   0.237    3.849 v fanout1286/X (sky130_fd_sc_hd__buf_12)
   0.243    4.092 v fanout1285/X (sky130_fd_sc_hd__buf_12)
   0.280    4.372 v fanout1284/X (sky130_fd_sc_hd__buf_12)
   0.507    4.879 ^ _14254_/Y (sky130_fd_sc_hd__o31ai_4)
   0.318    5.196 v _14259_/Y (sky130_fd_sc_hd__o211ai_4)
   0.268    5.464 v rebuffer3123/X (sky130_fd_sc_hd__buf_6)
   0.865    6.329 ^ _14261_/X (sky130_fd_sc_hd__and4bb_4)
   0.311    6.640 ^ output109/X (sky130_fd_sc_hd__buf_8)
   0.002    6.642 ^ d_req_valid (out)
            6.642   data arrival time

  10.000   10.000   clock clk (rise edge)
   0.000   10.000   clock network delay (propagated)
  -0.250    9.750   clock uncertainty
   0.000    9.750   clock reconvergence pessimism
  -2.000    7.750   output external delay
            7.750   data required time
-----------------------------------------------------------
            7.750   data required time
           -6.642   data arrival time
-----------------------------------------------------------
            1.108   slack (MET)


NAMED-PATH-END
NAMED-PATH-BEGIN d_rsp_error_to_d_req_valid
Startpoint: d_rsp_error (input port clocked by clk)
Endpoint: d_req_valid (output port clocked by clk)
Path Group: clk
Path Type: max

   Delay     Time   Description
-----------------------------------------------------------
   0.000    0.000   clock clk (rise edge)
   0.000    0.000   clock network delay (propagated)
   2.000    2.000 v input external delay
   0.028    2.028 v d_rsp_error (in)
   0.186    2.214 v hold3690/X (sky130_fd_sc_hd__clkbuf_1)
   0.316    2.530 v input2/X (sky130_fd_sc_hd__buf_2)
   0.303    2.833 v hold3691/X (sky130_fd_sc_hd__clkbuf_1)
   0.482    3.314 v _14245_/Y (sky130_fd_sc_hd__nand2b_2)
   0.369    3.684 v _14246_/X (sky130_fd_sc_hd__o211a_2)
   0.626    4.310 ^ _14254_/Y (sky130_fd_sc_hd__o31ai_4)
   0.318    4.627 v _14259_/Y (sky130_fd_sc_hd__o211ai_4)
   0.268    4.895 v rebuffer3123/X (sky130_fd_sc_hd__buf_6)
   0.865    5.759 ^ _14261_/X (sky130_fd_sc_hd__and4bb_4)
   0.311    6.071 ^ output109/X (sky130_fd_sc_hd__buf_8)
   0.002    6.073 ^ d_req_valid (out)
            6.073   data arrival time

  10.000   10.000   clock clk (rise edge)
   0.000   10.000   clock network delay (propagated)
  -0.250    9.750   clock uncertainty
   0.000    9.750   clock reconvergence pessimism
  -2.000    7.750   output external delay
            7.750   data required time
-----------------------------------------------------------
            7.750   data required time
           -6.073   data arrival time
-----------------------------------------------------------
            1.677   slack (MET)


NAMED-PATH-END
