NAMED-PATH-BEGIN d_rsp_valid_to_d_req_valid
Startpoint: d_rsp_valid (input port clocked by clk)
Endpoint: d_req_valid (output port clocked by clk)
Path Group: clk
Path Type: max

   Delay     Time   Description
-----------------------------------------------------------
   0.000    0.000   clock clk (rise edge)
   0.000    0.000   clock network delay (propagated)
   2.500    2.500 ^ input external delay
   0.020    2.520 ^ d_rsp_valid (in)
   0.211    2.731 ^ input35/X (sky130_fd_sc_hd__buf_2)
   0.189    2.920 ^ wire2850/X (sky130_fd_sc_hd__buf_12)
   0.086    3.007 v _14250_/Y (sky130_fd_sc_hd__nor2_4)
   0.131    3.137 v fanout1278/X (sky130_fd_sc_hd__buf_12)
   0.160    3.297 v fanout1273/X (sky130_fd_sc_hd__buf_6)
   0.176    3.473 v fanout1272/X (sky130_fd_sc_hd__buf_6)
   0.203    3.676 v fanout1271/X (sky130_fd_sc_hd__buf_4)
   0.266    3.941 ^ _14254_/Y (sky130_fd_sc_hd__o31ai_4)
   0.185    4.126 ^ max_cap769/X (sky130_fd_sc_hd__buf_4)
   0.146    4.272 v _14259_/Y (sky130_fd_sc_hd__o211ai_2)
   0.556    4.828 ^ _14261_/X (sky130_fd_sc_hd__and4bb_2)
   0.297    5.126 ^ output109/X (sky130_fd_sc_hd__buf_2)
   0.002    5.128 ^ d_req_valid (out)
            5.128   data arrival time

  12.500   12.500   clock clk (rise edge)
   0.000   12.500   clock network delay (propagated)
  -0.250   12.250   clock uncertainty
   0.000   12.250   clock reconvergence pessimism
  -2.500    9.750   output external delay
            9.750   data required time
-----------------------------------------------------------
            9.750   data required time
           -5.128   data arrival time
-----------------------------------------------------------
            4.622   slack (MET)


NAMED-PATH-END
NAMED-PATH-BEGIN d_rsp_error_to_d_req_valid
Startpoint: d_rsp_error (input port clocked by clk)
Endpoint: d_req_valid (output port clocked by clk)
Path Group: clk
Path Type: max

   Delay     Time   Description
-----------------------------------------------------------
   0.000    0.000   clock clk (rise edge)
   0.000    0.000   clock network delay (propagated)
   2.500    2.500 v input external delay
   0.008    2.508 v d_rsp_error (in)
   0.184    2.691 v input2/X (sky130_fd_sc_hd__buf_2)
   0.244    2.935 v _14245_/Y (sky130_fd_sc_hd__nand2b_2)
   0.181    3.116 v _14246_/X (sky130_fd_sc_hd__o211a_2)
   0.223    3.339 ^ _14254_/Y (sky130_fd_sc_hd__o31ai_4)
   0.185    3.524 ^ max_cap769/X (sky130_fd_sc_hd__buf_4)
   0.146    3.670 v _14259_/Y (sky130_fd_sc_hd__o211ai_2)
   0.556    4.226 ^ _14261_/X (sky130_fd_sc_hd__and4bb_2)
   0.297    4.523 ^ output109/X (sky130_fd_sc_hd__buf_2)
   0.002    4.526 ^ d_req_valid (out)
            4.526   data arrival time

  12.500   12.500   clock clk (rise edge)
   0.000   12.500   clock network delay (propagated)
  -0.250   12.250   clock uncertainty
   0.000   12.250   clock reconvergence pessimism
  -2.500    9.750   output external delay
            9.750   data required time
-----------------------------------------------------------
            9.750   data required time
           -4.526   data arrival time
-----------------------------------------------------------
            5.224   slack (MET)


NAMED-PATH-END
