NAMED label=d_rsp_valid_to_request slack_ns=4.481 from=block/d_v2_reg/C to=block/request_registered.d_en_reg/D levels=3
Copyright 1986-2022 Xilinx, Inc. All Rights Reserved. Copyright 2022-2025 Advanced Micro Devices, Inc. All Rights Reserved.
----------------------------------------------------------------------------------------------------------------------------------------------------------------------------------------------------------------------------------------------------------------------------------------------------------------
| Tool Version : Vivado v.2025.1 (lin64) Build 6140274 Wed May 21 22:58:25 MDT 2025
| Date         : Sun Oct  4 15:08:11 2026
| Host         : gondor running 64-bit Ubuntu 24.04.5 LTS
| Command      : report_timing -of_objects [get_timing_paths -setup -from [get_cells -hier -quiet -filter {NAME =~ *d_v2_reg* && IS_SEQUENTIAL}] -to [get_cells -hier -quiet -filter {(NAME =~ *d_v1_reg* || NAME =~ *d_en_reg* || NAME =~ *ram_reg*) && IS_SEQUENTIAL}] -max_paths 1 -nworst 1] -return_string
| Design       : timing_aster_bram_reqreg
| Device       : 7z020-clg400
| Speed File   : -1  PRODUCTION 1.12 2019-11-22
| Design State : Routed
----------------------------------------------------------------------------------------------------------------------------------------------------------------------------------------------------------------------------------------------------------------------------------------------------------------

Timing Report

Slack (MET) :             4.481ns  (required time - arrival time)
  Source:                 block/d_v2_reg/C
                            (rising edge-triggered cell FDRE clocked by clk  {rise@0.000ns fall@5.000ns period=10.000ns})
  Destination:            block/request_registered.d_en_reg/D
                            (rising edge-triggered cell FDRE clocked by clk  {rise@0.000ns fall@5.000ns period=10.000ns})
  Path Group:             clk
  Path Type:              Setup (Max at Slow Process Corner)
  Requirement:            10.000ns  (clk rise@10.000ns - clk rise@0.000ns)
  Data Path Delay:        5.171ns  (logic 1.112ns (21.503%)  route 4.059ns (78.497%))
  Logic Levels:           3  (LUT4=1 LUT5=2)
  Clock Path Skew:        -0.049ns (DCD - SCD + CPR)
    Destination Clock Delay (DCD):    0.924ns = ( 10.924 - 10.000 ) 
    Source Clock Delay      (SCD):    0.973ns
    Clock Pessimism Removal (CPR):    0.000ns
  Clock Uncertainty:      0.035ns  ((TSJ^2 + TIJ^2)^1/2 + DJ) / 2 + PE
    Total System Jitter     (TSJ):    0.071ns
    Total Input Jitter      (TIJ):    0.000ns
    Discrete Jitter          (DJ):    0.000ns
    Phase Error              (PE):    0.000ns

    Location             Delay type                Incr(ns)  Path(ns)    Netlist Resource(s)
  -------------------------------------------------------------------    -------------------
                         (clock clk rise edge)        0.000     0.000 r  
                                                      0.000     0.000 r  clk (IN)
                         net (fo=1838, unset)         0.973     0.973    block/clk
    SLICE_X32Y7          FDRE                                         r  block/d_v2_reg/C
  -------------------------------------------------------------------    -------------------
    SLICE_X32Y7          FDRE (Prop_fdre_C_Q)         0.518     1.491 r  block/d_v2_reg/Q
                         net (fo=20, routed)          0.331     1.822    block/core/fetch/d_v2
    SLICE_X33Y7                                                       r  block/core/fetch/m1[writes_rd]_i_4/I0
    SLICE_X33Y7          LUT4 (Prop_lut4_I0_O)        0.118     1.940 f  block/core/fetch/m1[writes_rd]_i_4/O
                         net (fo=20, routed)          1.191     3.131    block/core/fetch/d_v2_reg
    SLICE_X41Y8                                                       f  block/core/fetch/m1_first_i_1/I1
    SLICE_X41Y8          LUT5 (Prop_lut5_I1_O)        0.326     3.457 r  block/core/fetch/m1_first_i_1/O
                         net (fo=14, routed)          1.472     4.929    block/core/e_advance
    SLICE_X30Y21                                                      r  block/core/request_registered.d_en_i_1/I3
    SLICE_X30Y21         LUT5 (Prop_lut5_I3_O)        0.150     5.079 r  block/core/request_registered.d_en_i_1/O
                         net (fo=1, routed)           1.065     6.144    block/request_registered.d_en0
    SLICE_X40Y8          FDRE                                         r  block/request_registered.d_en_reg/D
  -------------------------------------------------------------------    -------------------

                         (clock clk rise edge)       10.000    10.000 r  
                                                      0.000    10.000 r  clk (IN)
                         net (fo=1838, unset)         0.924    10.924    block/clk
    SLICE_X40Y8          FDRE                                         r  block/request_registered.d_en_reg/C
                         clock pessimism              0.000    10.924    
                         clock uncertainty           -0.035    10.889    
    SLICE_X40Y8          FDRE (Setup_fdre_C_D)       -0.264    10.625    block/request_registered.d_en_reg
  -------------------------------------------------------------------
                         required time                         10.625    
                         arrival time                          -6.144    
  -------------------------------------------------------------------
                         slack                                  4.481    





NAMED label=d_rsp_error_kill slack_ns=3.770 from=block/d_err1_reg/C to=block/request_registered.d_en_reg/D levels=4
Copyright 1986-2022 Xilinx, Inc. All Rights Reserved. Copyright 2022-2025 Advanced Micro Devices, Inc. All Rights Reserved.
------------------------------------------------------------------------------------------------------------------------------------------------------------------------------------------------------------------------------------------------------------------------------------------------------------------
| Tool Version : Vivado v.2025.1 (lin64) Build 6140274 Wed May 21 22:58:25 MDT 2025
| Date         : Sun Oct  4 15:08:11 2026
| Host         : gondor running 64-bit Ubuntu 24.04.5 LTS
| Command      : report_timing -of_objects [get_timing_paths -setup -from [get_cells -hier -quiet -filter {NAME =~ *d_err1_reg* && IS_SEQUENTIAL}] -to [get_cells -hier -quiet -filter {(NAME =~ *d_v1_reg* || NAME =~ *d_en_reg* || NAME =~ *ram_reg*) && IS_SEQUENTIAL}] -max_paths 1 -nworst 1] -return_string
| Design       : timing_aster_bram_reqreg
| Device       : 7z020-clg400
| Speed File   : -1  PRODUCTION 1.12 2019-11-22
| Design State : Routed
------------------------------------------------------------------------------------------------------------------------------------------------------------------------------------------------------------------------------------------------------------------------------------------------------------------

Timing Report

Slack (MET) :             3.770ns  (required time - arrival time)
  Source:                 block/d_err1_reg/C
                            (rising edge-triggered cell FDRE clocked by clk  {rise@0.000ns fall@5.000ns period=10.000ns})
  Destination:            block/request_registered.d_en_reg/D
                            (rising edge-triggered cell FDRE clocked by clk  {rise@0.000ns fall@5.000ns period=10.000ns})
  Path Group:             clk
  Path Type:              Setup (Max at Slow Process Corner)
  Requirement:            10.000ns  (clk rise@10.000ns - clk rise@0.000ns)
  Data Path Delay:        5.882ns  (logic 1.214ns (20.638%)  route 4.668ns (79.362%))
  Logic Levels:           4  (LUT2=1 LUT5=2 LUT6=1)
  Clock Path Skew:        -0.049ns (DCD - SCD + CPR)
    Destination Clock Delay (DCD):    0.924ns = ( 10.924 - 10.000 ) 
    Source Clock Delay      (SCD):    0.973ns
    Clock Pessimism Removal (CPR):    0.000ns
  Clock Uncertainty:      0.035ns  ((TSJ^2 + TIJ^2)^1/2 + DJ) / 2 + PE
    Total System Jitter     (TSJ):    0.071ns
    Total Input Jitter      (TIJ):    0.000ns
    Discrete Jitter          (DJ):    0.000ns
    Phase Error              (PE):    0.000ns

    Location             Delay type                Incr(ns)  Path(ns)    Netlist Resource(s)
  -------------------------------------------------------------------    -------------------
                         (clock clk rise edge)        0.000     0.000 r  
                                                      0.000     0.000 r  clk (IN)
                         net (fo=1838, unset)         0.973     0.973    block/clk
    SLICE_X37Y9          FDRE                                         r  block/d_err1_reg/C
  -------------------------------------------------------------------    -------------------
    SLICE_X37Y9          FDRE (Prop_fdre_C_Q)         0.456     1.429 f  block/d_err1_reg/Q
                         net (fo=7, routed)           0.732     2.161    block/core/fetch/d_err1
    SLICE_X39Y7                                                       f  block/core/fetch/e_pending_i_7/I3
    SLICE_X39Y7          LUT6 (Prop_lut6_I3_O)        0.124     2.285 r  block/core/fetch/e_pending_i_7/O
                         net (fo=2, routed)           0.761     3.046    block/core/fetch/e_pending_i_7_n_0
    SLICE_X34Y7                                                       r  block/core/fetch/e_pc[31]_i_2/I1
    SLICE_X34Y7          LUT2 (Prop_lut2_I1_O)        0.153     3.199 f  block/core/fetch/e_pc[31]_i_2/O
                         net (fo=33, routed)          0.639     3.837    block/core/fetch/m1_reg[valid]_1
    SLICE_X41Y8                                                       f  block/core/fetch/m1_first_i_1/I4
    SLICE_X41Y8          LUT5 (Prop_lut5_I4_O)        0.331     4.168 r  block/core/fetch/m1_first_i_1/O
                         net (fo=14, routed)          1.472     5.640    block/core/e_advance
    SLICE_X30Y21                                                      r  block/core/request_registered.d_en_i_1/I3
    SLICE_X30Y21         LUT5 (Prop_lut5_I3_O)        0.150     5.790 r  block/core/request_registered.d_en_i_1/O
                         net (fo=1, routed)           1.065     6.855    block/request_registered.d_en0
    SLICE_X40Y8          FDRE                                         r  block/request_registered.d_en_reg/D
  -------------------------------------------------------------------    -------------------

                         (clock clk rise edge)       10.000    10.000 r  
                                                      0.000    10.000 r  clk (IN)
                         net (fo=1838, unset)         0.924    10.924    block/clk
    SLICE_X40Y8          FDRE                                         r  block/request_registered.d_en_reg/C
                         clock pessimism              0.000    10.924    
                         clock uncertainty           -0.035    10.889    
    SLICE_X40Y8          FDRE (Setup_fdre_C_D)       -0.264    10.625    block/request_registered.d_en_reg
  -------------------------------------------------------------------
                         required time                         10.625    
                         arrival time                          -6.855    
  -------------------------------------------------------------------
                         slack                                  3.770    





NAMED label=d_rsp_valid_worst slack_ns=2.766 from=block/d_v2_reg/C to=block/core/w_reg[result][2]/D levels=4
Copyright 1986-2022 Xilinx, Inc. All Rights Reserved. Copyright 2022-2025 Advanced Micro Devices, Inc. All Rights Reserved.
----------------------------------------------------------------------------------------------------------------------------------------------------------------------------------------
| Tool Version : Vivado v.2025.1 (lin64) Build 6140274 Wed May 21 22:58:25 MDT 2025
| Date         : Sun Oct  4 15:08:11 2026
| Host         : gondor running 64-bit Ubuntu 24.04.5 LTS
| Command      : report_timing -of_objects [get_timing_paths -setup -from [get_cells -hier -quiet -filter {NAME =~ *d_v2_reg* && IS_SEQUENTIAL}] -max_paths 1 -nworst 1] -return_string
| Design       : timing_aster_bram_reqreg
| Device       : 7z020-clg400
| Speed File   : -1  PRODUCTION 1.12 2019-11-22
| Design State : Routed
----------------------------------------------------------------------------------------------------------------------------------------------------------------------------------------

Timing Report

Slack (MET) :             2.766ns  (required time - arrival time)
  Source:                 block/d_v2_reg/C
                            (rising edge-triggered cell FDRE clocked by clk  {rise@0.000ns fall@5.000ns period=10.000ns})
  Destination:            block/core/w_reg[result][2]/D
                            (rising edge-triggered cell FDRE clocked by clk  {rise@0.000ns fall@5.000ns period=10.000ns})
  Path Group:             clk
  Path Type:              Setup (Max at Slow Process Corner)
  Requirement:            10.000ns  (clk rise@10.000ns - clk rise@0.000ns)
  Data Path Delay:        7.214ns  (logic 1.569ns (21.748%)  route 5.645ns (78.252%))
  Logic Levels:           4  (LUT4=1 LUT5=2 MUXF7=1)
  Clock Path Skew:        -0.049ns (DCD - SCD + CPR)
    Destination Clock Delay (DCD):    0.924ns = ( 10.924 - 10.000 ) 
    Source Clock Delay      (SCD):    0.973ns
    Clock Pessimism Removal (CPR):    0.000ns
  Clock Uncertainty:      0.035ns  ((TSJ^2 + TIJ^2)^1/2 + DJ) / 2 + PE
    Total System Jitter     (TSJ):    0.071ns
    Total Input Jitter      (TIJ):    0.000ns
    Discrete Jitter          (DJ):    0.000ns
    Phase Error              (PE):    0.000ns

    Location             Delay type                Incr(ns)  Path(ns)    Netlist Resource(s)
  -------------------------------------------------------------------    -------------------
                         (clock clk rise edge)        0.000     0.000 r  
                                                      0.000     0.000 r  clk (IN)
                         net (fo=1838, unset)         0.973     0.973    block/clk
    SLICE_X32Y7          FDRE                                         r  block/d_v2_reg/C
  -------------------------------------------------------------------    -------------------
    SLICE_X32Y7          FDRE (Prop_fdre_C_Q)         0.518     1.491 r  block/d_v2_reg/Q
                         net (fo=20, routed)          0.858     2.349    block/core/d_v2
    SLICE_X33Y6                                                       r  block/core/m2[rdata][13]_i_3/I0
    SLICE_X33Y6          LUT4 (Prop_lut4_I0_O)        0.150     2.499 r  block/core/m2[rdata][13]_i_3/O
                         net (fo=52, routed)          3.275     5.774    block/core/m2[rdata][13]_i_3_n_0
    SLICE_X25Y20                                                      r  block/core/m2[rdata][18]_i_3/I3
    SLICE_X25Y20         LUT5 (Prop_lut5_I3_O)        0.352     6.126 r  block/core/m2[rdata][18]_i_3/O
                         net (fo=3, routed)           1.512     7.638    block/core/m2[rdata][18]_i_3_n_0
    SLICE_X25Y11                                                      r  block/core/w[result][2]_i_3/I2
    SLICE_X25Y11         LUT5 (Prop_lut5_I2_O)        0.332     7.970 r  block/core/w[result][2]_i_3/O
                         net (fo=1, routed)           0.000     7.970    block/core/w[result][2]_i_3_n_0
    SLICE_X25Y11                                                      r  block/core/w_reg[result][2]_i_1/I1
    SLICE_X25Y11         MUXF7 (Prop_muxf7_I1_O)      0.217     8.187 r  block/core/w_reg[result][2]_i_1/O
                         net (fo=1, routed)           0.000     8.187    block/core/w_reg[result][2]_i_1_n_0
    SLICE_X25Y11         FDRE                                         r  block/core/w_reg[result][2]/D
  -------------------------------------------------------------------    -------------------

                         (clock clk rise edge)       10.000    10.000 r  
                                                      0.000    10.000 r  clk (IN)
                         net (fo=1838, unset)         0.924    10.924    block/core/clk
    SLICE_X25Y11         FDRE                                         r  block/core/w_reg[result][2]/C
                         clock pessimism              0.000    10.924    
                         clock uncertainty           -0.035    10.889    
    SLICE_X25Y11         FDRE (Setup_fdre_C_D)        0.064    10.953    block/core/w_reg[result][2]
  -------------------------------------------------------------------
                         required time                         10.953    
                         arrival time                          -8.187    
  -------------------------------------------------------------------
                         slack                                  2.766    





NAMED label=d_rsp_error_worst slack_ns=2.584 from=block/d_err1_reg/C to=block/core/e_dec_reg[imm][20]/R levels=5
Copyright 1986-2022 Xilinx, Inc. All Rights Reserved. Copyright 2022-2025 Advanced Micro Devices, Inc. All Rights Reserved.
------------------------------------------------------------------------------------------------------------------------------------------------------------------------------------------
| Tool Version : Vivado v.2025.1 (lin64) Build 6140274 Wed May 21 22:58:25 MDT 2025
| Date         : Sun Oct  4 15:08:11 2026
| Host         : gondor running 64-bit Ubuntu 24.04.5 LTS
| Command      : report_timing -of_objects [get_timing_paths -setup -from [get_cells -hier -quiet -filter {NAME =~ *d_err1_reg* && IS_SEQUENTIAL}] -max_paths 1 -nworst 1] -return_string
| Design       : timing_aster_bram_reqreg
| Device       : 7z020-clg400
| Speed File   : -1  PRODUCTION 1.12 2019-11-22
| Design State : Routed
------------------------------------------------------------------------------------------------------------------------------------------------------------------------------------------

Timing Report

Slack (MET) :             2.584ns  (required time - arrival time)
  Source:                 block/d_err1_reg/C
                            (rising edge-triggered cell FDRE clocked by clk  {rise@0.000ns fall@5.000ns period=10.000ns})
  Destination:            block/core/e_dec_reg[imm][20]/R
                            (rising edge-triggered cell FDRE clocked by clk  {rise@0.000ns fall@5.000ns period=10.000ns})
  Path Group:             clk
  Path Type:              Setup (Max at Slow Process Corner)
  Requirement:            10.000ns  (clk rise@10.000ns - clk rise@0.000ns)
  Data Path Delay:        6.605ns  (logic 1.508ns (22.830%)  route 5.097ns (77.170%))
  Logic Levels:           5  (LUT2=1 LUT3=1 LUT4=1 LUT6=2)
  Clock Path Skew:        -0.049ns (DCD - SCD + CPR)
    Destination Clock Delay (DCD):    0.924ns = ( 10.924 - 10.000 ) 
    Source Clock Delay      (SCD):    0.973ns
    Clock Pessimism Removal (CPR):    0.000ns
  Clock Uncertainty:      0.035ns  ((TSJ^2 + TIJ^2)^1/2 + DJ) / 2 + PE
    Total System Jitter     (TSJ):    0.071ns
    Total Input Jitter      (TIJ):    0.000ns
    Discrete Jitter          (DJ):    0.000ns
    Phase Error              (PE):    0.000ns

    Location             Delay type                Incr(ns)  Path(ns)    Netlist Resource(s)
  -------------------------------------------------------------------    -------------------
                         (clock clk rise edge)        0.000     0.000 r  
                                                      0.000     0.000 r  clk (IN)
                         net (fo=1838, unset)         0.973     0.973    block/clk
    SLICE_X37Y9          FDRE                                         r  block/d_err1_reg/C
  -------------------------------------------------------------------    -------------------
    SLICE_X37Y9          FDRE (Prop_fdre_C_Q)         0.456     1.429 f  block/d_err1_reg/Q
                         net (fo=7, routed)           0.732     2.161    block/core/fetch/d_err1
    SLICE_X39Y7                                                       f  block/core/fetch/e_pending_i_7/I3
    SLICE_X39Y7          LUT6 (Prop_lut6_I3_O)        0.124     2.285 r  block/core/fetch/e_pending_i_7/O
                         net (fo=2, routed)           0.761     3.046    block/core/fetch/e_pending_i_7_n_0
    SLICE_X34Y7                                                       r  block/core/fetch/e_pc[31]_i_2/I1
    SLICE_X34Y7          LUT2 (Prop_lut2_I1_O)        0.153     3.199 f  block/core/fetch/e_pc[31]_i_2/O
                         net (fo=33, routed)          0.646     3.844    block/core/fetch/m1_reg[valid]_1
    SLICE_X40Y8                                                       f  block/core/fetch/e_dec[fencei]_i_5/I2
    SLICE_X40Y8          LUT6 (Prop_lut6_I2_O)        0.331     4.175 f  block/core/fetch/e_dec[fencei]_i_5/O
                         net (fo=88, routed)          0.784     4.959    block/core/e_valid_reg_0
    SLICE_X46Y8                                                       f  block/core/e_dec[fencei]_i_2/I2
    SLICE_X46Y8          LUT3 (Prop_lut3_I2_O)        0.117     5.076 r  block/core/e_dec[fencei]_i_2/O
                         net (fo=166, routed)         0.766     5.842    block/core/e_dec
    SLICE_X49Y8                                                       r  block/core/e_dec[imm][31]_i_1/I1
    SLICE_X49Y8          LUT4 (Prop_lut4_I1_O)        0.327     6.169 r  block/core/e_dec[imm][31]_i_1/O
                         net (fo=27, routed)          1.409     7.578    block/core/e_dec[imm][31]_i_1_n_0
    SLICE_X58Y18         FDRE                                         r  block/core/e_dec_reg[imm][20]/R
  -------------------------------------------------------------------    -------------------

                         (clock clk rise edge)       10.000    10.000 r  
                                                      0.000    10.000 r  clk (IN)
                         net (fo=1838, unset)         0.924    10.924    block/core/clk
    SLICE_X58Y18         FDRE                                         r  block/core/e_dec_reg[imm][20]/C
                         clock pessimism              0.000    10.924    
                         clock uncertainty           -0.035    10.889    
    SLICE_X58Y18         FDRE (Setup_fdre_C_R)       -0.727    10.162    block/core/e_dec_reg[imm][20]
  -------------------------------------------------------------------
                         required time                         10.162    
                         arrival time                          -7.578    
  -------------------------------------------------------------------
                         slack                                  2.584    





