NAMED-PATH-BEGIN d_rsp_valid_to_d_req_valid
Startpoint: d_rsp_valid (input port clocked by clk)
Endpoint: d_req_valid (output port clocked by clk)
Path Group: clk
Path Type: max

   Delay     Time   Description
-----------------------------------------------------------
   0.000    0.000   clock clk (rise edge)
   0.000    0.000   clock network delay (propagated)
   2.000    2.000 v input external delay
   0.011    2.011 v d_rsp_valid (in)
   0.435    2.446 v input35/X (sky130_fd_sc_hd__buf_1)
   0.351    2.796 v fanout2341/X (sky130_fd_sc_hd__buf_1)
   0.552    3.348 v fanout2339/X (sky130_fd_sc_hd__buf_1)
   1.410    4.758 ^ _07655_/X (sky130_fd_sc_hd__and4bb_4)
   0.620    5.378 ^ fanout1171/X (sky130_fd_sc_hd__clkbuf_2)
   0.523    5.901 ^ fanout1167/X (sky130_fd_sc_hd__buf_1)
   0.488    6.389 ^ load_slew1168/X (sky130_fd_sc_hd__clkbuf_2)
   0.402    6.791 v _07658_/Y (sky130_fd_sc_hd__nand2_2)
   0.834    7.625 v _07665_/X (sky130_fd_sc_hd__and4_2)
   0.406    8.031 v _07667_/X (sky130_fd_sc_hd__and4_4)
   0.186    8.217 v output109/X (sky130_fd_sc_hd__clkbuf_1)
   0.335    8.552 v wire369/X (sky130_fd_sc_hd__clkbuf_4)
   0.001    8.553 v d_req_valid (out)
            8.553   data arrival time

  10.000   10.000   clock clk (rise edge)
   0.000   10.000   clock network delay (propagated)
  -0.250    9.750   clock uncertainty
   0.000    9.750   clock reconvergence pessimism
  -2.000    7.750   output external delay
            7.750   data required time
-----------------------------------------------------------
            7.750   data required time
           -8.553   data arrival time
-----------------------------------------------------------
           -0.803   slack (VIOLATED)


NAMED-PATH-END
NAMED-PATH-BEGIN d_rsp_error_to_d_req_valid
Startpoint: d_rsp_error (input port clocked by clk)
Endpoint: d_req_valid (output port clocked by clk)
Path Group: clk
Path Type: max

   Delay     Time   Description
-----------------------------------------------------------
   0.000    0.000   clock clk (rise edge)
   0.000    0.000   clock network delay (propagated)
   2.000    2.000 v input external delay
   0.011    2.011 v d_rsp_error (in)
   0.511    2.522 v input2/X (sky130_fd_sc_hd__buf_1)
   0.672    3.194 v _07647_/Y (sky130_fd_sc_hd__nand2b_2)
   0.287    3.481 v _07648_/X (sky130_fd_sc_hd__o211a_2)
   0.222    3.703 ^ _07650_/Y (sky130_fd_sc_hd__o21ai_2)
   0.565    4.269 ^ fanout684/X (sky130_fd_sc_hd__buf_1)
   0.627    4.896 ^ fanout678/X (sky130_fd_sc_hd__buf_1)
   0.861    5.756 ^ _07665_/X (sky130_fd_sc_hd__and4_2)
   0.714    6.470 ^ _07667_/X (sky130_fd_sc_hd__and4_4)
   0.222    6.692 ^ output109/X (sky130_fd_sc_hd__clkbuf_1)
   0.353    7.044 ^ wire369/X (sky130_fd_sc_hd__clkbuf_4)
   0.001    7.045 ^ d_req_valid (out)
            7.045   data arrival time

  10.000   10.000   clock clk (rise edge)
   0.000   10.000   clock network delay (propagated)
  -0.250    9.750   clock uncertainty
   0.000    9.750   clock reconvergence pessimism
  -2.000    7.750   output external delay
            7.750   data required time
-----------------------------------------------------------
            7.750   data required time
           -7.045   data arrival time
-----------------------------------------------------------
            0.705   slack (MET)


NAMED-PATH-END
