Copyright 1986-2022 Xilinx, Inc. All Rights Reserved. Copyright 2022-2025 Advanced Micro Devices, Inc. All Rights Reserved.
-----------------------------------------------------------------------------------------------------------------------------------------------------------------------------------------
| Tool Version : Vivado v.2025.1 (lin64) Build 6140274 Wed May 21 22:58:25 MDT 2025
| Date         : Thu Oct  8 11:06:27 2026
| Host         : gondor running 64-bit Ubuntu 24.04.5 LTS
| Command      : report_timing -max_paths 10 -nworst 1 -delay_type max -path_type full -input_pins -file build/fpga/pynq_z1/aster_soc-f1/paths035/worst10.rpt
| Design       : aster_soc_board_wrapper
| Device       : 7z020-clg400
| Speed File   : -1  PRODUCTION 1.12 2019-11-22
| Design State : Physopt postRoute
-----------------------------------------------------------------------------------------------------------------------------------------------------------------------------------------

Timing Report

Slack (MET) :             0.010ns  (required time - arrival time)
  Source:                 aster_soc_board_i/aster/inst/implementation/g_hart[1].dcache/m_addr_q_reg[16]/C
                            (rising edge-triggered cell FDRE clocked by clk_fpga_0  {rise@0.000ns fall@5.000ns period=10.000ns})
  Destination:            aster_soc_board_i/aster/inst/implementation/fabric/g_bank[1].mem/ram_reg_4/WEA[0]
                            (rising edge-triggered cell RAMB36E1 clocked by clk_fpga_0  {rise@0.000ns fall@5.000ns period=10.000ns})
  Path Group:             clk_fpga_0
  Path Type:              Setup (Max at Slow Process Corner)
  Requirement:            10.000ns  (clk_fpga_0 rise@10.000ns - clk_fpga_0 rise@0.000ns)
  Data Path Delay:        9.265ns  (logic 1.954ns (21.090%)  route 7.311ns (78.910%))
  Logic Levels:           7  (CARRY4=2 LUT3=1 LUT5=1 LUT6=3)
  Clock Path Skew:        -0.039ns (DCD - SCD + CPR)
    Destination Clock Delay (DCD):    2.785ns = ( 12.785 - 10.000 ) 
    Source Clock Delay      (SCD):    2.939ns
    Clock Pessimism Removal (CPR):    0.115ns
  Clock Uncertainty:      0.154ns  ((TSJ^2 + TIJ^2)^1/2 + DJ) / 2 + PE
    Total System Jitter     (TSJ):    0.071ns
    Total Input Jitter      (TIJ):    0.300ns
    Discrete Jitter          (DJ):    0.000ns
    Phase Error              (PE):    0.000ns

    Location             Delay type                Incr(ns)  Path(ns)    Netlist Resource(s)
  -------------------------------------------------------------------    -------------------
                         (clock clk_fpga_0 rise edge)
                                                      0.000     0.000 r  
                         propagated clock network latency
                                                      2.939     2.939    
    SLICE_X49Y63         FDRE                         0.000     2.939 r  aster_soc_board_i/aster/inst/implementation/g_hart[1].dcache/m_addr_q_reg[16]/C
    SLICE_X49Y63         FDRE (Prop_fdre_C_Q)         0.456     3.395 r  aster_soc_board_i/aster/inst/implementation/g_hart[1].dcache/m_addr_q_reg[16]/Q
                         net (fo=19, routed)          1.747     5.142    aster_soc_board_i/aster/inst/implementation/fabric/g_bank[2].mem/m_d_addr[1]_287[13]
    SLICE_X54Y78                                                      r  aster_soc_board_i/aster/inst/implementation/fabric/g_bank[2].mem/scfail1[3]_i_10/I1
    SLICE_X54Y78         LUT6 (Prop_lut6_I1_O)        0.124     5.266 r  aster_soc_board_i/aster/inst/implementation/fabric/g_bank[2].mem/scfail1[3]_i_10/O
                         net (fo=1, routed)           0.000     5.266    aster_soc_board_i/aster/inst/implementation/g_hart[1].dcache/scfail1_reg[3]_i_2_2[0]
    SLICE_X54Y78                                                      r  aster_soc_board_i/aster/inst/implementation/g_hart[1].dcache/scfail1_reg[3]_i_3/S[0]
    SLICE_X54Y78         CARRY4 (Prop_carry4_S[0]_CO[3])
                                                      0.513     5.779 r  aster_soc_board_i/aster/inst/implementation/g_hart[1].dcache/scfail1_reg[3]_i_3/CO[3]
                         net (fo=1, routed)           0.000     5.779    aster_soc_board_i/aster/inst/implementation/g_hart[1].dcache/scfail1_reg[3]_i_3_n_0
    SLICE_X54Y79                                                      r  aster_soc_board_i/aster/inst/implementation/g_hart[1].dcache/scfail1_reg[3]_i_2/CI
    SLICE_X54Y79         CARRY4 (Prop_carry4_CI_CO[1])
                                                      0.157     5.936 r  aster_soc_board_i/aster/inst/implementation/g_hart[1].dcache/scfail1_reg[3]_i_2/CO[1]
                         net (fo=2, routed)           1.159     7.095    aster_soc_board_i/aster/inst/implementation/g_hart[1].dcache/resv_word_reg[1][29][0]
    SLICE_X55Y61                                                      r  aster_soc_board_i/aster/inst/implementation/g_hart[1].dcache/snoop_valid[0][0]_i_3/I3
    SLICE_X55Y61         LUT6 (Prop_lut6_I3_O)        0.332     7.427 r  aster_soc_board_i/aster/inst/implementation/g_hart[1].dcache/snoop_valid[0][0]_i_3/O
                         net (fo=9, routed)           0.956     8.383    aster_soc_board_i/aster/inst/implementation/g_hart[1].dcache/m_op_q_reg[3]_7
    SLICE_X45Y56                                                      r  aster_soc_board_i/aster/inst/implementation/g_hart[1].dcache/ram_reg_4_i_29/I0
    SLICE_X45Y56         LUT3 (Prop_lut3_I0_O)        0.124     8.507 f  aster_soc_board_i/aster/inst/implementation/g_hart[1].dcache/ram_reg_4_i_29/O
                         net (fo=4, routed)           1.905    10.412    aster_soc_board_i/aster/inst/implementation/fabric/g_bank[1].mem/ram_reg_4_15
    SLICE_X16Y39                                                      f  aster_soc_board_i/aster/inst/implementation/fabric/g_bank[1].mem/ram_reg_4_i_18__1/I5
    SLICE_X16Y39         LUT6 (Prop_lut6_I5_O)        0.124    10.536 r  aster_soc_board_i/aster/inst/implementation/fabric/g_bank[1].mem/ram_reg_4_i_18__1/O
                         net (fo=1, routed)           0.810    11.346    aster_soc_board_i/aster/inst/implementation/fabric/g_bank[1].mem/ram_reg_4_i_18__1_n_0
    SLICE_X11Y32                                                      r  aster_soc_board_i/aster/inst/implementation/fabric/g_bank[1].mem/ram_reg_4_i_9__1/I4
    SLICE_X11Y32         LUT5 (Prop_lut5_I4_O)        0.124    11.470 r  aster_soc_board_i/aster/inst/implementation/fabric/g_bank[1].mem/ram_reg_4_i_9__1/O
                         net (fo=1, routed)           0.734    12.204    aster_soc_board_i/aster/inst/implementation/fabric/g_bank[1].mem/ram_reg_4_i_9__1_n_0
    RAMB36_X0Y5          RAMB36E1                                     r  aster_soc_board_i/aster/inst/implementation/fabric/g_bank[1].mem/ram_reg_4/WEA[0]
  -------------------------------------------------------------------    -------------------

                         (clock clk_fpga_0 rise edge)
                                                     10.000    10.000 r  
                         propagated clock network latency
                                                      2.785    12.785    
                         clock pessimism              0.115    12.900    
                         clock uncertainty           -0.154    12.746    
    RAMB36_X0Y5          RAMB36E1 (Setup_ramb36e1_CLKARDCLK_WEA[0])
                                                     -0.532    12.214    aster_soc_board_i/aster/inst/implementation/fabric/g_bank[1].mem/ram_reg_4
  -------------------------------------------------------------------
                         required time                         12.214    
                         arrival time                         -12.204    
  -------------------------------------------------------------------
                         slack                                  0.010    

Slack (MET) :             0.051ns  (required time - arrival time)
  Source:                 aster_soc_board_i/aster/inst/implementation/g_hart[1].dcache/s1_addr_reg[5]/C
                            (rising edge-triggered cell FDRE clocked by clk_fpga_0  {rise@0.000ns fall@5.000ns period=10.000ns})
  Destination:            aster_soc_board_i/aster/inst/implementation/g_hart[1].dcache/m_addr_q_reg[3]/D
                            (rising edge-triggered cell FDRE clocked by clk_fpga_0  {rise@0.000ns fall@5.000ns period=10.000ns})
  Path Group:             clk_fpga_0
  Path Type:              Setup (Max at Slow Process Corner)
  Requirement:            10.000ns  (clk_fpga_0 rise@10.000ns - clk_fpga_0 rise@0.000ns)
  Data Path Delay:        9.473ns  (logic 2.263ns (23.889%)  route 7.210ns (76.111%))
  Logic Levels:           10  (CARRY4=2 LUT2=1 LUT4=1 LUT5=1 LUT6=4 RAMD64E=1)
  Clock Path Skew:        -0.354ns (DCD - SCD + CPR)
    Destination Clock Delay (DCD):    2.704ns = ( 12.704 - 10.000 ) 
    Source Clock Delay      (SCD):    3.187ns
    Clock Pessimism Removal (CPR):    0.129ns
  Clock Uncertainty:      0.154ns  ((TSJ^2 + TIJ^2)^1/2 + DJ) / 2 + PE
    Total System Jitter     (TSJ):    0.071ns
    Total Input Jitter      (TIJ):    0.300ns
    Discrete Jitter          (DJ):    0.000ns
    Phase Error              (PE):    0.000ns

    Location             Delay type                Incr(ns)  Path(ns)    Netlist Resource(s)
  -------------------------------------------------------------------    -------------------
                         (clock clk_fpga_0 rise edge)
                                                      0.000     0.000 r  
                         propagated clock network latency
                                                      3.187     3.187    
    SLICE_X61Y129        FDRE                         0.000     3.187 r  aster_soc_board_i/aster/inst/implementation/g_hart[1].dcache/s1_addr_reg[5]/C
    SLICE_X61Y129        FDRE (Prop_fdre_C_Q)         0.456     3.643 r  aster_soc_board_i/aster/inst/implementation/g_hart[1].dcache/s1_addr_reg[5]/Q
                         net (fo=173, routed)         1.425     5.068    aster_soc_board_i/aster/inst/implementation/g_hart[1].dcache/tag_ram_reg_r1_128_191_6_8/ADDRA1
    SLICE_X62Y127                                                     r  aster_soc_board_i/aster/inst/implementation/g_hart[1].dcache/tag_ram_reg_r1_128_191_6_8/RAMA/RADR1
    SLICE_X62Y127        RAMD64E (Prop_ramd64e_RADR1_O)
                                                      0.124     5.192 r  aster_soc_board_i/aster/inst/implementation/g_hart[1].dcache/tag_ram_reg_r1_128_191_6_8/RAMA/O
                         net (fo=1, routed)           0.817     6.009    aster_soc_board_i/aster/inst/implementation/g_hart[1].dcache/tag_ram_reg_r1_128_191_6_8_n_0
    SLICE_X60Y128                                                     r  aster_soc_board_i/aster/inst/implementation/g_hart[1].dcache/s2_hit_i_150/I1
    SLICE_X60Y128        LUT6 (Prop_lut6_I1_O)        0.124     6.133 r  aster_soc_board_i/aster/inst/implementation/g_hart[1].dcache/s2_hit_i_150/O
                         net (fo=1, routed)           0.964     7.097    aster_soc_board_i/aster/inst/implementation/g_hart[1].dcache/lookup_hit20_out[6]
    SLICE_X60Y124                                                     r  aster_soc_board_i/aster/inst/implementation/g_hart[1].dcache/s2_hit_i_131/I2
    SLICE_X60Y124        LUT6 (Prop_lut6_I2_O)        0.124     7.221 r  aster_soc_board_i/aster/inst/implementation/g_hart[1].dcache/s2_hit_i_131/O
                         net (fo=1, routed)           0.000     7.221    aster_soc_board_i/aster/inst/implementation/g_hart[1].dcache/s2_hit_i_131_n_0
    SLICE_X60Y124                                                     r  aster_soc_board_i/aster/inst/implementation/g_hart[1].dcache/s2_hit_reg_i_113/S[2]
    SLICE_X60Y124        CARRY4 (Prop_carry4_S[2]_CO[3])
                                                      0.398     7.619 r  aster_soc_board_i/aster/inst/implementation/g_hart[1].dcache/s2_hit_reg_i_113/CO[3]
                         net (fo=1, routed)           0.009     7.628    aster_soc_board_i/aster/inst/implementation/g_hart[1].dcache/s2_hit_reg_i_113_n_0
    SLICE_X60Y125                                                     r  aster_soc_board_i/aster/inst/implementation/g_hart[1].dcache/s2_hit_reg_i_35/CI
    SLICE_X60Y125        CARRY4 (Prop_carry4_CI_CO[2])
                                                      0.228     7.856 r  aster_soc_board_i/aster/inst/implementation/g_hart[1].dcache/s2_hit_reg_i_35/CO[2]
                         net (fo=1, routed)           0.478     8.334    aster_soc_board_i/aster/inst/implementation/fabric/replay_wait[1]_i_4_0[0]
    SLICE_X60Y122                                                     r  aster_soc_board_i/aster/inst/implementation/fabric/s2_hit_i_11/I2
    SLICE_X60Y122        LUT4 (Prop_lut4_I2_O)        0.313     8.647 f  aster_soc_board_i/aster/inst/implementation/fabric/s2_hit_i_11/O
                         net (fo=2, routed)           0.724     9.371    aster_soc_board_i/aster/inst/implementation/fabric/s2_hit_i_11_n_0
    SLICE_X61Y108                                                     f  aster_soc_board_i/aster/inst/implementation/fabric/s2_hit_i_4/I4
    SLICE_X61Y108        LUT5 (Prop_lut5_I4_O)        0.124     9.495 f  aster_soc_board_i/aster/inst/implementation/fabric/s2_hit_i_4/O
                         net (fo=3, routed)           0.277     9.772    aster_soc_board_i/aster/inst/implementation/g_hart[1].dcache/s2_hit_reg_0
    SLICE_X61Y108                                                     f  aster_soc_board_i/aster/inst/implementation/g_hart[1].dcache/m_op_q[3]_i_4/I3
    SLICE_X61Y108        LUT6 (Prop_lut6_I3_O)        0.124     9.896 f  aster_soc_board_i/aster/inst/implementation/g_hart[1].dcache/m_op_q[3]_i_4/O
                         net (fo=29, routed)          1.226    11.122    aster_soc_board_i/aster/inst/implementation/g_hart[1].dcache/m_op_q[3]_i_4_n_0
    SLICE_X59Y86                                                      f  aster_soc_board_i/aster/inst/implementation/g_hart[1].dcache/m_op_q[3]_i_1/I0
    SLICE_X59Y86         LUT2 (Prop_lut2_I0_O)        0.124    11.246 f  aster_soc_board_i/aster/inst/implementation/g_hart[1].dcache/m_op_q[3]_i_1/O
                         net (fo=15, routed)          1.290    12.536    aster_soc_board_i/aster/inst/implementation/g_hart[1].dcache/m_op_q[3]_i_1_n_0
    SLICE_X55Y69                                                      f  aster_soc_board_i/aster/inst/implementation/g_hart[1].dcache/m_addr_q[3]_i_1/I5
    SLICE_X55Y69         LUT6 (Prop_lut6_I5_O)        0.124    12.660 r  aster_soc_board_i/aster/inst/implementation/g_hart[1].dcache/m_addr_q[3]_i_1/O
                         net (fo=1, routed)           0.000    12.660    aster_soc_board_i/aster/inst/implementation/g_hart[1].dcache/m_addr_q[3]_i_1_n_0
    SLICE_X55Y69         FDRE                                         r  aster_soc_board_i/aster/inst/implementation/g_hart[1].dcache/m_addr_q_reg[3]/D
  -------------------------------------------------------------------    -------------------

                         (clock clk_fpga_0 rise edge)
                                                     10.000    10.000 r  
                         propagated clock network latency
                                                      2.704    12.704    
                         clock pessimism              0.129    12.833    
                         clock uncertainty           -0.154    12.679    
    SLICE_X55Y69         FDRE (Setup_fdre_C_D)        0.032    12.711    aster_soc_board_i/aster/inst/implementation/g_hart[1].dcache/m_addr_q_reg[3]
  -------------------------------------------------------------------
                         required time                         12.711    
                         arrival time                         -12.660    
  -------------------------------------------------------------------
                         slack                                  0.051    

Slack (MET) :             0.082ns  (required time - arrival time)
  Source:                 aster_soc_board_i/aster/inst/implementation/g_hart[1].dcache/m_addr_q_reg[16]/C
                            (rising edge-triggered cell FDRE clocked by clk_fpga_0  {rise@0.000ns fall@5.000ns period=10.000ns})
  Destination:            aster_soc_board_i/aster/inst/implementation/fabric/g_bank[2].mem/ram_reg_5/WEA[0]
                            (rising edge-triggered cell RAMB36E1 clocked by clk_fpga_0  {rise@0.000ns fall@5.000ns period=10.000ns})
  Path Group:             clk_fpga_0
  Path Type:              Setup (Max at Slow Process Corner)
  Requirement:            10.000ns  (clk_fpga_0 rise@10.000ns - clk_fpga_0 rise@0.000ns)
  Data Path Delay:        9.251ns  (logic 2.150ns (23.240%)  route 7.101ns (76.760%))
  Logic Levels:           7  (CARRY4=2 LUT3=1 LUT5=1 LUT6=3)
  Clock Path Skew:        0.020ns (DCD - SCD + CPR)
    Destination Clock Delay (DCD):    2.844ns = ( 12.844 - 10.000 ) 
    Source Clock Delay      (SCD):    2.939ns
    Clock Pessimism Removal (CPR):    0.115ns
  Clock Uncertainty:      0.154ns  ((TSJ^2 + TIJ^2)^1/2 + DJ) / 2 + PE
    Total System Jitter     (TSJ):    0.071ns
    Total Input Jitter      (TIJ):    0.300ns
    Discrete Jitter          (DJ):    0.000ns
    Phase Error              (PE):    0.000ns

    Location             Delay type                Incr(ns)  Path(ns)    Netlist Resource(s)
  -------------------------------------------------------------------    -------------------
                         (clock clk_fpga_0 rise edge)
                                                      0.000     0.000 r  
                         propagated clock network latency
                                                      2.939     2.939    
    SLICE_X49Y63         FDRE                         0.000     2.939 r  aster_soc_board_i/aster/inst/implementation/g_hart[1].dcache/m_addr_q_reg[16]/C
    SLICE_X49Y63         FDRE (Prop_fdre_C_Q)         0.456     3.395 r  aster_soc_board_i/aster/inst/implementation/g_hart[1].dcache/m_addr_q_reg[16]/Q
                         net (fo=19, routed)          1.747     5.142    aster_soc_board_i/aster/inst/implementation/fabric/g_bank[2].mem/m_d_addr[1]_287[13]
    SLICE_X54Y78                                                      r  aster_soc_board_i/aster/inst/implementation/fabric/g_bank[2].mem/scfail1[3]_i_10/I1
    SLICE_X54Y78         LUT6 (Prop_lut6_I1_O)        0.124     5.266 r  aster_soc_board_i/aster/inst/implementation/fabric/g_bank[2].mem/scfail1[3]_i_10/O
                         net (fo=1, routed)           0.000     5.266    aster_soc_board_i/aster/inst/implementation/g_hart[1].dcache/scfail1_reg[3]_i_2_2[0]
    SLICE_X54Y78                                                      r  aster_soc_board_i/aster/inst/implementation/g_hart[1].dcache/scfail1_reg[3]_i_3/S[0]
    SLICE_X54Y78         CARRY4 (Prop_carry4_S[0]_CO[3])
                                                      0.513     5.779 r  aster_soc_board_i/aster/inst/implementation/g_hart[1].dcache/scfail1_reg[3]_i_3/CO[3]
                         net (fo=1, routed)           0.000     5.779    aster_soc_board_i/aster/inst/implementation/g_hart[1].dcache/scfail1_reg[3]_i_3_n_0
    SLICE_X54Y79                                                      r  aster_soc_board_i/aster/inst/implementation/g_hart[1].dcache/scfail1_reg[3]_i_2/CI
    SLICE_X54Y79         CARRY4 (Prop_carry4_CI_CO[1])
                                                      0.157     5.936 r  aster_soc_board_i/aster/inst/implementation/g_hart[1].dcache/scfail1_reg[3]_i_2/CO[1]
                         net (fo=2, routed)           1.159     7.095    aster_soc_board_i/aster/inst/implementation/g_hart[1].dcache/resv_word_reg[1][29][0]
    SLICE_X55Y61                                                      r  aster_soc_board_i/aster/inst/implementation/g_hart[1].dcache/snoop_valid[0][0]_i_3/I3
    SLICE_X55Y61         LUT6 (Prop_lut6_I3_O)        0.332     7.427 r  aster_soc_board_i/aster/inst/implementation/g_hart[1].dcache/snoop_valid[0][0]_i_3/O
                         net (fo=9, routed)           0.689     8.116    aster_soc_board_i/aster/inst/implementation/g_hart[1].dcache/m_op_q_reg[3]_7
    SLICE_X52Y60                                                      r  aster_soc_board_i/aster/inst/implementation/g_hart[1].dcache/ram_reg_5_i_28/I2
    SLICE_X52Y60         LUT3 (Prop_lut3_I2_O)        0.118     8.234 f  aster_soc_board_i/aster/inst/implementation/g_hart[1].dcache/ram_reg_5_i_28/O
                         net (fo=4, routed)           1.607     9.841    aster_soc_board_i/aster/inst/implementation/fabric/g_bank[2].mem/ram_reg_5_4
    SLICE_X61Y42                                                      f  aster_soc_board_i/aster/inst/implementation/fabric/g_bank[2].mem/ram_reg_5_i_26/I3
    SLICE_X61Y42         LUT6 (Prop_lut6_I3_O)        0.326    10.167 r  aster_soc_board_i/aster/inst/implementation/fabric/g_bank[2].mem/ram_reg_5_i_26/O
                         net (fo=1, routed)           0.579    10.747    aster_soc_board_i/aster/inst/implementation/fabric/g_bank[2].mem/ram_reg_5_i_26_n_0
    SLICE_X68Y42                                                      r  aster_soc_board_i/aster/inst/implementation/fabric/g_bank[2].mem/ram_reg_5_i_9__2/I0
    SLICE_X68Y42         LUT5 (Prop_lut5_I0_O)        0.124    10.871 r  aster_soc_board_i/aster/inst/implementation/fabric/g_bank[2].mem/ram_reg_5_i_9__2/O
                         net (fo=1, routed)           1.320    12.190    aster_soc_board_i/aster/inst/implementation/fabric/g_bank[2].mem/ram_reg_5_i_9__2_n_0
    RAMB36_X4Y8          RAMB36E1                                     r  aster_soc_board_i/aster/inst/implementation/fabric/g_bank[2].mem/ram_reg_5/WEA[0]
  -------------------------------------------------------------------    -------------------

                         (clock clk_fpga_0 rise edge)
                                                     10.000    10.000 r  
                         propagated clock network latency
                                                      2.844    12.844    
                         clock pessimism              0.115    12.959    
                         clock uncertainty           -0.154    12.805    
    RAMB36_X4Y8          RAMB36E1 (Setup_ramb36e1_CLKARDCLK_WEA[0])
                                                     -0.532    12.273    aster_soc_board_i/aster/inst/implementation/fabric/g_bank[2].mem/ram_reg_5
  -------------------------------------------------------------------
                         required time                         12.273    
                         arrival time                         -12.190    
  -------------------------------------------------------------------
                         slack                                  0.082    

Slack (MET) :             0.113ns  (required time - arrival time)
  Source:                 aster_soc_board_i/aster/inst/implementation/g_hart[1].dcache/m_addr_q_reg[11]/C
                            (rising edge-triggered cell FDRE clocked by clk_fpga_0  {rise@0.000ns fall@5.000ns period=10.000ns})
  Destination:            aster_soc_board_i/aster/inst/implementation/fabric/g_bank[1].mem/ram_reg_4/ENBWREN
                            (rising edge-triggered cell RAMB36E1 clocked by clk_fpga_0  {rise@0.000ns fall@5.000ns period=10.000ns})
  Path Group:             clk_fpga_0
  Path Type:              Setup (Max at Slow Process Corner)
  Requirement:            10.000ns  (clk_fpga_0 rise@10.000ns - clk_fpga_0 rise@0.000ns)
  Data Path Delay:        9.192ns  (logic 1.718ns (18.690%)  route 7.474ns (81.310%))
  Logic Levels:           7  (CARRY4=1 LUT4=1 LUT5=2 LUT6=3)
  Clock Path Skew:        -0.097ns (DCD - SCD + CPR)
    Destination Clock Delay (DCD):    2.779ns = ( 12.779 - 10.000 ) 
    Source Clock Delay      (SCD):    2.991ns
    Clock Pessimism Removal (CPR):    0.115ns
  Clock Uncertainty:      0.154ns  ((TSJ^2 + TIJ^2)^1/2 + DJ) / 2 + PE
    Total System Jitter     (TSJ):    0.071ns
    Total Input Jitter      (TIJ):    0.300ns
    Discrete Jitter          (DJ):    0.000ns
    Phase Error              (PE):    0.000ns

    Location             Delay type                Incr(ns)  Path(ns)    Netlist Resource(s)
  -------------------------------------------------------------------    -------------------
                         (clock clk_fpga_0 rise edge)
                                                      0.000     0.000 r  
                         propagated clock network latency
                                                      2.991     2.991    
    SLICE_X55Y71         FDRE                         0.000     2.991 r  aster_soc_board_i/aster/inst/implementation/g_hart[1].dcache/m_addr_q_reg[11]/C
    SLICE_X55Y71         FDRE (Prop_fdre_C_Q)         0.419     3.410 r  aster_soc_board_i/aster/inst/implementation/g_hart[1].dcache/m_addr_q_reg[11]/Q
                         net (fo=17, routed)          1.895     5.305    aster_soc_board_i/aster/inst/implementation/fabric/g_bank[1].mem/m_d_addr[1]_287[6]
    SLICE_X36Y55                                                      r  aster_soc_board_i/aster/inst/implementation/fabric/g_bank[1].mem/i___1_i_96/I1
    SLICE_X36Y55         LUT6 (Prop_lut6_I1_O)        0.299     5.604 r  aster_soc_board_i/aster/inst/implementation/fabric/g_bank[1].mem/i___1_i_96/O
                         net (fo=1, routed)           0.000     5.604    aster_soc_board_i/aster/inst/implementation/fabric/g_bank[1].mem/i___1_i_96_n_0
    SLICE_X36Y55                                                      r  aster_soc_board_i/aster/inst/implementation/fabric/g_bank[1].mem/i___1_i_49/S[2]
    SLICE_X36Y55         CARRY4 (Prop_carry4_S[2]_CO[3])
                                                      0.380     5.984 r  aster_soc_board_i/aster/inst/implementation/fabric/g_bank[1].mem/i___1_i_49/CO[3]
                         net (fo=1, routed)           0.607     6.591    aster_soc_board_i/aster/inst/implementation/fabric/g_bank[1].mem/(null)[0].g526_out
    SLICE_X36Y56                                                      r  aster_soc_board_i/aster/inst/implementation/fabric/g_bank[1].mem/i___1_i_26/I2
    SLICE_X36Y56         LUT5 (Prop_lut5_I2_O)        0.124     6.715 r  aster_soc_board_i/aster/inst/implementation/fabric/g_bank[1].mem/i___1_i_26/O
                         net (fo=4, routed)           0.686     7.401    aster_soc_board_i/aster/inst/implementation/fabric/g_bank[1].mem/i___1_i_26_n_0
    SLICE_X37Y55                                                      r  aster_soc_board_i/aster/inst/implementation/fabric/g_bank[1].mem/ram_reg_0_i_36__1/I3
    SLICE_X37Y55         LUT6 (Prop_lut6_I3_O)        0.124     7.525 f  aster_soc_board_i/aster/inst/implementation/fabric/g_bank[1].mem/ram_reg_0_i_36__1/O
                         net (fo=62, routed)          0.972     8.497    aster_soc_board_i/aster/inst/implementation/fabric/g_bank[1].mem/ptr_a_reg[1][1]_2
    SLICE_X37Y57                                                      f  aster_soc_board_i/aster/inst/implementation/fabric/g_bank[1].mem/ram_reg_0_i_98__0/I1
    SLICE_X37Y57         LUT6 (Prop_lut6_I1_O)        0.124     8.621 f  aster_soc_board_i/aster/inst/implementation/fabric/g_bank[1].mem/ram_reg_0_i_98__0/O
                         net (fo=1, routed)           0.454     9.076    aster_soc_board_i/aster/inst/implementation/fabric/g_bank[1].mem/ram_reg_0_i_98__0_n_0
    SLICE_X35Y56                                                      f  aster_soc_board_i/aster/inst/implementation/fabric/g_bank[1].mem/ram_reg_0_i_39__1/I4
    SLICE_X35Y56         LUT5 (Prop_lut5_I4_O)        0.124     9.200 r  aster_soc_board_i/aster/inst/implementation/fabric/g_bank[1].mem/ram_reg_0_i_39__1/O
                         net (fo=5, routed)           0.886    10.086    aster_soc_board_i/aster/inst/implementation/fabric/g_bank[1].mem/g_npu_buffer.e_we_reg[0]_0
    SLICE_X32Y51                                                      r  aster_soc_board_i/aster/inst/implementation/fabric/g_bank[1].mem/ram_reg_0_i_2__1/I0
    SLICE_X32Y51         LUT4 (Prop_lut4_I0_O)        0.124    10.210 r  aster_soc_board_i/aster/inst/implementation/fabric/g_bank[1].mem/ram_reg_0_i_2__1/O
                         net (fo=8, routed)           1.973    12.183    aster_soc_board_i/aster/inst/implementation/fabric/g_bank[1].mem/en_b[1]
    RAMB36_X0Y5          RAMB36E1                                     r  aster_soc_board_i/aster/inst/implementation/fabric/g_bank[1].mem/ram_reg_4/ENBWREN
  -------------------------------------------------------------------    -------------------

                         (clock clk_fpga_0 rise edge)
                                                     10.000    10.000 r  
                         propagated clock network latency
                                                      2.779    12.779    
                         clock pessimism              0.115    12.894    
                         clock uncertainty           -0.154    12.740    
    RAMB36_X0Y5          RAMB36E1 (Setup_ramb36e1_CLKBWRCLK_ENBWREN)
                                                     -0.443    12.297    aster_soc_board_i/aster/inst/implementation/fabric/g_bank[1].mem/ram_reg_4
  -------------------------------------------------------------------
                         required time                         12.297    
                         arrival time                         -12.183    
  -------------------------------------------------------------------
                         slack                                  0.113    

Slack (MET) :             0.168ns  (required time - arrival time)
  Source:                 aster_soc_board_i/aster/inst/implementation/g_hart[1].dcache/m_addr_q_reg[11]/C
                            (rising edge-triggered cell FDRE clocked by clk_fpga_0  {rise@0.000ns fall@5.000ns period=10.000ns})
  Destination:            aster_soc_board_i/aster/inst/implementation/dma/r_req_valid_reg/D
                            (rising edge-triggered cell FDRE clocked by clk_fpga_0  {rise@0.000ns fall@5.000ns period=10.000ns})
  Path Group:             clk_fpga_0
  Path Type:              Setup (Max at Slow Process Corner)
  Requirement:            10.000ns  (clk_fpga_0 rise@10.000ns - clk_fpga_0 rise@0.000ns)
  Data Path Delay:        9.496ns  (logic 2.214ns (23.315%)  route 7.282ns (76.685%))
  Logic Levels:           11  (CARRY4=1 LUT2=1 LUT4=1 LUT5=2 LUT6=6)
  Clock Path Skew:        -0.211ns (DCD - SCD + CPR)
    Destination Clock Delay (DCD):    2.651ns = ( 12.651 - 10.000 ) 
    Source Clock Delay      (SCD):    2.991ns
    Clock Pessimism Removal (CPR):    0.129ns
  Clock Uncertainty:      0.154ns  ((TSJ^2 + TIJ^2)^1/2 + DJ) / 2 + PE
    Total System Jitter     (TSJ):    0.071ns
    Total Input Jitter      (TIJ):    0.300ns
    Discrete Jitter          (DJ):    0.000ns
    Phase Error              (PE):    0.000ns

    Location             Delay type                Incr(ns)  Path(ns)    Netlist Resource(s)
  -------------------------------------------------------------------    -------------------
                         (clock clk_fpga_0 rise edge)
                                                      0.000     0.000 r  
                         propagated clock network latency
                                                      2.991     2.991    
    SLICE_X55Y71         FDRE                         0.000     2.991 r  aster_soc_board_i/aster/inst/implementation/g_hart[1].dcache/m_addr_q_reg[11]/C
    SLICE_X55Y71         FDRE (Prop_fdre_C_Q)         0.419     3.410 r  aster_soc_board_i/aster/inst/implementation/g_hart[1].dcache/m_addr_q_reg[11]/Q
                         net (fo=17, routed)          1.895     5.305    aster_soc_board_i/aster/inst/implementation/fabric/g_bank[1].mem/m_d_addr[1]_287[6]
    SLICE_X36Y55                                                      r  aster_soc_board_i/aster/inst/implementation/fabric/g_bank[1].mem/i___1_i_96/I1
    SLICE_X36Y55         LUT6 (Prop_lut6_I1_O)        0.299     5.604 r  aster_soc_board_i/aster/inst/implementation/fabric/g_bank[1].mem/i___1_i_96/O
                         net (fo=1, routed)           0.000     5.604    aster_soc_board_i/aster/inst/implementation/fabric/g_bank[1].mem/i___1_i_96_n_0
    SLICE_X36Y55                                                      r  aster_soc_board_i/aster/inst/implementation/fabric/g_bank[1].mem/i___1_i_49/S[2]
    SLICE_X36Y55         CARRY4 (Prop_carry4_S[2]_CO[3])
                                                      0.380     5.984 f  aster_soc_board_i/aster/inst/implementation/fabric/g_bank[1].mem/i___1_i_49/CO[3]
                         net (fo=1, routed)           0.607     6.591    aster_soc_board_i/aster/inst/implementation/fabric/g_bank[1].mem/(null)[0].g526_out
    SLICE_X36Y56                                                      f  aster_soc_board_i/aster/inst/implementation/fabric/g_bank[1].mem/i___1_i_26/I2
    SLICE_X36Y56         LUT5 (Prop_lut5_I2_O)        0.124     6.715 f  aster_soc_board_i/aster/inst/implementation/fabric/g_bank[1].mem/i___1_i_26/O
                         net (fo=4, routed)           0.686     7.401    aster_soc_board_i/aster/inst/implementation/fabric/g_bank[1].mem/i___1_i_26_n_0
    SLICE_X37Y55                                                      f  aster_soc_board_i/aster/inst/implementation/fabric/g_bank[1].mem/ram_reg_0_i_36__1/I3
    SLICE_X37Y55         LUT6 (Prop_lut6_I3_O)        0.124     7.525 r  aster_soc_board_i/aster/inst/implementation/fabric/g_bank[1].mem/ram_reg_0_i_36__1/O
                         net (fo=62, routed)          0.972     8.497    aster_soc_board_i/aster/inst/implementation/fabric/g_bank[1].mem/ptr_a_reg[1][1]_2
    SLICE_X37Y57                                                      r  aster_soc_board_i/aster/inst/implementation/fabric/g_bank[1].mem/ram_reg_0_i_98__0/I1
    SLICE_X37Y57         LUT6 (Prop_lut6_I1_O)        0.124     8.621 r  aster_soc_board_i/aster/inst/implementation/fabric/g_bank[1].mem/ram_reg_0_i_98__0/O
                         net (fo=1, routed)           0.454     9.076    aster_soc_board_i/aster/inst/implementation/fabric/g_bank[1].mem/ram_reg_0_i_98__0_n_0
    SLICE_X35Y56                                                      r  aster_soc_board_i/aster/inst/implementation/fabric/g_bank[1].mem/ram_reg_0_i_39__1/I4
    SLICE_X35Y56         LUT5 (Prop_lut5_I4_O)        0.124     9.200 f  aster_soc_board_i/aster/inst/implementation/fabric/g_bank[1].mem/ram_reg_0_i_39__1/O
                         net (fo=5, routed)           0.658     9.858    aster_soc_board_i/aster/inst/implementation/fabric/g_bank[1].mem_n_72
    SLICE_X45Y57                                                      f  aster_soc_board_i/aster/inst/implementation/fabric/v1[5]_i_1/I3
    SLICE_X45Y57         LUT4 (Prop_lut4_I3_O)        0.124     9.982 f  aster_soc_board_i/aster/inst/implementation/fabric/v1[5]_i_1/O
                         net (fo=27, routed)          0.713    10.695    aster_soc_board_i/aster/inst/implementation/dma/inc_q_reg[1][1]_0[0]
    SLICE_X46Y65                                                      f  aster_soc_board_i/aster/inst/implementation/dma/i___7_i_1/I1
    SLICE_X46Y65         LUT2 (Prop_lut2_I1_O)        0.124    10.819 f  aster_soc_board_i/aster/inst/implementation/dma/i___7_i_1/O
                         net (fo=3, routed)           0.314    11.133    aster_soc_board_i/aster/inst/implementation/dma/p_54_in
    SLICE_X47Y65                                                      f  aster_soc_board_i/aster/inst/implementation/dma/i___2_i_5/I5
    SLICE_X47Y65         LUT6 (Prop_lut6_I5_O)        0.124    11.257 r  aster_soc_board_i/aster/inst/implementation/dma/i___2_i_5/O
                         net (fo=1, routed)           0.639    11.896    aster_soc_board_i/aster/inst/implementation/dma/i___2_i_5_n_0
    SLICE_X46Y65                                                      r  aster_soc_board_i/aster/inst/implementation/dma/i___2_i_4/I0
    SLICE_X46Y65         LUT6 (Prop_lut6_I0_O)        0.124    12.020 r  aster_soc_board_i/aster/inst/implementation/dma/i___2_i_4/O
                         net (fo=1, routed)           0.343    12.363    aster_soc_board_i/aster/inst/implementation/dma/r_req_valid0
    SLICE_X47Y65                                                      r  aster_soc_board_i/aster/inst/implementation/dma/i___2/I4
    SLICE_X47Y65         LUT6 (Prop_lut6_I4_O)        0.124    12.487 r  aster_soc_board_i/aster/inst/implementation/dma/i___2/O
                         net (fo=1, routed)           0.000    12.487    aster_soc_board_i/aster/inst/implementation/dma/i___2_n_0
    SLICE_X47Y65         FDRE                                         r  aster_soc_board_i/aster/inst/implementation/dma/r_req_valid_reg/D
  -------------------------------------------------------------------    -------------------

                         (clock clk_fpga_0 rise edge)
                                                     10.000    10.000 r  
                         propagated clock network latency
                                                      2.651    12.651    
                         clock pessimism              0.129    12.780    
                         clock uncertainty           -0.154    12.626    
    SLICE_X47Y65         FDRE (Setup_fdre_C_D)        0.029    12.655    aster_soc_board_i/aster/inst/implementation/dma/r_req_valid_reg
  -------------------------------------------------------------------
                         required time                         12.655    
                         arrival time                         -12.487    
  -------------------------------------------------------------------
                         slack                                  0.168    

Slack (MET) :             0.181ns  (required time - arrival time)
  Source:                 aster_soc_board_i/aster/inst/implementation/g_hart[0].dcache/s1_addr_reg[5]/C
                            (rising edge-triggered cell FDRE clocked by clk_fpga_0  {rise@0.000ns fall@5.000ns period=10.000ns})
  Destination:            aster_soc_board_i/aster/inst/implementation/g_hart[0].dcache/issued_reg[2]/D
                            (rising edge-triggered cell FDRE clocked by clk_fpga_0  {rise@0.000ns fall@5.000ns period=10.000ns})
  Path Group:             clk_fpga_0
  Path Type:              Setup (Max at Slow Process Corner)
  Requirement:            10.000ns  (clk_fpga_0 rise@10.000ns - clk_fpga_0 rise@0.000ns)
  Data Path Delay:        9.263ns  (logic 2.397ns (25.878%)  route 6.866ns (74.122%))
  Logic Levels:           10  (CARRY4=2 LUT2=1 LUT4=1 LUT5=2 LUT6=3 RAMD64E=1)
  Clock Path Skew:        -0.355ns (DCD - SCD + CPR)
    Destination Clock Delay (DCD):    2.649ns = ( 12.649 - 10.000 ) 
    Source Clock Delay      (SCD):    3.133ns
    Clock Pessimism Removal (CPR):    0.129ns
  Clock Uncertainty:      0.154ns  ((TSJ^2 + TIJ^2)^1/2 + DJ) / 2 + PE
    Total System Jitter     (TSJ):    0.071ns
    Total Input Jitter      (TIJ):    0.300ns
    Discrete Jitter          (DJ):    0.000ns
    Phase Error              (PE):    0.000ns

    Location             Delay type                Incr(ns)  Path(ns)    Netlist Resource(s)
  -------------------------------------------------------------------    -------------------
                         (clock clk_fpga_0 rise edge)
                                                      0.000     0.000 r  
                         propagated clock network latency
                                                      3.133     3.133    
    SLICE_X43Y112        FDRE                         0.000     3.133 r  aster_soc_board_i/aster/inst/implementation/g_hart[0].dcache/s1_addr_reg[5]/C
    SLICE_X43Y112        FDRE (Prop_fdre_C_Q)         0.456     3.589 r  aster_soc_board_i/aster/inst/implementation/g_hart[0].dcache/s1_addr_reg[5]/Q
                         net (fo=173, routed)         1.678     5.267    aster_soc_board_i/aster/inst/implementation/g_hart[0].dcache/tag_ram_reg_r1_192_255_0_2/ADDRC1
    SLICE_X42Y106                                                     r  aster_soc_board_i/aster/inst/implementation/g_hart[0].dcache/tag_ram_reg_r1_192_255_0_2/RAMC/RADR1
    SLICE_X42Y106        RAMD64E (Prop_ramd64e_RADR1_O)
                                                      0.124     5.391 r  aster_soc_board_i/aster/inst/implementation/g_hart[0].dcache/tag_ram_reg_r1_192_255_0_2/RAMC/O
                         net (fo=1, routed)           1.022     6.414    aster_soc_board_i/aster/inst/implementation/g_hart[0].dcache/tag_ram_reg_r1_192_255_0_2_n_2
    SLICE_X44Y106                                                     r  aster_soc_board_i/aster/inst/implementation/g_hart[0].dcache/s2_hit_i_155__0/I0
    SLICE_X44Y106        LUT6 (Prop_lut6_I0_O)        0.124     6.538 r  aster_soc_board_i/aster/inst/implementation/g_hart[0].dcache/s2_hit_i_155__0/O
                         net (fo=1, routed)           0.575     7.113    aster_soc_board_i/aster/inst/implementation/g_hart[0].dcache/lookup_hit20_out[2]
    SLICE_X45Y106                                                     r  aster_soc_board_i/aster/inst/implementation/g_hart[0].dcache/s2_hit_i_133__0/I0
    SLICE_X45Y106        LUT6 (Prop_lut6_I0_O)        0.124     7.237 r  aster_soc_board_i/aster/inst/implementation/g_hart[0].dcache/s2_hit_i_133__0/O
                         net (fo=1, routed)           0.000     7.237    aster_soc_board_i/aster/inst/implementation/g_hart[0].dcache/s2_hit_i_133__0_n_0
    SLICE_X45Y106                                                     r  aster_soc_board_i/aster/inst/implementation/g_hart[0].dcache/s2_hit_reg_i_113__0/S[0]
    SLICE_X45Y106        CARRY4 (Prop_carry4_S[0]_CO[3])
                                                      0.532     7.769 r  aster_soc_board_i/aster/inst/implementation/g_hart[0].dcache/s2_hit_reg_i_113__0/CO[3]
                         net (fo=1, routed)           0.000     7.769    aster_soc_board_i/aster/inst/implementation/g_hart[0].dcache/s2_hit_reg_i_113__0_n_0
    SLICE_X45Y107                                                     r  aster_soc_board_i/aster/inst/implementation/g_hart[0].dcache/s2_hit_reg_i_35__0/CI
    SLICE_X45Y107        CARRY4 (Prop_carry4_CI_CO[2])
                                                      0.228     7.997 r  aster_soc_board_i/aster/inst/implementation/g_hart[0].dcache/s2_hit_reg_i_35__0/CO[2]
                         net (fo=1, routed)           0.686     8.683    aster_soc_board_i/aster/inst/implementation/fabric/replay_wait[1]_i_4__0_0[0]
    SLICE_X43Y97                                                      r  aster_soc_board_i/aster/inst/implementation/fabric/s2_hit_i_11__0/I2
    SLICE_X43Y97         LUT4 (Prop_lut4_I2_O)        0.313     8.996 f  aster_soc_board_i/aster/inst/implementation/fabric/s2_hit_i_11__0/O
                         net (fo=2, routed)           0.167     9.163    aster_soc_board_i/aster/inst/implementation/fabric/s2_hit_i_11__0_n_0
    SLICE_X43Y97                                                      f  aster_soc_board_i/aster/inst/implementation/fabric/s2_hit_i_4__0/I4
    SLICE_X43Y97         LUT5 (Prop_lut5_I4_O)        0.124     9.287 f  aster_soc_board_i/aster/inst/implementation/fabric/s2_hit_i_4__0/O
                         net (fo=3, routed)           0.523     9.810    aster_soc_board_i/aster/inst/implementation/g_hart[0].dcache/s2_hit_reg_0
    SLICE_X40Y93                                                      f  aster_soc_board_i/aster/inst/implementation/g_hart[0].dcache/m_op_q[3]_i_4__0/I3
    SLICE_X40Y93         LUT6 (Prop_lut6_I3_O)        0.124     9.934 f  aster_soc_board_i/aster/inst/implementation/g_hart[0].dcache/m_op_q[3]_i_4__0/O
                         net (fo=29, routed)          1.047    10.981    aster_soc_board_i/aster/inst/implementation/g_hart[0].dcache/m_op_q[3]_i_4__0_n_0
    SLICE_X41Y73                                                      f  aster_soc_board_i/aster/inst/implementation/g_hart[0].dcache/m_op_q[3]_i_1__0/I0
    SLICE_X41Y73         LUT2 (Prop_lut2_I0_O)        0.124    11.105 f  aster_soc_board_i/aster/inst/implementation/g_hart[0].dcache/m_op_q[3]_i_1__0/O
                         net (fo=15, routed)          0.829    11.934    aster_soc_board_i/aster/inst/implementation/g_hart[0].dcache/m_op_q[3]_i_1__0_n_0
    SLICE_X45Y68                                                      f  aster_soc_board_i/aster/inst/implementation/g_hart[0].dcache/issued[2]_i_1__0/I4
    SLICE_X45Y68         LUT5 (Prop_lut5_I4_O)        0.124    12.058 r  aster_soc_board_i/aster/inst/implementation/g_hart[0].dcache/issued[2]_i_1__0/O
                         net (fo=1, routed)           0.337    12.396    aster_soc_board_i/aster/inst/implementation/g_hart[0].dcache/issued[2]_i_1__0_n_0
    SLICE_X47Y67         FDRE                                         r  aster_soc_board_i/aster/inst/implementation/g_hart[0].dcache/issued_reg[2]/D
  -------------------------------------------------------------------    -------------------

                         (clock clk_fpga_0 rise edge)
                                                     10.000    10.000 r  
                         propagated clock network latency
                                                      2.649    12.649    
                         clock pessimism              0.129    12.778    
                         clock uncertainty           -0.154    12.624    
    SLICE_X47Y67         FDRE (Setup_fdre_C_D)       -0.047    12.577    aster_soc_board_i/aster/inst/implementation/g_hart[0].dcache/issued_reg[2]
  -------------------------------------------------------------------
                         required time                         12.577    
                         arrival time                         -12.396    
  -------------------------------------------------------------------
                         slack                                  0.181    

Slack (MET) :             0.209ns  (required time - arrival time)
  Source:                 aster_soc_board_i/aster/inst/implementation/g_hart[0].dcache/s1_addr_reg[5]/C
                            (rising edge-triggered cell FDRE clocked by clk_fpga_0  {rise@0.000ns fall@5.000ns period=10.000ns})
  Destination:            aster_soc_board_i/aster/inst/implementation/g_hart[0].dcache/valid_reg[187]/D
                            (rising edge-triggered cell FDRE clocked by clk_fpga_0  {rise@0.000ns fall@5.000ns period=10.000ns})
  Path Group:             clk_fpga_0
  Path Type:              Setup (Max at Slow Process Corner)
  Requirement:            10.000ns  (clk_fpga_0 rise@10.000ns - clk_fpga_0 rise@0.000ns)
  Data Path Delay:        9.358ns  (logic 2.593ns (27.710%)  route 6.765ns (72.290%))
  Logic Levels:           10  (CARRY4=2 LUT4=1 LUT5=2 LUT6=4 RAMD64E=1)
  Clock Path Skew:        -0.310ns (DCD - SCD + CPR)
    Destination Clock Delay (DCD):    2.694ns = ( 12.694 - 10.000 ) 
    Source Clock Delay      (SCD):    3.133ns
    Clock Pessimism Removal (CPR):    0.129ns
  Clock Uncertainty:      0.154ns  ((TSJ^2 + TIJ^2)^1/2 + DJ) / 2 + PE
    Total System Jitter     (TSJ):    0.071ns
    Total Input Jitter      (TIJ):    0.300ns
    Discrete Jitter          (DJ):    0.000ns
    Phase Error              (PE):    0.000ns

    Location             Delay type                Incr(ns)  Path(ns)    Netlist Resource(s)
  -------------------------------------------------------------------    -------------------
                         (clock clk_fpga_0 rise edge)
                                                      0.000     0.000 r  
                         propagated clock network latency
                                                      3.133     3.133    
    SLICE_X43Y112        FDRE                         0.000     3.133 r  aster_soc_board_i/aster/inst/implementation/g_hart[0].dcache/s1_addr_reg[5]/C
    SLICE_X43Y112        FDRE (Prop_fdre_C_Q)         0.456     3.589 r  aster_soc_board_i/aster/inst/implementation/g_hart[0].dcache/s1_addr_reg[5]/Q
                         net (fo=173, routed)         1.678     5.267    aster_soc_board_i/aster/inst/implementation/g_hart[0].dcache/tag_ram_reg_r1_192_255_0_2/ADDRC1
    SLICE_X42Y106                                                     r  aster_soc_board_i/aster/inst/implementation/g_hart[0].dcache/tag_ram_reg_r1_192_255_0_2/RAMC/RADR1
    SLICE_X42Y106        RAMD64E (Prop_ramd64e_RADR1_O)
                                                      0.124     5.391 r  aster_soc_board_i/aster/inst/implementation/g_hart[0].dcache/tag_ram_reg_r1_192_255_0_2/RAMC/O
                         net (fo=1, routed)           1.022     6.414    aster_soc_board_i/aster/inst/implementation/g_hart[0].dcache/tag_ram_reg_r1_192_255_0_2_n_2
    SLICE_X44Y106                                                     r  aster_soc_board_i/aster/inst/implementation/g_hart[0].dcache/s2_hit_i_155__0/I0
    SLICE_X44Y106        LUT6 (Prop_lut6_I0_O)        0.124     6.538 r  aster_soc_board_i/aster/inst/implementation/g_hart[0].dcache/s2_hit_i_155__0/O
                         net (fo=1, routed)           0.575     7.113    aster_soc_board_i/aster/inst/implementation/g_hart[0].dcache/lookup_hit20_out[2]
    SLICE_X45Y106                                                     r  aster_soc_board_i/aster/inst/implementation/g_hart[0].dcache/s2_hit_i_133__0/I0
    SLICE_X45Y106        LUT6 (Prop_lut6_I0_O)        0.124     7.237 r  aster_soc_board_i/aster/inst/implementation/g_hart[0].dcache/s2_hit_i_133__0/O
                         net (fo=1, routed)           0.000     7.237    aster_soc_board_i/aster/inst/implementation/g_hart[0].dcache/s2_hit_i_133__0_n_0
    SLICE_X45Y106                                                     r  aster_soc_board_i/aster/inst/implementation/g_hart[0].dcache/s2_hit_reg_i_113__0/S[0]
    SLICE_X45Y106        CARRY4 (Prop_carry4_S[0]_CO[3])
                                                      0.532     7.769 r  aster_soc_board_i/aster/inst/implementation/g_hart[0].dcache/s2_hit_reg_i_113__0/CO[3]
                         net (fo=1, routed)           0.000     7.769    aster_soc_board_i/aster/inst/implementation/g_hart[0].dcache/s2_hit_reg_i_113__0_n_0
    SLICE_X45Y107                                                     r  aster_soc_board_i/aster/inst/implementation/g_hart[0].dcache/s2_hit_reg_i_35__0/CI
    SLICE_X45Y107        CARRY4 (Prop_carry4_CI_CO[2])
                                                      0.228     7.997 r  aster_soc_board_i/aster/inst/implementation/g_hart[0].dcache/s2_hit_reg_i_35__0/CO[2]
                         net (fo=1, routed)           0.686     8.683    aster_soc_board_i/aster/inst/implementation/fabric/replay_wait[1]_i_4__0_0[0]
    SLICE_X43Y97                                                      r  aster_soc_board_i/aster/inst/implementation/fabric/s2_hit_i_11__0/I2
    SLICE_X43Y97         LUT4 (Prop_lut4_I2_O)        0.313     8.996 f  aster_soc_board_i/aster/inst/implementation/fabric/s2_hit_i_11__0/O
                         net (fo=2, routed)           0.167     9.163    aster_soc_board_i/aster/inst/implementation/fabric/s2_hit_i_11__0_n_0
    SLICE_X43Y97                                                      f  aster_soc_board_i/aster/inst/implementation/fabric/s2_hit_i_4__0/I4
    SLICE_X43Y97         LUT5 (Prop_lut5_I4_O)        0.124     9.287 f  aster_soc_board_i/aster/inst/implementation/fabric/s2_hit_i_4__0/O
                         net (fo=3, routed)           0.523     9.810    aster_soc_board_i/aster/inst/implementation/g_hart[0].dcache/s2_hit_reg_0
    SLICE_X40Y93                                                      f  aster_soc_board_i/aster/inst/implementation/g_hart[0].dcache/m_op_q[3]_i_4__0/I3
    SLICE_X40Y93         LUT6 (Prop_lut6_I3_O)        0.124     9.934 f  aster_soc_board_i/aster/inst/implementation/g_hart[0].dcache/m_op_q[3]_i_4__0/O
                         net (fo=29, routed)          0.985    10.919    aster_soc_board_i/aster/inst/implementation/g_hart[0].dcache/m_op_q[3]_i_4__0_n_0
    SLICE_X39Y87                                                      f  aster_soc_board_i/aster/inst/implementation/g_hart[0].dcache/valid[191]_i_3__0/I2
    SLICE_X39Y87         LUT5 (Prop_lut5_I2_O)        0.118    11.037 r  aster_soc_board_i/aster/inst/implementation/g_hart[0].dcache/valid[191]_i_3__0/O
                         net (fo=16, routed)          1.128    12.165    aster_soc_board_i/aster/inst/implementation/g_hart[0].dcache/valid[191]_i_3__0_n_0
    SLICE_X28Y81                                                      r  aster_soc_board_i/aster/inst/implementation/g_hart[0].dcache/valid[187]_i_1__0/I1
    SLICE_X28Y81         LUT6 (Prop_lut6_I1_O)        0.326    12.491 r  aster_soc_board_i/aster/inst/implementation/g_hart[0].dcache/valid[187]_i_1__0/O
                         net (fo=1, routed)           0.000    12.491    aster_soc_board_i/aster/inst/implementation/g_hart[0].dcache/valid[187]_i_1__0_n_0
    SLICE_X28Y81         FDRE                                         r  aster_soc_board_i/aster/inst/implementation/g_hart[0].dcache/valid_reg[187]/D
  -------------------------------------------------------------------    -------------------

                         (clock clk_fpga_0 rise edge)
                                                     10.000    10.000 r  
                         propagated clock network latency
                                                      2.694    12.694    
                         clock pessimism              0.129    12.823    
                         clock uncertainty           -0.154    12.669    
    SLICE_X28Y81         FDRE (Setup_fdre_C_D)        0.031    12.700    aster_soc_board_i/aster/inst/implementation/g_hart[0].dcache/valid_reg[187]
  -------------------------------------------------------------------
                         required time                         12.700    
                         arrival time                         -12.491    
  -------------------------------------------------------------------
                         slack                                  0.209    

Slack (MET) :             0.212ns  (required time - arrival time)
  Source:                 aster_soc_board_i/aster/inst/implementation/fabric/amo1_addr_reg[1][4]/C
                            (rising edge-triggered cell FDRE clocked by clk_fpga_0  {rise@0.000ns fall@5.000ns period=10.000ns})
  Destination:            aster_soc_board_i/aster/inst/implementation/fabric/amo_operand_b_reg[2][5]/D
                            (rising edge-triggered cell FDRE clocked by clk_fpga_0  {rise@0.000ns fall@5.000ns period=10.000ns})
  Path Group:             clk_fpga_0
  Path Type:              Setup (Max at Slow Process Corner)
  Requirement:            10.000ns  (clk_fpga_0 rise@10.000ns - clk_fpga_0 rise@0.000ns)
  Data Path Delay:        9.574ns  (logic 0.642ns (6.705%)  route 8.932ns (93.295%))
  Logic Levels:           1  (LUT5=1)
  Clock Path Skew:        -0.091ns (DCD - SCD + CPR)
    Destination Clock Delay (DCD):    2.740ns = ( 12.740 - 10.000 ) 
    Source Clock Delay      (SCD):    2.945ns
    Clock Pessimism Removal (CPR):    0.115ns
  Clock Uncertainty:      0.154ns  ((TSJ^2 + TIJ^2)^1/2 + DJ) / 2 + PE
    Total System Jitter     (TSJ):    0.071ns
    Total Input Jitter      (TIJ):    0.300ns
    Discrete Jitter          (DJ):    0.000ns
    Phase Error              (PE):    0.000ns

    Location             Delay type                Incr(ns)  Path(ns)    Netlist Resource(s)
  -------------------------------------------------------------------    -------------------
                         (clock clk_fpga_0 rise edge)
                                                      0.000     0.000 r  
                         propagated clock network latency
                                                      2.945     2.945    
    SLICE_X42Y53         FDRE                         0.000     2.945 r  aster_soc_board_i/aster/inst/implementation/fabric/amo1_addr_reg[1][4]/C
    SLICE_X42Y53         FDRE (Prop_fdre_C_Q)         0.518     3.463 r  aster_soc_board_i/aster/inst/implementation/fabric/amo1_addr_reg[1][4]/Q
                         net (fo=189, routed)         8.932    12.395    aster_soc_board_i/aster/inst/implementation/fabric/amo1_addr_reg_n_0_[1][4]
    SLICE_X74Y49                                                      r  aster_soc_board_i/aster/inst/implementation/fabric/amo_operand_b[2][5]_i_1/I3
    SLICE_X74Y49         LUT5 (Prop_lut5_I3_O)        0.124    12.519 r  aster_soc_board_i/aster/inst/implementation/fabric/amo_operand_b[2][5]_i_1/O
                         net (fo=1, routed)           0.000    12.519    aster_soc_board_i/aster/inst/implementation/fabric/amo_operand_b[2][5]_i_1_n_0
    SLICE_X74Y49         FDRE                                         r  aster_soc_board_i/aster/inst/implementation/fabric/amo_operand_b_reg[2][5]/D
  -------------------------------------------------------------------    -------------------

                         (clock clk_fpga_0 rise edge)
                                                     10.000    10.000 r  
                         propagated clock network latency
                                                      2.740    12.740    
                         clock pessimism              0.115    12.854    
                         clock uncertainty           -0.154    12.700    
    SLICE_X74Y49         FDRE (Setup_fdre_C_D)        0.031    12.731    aster_soc_board_i/aster/inst/implementation/fabric/amo_operand_b_reg[2][5]
  -------------------------------------------------------------------
                         required time                         12.731    
                         arrival time                         -12.519    
  -------------------------------------------------------------------
                         slack                                  0.212    

Slack (MET) :             0.213ns  (required time - arrival time)
  Source:                 aster_soc_board_i/aster/inst/implementation/dma/q_wdata_reg[22]/C
                            (rising edge-triggered cell FDRE clocked by clk_fpga_0  {rise@0.000ns fall@5.000ns period=10.000ns})
  Destination:            aster_soc_board_i/aster/inst/implementation/g_devices.devices/compare_reg[54]/D
                            (rising edge-triggered cell FDRE clocked by clk_fpga_0  {rise@0.000ns fall@5.000ns period=10.000ns})
  Path Group:             clk_fpga_0
  Path Type:              Setup (Max at Slow Process Corner)
  Requirement:            10.000ns  (clk_fpga_0 rise@10.000ns - clk_fpga_0 rise@0.000ns)
  Data Path Delay:        9.561ns  (logic 0.456ns (4.769%)  route 9.105ns (95.231%))
  Logic Levels:           0  
  Clock Path Skew:        0.009ns (DCD - SCD + CPR)
    Destination Clock Delay (DCD):    2.880ns = ( 12.880 - 10.000 ) 
    Source Clock Delay      (SCD):    3.000ns
    Clock Pessimism Removal (CPR):    0.129ns
  Clock Uncertainty:      0.154ns  ((TSJ^2 + TIJ^2)^1/2 + DJ) / 2 + PE
    Total System Jitter     (TSJ):    0.071ns
    Total Input Jitter      (TIJ):    0.300ns
    Discrete Jitter          (DJ):    0.000ns
    Phase Error              (PE):    0.000ns

    Location             Delay type                Incr(ns)  Path(ns)    Netlist Resource(s)
  -------------------------------------------------------------------    -------------------
                         (clock clk_fpga_0 rise edge)
                                                      0.000     0.000 r  
                         propagated clock network latency
                                                      3.000     3.000    
    SLICE_X63Y83         FDRE                         0.000     3.000 r  aster_soc_board_i/aster/inst/implementation/dma/q_wdata_reg[22]/C
    SLICE_X63Y83         FDRE (Prop_fdre_C_Q)         0.456     3.456 r  aster_soc_board_i/aster/inst/implementation/dma/q_wdata_reg[22]/Q
                         net (fo=25, routed)          9.105    12.561    aster_soc_board_i/aster/inst/implementation/g_devices.devices/q_wdata__0[5]
    SLICE_X67Y127        FDRE                                         r  aster_soc_board_i/aster/inst/implementation/g_devices.devices/compare_reg[54]/D
  -------------------------------------------------------------------    -------------------

                         (clock clk_fpga_0 rise edge)
                                                     10.000    10.000 r  
                         propagated clock network latency
                                                      2.880    12.880    
                         clock pessimism              0.129    13.009    
                         clock uncertainty           -0.154    12.855    
    SLICE_X67Y127        FDRE (Setup_fdre_C_D)       -0.081    12.774    aster_soc_board_i/aster/inst/implementation/g_devices.devices/compare_reg[54]
  -------------------------------------------------------------------
                         required time                         12.774    
                         arrival time                         -12.561    
  -------------------------------------------------------------------
                         slack                                  0.213    

Slack (MET) :             0.220ns  (required time - arrival time)
  Source:                 aster_soc_board_i/aster/inst/implementation/g_hart[0].dcache/s1_addr_reg[5]/C
                            (rising edge-triggered cell FDRE clocked by clk_fpga_0  {rise@0.000ns fall@5.000ns period=10.000ns})
  Destination:            aster_soc_board_i/aster/inst/implementation/g_hart[0].dcache/ans_q_reg/D
                            (rising edge-triggered cell FDRE clocked by clk_fpga_0  {rise@0.000ns fall@5.000ns period=10.000ns})
  Path Group:             clk_fpga_0
  Path Type:              Setup (Max at Slow Process Corner)
  Requirement:            10.000ns  (clk_fpga_0 rise@10.000ns - clk_fpga_0 rise@0.000ns)
  Data Path Delay:        9.307ns  (logic 2.397ns (25.754%)  route 6.910ns (74.246%))
  Logic Levels:           10  (CARRY4=2 LUT4=1 LUT5=2 LUT6=4 RAMD64E=1)
  Clock Path Skew:        -0.347ns (DCD - SCD + CPR)
    Destination Clock Delay (DCD):    2.657ns = ( 12.657 - 10.000 ) 
    Source Clock Delay      (SCD):    3.133ns
    Clock Pessimism Removal (CPR):    0.129ns
  Clock Uncertainty:      0.154ns  ((TSJ^2 + TIJ^2)^1/2 + DJ) / 2 + PE
    Total System Jitter     (TSJ):    0.071ns
    Total Input Jitter      (TIJ):    0.300ns
    Discrete Jitter          (DJ):    0.000ns
    Phase Error              (PE):    0.000ns

    Location             Delay type                Incr(ns)  Path(ns)    Netlist Resource(s)
  -------------------------------------------------------------------    -------------------
                         (clock clk_fpga_0 rise edge)
                                                      0.000     0.000 r  
                         propagated clock network latency
                                                      3.133     3.133    
    SLICE_X43Y112        FDRE                         0.000     3.133 r  aster_soc_board_i/aster/inst/implementation/g_hart[0].dcache/s1_addr_reg[5]/C
    SLICE_X43Y112        FDRE (Prop_fdre_C_Q)         0.456     3.589 r  aster_soc_board_i/aster/inst/implementation/g_hart[0].dcache/s1_addr_reg[5]/Q
                         net (fo=173, routed)         1.678     5.267    aster_soc_board_i/aster/inst/implementation/g_hart[0].dcache/tag_ram_reg_r1_192_255_0_2/ADDRC1
    SLICE_X42Y106                                                     r  aster_soc_board_i/aster/inst/implementation/g_hart[0].dcache/tag_ram_reg_r1_192_255_0_2/RAMC/RADR1
    SLICE_X42Y106        RAMD64E (Prop_ramd64e_RADR1_O)
                                                      0.124     5.391 r  aster_soc_board_i/aster/inst/implementation/g_hart[0].dcache/tag_ram_reg_r1_192_255_0_2/RAMC/O
                         net (fo=1, routed)           1.022     6.414    aster_soc_board_i/aster/inst/implementation/g_hart[0].dcache/tag_ram_reg_r1_192_255_0_2_n_2
    SLICE_X44Y106                                                     r  aster_soc_board_i/aster/inst/implementation/g_hart[0].dcache/s2_hit_i_155__0/I0
    SLICE_X44Y106        LUT6 (Prop_lut6_I0_O)        0.124     6.538 r  aster_soc_board_i/aster/inst/implementation/g_hart[0].dcache/s2_hit_i_155__0/O
                         net (fo=1, routed)           0.575     7.113    aster_soc_board_i/aster/inst/implementation/g_hart[0].dcache/lookup_hit20_out[2]
    SLICE_X45Y106                                                     r  aster_soc_board_i/aster/inst/implementation/g_hart[0].dcache/s2_hit_i_133__0/I0
    SLICE_X45Y106        LUT6 (Prop_lut6_I0_O)        0.124     7.237 r  aster_soc_board_i/aster/inst/implementation/g_hart[0].dcache/s2_hit_i_133__0/O
                         net (fo=1, routed)           0.000     7.237    aster_soc_board_i/aster/inst/implementation/g_hart[0].dcache/s2_hit_i_133__0_n_0
    SLICE_X45Y106                                                     r  aster_soc_board_i/aster/inst/implementation/g_hart[0].dcache/s2_hit_reg_i_113__0/S[0]
    SLICE_X45Y106        CARRY4 (Prop_carry4_S[0]_CO[3])
                                                      0.532     7.769 r  aster_soc_board_i/aster/inst/implementation/g_hart[0].dcache/s2_hit_reg_i_113__0/CO[3]
                         net (fo=1, routed)           0.000     7.769    aster_soc_board_i/aster/inst/implementation/g_hart[0].dcache/s2_hit_reg_i_113__0_n_0
    SLICE_X45Y107                                                     r  aster_soc_board_i/aster/inst/implementation/g_hart[0].dcache/s2_hit_reg_i_35__0/CI
    SLICE_X45Y107        CARRY4 (Prop_carry4_CI_CO[2])
                                                      0.228     7.997 r  aster_soc_board_i/aster/inst/implementation/g_hart[0].dcache/s2_hit_reg_i_35__0/CO[2]
                         net (fo=1, routed)           0.686     8.683    aster_soc_board_i/aster/inst/implementation/fabric/replay_wait[1]_i_4__0_0[0]
    SLICE_X43Y97                                                      r  aster_soc_board_i/aster/inst/implementation/fabric/s2_hit_i_11__0/I2
    SLICE_X43Y97         LUT4 (Prop_lut4_I2_O)        0.313     8.996 f  aster_soc_board_i/aster/inst/implementation/fabric/s2_hit_i_11__0/O
                         net (fo=2, routed)           0.167     9.163    aster_soc_board_i/aster/inst/implementation/fabric/s2_hit_i_11__0_n_0
    SLICE_X43Y97                                                      f  aster_soc_board_i/aster/inst/implementation/fabric/s2_hit_i_4__0/I4
    SLICE_X43Y97         LUT5 (Prop_lut5_I4_O)        0.124     9.287 f  aster_soc_board_i/aster/inst/implementation/fabric/s2_hit_i_4__0/O
                         net (fo=3, routed)           0.523     9.810    aster_soc_board_i/aster/inst/implementation/g_hart[0].dcache/s2_hit_reg_0
    SLICE_X40Y93                                                      f  aster_soc_board_i/aster/inst/implementation/g_hart[0].dcache/m_op_q[3]_i_4__0/I3
    SLICE_X40Y93         LUT6 (Prop_lut6_I3_O)        0.124     9.934 f  aster_soc_board_i/aster/inst/implementation/g_hart[0].dcache/m_op_q[3]_i_4__0/O
                         net (fo=29, routed)          1.158    11.092    aster_soc_board_i/aster/inst/implementation/g_hart[0].dcache/m_op_q[3]_i_4__0_n_0
    SLICE_X49Y78                                                      f  aster_soc_board_i/aster/inst/implementation/g_hart[0].dcache/ans_q_i_3__0/I1
    SLICE_X49Y78         LUT5 (Prop_lut5_I1_O)        0.124    11.216 f  aster_soc_board_i/aster/inst/implementation/g_hart[0].dcache/ans_q_i_3__0/O
                         net (fo=1, routed)           1.100    12.316    aster_soc_board_i/aster/inst/implementation/g_hart[0].dcache/ans_q_i_3__0_n_0
    SLICE_X47Y95                                                      f  aster_soc_board_i/aster/inst/implementation/g_hart[0].dcache/ans_q_i_1__0/I2
    SLICE_X47Y95         LUT6 (Prop_lut6_I2_O)        0.124    12.440 r  aster_soc_board_i/aster/inst/implementation/g_hart[0].dcache/ans_q_i_1__0/O
                         net (fo=1, routed)           0.000    12.440    aster_soc_board_i/aster/inst/implementation/g_hart[0].dcache/ans_q_i_1__0_n_0
    SLICE_X47Y95         FDRE                                         r  aster_soc_board_i/aster/inst/implementation/g_hart[0].dcache/ans_q_reg/D
  -------------------------------------------------------------------    -------------------

                         (clock clk_fpga_0 rise edge)
                                                     10.000    10.000 r  
                         propagated clock network latency
                                                      2.657    12.657    
                         clock pessimism              0.129    12.786    
                         clock uncertainty           -0.154    12.632    
    SLICE_X47Y95         FDRE (Setup_fdre_C_D)        0.029    12.661    aster_soc_board_i/aster/inst/implementation/g_hart[0].dcache/ans_q_reg
  -------------------------------------------------------------------
                         required time                         12.661    
                         arrival time                         -12.440    
  -------------------------------------------------------------------
                         slack                                  0.220    




