NAMED-PATH-BEGIN d_rsp_valid_to_d_req_valid
Startpoint: d_rsp_valid (input port clocked by clk)
Endpoint: d_req_valid (output port clocked by clk)
Path Group: clk
Path Type: max

   Delay     Time   Description
-----------------------------------------------------------
   0.000    0.000   clock clk (rise edge)
   0.000    0.000   clock network delay (propagated)
   2.500    2.500 ^ input external delay
   0.018    2.518 ^ d_rsp_valid (in)
   0.368    2.886 ^ input35/X (sky130_fd_sc_hd__buf_2)
   0.356    3.242 ^ wire2908/X (sky130_fd_sc_hd__buf_12)
   0.201    3.443 v _14250_/Y (sky130_fd_sc_hd__nor2_1)
   0.421    3.865 v fanout1287/X (sky130_fd_sc_hd__buf_2)
   0.448    4.312 v fanout1285/X (sky130_fd_sc_hd__buf_2)
   0.460    4.772 v fanout1284/X (sky130_fd_sc_hd__clkbuf_4)
   0.497    5.269 ^ _14254_/Y (sky130_fd_sc_hd__o31ai_4)
   0.325    5.595 ^ max_cap771/X (sky130_fd_sc_hd__buf_6)
   0.228    5.823 v _14259_/Y (sky130_fd_sc_hd__o211ai_4)
   0.926    6.749 ^ _14261_/X (sky130_fd_sc_hd__and4bb_2)
   0.487    7.236 ^ output109/X (sky130_fd_sc_hd__buf_2)
   0.002    7.238 ^ d_req_valid (out)
            7.238   data arrival time

  12.500   12.500   clock clk (rise edge)
   0.000   12.500   clock network delay (propagated)
  -0.250   12.250   clock uncertainty
   0.000   12.250   clock reconvergence pessimism
  -2.500    9.750   output external delay
            9.750   data required time
-----------------------------------------------------------
            9.750   data required time
           -7.238   data arrival time
-----------------------------------------------------------
            2.512   slack (MET)


NAMED-PATH-END
NAMED-PATH-BEGIN d_rsp_error_to_d_req_valid
Startpoint: d_rsp_error (input port clocked by clk)
Endpoint: d_req_valid (output port clocked by clk)
Path Group: clk
Path Type: max

   Delay     Time   Description
-----------------------------------------------------------
   0.000    0.000   clock clk (rise edge)
   0.000    0.000   clock network delay (propagated)
   2.500    2.500 v input external delay
   0.017    2.517 v d_rsp_error (in)
   0.150    2.667 v hold3276/X (sky130_fd_sc_hd__clkbuf_1)
   0.301    2.968 v input2/X (sky130_fd_sc_hd__buf_2)
   0.297    3.264 v hold3277/X (sky130_fd_sc_hd__clkbuf_1)
   0.491    3.756 v _14245_/Y (sky130_fd_sc_hd__nand2b_2)
   0.355    4.110 v _14246_/X (sky130_fd_sc_hd__o211a_2)
   0.395    4.505 ^ _14254_/Y (sky130_fd_sc_hd__o31ai_4)
   0.325    4.830 ^ max_cap771/X (sky130_fd_sc_hd__buf_6)
   0.228    5.058 v _14259_/Y (sky130_fd_sc_hd__o211ai_4)
   0.926    5.984 ^ _14261_/X (sky130_fd_sc_hd__and4bb_2)
   0.487    6.471 ^ output109/X (sky130_fd_sc_hd__buf_2)
   0.002    6.473 ^ d_req_valid (out)
            6.473   data arrival time

  12.500   12.500   clock clk (rise edge)
   0.000   12.500   clock network delay (propagated)
  -0.250   12.250   clock uncertainty
   0.000   12.250   clock reconvergence pessimism
  -2.500    9.750   output external delay
            9.750   data required time
-----------------------------------------------------------
            9.750   data required time
           -6.473   data arrival time
-----------------------------------------------------------
            3.277   slack (MET)


NAMED-PATH-END
