NAMED-PATH-BEGIN d_rsp_valid_to_d_req_valid
Startpoint: d_rsp_valid (input port clocked by clk)
Endpoint: d_req_valid (output port clocked by clk)
Path Group: clk
Path Type: max

   Delay     Time   Description
-----------------------------------------------------------
   0.000    0.000   clock clk (rise edge)
   0.000    0.000   clock network delay (propagated)
   2.000    2.000 ^ input external delay
   0.014    2.014 ^ d_rsp_valid (in)
   0.141    2.155 ^ input35/X (sky130_fd_sc_hd__clkbuf_2)
   0.149    2.303 ^ wire3118/X (sky130_fd_sc_hd__buf_12)
   0.348    2.652 ^ fanout3117/X (sky130_fd_sc_hd__buf_2)
   0.344    2.995 ^ fanout3114/X (sky130_fd_sc_hd__buf_2)
   0.136    3.132 v _14918_/Y (sky130_fd_sc_hd__nor2_4)
   0.157    3.288 v fanout1399/X (sky130_fd_sc_hd__buf_12)
   0.122    3.410 v fanout1398/X (sky130_fd_sc_hd__buf_12)
   0.125    3.535 v fanout1397/X (sky130_fd_sc_hd__buf_12)
   0.319    3.854 ^ _14925_/Y (sky130_fd_sc_hd__o31ai_4)
   0.196    4.050 ^ wire869/X (sky130_fd_sc_hd__buf_6)
   0.149    4.199 v _14932_/Y (sky130_fd_sc_hd__o2111ai_4)
   0.186    4.385 v wire651/X (sky130_fd_sc_hd__buf_6)
   0.288    4.673 ^ _14933_/Y (sky130_fd_sc_hd__nor3_4)
   0.188    4.861 ^ wire433/X (sky130_fd_sc_hd__buf_6)
   0.136    4.996 ^ output109/X (sky130_fd_sc_hd__buf_8)
   0.001    4.997 ^ d_req_valid (out)
            4.997   data arrival time

  10.000   10.000   clock clk (rise edge)
   0.000   10.000   clock network delay (propagated)
  -0.250    9.750   clock uncertainty
   0.000    9.750   clock reconvergence pessimism
  -2.000    7.750   output external delay
            7.750   data required time
-----------------------------------------------------------
            7.750   data required time
           -4.997   data arrival time
-----------------------------------------------------------
            2.753   slack (MET)


NAMED-PATH-END
NAMED-PATH-BEGIN d_rsp_error_to_d_req_valid
Startpoint: d_rsp_error (input port clocked by clk)
Endpoint: d_req_valid (output port clocked by clk)
Path Group: clk
Path Type: max

   Delay     Time   Description
-----------------------------------------------------------
   0.000    0.000   clock clk (rise edge)
   0.000    0.000   clock network delay (propagated)
   2.000    2.000 v input external delay
   0.008    2.008 v d_rsp_error (in)
   0.086    2.094 v hold6572/X (sky130_fd_sc_hd__clkbuf_1)
   0.182    2.276 v input2/X (sky130_fd_sc_hd__buf_2)
   0.182    2.458 v wire3123/X (sky130_fd_sc_hd__buf_12)
   0.210    2.669 v _14922_/Y (sky130_fd_sc_hd__nand2b_2)
   0.206    2.874 v _14923_/X (sky130_fd_sc_hd__o211a_2)
   0.300    3.175 ^ _14925_/Y (sky130_fd_sc_hd__o31ai_4)
   0.196    3.371 ^ wire869/X (sky130_fd_sc_hd__buf_6)
   0.149    3.519 v _14932_/Y (sky130_fd_sc_hd__o2111ai_4)
   0.186    3.705 v wire651/X (sky130_fd_sc_hd__buf_6)
   0.288    3.993 ^ _14933_/Y (sky130_fd_sc_hd__nor3_4)
   0.188    4.181 ^ wire433/X (sky130_fd_sc_hd__buf_6)
   0.136    4.317 ^ output109/X (sky130_fd_sc_hd__buf_8)
   0.001    4.318 ^ d_req_valid (out)
            4.318   data arrival time

  10.000   10.000   clock clk (rise edge)
   0.000   10.000   clock network delay (propagated)
  -0.250    9.750   clock uncertainty
   0.000    9.750   clock reconvergence pessimism
  -2.000    7.750   output external delay
            7.750   data required time
-----------------------------------------------------------
            7.750   data required time
           -4.318   data arrival time
-----------------------------------------------------------
            3.432   slack (MET)


NAMED-PATH-END
