NAMED-PATH-BEGIN d_rsp_valid_to_d_req_valid
Startpoint: d_rsp_valid (input port clocked by clk)
Endpoint: d_req_valid (output port clocked by clk)
Path Group: clk
Path Type: max

   Delay     Time   Description
-----------------------------------------------------------
   0.000    0.000   clock clk (rise edge)
   0.000    0.000   clock network delay (propagated)
   2.000    2.000 v input external delay
   0.012    2.012 v d_rsp_valid (in)
   0.245    2.257 v input35/X (sky130_fd_sc_hd__clkbuf_2)
   0.320    2.577 v wire3559/X (sky130_fd_sc_hd__buf_6)
   1.442    4.019 v _07868_/X (sky130_fd_sc_hd__or3b_2)
   0.651    4.670 v _07871_/X (sky130_fd_sc_hd__and4b_2)
   0.417    5.087 v rebuffer3655/X (sky130_fd_sc_hd__buf_2)
   0.623    5.710 v _07873_/X (sky130_fd_sc_hd__and4_2)
   0.251    5.961 v output109/X (sky130_fd_sc_hd__clkbuf_1)
   0.342    6.303 v wire532/X (sky130_fd_sc_hd__clkbuf_4)
   0.001    6.304 v d_req_valid (out)
            6.304   data arrival time

  10.000   10.000   clock clk (rise edge)
   0.000   10.000   clock network delay (propagated)
  -0.250    9.750   clock uncertainty
   0.000    9.750   clock reconvergence pessimism
  -2.000    7.750   output external delay
            7.750   data required time
-----------------------------------------------------------
            7.750   data required time
           -6.304   data arrival time
-----------------------------------------------------------
            1.446   slack (MET)


NAMED-PATH-END
NAMED-PATH-BEGIN d_rsp_error_to_d_req_valid
Startpoint: d_rsp_error (input port clocked by clk)
Endpoint: d_req_valid (output port clocked by clk)
Path Group: clk
Path Type: max

   Delay     Time   Description
-----------------------------------------------------------
   0.000    0.000   clock clk (rise edge)
   0.000    0.000   clock network delay (propagated)
   2.000    2.000 v input external delay
   0.017    2.017 v d_rsp_error (in)
   0.213    2.230 v input2/X (sky130_fd_sc_hd__clkbuf_1)
   0.335    2.566 v wire3560/X (sky130_fd_sc_hd__clkbuf_4)
   0.411    2.976 v _07857_/Y (sky130_fd_sc_hd__nand2b_2)
   0.338    3.314 v _07858_/X (sky130_fd_sc_hd__o211a_2)
   0.237    3.551 ^ _07859_/Y (sky130_fd_sc_hd__o21ai_2)
   0.358    3.909 ^ fanout1328/X (sky130_fd_sc_hd__buf_1)
   0.600    4.509 ^ fanout1327/X (sky130_fd_sc_hd__clkbuf_2)
   0.689    5.197 ^ _07871_/X (sky130_fd_sc_hd__and4b_2)
   0.466    5.664 ^ rebuffer3655/X (sky130_fd_sc_hd__buf_2)
   0.821    6.484 ^ _07873_/X (sky130_fd_sc_hd__and4_2)
   0.284    6.769 ^ output109/X (sky130_fd_sc_hd__clkbuf_1)
   0.364    7.133 ^ wire532/X (sky130_fd_sc_hd__clkbuf_4)
   0.001    7.134 ^ d_req_valid (out)
            7.134   data arrival time

  10.000   10.000   clock clk (rise edge)
   0.000   10.000   clock network delay (propagated)
  -0.250    9.750   clock uncertainty
   0.000    9.750   clock reconvergence pessimism
  -2.000    7.750   output external delay
            7.750   data required time
-----------------------------------------------------------
            7.750   data required time
           -7.134   data arrival time
-----------------------------------------------------------
            0.616   slack (MET)


NAMED-PATH-END
