NAMED-PATH-BEGIN d_rsp_valid_to_d_req_valid
Startpoint: d_rsp_valid (input port clocked by clk)
Endpoint: d_req_valid (output port clocked by clk)
Path Group: clk
Path Type: max

   Delay     Time   Description
-----------------------------------------------------------
   0.000    0.000   clock clk (rise edge)
   0.000    0.000   clock network delay (propagated)
   2.000    2.000 ^ input external delay
   0.011    2.011 ^ d_rsp_valid (in)
   0.127    2.138 ^ input35/X (sky130_fd_sc_hd__buf_1)
   0.258    2.396 ^ fanout2841/X (sky130_fd_sc_hd__buf_1)
   0.293    2.689 ^ _08354_/X (sky130_fd_sc_hd__or3b_4)
   0.326    3.014 v _08357_/X (sky130_fd_sc_hd__or4bb_4)
   0.258    3.272 ^ _08358_/X (sky130_fd_sc_hd__and4b_2)
   0.064    3.336 ^ output109/X (sky130_fd_sc_hd__clkbuf_1)
   0.133    3.469 ^ wire420/X (sky130_fd_sc_hd__clkbuf_4)
   0.000    3.469 ^ d_req_valid (out)
            3.469   data arrival time

  10.000   10.000   clock clk (rise edge)
   0.000   10.000   clock network delay (propagated)
  -0.250    9.750   clock uncertainty
   0.000    9.750   clock reconvergence pessimism
  -2.000    7.750   output external delay
            7.750   data required time
-----------------------------------------------------------
            7.750   data required time
           -3.469   data arrival time
-----------------------------------------------------------
            4.281   slack (MET)


NAMED-PATH-END
NAMED-PATH-BEGIN d_rsp_error_to_d_req_valid
Startpoint: d_rsp_error (input port clocked by clk)
Endpoint: d_req_valid (output port clocked by clk)
Path Group: clk
Path Type: max

   Delay     Time   Description
-----------------------------------------------------------
   0.000    0.000   clock clk (rise edge)
   0.000    0.000   clock network delay (propagated)
   2.000    2.000 v input external delay
   0.004    2.004 v d_rsp_error (in)
   0.075    2.080 v input2/X (sky130_fd_sc_hd__buf_1)
   0.138    2.218 v _08341_/Y (sky130_fd_sc_hd__nand2b_2)
   0.110    2.327 v _08342_/X (sky130_fd_sc_hd__o211a_2)
   0.398    2.725 ^ _08344_/Y (sky130_fd_sc_hd__o21ai_2)
   0.090    2.815 ^ fanout958/X (sky130_fd_sc_hd__buf_1)
   0.188    3.003 ^ load_slew960/X (sky130_fd_sc_hd__clkbuf_4)
   0.373    3.375 v _08357_/X (sky130_fd_sc_hd__or4bb_4)
   0.258    3.633 ^ _08358_/X (sky130_fd_sc_hd__and4b_2)
   0.064    3.696 ^ output109/X (sky130_fd_sc_hd__clkbuf_1)
   0.133    3.830 ^ wire420/X (sky130_fd_sc_hd__clkbuf_4)
   0.000    3.830 ^ d_req_valid (out)
            3.830   data arrival time

  10.000   10.000   clock clk (rise edge)
   0.000   10.000   clock network delay (propagated)
  -0.250    9.750   clock uncertainty
   0.000    9.750   clock reconvergence pessimism
  -2.000    7.750   output external delay
            7.750   data required time
-----------------------------------------------------------
            7.750   data required time
           -3.830   data arrival time
-----------------------------------------------------------
            3.920   slack (MET)


NAMED-PATH-END
