NAMED-PATH-BEGIN d_rsp_valid_to_d_req_valid
Startpoint: d_rsp_valid (input port clocked by clk)
Endpoint: d_req_valid (output port clocked by clk)
Path Group: clk
Path Type: max

   Delay     Time   Description
-----------------------------------------------------------
   0.000    0.000   clock clk (rise edge)
   0.000    0.000   clock network delay (propagated)
   2.000    2.000 v input external delay
   0.010    2.010 v d_rsp_valid (in)
   0.387    2.396 v input35/X (sky130_fd_sc_hd__buf_2)
   0.466    2.862 v fanout1866/X (sky130_fd_sc_hd__buf_2)
   0.450    3.312 v fanout1863/X (sky130_fd_sc_hd__buf_2)
   0.955    4.267 v _07801_/X (sky130_fd_sc_hd__or3b_4)
   0.410    4.677 v _07810_/X (sky130_fd_sc_hd__and3_4)
   0.275    4.952 v rebuffer1890/X (sky130_fd_sc_hd__buf_6)
   0.577    5.529 v _07811_/X (sky130_fd_sc_hd__and3b_2)
   0.319    5.848 v output109/X (sky130_fd_sc_hd__buf_6)
   0.002    5.850 v d_req_valid (out)
            5.850   data arrival time

  10.000   10.000   clock clk (rise edge)
   0.000   10.000   clock network delay (propagated)
  -0.250    9.750   clock uncertainty
   0.000    9.750   clock reconvergence pessimism
  -2.000    7.750   output external delay
            7.750   data required time
-----------------------------------------------------------
            7.750   data required time
           -5.850   data arrival time
-----------------------------------------------------------
            1.900   slack (MET)


NAMED-PATH-END
NAMED-PATH-BEGIN d_rsp_error_to_d_req_valid
Startpoint: d_rsp_error (input port clocked by clk)
Endpoint: d_req_valid (output port clocked by clk)
Path Group: clk
Path Type: max

   Delay     Time   Description
-----------------------------------------------------------
   0.000    0.000   clock clk (rise edge)
   0.000    0.000   clock network delay (propagated)
   2.000    2.000 v input external delay
   0.010    2.010 v d_rsp_error (in)
   0.406    2.416 v input2/X (sky130_fd_sc_hd__buf_2)
   0.528    2.944 v _07793_/Y (sky130_fd_sc_hd__nand2b_2)
   0.291    3.235 v _07794_/X (sky130_fd_sc_hd__o211a_2)
   0.421    3.656 ^ _07796_/Y (sky130_fd_sc_hd__o21ai_2)
   0.313    3.969 ^ fanout560/X (sky130_fd_sc_hd__buf_12)
   0.302    4.271 ^ fanout559/X (sky130_fd_sc_hd__buf_8)
   0.524    4.795 ^ _07810_/X (sky130_fd_sc_hd__and3_4)
   0.290    5.085 ^ rebuffer1890/X (sky130_fd_sc_hd__buf_6)
   0.601    5.687 ^ _07811_/X (sky130_fd_sc_hd__and3b_2)
   0.329    6.016 ^ output109/X (sky130_fd_sc_hd__buf_6)
   0.002    6.018 ^ d_req_valid (out)
            6.018   data arrival time

  10.000   10.000   clock clk (rise edge)
   0.000   10.000   clock network delay (propagated)
  -0.250    9.750   clock uncertainty
   0.000    9.750   clock reconvergence pessimism
  -2.000    7.750   output external delay
            7.750   data required time
-----------------------------------------------------------
            7.750   data required time
           -6.018   data arrival time
-----------------------------------------------------------
            1.732   slack (MET)


NAMED-PATH-END
