NAMED-PATH-BEGIN d_rsp_valid_to_d_req_valid
Startpoint: d_rsp_valid (input port clocked by clk)
Endpoint: d_req_valid (output port clocked by clk)
Path Group: clk
Path Type: max

   Delay     Time   Description
-----------------------------------------------------------
   0.000    0.000   clock clk (rise edge)
   0.000    0.000   clock network delay (propagated)
   2.000    2.000 v input external delay
   0.003    2.003 v d_rsp_valid (in)
   0.047    2.051 v hold8843/X (sky130_fd_sc_hd__clkbuf_1)
   0.050    2.100 v hold4942/X (sky130_fd_sc_hd__clkbuf_1)
   0.144    2.244 v input35/X (sky130_fd_sc_hd__buf_2)
   0.170    2.415 v fanout3849/X (sky130_fd_sc_hd__buf_2)
   0.303    2.718 v _17128_/X (sky130_fd_sc_hd__or3b_4)
   0.108    2.825 ^ _17140_/Y (sky130_fd_sc_hd__o2111ai_4)
   0.230    3.055 v _17141_/X (sky130_fd_sc_hd__and4b_2)
   0.122    3.178 v output109/X (sky130_fd_sc_hd__buf_8)
   0.001    3.178 v d_req_valid (out)
            3.178   data arrival time

  10.000   10.000   clock clk (rise edge)
   0.000   10.000   clock network delay (propagated)
  -0.250    9.750   clock uncertainty
   0.000    9.750   clock reconvergence pessimism
  -2.000    7.750   output external delay
            7.750   data required time
-----------------------------------------------------------
            7.750   data required time
           -3.178   data arrival time
-----------------------------------------------------------
            4.572   slack (MET)


NAMED-PATH-END
NAMED-PATH-BEGIN d_rsp_error_to_d_req_valid
Startpoint: d_rsp_error (input port clocked by clk)
Endpoint: d_req_valid (output port clocked by clk)
Path Group: clk
Path Type: max

   Delay     Time   Description
-----------------------------------------------------------
   0.000    0.000   clock clk (rise edge)
   0.000    0.000   clock network delay (propagated)
   2.000    2.000 v input external delay
   0.003    2.003 v d_rsp_error (in)
   0.046    2.049 v hold4830/X (sky130_fd_sc_hd__clkbuf_1)
   0.094    2.143 v input2/X (sky130_fd_sc_hd__buf_2)
   0.118    2.260 v hold4831/X (sky130_fd_sc_hd__clkbuf_1)
   0.150    2.411 v _17129_/Y (sky130_fd_sc_hd__nand2b_2)
   0.137    2.548 v _17130_/X (sky130_fd_sc_hd__o211a_2)
   0.204    2.752 ^ _17132_/Y (sky130_fd_sc_hd__o21ai_2)
   0.134    2.886 ^ fanout1090/X (sky130_fd_sc_hd__buf_8)
   0.077    2.963 v _17140_/Y (sky130_fd_sc_hd__o2111ai_4)
   0.318    3.280 ^ _17141_/X (sky130_fd_sc_hd__and4b_2)
   0.103    3.384 ^ output109/X (sky130_fd_sc_hd__buf_8)
   0.001    3.384 ^ d_req_valid (out)
            3.384   data arrival time

  10.000   10.000   clock clk (rise edge)
   0.000   10.000   clock network delay (propagated)
  -0.250    9.750   clock uncertainty
   0.000    9.750   clock reconvergence pessimism
  -2.000    7.750   output external delay
            7.750   data required time
-----------------------------------------------------------
            7.750   data required time
           -3.384   data arrival time
-----------------------------------------------------------
            4.366   slack (MET)


NAMED-PATH-END
