NAMED-PATH-BEGIN d_rsp_valid_to_d_req_valid
Startpoint: d_rsp_valid (input port clocked by clk)
Endpoint: d_req_valid (output port clocked by clk)
Path Group: clk
Path Type: max

   Delay     Time   Description
-----------------------------------------------------------
   0.000    0.000   clock clk (rise edge)
   0.000    0.000   clock network delay (propagated)
   2.000    2.000 ^ input external delay
   0.016    2.016 ^ d_rsp_valid (in)
   0.430    2.447 ^ input35/X (sky130_fd_sc_hd__buf_2)
   0.377    2.823 ^ wire2942/X (sky130_fd_sc_hd__buf_12)
   0.760    3.584 ^ fanout2941/X (sky130_fd_sc_hd__buf_2)
   0.589    4.173 ^ _14384_/X (sky130_fd_sc_hd__or3b_4)
   0.203    4.376 ^ fanout1370/X (sky130_fd_sc_hd__buf_12)
   0.270    4.646 ^ fanout1369/X (sky130_fd_sc_hd__buf_8)
   0.294    4.940 ^ fanout1368/X (sky130_fd_sc_hd__buf_12)
   0.446    5.386 v _14389_/Y (sky130_fd_sc_hd__o2111ai_4)
   0.383    5.769 v rebuffer3012/X (sky130_fd_sc_hd__buf_6)
   0.547    6.316 ^ _14390_/Y (sky130_fd_sc_hd__nor2_4)
   0.651    6.967 ^ _14391_/X (sky130_fd_sc_hd__and3_4)
   0.239    7.206 ^ output109/X (sky130_fd_sc_hd__buf_8)
   0.003    7.209 ^ d_req_valid (out)
            7.209   data arrival time

  10.000   10.000   clock clk (rise edge)
   0.000   10.000   clock network delay (propagated)
  -0.250    9.750   clock uncertainty
   0.000    9.750   clock reconvergence pessimism
  -2.000    7.750   output external delay
            7.750   data required time
-----------------------------------------------------------
            7.750   data required time
           -7.209   data arrival time
-----------------------------------------------------------
            0.541   slack (MET)


NAMED-PATH-END
NAMED-PATH-BEGIN d_rsp_error_to_d_req_valid
Startpoint: d_rsp_error (input port clocked by clk)
Endpoint: d_req_valid (output port clocked by clk)
Path Group: clk
Path Type: max

   Delay     Time   Description
-----------------------------------------------------------
   0.000    0.000   clock clk (rise edge)
   0.000    0.000   clock network delay (propagated)
   2.000    2.000 v input external delay
   0.021    2.021 v d_rsp_error (in)
   0.164    2.185 v hold3994/X (sky130_fd_sc_hd__clkbuf_1)
   0.325    2.509 v input2/X (sky130_fd_sc_hd__buf_2)
   0.405    2.914 v hold3995/X (sky130_fd_sc_hd__clkbuf_1)
   0.549    3.464 v _14375_/Y (sky130_fd_sc_hd__nand2b_2)
   0.301    3.764 v _14376_/X (sky130_fd_sc_hd__o211a_2)
   0.573    4.337 ^ _14378_/Y (sky130_fd_sc_hd__o21ai_4)
   0.617    4.954 v _14389_/Y (sky130_fd_sc_hd__o2111ai_4)
   0.383    5.337 v rebuffer3012/X (sky130_fd_sc_hd__buf_6)
   0.547    5.884 ^ _14390_/Y (sky130_fd_sc_hd__nor2_4)
   0.651    6.535 ^ _14391_/X (sky130_fd_sc_hd__and3_4)
   0.239    6.774 ^ output109/X (sky130_fd_sc_hd__buf_8)
   0.003    6.777 ^ d_req_valid (out)
            6.777   data arrival time

  10.000   10.000   clock clk (rise edge)
   0.000   10.000   clock network delay (propagated)
  -0.250    9.750   clock uncertainty
   0.000    9.750   clock reconvergence pessimism
  -2.000    7.750   output external delay
            7.750   data required time
-----------------------------------------------------------
            7.750   data required time
           -6.777   data arrival time
-----------------------------------------------------------
            0.973   slack (MET)


NAMED-PATH-END
