NAMED-PATH-BEGIN d_rsp_valid_to_d_req_valid
Startpoint: d_rsp_valid (input port clocked by clk)
Endpoint: d_req_valid (output port clocked by clk)
Path Group: clk
Path Type: max

   Delay     Time   Description
-----------------------------------------------------------
   0.000    0.000   clock clk (rise edge)
   0.000    0.000   clock network delay (propagated)
   2.000    2.000 ^ input external delay
   0.023    2.023 ^ d_rsp_valid (in)
   0.303    2.326 ^ input35/X (sky130_fd_sc_hd__buf_1)
   0.668    2.994 ^ fanout2841/X (sky130_fd_sc_hd__buf_1)
   0.816    3.810 ^ _08354_/X (sky130_fd_sc_hd__or3b_4)
   1.194    5.004 v _08357_/X (sky130_fd_sc_hd__or4bb_4)
   0.857    5.861 ^ _08358_/X (sky130_fd_sc_hd__and4b_2)
   0.240    6.101 ^ output109/X (sky130_fd_sc_hd__clkbuf_1)
   0.348    6.449 ^ wire420/X (sky130_fd_sc_hd__clkbuf_4)
   0.000    6.450 ^ d_req_valid (out)
            6.450   data arrival time

  10.000   10.000   clock clk (rise edge)
   0.000   10.000   clock network delay (propagated)
  -0.250    9.750   clock uncertainty
   0.000    9.750   clock reconvergence pessimism
  -2.000    7.750   output external delay
            7.750   data required time
-----------------------------------------------------------
            7.750   data required time
           -6.450   data arrival time
-----------------------------------------------------------
            1.300   slack (MET)


NAMED-PATH-END
NAMED-PATH-BEGIN d_rsp_error_to_d_req_valid
Startpoint: d_rsp_error (input port clocked by clk)
Endpoint: d_req_valid (output port clocked by clk)
Path Group: clk
Path Type: max

   Delay     Time   Description
-----------------------------------------------------------
   0.000    0.000   clock clk (rise edge)
   0.000    0.000   clock network delay (propagated)
   2.000    2.000 v input external delay
   0.017    2.017 v d_rsp_error (in)
   0.212    2.229 v input2/X (sky130_fd_sc_hd__buf_1)
   0.455    2.684 v _08341_/Y (sky130_fd_sc_hd__nand2b_2)
   0.334    3.018 v _08342_/X (sky130_fd_sc_hd__o211a_2)
   0.921    3.939 ^ _08344_/Y (sky130_fd_sc_hd__o21ai_2)
   0.500    4.439 ^ fanout958/X (sky130_fd_sc_hd__buf_1)
   0.483    4.922 ^ load_slew960/X (sky130_fd_sc_hd__clkbuf_4)
   1.275    6.197 v _08357_/X (sky130_fd_sc_hd__or4bb_4)
   0.857    7.054 ^ _08358_/X (sky130_fd_sc_hd__and4b_2)
   0.240    7.294 ^ output109/X (sky130_fd_sc_hd__clkbuf_1)
   0.348    7.642 ^ wire420/X (sky130_fd_sc_hd__clkbuf_4)
   0.000    7.643 ^ d_req_valid (out)
            7.643   data arrival time

  10.000   10.000   clock clk (rise edge)
   0.000   10.000   clock network delay (propagated)
  -0.250    9.750   clock uncertainty
   0.000    9.750   clock reconvergence pessimism
  -2.000    7.750   output external delay
            7.750   data required time
-----------------------------------------------------------
            7.750   data required time
           -7.643   data arrival time
-----------------------------------------------------------
            0.107   slack (MET)


NAMED-PATH-END
