NAMED label=d_rsp_valid_to_request slack_ns=5.472 from=block/d_v2_reg/C to=block/request_registered.d_en_reg/D levels=3
Copyright 1986-2022 Xilinx, Inc. All Rights Reserved. Copyright 2022-2025 Advanced Micro Devices, Inc. All Rights Reserved.
----------------------------------------------------------------------------------------------------------------------------------------------------------------------------------------------------------------------------------------------------------------------------------------------------------------
| Tool Version : Vivado v.2025.1 (lin64) Build 6140274 Wed May 21 22:58:25 MDT 2025
| Date         : Fri Oct  2 10:18:52 2026
| Host         : gondor running 64-bit Ubuntu 24.04.5 LTS
| Command      : report_timing -of_objects [get_timing_paths -setup -from [get_cells -hier -quiet -filter {NAME =~ *d_v2_reg* && IS_SEQUENTIAL}] -to [get_cells -hier -quiet -filter {(NAME =~ *d_v1_reg* || NAME =~ *d_en_reg* || NAME =~ *ram_reg*) && IS_SEQUENTIAL}] -max_paths 1 -nworst 1] -return_string
| Design       : timing_aster_bram_reqreg
| Device       : 7z020-clg400
| Speed File   : -1  PRODUCTION 1.12 2019-11-22
| Design State : Routed
----------------------------------------------------------------------------------------------------------------------------------------------------------------------------------------------------------------------------------------------------------------------------------------------------------------

Timing Report

Slack (MET) :             5.472ns  (required time - arrival time)
  Source:                 block/d_v2_reg/C
                            (rising edge-triggered cell FDRE clocked by clk  {rise@0.000ns fall@5.000ns period=10.000ns})
  Destination:            block/request_registered.d_en_reg/D
                            (rising edge-triggered cell FDRE clocked by clk  {rise@0.000ns fall@5.000ns period=10.000ns})
  Path Group:             clk
  Path Type:              Setup (Max at Slow Process Corner)
  Requirement:            10.000ns  (clk rise@10.000ns - clk rise@0.000ns)
  Data Path Delay:        4.173ns  (logic 1.104ns (26.457%)  route 3.069ns (73.543%))
  Logic Levels:           3  (LUT4=1 LUT5=1 LUT6=1)
  Clock Path Skew:        -0.049ns (DCD - SCD + CPR)
    Destination Clock Delay (DCD):    0.924ns = ( 10.924 - 10.000 ) 
    Source Clock Delay      (SCD):    0.973ns
    Clock Pessimism Removal (CPR):    0.000ns
  Clock Uncertainty:      0.035ns  ((TSJ^2 + TIJ^2)^1/2 + DJ) / 2 + PE
    Total System Jitter     (TSJ):    0.071ns
    Total Input Jitter      (TIJ):    0.000ns
    Discrete Jitter          (DJ):    0.000ns
    Phase Error              (PE):    0.000ns

    Location             Delay type                Incr(ns)  Path(ns)    Netlist Resource(s)
  -------------------------------------------------------------------    -------------------
                         (clock clk rise edge)        0.000     0.000 r  
                                                      0.000     0.000 r  clk (IN)
                         net (fo=1760, unset)         0.973     0.973    block/clk
    SLICE_X43Y4          FDRE                                         r  block/d_v2_reg/C
  -------------------------------------------------------------------    -------------------
    SLICE_X43Y4          FDRE (Prop_fdre_C_Q)         0.456     1.429 r  block/d_v2_reg/Q
                         net (fo=19, routed)          0.794     2.223    block/core/fetch/d_v2
    SLICE_X42Y5                                                       r  block/core/fetch/m1[acc]_i_4/I0
    SLICE_X42Y5          LUT4 (Prop_lut4_I0_O)        0.150     2.373 f  block/core/fetch/m1[acc]_i_4/O
                         net (fo=23, routed)          0.901     3.274    block/core/fetch/d_v2_reg
    SLICE_X35Y6                                                       f  block/core/fetch/m1_first_i_1/I4
    SLICE_X35Y6          LUT6 (Prop_lut6_I4_O)        0.348     3.622 r  block/core/fetch/m1_first_i_1/O
                         net (fo=13, routed)          0.991     4.613    block/core/e_advance
    SLICE_X38Y5                                                       r  block/core/request_registered.d_en_i_1/I3
    SLICE_X38Y5          LUT5 (Prop_lut5_I3_O)        0.150     4.763 r  block/core/request_registered.d_en_i_1/O
                         net (fo=1, routed)           0.382     5.146    block/request_registered.d_en0
    SLICE_X39Y5          FDRE                                         r  block/request_registered.d_en_reg/D
  -------------------------------------------------------------------    -------------------

                         (clock clk rise edge)       10.000    10.000 r  
                                                      0.000    10.000 r  clk (IN)
                         net (fo=1760, unset)         0.924    10.924    block/clk
    SLICE_X39Y5          FDRE                                         r  block/request_registered.d_en_reg/C
                         clock pessimism              0.000    10.924    
                         clock uncertainty           -0.035    10.889    
    SLICE_X39Y5          FDRE (Setup_fdre_C_D)       -0.271    10.618    block/request_registered.d_en_reg
  -------------------------------------------------------------------
                         required time                         10.618    
                         arrival time                          -5.146    
  -------------------------------------------------------------------
                         slack                                  5.472    





NAMED label=d_rsp_error_kill slack_ns=4.644 from=block/d_err1_reg/C to=block/request_registered.d_en_reg/D levels=4
Copyright 1986-2022 Xilinx, Inc. All Rights Reserved. Copyright 2022-2025 Advanced Micro Devices, Inc. All Rights Reserved.
------------------------------------------------------------------------------------------------------------------------------------------------------------------------------------------------------------------------------------------------------------------------------------------------------------------
| Tool Version : Vivado v.2025.1 (lin64) Build 6140274 Wed May 21 22:58:25 MDT 2025
| Date         : Fri Oct  2 10:18:52 2026
| Host         : gondor running 64-bit Ubuntu 24.04.5 LTS
| Command      : report_timing -of_objects [get_timing_paths -setup -from [get_cells -hier -quiet -filter {NAME =~ *d_err1_reg* && IS_SEQUENTIAL}] -to [get_cells -hier -quiet -filter {(NAME =~ *d_v1_reg* || NAME =~ *d_en_reg* || NAME =~ *ram_reg*) && IS_SEQUENTIAL}] -max_paths 1 -nworst 1] -return_string
| Design       : timing_aster_bram_reqreg
| Device       : 7z020-clg400
| Speed File   : -1  PRODUCTION 1.12 2019-11-22
| Design State : Routed
------------------------------------------------------------------------------------------------------------------------------------------------------------------------------------------------------------------------------------------------------------------------------------------------------------------

Timing Report

Slack (MET) :             4.644ns  (required time - arrival time)
  Source:                 block/d_err1_reg/C
                            (rising edge-triggered cell FDRE clocked by clk  {rise@0.000ns fall@5.000ns period=10.000ns})
  Destination:            block/request_registered.d_en_reg/D
                            (rising edge-triggered cell FDRE clocked by clk  {rise@0.000ns fall@5.000ns period=10.000ns})
  Path Group:             clk
  Path Type:              Setup (Max at Slow Process Corner)
  Requirement:            10.000ns  (clk rise@10.000ns - clk rise@0.000ns)
  Data Path Delay:        5.001ns  (logic 1.040ns (20.795%)  route 3.961ns (79.205%))
  Logic Levels:           4  (LUT3=1 LUT5=1 LUT6=2)
  Clock Path Skew:        -0.049ns (DCD - SCD + CPR)
    Destination Clock Delay (DCD):    0.924ns = ( 10.924 - 10.000 ) 
    Source Clock Delay      (SCD):    0.973ns
    Clock Pessimism Removal (CPR):    0.000ns
  Clock Uncertainty:      0.035ns  ((TSJ^2 + TIJ^2)^1/2 + DJ) / 2 + PE
    Total System Jitter     (TSJ):    0.071ns
    Total Input Jitter      (TIJ):    0.000ns
    Discrete Jitter          (DJ):    0.000ns
    Phase Error              (PE):    0.000ns

    Location             Delay type                Incr(ns)  Path(ns)    Netlist Resource(s)
  -------------------------------------------------------------------    -------------------
                         (clock clk rise edge)        0.000     0.000 r  
                                                      0.000     0.000 r  clk (IN)
                         net (fo=1760, unset)         0.973     0.973    block/clk
    SLICE_X38Y3          FDRE                                         r  block/d_err1_reg/C
  -------------------------------------------------------------------    -------------------
    SLICE_X38Y3          FDRE (Prop_fdre_C_Q)         0.518     1.491 f  block/d_err1_reg/Q
                         net (fo=6, routed)           1.143     2.634    block/core/fetch/d_err1
    SLICE_X23Y5                                                       f  block/core/fetch/mepc[31]_i_3/I4
    SLICE_X23Y5          LUT6 (Prop_lut6_I4_O)        0.124     2.758 f  block/core/fetch/mepc[31]_i_3/O
                         net (fo=34, routed)          0.433     3.190    block/core/fetch/m1_reg[valid]_0
    SLICE_X23Y6                                                       f  block/core/fetch/e_pc[31]_i_3/I0
    SLICE_X23Y6          LUT3 (Prop_lut3_I0_O)        0.124     3.314 r  block/core/fetch/e_pc[31]_i_3/O
                         net (fo=40, routed)          1.012     4.327    block/core/fetch/m1_reg[valid]
    SLICE_X35Y6                                                       r  block/core/fetch/m1_first_i_1/I2
    SLICE_X35Y6          LUT6 (Prop_lut6_I2_O)        0.124     4.451 r  block/core/fetch/m1_first_i_1/O
                         net (fo=13, routed)          0.991     5.442    block/core/e_advance
    SLICE_X38Y5                                                       r  block/core/request_registered.d_en_i_1/I3
    SLICE_X38Y5          LUT5 (Prop_lut5_I3_O)        0.150     5.592 r  block/core/request_registered.d_en_i_1/O
                         net (fo=1, routed)           0.382     5.974    block/request_registered.d_en0
    SLICE_X39Y5          FDRE                                         r  block/request_registered.d_en_reg/D
  -------------------------------------------------------------------    -------------------

                         (clock clk rise edge)       10.000    10.000 r  
                                                      0.000    10.000 r  clk (IN)
                         net (fo=1760, unset)         0.924    10.924    block/clk
    SLICE_X39Y5          FDRE                                         r  block/request_registered.d_en_reg/C
                         clock pessimism              0.000    10.924    
                         clock uncertainty           -0.035    10.889    
    SLICE_X39Y5          FDRE (Setup_fdre_C_D)       -0.271    10.618    block/request_registered.d_en_reg
  -------------------------------------------------------------------
                         required time                         10.618    
                         arrival time                          -5.974    
  -------------------------------------------------------------------
                         slack                                  4.644    





NAMED label=d_rsp_valid_worst slack_ns=2.005 from=block/d_v2_reg/C to=block/core/w_reg[result][28]/D levels=6
Copyright 1986-2022 Xilinx, Inc. All Rights Reserved. Copyright 2022-2025 Advanced Micro Devices, Inc. All Rights Reserved.
----------------------------------------------------------------------------------------------------------------------------------------------------------------------------------------
| Tool Version : Vivado v.2025.1 (lin64) Build 6140274 Wed May 21 22:58:25 MDT 2025
| Date         : Fri Oct  2 10:18:52 2026
| Host         : gondor running 64-bit Ubuntu 24.04.5 LTS
| Command      : report_timing -of_objects [get_timing_paths -setup -from [get_cells -hier -quiet -filter {NAME =~ *d_v2_reg* && IS_SEQUENTIAL}] -max_paths 1 -nworst 1] -return_string
| Design       : timing_aster_bram_reqreg
| Device       : 7z020-clg400
| Speed File   : -1  PRODUCTION 1.12 2019-11-22
| Design State : Routed
----------------------------------------------------------------------------------------------------------------------------------------------------------------------------------------

Timing Report

Slack (MET) :             2.005ns  (required time - arrival time)
  Source:                 block/d_v2_reg/C
                            (rising edge-triggered cell FDRE clocked by clk  {rise@0.000ns fall@5.000ns period=10.000ns})
  Destination:            block/core/w_reg[result][28]/D
                            (rising edge-triggered cell FDRE clocked by clk  {rise@0.000ns fall@5.000ns period=10.000ns})
  Path Group:             clk
  Path Type:              Setup (Max at Slow Process Corner)
  Requirement:            10.000ns  (clk rise@10.000ns - clk rise@0.000ns)
  Data Path Delay:        7.975ns  (logic 1.753ns (21.980%)  route 6.222ns (78.020%))
  Logic Levels:           6  (LUT4=2 LUT5=2 LUT6=1 MUXF7=1)
  Clock Path Skew:        -0.049ns (DCD - SCD + CPR)
    Destination Clock Delay (DCD):    0.924ns = ( 10.924 - 10.000 ) 
    Source Clock Delay      (SCD):    0.973ns
    Clock Pessimism Removal (CPR):    0.000ns
  Clock Uncertainty:      0.035ns  ((TSJ^2 + TIJ^2)^1/2 + DJ) / 2 + PE
    Total System Jitter     (TSJ):    0.071ns
    Total Input Jitter      (TIJ):    0.000ns
    Discrete Jitter          (DJ):    0.000ns
    Phase Error              (PE):    0.000ns

    Location             Delay type                Incr(ns)  Path(ns)    Netlist Resource(s)
  -------------------------------------------------------------------    -------------------
                         (clock clk rise edge)        0.000     0.000 r  
                                                      0.000     0.000 r  clk (IN)
                         net (fo=1760, unset)         0.973     0.973    block/clk
    SLICE_X43Y4          FDRE                                         r  block/d_v2_reg/C
  -------------------------------------------------------------------    -------------------
    SLICE_X43Y4          FDRE (Prop_fdre_C_Q)         0.456     1.429 r  block/d_v2_reg/Q
                         net (fo=19, routed)          1.056     2.485    block/core/d_v2
    SLICE_X45Y4                                                       r  block/core/m2[rdata][15]_i_3/I0
    SLICE_X45Y4          LUT4 (Prop_lut4_I0_O)        0.124     2.609 r  block/core/m2[rdata][15]_i_3/O
                         net (fo=53, routed)          2.330     4.939    block/core/m2[rdata][15]_i_3_n_0
    SLICE_X13Y10                                                      r  block/core/w[result][7]_i_4/I3
    SLICE_X13Y10         LUT5 (Prop_lut5_I3_O)        0.152     5.091 r  block/core/w[result][7]_i_4/O
                         net (fo=1, routed)           1.425     6.516    block/core/w[result][7]_i_4_n_0
    SLICE_X45Y11                                                      r  block/core/w[result][7]_i_2/I4
    SLICE_X45Y11         LUT5 (Prop_lut5_I4_O)        0.332     6.848 r  block/core/w[result][7]_i_2/O
                         net (fo=3, routed)           0.563     7.411    block/core/w[result][7]_i_2_n_0
    SLICE_X45Y10                                                      r  block/core/w[result][31]_i_7/I0
    SLICE_X45Y10         LUT4 (Prop_lut4_I0_O)        0.118     7.529 r  block/core/w[result][31]_i_7/O
                         net (fo=16, routed)          0.849     8.377    block/core/w[result][31]_i_7_n_0
    SLICE_X49Y14                                                      r  block/core/w[result][28]_i_3/I0
    SLICE_X49Y14         LUT6 (Prop_lut6_I0_O)        0.326     8.703 r  block/core/w[result][28]_i_3/O
                         net (fo=1, routed)           0.000     8.703    block/core/w[result][28]_i_3_n_0
    SLICE_X49Y14                                                      r  block/core/w_reg[result][28]_i_1/I1
    SLICE_X49Y14         MUXF7 (Prop_muxf7_I1_O)      0.245     8.948 r  block/core/w_reg[result][28]_i_1/O
                         net (fo=1, routed)           0.000     8.948    block/core/w_reg[result][28]_i_1_n_0
    SLICE_X49Y14         FDRE                                         r  block/core/w_reg[result][28]/D
  -------------------------------------------------------------------    -------------------

                         (clock clk rise edge)       10.000    10.000 r  
                                                      0.000    10.000 r  clk (IN)
                         net (fo=1760, unset)         0.924    10.924    block/core/clk
    SLICE_X49Y14         FDRE                                         r  block/core/w_reg[result][28]/C
                         clock pessimism              0.000    10.924    
                         clock uncertainty           -0.035    10.889    
    SLICE_X49Y14         FDRE (Setup_fdre_C_D)        0.064    10.953    block/core/w_reg[result][28]
  -------------------------------------------------------------------
                         required time                         10.953    
                         arrival time                          -8.948    
  -------------------------------------------------------------------
                         slack                                  2.005    





NAMED label=d_rsp_error_worst slack_ns=1.597 from=block/d_err1_reg/C to=block/core/fetch/count_reg[1]/D levels=8
Copyright 1986-2022 Xilinx, Inc. All Rights Reserved. Copyright 2022-2025 Advanced Micro Devices, Inc. All Rights Reserved.
------------------------------------------------------------------------------------------------------------------------------------------------------------------------------------------
| Tool Version : Vivado v.2025.1 (lin64) Build 6140274 Wed May 21 22:58:25 MDT 2025
| Date         : Fri Oct  2 10:18:52 2026
| Host         : gondor running 64-bit Ubuntu 24.04.5 LTS
| Command      : report_timing -of_objects [get_timing_paths -setup -from [get_cells -hier -quiet -filter {NAME =~ *d_err1_reg* && IS_SEQUENTIAL}] -max_paths 1 -nworst 1] -return_string
| Design       : timing_aster_bram_reqreg
| Device       : 7z020-clg400
| Speed File   : -1  PRODUCTION 1.12 2019-11-22
| Design State : Routed
------------------------------------------------------------------------------------------------------------------------------------------------------------------------------------------

Timing Report

Slack (MET) :             1.597ns  (required time - arrival time)
  Source:                 block/d_err1_reg/C
                            (rising edge-triggered cell FDRE clocked by clk  {rise@0.000ns fall@5.000ns period=10.000ns})
  Destination:            block/core/fetch/count_reg[1]/D
                            (rising edge-triggered cell FDRE clocked by clk  {rise@0.000ns fall@5.000ns period=10.000ns})
  Path Group:             clk
  Path Type:              Setup (Max at Slow Process Corner)
  Requirement:            10.000ns  (clk rise@10.000ns - clk rise@0.000ns)
  Data Path Delay:        8.303ns  (logic 1.510ns (18.187%)  route 6.793ns (81.813%))
  Logic Levels:           8  (LUT3=2 LUT4=1 LUT5=1 LUT6=4)
  Clock Path Skew:        -0.049ns (DCD - SCD + CPR)
    Destination Clock Delay (DCD):    0.924ns = ( 10.924 - 10.000 ) 
    Source Clock Delay      (SCD):    0.973ns
    Clock Pessimism Removal (CPR):    0.000ns
  Clock Uncertainty:      0.035ns  ((TSJ^2 + TIJ^2)^1/2 + DJ) / 2 + PE
    Total System Jitter     (TSJ):    0.071ns
    Total Input Jitter      (TIJ):    0.000ns
    Discrete Jitter          (DJ):    0.000ns
    Phase Error              (PE):    0.000ns

    Location             Delay type                Incr(ns)  Path(ns)    Netlist Resource(s)
  -------------------------------------------------------------------    -------------------
                         (clock clk rise edge)        0.000     0.000 r  
                                                      0.000     0.000 r  clk (IN)
                         net (fo=1760, unset)         0.973     0.973    block/clk
    SLICE_X38Y3          FDRE                                         r  block/d_err1_reg/C
  -------------------------------------------------------------------    -------------------
    SLICE_X38Y3          FDRE (Prop_fdre_C_Q)         0.518     1.491 r  block/d_err1_reg/Q
                         net (fo=6, routed)           1.143     2.634    block/core/fetch/d_err1
    SLICE_X23Y5                                                       r  block/core/fetch/mepc[31]_i_3/I4
    SLICE_X23Y5          LUT6 (Prop_lut6_I4_O)        0.124     2.758 r  block/core/fetch/mepc[31]_i_3/O
                         net (fo=34, routed)          0.433     3.190    block/core/fetch/m1_reg[valid]_0
    SLICE_X23Y6                                                       r  block/core/fetch/e_pc[31]_i_3/I0
    SLICE_X23Y6          LUT3 (Prop_lut3_I0_O)        0.124     3.314 f  block/core/fetch/e_pc[31]_i_3/O
                         net (fo=40, routed)          1.012     4.327    block/core/fetch/m1_reg[valid]
    SLICE_X35Y6                                                       f  block/core/fetch/m1_first_i_1/I2
    SLICE_X35Y6          LUT6 (Prop_lut6_I2_O)        0.124     4.451 f  block/core/fetch/m1_first_i_1/O
                         net (fo=13, routed)          0.795     5.246    block/core/fetch/e_valid_reg_0
    SLICE_X33Y9                                                       f  block/core/fetch/e_valid_i_3/I0
    SLICE_X33Y9          LUT4 (Prop_lut4_I0_O)        0.124     5.370 r  block/core/fetch/e_valid_i_3/O
                         net (fo=1, routed)           0.416     5.786    block/core/fetch/e_valid_i_3_n_0
    SLICE_X32Y8                                                       r  block/core/fetch/e_valid_i_2/I0
    SLICE_X32Y8          LUT6 (Prop_lut6_I0_O)        0.124     5.910 f  block/core/fetch/e_valid_i_2/O
                         net (fo=4, routed)           0.445     6.355    block/core/fetch/e_valid_reg
    SLICE_X32Y9                                                       f  block/core/fetch/d_insn[31]_i_3/I2
    SLICE_X32Y9          LUT3 (Prop_lut3_I2_O)        0.124     6.479 r  block/core/fetch/d_insn[31]_i_3/O
                         net (fo=16, routed)          1.391     7.870    block/core/fetch/d_valid_reg
    SLICE_X15Y20                                                      r  block/core/fetch/head[1]_i_2/I0
    SLICE_X15Y20         LUT6 (Prop_lut6_I0_O)        0.124     7.994 r  block/core/fetch/head[1]_i_2/O
                         net (fo=4, routed)           0.589     8.583    block/core/fetch/head[1]_i_2_n_0
    SLICE_X14Y20                                                      r  block/core/fetch/count[1]_i_1/I1
    SLICE_X14Y20         LUT5 (Prop_lut5_I1_O)        0.124     8.707 r  block/core/fetch/count[1]_i_1/O
                         net (fo=1, routed)           0.568     9.276    block/core/fetch/count[1]_i_1_n_0
    SLICE_X14Y20         FDRE                                         r  block/core/fetch/count_reg[1]/D
  -------------------------------------------------------------------    -------------------

                         (clock clk rise edge)       10.000    10.000 r  
                                                      0.000    10.000 r  clk (IN)
                         net (fo=1760, unset)         0.924    10.924    block/core/fetch/clk
    SLICE_X14Y20         FDRE                                         r  block/core/fetch/count_reg[1]/C
                         clock pessimism              0.000    10.924    
                         clock uncertainty           -0.035    10.889    
    SLICE_X14Y20         FDRE (Setup_fdre_C_D)       -0.016    10.873    block/core/fetch/count_reg[1]
  -------------------------------------------------------------------
                         required time                         10.873    
                         arrival time                          -9.276    
  -------------------------------------------------------------------
                         slack                                  1.597    





