NAMED-PATH-BEGIN d_rsp_valid_to_d_req_valid
Startpoint: d_rsp_valid (input port clocked by clk)
Endpoint: d_req_valid (output port clocked by clk)
Path Group: clk
Path Type: max

   Delay     Time   Description
-----------------------------------------------------------
   0.000    0.000   clock clk (rise edge)
   0.000    0.000   clock network delay (propagated)
   2.000    2.000 v input external delay
   0.012    2.012 v d_rsp_valid (in)
   0.252    2.264 v input35/X (sky130_fd_sc_hd__clkbuf_2)
   0.329    2.593 v wire3559/X (sky130_fd_sc_hd__buf_6)
   1.466    4.059 v _07868_/X (sky130_fd_sc_hd__or3b_2)
   0.665    4.724 v _07871_/X (sky130_fd_sc_hd__and4b_2)
   0.431    5.155 v rebuffer3655/X (sky130_fd_sc_hd__buf_2)
   0.638    5.793 v _07873_/X (sky130_fd_sc_hd__and4_2)
   0.257    6.050 v output109/X (sky130_fd_sc_hd__clkbuf_1)
   0.344    6.393 v wire532/X (sky130_fd_sc_hd__clkbuf_4)
   0.001    6.395 v d_req_valid (out)
            6.395   data arrival time

  10.000   10.000   clock clk (rise edge)
   0.000   10.000   clock network delay (propagated)
  -0.250    9.750   clock uncertainty
   0.000    9.750   clock reconvergence pessimism
  -2.000    7.750   output external delay
            7.750   data required time
-----------------------------------------------------------
            7.750   data required time
           -6.395   data arrival time
-----------------------------------------------------------
            1.355   slack (MET)


NAMED-PATH-END
NAMED-PATH-BEGIN d_rsp_error_to_d_req_valid
Startpoint: d_rsp_error (input port clocked by clk)
Endpoint: d_req_valid (output port clocked by clk)
Path Group: clk
Path Type: max

   Delay     Time   Description
-----------------------------------------------------------
   0.000    0.000   clock clk (rise edge)
   0.000    0.000   clock network delay (propagated)
   2.000    2.000 v input external delay
   0.018    2.018 v d_rsp_error (in)
   0.222    2.240 v input2/X (sky130_fd_sc_hd__clkbuf_1)
   0.348    2.588 v wire3560/X (sky130_fd_sc_hd__clkbuf_4)
   0.415    3.003 v _07857_/Y (sky130_fd_sc_hd__nand2b_2)
   0.344    3.347 v _07858_/X (sky130_fd_sc_hd__o211a_2)
   0.243    3.590 ^ _07859_/Y (sky130_fd_sc_hd__o21ai_2)
   0.377    3.967 ^ fanout1328/X (sky130_fd_sc_hd__buf_1)
   0.629    4.596 ^ fanout1327/X (sky130_fd_sc_hd__clkbuf_2)
   0.705    5.301 ^ _07871_/X (sky130_fd_sc_hd__and4b_2)
   0.491    5.792 ^ rebuffer3655/X (sky130_fd_sc_hd__buf_2)
   0.844    6.635 ^ _07873_/X (sky130_fd_sc_hd__and4_2)
   0.292    6.927 ^ output109/X (sky130_fd_sc_hd__clkbuf_1)
   0.367    7.294 ^ wire532/X (sky130_fd_sc_hd__clkbuf_4)
   0.001    7.295 ^ d_req_valid (out)
            7.295   data arrival time

  10.000   10.000   clock clk (rise edge)
   0.000   10.000   clock network delay (propagated)
  -0.250    9.750   clock uncertainty
   0.000    9.750   clock reconvergence pessimism
  -2.000    7.750   output external delay
            7.750   data required time
-----------------------------------------------------------
            7.750   data required time
           -7.295   data arrival time
-----------------------------------------------------------
            0.455   slack (MET)


NAMED-PATH-END
