NAMED-PATH-BEGIN d_rsp_valid_to_d_req_valid
Startpoint: d_rsp_valid (input port clocked by clk)
Endpoint: d_req_valid (output port clocked by clk)
Path Group: clk
Path Type: max

   Delay     Time   Description
-----------------------------------------------------------
   0.000    0.000   clock clk (rise edge)
   0.000    0.000   clock network delay (propagated)
   2.000    2.000 ^ input external delay
   0.011    2.011 ^ d_rsp_valid (in)
   0.378    2.389 ^ input35/X (sky130_fd_sc_hd__buf_2)
   0.397    2.787 ^ fanout2727/X (sky130_fd_sc_hd__dlymetal6s2s_1)
   0.194    2.981 ^ load_slew2728/X (sky130_fd_sc_hd__buf_6)
   0.306    3.287 v _07429_/X (sky130_fd_sc_hd__and4bb_2)
   0.240    3.527 v fanout1217/X (sky130_fd_sc_hd__clkbuf_4)
   0.282    3.809 ^ _07434_/Y (sky130_fd_sc_hd__a221oi_4)
   0.146    3.954 v _07435_/Y (sky130_fd_sc_hd__nand3b_2)
   0.143    4.097 ^ _07436_/Y (sky130_fd_sc_hd__inv_4)
   0.319    4.416 ^ _07437_/X (sky130_fd_sc_hd__and4_4)
   0.156    4.573 ^ output109/X (sky130_fd_sc_hd__buf_8)
   0.001    4.574 ^ d_req_valid (out)
            4.574   data arrival time

  10.000   10.000   clock clk (rise edge)
   0.000   10.000   clock network delay (propagated)
  -0.250    9.750   clock uncertainty
   0.000    9.750   clock reconvergence pessimism
  -2.000    7.750   output external delay
            7.750   data required time
-----------------------------------------------------------
            7.750   data required time
           -4.574   data arrival time
-----------------------------------------------------------
            3.176   slack (MET)


NAMED-PATH-END
NAMED-PATH-BEGIN d_rsp_error_to_d_req_valid
Startpoint: d_rsp_error (input port clocked by clk)
Endpoint: d_req_valid (output port clocked by clk)
Path Group: clk
Path Type: max

   Delay     Time   Description
-----------------------------------------------------------
   0.000    0.000   clock clk (rise edge)
   0.000    0.000   clock network delay (propagated)
   2.000    2.000 v input external delay
   0.006    2.006 v d_rsp_error (in)
   0.133    2.139 v input2/X (sky130_fd_sc_hd__clkbuf_1)
   0.160    2.299 v wire2731/X (sky130_fd_sc_hd__buf_6)
   0.209    2.508 v _07421_/Y (sky130_fd_sc_hd__nand2b_2)
   0.147    2.655 v _07422_/X (sky130_fd_sc_hd__o211a_2)
   0.357    3.012 ^ _07424_/Y (sky130_fd_sc_hd__o21ai_2)
   0.468    3.480 ^ fanout670/X (sky130_fd_sc_hd__dlygate4sd1_1)
   0.144    3.624 v _07435_/Y (sky130_fd_sc_hd__nand3b_2)
   0.143    3.767 ^ _07436_/Y (sky130_fd_sc_hd__inv_4)
   0.319    4.086 ^ _07437_/X (sky130_fd_sc_hd__and4_4)
   0.156    4.242 ^ output109/X (sky130_fd_sc_hd__buf_8)
   0.001    4.244 ^ d_req_valid (out)
            4.244   data arrival time

  10.000   10.000   clock clk (rise edge)
   0.000   10.000   clock network delay (propagated)
  -0.250    9.750   clock uncertainty
   0.000    9.750   clock reconvergence pessimism
  -2.000    7.750   output external delay
            7.750   data required time
-----------------------------------------------------------
            7.750   data required time
           -4.244   data arrival time
-----------------------------------------------------------
            3.506   slack (MET)


NAMED-PATH-END
