NAMED-PATH-BEGIN d_rsp_valid_to_d_req_valid
Startpoint: d_rsp_valid (input port clocked by clk)
Endpoint: d_req_valid (output port clocked by clk)
Path Group: clk
Path Type: max

   Delay     Time   Description
-----------------------------------------------------------
   0.000    0.000   clock clk (rise edge)
   0.000    0.000   clock network delay (propagated)
   2.000    2.000 ^ input external delay
   0.010    2.010 ^ d_rsp_valid (in)
   0.178    2.188 ^ input35/X (sky130_fd_sc_hd__buf_2)
   0.186    2.374 ^ fanout3530/X (sky130_fd_sc_hd__buf_2)
   0.123    2.497 ^ _17154_/Y (sky130_fd_sc_hd__nand2b_2)
   0.164    2.661 ^ fanout1824/X (sky130_fd_sc_hd__buf_2)
   0.246    2.907 v _17159_/X (sky130_fd_sc_hd__and4bb_4)
   0.402    3.309 v _17161_/X (sky130_fd_sc_hd__or4b_4)
   0.109    3.418 v rebuffer3557/X (sky130_fd_sc_hd__buf_6)
   0.168    3.586 ^ _17162_/Y (sky130_fd_sc_hd__nor3_4)
   0.098    3.684 ^ wire437/X (sky130_fd_sc_hd__buf_6)
   0.151    3.835 ^ output109/X (sky130_fd_sc_hd__buf_2)
   0.001    3.836 ^ d_req_valid (out)
            3.836   data arrival time

  10.000   10.000   clock clk (rise edge)
   0.000   10.000   clock network delay (propagated)
  -0.250    9.750   clock uncertainty
   0.000    9.750   clock reconvergence pessimism
  -2.000    7.750   output external delay
            7.750   data required time
-----------------------------------------------------------
            7.750   data required time
           -3.836   data arrival time
-----------------------------------------------------------
            3.914   slack (MET)


NAMED-PATH-END
NAMED-PATH-BEGIN d_rsp_error_to_d_req_valid
Startpoint: d_rsp_error (input port clocked by clk)
Endpoint: d_req_valid (output port clocked by clk)
Path Group: clk
Path Type: max

   Delay     Time   Description
-----------------------------------------------------------
   0.000    0.000   clock clk (rise edge)
   0.000    0.000   clock network delay (propagated)
   2.000    2.000 v input external delay
   0.003    2.003 v d_rsp_error (in)
   0.113    2.116 v input2/X (sky130_fd_sc_hd__buf_2)
   0.136    2.252 v _17149_/Y (sky130_fd_sc_hd__nand2b_2)
   0.084    2.336 v _17150_/X (sky130_fd_sc_hd__o211a_2)
   0.213    2.549 v _17152_/X (sky130_fd_sc_hd__o21a_2)
   0.420    2.969 v _17161_/X (sky130_fd_sc_hd__or4b_4)
   0.109    3.078 v rebuffer3557/X (sky130_fd_sc_hd__buf_6)
   0.168    3.246 ^ _17162_/Y (sky130_fd_sc_hd__nor3_4)
   0.098    3.344 ^ wire437/X (sky130_fd_sc_hd__buf_6)
   0.151    3.495 ^ output109/X (sky130_fd_sc_hd__buf_2)
   0.001    3.495 ^ d_req_valid (out)
            3.495   data arrival time

  10.000   10.000   clock clk (rise edge)
   0.000   10.000   clock network delay (propagated)
  -0.250    9.750   clock uncertainty
   0.000    9.750   clock reconvergence pessimism
  -2.000    7.750   output external delay
            7.750   data required time
-----------------------------------------------------------
            7.750   data required time
           -3.495   data arrival time
-----------------------------------------------------------
            4.255   slack (MET)


NAMED-PATH-END
