NAMED-PATH-BEGIN d_rsp_valid_to_d_req_valid
Startpoint: d_rsp_valid (input port clocked by clk)
Endpoint: d_req_valid (output port clocked by clk)
Path Group: clk
Path Type: max

   Delay     Time   Description
-----------------------------------------------------------
   0.000    0.000   clock clk (rise edge)
   0.000    0.000   clock network delay (propagated)
   2.000    2.000 v input external delay
   0.002    2.002 v d_rsp_valid (in)
   0.129    2.131 v input35/X (sky130_fd_sc_hd__buf_2)
   0.146    2.277 v fanout1866/X (sky130_fd_sc_hd__buf_2)
   0.144    2.421 v fanout1863/X (sky130_fd_sc_hd__buf_2)
   0.292    2.713 v _07801_/X (sky130_fd_sc_hd__or3b_4)
   0.141    2.854 v _07810_/X (sky130_fd_sc_hd__and3_4)
   0.097    2.951 v rebuffer1890/X (sky130_fd_sc_hd__buf_6)
   0.173    3.125 v _07811_/X (sky130_fd_sc_hd__and3b_2)
   0.111    3.236 v output109/X (sky130_fd_sc_hd__buf_6)
   0.001    3.236 v d_req_valid (out)
            3.236   data arrival time

  10.000   10.000   clock clk (rise edge)
   0.000   10.000   clock network delay (propagated)
  -0.250    9.750   clock uncertainty
   0.000    9.750   clock reconvergence pessimism
  -2.000    7.750   output external delay
            7.750   data required time
-----------------------------------------------------------
            7.750   data required time
           -3.236   data arrival time
-----------------------------------------------------------
            4.514   slack (MET)


NAMED-PATH-END
NAMED-PATH-BEGIN d_rsp_error_to_d_req_valid
Startpoint: d_rsp_error (input port clocked by clk)
Endpoint: d_req_valid (output port clocked by clk)
Path Group: clk
Path Type: max

   Delay     Time   Description
-----------------------------------------------------------
   0.000    0.000   clock clk (rise edge)
   0.000    0.000   clock network delay (propagated)
   2.000    2.000 v input external delay
   0.002    2.002 v d_rsp_error (in)
   0.132    2.135 v input2/X (sky130_fd_sc_hd__buf_2)
   0.154    2.289 v _07793_/Y (sky130_fd_sc_hd__nand2b_2)
   0.093    2.382 v _07794_/X (sky130_fd_sc_hd__o211a_2)
   0.165    2.547 ^ _07796_/Y (sky130_fd_sc_hd__o21ai_2)
   0.082    2.629 ^ fanout560/X (sky130_fd_sc_hd__buf_12)
   0.117    2.745 ^ fanout559/X (sky130_fd_sc_hd__buf_8)
   0.140    2.885 ^ _07810_/X (sky130_fd_sc_hd__and3_4)
   0.097    2.983 ^ rebuffer1890/X (sky130_fd_sc_hd__buf_6)
   0.181    3.163 ^ _07811_/X (sky130_fd_sc_hd__and3b_2)
   0.106    3.270 ^ output109/X (sky130_fd_sc_hd__buf_6)
   0.001    3.270 ^ d_req_valid (out)
            3.270   data arrival time

  10.000   10.000   clock clk (rise edge)
   0.000   10.000   clock network delay (propagated)
  -0.250    9.750   clock uncertainty
   0.000    9.750   clock reconvergence pessimism
  -2.000    7.750   output external delay
            7.750   data required time
-----------------------------------------------------------
            7.750   data required time
           -3.270   data arrival time
-----------------------------------------------------------
            4.480   slack (MET)


NAMED-PATH-END
