NAMED-PATH-BEGIN d_rsp_valid_to_d_req_valid
Startpoint: d_rsp_valid (input port clocked by clk)
Endpoint: d_req_valid (output port clocked by clk)
Path Group: clk
Path Type: max

   Delay     Time   Description
-----------------------------------------------------------
   0.000    0.000   clock clk (rise edge)
   0.000    0.000   clock network delay (propagated)
   2.000    2.000 ^ input external delay
   0.014    2.014 ^ d_rsp_valid (in)
   0.112    2.126 ^ input35/X (sky130_fd_sc_hd__clkbuf_2)
   0.154    2.280 ^ wire2924/X (sky130_fd_sc_hd__buf_8)
   0.292    2.572 ^ fanout2920/X (sky130_fd_sc_hd__dlymetal6s4s_1)
   0.083    2.655 v _07634_/Y (sky130_fd_sc_hd__nor2_4)
   0.157    2.812 v fanout1363/X (sky130_fd_sc_hd__buf_6)
   0.161    2.973 v fanout1361/X (sky130_fd_sc_hd__buf_6)
   0.202    3.175 v _07636_/X (sky130_fd_sc_hd__and2_4)
   0.153    3.328 v fanout741/X (sky130_fd_sc_hd__buf_6)
   0.197    3.525 v fanout737/X (sky130_fd_sc_hd__clkbuf_4)
   0.231    3.756 ^ _07639_/Y (sky130_fd_sc_hd__nor3b_4)
   0.197    3.953 ^ fanout551/X (sky130_fd_sc_hd__buf_6)
   0.371    4.324 ^ _07640_/X (sky130_fd_sc_hd__and3b_2)
   0.185    4.509 ^ output109/X (sky130_fd_sc_hd__buf_8)
   0.002    4.511 ^ d_req_valid (out)
            4.511   data arrival time

  10.000   10.000   clock clk (rise edge)
   0.000   10.000   clock network delay (propagated)
  -0.250    9.750   clock uncertainty
   0.000    9.750   clock reconvergence pessimism
  -2.000    7.750   output external delay
            7.750   data required time
-----------------------------------------------------------
            7.750   data required time
           -4.511   data arrival time
-----------------------------------------------------------
            3.239   slack (MET)


NAMED-PATH-END
NAMED-PATH-BEGIN d_rsp_error_to_d_req_valid
Startpoint: d_rsp_error (input port clocked by clk)
Endpoint: d_req_valid (output port clocked by clk)
Path Group: clk
Path Type: max

   Delay     Time   Description
-----------------------------------------------------------
   0.000    0.000   clock clk (rise edge)
   0.000    0.000   clock network delay (propagated)
   2.000    2.000 v input external delay
   0.005    2.005 v d_rsp_error (in)
   0.197    2.202 v input2/X (sky130_fd_sc_hd__buf_2)
   0.246    2.448 v _07628_/Y (sky130_fd_sc_hd__nand2b_2)
   0.188    2.635 v _07629_/X (sky130_fd_sc_hd__o211a_2)
   0.417    3.052 ^ _07631_/Y (sky130_fd_sc_hd__o21ai_4)
   0.299    3.351 ^ _07639_/Y (sky130_fd_sc_hd__nor3b_4)
   0.197    3.548 ^ fanout551/X (sky130_fd_sc_hd__buf_6)
   0.371    3.920 ^ _07640_/X (sky130_fd_sc_hd__and3b_2)
   0.185    4.104 ^ output109/X (sky130_fd_sc_hd__buf_8)
   0.002    4.106 ^ d_req_valid (out)
            4.106   data arrival time

  10.000   10.000   clock clk (rise edge)
   0.000   10.000   clock network delay (propagated)
  -0.250    9.750   clock uncertainty
   0.000    9.750   clock reconvergence pessimism
  -2.000    7.750   output external delay
            7.750   data required time
-----------------------------------------------------------
            7.750   data required time
           -4.106   data arrival time
-----------------------------------------------------------
            3.644   slack (MET)


NAMED-PATH-END
