NAMED-PATH-BEGIN d_rsp_valid_to_d_req_valid
Startpoint: d_rsp_valid (input port clocked by clk)
Endpoint: d_req_valid (output port clocked by clk)
Path Group: clk
Path Type: max

   Delay     Time   Description
-----------------------------------------------------------
   0.000    0.000   clock clk (rise edge)
   0.000    0.000   clock network delay (propagated)
   2.000    2.000 ^ input external delay
   0.012    2.012 ^ d_rsp_valid (in)
   0.292    2.304 ^ input35/X (sky130_fd_sc_hd__buf_2)
   0.342    2.646 ^ fanout1862/X (sky130_fd_sc_hd__buf_2)
   0.322    2.968 v _07762_/X (sky130_fd_sc_hd__and4bb_2)
   0.251    3.218 v fanout1026/X (sky130_fd_sc_hd__buf_4)
   0.265    3.483 v fanout1010/X (sky130_fd_sc_hd__clkbuf_4)
   0.191    3.674 ^ _07765_/Y (sky130_fd_sc_hd__nand2_4)
   0.319    3.993 ^ _07770_/X (sky130_fd_sc_hd__and3_4)
   0.192    4.185 ^ fanout435/X (sky130_fd_sc_hd__buf_12)
   0.342    4.527 ^ _07771_/X (sky130_fd_sc_hd__and4_4)
   0.242    4.769 ^ output109/X (sky130_fd_sc_hd__clkbuf_4)
   0.002    4.771 ^ d_req_valid (out)
            4.771   data arrival time

  10.000   10.000   clock clk (rise edge)
   0.000   10.000   clock network delay (propagated)
  -0.250    9.750   clock uncertainty
   0.000    9.750   clock reconvergence pessimism
  -2.000    7.750   output external delay
            7.750   data required time
-----------------------------------------------------------
            7.750   data required time
           -4.771   data arrival time
-----------------------------------------------------------
            2.979   slack (MET)


NAMED-PATH-END
NAMED-PATH-BEGIN d_rsp_error_to_d_req_valid
Startpoint: d_rsp_error (input port clocked by clk)
Endpoint: d_req_valid (output port clocked by clk)
Path Group: clk
Path Type: max

   Delay     Time   Description
-----------------------------------------------------------
   0.000    0.000   clock clk (rise edge)
   0.000    0.000   clock network delay (propagated)
   2.000    2.000 v input external delay
   0.005    2.005 v d_rsp_error (in)
   0.213    2.218 v input2/X (sky130_fd_sc_hd__buf_2)
   0.258    2.477 v _07756_/Y (sky130_fd_sc_hd__nand2b_2)
   0.164    2.641 v _07757_/X (sky130_fd_sc_hd__o211a_2)
   0.291    2.932 ^ _07760_/Y (sky130_fd_sc_hd__o21ai_2)
   0.251    3.183 ^ fanout591/X (sky130_fd_sc_hd__buf_8)
   0.323    3.506 ^ _07770_/X (sky130_fd_sc_hd__and3_4)
   0.192    3.698 ^ fanout435/X (sky130_fd_sc_hd__buf_12)
   0.342    4.040 ^ _07771_/X (sky130_fd_sc_hd__and4_4)
   0.242    4.282 ^ output109/X (sky130_fd_sc_hd__clkbuf_4)
   0.002    4.284 ^ d_req_valid (out)
            4.284   data arrival time

  10.000   10.000   clock clk (rise edge)
   0.000   10.000   clock network delay (propagated)
  -0.250    9.750   clock uncertainty
   0.000    9.750   clock reconvergence pessimism
  -2.000    7.750   output external delay
            7.750   data required time
-----------------------------------------------------------
            7.750   data required time
           -4.284   data arrival time
-----------------------------------------------------------
            3.466   slack (MET)


NAMED-PATH-END
