NAMED-PATH-BEGIN d_rsp_valid_to_d_req_valid
Startpoint: d_rsp_valid (input port clocked by clk)
Endpoint: d_req_valid (output port clocked by clk)
Path Group: clk
Path Type: max

   Delay     Time   Description
-----------------------------------------------------------
   0.000    0.000   clock clk (rise edge)
   0.000    0.000   clock network delay (propagated)
   2.000    2.000 ^ input external delay
   0.009    2.009 ^ d_rsp_valid (in)
   0.127    2.136 ^ input35/X (sky130_fd_sc_hd__buf_2)
   0.130    2.266 ^ hold4442/X (sky130_fd_sc_hd__clkbuf_4)
   0.171    2.437 ^ hold4507/X (sky130_fd_sc_hd__clkbuf_1)
   0.192    2.629 ^ fanout3568/X (sky130_fd_sc_hd__buf_2)
   0.188    2.817 ^ fanout3567/X (sky130_fd_sc_hd__buf_2)
   0.157    2.974 v _19357_/X (sky130_fd_sc_hd__and4bb_4)
   0.107    3.081 v fanout1629/X (sky130_fd_sc_hd__buf_6)
   0.107    3.187 v fanout1624/X (sky130_fd_sc_hd__buf_8)
   0.106    3.293 v fanout1623/X (sky130_fd_sc_hd__buf_8)
   0.216    3.509 ^ _19363_/Y (sky130_fd_sc_hd__o31ai_4)
   0.093    3.602 ^ max_cap884/X (sky130_fd_sc_hd__buf_6)
   0.062    3.664 v _19368_/Y (sky130_fd_sc_hd__o211ai_4)
   0.204    3.868 ^ _19369_/Y (sky130_fd_sc_hd__nor3_4)
   0.093    3.961 ^ wire476/X (sky130_fd_sc_hd__buf_6)
   0.088    4.049 ^ output109/X (sky130_fd_sc_hd__buf_8)
   0.002    4.051 ^ d_req_valid (out)
            4.051   data arrival time

  10.000   10.000   clock clk (rise edge)
   0.000   10.000   clock network delay (propagated)
  -0.250    9.750   clock uncertainty
   0.000    9.750   clock reconvergence pessimism
  -2.000    7.750   output external delay
            7.750   data required time
-----------------------------------------------------------
            7.750   data required time
           -4.051   data arrival time
-----------------------------------------------------------
            3.699   slack (MET)


NAMED-PATH-END
NAMED-PATH-BEGIN d_rsp_error_to_d_req_valid
Startpoint: d_rsp_error (input port clocked by clk)
Endpoint: d_req_valid (output port clocked by clk)
Path Group: clk
Path Type: max

   Delay     Time   Description
-----------------------------------------------------------
   0.000    0.000   clock clk (rise edge)
   0.000    0.000   clock network delay (propagated)
   2.000    2.000 v input external delay
   0.004    2.004 v d_rsp_error (in)
   0.050    2.054 v hold7131/X (sky130_fd_sc_hd__clkbuf_1)
   0.105    2.159 v input2/X (sky130_fd_sc_hd__buf_2)
   0.129    2.288 v hold7132/X (sky130_fd_sc_hd__clkbuf_1)
   0.133    2.421 v _19360_/Y (sky130_fd_sc_hd__nand2b_2)
   0.075    2.496 v hold4452/X (sky130_fd_sc_hd__clkbuf_1)
   0.135    2.631 v _19361_/X (sky130_fd_sc_hd__o211a_2)
   0.214    2.844 ^ _19363_/Y (sky130_fd_sc_hd__o31ai_4)
   0.093    2.938 ^ max_cap884/X (sky130_fd_sc_hd__buf_6)
   0.062    3.000 v _19368_/Y (sky130_fd_sc_hd__o211ai_4)
   0.204    3.204 ^ _19369_/Y (sky130_fd_sc_hd__nor3_4)
   0.093    3.297 ^ wire476/X (sky130_fd_sc_hd__buf_6)
   0.088    3.384 ^ output109/X (sky130_fd_sc_hd__buf_8)
   0.002    3.387 ^ d_req_valid (out)
            3.387   data arrival time

  10.000   10.000   clock clk (rise edge)
   0.000   10.000   clock network delay (propagated)
  -0.250    9.750   clock uncertainty
   0.000    9.750   clock reconvergence pessimism
  -2.000    7.750   output external delay
            7.750   data required time
-----------------------------------------------------------
            7.750   data required time
           -3.387   data arrival time
-----------------------------------------------------------
            4.363   slack (MET)


NAMED-PATH-END
