NAMED-PATH-BEGIN d_rsp_valid_to_d_req_valid
Startpoint: d_rsp_valid (input port clocked by clk)
Endpoint: d_req_valid (output port clocked by clk)
Path Group: clk
Path Type: max

   Delay     Time   Description
-----------------------------------------------------------
   0.000    0.000   clock clk (rise edge)
   0.000    0.000   clock network delay (propagated)
   2.000    2.000 ^ input external delay
   0.012    2.012 ^ d_rsp_valid (in)
   0.286    2.297 ^ input35/X (sky130_fd_sc_hd__buf_2)
   0.308    2.606 ^ fanout1860/X (sky130_fd_sc_hd__buf_2)
   0.304    2.909 v _07762_/X (sky130_fd_sc_hd__and4bb_2)
   0.234    3.143 v fanout1017/X (sky130_fd_sc_hd__clkbuf_4)
   0.232    3.375 ^ _07765_/Y (sky130_fd_sc_hd__nand2_2)
   0.248    3.622 ^ _07770_/X (sky130_fd_sc_hd__and3_4)
   0.196    3.818 ^ fanout430/X (sky130_fd_sc_hd__buf_6)
   0.343    4.161 ^ _07771_/X (sky130_fd_sc_hd__and4_4)
   0.239    4.400 ^ output109/X (sky130_fd_sc_hd__clkbuf_4)
   0.001    4.401 ^ d_req_valid (out)
            4.401   data arrival time

  10.000   10.000   clock clk (rise edge)
   0.000   10.000   clock network delay (propagated)
  -0.250    9.750   clock uncertainty
   0.000    9.750   clock reconvergence pessimism
  -2.000    7.750   output external delay
            7.750   data required time
-----------------------------------------------------------
            7.750   data required time
           -4.401   data arrival time
-----------------------------------------------------------
            3.349   slack (MET)


NAMED-PATH-END
NAMED-PATH-BEGIN d_rsp_error_to_d_req_valid
Startpoint: d_rsp_error (input port clocked by clk)
Endpoint: d_req_valid (output port clocked by clk)
Path Group: clk
Path Type: max

   Delay     Time   Description
-----------------------------------------------------------
   0.000    0.000   clock clk (rise edge)
   0.000    0.000   clock network delay (propagated)
   2.000    2.000 v input external delay
   0.005    2.005 v d_rsp_error (in)
   0.234    2.239 v input2/X (sky130_fd_sc_hd__buf_2)
   0.269    2.507 v _07756_/Y (sky130_fd_sc_hd__nand2b_2)
   0.163    2.671 v _07757_/X (sky130_fd_sc_hd__o211a_2)
   0.310    2.980 ^ _07760_/Y (sky130_fd_sc_hd__o21ai_2)
   0.182    3.163 ^ fanout587/X (sky130_fd_sc_hd__buf_12)
   0.199    3.362 ^ _07770_/X (sky130_fd_sc_hd__and3_4)
   0.196    3.558 ^ fanout430/X (sky130_fd_sc_hd__buf_6)
   0.343    3.901 ^ _07771_/X (sky130_fd_sc_hd__and4_4)
   0.239    4.140 ^ output109/X (sky130_fd_sc_hd__clkbuf_4)
   0.001    4.141 ^ d_req_valid (out)
            4.141   data arrival time

  10.000   10.000   clock clk (rise edge)
   0.000   10.000   clock network delay (propagated)
  -0.250    9.750   clock uncertainty
   0.000    9.750   clock reconvergence pessimism
  -2.000    7.750   output external delay
            7.750   data required time
-----------------------------------------------------------
            7.750   data required time
           -4.141   data arrival time
-----------------------------------------------------------
            3.609   slack (MET)


NAMED-PATH-END
