NAMED-PATH-BEGIN d_rsp_valid_to_d_req_valid
Startpoint: d_rsp_valid (input port clocked by clk)
Endpoint: d_req_valid (output port clocked by clk)
Path Group: clk
Path Type: max

   Delay     Time   Description
-----------------------------------------------------------
   0.000    0.000   clock clk (rise edge)
   0.000    0.000   clock network delay (propagated)
   2.000    2.000 ^ input external delay
   0.008    2.008 ^ d_rsp_valid (in)
   0.197    2.206 ^ input35/X (sky130_fd_sc_hd__buf_2)
   0.189    2.395 ^ fanout1860/X (sky130_fd_sc_hd__buf_2)
   0.178    2.573 v _07762_/X (sky130_fd_sc_hd__and4bb_2)
   0.156    2.729 v fanout1017/X (sky130_fd_sc_hd__clkbuf_4)
   0.164    2.894 ^ _07765_/Y (sky130_fd_sc_hd__nand2_2)
   0.143    3.036 ^ _07770_/X (sky130_fd_sc_hd__and3_4)
   0.132    3.169 ^ fanout430/X (sky130_fd_sc_hd__buf_6)
   0.200    3.369 ^ _07771_/X (sky130_fd_sc_hd__and4_4)
   0.156    3.525 ^ output109/X (sky130_fd_sc_hd__clkbuf_4)
   0.001    3.526 ^ d_req_valid (out)
            3.526   data arrival time

  10.000   10.000   clock clk (rise edge)
   0.000   10.000   clock network delay (propagated)
  -0.250    9.750   clock uncertainty
   0.000    9.750   clock reconvergence pessimism
  -2.000    7.750   output external delay
            7.750   data required time
-----------------------------------------------------------
            7.750   data required time
           -3.526   data arrival time
-----------------------------------------------------------
            4.224   slack (MET)


NAMED-PATH-END
NAMED-PATH-BEGIN d_rsp_error_to_d_req_valid
Startpoint: d_rsp_error (input port clocked by clk)
Endpoint: d_req_valid (output port clocked by clk)
Path Group: clk
Path Type: max

   Delay     Time   Description
-----------------------------------------------------------
   0.000    0.000   clock clk (rise edge)
   0.000    0.000   clock network delay (propagated)
   2.000    2.000 v input external delay
   0.002    2.002 v d_rsp_error (in)
   0.151    2.154 v input2/X (sky130_fd_sc_hd__buf_2)
   0.164    2.317 v _07756_/Y (sky130_fd_sc_hd__nand2b_2)
   0.102    2.420 v _07757_/X (sky130_fd_sc_hd__o211a_2)
   0.207    2.626 ^ _07760_/Y (sky130_fd_sc_hd__o21ai_2)
   0.102    2.728 ^ fanout587/X (sky130_fd_sc_hd__buf_12)
   0.117    2.845 ^ _07770_/X (sky130_fd_sc_hd__and3_4)
   0.132    2.977 ^ fanout430/X (sky130_fd_sc_hd__buf_6)
   0.200    3.178 ^ _07771_/X (sky130_fd_sc_hd__and4_4)
   0.156    3.334 ^ output109/X (sky130_fd_sc_hd__clkbuf_4)
   0.001    3.335 ^ d_req_valid (out)
            3.335   data arrival time

  10.000   10.000   clock clk (rise edge)
   0.000   10.000   clock network delay (propagated)
  -0.250    9.750   clock uncertainty
   0.000    9.750   clock reconvergence pessimism
  -2.000    7.750   output external delay
            7.750   data required time
-----------------------------------------------------------
            7.750   data required time
           -3.335   data arrival time
-----------------------------------------------------------
            4.415   slack (MET)


NAMED-PATH-END
