NAMED-PATH-BEGIN d_rsp_valid_to_d_req_valid
Startpoint: d_rsp_valid (input port clocked by clk)
Endpoint: d_req_valid (output port clocked by clk)
Path Group: clk
Path Type: max

   Delay     Time   Description
-----------------------------------------------------------
   0.000    0.000   clock clk (rise edge)
   0.000    0.000   clock network delay (propagated)
   2.000    2.000 ^ input external delay
   0.068    2.068 ^ d_rsp_valid (in)
   0.257    2.325 ^ hold3706/X (sky130_fd_sc_hd__clkbuf_1)
   0.437    2.762 ^ input35/X (sky130_fd_sc_hd__buf_2)
   0.359    3.122 ^ wire2850/X (sky130_fd_sc_hd__buf_12)
   0.139    3.261 v _14250_/Y (sky130_fd_sc_hd__nor2_4)
   0.231    3.492 v fanout1278/X (sky130_fd_sc_hd__buf_12)
   0.295    3.787 v fanout1273/X (sky130_fd_sc_hd__buf_6)
   0.261    4.048 v fanout1272/X (sky130_fd_sc_hd__buf_12)
   0.258    4.306 v fanout1271/X (sky130_fd_sc_hd__buf_6)
   0.383    4.690 ^ _14254_/Y (sky130_fd_sc_hd__o31ai_4)
   0.313    5.003 ^ max_cap769/X (sky130_fd_sc_hd__buf_6)
   0.206    5.209 v _14259_/Y (sky130_fd_sc_hd__o211ai_4)
   1.090    6.299 ^ _14261_/X (sky130_fd_sc_hd__and4bb_4)
   0.342    6.641 ^ output109/X (sky130_fd_sc_hd__buf_8)
   0.002    6.643 ^ d_req_valid (out)
            6.643   data arrival time

  10.000   10.000   clock clk (rise edge)
   0.000   10.000   clock network delay (propagated)
  -0.250    9.750   clock uncertainty
   0.000    9.750   clock reconvergence pessimism
  -2.000    7.750   output external delay
            7.750   data required time
-----------------------------------------------------------
            7.750   data required time
           -6.643   data arrival time
-----------------------------------------------------------
            1.107   slack (MET)


NAMED-PATH-END
NAMED-PATH-BEGIN d_rsp_error_to_d_req_valid
Startpoint: d_rsp_error (input port clocked by clk)
Endpoint: d_req_valid (output port clocked by clk)
Path Group: clk
Path Type: max

   Delay     Time   Description
-----------------------------------------------------------
   0.000    0.000   clock clk (rise edge)
   0.000    0.000   clock network delay (propagated)
   2.000    2.000 v input external delay
   0.038    2.038 v d_rsp_error (in)
   0.209    2.247 v hold3650/X (sky130_fd_sc_hd__clkbuf_1)
   0.334    2.581 v input2/X (sky130_fd_sc_hd__buf_2)
   0.332    2.913 v hold3651/X (sky130_fd_sc_hd__clkbuf_1)
   0.499    3.412 v _14245_/Y (sky130_fd_sc_hd__nand2b_2)
   0.344    3.757 v _14246_/X (sky130_fd_sc_hd__o211a_2)
   0.489    4.246 ^ _14254_/Y (sky130_fd_sc_hd__o31ai_4)
   0.313    4.559 ^ max_cap769/X (sky130_fd_sc_hd__buf_6)
   0.206    4.766 v _14259_/Y (sky130_fd_sc_hd__o211ai_4)
   1.090    5.856 ^ _14261_/X (sky130_fd_sc_hd__and4bb_4)
   0.342    6.198 ^ output109/X (sky130_fd_sc_hd__buf_8)
   0.002    6.199 ^ d_req_valid (out)
            6.199   data arrival time

  10.000   10.000   clock clk (rise edge)
   0.000   10.000   clock network delay (propagated)
  -0.250    9.750   clock uncertainty
   0.000    9.750   clock reconvergence pessimism
  -2.000    7.750   output external delay
            7.750   data required time
-----------------------------------------------------------
            7.750   data required time
           -6.199   data arrival time
-----------------------------------------------------------
            1.551   slack (MET)


NAMED-PATH-END
