NAMED-PATH-BEGIN d_rsp_valid_to_d_req_valid
Startpoint: d_rsp_valid (input port clocked by clk)
Endpoint: d_req_valid (output port clocked by clk)
Path Group: clk
Path Type: max

   Delay     Time   Description
-----------------------------------------------------------
   0.000    0.000   clock clk (rise edge)
   0.000    0.000   clock network delay (propagated)
   2.000    2.000 ^ input external delay
   0.010    2.010 ^ d_rsp_valid (in)
   0.188    2.198 ^ input35/X (sky130_fd_sc_hd__buf_1)
   0.241    2.439 ^ _07842_/Y (sky130_fd_sc_hd__nand2b_2)
   0.190    2.629 ^ fanout1245/X (sky130_fd_sc_hd__clkbuf_2)
   0.174    2.803 v _07846_/X (sky130_fd_sc_hd__and4bb_4)
   0.173    2.976 v fanout1139/X (sky130_fd_sc_hd__clkbuf_4)
   0.098    3.073 ^ _07848_/Y (sky130_fd_sc_hd__a221oi_2)
   0.113    3.186 v _07849_/Y (sky130_fd_sc_hd__nand4_2)
   0.325    3.511 ^ _07850_/X (sky130_fd_sc_hd__and4b_2)
   0.066    3.576 ^ output109/X (sky130_fd_sc_hd__clkbuf_1)
   0.135    3.711 ^ wire327/X (sky130_fd_sc_hd__clkbuf_4)
   0.001    3.712 ^ d_req_valid (out)
            3.712   data arrival time

  10.000   10.000   clock clk (rise edge)
   0.000   10.000   clock network delay (propagated)
  -0.250    9.750   clock uncertainty
   0.000    9.750   clock reconvergence pessimism
  -2.000    7.750   output external delay
            7.750   data required time
-----------------------------------------------------------
            7.750   data required time
           -3.712   data arrival time
-----------------------------------------------------------
            4.038   slack (MET)


NAMED-PATH-END
NAMED-PATH-BEGIN d_rsp_error_to_d_req_valid
Startpoint: d_rsp_error (input port clocked by clk)
Endpoint: d_req_valid (output port clocked by clk)
Path Group: clk
Path Type: max

   Delay     Time   Description
-----------------------------------------------------------
   0.000    0.000   clock clk (rise edge)
   0.000    0.000   clock network delay (propagated)
   2.000    2.000 v input external delay
   0.003    2.003 v d_rsp_error (in)
   0.153    2.155 v input2/X (sky130_fd_sc_hd__buf_1)
   0.181    2.336 v _07832_/Y (sky130_fd_sc_hd__nand2b_2)
   0.105    2.441 v _07833_/X (sky130_fd_sc_hd__o211a_2)
   0.165    2.607 ^ _07835_/Y (sky130_fd_sc_hd__o21ai_4)
   0.119    2.725 ^ wire738/X (sky130_fd_sc_hd__buf_6)
   0.105    2.830 v _07849_/Y (sky130_fd_sc_hd__nand4_2)
   0.325    3.155 ^ _07850_/X (sky130_fd_sc_hd__and4b_2)
   0.066    3.221 ^ output109/X (sky130_fd_sc_hd__clkbuf_1)
   0.135    3.355 ^ wire327/X (sky130_fd_sc_hd__clkbuf_4)
   0.001    3.356 ^ d_req_valid (out)
            3.356   data arrival time

  10.000   10.000   clock clk (rise edge)
   0.000   10.000   clock network delay (propagated)
  -0.250    9.750   clock uncertainty
   0.000    9.750   clock reconvergence pessimism
  -2.000    7.750   output external delay
            7.750   data required time
-----------------------------------------------------------
            7.750   data required time
           -3.356   data arrival time
-----------------------------------------------------------
            4.394   slack (MET)


NAMED-PATH-END
