NAMED-PATH-BEGIN d_rsp_valid_to_d_req_valid
Startpoint: d_rsp_valid (input port clocked by clk)
Endpoint: d_req_valid (output port clocked by clk)
Path Group: clk
Path Type: max

   Delay     Time   Description
-----------------------------------------------------------
   0.000    0.000   clock clk (rise edge)
   0.000    0.000   clock network delay (propagated)
   2.000    2.000 ^ input external delay
   0.010    2.010 ^ d_rsp_valid (in)
   0.051    2.061 ^ hold7095/X (sky130_fd_sc_hd__clkbuf_1)
   0.096    2.157 ^ input35/X (sky130_fd_sc_hd__clkbuf_4)
   0.122    2.279 ^ wire3038/X (sky130_fd_sc_hd__buf_12)
   0.207    2.486 ^ fanout3037/X (sky130_fd_sc_hd__buf_2)
   0.203    2.689 ^ fanout3036/X (sky130_fd_sc_hd__buf_2)
   0.048    2.737 v _14918_/Y (sky130_fd_sc_hd__nor2_4)
   0.095    2.832 v fanout1352/X (sky130_fd_sc_hd__buf_12)
   0.082    2.913 v fanout1350/X (sky130_fd_sc_hd__buf_12)
   0.283    3.196 ^ _14925_/Y (sky130_fd_sc_hd__o31ai_4)
   0.083    3.279 v _14932_/Y (sky130_fd_sc_hd__o2111ai_4)
   0.216    3.495 ^ _14933_/Y (sky130_fd_sc_hd__nor3_4)
   0.101    3.596 ^ wire423/X (sky130_fd_sc_hd__buf_6)
   0.089    3.686 ^ output109/X (sky130_fd_sc_hd__buf_8)
   0.001    3.686 ^ d_req_valid (out)
            3.686   data arrival time

  10.000   10.000   clock clk (rise edge)
   0.000   10.000   clock network delay (propagated)
  -0.250    9.750   clock uncertainty
   0.000    9.750   clock reconvergence pessimism
  -2.000    7.750   output external delay
            7.750   data required time
-----------------------------------------------------------
            7.750   data required time
           -3.686   data arrival time
-----------------------------------------------------------
            4.064   slack (MET)


NAMED-PATH-END
NAMED-PATH-BEGIN d_rsp_error_to_d_req_valid
Startpoint: d_rsp_error (input port clocked by clk)
Endpoint: d_req_valid (output port clocked by clk)
Path Group: clk
Path Type: max

   Delay     Time   Description
-----------------------------------------------------------
   0.000    0.000   clock clk (rise edge)
   0.000    0.000   clock network delay (propagated)
   2.000    2.000 v input external delay
   0.003    2.003 v d_rsp_error (in)
   0.049    2.052 v hold3858/X (sky130_fd_sc_hd__clkbuf_1)
   0.078    2.130 v input2/X (sky130_fd_sc_hd__clkbuf_2)
   0.108    2.238 v hold3859/X (sky130_fd_sc_hd__clkbuf_1)
   0.121    2.359 v wire3042/X (sky130_fd_sc_hd__buf_12)
   0.136    2.495 v _14922_/Y (sky130_fd_sc_hd__nand2b_2)
   0.131    2.626 v _14923_/X (sky130_fd_sc_hd__o211a_2)
   0.272    2.898 ^ _14925_/Y (sky130_fd_sc_hd__o31ai_4)
   0.083    2.981 v _14932_/Y (sky130_fd_sc_hd__o2111ai_4)
   0.216    3.197 ^ _14933_/Y (sky130_fd_sc_hd__nor3_4)
   0.101    3.298 ^ wire423/X (sky130_fd_sc_hd__buf_6)
   0.089    3.387 ^ output109/X (sky130_fd_sc_hd__buf_8)
   0.001    3.388 ^ d_req_valid (out)
            3.388   data arrival time

  10.000   10.000   clock clk (rise edge)
   0.000   10.000   clock network delay (propagated)
  -0.250    9.750   clock uncertainty
   0.000    9.750   clock reconvergence pessimism
  -2.000    7.750   output external delay
            7.750   data required time
-----------------------------------------------------------
            7.750   data required time
           -3.388   data arrival time
-----------------------------------------------------------
            4.362   slack (MET)


NAMED-PATH-END
