NAMED-PATH-BEGIN d_rsp_valid_to_d_req_valid
Startpoint: d_rsp_valid (input port clocked by clk)
Endpoint: d_req_valid (output port clocked by clk)
Path Group: clk
Path Type: max

   Delay     Time   Description
-----------------------------------------------------------
   0.000    0.000   clock clk (rise edge)
   0.000    0.000   clock network delay (propagated)
   2.000    2.000 ^ input external delay
   0.009    2.009 ^ d_rsp_valid (in)
   0.181    2.190 ^ input35/X (sky130_fd_sc_hd__buf_2)
   0.200    2.390 ^ fanout3416/X (sky130_fd_sc_hd__buf_2)
   0.127    2.517 ^ _17154_/Y (sky130_fd_sc_hd__nand2b_2)
   0.158    2.675 ^ fanout1754/X (sky130_fd_sc_hd__clkbuf_4)
   0.236    2.911 v _17159_/X (sky130_fd_sc_hd__and4bb_4)
   0.150    3.061 v fanout1292/X (sky130_fd_sc_hd__buf_6)
   0.397    3.458 v _17161_/X (sky130_fd_sc_hd__or4b_4)
   0.120    3.578 v rebuffer3423/X (sky130_fd_sc_hd__buf_6)
   0.193    3.771 ^ _17162_/Y (sky130_fd_sc_hd__nor3_4)
   0.101    3.871 ^ wire429/X (sky130_fd_sc_hd__buf_6)
   0.154    4.025 ^ output109/X (sky130_fd_sc_hd__buf_2)
   0.002    4.027 ^ d_req_valid (out)
            4.027   data arrival time

  10.000   10.000   clock clk (rise edge)
   0.000   10.000   clock network delay (propagated)
  -0.250    9.750   clock uncertainty
   0.000    9.750   clock reconvergence pessimism
  -2.000    7.750   output external delay
            7.750   data required time
-----------------------------------------------------------
            7.750   data required time
           -4.027   data arrival time
-----------------------------------------------------------
            3.723   slack (MET)


NAMED-PATH-END
NAMED-PATH-BEGIN d_rsp_error_to_d_req_valid
Startpoint: d_rsp_error (input port clocked by clk)
Endpoint: d_req_valid (output port clocked by clk)
Path Group: clk
Path Type: max

   Delay     Time   Description
-----------------------------------------------------------
   0.000    0.000   clock clk (rise edge)
   0.000    0.000   clock network delay (propagated)
   2.000    2.000 v input external delay
   0.004    2.004 v d_rsp_error (in)
   0.117    2.121 v input2/X (sky130_fd_sc_hd__buf_2)
   0.143    2.263 v _17149_/Y (sky130_fd_sc_hd__nand2b_2)
   0.086    2.350 v _17150_/X (sky130_fd_sc_hd__o211a_2)
   0.216    2.566 v _17152_/X (sky130_fd_sc_hd__o21a_2)
   0.440    3.006 v _17161_/X (sky130_fd_sc_hd__or4b_4)
   0.120    3.127 v rebuffer3423/X (sky130_fd_sc_hd__buf_6)
   0.193    3.319 ^ _17162_/Y (sky130_fd_sc_hd__nor3_4)
   0.101    3.420 ^ wire429/X (sky130_fd_sc_hd__buf_6)
   0.154    3.574 ^ output109/X (sky130_fd_sc_hd__buf_2)
   0.002    3.576 ^ d_req_valid (out)
            3.576   data arrival time

  10.000   10.000   clock clk (rise edge)
   0.000   10.000   clock network delay (propagated)
  -0.250    9.750   clock uncertainty
   0.000    9.750   clock reconvergence pessimism
  -2.000    7.750   output external delay
            7.750   data required time
-----------------------------------------------------------
            7.750   data required time
           -3.576   data arrival time
-----------------------------------------------------------
            4.174   slack (MET)


NAMED-PATH-END
