NAMED-PATH-BEGIN d_rsp_valid_to_d_req_valid
Startpoint: d_rsp_valid (input port clocked by clk)
Endpoint: d_req_valid (output port clocked by clk)
Path Group: clk
Path Type: max

   Delay     Time   Description
-----------------------------------------------------------
   0.000    0.000   clock clk (rise edge)
   0.000    0.000   clock network delay (propagated)
   2.000    2.000 ^ input external delay
   0.020    2.020 ^ d_rsp_valid (in)
   0.094    2.115 ^ hold3774/X (sky130_fd_sc_hd__clkbuf_1)
   0.112    2.226 ^ input35/X (sky130_fd_sc_hd__clkbuf_2)
   0.171    2.397 ^ hold3775/X (sky130_fd_sc_hd__clkbuf_1)
   0.121    2.518 ^ wire2877/X (sky130_fd_sc_hd__buf_12)
   0.050    2.568 v _14250_/Y (sky130_fd_sc_hd__nor2_4)
   0.088    2.656 v fanout1286/X (sky130_fd_sc_hd__buf_12)
   0.089    2.745 v fanout1285/X (sky130_fd_sc_hd__buf_12)
   0.104    2.849 v fanout1284/X (sky130_fd_sc_hd__buf_12)
   0.213    3.062 ^ _14254_/Y (sky130_fd_sc_hd__o31ai_4)
   0.043    3.105 v _14259_/Y (sky130_fd_sc_hd__o211ai_4)
   0.090    3.195 v rebuffer3123/X (sky130_fd_sc_hd__buf_6)
   0.246    3.441 ^ _14261_/X (sky130_fd_sc_hd__and4bb_4)
   0.099    3.540 ^ output109/X (sky130_fd_sc_hd__buf_8)
   0.001    3.541 ^ d_req_valid (out)
            3.541   data arrival time

  10.000   10.000   clock clk (rise edge)
   0.000   10.000   clock network delay (propagated)
  -0.250    9.750   clock uncertainty
   0.000    9.750   clock reconvergence pessimism
  -2.000    7.750   output external delay
            7.750   data required time
-----------------------------------------------------------
            7.750   data required time
           -3.541   data arrival time
-----------------------------------------------------------
            4.209   slack (MET)


NAMED-PATH-END
NAMED-PATH-BEGIN d_rsp_error_to_d_req_valid
Startpoint: d_rsp_error (input port clocked by clk)
Endpoint: d_req_valid (output port clocked by clk)
Path Group: clk
Path Type: max

   Delay     Time   Description
-----------------------------------------------------------
   0.000    0.000   clock clk (rise edge)
   0.000    0.000   clock network delay (propagated)
   2.000    2.000 v input external delay
   0.008    2.008 v d_rsp_error (in)
   0.062    2.070 v hold3690/X (sky130_fd_sc_hd__clkbuf_1)
   0.101    2.171 v input2/X (sky130_fd_sc_hd__buf_2)
   0.104    2.275 v hold3691/X (sky130_fd_sc_hd__clkbuf_1)
   0.142    2.417 v _14245_/Y (sky130_fd_sc_hd__nand2b_2)
   0.122    2.539 v _14246_/X (sky130_fd_sc_hd__o211a_2)
   0.256    2.795 ^ _14254_/Y (sky130_fd_sc_hd__o31ai_4)
   0.043    2.838 v _14259_/Y (sky130_fd_sc_hd__o211ai_4)
   0.090    2.928 v rebuffer3123/X (sky130_fd_sc_hd__buf_6)
   0.246    3.174 ^ _14261_/X (sky130_fd_sc_hd__and4bb_4)
   0.099    3.273 ^ output109/X (sky130_fd_sc_hd__buf_8)
   0.001    3.274 ^ d_req_valid (out)
            3.274   data arrival time

  10.000   10.000   clock clk (rise edge)
   0.000   10.000   clock network delay (propagated)
  -0.250    9.750   clock uncertainty
   0.000    9.750   clock reconvergence pessimism
  -2.000    7.750   output external delay
            7.750   data required time
-----------------------------------------------------------
            7.750   data required time
           -3.274   data arrival time
-----------------------------------------------------------
            4.476   slack (MET)


NAMED-PATH-END
