NAMED-PATH-BEGIN d_rsp_valid_to_d_req_valid
Startpoint: d_rsp_valid (input port clocked by clk)
Endpoint: d_req_valid (output port clocked by clk)
Path Group: clk
Path Type: max

   Delay     Time   Description
-----------------------------------------------------------
   0.000    0.000   clock clk (rise edge)
   0.000    0.000   clock network delay (propagated)
   2.000    2.000 v input external delay
   0.010    2.010 v d_rsp_valid (in)
   0.384    2.394 v input35/X (sky130_fd_sc_hd__buf_2)
   0.453    2.847 v fanout1866/X (sky130_fd_sc_hd__buf_2)
   0.439    3.286 v fanout1863/X (sky130_fd_sc_hd__buf_2)
   0.943    4.229 v _07801_/X (sky130_fd_sc_hd__or3b_4)
   0.404    4.633 v _07810_/X (sky130_fd_sc_hd__and3_4)
   0.270    4.903 v rebuffer1890/X (sky130_fd_sc_hd__buf_6)
   0.563    5.466 v _07811_/X (sky130_fd_sc_hd__and3b_2)
   0.313    5.778 v output109/X (sky130_fd_sc_hd__buf_6)
   0.001    5.779 v d_req_valid (out)
            5.779   data arrival time

  10.000   10.000   clock clk (rise edge)
   0.000   10.000   clock network delay (propagated)
  -0.250    9.750   clock uncertainty
   0.000    9.750   clock reconvergence pessimism
  -2.000    7.750   output external delay
            7.750   data required time
-----------------------------------------------------------
            7.750   data required time
           -5.779   data arrival time
-----------------------------------------------------------
            1.971   slack (MET)


NAMED-PATH-END
NAMED-PATH-BEGIN d_rsp_error_to_d_req_valid
Startpoint: d_rsp_error (input port clocked by clk)
Endpoint: d_req_valid (output port clocked by clk)
Path Group: clk
Path Type: max

   Delay     Time   Description
-----------------------------------------------------------
   0.000    0.000   clock clk (rise edge)
   0.000    0.000   clock network delay (propagated)
   2.000    2.000 v input external delay
   0.010    2.010 v d_rsp_error (in)
   0.399    2.408 v input2/X (sky130_fd_sc_hd__buf_2)
   0.518    2.926 v _07793_/Y (sky130_fd_sc_hd__nand2b_2)
   0.288    3.214 v _07794_/X (sky130_fd_sc_hd__o211a_2)
   0.411    3.625 ^ _07796_/Y (sky130_fd_sc_hd__o21ai_2)
   0.308    3.933 ^ fanout560/X (sky130_fd_sc_hd__buf_12)
   0.294    4.227 ^ fanout559/X (sky130_fd_sc_hd__buf_8)
   0.511    4.738 ^ _07810_/X (sky130_fd_sc_hd__and3_4)
   0.280    5.017 ^ rebuffer1890/X (sky130_fd_sc_hd__buf_6)
   0.581    5.599 ^ _07811_/X (sky130_fd_sc_hd__and3b_2)
   0.322    5.920 ^ output109/X (sky130_fd_sc_hd__buf_6)
   0.001    5.921 ^ d_req_valid (out)
            5.921   data arrival time

  10.000   10.000   clock clk (rise edge)
   0.000   10.000   clock network delay (propagated)
  -0.250    9.750   clock uncertainty
   0.000    9.750   clock reconvergence pessimism
  -2.000    7.750   output external delay
            7.750   data required time
-----------------------------------------------------------
            7.750   data required time
           -5.921   data arrival time
-----------------------------------------------------------
            1.829   slack (MET)


NAMED-PATH-END
