NAMED-PATH-BEGIN d_rsp_valid_to_d_req_valid
Startpoint: d_rsp_valid (input port clocked by clk)
Endpoint: d_req_valid (output port clocked by clk)
Path Group: clk
Path Type: max

   Delay     Time   Description
-----------------------------------------------------------
   0.000    0.000   clock clk (rise edge)
   0.000    0.000   clock network delay (propagated)
   2.000    2.000 ^ input external delay
   0.020    2.020 ^ d_rsp_valid (in)
   0.508    2.528 ^ input35/X (sky130_fd_sc_hd__clkbuf_2)
   0.618    3.146 ^ fanout3018/X (sky130_fd_sc_hd__clkbuf_2)
   0.578    3.724 v _07762_/X (sky130_fd_sc_hd__and4bb_4)
   0.348    4.072 v fanout1533/X (sky130_fd_sc_hd__clkbuf_4)
   0.313    4.386 v fanout1532/X (sky130_fd_sc_hd__buf_6)
   0.361    4.746 ^ _07765_/Y (sky130_fd_sc_hd__nand2_2)
   0.572    5.318 ^ _07770_/X (sky130_fd_sc_hd__and3_4)
   0.298    5.616 ^ rebuffer3046/X (sky130_fd_sc_hd__buf_8)
   0.740    6.356 ^ _07771_/X (sky130_fd_sc_hd__and4_4)
   0.310    6.666 ^ output109/X (sky130_fd_sc_hd__buf_8)
   0.001    6.667 ^ d_req_valid (out)
            6.667   data arrival time

  10.000   10.000   clock clk (rise edge)
   0.000   10.000   clock network delay (propagated)
  -0.250    9.750   clock uncertainty
   0.000    9.750   clock reconvergence pessimism
  -2.000    7.750   output external delay
            7.750   data required time
-----------------------------------------------------------
            7.750   data required time
           -6.667   data arrival time
-----------------------------------------------------------
            1.083   slack (MET)


NAMED-PATH-END
NAMED-PATH-BEGIN d_rsp_error_to_d_req_valid
Startpoint: d_rsp_error (input port clocked by clk)
Endpoint: d_req_valid (output port clocked by clk)
Path Group: clk
Path Type: max

   Delay     Time   Description
-----------------------------------------------------------
   0.000    0.000   clock clk (rise edge)
   0.000    0.000   clock network delay (propagated)
   2.000    2.000 v input external delay
   0.014    2.014 v d_rsp_error (in)
   0.418    2.431 v input2/X (sky130_fd_sc_hd__buf_2)
   0.538    2.970 v _07756_/Y (sky130_fd_sc_hd__nand2b_2)
   0.340    3.310 v _07757_/X (sky130_fd_sc_hd__o211a_2)
   0.330    3.640 ^ _07760_/Y (sky130_fd_sc_hd__o21ai_4)
   0.310    3.950 ^ rebuffer4995/X (sky130_fd_sc_hd__buf_6)
   0.328    4.278 ^ load_slew757/X (sky130_fd_sc_hd__buf_4)
   0.499    4.777 ^ _07770_/X (sky130_fd_sc_hd__and3_4)
   0.298    5.074 ^ rebuffer3046/X (sky130_fd_sc_hd__buf_8)
   0.740    5.814 ^ _07771_/X (sky130_fd_sc_hd__and4_4)
   0.310    6.124 ^ output109/X (sky130_fd_sc_hd__buf_8)
   0.001    6.125 ^ d_req_valid (out)
            6.125   data arrival time

  10.000   10.000   clock clk (rise edge)
   0.000   10.000   clock network delay (propagated)
  -0.250    9.750   clock uncertainty
   0.000    9.750   clock reconvergence pessimism
  -2.000    7.750   output external delay
            7.750   data required time
-----------------------------------------------------------
            7.750   data required time
           -6.125   data arrival time
-----------------------------------------------------------
            1.625   slack (MET)


NAMED-PATH-END
