NAMED-PATH-BEGIN d_rsp_valid_to_d_req_valid
Startpoint: d_rsp_valid (input port clocked by clk)
Endpoint: d_req_valid (output port clocked by clk)
Path Group: clk
Path Type: max

   Delay     Time   Description
-----------------------------------------------------------
   0.000    0.000   clock clk (rise edge)
   0.000    0.000   clock network delay (propagated)
   2.000    2.000 ^ input external delay
   0.018    2.018 ^ d_rsp_valid (in)
   0.579    2.597 ^ input35/X (sky130_fd_sc_hd__dlymetal6s4s_1)
   0.569    3.165 ^ _07842_/Y (sky130_fd_sc_hd__nand2b_4)
   0.490    3.655 ^ fanout1038/X (sky130_fd_sc_hd__buf_2)
   0.493    4.147 v _07846_/X (sky130_fd_sc_hd__and4bb_4)
   0.472    4.620 v fanout944/X (sky130_fd_sc_hd__clkbuf_4)
   0.520    5.140 ^ _07848_/Y (sky130_fd_sc_hd__a221oi_2)
   0.367    5.507 v _07849_/Y (sky130_fd_sc_hd__nand4_4)
   1.002    6.508 ^ _07850_/X (sky130_fd_sc_hd__and4b_2)
   1.589    8.097 ^ output109/X (sky130_fd_sc_hd__dlygate4sd3_1)
   0.002    8.099 ^ d_req_valid (out)
            8.099   data arrival time

  10.000   10.000   clock clk (rise edge)
   0.000   10.000   clock network delay (propagated)
  -0.250    9.750   clock uncertainty
   0.000    9.750   clock reconvergence pessimism
  -2.000    7.750   output external delay
            7.750   data required time
-----------------------------------------------------------
            7.750   data required time
           -8.099   data arrival time
-----------------------------------------------------------
           -0.349   slack (VIOLATED)


NAMED-PATH-END
NAMED-PATH-BEGIN d_rsp_error_to_d_req_valid
Startpoint: d_rsp_error (input port clocked by clk)
Endpoint: d_req_valid (output port clocked by clk)
Path Group: clk
Path Type: max

   Delay     Time   Description
-----------------------------------------------------------
   0.000    0.000   clock clk (rise edge)
   0.000    0.000   clock network delay (propagated)
   2.000    2.000 v input external delay
   0.010    2.010 v d_rsp_error (in)
   0.844    2.854 v input2/X (sky130_fd_sc_hd__dlymetal6s4s_1)
   0.628    3.481 v _07832_/Y (sky130_fd_sc_hd__nand2b_2)
   0.332    3.813 v _07833_/X (sky130_fd_sc_hd__o211a_2)
   0.366    4.180 ^ _07835_/Y (sky130_fd_sc_hd__o21ai_4)
   0.333    4.513 ^ load_slew592/X (sky130_fd_sc_hd__buf_6)
   0.279    4.792 v _07849_/Y (sky130_fd_sc_hd__nand4_4)
   1.002    5.793 ^ _07850_/X (sky130_fd_sc_hd__and4b_2)
   1.589    7.382 ^ output109/X (sky130_fd_sc_hd__dlygate4sd3_1)
   0.002    7.384 ^ d_req_valid (out)
            7.384   data arrival time

  10.000   10.000   clock clk (rise edge)
   0.000   10.000   clock network delay (propagated)
  -0.250    9.750   clock uncertainty
   0.000    9.750   clock reconvergence pessimism
  -2.000    7.750   output external delay
            7.750   data required time
-----------------------------------------------------------
            7.750   data required time
           -7.384   data arrival time
-----------------------------------------------------------
            0.366   slack (MET)


NAMED-PATH-END
