NAMED label=d_rsp_valid_to_request slack_ns=6.200 from=block/d_v2_reg/C to=block/d_v1_reg/D levels=2
Copyright 1986-2022 Xilinx, Inc. All Rights Reserved. Copyright 2022-2025 Advanced Micro Devices, Inc. All Rights Reserved.
----------------------------------------------------------------------------------------------------------------------------------------------------------------------------------------------------------------------------------------------------------------------------------------------------------------
| Tool Version : Vivado v.2025.1 (lin64) Build 6140274 Wed May 21 22:58:25 MDT 2025
| Date         : Thu Oct  1 23:40:42 2026
| Host         : gondor running 64-bit Ubuntu 24.04.5 LTS
| Command      : report_timing -of_objects [get_timing_paths -setup -from [get_cells -hier -quiet -filter {NAME =~ *d_v2_reg* && IS_SEQUENTIAL}] -to [get_cells -hier -quiet -filter {(NAME =~ *d_v1_reg* || NAME =~ *d_en_reg* || NAME =~ *ram_reg*) && IS_SEQUENTIAL}] -max_paths 1 -nworst 1] -return_string
| Design       : timing_aster_bram_reqreg
| Device       : 7z020-clg400
| Speed File   : -1  PRODUCTION 1.12 2019-11-22
| Design State : Routed
----------------------------------------------------------------------------------------------------------------------------------------------------------------------------------------------------------------------------------------------------------------------------------------------------------------

Timing Report

Slack (MET) :             6.200ns  (required time - arrival time)
  Source:                 block/d_v2_reg/C
                            (rising edge-triggered cell FDRE clocked by clk  {rise@0.000ns fall@5.000ns period=10.000ns})
  Destination:            block/d_v1_reg/D
                            (rising edge-triggered cell FDRE clocked by clk  {rise@0.000ns fall@5.000ns period=10.000ns})
  Path Group:             clk
  Path Type:              Setup (Max at Slow Process Corner)
  Requirement:            10.000ns  (clk rise@10.000ns - clk rise@0.000ns)
  Data Path Delay:        3.745ns  (logic 0.766ns (20.454%)  route 2.979ns (79.546%))
  Logic Levels:           2  (LUT5=2)
  Clock Path Skew:        -0.049ns (DCD - SCD + CPR)
    Destination Clock Delay (DCD):    0.924ns = ( 10.924 - 10.000 ) 
    Source Clock Delay      (SCD):    0.973ns
    Clock Pessimism Removal (CPR):    0.000ns
  Clock Uncertainty:      0.035ns  ((TSJ^2 + TIJ^2)^1/2 + DJ) / 2 + PE
    Total System Jitter     (TSJ):    0.071ns
    Total Input Jitter      (TIJ):    0.000ns
    Discrete Jitter          (DJ):    0.000ns
    Phase Error              (PE):    0.000ns

    Location             Delay type                Incr(ns)  Path(ns)    Netlist Resource(s)
  -------------------------------------------------------------------    -------------------
                         (clock clk rise edge)        0.000     0.000 r  
                                                      0.000     0.000 r  clk (IN)
                         net (fo=1243, unset)         0.973     0.973    block/clk
    SLICE_X54Y2          FDRE                                         r  block/d_v2_reg/C
  -------------------------------------------------------------------    -------------------
    SLICE_X54Y2          FDRE (Prop_fdre_C_Q)         0.518     1.491 r  block/d_v2_reg/Q
                         net (fo=11, routed)          0.706     2.197    block/core/fetch/d_v2
    SLICE_X54Y3                                                       r  block/core/fetch/m1[rd][4]_i_2/I2
    SLICE_X54Y3          LUT5 (Prop_lut5_I2_O)        0.124     2.321 r  block/core/fetch/m1[rd][4]_i_2/O
                         net (fo=91, routed)          2.273     4.594    block/core/m1_free
    SLICE_X43Y2                                                       r  block/core/d_v1_i_1/I4
    SLICE_X43Y2          LUT5 (Prop_lut5_I4_O)        0.124     4.718 r  block/core/d_v1_i_1/O
                         net (fo=1, routed)           0.000     4.718    block/d_req_valid
    SLICE_X43Y2          FDRE                                         r  block/d_v1_reg/D
  -------------------------------------------------------------------    -------------------

                         (clock clk rise edge)       10.000    10.000 r  
                                                      0.000    10.000 r  clk (IN)
                         net (fo=1243, unset)         0.924    10.924    block/clk
    SLICE_X43Y2          FDRE                                         r  block/d_v1_reg/C
                         clock pessimism              0.000    10.924    
                         clock uncertainty           -0.035    10.889    
    SLICE_X43Y2          FDRE (Setup_fdre_C_D)        0.029    10.918    block/d_v1_reg
  -------------------------------------------------------------------
                         required time                         10.918    
                         arrival time                          -4.718    
  -------------------------------------------------------------------
                         slack                                  6.200    





NAMED label=d_rsp_error_kill slack_ns=5.935 from=block/d_err1_reg/C to=block/request_registered.d_en_reg/D levels=3
Copyright 1986-2022 Xilinx, Inc. All Rights Reserved. Copyright 2022-2025 Advanced Micro Devices, Inc. All Rights Reserved.
------------------------------------------------------------------------------------------------------------------------------------------------------------------------------------------------------------------------------------------------------------------------------------------------------------------
| Tool Version : Vivado v.2025.1 (lin64) Build 6140274 Wed May 21 22:58:25 MDT 2025
| Date         : Thu Oct  1 23:40:42 2026
| Host         : gondor running 64-bit Ubuntu 24.04.5 LTS
| Command      : report_timing -of_objects [get_timing_paths -setup -from [get_cells -hier -quiet -filter {NAME =~ *d_err1_reg* && IS_SEQUENTIAL}] -to [get_cells -hier -quiet -filter {(NAME =~ *d_v1_reg* || NAME =~ *d_en_reg* || NAME =~ *ram_reg*) && IS_SEQUENTIAL}] -max_paths 1 -nworst 1] -return_string
| Design       : timing_aster_bram_reqreg
| Device       : 7z020-clg400
| Speed File   : -1  PRODUCTION 1.12 2019-11-22
| Design State : Routed
------------------------------------------------------------------------------------------------------------------------------------------------------------------------------------------------------------------------------------------------------------------------------------------------------------------

Timing Report

Slack (MET) :             5.935ns  (required time - arrival time)
  Source:                 block/d_err1_reg/C
                            (rising edge-triggered cell FDRE clocked by clk  {rise@0.000ns fall@5.000ns period=10.000ns})
  Destination:            block/request_registered.d_en_reg/D
                            (rising edge-triggered cell FDRE clocked by clk  {rise@0.000ns fall@5.000ns period=10.000ns})
  Path Group:             clk
  Path Type:              Setup (Max at Slow Process Corner)
  Requirement:            10.000ns  (clk rise@10.000ns - clk rise@0.000ns)
  Data Path Delay:        4.058ns  (logic 1.202ns (29.623%)  route 2.856ns (70.377%))
  Logic Levels:           3  (LUT5=1 LUT6=2)
  Clock Path Skew:        -0.049ns (DCD - SCD + CPR)
    Destination Clock Delay (DCD):    0.924ns = ( 10.924 - 10.000 ) 
    Source Clock Delay      (SCD):    0.973ns
    Clock Pessimism Removal (CPR):    0.000ns
  Clock Uncertainty:      0.035ns  ((TSJ^2 + TIJ^2)^1/2 + DJ) / 2 + PE
    Total System Jitter     (TSJ):    0.071ns
    Total Input Jitter      (TIJ):    0.000ns
    Discrete Jitter          (DJ):    0.000ns
    Phase Error              (PE):    0.000ns

    Location             Delay type                Incr(ns)  Path(ns)    Netlist Resource(s)
  -------------------------------------------------------------------    -------------------
                         (clock clk rise edge)        0.000     0.000 r  
                                                      0.000     0.000 r  clk (IN)
                         net (fo=1243, unset)         0.973     0.973    block/clk
    SLICE_X47Y2          FDRE                                         r  block/d_err1_reg/C
  -------------------------------------------------------------------    -------------------
    SLICE_X47Y2          FDRE (Prop_fdre_C_Q)         0.419     1.392 f  block/d_err1_reg/Q
                         net (fo=6, routed)           0.985     2.377    block/core/fetch/d_err1
    SLICE_X50Y2                                                       f  block/core/fetch/e_dec[div]_i_14/I0
    SLICE_X50Y2          LUT6 (Prop_lut6_I0_O)        0.299     2.676 f  block/core/fetch/e_dec[div]_i_14/O
                         net (fo=4, routed)           1.049     3.725    block/core/m1_trap
    SLICE_X43Y2                                                       f  block/core/request_registered.d_en_i_3/I4
    SLICE_X43Y2          LUT5 (Prop_lut5_I4_O)        0.152     3.877 r  block/core/request_registered.d_en_i_3/O
                         net (fo=2, routed)           0.821     4.699    block/core/request_registered.d_en_i_3_n_0
    SLICE_X42Y2                                                       r  block/core/request_registered.d_en_i_1/I2
    SLICE_X42Y2          LUT6 (Prop_lut6_I2_O)        0.332     5.031 r  block/core/request_registered.d_en_i_1/O
                         net (fo=1, routed)           0.000     5.031    block/request_registered.d_en0
    SLICE_X42Y2          FDRE                                         r  block/request_registered.d_en_reg/D
  -------------------------------------------------------------------    -------------------

                         (clock clk rise edge)       10.000    10.000 r  
                                                      0.000    10.000 r  clk (IN)
                         net (fo=1243, unset)         0.924    10.924    block/clk
    SLICE_X42Y2          FDRE                                         r  block/request_registered.d_en_reg/C
                         clock pessimism              0.000    10.924    
                         clock uncertainty           -0.035    10.889    
    SLICE_X42Y2          FDRE (Setup_fdre_C_D)        0.077    10.966    block/request_registered.d_en_reg
  -------------------------------------------------------------------
                         required time                         10.966    
                         arrival time                          -5.031    
  -------------------------------------------------------------------
                         slack                                  5.935    





NAMED label=d_rsp_valid_worst slack_ns=1.974 from=block/d_v2_reg/C to=block/core/e_dec_reg[imm][16]/R levels=5
Copyright 1986-2022 Xilinx, Inc. All Rights Reserved. Copyright 2022-2025 Advanced Micro Devices, Inc. All Rights Reserved.
----------------------------------------------------------------------------------------------------------------------------------------------------------------------------------------
| Tool Version : Vivado v.2025.1 (lin64) Build 6140274 Wed May 21 22:58:25 MDT 2025
| Date         : Thu Oct  1 23:40:42 2026
| Host         : gondor running 64-bit Ubuntu 24.04.5 LTS
| Command      : report_timing -of_objects [get_timing_paths -setup -from [get_cells -hier -quiet -filter {NAME =~ *d_v2_reg* && IS_SEQUENTIAL}] -max_paths 1 -nworst 1] -return_string
| Design       : timing_aster_bram_reqreg
| Device       : 7z020-clg400
| Speed File   : -1  PRODUCTION 1.12 2019-11-22
| Design State : Routed
----------------------------------------------------------------------------------------------------------------------------------------------------------------------------------------

Timing Report

Slack (MET) :             1.974ns  (required time - arrival time)
  Source:                 block/d_v2_reg/C
                            (rising edge-triggered cell FDRE clocked by clk  {rise@0.000ns fall@5.000ns period=10.000ns})
  Destination:            block/core/e_dec_reg[imm][16]/R
                            (rising edge-triggered cell FDRE clocked by clk  {rise@0.000ns fall@5.000ns period=10.000ns})
  Path Group:             clk
  Path Type:              Setup (Max at Slow Process Corner)
  Requirement:            10.000ns  (clk rise@10.000ns - clk rise@0.000ns)
  Data Path Delay:        7.310ns  (logic 1.395ns (19.083%)  route 5.915ns (80.917%))
  Logic Levels:           5  (LUT2=2 LUT4=3)
  Clock Path Skew:        -0.049ns (DCD - SCD + CPR)
    Destination Clock Delay (DCD):    0.924ns = ( 10.924 - 10.000 ) 
    Source Clock Delay      (SCD):    0.973ns
    Clock Pessimism Removal (CPR):    0.000ns
  Clock Uncertainty:      0.035ns  ((TSJ^2 + TIJ^2)^1/2 + DJ) / 2 + PE
    Total System Jitter     (TSJ):    0.071ns
    Total Input Jitter      (TIJ):    0.000ns
    Discrete Jitter          (DJ):    0.000ns
    Phase Error              (PE):    0.000ns

    Location             Delay type                Incr(ns)  Path(ns)    Netlist Resource(s)
  -------------------------------------------------------------------    -------------------
                         (clock clk rise edge)        0.000     0.000 r  
                                                      0.000     0.000 r  clk (IN)
                         net (fo=1243, unset)         0.973     0.973    block/clk
    SLICE_X54Y2          FDRE                                         r  block/d_v2_reg/C
  -------------------------------------------------------------------    -------------------
    SLICE_X54Y2          FDRE (Prop_fdre_C_Q)         0.518     1.491 f  block/d_v2_reg/Q
                         net (fo=11, routed)          0.706     2.197    block/core/d_v2
    SLICE_X54Y3                                                       f  block/core/m2[valid]_i_2/I2
    SLICE_X54Y3          LUT4 (Prop_lut4_I2_O)        0.148     2.345 f  block/core/m2[valid]_i_2/O
                         net (fo=61, routed)          0.746     3.091    block/core/m2_free
    SLICE_X50Y2                                                       f  block/core/halted_i_2/I3
    SLICE_X50Y2          LUT4 (Prop_lut4_I3_O)        0.328     3.419 f  block/core/halted_i_2/O
                         net (fo=46, routed)          0.835     4.254    block/core/kill
    SLICE_X47Y2                                                       f  block/core/e_dec[div]_i_6/I0
    SLICE_X47Y2          LUT2 (Prop_lut2_I0_O)        0.124     4.378 r  block/core/e_dec[div]_i_6/O
                         net (fo=17, routed)          1.027     5.404    block/core/e_dec[rs1][4]_i_1_n_0
    SLICE_X57Y3                                                       r  block/core/e_dec[div]_i_2/I1
    SLICE_X57Y3          LUT2 (Prop_lut2_I1_O)        0.124     5.528 r  block/core/e_dec[div]_i_2/O
                         net (fo=106, routed)         1.435     6.963    block/core/e_dec34_out
    SLICE_X37Y2                                                       r  block/core/e_dec[imm][31]_i_1/I0
    SLICE_X37Y2          LUT4 (Prop_lut4_I0_O)        0.153     7.116 r  block/core/e_dec[imm][31]_i_1/O
                         net (fo=46, routed)          1.167     8.283    block/core/e_dec[imm][31]_i_1_n_0
    SLICE_X44Y11         FDRE                                         r  block/core/e_dec_reg[imm][16]/R
  -------------------------------------------------------------------    -------------------

                         (clock clk rise edge)       10.000    10.000 r  
                                                      0.000    10.000 r  clk (IN)
                         net (fo=1243, unset)         0.924    10.924    block/core/clk
    SLICE_X44Y11         FDRE                                         r  block/core/e_dec_reg[imm][16]/C
                         clock pessimism              0.000    10.924    
                         clock uncertainty           -0.035    10.889    
    SLICE_X44Y11         FDRE (Setup_fdre_C_R)       -0.632    10.257    block/core/e_dec_reg[imm][16]
  -------------------------------------------------------------------
                         required time                         10.257    
                         arrival time                          -8.283    
  -------------------------------------------------------------------
                         slack                                  1.974    





NAMED label=d_rsp_error_worst slack_ns=1.895 from=block/d_err1_reg/C to=block/core/e_dec_reg[imm][16]/R levels=5
Copyright 1986-2022 Xilinx, Inc. All Rights Reserved. Copyright 2022-2025 Advanced Micro Devices, Inc. All Rights Reserved.
------------------------------------------------------------------------------------------------------------------------------------------------------------------------------------------
| Tool Version : Vivado v.2025.1 (lin64) Build 6140274 Wed May 21 22:58:25 MDT 2025
| Date         : Thu Oct  1 23:40:42 2026
| Host         : gondor running 64-bit Ubuntu 24.04.5 LTS
| Command      : report_timing -of_objects [get_timing_paths -setup -from [get_cells -hier -quiet -filter {NAME =~ *d_err1_reg* && IS_SEQUENTIAL}] -max_paths 1 -nworst 1] -return_string
| Design       : timing_aster_bram_reqreg
| Device       : 7z020-clg400
| Speed File   : -1  PRODUCTION 1.12 2019-11-22
| Design State : Routed
------------------------------------------------------------------------------------------------------------------------------------------------------------------------------------------

Timing Report

Slack (MET) :             1.895ns  (required time - arrival time)
  Source:                 block/d_err1_reg/C
                            (rising edge-triggered cell FDRE clocked by clk  {rise@0.000ns fall@5.000ns period=10.000ns})
  Destination:            block/core/e_dec_reg[imm][16]/R
                            (rising edge-triggered cell FDRE clocked by clk  {rise@0.000ns fall@5.000ns period=10.000ns})
  Path Group:             clk
  Path Type:              Setup (Max at Slow Process Corner)
  Requirement:            10.000ns  (clk rise@10.000ns - clk rise@0.000ns)
  Data Path Delay:        7.389ns  (logic 1.243ns (16.823%)  route 6.146ns (83.177%))
  Logic Levels:           5  (LUT2=2 LUT4=3)
  Clock Path Skew:        -0.049ns (DCD - SCD + CPR)
    Destination Clock Delay (DCD):    0.924ns = ( 10.924 - 10.000 ) 
    Source Clock Delay      (SCD):    0.973ns
    Clock Pessimism Removal (CPR):    0.000ns
  Clock Uncertainty:      0.035ns  ((TSJ^2 + TIJ^2)^1/2 + DJ) / 2 + PE
    Total System Jitter     (TSJ):    0.071ns
    Total Input Jitter      (TIJ):    0.000ns
    Discrete Jitter          (DJ):    0.000ns
    Phase Error              (PE):    0.000ns

    Location             Delay type                Incr(ns)  Path(ns)    Netlist Resource(s)
  -------------------------------------------------------------------    -------------------
                         (clock clk rise edge)        0.000     0.000 r  
                                                      0.000     0.000 r  clk (IN)
                         net (fo=1243, unset)         0.973     0.973    block/clk
    SLICE_X47Y2          FDRE                                         r  block/d_err1_reg/C
  -------------------------------------------------------------------    -------------------
    SLICE_X47Y2          FDRE (Prop_fdre_C_Q)         0.419     1.392 f  block/d_err1_reg/Q
                         net (fo=6, routed)           0.993     2.385    block/core/d_err1
    SLICE_X50Y2                                                       f  block/core/m1_err_held_i_1/I0
    SLICE_X50Y2          LUT4 (Prop_lut4_I0_O)        0.299     2.684 f  block/core/m1_err_held_i_1/O
                         net (fo=2, routed)           0.689     3.374    block/core/m1_bus_err
    SLICE_X50Y2                                                       f  block/core/halted_i_2/I1
    SLICE_X50Y2          LUT4 (Prop_lut4_I1_O)        0.124     3.498 f  block/core/halted_i_2/O
                         net (fo=46, routed)          0.835     4.333    block/core/kill
    SLICE_X47Y2                                                       f  block/core/e_dec[div]_i_6/I0
    SLICE_X47Y2          LUT2 (Prop_lut2_I0_O)        0.124     4.457 r  block/core/e_dec[div]_i_6/O
                         net (fo=17, routed)          1.027     5.483    block/core/e_dec[rs1][4]_i_1_n_0
    SLICE_X57Y3                                                       r  block/core/e_dec[div]_i_2/I1
    SLICE_X57Y3          LUT2 (Prop_lut2_I1_O)        0.124     5.607 r  block/core/e_dec[div]_i_2/O
                         net (fo=106, routed)         1.435     7.042    block/core/e_dec34_out
    SLICE_X37Y2                                                       r  block/core/e_dec[imm][31]_i_1/I0
    SLICE_X37Y2          LUT4 (Prop_lut4_I0_O)        0.153     7.195 r  block/core/e_dec[imm][31]_i_1/O
                         net (fo=46, routed)          1.167     8.362    block/core/e_dec[imm][31]_i_1_n_0
    SLICE_X44Y11         FDRE                                         r  block/core/e_dec_reg[imm][16]/R
  -------------------------------------------------------------------    -------------------

                         (clock clk rise edge)       10.000    10.000 r  
                                                      0.000    10.000 r  clk (IN)
                         net (fo=1243, unset)         0.924    10.924    block/core/clk
    SLICE_X44Y11         FDRE                                         r  block/core/e_dec_reg[imm][16]/C
                         clock pessimism              0.000    10.924    
                         clock uncertainty           -0.035    10.889    
    SLICE_X44Y11         FDRE (Setup_fdre_C_R)       -0.632    10.257    block/core/e_dec_reg[imm][16]
  -------------------------------------------------------------------
                         required time                         10.257    
                         arrival time                          -8.362    
  -------------------------------------------------------------------
                         slack                                  1.895    





