NAMED-PATH-BEGIN d_rsp_valid_to_d_req_valid
Startpoint: d_rsp_valid (input port clocked by clk)
Endpoint: d_req_valid (output port clocked by clk)
Path Group: clk
Path Type: max

   Delay     Time   Description
-----------------------------------------------------------
   0.000    0.000   clock clk (rise edge)
   0.000    0.000   clock network delay (propagated)
   2.000    2.000 v input external delay
   0.002    2.002 v d_rsp_valid (in)
   0.119    2.121 v input35/X (sky130_fd_sc_hd__buf_2)
   0.122    2.243 v wire2914/X (sky130_fd_sc_hd__buf_12)
   0.273    2.516 v _14384_/X (sky130_fd_sc_hd__or3b_4)
   0.097    2.613 v fanout1326/X (sky130_fd_sc_hd__buf_12)
   0.082    2.694 v fanout1325/X (sky130_fd_sc_hd__buf_12)
   0.086    2.781 v fanout1324/X (sky130_fd_sc_hd__buf_12)
   0.064    2.844 ^ _14389_/Y (sky130_fd_sc_hd__o2111ai_4)
   0.089    2.933 ^ wire619/X (sky130_fd_sc_hd__buf_6)
   0.026    2.958 v _14390_/Y (sky130_fd_sc_hd__nor2_4)
   0.163    3.121 v _14391_/X (sky130_fd_sc_hd__and3_4)
   0.107    3.229 v output109/X (sky130_fd_sc_hd__buf_8)
   0.001    3.230 v d_req_valid (out)
            3.230   data arrival time

  10.000   10.000   clock clk (rise edge)
   0.000   10.000   clock network delay (propagated)
  -0.250    9.750   clock uncertainty
   0.000    9.750   clock reconvergence pessimism
  -2.000    7.750   output external delay
            7.750   data required time
-----------------------------------------------------------
            7.750   data required time
           -3.230   data arrival time
-----------------------------------------------------------
            4.520   slack (MET)


NAMED-PATH-END
NAMED-PATH-BEGIN d_rsp_error_to_d_req_valid
Startpoint: d_rsp_error (input port clocked by clk)
Endpoint: d_req_valid (output port clocked by clk)
Path Group: clk
Path Type: max

   Delay     Time   Description
-----------------------------------------------------------
   0.000    0.000   clock clk (rise edge)
   0.000    0.000   clock network delay (propagated)
   2.000    2.000 v input external delay
   0.006    2.006 v d_rsp_error (in)
   0.126    2.131 v input2/X (sky130_fd_sc_hd__buf_2)
   0.151    2.282 v _14375_/Y (sky130_fd_sc_hd__nand2b_2)
   0.100    2.382 v _14376_/X (sky130_fd_sc_hd__o211a_2)
   0.202    2.584 ^ _14378_/Y (sky130_fd_sc_hd__o21ai_4)
   0.065    2.649 v _14389_/Y (sky130_fd_sc_hd__o2111ai_4)
   0.103    2.753 v wire619/X (sky130_fd_sc_hd__buf_6)
   0.078    2.830 ^ _14390_/Y (sky130_fd_sc_hd__nor2_4)
   0.182    3.012 ^ _14391_/X (sky130_fd_sc_hd__and3_4)
   0.099    3.111 ^ output109/X (sky130_fd_sc_hd__buf_8)
   0.001    3.112 ^ d_req_valid (out)
            3.112   data arrival time

  10.000   10.000   clock clk (rise edge)
   0.000   10.000   clock network delay (propagated)
  -0.250    9.750   clock uncertainty
   0.000    9.750   clock reconvergence pessimism
  -2.000    7.750   output external delay
            7.750   data required time
-----------------------------------------------------------
            7.750   data required time
           -3.112   data arrival time
-----------------------------------------------------------
            4.638   slack (MET)


NAMED-PATH-END
