NAMED-PATH-BEGIN d_rsp_valid_to_d_req_valid
Startpoint: d_rsp_valid (input port clocked by clk)
Endpoint: d_req_valid (output port clocked by clk)
Path Group: clk
Path Type: max

   Delay     Time   Description
-----------------------------------------------------------
   0.000    0.000   clock clk (rise edge)
   0.000    0.000   clock network delay (propagated)
   2.000    2.000 ^ input external delay
   0.009    2.009 ^ d_rsp_valid (in)
   0.210    2.218 ^ input35/X (sky130_fd_sc_hd__buf_2)
   0.206    2.425 ^ fanout1860/X (sky130_fd_sc_hd__buf_2)
   0.183    2.607 v _07762_/X (sky130_fd_sc_hd__and4bb_2)
   0.159    2.766 v fanout1017/X (sky130_fd_sc_hd__clkbuf_4)
   0.181    2.947 ^ _07765_/Y (sky130_fd_sc_hd__nand2_2)
   0.145    3.092 ^ _07770_/X (sky130_fd_sc_hd__and3_4)
   0.138    3.231 ^ fanout430/X (sky130_fd_sc_hd__buf_6)
   0.208    3.438 ^ _07771_/X (sky130_fd_sc_hd__and4_4)
   0.160    3.598 ^ output109/X (sky130_fd_sc_hd__clkbuf_4)
   0.002    3.600 ^ d_req_valid (out)
            3.600   data arrival time

  10.000   10.000   clock clk (rise edge)
   0.000   10.000   clock network delay (propagated)
  -0.250    9.750   clock uncertainty
   0.000    9.750   clock reconvergence pessimism
  -2.000    7.750   output external delay
            7.750   data required time
-----------------------------------------------------------
            7.750   data required time
           -3.600   data arrival time
-----------------------------------------------------------
            4.150   slack (MET)


NAMED-PATH-END
NAMED-PATH-BEGIN d_rsp_error_to_d_req_valid
Startpoint: d_rsp_error (input port clocked by clk)
Endpoint: d_req_valid (output port clocked by clk)
Path Group: clk
Path Type: max

   Delay     Time   Description
-----------------------------------------------------------
   0.000    0.000   clock clk (rise edge)
   0.000    0.000   clock network delay (propagated)
   2.000    2.000 v input external delay
   0.003    2.003 v d_rsp_error (in)
   0.156    2.158 v input2/X (sky130_fd_sc_hd__buf_2)
   0.176    2.334 v _07756_/Y (sky130_fd_sc_hd__nand2b_2)
   0.105    2.439 v _07757_/X (sky130_fd_sc_hd__o211a_2)
   0.221    2.660 ^ _07760_/Y (sky130_fd_sc_hd__o21ai_2)
   0.104    2.764 ^ fanout587/X (sky130_fd_sc_hd__buf_12)
   0.120    2.884 ^ _07770_/X (sky130_fd_sc_hd__and3_4)
   0.138    3.022 ^ fanout430/X (sky130_fd_sc_hd__buf_6)
   0.208    3.230 ^ _07771_/X (sky130_fd_sc_hd__and4_4)
   0.160    3.390 ^ output109/X (sky130_fd_sc_hd__clkbuf_4)
   0.002    3.392 ^ d_req_valid (out)
            3.392   data arrival time

  10.000   10.000   clock clk (rise edge)
   0.000   10.000   clock network delay (propagated)
  -0.250    9.750   clock uncertainty
   0.000    9.750   clock reconvergence pessimism
  -2.000    7.750   output external delay
            7.750   data required time
-----------------------------------------------------------
            7.750   data required time
           -3.392   data arrival time
-----------------------------------------------------------
            4.358   slack (MET)


NAMED-PATH-END
