Copyright 1986-2022 Xilinx, Inc. All Rights Reserved. Copyright 2022-2025 Advanced Micro Devices, Inc. All Rights Reserved.
---------------------------------------------------------------------------------------------------------------------------------------------
| Tool Version : Vivado v.2025.1 (lin64) Build 6140274 Wed May 21 22:58:25 MDT 2025
| Date         : Wed Oct  7 12:16:39 2026
| Host         : gondor running 64-bit Ubuntu 24.04.5 LTS
| Command      : report_timing_summary -max_paths 10 -file /home/elfo/Documents/Aster/build/timing/fpga/aster_l1/timing_summary.rpt
| Design       : timing_aster_l1
| Device       : 7z020-clg400
| Speed File   : -1  PRODUCTION 1.12 2019-11-22
| Design State : Routed
---------------------------------------------------------------------------------------------------------------------------------------------

Timing Summary Report

------------------------------------------------------------------------------------------------
| Timer Settings
| --------------
------------------------------------------------------------------------------------------------

  Enable Multi Corner Analysis               :  Yes
  Enable Pessimism Removal                   :  Yes
  Pessimism Removal Resolution               :  Nearest Common Node
  Enable Input Delay Default Clock           :  No
  Enable Preset / Clear Arcs                 :  No
  Disable Flight Delays                      :  No
  Ignore I/O Paths                           :  No
  Timing Early Launch at Borrowing Latches   :  No
  Borrow Time for Max Delay Exceptions       :  Yes
  Merge Timing Exceptions                    :  Yes
  Inter-SLR Compensation                     :  Conservative

  Corner  Analyze    Analyze    
  Name    Max Paths  Min Paths  
  ------  ---------  ---------  
  Slow    Yes        Yes        
  Fast    Yes        Yes        


------------------------------------------------------------------------------------------------
| Report Methodology
| ------------------
------------------------------------------------------------------------------------------------

No report available as report_methodology has not been run prior. Run report_methodology on the current design for the summary of methodology violations.



check_timing report

Table of Contents
-----------------
1. checking no_clock (0)
2. checking constant_clock (0)
3. checking pulse_width_clock (0)
4. checking unconstrained_internal_endpoints (0)
5. checking no_input_delay (99)
6. checking no_output_delay (32)
7. checking multiple_clock (0)
8. checking generated_clocks (0)
9. checking loops (0)
10. checking partial_input_delay (0)
11. checking partial_output_delay (0)
12. checking latch_loops (0)

1. checking no_clock (0)
------------------------
 There are 0 register/latch pins with no clock.


2. checking constant_clock (0)
------------------------------
 There are 0 register/latch pins with constant_clock.


3. checking pulse_width_clock (0)
---------------------------------
 There are 0 register/latch pins which need pulse_width check


4. checking unconstrained_internal_endpoints (0)
------------------------------------------------
 There are 0 pins that are not constrained for maximum delay.

 There are 0 pins that are not constrained for maximum delay due to constant clock.


5. checking no_input_delay (99)
-------------------------------
 There are 99 input ports with no input delay specified. (HIGH)

 There are 0 input ports with no input delay but user has a false path constraint.


6. checking no_output_delay (32)
--------------------------------
 There are 32 ports with no output delay specified. (HIGH)

 There are 0 ports with no output delay but user has a false path constraint

 There are 0 ports with no output delay but with a timing clock defined on it or propagating through it


7. checking multiple_clock (0)
------------------------------
 There are 0 register/latch pins with multiple clocks.


8. checking generated_clocks (0)
--------------------------------
 There are 0 generated clocks that are not connected to a clock source.


9. checking loops (0)
---------------------
 There are 0 combinational loops in the design.


10. checking partial_input_delay (0)
------------------------------------
 There are 0 input ports with partial input delay specified.


11. checking partial_output_delay (0)
-------------------------------------
 There are 0 ports with partial output delay specified.


12. checking latch_loops (0)
----------------------------
 There are 0 combinational latch loops in the design through latch input



------------------------------------------------------------------------------------------------
| Design Timing Summary
| ---------------------
------------------------------------------------------------------------------------------------

    WNS(ns)      TNS(ns)  TNS Failing Endpoints  TNS Total Endpoints      WHS(ns)      THS(ns)  THS Failing Endpoints  THS Total Endpoints     WPWS(ns)     TPWS(ns)  TPWS Failing Endpoints  TPWS Total Endpoints  
    -------      -------  ---------------------  -------------------      -------      -------  ---------------------  -------------------     --------     --------  ----------------------  --------------------  
      0.177        0.000                      0                 9707        0.041        0.000                      0                 9707        3.750        0.000                       0                  3063  


All user specified timing constraints are met.


------------------------------------------------------------------------------------------------
| Clock Summary
| -------------
------------------------------------------------------------------------------------------------

Clock  Waveform(ns)       Period(ns)      Frequency(MHz)
-----  ------------       ----------      --------------
clk    {0.000 5.000}      10.000          100.000         


------------------------------------------------------------------------------------------------
| Intra Clock Table
| -----------------
------------------------------------------------------------------------------------------------

Clock             WNS(ns)      TNS(ns)  TNS Failing Endpoints  TNS Total Endpoints      WHS(ns)      THS(ns)  THS Failing Endpoints  THS Total Endpoints     WPWS(ns)     TPWS(ns)  TPWS Failing Endpoints  TPWS Total Endpoints  
-----             -------      -------  ---------------------  -------------------      -------      -------  ---------------------  -------------------     --------     --------  ----------------------  --------------------  
clk                 0.177        0.000                      0                 9707        0.041        0.000                      0                 9707        3.750        0.000                       0                  3063  


------------------------------------------------------------------------------------------------
| Inter Clock Table
| -----------------
------------------------------------------------------------------------------------------------

From Clock    To Clock          WNS(ns)      TNS(ns)  TNS Failing Endpoints  TNS Total Endpoints      WHS(ns)      THS(ns)  THS Failing Endpoints  THS Total Endpoints  
----------    --------          -------      -------  ---------------------  -------------------      -------      -------  ---------------------  -------------------  


------------------------------------------------------------------------------------------------
| Other Path Groups Table
| -----------------------
------------------------------------------------------------------------------------------------

Path Group    From Clock    To Clock          WNS(ns)      TNS(ns)  TNS Failing Endpoints  TNS Total Endpoints      WHS(ns)      THS(ns)  THS Failing Endpoints  THS Total Endpoints  
----------    ----------    --------          -------      -------  ---------------------  -------------------      -------      -------  ---------------------  -------------------  


------------------------------------------------------------------------------------------------
| Timing Details
| --------------
------------------------------------------------------------------------------------------------


---------------------------------------------------------------------------------------------------
From Clock:  clk
  To Clock:  clk

Setup :            0  Failing Endpoints,  Worst Slack        0.177ns,  Total Violation        0.000ns
Hold  :            0  Failing Endpoints,  Worst Slack        0.041ns,  Total Violation        0.000ns
PW    :            0  Failing Endpoints,  Worst Slack        3.750ns,  Total Violation        0.000ns
---------------------------------------------------------------------------------------------------


Max Delay Paths
--------------------------------------------------------------------------------------
Slack (MET) :             0.177ns  (required time - arrival time)
  Source:                 dcache/s1_addr_reg[19]/C
                            (rising edge-triggered cell FDRE clocked by clk  {rise@0.000ns fall@5.000ns period=10.000ns})
  Destination:            core/e_dec_reg[imm][12]/R
                            (rising edge-triggered cell FDRE clocked by clk  {rise@0.000ns fall@5.000ns period=10.000ns})
  Path Group:             clk
  Path Type:              Setup (Max at Slow Process Corner)
  Requirement:            10.000ns  (clk rise@10.000ns - clk rise@0.000ns)
  Data Path Delay:        9.012ns  (logic 2.017ns (22.381%)  route 6.995ns (77.619%))
  Logic Levels:           9  (CARRY4=2 LUT2=1 LUT3=2 LUT4=1 LUT5=1 LUT6=2)
  Clock Path Skew:        -0.049ns (DCD - SCD + CPR)
    Destination Clock Delay (DCD):    0.924ns = ( 10.924 - 10.000 ) 
    Source Clock Delay      (SCD):    0.973ns
    Clock Pessimism Removal (CPR):    0.000ns
  Clock Uncertainty:      0.035ns  ((TSJ^2 + TIJ^2)^1/2 + DJ) / 2 + PE
    Total System Jitter     (TSJ):    0.071ns
    Total Input Jitter      (TIJ):    0.000ns
    Discrete Jitter          (DJ):    0.000ns
    Phase Error              (PE):    0.000ns

    Location             Delay type                Incr(ns)  Path(ns)    Netlist Resource(s)
  -------------------------------------------------------------------    -------------------
                         (clock clk rise edge)        0.000     0.000 r  
                                                      0.000     0.000 r  clk (IN)
                         net (fo=3066, unset)         0.973     0.973    dcache/clk
    SLICE_X47Y68         FDRE                                         r  dcache/s1_addr_reg[19]/C
  -------------------------------------------------------------------    -------------------
    SLICE_X47Y68         FDRE (Prop_fdre_C_Q)         0.456     1.429 f  dcache/s1_addr_reg[19]/Q
                         net (fo=5, routed)           0.887     2.316    dcache/s1_addr_reg_n_0_[19]
    SLICE_X45Y69         LUT2 (Prop_lut2_I0_O)        0.124     2.440 r  dcache/s2_cacheable_i_10/O
                         net (fo=1, routed)           0.000     2.440    dcache/s2_cacheable_i_10_n_0
    SLICE_X45Y69         CARRY4 (Prop_carry4_S[1]_CO[3])
                                                      0.550     2.990 r  dcache/s2_cacheable_reg_i_2/CO[3]
                         net (fo=1, routed)           0.000     2.990    dcache/s2_cacheable_reg_i_2_n_0
    SLICE_X45Y70         CARRY4 (Prop_carry4_CI_CO[3])
                                                      0.114     3.104 r  dcache/s2_cacheable_reg_i_1/CO[3]
                         net (fo=10, routed)          1.029     4.133    dcache/s1_cacheable
    SLICE_X48Y62         LUT6 (Prop_lut6_I4_O)        0.124     4.257 f  dcache/mepc[31]_i_4/O
                         net (fo=1, routed)           0.920     5.178    core/fetch/c_d_rsp_error
    SLICE_X54Y53         LUT6 (Prop_lut6_I4_O)        0.124     5.302 f  core/fetch/mepc[31]_i_3/O
                         net (fo=36, routed)          0.802     6.103    core/fetch/m1_reg[valid]
    SLICE_X55Y44         LUT5 (Prop_lut5_I0_O)        0.124     6.227 r  core/fetch/e_pc[31]_i_4/O
                         net (fo=37, routed)          0.860     7.087    core/fetch/mstatus_mie_reg
    SLICE_X55Y42         LUT3 (Prop_lut3_I0_O)        0.124     7.211 f  core/fetch/e_pending_i_3/O
                         net (fo=95, routed)          0.757     7.968    core/fetch_n_228
    SLICE_X56Y43         LUT3 (Prop_lut3_I0_O)        0.124     8.092 r  core/e_dec[fencei]_i_2/O
                         net (fo=164, routed)         0.878     8.970    core/e_dec169_out
    SLICE_X61Y42         LUT4 (Prop_lut4_I3_O)        0.153     9.123 r  core/e_dec[imm][31]_i_1/O
                         net (fo=27, routed)          0.862     9.985    core/e_dec[imm][31]_i_1_n_0
    SLICE_X62Y44         FDRE                                         r  core/e_dec_reg[imm][12]/R
  -------------------------------------------------------------------    -------------------

                         (clock clk rise edge)       10.000    10.000 r  
                                                      0.000    10.000 r  clk (IN)
                         net (fo=3066, unset)         0.924    10.924    core/clk
    SLICE_X62Y44         FDRE                                         r  core/e_dec_reg[imm][12]/C
                         clock pessimism              0.000    10.924    
                         clock uncertainty           -0.035    10.889    
    SLICE_X62Y44         FDRE (Setup_fdre_C_R)       -0.727    10.162    core/e_dec_reg[imm][12]
  -------------------------------------------------------------------
                         required time                         10.162    
                         arrival time                          -9.985    
  -------------------------------------------------------------------
                         slack                                  0.177    

Slack (MET) :             0.177ns  (required time - arrival time)
  Source:                 dcache/s1_addr_reg[19]/C
                            (rising edge-triggered cell FDRE clocked by clk  {rise@0.000ns fall@5.000ns period=10.000ns})
  Destination:            core/e_dec_reg[imm][13]/R
                            (rising edge-triggered cell FDRE clocked by clk  {rise@0.000ns fall@5.000ns period=10.000ns})
  Path Group:             clk
  Path Type:              Setup (Max at Slow Process Corner)
  Requirement:            10.000ns  (clk rise@10.000ns - clk rise@0.000ns)
  Data Path Delay:        9.012ns  (logic 2.017ns (22.381%)  route 6.995ns (77.619%))
  Logic Levels:           9  (CARRY4=2 LUT2=1 LUT3=2 LUT4=1 LUT5=1 LUT6=2)
  Clock Path Skew:        -0.049ns (DCD - SCD + CPR)
    Destination Clock Delay (DCD):    0.924ns = ( 10.924 - 10.000 ) 
    Source Clock Delay      (SCD):    0.973ns
    Clock Pessimism Removal (CPR):    0.000ns
  Clock Uncertainty:      0.035ns  ((TSJ^2 + TIJ^2)^1/2 + DJ) / 2 + PE
    Total System Jitter     (TSJ):    0.071ns
    Total Input Jitter      (TIJ):    0.000ns
    Discrete Jitter          (DJ):    0.000ns
    Phase Error              (PE):    0.000ns

    Location             Delay type                Incr(ns)  Path(ns)    Netlist Resource(s)
  -------------------------------------------------------------------    -------------------
                         (clock clk rise edge)        0.000     0.000 r  
                                                      0.000     0.000 r  clk (IN)
                         net (fo=3066, unset)         0.973     0.973    dcache/clk
    SLICE_X47Y68         FDRE                                         r  dcache/s1_addr_reg[19]/C
  -------------------------------------------------------------------    -------------------
    SLICE_X47Y68         FDRE (Prop_fdre_C_Q)         0.456     1.429 f  dcache/s1_addr_reg[19]/Q
                         net (fo=5, routed)           0.887     2.316    dcache/s1_addr_reg_n_0_[19]
    SLICE_X45Y69         LUT2 (Prop_lut2_I0_O)        0.124     2.440 r  dcache/s2_cacheable_i_10/O
                         net (fo=1, routed)           0.000     2.440    dcache/s2_cacheable_i_10_n_0
    SLICE_X45Y69         CARRY4 (Prop_carry4_S[1]_CO[3])
                                                      0.550     2.990 r  dcache/s2_cacheable_reg_i_2/CO[3]
                         net (fo=1, routed)           0.000     2.990    dcache/s2_cacheable_reg_i_2_n_0
    SLICE_X45Y70         CARRY4 (Prop_carry4_CI_CO[3])
                                                      0.114     3.104 r  dcache/s2_cacheable_reg_i_1/CO[3]
                         net (fo=10, routed)          1.029     4.133    dcache/s1_cacheable
    SLICE_X48Y62         LUT6 (Prop_lut6_I4_O)        0.124     4.257 f  dcache/mepc[31]_i_4/O
                         net (fo=1, routed)           0.920     5.178    core/fetch/c_d_rsp_error
    SLICE_X54Y53         LUT6 (Prop_lut6_I4_O)        0.124     5.302 f  core/fetch/mepc[31]_i_3/O
                         net (fo=36, routed)          0.802     6.103    core/fetch/m1_reg[valid]
    SLICE_X55Y44         LUT5 (Prop_lut5_I0_O)        0.124     6.227 r  core/fetch/e_pc[31]_i_4/O
                         net (fo=37, routed)          0.860     7.087    core/fetch/mstatus_mie_reg
    SLICE_X55Y42         LUT3 (Prop_lut3_I0_O)        0.124     7.211 f  core/fetch/e_pending_i_3/O
                         net (fo=95, routed)          0.757     7.968    core/fetch_n_228
    SLICE_X56Y43         LUT3 (Prop_lut3_I0_O)        0.124     8.092 r  core/e_dec[fencei]_i_2/O
                         net (fo=164, routed)         0.878     8.970    core/e_dec169_out
    SLICE_X61Y42         LUT4 (Prop_lut4_I3_O)        0.153     9.123 r  core/e_dec[imm][31]_i_1/O
                         net (fo=27, routed)          0.862     9.985    core/e_dec[imm][31]_i_1_n_0
    SLICE_X62Y44         FDRE                                         r  core/e_dec_reg[imm][13]/R
  -------------------------------------------------------------------    -------------------

                         (clock clk rise edge)       10.000    10.000 r  
                                                      0.000    10.000 r  clk (IN)
                         net (fo=3066, unset)         0.924    10.924    core/clk
    SLICE_X62Y44         FDRE                                         r  core/e_dec_reg[imm][13]/C
                         clock pessimism              0.000    10.924    
                         clock uncertainty           -0.035    10.889    
    SLICE_X62Y44         FDRE (Setup_fdre_C_R)       -0.727    10.162    core/e_dec_reg[imm][13]
  -------------------------------------------------------------------
                         required time                         10.162    
                         arrival time                          -9.985    
  -------------------------------------------------------------------
                         slack                                  0.177    

Slack (MET) :             0.177ns  (required time - arrival time)
  Source:                 dcache/s1_addr_reg[19]/C
                            (rising edge-triggered cell FDRE clocked by clk  {rise@0.000ns fall@5.000ns period=10.000ns})
  Destination:            core/e_dec_reg[imm][16]/R
                            (rising edge-triggered cell FDRE clocked by clk  {rise@0.000ns fall@5.000ns period=10.000ns})
  Path Group:             clk
  Path Type:              Setup (Max at Slow Process Corner)
  Requirement:            10.000ns  (clk rise@10.000ns - clk rise@0.000ns)
  Data Path Delay:        9.012ns  (logic 2.017ns (22.381%)  route 6.995ns (77.619%))
  Logic Levels:           9  (CARRY4=2 LUT2=1 LUT3=2 LUT4=1 LUT5=1 LUT6=2)
  Clock Path Skew:        -0.049ns (DCD - SCD + CPR)
    Destination Clock Delay (DCD):    0.924ns = ( 10.924 - 10.000 ) 
    Source Clock Delay      (SCD):    0.973ns
    Clock Pessimism Removal (CPR):    0.000ns
  Clock Uncertainty:      0.035ns  ((TSJ^2 + TIJ^2)^1/2 + DJ) / 2 + PE
    Total System Jitter     (TSJ):    0.071ns
    Total Input Jitter      (TIJ):    0.000ns
    Discrete Jitter          (DJ):    0.000ns
    Phase Error              (PE):    0.000ns

    Location             Delay type                Incr(ns)  Path(ns)    Netlist Resource(s)
  -------------------------------------------------------------------    -------------------
                         (clock clk rise edge)        0.000     0.000 r  
                                                      0.000     0.000 r  clk (IN)
                         net (fo=3066, unset)         0.973     0.973    dcache/clk
    SLICE_X47Y68         FDRE                                         r  dcache/s1_addr_reg[19]/C
  -------------------------------------------------------------------    -------------------
    SLICE_X47Y68         FDRE (Prop_fdre_C_Q)         0.456     1.429 f  dcache/s1_addr_reg[19]/Q
                         net (fo=5, routed)           0.887     2.316    dcache/s1_addr_reg_n_0_[19]
    SLICE_X45Y69         LUT2 (Prop_lut2_I0_O)        0.124     2.440 r  dcache/s2_cacheable_i_10/O
                         net (fo=1, routed)           0.000     2.440    dcache/s2_cacheable_i_10_n_0
    SLICE_X45Y69         CARRY4 (Prop_carry4_S[1]_CO[3])
                                                      0.550     2.990 r  dcache/s2_cacheable_reg_i_2/CO[3]
                         net (fo=1, routed)           0.000     2.990    dcache/s2_cacheable_reg_i_2_n_0
    SLICE_X45Y70         CARRY4 (Prop_carry4_CI_CO[3])
                                                      0.114     3.104 r  dcache/s2_cacheable_reg_i_1/CO[3]
                         net (fo=10, routed)          1.029     4.133    dcache/s1_cacheable
    SLICE_X48Y62         LUT6 (Prop_lut6_I4_O)        0.124     4.257 f  dcache/mepc[31]_i_4/O
                         net (fo=1, routed)           0.920     5.178    core/fetch/c_d_rsp_error
    SLICE_X54Y53         LUT6 (Prop_lut6_I4_O)        0.124     5.302 f  core/fetch/mepc[31]_i_3/O
                         net (fo=36, routed)          0.802     6.103    core/fetch/m1_reg[valid]
    SLICE_X55Y44         LUT5 (Prop_lut5_I0_O)        0.124     6.227 r  core/fetch/e_pc[31]_i_4/O
                         net (fo=37, routed)          0.860     7.087    core/fetch/mstatus_mie_reg
    SLICE_X55Y42         LUT3 (Prop_lut3_I0_O)        0.124     7.211 f  core/fetch/e_pending_i_3/O
                         net (fo=95, routed)          0.757     7.968    core/fetch_n_228
    SLICE_X56Y43         LUT3 (Prop_lut3_I0_O)        0.124     8.092 r  core/e_dec[fencei]_i_2/O
                         net (fo=164, routed)         0.878     8.970    core/e_dec169_out
    SLICE_X61Y42         LUT4 (Prop_lut4_I3_O)        0.153     9.123 r  core/e_dec[imm][31]_i_1/O
                         net (fo=27, routed)          0.862     9.985    core/e_dec[imm][31]_i_1_n_0
    SLICE_X62Y44         FDRE                                         r  core/e_dec_reg[imm][16]/R
  -------------------------------------------------------------------    -------------------

                         (clock clk rise edge)       10.000    10.000 r  
                                                      0.000    10.000 r  clk (IN)
                         net (fo=3066, unset)         0.924    10.924    core/clk
    SLICE_X62Y44         FDRE                                         r  core/e_dec_reg[imm][16]/C
                         clock pessimism              0.000    10.924    
                         clock uncertainty           -0.035    10.889    
    SLICE_X62Y44         FDRE (Setup_fdre_C_R)       -0.727    10.162    core/e_dec_reg[imm][16]
  -------------------------------------------------------------------
                         required time                         10.162    
                         arrival time                          -9.985    
  -------------------------------------------------------------------
                         slack                                  0.177    

Slack (MET) :             0.177ns  (required time - arrival time)
  Source:                 dcache/s1_addr_reg[19]/C
                            (rising edge-triggered cell FDRE clocked by clk  {rise@0.000ns fall@5.000ns period=10.000ns})
  Destination:            core/e_dec_reg[imm][17]/R
                            (rising edge-triggered cell FDRE clocked by clk  {rise@0.000ns fall@5.000ns period=10.000ns})
  Path Group:             clk
  Path Type:              Setup (Max at Slow Process Corner)
  Requirement:            10.000ns  (clk rise@10.000ns - clk rise@0.000ns)
  Data Path Delay:        9.012ns  (logic 2.017ns (22.381%)  route 6.995ns (77.619%))
  Logic Levels:           9  (CARRY4=2 LUT2=1 LUT3=2 LUT4=1 LUT5=1 LUT6=2)
  Clock Path Skew:        -0.049ns (DCD - SCD + CPR)
    Destination Clock Delay (DCD):    0.924ns = ( 10.924 - 10.000 ) 
    Source Clock Delay      (SCD):    0.973ns
    Clock Pessimism Removal (CPR):    0.000ns
  Clock Uncertainty:      0.035ns  ((TSJ^2 + TIJ^2)^1/2 + DJ) / 2 + PE
    Total System Jitter     (TSJ):    0.071ns
    Total Input Jitter      (TIJ):    0.000ns
    Discrete Jitter          (DJ):    0.000ns
    Phase Error              (PE):    0.000ns

    Location             Delay type                Incr(ns)  Path(ns)    Netlist Resource(s)
  -------------------------------------------------------------------    -------------------
                         (clock clk rise edge)        0.000     0.000 r  
                                                      0.000     0.000 r  clk (IN)
                         net (fo=3066, unset)         0.973     0.973    dcache/clk
    SLICE_X47Y68         FDRE                                         r  dcache/s1_addr_reg[19]/C
  -------------------------------------------------------------------    -------------------
    SLICE_X47Y68         FDRE (Prop_fdre_C_Q)         0.456     1.429 f  dcache/s1_addr_reg[19]/Q
                         net (fo=5, routed)           0.887     2.316    dcache/s1_addr_reg_n_0_[19]
    SLICE_X45Y69         LUT2 (Prop_lut2_I0_O)        0.124     2.440 r  dcache/s2_cacheable_i_10/O
                         net (fo=1, routed)           0.000     2.440    dcache/s2_cacheable_i_10_n_0
    SLICE_X45Y69         CARRY4 (Prop_carry4_S[1]_CO[3])
                                                      0.550     2.990 r  dcache/s2_cacheable_reg_i_2/CO[3]
                         net (fo=1, routed)           0.000     2.990    dcache/s2_cacheable_reg_i_2_n_0
    SLICE_X45Y70         CARRY4 (Prop_carry4_CI_CO[3])
                                                      0.114     3.104 r  dcache/s2_cacheable_reg_i_1/CO[3]
                         net (fo=10, routed)          1.029     4.133    dcache/s1_cacheable
    SLICE_X48Y62         LUT6 (Prop_lut6_I4_O)        0.124     4.257 f  dcache/mepc[31]_i_4/O
                         net (fo=1, routed)           0.920     5.178    core/fetch/c_d_rsp_error
    SLICE_X54Y53         LUT6 (Prop_lut6_I4_O)        0.124     5.302 f  core/fetch/mepc[31]_i_3/O
                         net (fo=36, routed)          0.802     6.103    core/fetch/m1_reg[valid]
    SLICE_X55Y44         LUT5 (Prop_lut5_I0_O)        0.124     6.227 r  core/fetch/e_pc[31]_i_4/O
                         net (fo=37, routed)          0.860     7.087    core/fetch/mstatus_mie_reg
    SLICE_X55Y42         LUT3 (Prop_lut3_I0_O)        0.124     7.211 f  core/fetch/e_pending_i_3/O
                         net (fo=95, routed)          0.757     7.968    core/fetch_n_228
    SLICE_X56Y43         LUT3 (Prop_lut3_I0_O)        0.124     8.092 r  core/e_dec[fencei]_i_2/O
                         net (fo=164, routed)         0.878     8.970    core/e_dec169_out
    SLICE_X61Y42         LUT4 (Prop_lut4_I3_O)        0.153     9.123 r  core/e_dec[imm][31]_i_1/O
                         net (fo=27, routed)          0.862     9.985    core/e_dec[imm][31]_i_1_n_0
    SLICE_X62Y44         FDRE                                         r  core/e_dec_reg[imm][17]/R
  -------------------------------------------------------------------    -------------------

                         (clock clk rise edge)       10.000    10.000 r  
                                                      0.000    10.000 r  clk (IN)
                         net (fo=3066, unset)         0.924    10.924    core/clk
    SLICE_X62Y44         FDRE                                         r  core/e_dec_reg[imm][17]/C
                         clock pessimism              0.000    10.924    
                         clock uncertainty           -0.035    10.889    
    SLICE_X62Y44         FDRE (Setup_fdre_C_R)       -0.727    10.162    core/e_dec_reg[imm][17]
  -------------------------------------------------------------------
                         required time                         10.162    
                         arrival time                          -9.985    
  -------------------------------------------------------------------
                         slack                                  0.177    

Slack (MET) :             0.177ns  (required time - arrival time)
  Source:                 dcache/s1_addr_reg[19]/C
                            (rising edge-triggered cell FDRE clocked by clk  {rise@0.000ns fall@5.000ns period=10.000ns})
  Destination:            core/e_dec_reg[imm][31]/R
                            (rising edge-triggered cell FDRE clocked by clk  {rise@0.000ns fall@5.000ns period=10.000ns})
  Path Group:             clk
  Path Type:              Setup (Max at Slow Process Corner)
  Requirement:            10.000ns  (clk rise@10.000ns - clk rise@0.000ns)
  Data Path Delay:        9.012ns  (logic 2.017ns (22.381%)  route 6.995ns (77.619%))
  Logic Levels:           9  (CARRY4=2 LUT2=1 LUT3=2 LUT4=1 LUT5=1 LUT6=2)
  Clock Path Skew:        -0.049ns (DCD - SCD + CPR)
    Destination Clock Delay (DCD):    0.924ns = ( 10.924 - 10.000 ) 
    Source Clock Delay      (SCD):    0.973ns
    Clock Pessimism Removal (CPR):    0.000ns
  Clock Uncertainty:      0.035ns  ((TSJ^2 + TIJ^2)^1/2 + DJ) / 2 + PE
    Total System Jitter     (TSJ):    0.071ns
    Total Input Jitter      (TIJ):    0.000ns
    Discrete Jitter          (DJ):    0.000ns
    Phase Error              (PE):    0.000ns

    Location             Delay type                Incr(ns)  Path(ns)    Netlist Resource(s)
  -------------------------------------------------------------------    -------------------
                         (clock clk rise edge)        0.000     0.000 r  
                                                      0.000     0.000 r  clk (IN)
                         net (fo=3066, unset)         0.973     0.973    dcache/clk
    SLICE_X47Y68         FDRE                                         r  dcache/s1_addr_reg[19]/C
  -------------------------------------------------------------------    -------------------
    SLICE_X47Y68         FDRE (Prop_fdre_C_Q)         0.456     1.429 f  dcache/s1_addr_reg[19]/Q
                         net (fo=5, routed)           0.887     2.316    dcache/s1_addr_reg_n_0_[19]
    SLICE_X45Y69         LUT2 (Prop_lut2_I0_O)        0.124     2.440 r  dcache/s2_cacheable_i_10/O
                         net (fo=1, routed)           0.000     2.440    dcache/s2_cacheable_i_10_n_0
    SLICE_X45Y69         CARRY4 (Prop_carry4_S[1]_CO[3])
                                                      0.550     2.990 r  dcache/s2_cacheable_reg_i_2/CO[3]
                         net (fo=1, routed)           0.000     2.990    dcache/s2_cacheable_reg_i_2_n_0
    SLICE_X45Y70         CARRY4 (Prop_carry4_CI_CO[3])
                                                      0.114     3.104 r  dcache/s2_cacheable_reg_i_1/CO[3]
                         net (fo=10, routed)          1.029     4.133    dcache/s1_cacheable
    SLICE_X48Y62         LUT6 (Prop_lut6_I4_O)        0.124     4.257 f  dcache/mepc[31]_i_4/O
                         net (fo=1, routed)           0.920     5.178    core/fetch/c_d_rsp_error
    SLICE_X54Y53         LUT6 (Prop_lut6_I4_O)        0.124     5.302 f  core/fetch/mepc[31]_i_3/O
                         net (fo=36, routed)          0.802     6.103    core/fetch/m1_reg[valid]
    SLICE_X55Y44         LUT5 (Prop_lut5_I0_O)        0.124     6.227 r  core/fetch/e_pc[31]_i_4/O
                         net (fo=37, routed)          0.860     7.087    core/fetch/mstatus_mie_reg
    SLICE_X55Y42         LUT3 (Prop_lut3_I0_O)        0.124     7.211 f  core/fetch/e_pending_i_3/O
                         net (fo=95, routed)          0.757     7.968    core/fetch_n_228
    SLICE_X56Y43         LUT3 (Prop_lut3_I0_O)        0.124     8.092 r  core/e_dec[fencei]_i_2/O
                         net (fo=164, routed)         0.878     8.970    core/e_dec169_out
    SLICE_X61Y42         LUT4 (Prop_lut4_I3_O)        0.153     9.123 r  core/e_dec[imm][31]_i_1/O
                         net (fo=27, routed)          0.862     9.985    core/e_dec[imm][31]_i_1_n_0
    SLICE_X62Y44         FDRE                                         r  core/e_dec_reg[imm][31]/R
  -------------------------------------------------------------------    -------------------

                         (clock clk rise edge)       10.000    10.000 r  
                                                      0.000    10.000 r  clk (IN)
                         net (fo=3066, unset)         0.924    10.924    core/clk
    SLICE_X62Y44         FDRE                                         r  core/e_dec_reg[imm][31]/C
                         clock pessimism              0.000    10.924    
                         clock uncertainty           -0.035    10.889    
    SLICE_X62Y44         FDRE (Setup_fdre_C_R)       -0.727    10.162    core/e_dec_reg[imm][31]
  -------------------------------------------------------------------
                         required time                         10.162    
                         arrival time                          -9.985    
  -------------------------------------------------------------------
                         slack                                  0.177    

Slack (MET) :             0.210ns  (required time - arrival time)
  Source:                 dcache/s1_addr_reg[19]/C
                            (rising edge-triggered cell FDRE clocked by clk  {rise@0.000ns fall@5.000ns period=10.000ns})
  Destination:            core/e_dec_reg[b_imm]/D
                            (rising edge-triggered cell FDRE clocked by clk  {rise@0.000ns fall@5.000ns period=10.000ns})
  Path Group:             clk
  Path Type:              Setup (Max at Slow Process Corner)
  Requirement:            10.000ns  (clk rise@10.000ns - clk rise@0.000ns)
  Data Path Delay:        9.639ns  (logic 2.344ns (24.318%)  route 7.295ns (75.682%))
  Logic Levels:           10  (CARRY4=2 LUT2=1 LUT3=2 LUT4=1 LUT5=2 LUT6=2)
  Clock Path Skew:        -0.049ns (DCD - SCD + CPR)
    Destination Clock Delay (DCD):    0.924ns = ( 10.924 - 10.000 ) 
    Source Clock Delay      (SCD):    0.973ns
    Clock Pessimism Removal (CPR):    0.000ns
  Clock Uncertainty:      0.035ns  ((TSJ^2 + TIJ^2)^1/2 + DJ) / 2 + PE
    Total System Jitter     (TSJ):    0.071ns
    Total Input Jitter      (TIJ):    0.000ns
    Discrete Jitter          (DJ):    0.000ns
    Phase Error              (PE):    0.000ns

    Location             Delay type                Incr(ns)  Path(ns)    Netlist Resource(s)
  -------------------------------------------------------------------    -------------------
                         (clock clk rise edge)        0.000     0.000 r  
                                                      0.000     0.000 r  clk (IN)
                         net (fo=3066, unset)         0.973     0.973    dcache/clk
    SLICE_X47Y68         FDRE                                         r  dcache/s1_addr_reg[19]/C
  -------------------------------------------------------------------    -------------------
    SLICE_X47Y68         FDRE (Prop_fdre_C_Q)         0.456     1.429 f  dcache/s1_addr_reg[19]/Q
                         net (fo=5, routed)           0.887     2.316    dcache/s1_addr_reg_n_0_[19]
    SLICE_X45Y69         LUT2 (Prop_lut2_I0_O)        0.124     2.440 r  dcache/s2_cacheable_i_10/O
                         net (fo=1, routed)           0.000     2.440    dcache/s2_cacheable_i_10_n_0
    SLICE_X45Y69         CARRY4 (Prop_carry4_S[1]_CO[3])
                                                      0.550     2.990 r  dcache/s2_cacheable_reg_i_2/CO[3]
                         net (fo=1, routed)           0.000     2.990    dcache/s2_cacheable_reg_i_2_n_0
    SLICE_X45Y70         CARRY4 (Prop_carry4_CI_CO[3])
                                                      0.114     3.104 f  dcache/s2_cacheable_reg_i_1/CO[3]
                         net (fo=10, routed)          1.029     4.133    dcache/s1_cacheable
    SLICE_X48Y62         LUT6 (Prop_lut6_I4_O)        0.124     4.257 r  dcache/mepc[31]_i_4/O
                         net (fo=1, routed)           0.920     5.178    core/fetch/c_d_rsp_error
    SLICE_X54Y53         LUT6 (Prop_lut6_I4_O)        0.124     5.302 r  core/fetch/mepc[31]_i_3/O
                         net (fo=36, routed)          0.802     6.103    core/fetch/m1_reg[valid]
    SLICE_X55Y44         LUT5 (Prop_lut5_I0_O)        0.124     6.227 f  core/fetch/e_pc[31]_i_4/O
                         net (fo=37, routed)          0.860     7.087    core/fetch/mstatus_mie_reg
    SLICE_X55Y42         LUT3 (Prop_lut3_I0_O)        0.124     7.211 r  core/fetch/e_pending_i_3/O
                         net (fo=95, routed)          0.757     7.968    core/fetch_n_228
    SLICE_X56Y43         LUT3 (Prop_lut3_I0_O)        0.124     8.092 f  core/e_dec[fencei]_i_2/O
                         net (fo=164, routed)         0.878     8.970    core/e_dec169_out
    SLICE_X61Y42         LUT4 (Prop_lut4_I3_O)        0.153     9.123 f  core/e_dec[imm][31]_i_1/O
                         net (fo=27, routed)          0.675     9.799    core/e_dec[imm][31]_i_1_n_0
    SLICE_X60Y44         LUT5 (Prop_lut5_I4_O)        0.327    10.126 r  core/e_dec[b_imm]_i_1/O
                         net (fo=1, routed)           0.486    10.612    core/e_dec[b_imm]_i_1_n_0
    SLICE_X57Y46         FDRE                                         r  core/e_dec_reg[b_imm]/D
  -------------------------------------------------------------------    -------------------

                         (clock clk rise edge)       10.000    10.000 r  
                                                      0.000    10.000 r  clk (IN)
                         net (fo=3066, unset)         0.924    10.924    core/clk
    SLICE_X57Y46         FDRE                                         r  core/e_dec_reg[b_imm]/C
                         clock pessimism              0.000    10.924    
                         clock uncertainty           -0.035    10.889    
    SLICE_X57Y46         FDRE (Setup_fdre_C_D)       -0.067    10.822    core/e_dec_reg[b_imm]
  -------------------------------------------------------------------
                         required time                         10.822    
                         arrival time                         -10.612    
  -------------------------------------------------------------------
                         slack                                  0.210    

Slack (MET) :             0.277ns  (required time - arrival time)
  Source:                 dcache/s1_addr_reg[19]/C
                            (rising edge-triggered cell FDRE clocked by clk  {rise@0.000ns fall@5.000ns period=10.000ns})
  Destination:            core/e_dec_reg[imm][14]/R
                            (rising edge-triggered cell FDRE clocked by clk  {rise@0.000ns fall@5.000ns period=10.000ns})
  Path Group:             clk
  Path Type:              Setup (Max at Slow Process Corner)
  Requirement:            10.000ns  (clk rise@10.000ns - clk rise@0.000ns)
  Data Path Delay:        9.007ns  (logic 2.017ns (22.394%)  route 6.990ns (77.606%))
  Logic Levels:           9  (CARRY4=2 LUT2=1 LUT3=2 LUT4=1 LUT5=1 LUT6=2)
  Clock Path Skew:        -0.049ns (DCD - SCD + CPR)
    Destination Clock Delay (DCD):    0.924ns = ( 10.924 - 10.000 ) 
    Source Clock Delay      (SCD):    0.973ns
    Clock Pessimism Removal (CPR):    0.000ns
  Clock Uncertainty:      0.035ns  ((TSJ^2 + TIJ^2)^1/2 + DJ) / 2 + PE
    Total System Jitter     (TSJ):    0.071ns
    Total Input Jitter      (TIJ):    0.000ns
    Discrete Jitter          (DJ):    0.000ns
    Phase Error              (PE):    0.000ns

    Location             Delay type                Incr(ns)  Path(ns)    Netlist Resource(s)
  -------------------------------------------------------------------    -------------------
                         (clock clk rise edge)        0.000     0.000 r  
                                                      0.000     0.000 r  clk (IN)
                         net (fo=3066, unset)         0.973     0.973    dcache/clk
    SLICE_X47Y68         FDRE                                         r  dcache/s1_addr_reg[19]/C
  -------------------------------------------------------------------    -------------------
    SLICE_X47Y68         FDRE (Prop_fdre_C_Q)         0.456     1.429 f  dcache/s1_addr_reg[19]/Q
                         net (fo=5, routed)           0.887     2.316    dcache/s1_addr_reg_n_0_[19]
    SLICE_X45Y69         LUT2 (Prop_lut2_I0_O)        0.124     2.440 r  dcache/s2_cacheable_i_10/O
                         net (fo=1, routed)           0.000     2.440    dcache/s2_cacheable_i_10_n_0
    SLICE_X45Y69         CARRY4 (Prop_carry4_S[1]_CO[3])
                                                      0.550     2.990 r  dcache/s2_cacheable_reg_i_2/CO[3]
                         net (fo=1, routed)           0.000     2.990    dcache/s2_cacheable_reg_i_2_n_0
    SLICE_X45Y70         CARRY4 (Prop_carry4_CI_CO[3])
                                                      0.114     3.104 r  dcache/s2_cacheable_reg_i_1/CO[3]
                         net (fo=10, routed)          1.029     4.133    dcache/s1_cacheable
    SLICE_X48Y62         LUT6 (Prop_lut6_I4_O)        0.124     4.257 f  dcache/mepc[31]_i_4/O
                         net (fo=1, routed)           0.920     5.178    core/fetch/c_d_rsp_error
    SLICE_X54Y53         LUT6 (Prop_lut6_I4_O)        0.124     5.302 f  core/fetch/mepc[31]_i_3/O
                         net (fo=36, routed)          0.802     6.103    core/fetch/m1_reg[valid]
    SLICE_X55Y44         LUT5 (Prop_lut5_I0_O)        0.124     6.227 r  core/fetch/e_pc[31]_i_4/O
                         net (fo=37, routed)          0.860     7.087    core/fetch/mstatus_mie_reg
    SLICE_X55Y42         LUT3 (Prop_lut3_I0_O)        0.124     7.211 f  core/fetch/e_pending_i_3/O
                         net (fo=95, routed)          0.757     7.968    core/fetch_n_228
    SLICE_X56Y43         LUT3 (Prop_lut3_I0_O)        0.124     8.092 r  core/e_dec[fencei]_i_2/O
                         net (fo=164, routed)         0.878     8.970    core/e_dec169_out
    SLICE_X61Y42         LUT4 (Prop_lut4_I3_O)        0.153     9.123 r  core/e_dec[imm][31]_i_1/O
                         net (fo=27, routed)          0.857     9.980    core/e_dec[imm][31]_i_1_n_0
    SLICE_X60Y45         FDRE                                         r  core/e_dec_reg[imm][14]/R
  -------------------------------------------------------------------    -------------------

                         (clock clk rise edge)       10.000    10.000 r  
                                                      0.000    10.000 r  clk (IN)
                         net (fo=3066, unset)         0.924    10.924    core/clk
    SLICE_X60Y45         FDRE                                         r  core/e_dec_reg[imm][14]/C
                         clock pessimism              0.000    10.924    
                         clock uncertainty           -0.035    10.889    
    SLICE_X60Y45         FDRE (Setup_fdre_C_R)       -0.632    10.257    core/e_dec_reg[imm][14]
  -------------------------------------------------------------------
                         required time                         10.257    
                         arrival time                          -9.980    
  -------------------------------------------------------------------
                         slack                                  0.277    

Slack (MET) :             0.277ns  (required time - arrival time)
  Source:                 dcache/s1_addr_reg[19]/C
                            (rising edge-triggered cell FDRE clocked by clk  {rise@0.000ns fall@5.000ns period=10.000ns})
  Destination:            core/e_dec_reg[imm][15]/R
                            (rising edge-triggered cell FDRE clocked by clk  {rise@0.000ns fall@5.000ns period=10.000ns})
  Path Group:             clk
  Path Type:              Setup (Max at Slow Process Corner)
  Requirement:            10.000ns  (clk rise@10.000ns - clk rise@0.000ns)
  Data Path Delay:        9.007ns  (logic 2.017ns (22.394%)  route 6.990ns (77.606%))
  Logic Levels:           9  (CARRY4=2 LUT2=1 LUT3=2 LUT4=1 LUT5=1 LUT6=2)
  Clock Path Skew:        -0.049ns (DCD - SCD + CPR)
    Destination Clock Delay (DCD):    0.924ns = ( 10.924 - 10.000 ) 
    Source Clock Delay      (SCD):    0.973ns
    Clock Pessimism Removal (CPR):    0.000ns
  Clock Uncertainty:      0.035ns  ((TSJ^2 + TIJ^2)^1/2 + DJ) / 2 + PE
    Total System Jitter     (TSJ):    0.071ns
    Total Input Jitter      (TIJ):    0.000ns
    Discrete Jitter          (DJ):    0.000ns
    Phase Error              (PE):    0.000ns

    Location             Delay type                Incr(ns)  Path(ns)    Netlist Resource(s)
  -------------------------------------------------------------------    -------------------
                         (clock clk rise edge)        0.000     0.000 r  
                                                      0.000     0.000 r  clk (IN)
                         net (fo=3066, unset)         0.973     0.973    dcache/clk
    SLICE_X47Y68         FDRE                                         r  dcache/s1_addr_reg[19]/C
  -------------------------------------------------------------------    -------------------
    SLICE_X47Y68         FDRE (Prop_fdre_C_Q)         0.456     1.429 f  dcache/s1_addr_reg[19]/Q
                         net (fo=5, routed)           0.887     2.316    dcache/s1_addr_reg_n_0_[19]
    SLICE_X45Y69         LUT2 (Prop_lut2_I0_O)        0.124     2.440 r  dcache/s2_cacheable_i_10/O
                         net (fo=1, routed)           0.000     2.440    dcache/s2_cacheable_i_10_n_0
    SLICE_X45Y69         CARRY4 (Prop_carry4_S[1]_CO[3])
                                                      0.550     2.990 r  dcache/s2_cacheable_reg_i_2/CO[3]
                         net (fo=1, routed)           0.000     2.990    dcache/s2_cacheable_reg_i_2_n_0
    SLICE_X45Y70         CARRY4 (Prop_carry4_CI_CO[3])
                                                      0.114     3.104 r  dcache/s2_cacheable_reg_i_1/CO[3]
                         net (fo=10, routed)          1.029     4.133    dcache/s1_cacheable
    SLICE_X48Y62         LUT6 (Prop_lut6_I4_O)        0.124     4.257 f  dcache/mepc[31]_i_4/O
                         net (fo=1, routed)           0.920     5.178    core/fetch/c_d_rsp_error
    SLICE_X54Y53         LUT6 (Prop_lut6_I4_O)        0.124     5.302 f  core/fetch/mepc[31]_i_3/O
                         net (fo=36, routed)          0.802     6.103    core/fetch/m1_reg[valid]
    SLICE_X55Y44         LUT5 (Prop_lut5_I0_O)        0.124     6.227 r  core/fetch/e_pc[31]_i_4/O
                         net (fo=37, routed)          0.860     7.087    core/fetch/mstatus_mie_reg
    SLICE_X55Y42         LUT3 (Prop_lut3_I0_O)        0.124     7.211 f  core/fetch/e_pending_i_3/O
                         net (fo=95, routed)          0.757     7.968    core/fetch_n_228
    SLICE_X56Y43         LUT3 (Prop_lut3_I0_O)        0.124     8.092 r  core/e_dec[fencei]_i_2/O
                         net (fo=164, routed)         0.878     8.970    core/e_dec169_out
    SLICE_X61Y42         LUT4 (Prop_lut4_I3_O)        0.153     9.123 r  core/e_dec[imm][31]_i_1/O
                         net (fo=27, routed)          0.857     9.980    core/e_dec[imm][31]_i_1_n_0
    SLICE_X60Y45         FDRE                                         r  core/e_dec_reg[imm][15]/R
  -------------------------------------------------------------------    -------------------

                         (clock clk rise edge)       10.000    10.000 r  
                                                      0.000    10.000 r  clk (IN)
                         net (fo=3066, unset)         0.924    10.924    core/clk
    SLICE_X60Y45         FDRE                                         r  core/e_dec_reg[imm][15]/C
                         clock pessimism              0.000    10.924    
                         clock uncertainty           -0.035    10.889    
    SLICE_X60Y45         FDRE (Setup_fdre_C_R)       -0.632    10.257    core/e_dec_reg[imm][15]
  -------------------------------------------------------------------
                         required time                         10.257    
                         arrival time                          -9.980    
  -------------------------------------------------------------------
                         slack                                  0.277    

Slack (MET) :             0.277ns  (required time - arrival time)
  Source:                 dcache/s1_addr_reg[19]/C
                            (rising edge-triggered cell FDRE clocked by clk  {rise@0.000ns fall@5.000ns period=10.000ns})
  Destination:            core/e_dec_reg[imm][18]/R
                            (rising edge-triggered cell FDRE clocked by clk  {rise@0.000ns fall@5.000ns period=10.000ns})
  Path Group:             clk
  Path Type:              Setup (Max at Slow Process Corner)
  Requirement:            10.000ns  (clk rise@10.000ns - clk rise@0.000ns)
  Data Path Delay:        9.007ns  (logic 2.017ns (22.394%)  route 6.990ns (77.606%))
  Logic Levels:           9  (CARRY4=2 LUT2=1 LUT3=2 LUT4=1 LUT5=1 LUT6=2)
  Clock Path Skew:        -0.049ns (DCD - SCD + CPR)
    Destination Clock Delay (DCD):    0.924ns = ( 10.924 - 10.000 ) 
    Source Clock Delay      (SCD):    0.973ns
    Clock Pessimism Removal (CPR):    0.000ns
  Clock Uncertainty:      0.035ns  ((TSJ^2 + TIJ^2)^1/2 + DJ) / 2 + PE
    Total System Jitter     (TSJ):    0.071ns
    Total Input Jitter      (TIJ):    0.000ns
    Discrete Jitter          (DJ):    0.000ns
    Phase Error              (PE):    0.000ns

    Location             Delay type                Incr(ns)  Path(ns)    Netlist Resource(s)
  -------------------------------------------------------------------    -------------------
                         (clock clk rise edge)        0.000     0.000 r  
                                                      0.000     0.000 r  clk (IN)
                         net (fo=3066, unset)         0.973     0.973    dcache/clk
    SLICE_X47Y68         FDRE                                         r  dcache/s1_addr_reg[19]/C
  -------------------------------------------------------------------    -------------------
    SLICE_X47Y68         FDRE (Prop_fdre_C_Q)         0.456     1.429 f  dcache/s1_addr_reg[19]/Q
                         net (fo=5, routed)           0.887     2.316    dcache/s1_addr_reg_n_0_[19]
    SLICE_X45Y69         LUT2 (Prop_lut2_I0_O)        0.124     2.440 r  dcache/s2_cacheable_i_10/O
                         net (fo=1, routed)           0.000     2.440    dcache/s2_cacheable_i_10_n_0
    SLICE_X45Y69         CARRY4 (Prop_carry4_S[1]_CO[3])
                                                      0.550     2.990 r  dcache/s2_cacheable_reg_i_2/CO[3]
                         net (fo=1, routed)           0.000     2.990    dcache/s2_cacheable_reg_i_2_n_0
    SLICE_X45Y70         CARRY4 (Prop_carry4_CI_CO[3])
                                                      0.114     3.104 r  dcache/s2_cacheable_reg_i_1/CO[3]
                         net (fo=10, routed)          1.029     4.133    dcache/s1_cacheable
    SLICE_X48Y62         LUT6 (Prop_lut6_I4_O)        0.124     4.257 f  dcache/mepc[31]_i_4/O
                         net (fo=1, routed)           0.920     5.178    core/fetch/c_d_rsp_error
    SLICE_X54Y53         LUT6 (Prop_lut6_I4_O)        0.124     5.302 f  core/fetch/mepc[31]_i_3/O
                         net (fo=36, routed)          0.802     6.103    core/fetch/m1_reg[valid]
    SLICE_X55Y44         LUT5 (Prop_lut5_I0_O)        0.124     6.227 r  core/fetch/e_pc[31]_i_4/O
                         net (fo=37, routed)          0.860     7.087    core/fetch/mstatus_mie_reg
    SLICE_X55Y42         LUT3 (Prop_lut3_I0_O)        0.124     7.211 f  core/fetch/e_pending_i_3/O
                         net (fo=95, routed)          0.757     7.968    core/fetch_n_228
    SLICE_X56Y43         LUT3 (Prop_lut3_I0_O)        0.124     8.092 r  core/e_dec[fencei]_i_2/O
                         net (fo=164, routed)         0.878     8.970    core/e_dec169_out
    SLICE_X61Y42         LUT4 (Prop_lut4_I3_O)        0.153     9.123 r  core/e_dec[imm][31]_i_1/O
                         net (fo=27, routed)          0.857     9.980    core/e_dec[imm][31]_i_1_n_0
    SLICE_X60Y45         FDRE                                         r  core/e_dec_reg[imm][18]/R
  -------------------------------------------------------------------    -------------------

                         (clock clk rise edge)       10.000    10.000 r  
                                                      0.000    10.000 r  clk (IN)
                         net (fo=3066, unset)         0.924    10.924    core/clk
    SLICE_X60Y45         FDRE                                         r  core/e_dec_reg[imm][18]/C
                         clock pessimism              0.000    10.924    
                         clock uncertainty           -0.035    10.889    
    SLICE_X60Y45         FDRE (Setup_fdre_C_R)       -0.632    10.257    core/e_dec_reg[imm][18]
  -------------------------------------------------------------------
                         required time                         10.257    
                         arrival time                          -9.980    
  -------------------------------------------------------------------
                         slack                                  0.277    

Slack (MET) :             0.277ns  (required time - arrival time)
  Source:                 dcache/s1_addr_reg[19]/C
                            (rising edge-triggered cell FDRE clocked by clk  {rise@0.000ns fall@5.000ns period=10.000ns})
  Destination:            core/e_dec_reg[imm][19]/R
                            (rising edge-triggered cell FDRE clocked by clk  {rise@0.000ns fall@5.000ns period=10.000ns})
  Path Group:             clk
  Path Type:              Setup (Max at Slow Process Corner)
  Requirement:            10.000ns  (clk rise@10.000ns - clk rise@0.000ns)
  Data Path Delay:        9.007ns  (logic 2.017ns (22.394%)  route 6.990ns (77.606%))
  Logic Levels:           9  (CARRY4=2 LUT2=1 LUT3=2 LUT4=1 LUT5=1 LUT6=2)
  Clock Path Skew:        -0.049ns (DCD - SCD + CPR)
    Destination Clock Delay (DCD):    0.924ns = ( 10.924 - 10.000 ) 
    Source Clock Delay      (SCD):    0.973ns
    Clock Pessimism Removal (CPR):    0.000ns
  Clock Uncertainty:      0.035ns  ((TSJ^2 + TIJ^2)^1/2 + DJ) / 2 + PE
    Total System Jitter     (TSJ):    0.071ns
    Total Input Jitter      (TIJ):    0.000ns
    Discrete Jitter          (DJ):    0.000ns
    Phase Error              (PE):    0.000ns

    Location             Delay type                Incr(ns)  Path(ns)    Netlist Resource(s)
  -------------------------------------------------------------------    -------------------
                         (clock clk rise edge)        0.000     0.000 r  
                                                      0.000     0.000 r  clk (IN)
                         net (fo=3066, unset)         0.973     0.973    dcache/clk
    SLICE_X47Y68         FDRE                                         r  dcache/s1_addr_reg[19]/C
  -------------------------------------------------------------------    -------------------
    SLICE_X47Y68         FDRE (Prop_fdre_C_Q)         0.456     1.429 f  dcache/s1_addr_reg[19]/Q
                         net (fo=5, routed)           0.887     2.316    dcache/s1_addr_reg_n_0_[19]
    SLICE_X45Y69         LUT2 (Prop_lut2_I0_O)        0.124     2.440 r  dcache/s2_cacheable_i_10/O
                         net (fo=1, routed)           0.000     2.440    dcache/s2_cacheable_i_10_n_0
    SLICE_X45Y69         CARRY4 (Prop_carry4_S[1]_CO[3])
                                                      0.550     2.990 r  dcache/s2_cacheable_reg_i_2/CO[3]
                         net (fo=1, routed)           0.000     2.990    dcache/s2_cacheable_reg_i_2_n_0
    SLICE_X45Y70         CARRY4 (Prop_carry4_CI_CO[3])
                                                      0.114     3.104 r  dcache/s2_cacheable_reg_i_1/CO[3]
                         net (fo=10, routed)          1.029     4.133    dcache/s1_cacheable
    SLICE_X48Y62         LUT6 (Prop_lut6_I4_O)        0.124     4.257 f  dcache/mepc[31]_i_4/O
                         net (fo=1, routed)           0.920     5.178    core/fetch/c_d_rsp_error
    SLICE_X54Y53         LUT6 (Prop_lut6_I4_O)        0.124     5.302 f  core/fetch/mepc[31]_i_3/O
                         net (fo=36, routed)          0.802     6.103    core/fetch/m1_reg[valid]
    SLICE_X55Y44         LUT5 (Prop_lut5_I0_O)        0.124     6.227 r  core/fetch/e_pc[31]_i_4/O
                         net (fo=37, routed)          0.860     7.087    core/fetch/mstatus_mie_reg
    SLICE_X55Y42         LUT3 (Prop_lut3_I0_O)        0.124     7.211 f  core/fetch/e_pending_i_3/O
                         net (fo=95, routed)          0.757     7.968    core/fetch_n_228
    SLICE_X56Y43         LUT3 (Prop_lut3_I0_O)        0.124     8.092 r  core/e_dec[fencei]_i_2/O
                         net (fo=164, routed)         0.878     8.970    core/e_dec169_out
    SLICE_X61Y42         LUT4 (Prop_lut4_I3_O)        0.153     9.123 r  core/e_dec[imm][31]_i_1/O
                         net (fo=27, routed)          0.857     9.980    core/e_dec[imm][31]_i_1_n_0
    SLICE_X60Y45         FDRE                                         r  core/e_dec_reg[imm][19]/R
  -------------------------------------------------------------------    -------------------

                         (clock clk rise edge)       10.000    10.000 r  
                                                      0.000    10.000 r  clk (IN)
                         net (fo=3066, unset)         0.924    10.924    core/clk
    SLICE_X60Y45         FDRE                                         r  core/e_dec_reg[imm][19]/C
                         clock pessimism              0.000    10.924    
                         clock uncertainty           -0.035    10.889    
    SLICE_X60Y45         FDRE (Setup_fdre_C_R)       -0.632    10.257    core/e_dec_reg[imm][19]
  -------------------------------------------------------------------
                         required time                         10.257    
                         arrival time                          -9.980    
  -------------------------------------------------------------------
                         slack                                  0.277    





Min Delay Paths
--------------------------------------------------------------------------------------
Slack (MET) :             0.041ns  (arrival time - required time)
  Source:                 icache/s2_addr_reg[27]/C
                            (rising edge-triggered cell FDRE clocked by clk  {rise@0.000ns fall@5.000ns period=10.000ns})
  Destination:            icache/tag_ram_reg_192_255_15_17/RAMA/I
                            (rising edge-triggered cell RAMD64E clocked by clk  {rise@0.000ns fall@5.000ns period=10.000ns})
  Path Group:             clk
  Path Type:              Hold (Min at Fast Process Corner)
  Requirement:            0.000ns  (clk rise@0.000ns - clk rise@0.000ns)
  Data Path Delay:        0.209ns  (logic 0.141ns (67.433%)  route 0.068ns (32.567%))
  Logic Levels:           0  
  Clock Path Skew:        0.022ns (DCD - SCD - CPR)
    Destination Clock Delay (DCD):    0.432ns
    Source Clock Delay      (SCD):    0.410ns
    Clock Pessimism Removal (CPR):    -0.000ns

    Location             Delay type                Incr(ns)  Path(ns)    Netlist Resource(s)
  -------------------------------------------------------------------    -------------------
                         (clock clk rise edge)        0.000     0.000 r  
                                                      0.000     0.000 r  clk (IN)
                         net (fo=3066, unset)         0.410     0.410    icache/clk
    SLICE_X43Y58         FDRE                                         r  icache/s2_addr_reg[27]/C
  -------------------------------------------------------------------    -------------------
    SLICE_X43Y58         FDRE (Prop_fdre_C_Q)         0.141     0.551 r  icache/s2_addr_reg[27]/Q
                         net (fo=4, routed)           0.068     0.619    icache/tag_ram_reg_192_255_15_17/DIA
    SLICE_X42Y58         RAMD64E                                      r  icache/tag_ram_reg_192_255_15_17/RAMA/I
  -------------------------------------------------------------------    -------------------

                         (clock clk rise edge)        0.000     0.000 r  
                                                      0.000     0.000 r  clk (IN)
                         net (fo=3066, unset)         0.432     0.432    icache/tag_ram_reg_192_255_15_17/WCLK
    SLICE_X42Y58         RAMD64E                                      r  icache/tag_ram_reg_192_255_15_17/RAMA/CLK
                         clock pessimism              0.000     0.432    
    SLICE_X42Y58         RAMD64E (Hold_ramd64e_CLK_I)
                                                      0.147     0.579    icache/tag_ram_reg_192_255_15_17/RAMA
  -------------------------------------------------------------------
                         required time                         -0.579    
                         arrival time                           0.619    
  -------------------------------------------------------------------
                         slack                                  0.041    

Slack (MET) :             0.052ns  (arrival time - required time)
  Source:                 icache/s2_addr_reg[4]_rep__2/C
                            (rising edge-triggered cell FDRE clocked by clk  {rise@0.000ns fall@5.000ns period=10.000ns})
  Destination:            icache/tag_ram_reg_192_255_18_19/RAMA/WADR0
                            (rising edge-triggered cell RAMD64E clocked by clk  {rise@0.000ns fall@5.000ns period=10.000ns})
  Path Group:             clk
  Path Type:              Hold (Min at Fast Process Corner)
  Requirement:            0.000ns  (clk rise@0.000ns - clk rise@0.000ns)
  Data Path Delay:        0.384ns  (logic 0.141ns (36.735%)  route 0.243ns (63.265%))
  Logic Levels:           0  
  Clock Path Skew:        0.022ns (DCD - SCD - CPR)
    Destination Clock Delay (DCD):    0.432ns
    Source Clock Delay      (SCD):    0.410ns
    Clock Pessimism Removal (CPR):    -0.000ns

    Location             Delay type                Incr(ns)  Path(ns)    Netlist Resource(s)
  -------------------------------------------------------------------    -------------------
                         (clock clk rise edge)        0.000     0.000 r  
                                                      0.000     0.000 r  clk (IN)
                         net (fo=3066, unset)         0.410     0.410    icache/clk
    SLICE_X37Y57         FDRE                                         r  icache/s2_addr_reg[4]_rep__2/C
  -------------------------------------------------------------------    -------------------
    SLICE_X37Y57         FDRE (Prop_fdre_C_Q)         0.141     0.551 r  icache/s2_addr_reg[4]_rep__2/Q
                         net (fo=140, routed)         0.243     0.794    icache/tag_ram_reg_192_255_18_19/ADDRD0
    SLICE_X36Y57         RAMD64E                                      r  icache/tag_ram_reg_192_255_18_19/RAMA/WADR0
  -------------------------------------------------------------------    -------------------

                         (clock clk rise edge)        0.000     0.000 r  
                                                      0.000     0.000 r  clk (IN)
                         net (fo=3066, unset)         0.432     0.432    icache/tag_ram_reg_192_255_18_19/WCLK
    SLICE_X36Y57         RAMD64E                                      r  icache/tag_ram_reg_192_255_18_19/RAMA/CLK
                         clock pessimism              0.000     0.432    
    SLICE_X36Y57         RAMD64E (Hold_ramd64e_CLK_WADR0)
                                                      0.310     0.742    icache/tag_ram_reg_192_255_18_19/RAMA
  -------------------------------------------------------------------
                         required time                         -0.742    
                         arrival time                           0.794    
  -------------------------------------------------------------------
                         slack                                  0.052    

Slack (MET) :             0.052ns  (arrival time - required time)
  Source:                 icache/s2_addr_reg[4]_rep__2/C
                            (rising edge-triggered cell FDRE clocked by clk  {rise@0.000ns fall@5.000ns period=10.000ns})
  Destination:            icache/tag_ram_reg_192_255_18_19/RAMB/WADR0
                            (rising edge-triggered cell RAMD64E clocked by clk  {rise@0.000ns fall@5.000ns period=10.000ns})
  Path Group:             clk
  Path Type:              Hold (Min at Fast Process Corner)
  Requirement:            0.000ns  (clk rise@0.000ns - clk rise@0.000ns)
  Data Path Delay:        0.384ns  (logic 0.141ns (36.735%)  route 0.243ns (63.265%))
  Logic Levels:           0  
  Clock Path Skew:        0.022ns (DCD - SCD - CPR)
    Destination Clock Delay (DCD):    0.432ns
    Source Clock Delay      (SCD):    0.410ns
    Clock Pessimism Removal (CPR):    -0.000ns

    Location             Delay type                Incr(ns)  Path(ns)    Netlist Resource(s)
  -------------------------------------------------------------------    -------------------
                         (clock clk rise edge)        0.000     0.000 r  
                                                      0.000     0.000 r  clk (IN)
                         net (fo=3066, unset)         0.410     0.410    icache/clk
    SLICE_X37Y57         FDRE                                         r  icache/s2_addr_reg[4]_rep__2/C
  -------------------------------------------------------------------    -------------------
    SLICE_X37Y57         FDRE (Prop_fdre_C_Q)         0.141     0.551 r  icache/s2_addr_reg[4]_rep__2/Q
                         net (fo=140, routed)         0.243     0.794    icache/tag_ram_reg_192_255_18_19/ADDRD0
    SLICE_X36Y57         RAMD64E                                      r  icache/tag_ram_reg_192_255_18_19/RAMB/WADR0
  -------------------------------------------------------------------    -------------------

                         (clock clk rise edge)        0.000     0.000 r  
                                                      0.000     0.000 r  clk (IN)
                         net (fo=3066, unset)         0.432     0.432    icache/tag_ram_reg_192_255_18_19/WCLK
    SLICE_X36Y57         RAMD64E                                      r  icache/tag_ram_reg_192_255_18_19/RAMB/CLK
                         clock pessimism              0.000     0.432    
    SLICE_X36Y57         RAMD64E (Hold_ramd64e_CLK_WADR0)
                                                      0.310     0.742    icache/tag_ram_reg_192_255_18_19/RAMB
  -------------------------------------------------------------------
                         required time                         -0.742    
                         arrival time                           0.794    
  -------------------------------------------------------------------
                         slack                                  0.052    

Slack (MET) :             0.052ns  (arrival time - required time)
  Source:                 icache/s2_addr_reg[4]_rep__2/C
                            (rising edge-triggered cell FDRE clocked by clk  {rise@0.000ns fall@5.000ns period=10.000ns})
  Destination:            icache/tag_ram_reg_192_255_18_19/RAMC/WADR0
                            (rising edge-triggered cell RAMD64E clocked by clk  {rise@0.000ns fall@5.000ns period=10.000ns})
  Path Group:             clk
  Path Type:              Hold (Min at Fast Process Corner)
  Requirement:            0.000ns  (clk rise@0.000ns - clk rise@0.000ns)
  Data Path Delay:        0.384ns  (logic 0.141ns (36.735%)  route 0.243ns (63.265%))
  Logic Levels:           0  
  Clock Path Skew:        0.022ns (DCD - SCD - CPR)
    Destination Clock Delay (DCD):    0.432ns
    Source Clock Delay      (SCD):    0.410ns
    Clock Pessimism Removal (CPR):    -0.000ns

    Location             Delay type                Incr(ns)  Path(ns)    Netlist Resource(s)
  -------------------------------------------------------------------    -------------------
                         (clock clk rise edge)        0.000     0.000 r  
                                                      0.000     0.000 r  clk (IN)
                         net (fo=3066, unset)         0.410     0.410    icache/clk
    SLICE_X37Y57         FDRE                                         r  icache/s2_addr_reg[4]_rep__2/C
  -------------------------------------------------------------------    -------------------
    SLICE_X37Y57         FDRE (Prop_fdre_C_Q)         0.141     0.551 r  icache/s2_addr_reg[4]_rep__2/Q
                         net (fo=140, routed)         0.243     0.794    icache/tag_ram_reg_192_255_18_19/ADDRD0
    SLICE_X36Y57         RAMD64E                                      r  icache/tag_ram_reg_192_255_18_19/RAMC/WADR0
  -------------------------------------------------------------------    -------------------

                         (clock clk rise edge)        0.000     0.000 r  
                                                      0.000     0.000 r  clk (IN)
                         net (fo=3066, unset)         0.432     0.432    icache/tag_ram_reg_192_255_18_19/WCLK
    SLICE_X36Y57         RAMD64E                                      r  icache/tag_ram_reg_192_255_18_19/RAMC/CLK
                         clock pessimism              0.000     0.432    
    SLICE_X36Y57         RAMD64E (Hold_ramd64e_CLK_WADR0)
                                                      0.310     0.742    icache/tag_ram_reg_192_255_18_19/RAMC
  -------------------------------------------------------------------
                         required time                         -0.742    
                         arrival time                           0.794    
  -------------------------------------------------------------------
                         slack                                  0.052    

Slack (MET) :             0.052ns  (arrival time - required time)
  Source:                 icache/s2_addr_reg[4]_rep__2/C
                            (rising edge-triggered cell FDRE clocked by clk  {rise@0.000ns fall@5.000ns period=10.000ns})
  Destination:            icache/tag_ram_reg_192_255_18_19/RAMD/WADR0
                            (rising edge-triggered cell RAMD64E clocked by clk  {rise@0.000ns fall@5.000ns period=10.000ns})
  Path Group:             clk
  Path Type:              Hold (Min at Fast Process Corner)
  Requirement:            0.000ns  (clk rise@0.000ns - clk rise@0.000ns)
  Data Path Delay:        0.384ns  (logic 0.141ns (36.735%)  route 0.243ns (63.265%))
  Logic Levels:           0  
  Clock Path Skew:        0.022ns (DCD - SCD - CPR)
    Destination Clock Delay (DCD):    0.432ns
    Source Clock Delay      (SCD):    0.410ns
    Clock Pessimism Removal (CPR):    -0.000ns

    Location             Delay type                Incr(ns)  Path(ns)    Netlist Resource(s)
  -------------------------------------------------------------------    -------------------
                         (clock clk rise edge)        0.000     0.000 r  
                                                      0.000     0.000 r  clk (IN)
                         net (fo=3066, unset)         0.410     0.410    icache/clk
    SLICE_X37Y57         FDRE                                         r  icache/s2_addr_reg[4]_rep__2/C
  -------------------------------------------------------------------    -------------------
    SLICE_X37Y57         FDRE (Prop_fdre_C_Q)         0.141     0.551 r  icache/s2_addr_reg[4]_rep__2/Q
                         net (fo=140, routed)         0.243     0.794    icache/tag_ram_reg_192_255_18_19/ADDRD0
    SLICE_X36Y57         RAMD64E                                      r  icache/tag_ram_reg_192_255_18_19/RAMD/WADR0
  -------------------------------------------------------------------    -------------------

                         (clock clk rise edge)        0.000     0.000 r  
                                                      0.000     0.000 r  clk (IN)
                         net (fo=3066, unset)         0.432     0.432    icache/tag_ram_reg_192_255_18_19/WCLK
    SLICE_X36Y57         RAMD64E                                      r  icache/tag_ram_reg_192_255_18_19/RAMD/CLK
                         clock pessimism              0.000     0.432    
    SLICE_X36Y57         RAMD64E (Hold_ramd64e_CLK_WADR0)
                                                      0.310     0.742    icache/tag_ram_reg_192_255_18_19/RAMD
  -------------------------------------------------------------------
                         required time                         -0.742    
                         arrival time                           0.794    
  -------------------------------------------------------------------
                         slack                                  0.052    

Slack (MET) :             0.053ns  (arrival time - required time)
  Source:                 icache/s2_addr_reg[15]/C
                            (rising edge-triggered cell FDRE clocked by clk  {rise@0.000ns fall@5.000ns period=10.000ns})
  Destination:            icache/tag_ram_reg_0_63_3_5/RAMA/I
                            (rising edge-triggered cell RAMD64E clocked by clk  {rise@0.000ns fall@5.000ns period=10.000ns})
  Path Group:             clk
  Path Type:              Hold (Min at Fast Process Corner)
  Requirement:            0.000ns  (clk rise@0.000ns - clk rise@0.000ns)
  Data Path Delay:        0.221ns  (logic 0.141ns (63.753%)  route 0.080ns (36.247%))
  Logic Levels:           0  
  Clock Path Skew:        0.022ns (DCD - SCD - CPR)
    Destination Clock Delay (DCD):    0.432ns
    Source Clock Delay      (SCD):    0.410ns
    Clock Pessimism Removal (CPR):    -0.000ns

    Location             Delay type                Incr(ns)  Path(ns)    Netlist Resource(s)
  -------------------------------------------------------------------    -------------------
                         (clock clk rise edge)        0.000     0.000 r  
                                                      0.000     0.000 r  clk (IN)
                         net (fo=3066, unset)         0.410     0.410    icache/clk
    SLICE_X39Y54         FDRE                                         r  icache/s2_addr_reg[15]/C
  -------------------------------------------------------------------    -------------------
    SLICE_X39Y54         FDRE (Prop_fdre_C_Q)         0.141     0.551 r  icache/s2_addr_reg[15]/Q
                         net (fo=4, routed)           0.080     0.631    icache/tag_ram_reg_0_63_3_5/DIA
    SLICE_X38Y54         RAMD64E                                      r  icache/tag_ram_reg_0_63_3_5/RAMA/I
  -------------------------------------------------------------------    -------------------

                         (clock clk rise edge)        0.000     0.000 r  
                                                      0.000     0.000 r  clk (IN)
                         net (fo=3066, unset)         0.432     0.432    icache/tag_ram_reg_0_63_3_5/WCLK
    SLICE_X38Y54         RAMD64E                                      r  icache/tag_ram_reg_0_63_3_5/RAMA/CLK
                         clock pessimism              0.000     0.432    
    SLICE_X38Y54         RAMD64E (Hold_ramd64e_CLK_I)
                                                      0.147     0.579    icache/tag_ram_reg_0_63_3_5/RAMA
  -------------------------------------------------------------------
                         required time                         -0.579    
                         arrival time                           0.631    
  -------------------------------------------------------------------
                         slack                                  0.053    

Slack (MET) :             0.068ns  (arrival time - required time)
  Source:                 icache/s2_addr_reg[6]_rep__2/C
                            (rising edge-triggered cell FDRE clocked by clk  {rise@0.000ns fall@5.000ns period=10.000ns})
  Destination:            icache/tag_ram_reg_0_63_15_17/RAMA/WADR2
                            (rising edge-triggered cell RAMD64E clocked by clk  {rise@0.000ns fall@5.000ns period=10.000ns})
  Path Group:             clk
  Path Type:              Hold (Min at Fast Process Corner)
  Requirement:            0.000ns  (clk rise@0.000ns - clk rise@0.000ns)
  Data Path Delay:        0.344ns  (logic 0.141ns (40.991%)  route 0.203ns (59.009%))
  Logic Levels:           0  
  Clock Path Skew:        0.022ns (DCD - SCD - CPR)
    Destination Clock Delay (DCD):    0.432ns
    Source Clock Delay      (SCD):    0.410ns
    Clock Pessimism Removal (CPR):    -0.000ns

    Location             Delay type                Incr(ns)  Path(ns)    Netlist Resource(s)
  -------------------------------------------------------------------    -------------------
                         (clock clk rise edge)        0.000     0.000 r  
                                                      0.000     0.000 r  clk (IN)
                         net (fo=3066, unset)         0.410     0.410    icache/clk
    SLICE_X37Y57         FDRE                                         r  icache/s2_addr_reg[6]_rep__2/C
  -------------------------------------------------------------------    -------------------
    SLICE_X37Y57         FDRE (Prop_fdre_C_Q)         0.141     0.551 r  icache/s2_addr_reg[6]_rep__2/Q
                         net (fo=140, routed)         0.203     0.754    icache/tag_ram_reg_0_63_15_17/ADDRD2
    SLICE_X38Y57         RAMD64E                                      r  icache/tag_ram_reg_0_63_15_17/RAMA/WADR2
  -------------------------------------------------------------------    -------------------

                         (clock clk rise edge)        0.000     0.000 r  
                                                      0.000     0.000 r  clk (IN)
                         net (fo=3066, unset)         0.432     0.432    icache/tag_ram_reg_0_63_15_17/WCLK
    SLICE_X38Y57         RAMD64E                                      r  icache/tag_ram_reg_0_63_15_17/RAMA/CLK
                         clock pessimism              0.000     0.432    
    SLICE_X38Y57         RAMD64E (Hold_ramd64e_CLK_WADR2)
                                                      0.254     0.686    icache/tag_ram_reg_0_63_15_17/RAMA
  -------------------------------------------------------------------
                         required time                         -0.686    
                         arrival time                           0.754    
  -------------------------------------------------------------------
                         slack                                  0.068    

Slack (MET) :             0.068ns  (arrival time - required time)
  Source:                 icache/s2_addr_reg[6]_rep__2/C
                            (rising edge-triggered cell FDRE clocked by clk  {rise@0.000ns fall@5.000ns period=10.000ns})
  Destination:            icache/tag_ram_reg_0_63_15_17/RAMB/WADR2
                            (rising edge-triggered cell RAMD64E clocked by clk  {rise@0.000ns fall@5.000ns period=10.000ns})
  Path Group:             clk
  Path Type:              Hold (Min at Fast Process Corner)
  Requirement:            0.000ns  (clk rise@0.000ns - clk rise@0.000ns)
  Data Path Delay:        0.344ns  (logic 0.141ns (40.991%)  route 0.203ns (59.009%))
  Logic Levels:           0  
  Clock Path Skew:        0.022ns (DCD - SCD - CPR)
    Destination Clock Delay (DCD):    0.432ns
    Source Clock Delay      (SCD):    0.410ns
    Clock Pessimism Removal (CPR):    -0.000ns

    Location             Delay type                Incr(ns)  Path(ns)    Netlist Resource(s)
  -------------------------------------------------------------------    -------------------
                         (clock clk rise edge)        0.000     0.000 r  
                                                      0.000     0.000 r  clk (IN)
                         net (fo=3066, unset)         0.410     0.410    icache/clk
    SLICE_X37Y57         FDRE                                         r  icache/s2_addr_reg[6]_rep__2/C
  -------------------------------------------------------------------    -------------------
    SLICE_X37Y57         FDRE (Prop_fdre_C_Q)         0.141     0.551 r  icache/s2_addr_reg[6]_rep__2/Q
                         net (fo=140, routed)         0.203     0.754    icache/tag_ram_reg_0_63_15_17/ADDRD2
    SLICE_X38Y57         RAMD64E                                      r  icache/tag_ram_reg_0_63_15_17/RAMB/WADR2
  -------------------------------------------------------------------    -------------------

                         (clock clk rise edge)        0.000     0.000 r  
                                                      0.000     0.000 r  clk (IN)
                         net (fo=3066, unset)         0.432     0.432    icache/tag_ram_reg_0_63_15_17/WCLK
    SLICE_X38Y57         RAMD64E                                      r  icache/tag_ram_reg_0_63_15_17/RAMB/CLK
                         clock pessimism              0.000     0.432    
    SLICE_X38Y57         RAMD64E (Hold_ramd64e_CLK_WADR2)
                                                      0.254     0.686    icache/tag_ram_reg_0_63_15_17/RAMB
  -------------------------------------------------------------------
                         required time                         -0.686    
                         arrival time                           0.754    
  -------------------------------------------------------------------
                         slack                                  0.068    

Slack (MET) :             0.068ns  (arrival time - required time)
  Source:                 icache/s2_addr_reg[6]_rep__2/C
                            (rising edge-triggered cell FDRE clocked by clk  {rise@0.000ns fall@5.000ns period=10.000ns})
  Destination:            icache/tag_ram_reg_0_63_15_17/RAMC/WADR2
                            (rising edge-triggered cell RAMD64E clocked by clk  {rise@0.000ns fall@5.000ns period=10.000ns})
  Path Group:             clk
  Path Type:              Hold (Min at Fast Process Corner)
  Requirement:            0.000ns  (clk rise@0.000ns - clk rise@0.000ns)
  Data Path Delay:        0.344ns  (logic 0.141ns (40.991%)  route 0.203ns (59.009%))
  Logic Levels:           0  
  Clock Path Skew:        0.022ns (DCD - SCD - CPR)
    Destination Clock Delay (DCD):    0.432ns
    Source Clock Delay      (SCD):    0.410ns
    Clock Pessimism Removal (CPR):    -0.000ns

    Location             Delay type                Incr(ns)  Path(ns)    Netlist Resource(s)
  -------------------------------------------------------------------    -------------------
                         (clock clk rise edge)        0.000     0.000 r  
                                                      0.000     0.000 r  clk (IN)
                         net (fo=3066, unset)         0.410     0.410    icache/clk
    SLICE_X37Y57         FDRE                                         r  icache/s2_addr_reg[6]_rep__2/C
  -------------------------------------------------------------------    -------------------
    SLICE_X37Y57         FDRE (Prop_fdre_C_Q)         0.141     0.551 r  icache/s2_addr_reg[6]_rep__2/Q
                         net (fo=140, routed)         0.203     0.754    icache/tag_ram_reg_0_63_15_17/ADDRD2
    SLICE_X38Y57         RAMD64E                                      r  icache/tag_ram_reg_0_63_15_17/RAMC/WADR2
  -------------------------------------------------------------------    -------------------

                         (clock clk rise edge)        0.000     0.000 r  
                                                      0.000     0.000 r  clk (IN)
                         net (fo=3066, unset)         0.432     0.432    icache/tag_ram_reg_0_63_15_17/WCLK
    SLICE_X38Y57         RAMD64E                                      r  icache/tag_ram_reg_0_63_15_17/RAMC/CLK
                         clock pessimism              0.000     0.432    
    SLICE_X38Y57         RAMD64E (Hold_ramd64e_CLK_WADR2)
                                                      0.254     0.686    icache/tag_ram_reg_0_63_15_17/RAMC
  -------------------------------------------------------------------
                         required time                         -0.686    
                         arrival time                           0.754    
  -------------------------------------------------------------------
                         slack                                  0.068    

Slack (MET) :             0.068ns  (arrival time - required time)
  Source:                 icache/s2_addr_reg[6]_rep__2/C
                            (rising edge-triggered cell FDRE clocked by clk  {rise@0.000ns fall@5.000ns period=10.000ns})
  Destination:            icache/tag_ram_reg_0_63_15_17/RAMD/WADR2
                            (rising edge-triggered cell RAMD64E clocked by clk  {rise@0.000ns fall@5.000ns period=10.000ns})
  Path Group:             clk
  Path Type:              Hold (Min at Fast Process Corner)
  Requirement:            0.000ns  (clk rise@0.000ns - clk rise@0.000ns)
  Data Path Delay:        0.344ns  (logic 0.141ns (40.991%)  route 0.203ns (59.009%))
  Logic Levels:           0  
  Clock Path Skew:        0.022ns (DCD - SCD - CPR)
    Destination Clock Delay (DCD):    0.432ns
    Source Clock Delay      (SCD):    0.410ns
    Clock Pessimism Removal (CPR):    -0.000ns

    Location             Delay type                Incr(ns)  Path(ns)    Netlist Resource(s)
  -------------------------------------------------------------------    -------------------
                         (clock clk rise edge)        0.000     0.000 r  
                                                      0.000     0.000 r  clk (IN)
                         net (fo=3066, unset)         0.410     0.410    icache/clk
    SLICE_X37Y57         FDRE                                         r  icache/s2_addr_reg[6]_rep__2/C
  -------------------------------------------------------------------    -------------------
    SLICE_X37Y57         FDRE (Prop_fdre_C_Q)         0.141     0.551 r  icache/s2_addr_reg[6]_rep__2/Q
                         net (fo=140, routed)         0.203     0.754    icache/tag_ram_reg_0_63_15_17/ADDRD2
    SLICE_X38Y57         RAMD64E                                      r  icache/tag_ram_reg_0_63_15_17/RAMD/WADR2
  -------------------------------------------------------------------    -------------------

                         (clock clk rise edge)        0.000     0.000 r  
                                                      0.000     0.000 r  clk (IN)
                         net (fo=3066, unset)         0.432     0.432    icache/tag_ram_reg_0_63_15_17/WCLK
    SLICE_X38Y57         RAMD64E                                      r  icache/tag_ram_reg_0_63_15_17/RAMD/CLK
                         clock pessimism              0.000     0.432    
    SLICE_X38Y57         RAMD64E (Hold_ramd64e_CLK_WADR2)
                                                      0.254     0.686    icache/tag_ram_reg_0_63_15_17/RAMD
  -------------------------------------------------------------------
                         required time                         -0.686    
                         arrival time                           0.754    
  -------------------------------------------------------------------
                         slack                                  0.068    





Pulse Width Checks
--------------------------------------------------------------------------------------
Clock Name:         clk
Waveform(ns):       { 0.000 5.000 }
Period(ns):         10.000
Sources:            { clk }

Check Type        Corner  Lib Pin             Reference Pin  Required(ns)  Actual(ns)  Slack(ns)  Location      Pin
Min Period        n/a     DSP48E1/CLK         n/a            3.884         10.000      6.116      DSP48_X1Y19   core/pp_lh_reg/CLK
Min Period        n/a     DSP48E1/CLK         n/a            3.884         10.000      6.116      DSP48_X1Y15   core/pp_ll_reg/CLK
Min Period        n/a     DSP48E1/CLK         n/a            3.687         10.000      6.313      DSP48_X1Y14   core/pp_hl_reg/CLK
Min Period        n/a     RAMB36E1/CLKARDCLK  n/a            2.944         10.000      7.056      RAMB36_X1Y9   ram_reg_0_0_0/CLKARDCLK
Min Period        n/a     RAMB36E1/CLKARDCLK  n/a            2.944         10.000      7.056      RAMB36_X2Y11  ram_reg_0_0_1/CLKARDCLK
Min Period        n/a     RAMB36E1/CLKARDCLK  n/a            2.944         10.000      7.056      RAMB36_X3Y11  ram_reg_0_0_2/CLKARDCLK
Min Period        n/a     RAMB36E1/CLKARDCLK  n/a            2.944         10.000      7.056      RAMB36_X2Y10  ram_reg_0_0_3/CLKARDCLK
Min Period        n/a     RAMB36E1/CLKARDCLK  n/a            2.944         10.000      7.056      RAMB36_X3Y10  ram_reg_0_0_4/CLKARDCLK
Min Period        n/a     RAMB36E1/CLKARDCLK  n/a            2.944         10.000      7.056      RAMB36_X3Y3   ram_reg_0_0_5/CLKARDCLK
Min Period        n/a     RAMB36E1/CLKARDCLK  n/a            2.944         10.000      7.056      RAMB36_X1Y2   ram_reg_0_0_6/CLKARDCLK
Low Pulse Width   Slow    RAMD32/CLK          n/a            1.250         5.000       3.750      SLICE_X50Y39  core/fetch/buf_err_reg_0_3_0_0/DP/CLK
Low Pulse Width   Fast    RAMD32/CLK          n/a            1.250         5.000       3.750      SLICE_X50Y39  core/fetch/buf_err_reg_0_3_0_0/DP/CLK
Low Pulse Width   Slow    RAMD32/CLK          n/a            1.250         5.000       3.750      SLICE_X50Y39  core/fetch/buf_err_reg_0_3_0_0/SP/CLK
Low Pulse Width   Fast    RAMD32/CLK          n/a            1.250         5.000       3.750      SLICE_X50Y39  core/fetch/buf_err_reg_0_3_0_0/SP/CLK
Low Pulse Width   Slow    RAMD32/CLK          n/a            1.250         5.000       3.750      SLICE_X50Y36  core/fetch/buf_insn_reg_0_3_0_5/RAMA/CLK
Low Pulse Width   Fast    RAMD32/CLK          n/a            1.250         5.000       3.750      SLICE_X50Y36  core/fetch/buf_insn_reg_0_3_0_5/RAMA/CLK
Low Pulse Width   Slow    RAMD32/CLK          n/a            1.250         5.000       3.750      SLICE_X50Y36  core/fetch/buf_insn_reg_0_3_0_5/RAMA_D1/CLK
Low Pulse Width   Fast    RAMD32/CLK          n/a            1.250         5.000       3.750      SLICE_X50Y36  core/fetch/buf_insn_reg_0_3_0_5/RAMA_D1/CLK
Low Pulse Width   Slow    RAMD32/CLK          n/a            1.250         5.000       3.750      SLICE_X50Y36  core/fetch/buf_insn_reg_0_3_0_5/RAMB/CLK
Low Pulse Width   Fast    RAMD32/CLK          n/a            1.250         5.000       3.750      SLICE_X50Y36  core/fetch/buf_insn_reg_0_3_0_5/RAMB/CLK
High Pulse Width  Slow    RAMD32/CLK          n/a            1.250         5.000       3.750      SLICE_X50Y39  core/fetch/buf_err_reg_0_3_0_0/DP/CLK
High Pulse Width  Fast    RAMD32/CLK          n/a            1.250         5.000       3.750      SLICE_X50Y39  core/fetch/buf_err_reg_0_3_0_0/DP/CLK
High Pulse Width  Slow    RAMD32/CLK          n/a            1.250         5.000       3.750      SLICE_X50Y39  core/fetch/buf_err_reg_0_3_0_0/SP/CLK
High Pulse Width  Fast    RAMD32/CLK          n/a            1.250         5.000       3.750      SLICE_X50Y39  core/fetch/buf_err_reg_0_3_0_0/SP/CLK
High Pulse Width  Slow    RAMD32/CLK          n/a            1.250         5.000       3.750      SLICE_X50Y36  core/fetch/buf_insn_reg_0_3_0_5/RAMA/CLK
High Pulse Width  Fast    RAMD32/CLK          n/a            1.250         5.000       3.750      SLICE_X50Y36  core/fetch/buf_insn_reg_0_3_0_5/RAMA/CLK
High Pulse Width  Slow    RAMD32/CLK          n/a            1.250         5.000       3.750      SLICE_X50Y36  core/fetch/buf_insn_reg_0_3_0_5/RAMA_D1/CLK
High Pulse Width  Fast    RAMD32/CLK          n/a            1.250         5.000       3.750      SLICE_X50Y36  core/fetch/buf_insn_reg_0_3_0_5/RAMA_D1/CLK
High Pulse Width  Slow    RAMD32/CLK          n/a            1.250         5.000       3.750      SLICE_X50Y36  core/fetch/buf_insn_reg_0_3_0_5/RAMB/CLK
High Pulse Width  Fast    RAMD32/CLK          n/a            1.250         5.000       3.750      SLICE_X50Y36  core/fetch/buf_insn_reg_0_3_0_5/RAMB/CLK



