NAMED-PATH-BEGIN d_rsp_valid_to_d_req_valid
Startpoint: d_rsp_valid (input port clocked by clk)
Endpoint: d_req_valid (output port clocked by clk)
Path Group: clk
Path Type: max

   Delay     Time   Description
-----------------------------------------------------------
   0.000    0.000   clock clk (rise edge)
   0.000    0.000   clock network delay (propagated)
   2.000    2.000 ^ input external delay
   0.014    2.014 ^ d_rsp_valid (in)
   0.519    2.533 ^ input35/X (sky130_fd_sc_hd__dlygate4sd3_1)
   0.185    2.718 ^ _07842_/Y (sky130_fd_sc_hd__nand2b_4)
   0.197    2.914 ^ fanout1573/X (sky130_fd_sc_hd__clkbuf_2)
   0.200    3.114 v _07846_/X (sky130_fd_sc_hd__and4bb_2)
   0.123    3.238 v fanout1423/X (sky130_fd_sc_hd__buf_2)
   0.127    3.365 v load_slew1425/X (sky130_fd_sc_hd__buf_4)
   0.077    3.442 ^ _07848_/Y (sky130_fd_sc_hd__a221oi_4)
   0.073    3.515 v _07849_/Y (sky130_fd_sc_hd__nand4_4)
   0.328    3.843 ^ _07850_/X (sky130_fd_sc_hd__and4b_2)
   0.105    3.948 ^ output109/X (sky130_fd_sc_hd__buf_8)
   0.001    3.949 ^ d_req_valid (out)
            3.949   data arrival time

  10.000   10.000   clock clk (rise edge)
   0.000   10.000   clock network delay (propagated)
  -0.250    9.750   clock uncertainty
   0.000    9.750   clock reconvergence pessimism
  -2.000    7.750   output external delay
            7.750   data required time
-----------------------------------------------------------
            7.750   data required time
           -3.949   data arrival time
-----------------------------------------------------------
            3.801   slack (MET)


NAMED-PATH-END
NAMED-PATH-BEGIN d_rsp_error_to_d_req_valid
Startpoint: d_rsp_error (input port clocked by clk)
Endpoint: d_req_valid (output port clocked by clk)
Path Group: clk
Path Type: max

   Delay     Time   Description
-----------------------------------------------------------
   0.000    0.000   clock clk (rise edge)
   0.000    0.000   clock network delay (propagated)
   2.000    2.000 v input external delay
   0.002    2.002 v d_rsp_error (in)
   0.136    2.138 v input2/X (sky130_fd_sc_hd__buf_2)
   0.154    2.293 v _07832_/Y (sky130_fd_sc_hd__nand2b_2)
   0.096    2.389 v _07833_/X (sky130_fd_sc_hd__o211a_2)
   0.279    2.668 ^ _07835_/Y (sky130_fd_sc_hd__o21ai_2)
   0.127    2.794 ^ load_slew827/X (sky130_fd_sc_hd__buf_6)
   0.068    2.863 v _07849_/Y (sky130_fd_sc_hd__nand4_4)
   0.328    3.191 ^ _07850_/X (sky130_fd_sc_hd__and4b_2)
   0.105    3.296 ^ output109/X (sky130_fd_sc_hd__buf_8)
   0.001    3.296 ^ d_req_valid (out)
            3.296   data arrival time

  10.000   10.000   clock clk (rise edge)
   0.000   10.000   clock network delay (propagated)
  -0.250    9.750   clock uncertainty
   0.000    9.750   clock reconvergence pessimism
  -2.000    7.750   output external delay
            7.750   data required time
-----------------------------------------------------------
            7.750   data required time
           -3.296   data arrival time
-----------------------------------------------------------
            4.454   slack (MET)


NAMED-PATH-END
