NAMED-PATH-BEGIN d_rsp_valid_to_d_req_valid
Startpoint: d_rsp_valid (input port clocked by clk)
Endpoint: d_req_valid (output port clocked by clk)
Path Group: clk
Path Type: max

   Delay     Time   Description
-----------------------------------------------------------
   0.000    0.000   clock clk (rise edge)
   0.000    0.000   clock network delay (propagated)
   2.000    2.000 ^ input external delay
   0.018    2.018 ^ d_rsp_valid (in)
   0.498    2.516 ^ input35/X (sky130_fd_sc_hd__buf_2)
   0.587    3.103 ^ fanout1860/X (sky130_fd_sc_hd__buf_2)
   0.664    3.767 v _07762_/X (sky130_fd_sc_hd__and4bb_2)
   0.430    4.197 v fanout1017/X (sky130_fd_sc_hd__clkbuf_4)
   0.402    4.599 ^ _07765_/Y (sky130_fd_sc_hd__nand2_2)
   0.544    5.143 ^ _07770_/X (sky130_fd_sc_hd__and3_4)
   0.359    5.502 ^ fanout430/X (sky130_fd_sc_hd__buf_6)
   0.739    6.241 ^ _07771_/X (sky130_fd_sc_hd__and4_4)
   0.446    6.687 ^ output109/X (sky130_fd_sc_hd__clkbuf_4)
   0.002    6.689 ^ d_req_valid (out)
            6.689   data arrival time

  10.000   10.000   clock clk (rise edge)
   0.000   10.000   clock network delay (propagated)
  -0.250    9.750   clock uncertainty
   0.000    9.750   clock reconvergence pessimism
  -2.000    7.750   output external delay
            7.750   data required time
-----------------------------------------------------------
            7.750   data required time
           -6.689   data arrival time
-----------------------------------------------------------
            1.061   slack (MET)


NAMED-PATH-END
NAMED-PATH-BEGIN d_rsp_error_to_d_req_valid
Startpoint: d_rsp_error (input port clocked by clk)
Endpoint: d_req_valid (output port clocked by clk)
Path Group: clk
Path Type: max

   Delay     Time   Description
-----------------------------------------------------------
   0.000    0.000   clock clk (rise edge)
   0.000    0.000   clock network delay (propagated)
   2.000    2.000 v input external delay
   0.010    2.010 v d_rsp_error (in)
   0.464    2.474 v input2/X (sky130_fd_sc_hd__buf_2)
   0.563    3.037 v _07756_/Y (sky130_fd_sc_hd__nand2b_2)
   0.320    3.357 v _07757_/X (sky130_fd_sc_hd__o211a_2)
   0.545    3.902 ^ _07760_/Y (sky130_fd_sc_hd__o21ai_2)
   0.403    4.305 ^ fanout587/X (sky130_fd_sc_hd__buf_12)
   0.439    4.744 ^ _07770_/X (sky130_fd_sc_hd__and3_4)
   0.359    5.103 ^ fanout430/X (sky130_fd_sc_hd__buf_6)
   0.739    5.841 ^ _07771_/X (sky130_fd_sc_hd__and4_4)
   0.446    6.287 ^ output109/X (sky130_fd_sc_hd__clkbuf_4)
   0.002    6.289 ^ d_req_valid (out)
            6.289   data arrival time

  10.000   10.000   clock clk (rise edge)
   0.000   10.000   clock network delay (propagated)
  -0.250    9.750   clock uncertainty
   0.000    9.750   clock reconvergence pessimism
  -2.000    7.750   output external delay
            7.750   data required time
-----------------------------------------------------------
            7.750   data required time
           -6.289   data arrival time
-----------------------------------------------------------
            1.461   slack (MET)


NAMED-PATH-END
