NAMED-PATH-BEGIN d_rsp_valid_to_d_req_valid
Startpoint: d_rsp_valid (input port clocked by clk)
Endpoint: d_req_valid (output port clocked by clk)
Path Group: clk
Path Type: max

   Delay     Time   Description
-----------------------------------------------------------
   0.000    0.000   clock clk (rise edge)
   0.000    0.000   clock network delay (propagated)
   2.000    2.000 v input external delay
   0.011    2.011 v d_rsp_valid (in)
   0.235    2.247 v input35/X (sky130_fd_sc_hd__clkbuf_2)
   0.296    2.542 v wire1805/X (sky130_fd_sc_hd__buf_12)
   0.394    2.936 v fanout1804/X (sky130_fd_sc_hd__buf_2)
   1.030    3.966 v _07801_/X (sky130_fd_sc_hd__or3b_4)
   0.444    4.411 v _07810_/X (sky130_fd_sc_hd__and3_4)
   0.270    4.681 v rebuffer1901/X (sky130_fd_sc_hd__buf_6)
   0.544    5.225 v _07811_/X (sky130_fd_sc_hd__and3b_2)
   0.296    5.521 v output109/X (sky130_fd_sc_hd__buf_8)
   0.001    5.522 v d_req_valid (out)
            5.522   data arrival time

  10.000   10.000   clock clk (rise edge)
   0.000   10.000   clock network delay (propagated)
  -0.250    9.750   clock uncertainty
   0.000    9.750   clock reconvergence pessimism
  -2.000    7.750   output external delay
            7.750   data required time
-----------------------------------------------------------
            7.750   data required time
           -5.522   data arrival time
-----------------------------------------------------------
            2.228   slack (MET)


NAMED-PATH-END
NAMED-PATH-BEGIN d_rsp_error_to_d_req_valid
Startpoint: d_rsp_error (input port clocked by clk)
Endpoint: d_req_valid (output port clocked by clk)
Path Group: clk
Path Type: max

   Delay     Time   Description
-----------------------------------------------------------
   0.000    0.000   clock clk (rise edge)
   0.000    0.000   clock network delay (propagated)
   2.000    2.000 v input external delay
   0.009    2.009 v d_rsp_error (in)
   0.391    2.400 v input2/X (sky130_fd_sc_hd__buf_2)
   0.512    2.913 v _07793_/Y (sky130_fd_sc_hd__nand2b_2)
   0.307    3.219 v _07794_/X (sky130_fd_sc_hd__o211a_2)
   0.400    3.619 ^ _07796_/Y (sky130_fd_sc_hd__o21ai_4)
   0.294    3.913 ^ fanout547/X (sky130_fd_sc_hd__buf_12)
   0.292    4.206 ^ fanout546/X (sky130_fd_sc_hd__buf_6)
   0.519    4.724 ^ _07810_/X (sky130_fd_sc_hd__and3_4)
   0.278    5.003 ^ rebuffer1901/X (sky130_fd_sc_hd__buf_6)
   0.554    5.557 ^ _07811_/X (sky130_fd_sc_hd__and3b_2)
   0.291    5.849 ^ output109/X (sky130_fd_sc_hd__buf_8)
   0.001    5.850 ^ d_req_valid (out)
            5.850   data arrival time

  10.000   10.000   clock clk (rise edge)
   0.000   10.000   clock network delay (propagated)
  -0.250    9.750   clock uncertainty
   0.000    9.750   clock reconvergence pessimism
  -2.000    7.750   output external delay
            7.750   data required time
-----------------------------------------------------------
            7.750   data required time
           -5.850   data arrival time
-----------------------------------------------------------
            1.900   slack (MET)


NAMED-PATH-END
