mkdir -p /tmp/aster-phase7-legacy-regressions-888c24b/build/fabric_h1_l11_sync0_wait0_w4_n16
verilator --cc --exe --build --timing --Wall --Wno-UNUSEDSIGNAL \
	--top-module aster_shared_fabric --Mdir /tmp/aster-phase7-legacy-regressions-888c24b/build/fabric_h1_l11_sync0_wait0_w4_n16/obj -o /tmp/aster-phase7-legacy-regressions-888c24b/build/fabric_h1_l11_sync0_wait0_w4_n16/aster_fabric_sim \
	-GHART_COUNT=1 "-GSYNC_MEMORY=1'b0" \
	"-GENABLE_L1=1'b1" -GL1_LINE_WORDS=4 -GL1_LINE_COUNT=16 \
	-GMEMORY_WAIT_CYCLES=0 "-GHOST_BOOT=1'b1" \
	-CFLAGS '-DASTER_HART_COUNT=1 -DASTER_MEMORY_WAIT=0 -DASTER_SYNC_MEMORY=0 -DASTER_ENABLE_L1=1 -DASTER_LINE_WORDS=4 -DASTER_LINE_COUNT=16' \
	/tmp/aster-phase7-build-source-tOwrU6/rtl/interconnect/aster_arbiter2.sv /tmp/aster-phase7-build-source-tOwrU6/rtl/soc/aster_shared_fabric.sv /tmp/aster-phase7-build-source-tOwrU6/rtl/memory/aster_rom.sv /tmp/aster-phase7-build-source-tOwrU6/rtl/memory/aster_ram.sv /tmp/aster-phase7-build-source-tOwrU6/rtl/peripherals/aster_uart.sv /tmp/aster-phase7-build-source-tOwrU6/rtl/peripherals/aster_perf_counters.sv \
	/tmp/aster-phase7-build-source-tOwrU6/verification/soc/tb_aster_shared_fabric.cpp
make[2]: warning: jobserver unavailable: using -j1.  Add '+' to parent make rule.
g++  -I.  -MMD -I/home/elfo/tools/verilator/root/include -I/home/elfo/tools/verilator/root/include/vltstd -DVM_COVERAGE=0 -DVM_SC=0 -DVM_TRACE=0 -DVM_TRACE_FST=0 -DVM_TRACE_VCD=0 -faligned-new -fcf-protection=none -Wno-bool-operation -Wno-overloaded-virtual -Wno-shadow -Wno-sign-compare -Wno-uninitialized -Wno-unused-but-set-parameter -Wno-unused-but-set-variable -Wno-unused-parameter -Wno-unused-variable     -DASTER_HART_COUNT=1 -DASTER_MEMORY_WAIT=0 -DASTER_SYNC_MEMORY=0 -DASTER_ENABLE_L1=1 -DASTER_LINE_WORDS=4 -DASTER_LINE_COUNT=16   -Os -c -o tb_aster_shared_fabric.o /tmp/aster-phase7-build-source-tOwrU6/verification/soc/tb_aster_shared_fabric.cpp
g++ -Os  -I.  -MMD -I/home/elfo/tools/verilator/root/include -I/home/elfo/tools/verilator/root/include/vltstd -DVM_COVERAGE=0 -DVM_SC=0 -DVM_TRACE=0 -DVM_TRACE_FST=0 -DVM_TRACE_VCD=0 -faligned-new -fcf-protection=none -Wno-bool-operation -Wno-overloaded-virtual -Wno-shadow -Wno-sign-compare -Wno-uninitialized -Wno-unused-but-set-parameter -Wno-unused-but-set-variable -Wno-unused-parameter -Wno-unused-variable     -DASTER_HART_COUNT=1 -DASTER_MEMORY_WAIT=0 -DASTER_SYNC_MEMORY=0 -DASTER_ENABLE_L1=1 -DASTER_LINE_WORDS=4 -DASTER_LINE_COUNT=16   -c -o verilated.o /home/elfo/tools/verilator/root/include/verilated.cpp
g++ -Os  -I.  -MMD -I/home/elfo/tools/verilator/root/include -I/home/elfo/tools/verilator/root/include/vltstd -DVM_COVERAGE=0 -DVM_SC=0 -DVM_TRACE=0 -DVM_TRACE_FST=0 -DVM_TRACE_VCD=0 -faligned-new -fcf-protection=none -Wno-bool-operation -Wno-overloaded-virtual -Wno-shadow -Wno-sign-compare -Wno-uninitialized -Wno-unused-but-set-parameter -Wno-unused-but-set-variable -Wno-unused-parameter -Wno-unused-variable     -DASTER_HART_COUNT=1 -DASTER_MEMORY_WAIT=0 -DASTER_SYNC_MEMORY=0 -DASTER_ENABLE_L1=1 -DASTER_LINE_WORDS=4 -DASTER_LINE_COUNT=16   -c -o verilated_threads.o /home/elfo/tools/verilator/root/include/verilated_threads.cpp
/usr/bin/python3 /home/elfo/tools/verilator/root/bin/verilator_includer -DVL_INCLUDE_OPT=include Vaster_shared_fabric.cpp Vaster_shared_fabric___024root__DepSet_h4a87bb73__0.cpp Vaster_shared_fabric___024root__DepSet_h6205f4b1__0.cpp Vaster_shared_fabric___024root__Slow.cpp Vaster_shared_fabric___024root__DepSet_h4a87bb73__0__Slow.cpp Vaster_shared_fabric___024root__DepSet_h6205f4b1__0__Slow.cpp Vaster_shared_fabric__Syms.cpp > Vaster_shared_fabric__ALL.cpp
g++ -Os  -I.  -MMD -I/home/elfo/tools/verilator/root/include -I/home/elfo/tools/verilator/root/include/vltstd -DVM_COVERAGE=0 -DVM_SC=0 -DVM_TRACE=0 -DVM_TRACE_FST=0 -DVM_TRACE_VCD=0 -faligned-new -fcf-protection=none -Wno-bool-operation -Wno-overloaded-virtual -Wno-shadow -Wno-sign-compare -Wno-uninitialized -Wno-unused-but-set-parameter -Wno-unused-but-set-variable -Wno-unused-parameter -Wno-unused-variable     -DASTER_HART_COUNT=1 -DASTER_MEMORY_WAIT=0 -DASTER_SYNC_MEMORY=0 -DASTER_ENABLE_L1=1 -DASTER_LINE_WORDS=4 -DASTER_LINE_COUNT=16   -c -o Vaster_shared_fabric__ALL.o Vaster_shared_fabric__ALL.cpp
echo "" > Vaster_shared_fabric__ALL.verilator_deplist.tmp
Archive ar -rcs Vaster_shared_fabric__ALL.a Vaster_shared_fabric__ALL.o
g++     tb_aster_shared_fabric.o verilated.o verilated_threads.o Vaster_shared_fabric__ALL.a    -pthread -lpthread -latomic   -o /tmp/aster-phase7-legacy-regressions-888c24b/build/fabric_h1_l11_sync0_wait0_w4_n16/aster_fabric_sim
rm Vaster_shared_fabric__ALL.verilator_deplist.tmp
PASS: shared fabric harts=1 seed=1 transfers=57671 dual_pending=0 denied=17976 memory_wait=0
PASS: shared fabric harts=1 seed=42366 transfers=57743 dual_pending=0 denied=17778 memory_wait=0
PASS: shared fabric harts=1 seed=12648430 transfers=57652 dual_pending=0 denied=17726 memory_wait=0
mkdir -p /tmp/aster-phase7-legacy-regressions-888c24b/build/fabric_h1_l11_sync0_wait4_w4_n16
verilator --cc --exe --build --timing --Wall --Wno-UNUSEDSIGNAL \
	--top-module aster_shared_fabric --Mdir /tmp/aster-phase7-legacy-regressions-888c24b/build/fabric_h1_l11_sync0_wait4_w4_n16/obj -o /tmp/aster-phase7-legacy-regressions-888c24b/build/fabric_h1_l11_sync0_wait4_w4_n16/aster_fabric_sim \
	-GHART_COUNT=1 "-GSYNC_MEMORY=1'b0" \
	"-GENABLE_L1=1'b1" -GL1_LINE_WORDS=4 -GL1_LINE_COUNT=16 \
	-GMEMORY_WAIT_CYCLES=4 "-GHOST_BOOT=1'b1" \
	-CFLAGS '-DASTER_HART_COUNT=1 -DASTER_MEMORY_WAIT=4 -DASTER_SYNC_MEMORY=0 -DASTER_ENABLE_L1=1 -DASTER_LINE_WORDS=4 -DASTER_LINE_COUNT=16' \
	/tmp/aster-phase7-build-source-tOwrU6/rtl/interconnect/aster_arbiter2.sv /tmp/aster-phase7-build-source-tOwrU6/rtl/soc/aster_shared_fabric.sv /tmp/aster-phase7-build-source-tOwrU6/rtl/memory/aster_rom.sv /tmp/aster-phase7-build-source-tOwrU6/rtl/memory/aster_ram.sv /tmp/aster-phase7-build-source-tOwrU6/rtl/peripherals/aster_uart.sv /tmp/aster-phase7-build-source-tOwrU6/rtl/peripherals/aster_perf_counters.sv \
	/tmp/aster-phase7-build-source-tOwrU6/verification/soc/tb_aster_shared_fabric.cpp
make[2]: warning: jobserver unavailable: using -j1.  Add '+' to parent make rule.
g++  -I.  -MMD -I/home/elfo/tools/verilator/root/include -I/home/elfo/tools/verilator/root/include/vltstd -DVM_COVERAGE=0 -DVM_SC=0 -DVM_TRACE=0 -DVM_TRACE_FST=0 -DVM_TRACE_VCD=0 -faligned-new -fcf-protection=none -Wno-bool-operation -Wno-overloaded-virtual -Wno-shadow -Wno-sign-compare -Wno-uninitialized -Wno-unused-but-set-parameter -Wno-unused-but-set-variable -Wno-unused-parameter -Wno-unused-variable     -DASTER_HART_COUNT=1 -DASTER_MEMORY_WAIT=4 -DASTER_SYNC_MEMORY=0 -DASTER_ENABLE_L1=1 -DASTER_LINE_WORDS=4 -DASTER_LINE_COUNT=16   -Os -c -o tb_aster_shared_fabric.o /tmp/aster-phase7-build-source-tOwrU6/verification/soc/tb_aster_shared_fabric.cpp
g++ -Os  -I.  -MMD -I/home/elfo/tools/verilator/root/include -I/home/elfo/tools/verilator/root/include/vltstd -DVM_COVERAGE=0 -DVM_SC=0 -DVM_TRACE=0 -DVM_TRACE_FST=0 -DVM_TRACE_VCD=0 -faligned-new -fcf-protection=none -Wno-bool-operation -Wno-overloaded-virtual -Wno-shadow -Wno-sign-compare -Wno-uninitialized -Wno-unused-but-set-parameter -Wno-unused-but-set-variable -Wno-unused-parameter -Wno-unused-variable     -DASTER_HART_COUNT=1 -DASTER_MEMORY_WAIT=4 -DASTER_SYNC_MEMORY=0 -DASTER_ENABLE_L1=1 -DASTER_LINE_WORDS=4 -DASTER_LINE_COUNT=16   -c -o verilated.o /home/elfo/tools/verilator/root/include/verilated.cpp
g++ -Os  -I.  -MMD -I/home/elfo/tools/verilator/root/include -I/home/elfo/tools/verilator/root/include/vltstd -DVM_COVERAGE=0 -DVM_SC=0 -DVM_TRACE=0 -DVM_TRACE_FST=0 -DVM_TRACE_VCD=0 -faligned-new -fcf-protection=none -Wno-bool-operation -Wno-overloaded-virtual -Wno-shadow -Wno-sign-compare -Wno-uninitialized -Wno-unused-but-set-parameter -Wno-unused-but-set-variable -Wno-unused-parameter -Wno-unused-variable     -DASTER_HART_COUNT=1 -DASTER_MEMORY_WAIT=4 -DASTER_SYNC_MEMORY=0 -DASTER_ENABLE_L1=1 -DASTER_LINE_WORDS=4 -DASTER_LINE_COUNT=16   -c -o verilated_threads.o /home/elfo/tools/verilator/root/include/verilated_threads.cpp
/usr/bin/python3 /home/elfo/tools/verilator/root/bin/verilator_includer -DVL_INCLUDE_OPT=include Vaster_shared_fabric.cpp Vaster_shared_fabric___024root__DepSet_h4a87bb73__0.cpp Vaster_shared_fabric___024root__DepSet_h6205f4b1__0.cpp Vaster_shared_fabric___024root__Slow.cpp Vaster_shared_fabric___024root__DepSet_h4a87bb73__0__Slow.cpp Vaster_shared_fabric___024root__DepSet_h6205f4b1__0__Slow.cpp Vaster_shared_fabric__Syms.cpp > Vaster_shared_fabric__ALL.cpp
g++ -Os  -I.  -MMD -I/home/elfo/tools/verilator/root/include -I/home/elfo/tools/verilator/root/include/vltstd -DVM_COVERAGE=0 -DVM_SC=0 -DVM_TRACE=0 -DVM_TRACE_FST=0 -DVM_TRACE_VCD=0 -faligned-new -fcf-protection=none -Wno-bool-operation -Wno-overloaded-virtual -Wno-shadow -Wno-sign-compare -Wno-uninitialized -Wno-unused-but-set-parameter -Wno-unused-but-set-variable -Wno-unused-parameter -Wno-unused-variable     -DASTER_HART_COUNT=1 -DASTER_MEMORY_WAIT=4 -DASTER_SYNC_MEMORY=0 -DASTER_ENABLE_L1=1 -DASTER_LINE_WORDS=4 -DASTER_LINE_COUNT=16   -c -o Vaster_shared_fabric__ALL.o Vaster_shared_fabric__ALL.cpp
echo "" > Vaster_shared_fabric__ALL.verilator_deplist.tmp
Archive ar -rcs Vaster_shared_fabric__ALL.a Vaster_shared_fabric__ALL.o
g++     tb_aster_shared_fabric.o verilated.o verilated_threads.o Vaster_shared_fabric__ALL.a    -pthread -lpthread -latomic   -o /tmp/aster-phase7-legacy-regressions-888c24b/build/fabric_h1_l11_sync0_wait4_w4_n16/aster_fabric_sim
rm Vaster_shared_fabric__ALL.verilator_deplist.tmp
PASS: shared fabric harts=1 seed=1 transfers=28590 dual_pending=0 denied=6434 memory_wait=4
PASS: shared fabric harts=1 seed=42366 transfers=28717 dual_pending=0 denied=6530 memory_wait=4
PASS: shared fabric harts=1 seed=12648430 transfers=28517 dual_pending=0 denied=6323 memory_wait=4
mkdir -p /tmp/aster-phase7-legacy-regressions-888c24b/build/fabric_h1_l11_sync1_wait1_w4_n16
verilator --cc --exe --build --timing --Wall --Wno-UNUSEDSIGNAL \
	--top-module aster_shared_fabric --Mdir /tmp/aster-phase7-legacy-regressions-888c24b/build/fabric_h1_l11_sync1_wait1_w4_n16/obj -o /tmp/aster-phase7-legacy-regressions-888c24b/build/fabric_h1_l11_sync1_wait1_w4_n16/aster_fabric_sim \
	-GHART_COUNT=1 "-GSYNC_MEMORY=1'b1" \
	"-GENABLE_L1=1'b1" -GL1_LINE_WORDS=4 -GL1_LINE_COUNT=16 \
	-GMEMORY_WAIT_CYCLES=1 "-GHOST_BOOT=1'b1" \
	-CFLAGS '-DASTER_HART_COUNT=1 -DASTER_MEMORY_WAIT=1 -DASTER_SYNC_MEMORY=1 -DASTER_ENABLE_L1=1 -DASTER_LINE_WORDS=4 -DASTER_LINE_COUNT=16' \
	/tmp/aster-phase7-build-source-tOwrU6/rtl/interconnect/aster_arbiter2.sv /tmp/aster-phase7-build-source-tOwrU6/rtl/soc/aster_shared_fabric.sv /tmp/aster-phase7-build-source-tOwrU6/rtl/memory/aster_rom.sv /tmp/aster-phase7-build-source-tOwrU6/rtl/memory/aster_ram.sv /tmp/aster-phase7-build-source-tOwrU6/rtl/peripherals/aster_uart.sv /tmp/aster-phase7-build-source-tOwrU6/rtl/peripherals/aster_perf_counters.sv \
	/tmp/aster-phase7-build-source-tOwrU6/verification/soc/tb_aster_shared_fabric.cpp
make[2]: warning: jobserver unavailable: using -j1.  Add '+' to parent make rule.
g++  -I.  -MMD -I/home/elfo/tools/verilator/root/include -I/home/elfo/tools/verilator/root/include/vltstd -DVM_COVERAGE=0 -DVM_SC=0 -DVM_TRACE=0 -DVM_TRACE_FST=0 -DVM_TRACE_VCD=0 -faligned-new -fcf-protection=none -Wno-bool-operation -Wno-overloaded-virtual -Wno-shadow -Wno-sign-compare -Wno-uninitialized -Wno-unused-but-set-parameter -Wno-unused-but-set-variable -Wno-unused-parameter -Wno-unused-variable     -DASTER_HART_COUNT=1 -DASTER_MEMORY_WAIT=1 -DASTER_SYNC_MEMORY=1 -DASTER_ENABLE_L1=1 -DASTER_LINE_WORDS=4 -DASTER_LINE_COUNT=16   -Os -c -o tb_aster_shared_fabric.o /tmp/aster-phase7-build-source-tOwrU6/verification/soc/tb_aster_shared_fabric.cpp
g++ -Os  -I.  -MMD -I/home/elfo/tools/verilator/root/include -I/home/elfo/tools/verilator/root/include/vltstd -DVM_COVERAGE=0 -DVM_SC=0 -DVM_TRACE=0 -DVM_TRACE_FST=0 -DVM_TRACE_VCD=0 -faligned-new -fcf-protection=none -Wno-bool-operation -Wno-overloaded-virtual -Wno-shadow -Wno-sign-compare -Wno-uninitialized -Wno-unused-but-set-parameter -Wno-unused-but-set-variable -Wno-unused-parameter -Wno-unused-variable     -DASTER_HART_COUNT=1 -DASTER_MEMORY_WAIT=1 -DASTER_SYNC_MEMORY=1 -DASTER_ENABLE_L1=1 -DASTER_LINE_WORDS=4 -DASTER_LINE_COUNT=16   -c -o verilated.o /home/elfo/tools/verilator/root/include/verilated.cpp
g++ -Os  -I.  -MMD -I/home/elfo/tools/verilator/root/include -I/home/elfo/tools/verilator/root/include/vltstd -DVM_COVERAGE=0 -DVM_SC=0 -DVM_TRACE=0 -DVM_TRACE_FST=0 -DVM_TRACE_VCD=0 -faligned-new -fcf-protection=none -Wno-bool-operation -Wno-overloaded-virtual -Wno-shadow -Wno-sign-compare -Wno-uninitialized -Wno-unused-but-set-parameter -Wno-unused-but-set-variable -Wno-unused-parameter -Wno-unused-variable     -DASTER_HART_COUNT=1 -DASTER_MEMORY_WAIT=1 -DASTER_SYNC_MEMORY=1 -DASTER_ENABLE_L1=1 -DASTER_LINE_WORDS=4 -DASTER_LINE_COUNT=16   -c -o verilated_threads.o /home/elfo/tools/verilator/root/include/verilated_threads.cpp
/usr/bin/python3 /home/elfo/tools/verilator/root/bin/verilator_includer -DVL_INCLUDE_OPT=include Vaster_shared_fabric.cpp Vaster_shared_fabric___024root__DepSet_h4a87bb73__0.cpp Vaster_shared_fabric___024root__DepSet_h6205f4b1__0.cpp Vaster_shared_fabric___024root__Slow.cpp Vaster_shared_fabric___024root__DepSet_h4a87bb73__0__Slow.cpp Vaster_shared_fabric___024root__DepSet_h6205f4b1__0__Slow.cpp Vaster_shared_fabric__Syms.cpp > Vaster_shared_fabric__ALL.cpp
g++ -Os  -I.  -MMD -I/home/elfo/tools/verilator/root/include -I/home/elfo/tools/verilator/root/include/vltstd -DVM_COVERAGE=0 -DVM_SC=0 -DVM_TRACE=0 -DVM_TRACE_FST=0 -DVM_TRACE_VCD=0 -faligned-new -fcf-protection=none -Wno-bool-operation -Wno-overloaded-virtual -Wno-shadow -Wno-sign-compare -Wno-uninitialized -Wno-unused-but-set-parameter -Wno-unused-but-set-variable -Wno-unused-parameter -Wno-unused-variable     -DASTER_HART_COUNT=1 -DASTER_MEMORY_WAIT=1 -DASTER_SYNC_MEMORY=1 -DASTER_ENABLE_L1=1 -DASTER_LINE_WORDS=4 -DASTER_LINE_COUNT=16   -c -o Vaster_shared_fabric__ALL.o Vaster_shared_fabric__ALL.cpp
echo "" > Vaster_shared_fabric__ALL.verilator_deplist.tmp
Archive ar -rcs Vaster_shared_fabric__ALL.a Vaster_shared_fabric__ALL.o
g++     tb_aster_shared_fabric.o verilated.o verilated_threads.o Vaster_shared_fabric__ALL.a    -pthread -lpthread -latomic   -o /tmp/aster-phase7-legacy-regressions-888c24b/build/fabric_h1_l11_sync1_wait1_w4_n16/aster_fabric_sim
rm Vaster_shared_fabric__ALL.verilator_deplist.tmp
PASS: shared fabric harts=1 seed=1 transfers=43605 dual_pending=0 denied=12361 memory_wait=1
PASS: shared fabric harts=1 seed=42366 transfers=43615 dual_pending=0 denied=12280 memory_wait=1
PASS: shared fabric harts=1 seed=12648430 transfers=43546 dual_pending=0 denied=12222 memory_wait=1
mkdir -p /tmp/aster-phase7-legacy-regressions-888c24b/build/fabric_h1_l11_sync1_wait4_w4_n16
verilator --cc --exe --build --timing --Wall --Wno-UNUSEDSIGNAL \
	--top-module aster_shared_fabric --Mdir /tmp/aster-phase7-legacy-regressions-888c24b/build/fabric_h1_l11_sync1_wait4_w4_n16/obj -o /tmp/aster-phase7-legacy-regressions-888c24b/build/fabric_h1_l11_sync1_wait4_w4_n16/aster_fabric_sim \
	-GHART_COUNT=1 "-GSYNC_MEMORY=1'b1" \
	"-GENABLE_L1=1'b1" -GL1_LINE_WORDS=4 -GL1_LINE_COUNT=16 \
	-GMEMORY_WAIT_CYCLES=4 "-GHOST_BOOT=1'b1" \
	-CFLAGS '-DASTER_HART_COUNT=1 -DASTER_MEMORY_WAIT=4 -DASTER_SYNC_MEMORY=1 -DASTER_ENABLE_L1=1 -DASTER_LINE_WORDS=4 -DASTER_LINE_COUNT=16' \
	/tmp/aster-phase7-build-source-tOwrU6/rtl/interconnect/aster_arbiter2.sv /tmp/aster-phase7-build-source-tOwrU6/rtl/soc/aster_shared_fabric.sv /tmp/aster-phase7-build-source-tOwrU6/rtl/memory/aster_rom.sv /tmp/aster-phase7-build-source-tOwrU6/rtl/memory/aster_ram.sv /tmp/aster-phase7-build-source-tOwrU6/rtl/peripherals/aster_uart.sv /tmp/aster-phase7-build-source-tOwrU6/rtl/peripherals/aster_perf_counters.sv \
	/tmp/aster-phase7-build-source-tOwrU6/verification/soc/tb_aster_shared_fabric.cpp
make[2]: warning: jobserver unavailable: using -j1.  Add '+' to parent make rule.
g++  -I.  -MMD -I/home/elfo/tools/verilator/root/include -I/home/elfo/tools/verilator/root/include/vltstd -DVM_COVERAGE=0 -DVM_SC=0 -DVM_TRACE=0 -DVM_TRACE_FST=0 -DVM_TRACE_VCD=0 -faligned-new -fcf-protection=none -Wno-bool-operation -Wno-overloaded-virtual -Wno-shadow -Wno-sign-compare -Wno-uninitialized -Wno-unused-but-set-parameter -Wno-unused-but-set-variable -Wno-unused-parameter -Wno-unused-variable     -DASTER_HART_COUNT=1 -DASTER_MEMORY_WAIT=4 -DASTER_SYNC_MEMORY=1 -DASTER_ENABLE_L1=1 -DASTER_LINE_WORDS=4 -DASTER_LINE_COUNT=16   -Os -c -o tb_aster_shared_fabric.o /tmp/aster-phase7-build-source-tOwrU6/verification/soc/tb_aster_shared_fabric.cpp
g++ -Os  -I.  -MMD -I/home/elfo/tools/verilator/root/include -I/home/elfo/tools/verilator/root/include/vltstd -DVM_COVERAGE=0 -DVM_SC=0 -DVM_TRACE=0 -DVM_TRACE_FST=0 -DVM_TRACE_VCD=0 -faligned-new -fcf-protection=none -Wno-bool-operation -Wno-overloaded-virtual -Wno-shadow -Wno-sign-compare -Wno-uninitialized -Wno-unused-but-set-parameter -Wno-unused-but-set-variable -Wno-unused-parameter -Wno-unused-variable     -DASTER_HART_COUNT=1 -DASTER_MEMORY_WAIT=4 -DASTER_SYNC_MEMORY=1 -DASTER_ENABLE_L1=1 -DASTER_LINE_WORDS=4 -DASTER_LINE_COUNT=16   -c -o verilated.o /home/elfo/tools/verilator/root/include/verilated.cpp
g++ -Os  -I.  -MMD -I/home/elfo/tools/verilator/root/include -I/home/elfo/tools/verilator/root/include/vltstd -DVM_COVERAGE=0 -DVM_SC=0 -DVM_TRACE=0 -DVM_TRACE_FST=0 -DVM_TRACE_VCD=0 -faligned-new -fcf-protection=none -Wno-bool-operation -Wno-overloaded-virtual -Wno-shadow -Wno-sign-compare -Wno-uninitialized -Wno-unused-but-set-parameter -Wno-unused-but-set-variable -Wno-unused-parameter -Wno-unused-variable     -DASTER_HART_COUNT=1 -DASTER_MEMORY_WAIT=4 -DASTER_SYNC_MEMORY=1 -DASTER_ENABLE_L1=1 -DASTER_LINE_WORDS=4 -DASTER_LINE_COUNT=16   -c -o verilated_threads.o /home/elfo/tools/verilator/root/include/verilated_threads.cpp
/usr/bin/python3 /home/elfo/tools/verilator/root/bin/verilator_includer -DVL_INCLUDE_OPT=include Vaster_shared_fabric.cpp Vaster_shared_fabric___024root__DepSet_h4a87bb73__0.cpp Vaster_shared_fabric___024root__DepSet_h6205f4b1__0.cpp Vaster_shared_fabric___024root__Slow.cpp Vaster_shared_fabric___024root__DepSet_h4a87bb73__0__Slow.cpp Vaster_shared_fabric___024root__DepSet_h6205f4b1__0__Slow.cpp Vaster_shared_fabric__Syms.cpp > Vaster_shared_fabric__ALL.cpp
g++ -Os  -I.  -MMD -I/home/elfo/tools/verilator/root/include -I/home/elfo/tools/verilator/root/include/vltstd -DVM_COVERAGE=0 -DVM_SC=0 -DVM_TRACE=0 -DVM_TRACE_FST=0 -DVM_TRACE_VCD=0 -faligned-new -fcf-protection=none -Wno-bool-operation -Wno-overloaded-virtual -Wno-shadow -Wno-sign-compare -Wno-uninitialized -Wno-unused-but-set-parameter -Wno-unused-but-set-variable -Wno-unused-parameter -Wno-unused-variable     -DASTER_HART_COUNT=1 -DASTER_MEMORY_WAIT=4 -DASTER_SYNC_MEMORY=1 -DASTER_ENABLE_L1=1 -DASTER_LINE_WORDS=4 -DASTER_LINE_COUNT=16   -c -o Vaster_shared_fabric__ALL.o Vaster_shared_fabric__ALL.cpp
echo "" > Vaster_shared_fabric__ALL.verilator_deplist.tmp
Archive ar -rcs Vaster_shared_fabric__ALL.a Vaster_shared_fabric__ALL.o
g++     tb_aster_shared_fabric.o verilated.o verilated_threads.o Vaster_shared_fabric__ALL.a    -pthread -lpthread -latomic   -o /tmp/aster-phase7-legacy-regressions-888c24b/build/fabric_h1_l11_sync1_wait4_w4_n16/aster_fabric_sim
rm Vaster_shared_fabric__ALL.verilator_deplist.tmp
PASS: shared fabric harts=1 seed=1 transfers=28590 dual_pending=0 denied=6434 memory_wait=4
PASS: shared fabric harts=1 seed=42366 transfers=28717 dual_pending=0 denied=6530 memory_wait=4
PASS: shared fabric harts=1 seed=12648430 transfers=28517 dual_pending=0 denied=6323 memory_wait=4
PASS: shared fabric harts=2 seed=1 transfers=76049 dual_pending=41479 denied=23635 memory_wait=0
PASS: shared fabric harts=2 seed=42366 transfers=76116 dual_pending=41449 denied=23390 memory_wait=0
PASS: shared fabric harts=2 seed=12648430 transfers=76118 dual_pending=41417 denied=23520 memory_wait=0
mkdir -p /tmp/aster-phase7-legacy-regressions-888c24b/build/fabric_h2_l11_sync0_wait4_w4_n16
verilator --cc --exe --build --timing --Wall --Wno-UNUSEDSIGNAL \
	--top-module aster_shared_fabric --Mdir /tmp/aster-phase7-legacy-regressions-888c24b/build/fabric_h2_l11_sync0_wait4_w4_n16/obj -o /tmp/aster-phase7-legacy-regressions-888c24b/build/fabric_h2_l11_sync0_wait4_w4_n16/aster_fabric_sim \
	-GHART_COUNT=2 "-GSYNC_MEMORY=1'b0" \
	"-GENABLE_L1=1'b1" -GL1_LINE_WORDS=4 -GL1_LINE_COUNT=16 \
	-GMEMORY_WAIT_CYCLES=4 "-GHOST_BOOT=1'b1" \
	-CFLAGS '-DASTER_HART_COUNT=2 -DASTER_MEMORY_WAIT=4 -DASTER_SYNC_MEMORY=0 -DASTER_ENABLE_L1=1 -DASTER_LINE_WORDS=4 -DASTER_LINE_COUNT=16' \
	/tmp/aster-phase7-build-source-tOwrU6/rtl/interconnect/aster_arbiter2.sv /tmp/aster-phase7-build-source-tOwrU6/rtl/soc/aster_shared_fabric.sv /tmp/aster-phase7-build-source-tOwrU6/rtl/memory/aster_rom.sv /tmp/aster-phase7-build-source-tOwrU6/rtl/memory/aster_ram.sv /tmp/aster-phase7-build-source-tOwrU6/rtl/peripherals/aster_uart.sv /tmp/aster-phase7-build-source-tOwrU6/rtl/peripherals/aster_perf_counters.sv \
	/tmp/aster-phase7-build-source-tOwrU6/verification/soc/tb_aster_shared_fabric.cpp
make[2]: warning: jobserver unavailable: using -j1.  Add '+' to parent make rule.
g++  -I.  -MMD -I/home/elfo/tools/verilator/root/include -I/home/elfo/tools/verilator/root/include/vltstd -DVM_COVERAGE=0 -DVM_SC=0 -DVM_TRACE=0 -DVM_TRACE_FST=0 -DVM_TRACE_VCD=0 -faligned-new -fcf-protection=none -Wno-bool-operation -Wno-overloaded-virtual -Wno-shadow -Wno-sign-compare -Wno-uninitialized -Wno-unused-but-set-parameter -Wno-unused-but-set-variable -Wno-unused-parameter -Wno-unused-variable     -DASTER_HART_COUNT=2 -DASTER_MEMORY_WAIT=4 -DASTER_SYNC_MEMORY=0 -DASTER_ENABLE_L1=1 -DASTER_LINE_WORDS=4 -DASTER_LINE_COUNT=16   -Os -c -o tb_aster_shared_fabric.o /tmp/aster-phase7-build-source-tOwrU6/verification/soc/tb_aster_shared_fabric.cpp
g++ -Os  -I.  -MMD -I/home/elfo/tools/verilator/root/include -I/home/elfo/tools/verilator/root/include/vltstd -DVM_COVERAGE=0 -DVM_SC=0 -DVM_TRACE=0 -DVM_TRACE_FST=0 -DVM_TRACE_VCD=0 -faligned-new -fcf-protection=none -Wno-bool-operation -Wno-overloaded-virtual -Wno-shadow -Wno-sign-compare -Wno-uninitialized -Wno-unused-but-set-parameter -Wno-unused-but-set-variable -Wno-unused-parameter -Wno-unused-variable     -DASTER_HART_COUNT=2 -DASTER_MEMORY_WAIT=4 -DASTER_SYNC_MEMORY=0 -DASTER_ENABLE_L1=1 -DASTER_LINE_WORDS=4 -DASTER_LINE_COUNT=16   -c -o verilated.o /home/elfo/tools/verilator/root/include/verilated.cpp
g++ -Os  -I.  -MMD -I/home/elfo/tools/verilator/root/include -I/home/elfo/tools/verilator/root/include/vltstd -DVM_COVERAGE=0 -DVM_SC=0 -DVM_TRACE=0 -DVM_TRACE_FST=0 -DVM_TRACE_VCD=0 -faligned-new -fcf-protection=none -Wno-bool-operation -Wno-overloaded-virtual -Wno-shadow -Wno-sign-compare -Wno-uninitialized -Wno-unused-but-set-parameter -Wno-unused-but-set-variable -Wno-unused-parameter -Wno-unused-variable     -DASTER_HART_COUNT=2 -DASTER_MEMORY_WAIT=4 -DASTER_SYNC_MEMORY=0 -DASTER_ENABLE_L1=1 -DASTER_LINE_WORDS=4 -DASTER_LINE_COUNT=16   -c -o verilated_threads.o /home/elfo/tools/verilator/root/include/verilated_threads.cpp
/usr/bin/python3 /home/elfo/tools/verilator/root/bin/verilator_includer -DVL_INCLUDE_OPT=include Vaster_shared_fabric.cpp Vaster_shared_fabric___024root__DepSet_h4a87bb73__0.cpp Vaster_shared_fabric___024root__DepSet_h6205f4b1__0.cpp Vaster_shared_fabric___024root__Slow.cpp Vaster_shared_fabric___024root__DepSet_h4a87bb73__0__Slow.cpp Vaster_shared_fabric___024root__DepSet_h6205f4b1__0__Slow.cpp Vaster_shared_fabric__Syms.cpp > Vaster_shared_fabric__ALL.cpp
g++ -Os  -I.  -MMD -I/home/elfo/tools/verilator/root/include -I/home/elfo/tools/verilator/root/include/vltstd -DVM_COVERAGE=0 -DVM_SC=0 -DVM_TRACE=0 -DVM_TRACE_FST=0 -DVM_TRACE_VCD=0 -faligned-new -fcf-protection=none -Wno-bool-operation -Wno-overloaded-virtual -Wno-shadow -Wno-sign-compare -Wno-uninitialized -Wno-unused-but-set-parameter -Wno-unused-but-set-variable -Wno-unused-parameter -Wno-unused-variable     -DASTER_HART_COUNT=2 -DASTER_MEMORY_WAIT=4 -DASTER_SYNC_MEMORY=0 -DASTER_ENABLE_L1=1 -DASTER_LINE_WORDS=4 -DASTER_LINE_COUNT=16   -c -o Vaster_shared_fabric__ALL.o Vaster_shared_fabric__ALL.cpp
echo "" > Vaster_shared_fabric__ALL.verilator_deplist.tmp
Archive ar -rcs Vaster_shared_fabric__ALL.a Vaster_shared_fabric__ALL.o
g++     tb_aster_shared_fabric.o verilated.o verilated_threads.o Vaster_shared_fabric__ALL.a    -pthread -lpthread -latomic   -o /tmp/aster-phase7-legacy-regressions-888c24b/build/fabric_h2_l11_sync0_wait4_w4_n16/aster_fabric_sim
rm Vaster_shared_fabric__ALL.verilator_deplist.tmp
PASS: shared fabric harts=2 seed=1 transfers=34554 dual_pending=15537 denied=7200 memory_wait=4
PASS: shared fabric harts=2 seed=42366 transfers=34685 dual_pending=15601 denied=7361 memory_wait=4
PASS: shared fabric harts=2 seed=12648430 transfers=34610 dual_pending=15552 denied=7267 memory_wait=4
mkdir -p /tmp/aster-phase7-legacy-regressions-888c24b/build/fabric_h2_l11_sync1_wait1_w4_n16
verilator --cc --exe --build --timing --Wall --Wno-UNUSEDSIGNAL \
	--top-module aster_shared_fabric --Mdir /tmp/aster-phase7-legacy-regressions-888c24b/build/fabric_h2_l11_sync1_wait1_w4_n16/obj -o /tmp/aster-phase7-legacy-regressions-888c24b/build/fabric_h2_l11_sync1_wait1_w4_n16/aster_fabric_sim \
	-GHART_COUNT=2 "-GSYNC_MEMORY=1'b1" \
	"-GENABLE_L1=1'b1" -GL1_LINE_WORDS=4 -GL1_LINE_COUNT=16 \
	-GMEMORY_WAIT_CYCLES=1 "-GHOST_BOOT=1'b1" \
	-CFLAGS '-DASTER_HART_COUNT=2 -DASTER_MEMORY_WAIT=1 -DASTER_SYNC_MEMORY=1 -DASTER_ENABLE_L1=1 -DASTER_LINE_WORDS=4 -DASTER_LINE_COUNT=16' \
	/tmp/aster-phase7-build-source-tOwrU6/rtl/interconnect/aster_arbiter2.sv /tmp/aster-phase7-build-source-tOwrU6/rtl/soc/aster_shared_fabric.sv /tmp/aster-phase7-build-source-tOwrU6/rtl/memory/aster_rom.sv /tmp/aster-phase7-build-source-tOwrU6/rtl/memory/aster_ram.sv /tmp/aster-phase7-build-source-tOwrU6/rtl/peripherals/aster_uart.sv /tmp/aster-phase7-build-source-tOwrU6/rtl/peripherals/aster_perf_counters.sv \
	/tmp/aster-phase7-build-source-tOwrU6/verification/soc/tb_aster_shared_fabric.cpp
make[2]: warning: jobserver unavailable: using -j1.  Add '+' to parent make rule.
g++  -I.  -MMD -I/home/elfo/tools/verilator/root/include -I/home/elfo/tools/verilator/root/include/vltstd -DVM_COVERAGE=0 -DVM_SC=0 -DVM_TRACE=0 -DVM_TRACE_FST=0 -DVM_TRACE_VCD=0 -faligned-new -fcf-protection=none -Wno-bool-operation -Wno-overloaded-virtual -Wno-shadow -Wno-sign-compare -Wno-uninitialized -Wno-unused-but-set-parameter -Wno-unused-but-set-variable -Wno-unused-parameter -Wno-unused-variable     -DASTER_HART_COUNT=2 -DASTER_MEMORY_WAIT=1 -DASTER_SYNC_MEMORY=1 -DASTER_ENABLE_L1=1 -DASTER_LINE_WORDS=4 -DASTER_LINE_COUNT=16   -Os -c -o tb_aster_shared_fabric.o /tmp/aster-phase7-build-source-tOwrU6/verification/soc/tb_aster_shared_fabric.cpp
g++ -Os  -I.  -MMD -I/home/elfo/tools/verilator/root/include -I/home/elfo/tools/verilator/root/include/vltstd -DVM_COVERAGE=0 -DVM_SC=0 -DVM_TRACE=0 -DVM_TRACE_FST=0 -DVM_TRACE_VCD=0 -faligned-new -fcf-protection=none -Wno-bool-operation -Wno-overloaded-virtual -Wno-shadow -Wno-sign-compare -Wno-uninitialized -Wno-unused-but-set-parameter -Wno-unused-but-set-variable -Wno-unused-parameter -Wno-unused-variable     -DASTER_HART_COUNT=2 -DASTER_MEMORY_WAIT=1 -DASTER_SYNC_MEMORY=1 -DASTER_ENABLE_L1=1 -DASTER_LINE_WORDS=4 -DASTER_LINE_COUNT=16   -c -o verilated.o /home/elfo/tools/verilator/root/include/verilated.cpp
g++ -Os  -I.  -MMD -I/home/elfo/tools/verilator/root/include -I/home/elfo/tools/verilator/root/include/vltstd -DVM_COVERAGE=0 -DVM_SC=0 -DVM_TRACE=0 -DVM_TRACE_FST=0 -DVM_TRACE_VCD=0 -faligned-new -fcf-protection=none -Wno-bool-operation -Wno-overloaded-virtual -Wno-shadow -Wno-sign-compare -Wno-uninitialized -Wno-unused-but-set-parameter -Wno-unused-but-set-variable -Wno-unused-parameter -Wno-unused-variable     -DASTER_HART_COUNT=2 -DASTER_MEMORY_WAIT=1 -DASTER_SYNC_MEMORY=1 -DASTER_ENABLE_L1=1 -DASTER_LINE_WORDS=4 -DASTER_LINE_COUNT=16   -c -o verilated_threads.o /home/elfo/tools/verilator/root/include/verilated_threads.cpp
/usr/bin/python3 /home/elfo/tools/verilator/root/bin/verilator_includer -DVL_INCLUDE_OPT=include Vaster_shared_fabric.cpp Vaster_shared_fabric___024root__DepSet_h4a87bb73__0.cpp Vaster_shared_fabric___024root__DepSet_h6205f4b1__0.cpp Vaster_shared_fabric___024root__Slow.cpp Vaster_shared_fabric___024root__DepSet_h4a87bb73__0__Slow.cpp Vaster_shared_fabric___024root__DepSet_h6205f4b1__0__Slow.cpp Vaster_shared_fabric__Syms.cpp > Vaster_shared_fabric__ALL.cpp
g++ -Os  -I.  -MMD -I/home/elfo/tools/verilator/root/include -I/home/elfo/tools/verilator/root/include/vltstd -DVM_COVERAGE=0 -DVM_SC=0 -DVM_TRACE=0 -DVM_TRACE_FST=0 -DVM_TRACE_VCD=0 -faligned-new -fcf-protection=none -Wno-bool-operation -Wno-overloaded-virtual -Wno-shadow -Wno-sign-compare -Wno-uninitialized -Wno-unused-but-set-parameter -Wno-unused-but-set-variable -Wno-unused-parameter -Wno-unused-variable     -DASTER_HART_COUNT=2 -DASTER_MEMORY_WAIT=1 -DASTER_SYNC_MEMORY=1 -DASTER_ENABLE_L1=1 -DASTER_LINE_WORDS=4 -DASTER_LINE_COUNT=16   -c -o Vaster_shared_fabric__ALL.o Vaster_shared_fabric__ALL.cpp
echo "" > Vaster_shared_fabric__ALL.verilator_deplist.tmp
Archive ar -rcs Vaster_shared_fabric__ALL.a Vaster_shared_fabric__ALL.o
g++     tb_aster_shared_fabric.o verilated.o verilated_threads.o Vaster_shared_fabric__ALL.a    -pthread -lpthread -latomic   -o /tmp/aster-phase7-legacy-regressions-888c24b/build/fabric_h2_l11_sync1_wait1_w4_n16/aster_fabric_sim
rm Vaster_shared_fabric__ALL.verilator_deplist.tmp
PASS: shared fabric harts=2 seed=1 transfers=54305 dual_pending=31660 denied=15024 memory_wait=1
PASS: shared fabric harts=2 seed=42366 transfers=54256 dual_pending=31571 denied=14942 memory_wait=1
PASS: shared fabric harts=2 seed=12648430 transfers=54263 dual_pending=31527 denied=14909 memory_wait=1
mkdir -p /tmp/aster-phase7-legacy-regressions-888c24b/build/fabric_h2_l11_sync1_wait4_w4_n16
verilator --cc --exe --build --timing --Wall --Wno-UNUSEDSIGNAL \
	--top-module aster_shared_fabric --Mdir /tmp/aster-phase7-legacy-regressions-888c24b/build/fabric_h2_l11_sync1_wait4_w4_n16/obj -o /tmp/aster-phase7-legacy-regressions-888c24b/build/fabric_h2_l11_sync1_wait4_w4_n16/aster_fabric_sim \
	-GHART_COUNT=2 "-GSYNC_MEMORY=1'b1" \
	"-GENABLE_L1=1'b1" -GL1_LINE_WORDS=4 -GL1_LINE_COUNT=16 \
	-GMEMORY_WAIT_CYCLES=4 "-GHOST_BOOT=1'b1" \
	-CFLAGS '-DASTER_HART_COUNT=2 -DASTER_MEMORY_WAIT=4 -DASTER_SYNC_MEMORY=1 -DASTER_ENABLE_L1=1 -DASTER_LINE_WORDS=4 -DASTER_LINE_COUNT=16' \
	/tmp/aster-phase7-build-source-tOwrU6/rtl/interconnect/aster_arbiter2.sv /tmp/aster-phase7-build-source-tOwrU6/rtl/soc/aster_shared_fabric.sv /tmp/aster-phase7-build-source-tOwrU6/rtl/memory/aster_rom.sv /tmp/aster-phase7-build-source-tOwrU6/rtl/memory/aster_ram.sv /tmp/aster-phase7-build-source-tOwrU6/rtl/peripherals/aster_uart.sv /tmp/aster-phase7-build-source-tOwrU6/rtl/peripherals/aster_perf_counters.sv \
	/tmp/aster-phase7-build-source-tOwrU6/verification/soc/tb_aster_shared_fabric.cpp
make[2]: warning: jobserver unavailable: using -j1.  Add '+' to parent make rule.
g++  -I.  -MMD -I/home/elfo/tools/verilator/root/include -I/home/elfo/tools/verilator/root/include/vltstd -DVM_COVERAGE=0 -DVM_SC=0 -DVM_TRACE=0 -DVM_TRACE_FST=0 -DVM_TRACE_VCD=0 -faligned-new -fcf-protection=none -Wno-bool-operation -Wno-overloaded-virtual -Wno-shadow -Wno-sign-compare -Wno-uninitialized -Wno-unused-but-set-parameter -Wno-unused-but-set-variable -Wno-unused-parameter -Wno-unused-variable     -DASTER_HART_COUNT=2 -DASTER_MEMORY_WAIT=4 -DASTER_SYNC_MEMORY=1 -DASTER_ENABLE_L1=1 -DASTER_LINE_WORDS=4 -DASTER_LINE_COUNT=16   -Os -c -o tb_aster_shared_fabric.o /tmp/aster-phase7-build-source-tOwrU6/verification/soc/tb_aster_shared_fabric.cpp
g++ -Os  -I.  -MMD -I/home/elfo/tools/verilator/root/include -I/home/elfo/tools/verilator/root/include/vltstd -DVM_COVERAGE=0 -DVM_SC=0 -DVM_TRACE=0 -DVM_TRACE_FST=0 -DVM_TRACE_VCD=0 -faligned-new -fcf-protection=none -Wno-bool-operation -Wno-overloaded-virtual -Wno-shadow -Wno-sign-compare -Wno-uninitialized -Wno-unused-but-set-parameter -Wno-unused-but-set-variable -Wno-unused-parameter -Wno-unused-variable     -DASTER_HART_COUNT=2 -DASTER_MEMORY_WAIT=4 -DASTER_SYNC_MEMORY=1 -DASTER_ENABLE_L1=1 -DASTER_LINE_WORDS=4 -DASTER_LINE_COUNT=16   -c -o verilated.o /home/elfo/tools/verilator/root/include/verilated.cpp
g++ -Os  -I.  -MMD -I/home/elfo/tools/verilator/root/include -I/home/elfo/tools/verilator/root/include/vltstd -DVM_COVERAGE=0 -DVM_SC=0 -DVM_TRACE=0 -DVM_TRACE_FST=0 -DVM_TRACE_VCD=0 -faligned-new -fcf-protection=none -Wno-bool-operation -Wno-overloaded-virtual -Wno-shadow -Wno-sign-compare -Wno-uninitialized -Wno-unused-but-set-parameter -Wno-unused-but-set-variable -Wno-unused-parameter -Wno-unused-variable     -DASTER_HART_COUNT=2 -DASTER_MEMORY_WAIT=4 -DASTER_SYNC_MEMORY=1 -DASTER_ENABLE_L1=1 -DASTER_LINE_WORDS=4 -DASTER_LINE_COUNT=16   -c -o verilated_threads.o /home/elfo/tools/verilator/root/include/verilated_threads.cpp
/usr/bin/python3 /home/elfo/tools/verilator/root/bin/verilator_includer -DVL_INCLUDE_OPT=include Vaster_shared_fabric.cpp Vaster_shared_fabric___024root__DepSet_h4a87bb73__0.cpp Vaster_shared_fabric___024root__DepSet_h6205f4b1__0.cpp Vaster_shared_fabric___024root__Slow.cpp Vaster_shared_fabric___024root__DepSet_h4a87bb73__0__Slow.cpp Vaster_shared_fabric___024root__DepSet_h6205f4b1__0__Slow.cpp Vaster_shared_fabric__Syms.cpp > Vaster_shared_fabric__ALL.cpp
g++ -Os  -I.  -MMD -I/home/elfo/tools/verilator/root/include -I/home/elfo/tools/verilator/root/include/vltstd -DVM_COVERAGE=0 -DVM_SC=0 -DVM_TRACE=0 -DVM_TRACE_FST=0 -DVM_TRACE_VCD=0 -faligned-new -fcf-protection=none -Wno-bool-operation -Wno-overloaded-virtual -Wno-shadow -Wno-sign-compare -Wno-uninitialized -Wno-unused-but-set-parameter -Wno-unused-but-set-variable -Wno-unused-parameter -Wno-unused-variable     -DASTER_HART_COUNT=2 -DASTER_MEMORY_WAIT=4 -DASTER_SYNC_MEMORY=1 -DASTER_ENABLE_L1=1 -DASTER_LINE_WORDS=4 -DASTER_LINE_COUNT=16   -c -o Vaster_shared_fabric__ALL.o Vaster_shared_fabric__ALL.cpp
echo "" > Vaster_shared_fabric__ALL.verilator_deplist.tmp
Archive ar -rcs Vaster_shared_fabric__ALL.a Vaster_shared_fabric__ALL.o
g++     tb_aster_shared_fabric.o verilated.o verilated_threads.o Vaster_shared_fabric__ALL.a    -pthread -lpthread -latomic   -o /tmp/aster-phase7-legacy-regressions-888c24b/build/fabric_h2_l11_sync1_wait4_w4_n16/aster_fabric_sim
rm Vaster_shared_fabric__ALL.verilator_deplist.tmp
PASS: shared fabric harts=2 seed=1 transfers=34554 dual_pending=15537 denied=7200 memory_wait=4
PASS: shared fabric harts=2 seed=42366 transfers=34685 dual_pending=15601 denied=7361 memory_wait=4
PASS: shared fabric harts=2 seed=12648430 transfers=34610 dual_pending=15552 denied=7267 memory_wait=4
