mkdir -p /tmp/aster-phase7-legacy-regressions-888c24b/build/riscv_reference_l10_sync0_wait0_w4_n16
verilator --cc --exe --build --timing --Wall -DRISCV_FORMAL --Wno-DECLFILENAME --Wno-GENUNNAMED --Wno-UNUSEDSIGNAL --Wno-BLKSEQ --unroll-count 2048 --unroll-stmts 100000 --assert -DASTER_COHERENCE_ASSERT \
	--top-module aster_coherent_soc -GHART_COUNT=2 "-GENABLE_L1=1'b0" \
	"-GSYNC_MEMORY=1'b0" -GMEMORY_WAIT_CYCLES=0 "-GHOST_BOOT=1'b1" \
	-GLINE_WORDS=4 -GLINE_COUNT=16 \
	--Mdir /tmp/aster-phase7-legacy-regressions-888c24b/build/riscv_reference_l10_sync0_wait0_w4_n16/obj -o /tmp/aster-phase7-legacy-regressions-888c24b/build/riscv_reference_l10_sync0_wait0_w4_n16/aster_riscv_reference_sim \
	/tmp/aster-phase7-build-source-tOwrU6/rtl/core/aster_picorv32.sv /tmp/aster-phase7-build-source-tOwrU6/vendor/picorv32/picorv32.v /tmp/aster-phase7-build-source-tOwrU6/rtl/cache/aster_l1_cache.sv /tmp/aster-phase7-build-source-tOwrU6/rtl/memory/aster_rom.sv /tmp/aster-phase7-build-source-tOwrU6/rtl/memory/aster_ram.sv /tmp/aster-phase7-build-source-tOwrU6/rtl/core/aster_pcpi_atomic.sv /tmp/aster-phase7-build-source-tOwrU6/rtl/core/aster_atomic_hart.sv /tmp/aster-phase7-build-source-tOwrU6/rtl/cache/aster_coherent_cache.sv /tmp/aster-phase7-build-source-tOwrU6/rtl/interconnect/aster_atomic_fabric.sv /tmp/aster-phase7-build-source-tOwrU6/rtl/soc/aster_warm_stop.sv /tmp/aster-phase7-build-source-tOwrU6/rtl/peripherals/aster_uart.sv /tmp/aster-phase7-build-source-tOwrU6/rtl/peripherals/aster_coherent_perf.sv /tmp/aster-phase7-build-source-tOwrU6/rtl/dma/aster_dma_engine.sv /tmp/aster-phase7-build-source-tOwrU6/rtl/interconnect/aster_dma_arbiter.sv /tmp/aster-phase7-build-source-tOwrU6/rtl/peripherals/aster_dma_perf.sv /tmp/aster-phase7-build-source-tOwrU6/rtl/soc/aster_coherent_soc.sv /tmp/aster-phase7-build-source-tOwrU6/verification/soc/tb_riscv_reference.cpp
make[2]: warning: jobserver unavailable: using -j1.  Add '+' to parent make rule.
g++  -I.  -MMD -I/home/elfo/tools/verilator/root/include -I/home/elfo/tools/verilator/root/include/vltstd -DVM_COVERAGE=0 -DVM_SC=0 -DVM_TRACE=0 -DVM_TRACE_FST=0 -DVM_TRACE_VCD=0 -faligned-new -fcf-protection=none -Wno-bool-operation -Wno-overloaded-virtual -Wno-shadow -Wno-sign-compare -Wno-uninitialized -Wno-unused-but-set-parameter -Wno-unused-but-set-variable -Wno-unused-parameter -Wno-unused-variable       -Os -c -o tb_riscv_reference.o /tmp/aster-phase7-build-source-tOwrU6/verification/soc/tb_riscv_reference.cpp
g++ -Os  -I.  -MMD -I/home/elfo/tools/verilator/root/include -I/home/elfo/tools/verilator/root/include/vltstd -DVM_COVERAGE=0 -DVM_SC=0 -DVM_TRACE=0 -DVM_TRACE_FST=0 -DVM_TRACE_VCD=0 -faligned-new -fcf-protection=none -Wno-bool-operation -Wno-overloaded-virtual -Wno-shadow -Wno-sign-compare -Wno-uninitialized -Wno-unused-but-set-parameter -Wno-unused-but-set-variable -Wno-unused-parameter -Wno-unused-variable       -c -o verilated.o /home/elfo/tools/verilator/root/include/verilated.cpp
g++ -Os  -I.  -MMD -I/home/elfo/tools/verilator/root/include -I/home/elfo/tools/verilator/root/include/vltstd -DVM_COVERAGE=0 -DVM_SC=0 -DVM_TRACE=0 -DVM_TRACE_FST=0 -DVM_TRACE_VCD=0 -faligned-new -fcf-protection=none -Wno-bool-operation -Wno-overloaded-virtual -Wno-shadow -Wno-sign-compare -Wno-uninitialized -Wno-unused-but-set-parameter -Wno-unused-but-set-variable -Wno-unused-parameter -Wno-unused-variable       -c -o verilated_threads.o /home/elfo/tools/verilator/root/include/verilated_threads.cpp
/usr/bin/python3 /home/elfo/tools/verilator/root/bin/verilator_includer -DVL_INCLUDE_OPT=include Vaster_coherent_soc.cpp Vaster_coherent_soc___024root__DepSet_hc6677697__0.cpp Vaster_coherent_soc___024root__DepSet_h9074b246__0.cpp Vaster_coherent_soc_aster_atomic_hart__Ez1_L4_LB10__DepSet_ha8ecfc2c__0.cpp Vaster_coherent_soc__ConstPool_0.cpp Vaster_coherent_soc___024root__Slow.cpp Vaster_coherent_soc___024root__DepSet_hc6677697__0__Slow.cpp Vaster_coherent_soc___024root__DepSet_h9074b246__0__Slow.cpp Vaster_coherent_soc_aster_atomic_hart__Ez1_L4_LB10__Slow.cpp Vaster_coherent_soc_aster_atomic_hart__Ez1_L4_LB10__DepSet_ha8ecfc2c__0__Slow.cpp Vaster_coherent_soc_aster_atomic_hart__Ez1_L4_LB10__DepSet_heaed37cf__0__Slow.cpp Vaster_coherent_soc__Syms.cpp > Vaster_coherent_soc__ALL.cpp
g++ -Os  -I.  -MMD -I/home/elfo/tools/verilator/root/include -I/home/elfo/tools/verilator/root/include/vltstd -DVM_COVERAGE=0 -DVM_SC=0 -DVM_TRACE=0 -DVM_TRACE_FST=0 -DVM_TRACE_VCD=0 -faligned-new -fcf-protection=none -Wno-bool-operation -Wno-overloaded-virtual -Wno-shadow -Wno-sign-compare -Wno-uninitialized -Wno-unused-but-set-parameter -Wno-unused-but-set-variable -Wno-unused-parameter -Wno-unused-variable       -c -o Vaster_coherent_soc__ALL.o Vaster_coherent_soc__ALL.cpp
echo "" > Vaster_coherent_soc__ALL.verilator_deplist.tmp
Archive ar -rcs Vaster_coherent_soc__ALL.a Vaster_coherent_soc__ALL.o
g++     tb_riscv_reference.o verilated.o verilated_threads.o Vaster_coherent_soc__ALL.a    -pthread -lpthread -latomic   -o /tmp/aster-phase7-legacy-regressions-888c24b/build/riscv_reference_l10_sync0_wait0_w4_n16/aster_riscv_reference_sim
rm Vaster_coherent_soc__ALL.verilator_deplist.tmp
PASS: upstream negative comparison hart=0, original test_2 fail path detected; vendor unchanged
PASS: upstream negative comparison hart=1, original test_2 fail path detected; vendor unchanged
PASS: pinned RV32UA test=amoadd_w hart=0 boot=1 cases=4 body_retired=27 cycles=898 stores=13 retained_ram=65536
PASS: pinned RV32UA test=amoadd_w hart=0 boot=2 cases=4 body_retired=27 cycles=898 stores=13 retained_ram=65536
PASS: pinned RV32UA test=amoadd_w hart=1 boot=1 cases=4 body_retired=27 cycles=1400 stores=13 retained_ram=65536
PASS: pinned RV32UA test=amoadd_w hart=1 boot=2 cases=4 body_retired=27 cycles=1400 stores=13 retained_ram=65536
PASS: pinned RV32UA test=amoand_w hart=0 boot=1 cases=4 body_retired=25 cycles=880 stores=13 retained_ram=65536
PASS: pinned RV32UA test=amoand_w hart=0 boot=2 cases=4 body_retired=25 cycles=880 stores=13 retained_ram=65536
PASS: pinned RV32UA test=amoand_w hart=1 boot=1 cases=4 body_retired=25 cycles=1372 stores=13 retained_ram=65536
PASS: pinned RV32UA test=amoand_w hart=1 boot=2 cases=4 body_retired=25 cycles=1372 stores=13 retained_ram=65536
PASS: pinned RV32UA test=amomax_w hart=0 boot=1 cases=6 body_retired=39 cycles=1046 stores=16 retained_ram=65536
PASS: pinned RV32UA test=amomax_w hart=0 boot=2 cases=6 body_retired=39 cycles=1046 stores=16 retained_ram=65536
PASS: pinned RV32UA test=amomax_w hart=1 boot=1 cases=6 body_retired=39 cycles=1628 stores=16 retained_ram=65536
PASS: pinned RV32UA test=amomax_w hart=1 boot=2 cases=6 body_retired=39 cycles=1628 stores=16 retained_ram=65536
PASS: pinned RV32UA test=amomaxu_w hart=0 boot=1 cases=4 body_retired=26 cycles=898 stores=14 retained_ram=65536
PASS: pinned RV32UA test=amomaxu_w hart=0 boot=2 cases=4 body_retired=26 cycles=898 stores=14 retained_ram=65536
PASS: pinned RV32UA test=amomaxu_w hart=1 boot=1 cases=4 body_retired=26 cycles=1400 stores=14 retained_ram=65536
PASS: pinned RV32UA test=amomaxu_w hart=1 boot=2 cases=4 body_retired=26 cycles=1400 stores=14 retained_ram=65536
PASS: pinned RV32UA test=amomin_w hart=0 boot=1 cases=6 body_retired=39 cycles=1046 stores=16 retained_ram=65536
PASS: pinned RV32UA test=amomin_w hart=0 boot=2 cases=6 body_retired=39 cycles=1046 stores=16 retained_ram=65536
PASS: pinned RV32UA test=amomin_w hart=1 boot=1 cases=6 body_retired=39 cycles=1628 stores=16 retained_ram=65536
PASS: pinned RV32UA test=amomin_w hart=1 boot=2 cases=6 body_retired=39 cycles=1628 stores=16 retained_ram=65536
PASS: pinned RV32UA test=amominu_w hart=0 boot=1 cases=4 body_retired=26 cycles=898 stores=14 retained_ram=65536
PASS: pinned RV32UA test=amominu_w hart=0 boot=2 cases=4 body_retired=26 cycles=898 stores=14 retained_ram=65536
PASS: pinned RV32UA test=amominu_w hart=1 boot=1 cases=4 body_retired=26 cycles=1400 stores=14 retained_ram=65536
PASS: pinned RV32UA test=amominu_w hart=1 boot=2 cases=4 body_retired=26 cycles=1400 stores=14 retained_ram=65536
PASS: pinned RV32UA test=amoor_w hart=0 boot=1 cases=4 body_retired=25 cycles=880 stores=13 retained_ram=65536
PASS: pinned RV32UA test=amoor_w hart=0 boot=2 cases=4 body_retired=25 cycles=880 stores=13 retained_ram=65536
PASS: pinned RV32UA test=amoor_w hart=1 boot=1 cases=4 body_retired=25 cycles=1372 stores=13 retained_ram=65536
PASS: pinned RV32UA test=amoor_w hart=1 boot=2 cases=4 body_retired=25 cycles=1372 stores=13 retained_ram=65536
PASS: pinned RV32UA test=amoswap_w hart=0 boot=1 cases=4 body_retired=25 cycles=880 stores=13 retained_ram=65536
PASS: pinned RV32UA test=amoswap_w hart=0 boot=2 cases=4 body_retired=25 cycles=880 stores=13 retained_ram=65536
PASS: pinned RV32UA test=amoswap_w hart=1 boot=1 cases=4 body_retired=25 cycles=1372 stores=13 retained_ram=65536
PASS: pinned RV32UA test=amoswap_w hart=1 boot=2 cases=4 body_retired=25 cycles=1372 stores=13 retained_ram=65536
PASS: pinned RV32UA test=amoxor_w hart=0 boot=1 cases=4 body_retired=29 cycles=916 stores=13 retained_ram=65536
PASS: pinned RV32UA test=amoxor_w hart=0 boot=2 cases=4 body_retired=29 cycles=916 stores=13 retained_ram=65536
PASS: pinned RV32UA test=amoxor_w hart=1 boot=1 cases=4 body_retired=29 cycles=1428 stores=13 retained_ram=65536
PASS: pinned RV32UA test=amoxor_w hart=1 boot=2 cases=4 body_retired=29 cycles=1428 stores=13 retained_ram=65536
PASS: pinned RV32UA test=lrsc hart=0 boot=1 cases=4 body_retired=6202 cycles=101769 stores=1295 retained_ram=65536
PASS: pinned RV32UA test=lrsc hart=0 boot=2 cases=4 body_retired=6202 cycles=101769 stores=1295 retained_ram=65536
PASS: pinned RV32UA test=lrsc hart=1 boot=1 cases=4 body_retired=6202 cycles=149560 stores=1295 retained_ram=65536
PASS: pinned RV32UA test=lrsc hart=1 boot=2 cases=4 body_retired=6202 cycles=149560 stores=1295 retained_ram=65536
mkdir -p /tmp/aster-phase7-legacy-regressions-888c24b/build/riscv_reference_l10_sync0_wait7_w4_n16
verilator --cc --exe --build --timing --Wall -DRISCV_FORMAL --Wno-DECLFILENAME --Wno-GENUNNAMED --Wno-UNUSEDSIGNAL --Wno-BLKSEQ --unroll-count 2048 --unroll-stmts 100000 --assert -DASTER_COHERENCE_ASSERT \
	--top-module aster_coherent_soc -GHART_COUNT=2 "-GENABLE_L1=1'b0" \
	"-GSYNC_MEMORY=1'b0" -GMEMORY_WAIT_CYCLES=7 "-GHOST_BOOT=1'b1" \
	-GLINE_WORDS=4 -GLINE_COUNT=16 \
	--Mdir /tmp/aster-phase7-legacy-regressions-888c24b/build/riscv_reference_l10_sync0_wait7_w4_n16/obj -o /tmp/aster-phase7-legacy-regressions-888c24b/build/riscv_reference_l10_sync0_wait7_w4_n16/aster_riscv_reference_sim \
	/tmp/aster-phase7-build-source-tOwrU6/rtl/core/aster_picorv32.sv /tmp/aster-phase7-build-source-tOwrU6/vendor/picorv32/picorv32.v /tmp/aster-phase7-build-source-tOwrU6/rtl/cache/aster_l1_cache.sv /tmp/aster-phase7-build-source-tOwrU6/rtl/memory/aster_rom.sv /tmp/aster-phase7-build-source-tOwrU6/rtl/memory/aster_ram.sv /tmp/aster-phase7-build-source-tOwrU6/rtl/core/aster_pcpi_atomic.sv /tmp/aster-phase7-build-source-tOwrU6/rtl/core/aster_atomic_hart.sv /tmp/aster-phase7-build-source-tOwrU6/rtl/cache/aster_coherent_cache.sv /tmp/aster-phase7-build-source-tOwrU6/rtl/interconnect/aster_atomic_fabric.sv /tmp/aster-phase7-build-source-tOwrU6/rtl/soc/aster_warm_stop.sv /tmp/aster-phase7-build-source-tOwrU6/rtl/peripherals/aster_uart.sv /tmp/aster-phase7-build-source-tOwrU6/rtl/peripherals/aster_coherent_perf.sv /tmp/aster-phase7-build-source-tOwrU6/rtl/dma/aster_dma_engine.sv /tmp/aster-phase7-build-source-tOwrU6/rtl/interconnect/aster_dma_arbiter.sv /tmp/aster-phase7-build-source-tOwrU6/rtl/peripherals/aster_dma_perf.sv /tmp/aster-phase7-build-source-tOwrU6/rtl/soc/aster_coherent_soc.sv /tmp/aster-phase7-build-source-tOwrU6/verification/soc/tb_riscv_reference.cpp
make[2]: warning: jobserver unavailable: using -j1.  Add '+' to parent make rule.
g++  -I.  -MMD -I/home/elfo/tools/verilator/root/include -I/home/elfo/tools/verilator/root/include/vltstd -DVM_COVERAGE=0 -DVM_SC=0 -DVM_TRACE=0 -DVM_TRACE_FST=0 -DVM_TRACE_VCD=0 -faligned-new -fcf-protection=none -Wno-bool-operation -Wno-overloaded-virtual -Wno-shadow -Wno-sign-compare -Wno-uninitialized -Wno-unused-but-set-parameter -Wno-unused-but-set-variable -Wno-unused-parameter -Wno-unused-variable       -Os -c -o tb_riscv_reference.o /tmp/aster-phase7-build-source-tOwrU6/verification/soc/tb_riscv_reference.cpp
g++ -Os  -I.  -MMD -I/home/elfo/tools/verilator/root/include -I/home/elfo/tools/verilator/root/include/vltstd -DVM_COVERAGE=0 -DVM_SC=0 -DVM_TRACE=0 -DVM_TRACE_FST=0 -DVM_TRACE_VCD=0 -faligned-new -fcf-protection=none -Wno-bool-operation -Wno-overloaded-virtual -Wno-shadow -Wno-sign-compare -Wno-uninitialized -Wno-unused-but-set-parameter -Wno-unused-but-set-variable -Wno-unused-parameter -Wno-unused-variable       -c -o verilated.o /home/elfo/tools/verilator/root/include/verilated.cpp
g++ -Os  -I.  -MMD -I/home/elfo/tools/verilator/root/include -I/home/elfo/tools/verilator/root/include/vltstd -DVM_COVERAGE=0 -DVM_SC=0 -DVM_TRACE=0 -DVM_TRACE_FST=0 -DVM_TRACE_VCD=0 -faligned-new -fcf-protection=none -Wno-bool-operation -Wno-overloaded-virtual -Wno-shadow -Wno-sign-compare -Wno-uninitialized -Wno-unused-but-set-parameter -Wno-unused-but-set-variable -Wno-unused-parameter -Wno-unused-variable       -c -o verilated_threads.o /home/elfo/tools/verilator/root/include/verilated_threads.cpp
/usr/bin/python3 /home/elfo/tools/verilator/root/bin/verilator_includer -DVL_INCLUDE_OPT=include Vaster_coherent_soc.cpp Vaster_coherent_soc___024root__DepSet_hc6677697__0.cpp Vaster_coherent_soc___024root__DepSet_h9074b246__0.cpp Vaster_coherent_soc_aster_atomic_hart__Ez1_L4_LB10__DepSet_ha8ecfc2c__0.cpp Vaster_coherent_soc__ConstPool_0.cpp Vaster_coherent_soc___024root__Slow.cpp Vaster_coherent_soc___024root__DepSet_hc6677697__0__Slow.cpp Vaster_coherent_soc___024root__DepSet_h9074b246__0__Slow.cpp Vaster_coherent_soc_aster_atomic_hart__Ez1_L4_LB10__Slow.cpp Vaster_coherent_soc_aster_atomic_hart__Ez1_L4_LB10__DepSet_ha8ecfc2c__0__Slow.cpp Vaster_coherent_soc_aster_atomic_hart__Ez1_L4_LB10__DepSet_heaed37cf__0__Slow.cpp Vaster_coherent_soc__Syms.cpp > Vaster_coherent_soc__ALL.cpp
g++ -Os  -I.  -MMD -I/home/elfo/tools/verilator/root/include -I/home/elfo/tools/verilator/root/include/vltstd -DVM_COVERAGE=0 -DVM_SC=0 -DVM_TRACE=0 -DVM_TRACE_FST=0 -DVM_TRACE_VCD=0 -faligned-new -fcf-protection=none -Wno-bool-operation -Wno-overloaded-virtual -Wno-shadow -Wno-sign-compare -Wno-uninitialized -Wno-unused-but-set-parameter -Wno-unused-but-set-variable -Wno-unused-parameter -Wno-unused-variable       -c -o Vaster_coherent_soc__ALL.o Vaster_coherent_soc__ALL.cpp
echo "" > Vaster_coherent_soc__ALL.verilator_deplist.tmp
Archive ar -rcs Vaster_coherent_soc__ALL.a Vaster_coherent_soc__ALL.o
g++     tb_riscv_reference.o verilated.o verilated_threads.o Vaster_coherent_soc__ALL.a    -pthread -lpthread -latomic   -o /tmp/aster-phase7-legacy-regressions-888c24b/build/riscv_reference_l10_sync0_wait7_w4_n16/aster_riscv_reference_sim
rm Vaster_coherent_soc__ALL.verilator_deplist.tmp
PASS: upstream negative comparison hart=0, original test_2 fail path detected; vendor unchanged
PASS: upstream negative comparison hart=1, original test_2 fail path detected; vendor unchanged
PASS: pinned RV32UA test=amoadd_w hart=0 boot=1 cases=4 body_retired=27 cycles=1598 stores=13 retained_ram=65536
PASS: pinned RV32UA test=amoadd_w hart=0 boot=2 cases=4 body_retired=27 cycles=1598 stores=13 retained_ram=65536
PASS: pinned RV32UA test=amoadd_w hart=1 boot=1 cases=4 body_retired=27 cycles=2709 stores=13 retained_ram=65536
PASS: pinned RV32UA test=amoadd_w hart=1 boot=2 cases=4 body_retired=27 cycles=2709 stores=13 retained_ram=65536
PASS: pinned RV32UA test=amoand_w hart=0 boot=1 cases=4 body_retired=25 cycles=1566 stores=13 retained_ram=65536
PASS: pinned RV32UA test=amoand_w hart=0 boot=2 cases=4 body_retired=25 cycles=1566 stores=13 retained_ram=65536
PASS: pinned RV32UA test=amoand_w hart=1 boot=1 cases=4 body_retired=25 cycles=2653 stores=13 retained_ram=65536
PASS: pinned RV32UA test=amoand_w hart=1 boot=2 cases=4 body_retired=25 cycles=2653 stores=13 retained_ram=65536
PASS: pinned RV32UA test=amomax_w hart=0 boot=1 cases=6 body_retired=39 cycles=1865 stores=16 retained_ram=65536
PASS: pinned RV32UA test=amomax_w hart=0 boot=2 cases=6 body_retired=39 cycles=1865 stores=16 retained_ram=65536
PASS: pinned RV32UA test=amomax_w hart=1 boot=1 cases=6 body_retired=39 cycles=3168 stores=16 retained_ram=65536
PASS: pinned RV32UA test=amomax_w hart=1 boot=2 cases=6 body_retired=39 cycles=3168 stores=16 retained_ram=65536
PASS: pinned RV32UA test=amomaxu_w hart=0 boot=1 cases=4 body_retired=26 cycles=1598 stores=14 retained_ram=65536
PASS: pinned RV32UA test=amomaxu_w hart=0 boot=2 cases=4 body_retired=26 cycles=1598 stores=14 retained_ram=65536
PASS: pinned RV32UA test=amomaxu_w hart=1 boot=1 cases=4 body_retired=26 cycles=2709 stores=14 retained_ram=65536
PASS: pinned RV32UA test=amomaxu_w hart=1 boot=2 cases=4 body_retired=26 cycles=2709 stores=14 retained_ram=65536
PASS: pinned RV32UA test=amomin_w hart=0 boot=1 cases=6 body_retired=39 cycles=1865 stores=16 retained_ram=65536
PASS: pinned RV32UA test=amomin_w hart=0 boot=2 cases=6 body_retired=39 cycles=1865 stores=16 retained_ram=65536
PASS: pinned RV32UA test=amomin_w hart=1 boot=1 cases=6 body_retired=39 cycles=3168 stores=16 retained_ram=65536
PASS: pinned RV32UA test=amomin_w hart=1 boot=2 cases=6 body_retired=39 cycles=3168 stores=16 retained_ram=65536
PASS: pinned RV32UA test=amominu_w hart=0 boot=1 cases=4 body_retired=26 cycles=1598 stores=14 retained_ram=65536
PASS: pinned RV32UA test=amominu_w hart=0 boot=2 cases=4 body_retired=26 cycles=1598 stores=14 retained_ram=65536
PASS: pinned RV32UA test=amominu_w hart=1 boot=1 cases=4 body_retired=26 cycles=2709 stores=14 retained_ram=65536
PASS: pinned RV32UA test=amominu_w hart=1 boot=2 cases=4 body_retired=26 cycles=2709 stores=14 retained_ram=65536
PASS: pinned RV32UA test=amoor_w hart=0 boot=1 cases=4 body_retired=25 cycles=1566 stores=13 retained_ram=65536
PASS: pinned RV32UA test=amoor_w hart=0 boot=2 cases=4 body_retired=25 cycles=1566 stores=13 retained_ram=65536
PASS: pinned RV32UA test=amoor_w hart=1 boot=1 cases=4 body_retired=25 cycles=2653 stores=13 retained_ram=65536
PASS: pinned RV32UA test=amoor_w hart=1 boot=2 cases=4 body_retired=25 cycles=2653 stores=13 retained_ram=65536
PASS: pinned RV32UA test=amoswap_w hart=0 boot=1 cases=4 body_retired=25 cycles=1566 stores=13 retained_ram=65536
PASS: pinned RV32UA test=amoswap_w hart=0 boot=2 cases=4 body_retired=25 cycles=1566 stores=13 retained_ram=65536
PASS: pinned RV32UA test=amoswap_w hart=1 boot=1 cases=4 body_retired=25 cycles=2653 stores=13 retained_ram=65536
PASS: pinned RV32UA test=amoswap_w hart=1 boot=2 cases=4 body_retired=25 cycles=2653 stores=13 retained_ram=65536
PASS: pinned RV32UA test=amoxor_w hart=0 boot=1 cases=4 body_retired=29 cycles=1630 stores=13 retained_ram=65536
PASS: pinned RV32UA test=amoxor_w hart=0 boot=2 cases=4 body_retired=29 cycles=1630 stores=13 retained_ram=65536
PASS: pinned RV32UA test=amoxor_w hart=1 boot=1 cases=4 body_retired=29 cycles=2765 stores=13 retained_ram=65536
PASS: pinned RV32UA test=amoxor_w hart=1 boot=2 cases=4 body_retired=29 cycles=2765 stores=13 retained_ram=65536
PASS: pinned RV32UA test=lrsc hart=0 boot=1 cases=4 body_retired=6202 cycles=181709 stores=1295 retained_ram=65536
PASS: pinned RV32UA test=lrsc hart=0 boot=2 cases=4 body_retired=6202 cycles=181709 stores=1295 retained_ram=65536
PASS: pinned RV32UA test=lrsc hart=1 boot=1 cases=4 body_retired=6202 cycles=294880 stores=1295 retained_ram=65536
PASS: pinned RV32UA test=lrsc hart=1 boot=2 cases=4 body_retired=6202 cycles=294880 stores=1295 retained_ram=65536
mkdir -p /tmp/aster-phase7-legacy-regressions-888c24b/build/riscv_reference_l10_sync1_wait1_w4_n16
verilator --cc --exe --build --timing --Wall -DRISCV_FORMAL --Wno-DECLFILENAME --Wno-GENUNNAMED --Wno-UNUSEDSIGNAL --Wno-BLKSEQ --unroll-count 2048 --unroll-stmts 100000 --assert -DASTER_COHERENCE_ASSERT \
	--top-module aster_coherent_soc -GHART_COUNT=2 "-GENABLE_L1=1'b0" \
	"-GSYNC_MEMORY=1'b1" -GMEMORY_WAIT_CYCLES=1 "-GHOST_BOOT=1'b1" \
	-GLINE_WORDS=4 -GLINE_COUNT=16 \
	--Mdir /tmp/aster-phase7-legacy-regressions-888c24b/build/riscv_reference_l10_sync1_wait1_w4_n16/obj -o /tmp/aster-phase7-legacy-regressions-888c24b/build/riscv_reference_l10_sync1_wait1_w4_n16/aster_riscv_reference_sim \
	/tmp/aster-phase7-build-source-tOwrU6/rtl/core/aster_picorv32.sv /tmp/aster-phase7-build-source-tOwrU6/vendor/picorv32/picorv32.v /tmp/aster-phase7-build-source-tOwrU6/rtl/cache/aster_l1_cache.sv /tmp/aster-phase7-build-source-tOwrU6/rtl/memory/aster_rom.sv /tmp/aster-phase7-build-source-tOwrU6/rtl/memory/aster_ram.sv /tmp/aster-phase7-build-source-tOwrU6/rtl/core/aster_pcpi_atomic.sv /tmp/aster-phase7-build-source-tOwrU6/rtl/core/aster_atomic_hart.sv /tmp/aster-phase7-build-source-tOwrU6/rtl/cache/aster_coherent_cache.sv /tmp/aster-phase7-build-source-tOwrU6/rtl/interconnect/aster_atomic_fabric.sv /tmp/aster-phase7-build-source-tOwrU6/rtl/soc/aster_warm_stop.sv /tmp/aster-phase7-build-source-tOwrU6/rtl/peripherals/aster_uart.sv /tmp/aster-phase7-build-source-tOwrU6/rtl/peripherals/aster_coherent_perf.sv /tmp/aster-phase7-build-source-tOwrU6/rtl/dma/aster_dma_engine.sv /tmp/aster-phase7-build-source-tOwrU6/rtl/interconnect/aster_dma_arbiter.sv /tmp/aster-phase7-build-source-tOwrU6/rtl/peripherals/aster_dma_perf.sv /tmp/aster-phase7-build-source-tOwrU6/rtl/soc/aster_coherent_soc.sv /tmp/aster-phase7-build-source-tOwrU6/verification/soc/tb_riscv_reference.cpp
make[2]: warning: jobserver unavailable: using -j1.  Add '+' to parent make rule.
g++  -I.  -MMD -I/home/elfo/tools/verilator/root/include -I/home/elfo/tools/verilator/root/include/vltstd -DVM_COVERAGE=0 -DVM_SC=0 -DVM_TRACE=0 -DVM_TRACE_FST=0 -DVM_TRACE_VCD=0 -faligned-new -fcf-protection=none -Wno-bool-operation -Wno-overloaded-virtual -Wno-shadow -Wno-sign-compare -Wno-uninitialized -Wno-unused-but-set-parameter -Wno-unused-but-set-variable -Wno-unused-parameter -Wno-unused-variable       -Os -c -o tb_riscv_reference.o /tmp/aster-phase7-build-source-tOwrU6/verification/soc/tb_riscv_reference.cpp
g++ -Os  -I.  -MMD -I/home/elfo/tools/verilator/root/include -I/home/elfo/tools/verilator/root/include/vltstd -DVM_COVERAGE=0 -DVM_SC=0 -DVM_TRACE=0 -DVM_TRACE_FST=0 -DVM_TRACE_VCD=0 -faligned-new -fcf-protection=none -Wno-bool-operation -Wno-overloaded-virtual -Wno-shadow -Wno-sign-compare -Wno-uninitialized -Wno-unused-but-set-parameter -Wno-unused-but-set-variable -Wno-unused-parameter -Wno-unused-variable       -c -o verilated.o /home/elfo/tools/verilator/root/include/verilated.cpp
g++ -Os  -I.  -MMD -I/home/elfo/tools/verilator/root/include -I/home/elfo/tools/verilator/root/include/vltstd -DVM_COVERAGE=0 -DVM_SC=0 -DVM_TRACE=0 -DVM_TRACE_FST=0 -DVM_TRACE_VCD=0 -faligned-new -fcf-protection=none -Wno-bool-operation -Wno-overloaded-virtual -Wno-shadow -Wno-sign-compare -Wno-uninitialized -Wno-unused-but-set-parameter -Wno-unused-but-set-variable -Wno-unused-parameter -Wno-unused-variable       -c -o verilated_threads.o /home/elfo/tools/verilator/root/include/verilated_threads.cpp
/usr/bin/python3 /home/elfo/tools/verilator/root/bin/verilator_includer -DVL_INCLUDE_OPT=include Vaster_coherent_soc.cpp Vaster_coherent_soc___024root__DepSet_hc6677697__0.cpp Vaster_coherent_soc___024root__DepSet_h9074b246__0.cpp Vaster_coherent_soc_aster_atomic_hart__Ez1_L4_LB10__DepSet_ha8ecfc2c__0.cpp Vaster_coherent_soc__ConstPool_0.cpp Vaster_coherent_soc___024root__Slow.cpp Vaster_coherent_soc___024root__DepSet_hc6677697__0__Slow.cpp Vaster_coherent_soc___024root__DepSet_h9074b246__0__Slow.cpp Vaster_coherent_soc_aster_atomic_hart__Ez1_L4_LB10__Slow.cpp Vaster_coherent_soc_aster_atomic_hart__Ez1_L4_LB10__DepSet_ha8ecfc2c__0__Slow.cpp Vaster_coherent_soc_aster_atomic_hart__Ez1_L4_LB10__DepSet_heaed37cf__0__Slow.cpp Vaster_coherent_soc__Syms.cpp > Vaster_coherent_soc__ALL.cpp
g++ -Os  -I.  -MMD -I/home/elfo/tools/verilator/root/include -I/home/elfo/tools/verilator/root/include/vltstd -DVM_COVERAGE=0 -DVM_SC=0 -DVM_TRACE=0 -DVM_TRACE_FST=0 -DVM_TRACE_VCD=0 -faligned-new -fcf-protection=none -Wno-bool-operation -Wno-overloaded-virtual -Wno-shadow -Wno-sign-compare -Wno-uninitialized -Wno-unused-but-set-parameter -Wno-unused-but-set-variable -Wno-unused-parameter -Wno-unused-variable       -c -o Vaster_coherent_soc__ALL.o Vaster_coherent_soc__ALL.cpp
echo "" > Vaster_coherent_soc__ALL.verilator_deplist.tmp
Archive ar -rcs Vaster_coherent_soc__ALL.a Vaster_coherent_soc__ALL.o
g++     tb_riscv_reference.o verilated.o verilated_threads.o Vaster_coherent_soc__ALL.a    -pthread -lpthread -latomic   -o /tmp/aster-phase7-legacy-regressions-888c24b/build/riscv_reference_l10_sync1_wait1_w4_n16/aster_riscv_reference_sim
rm Vaster_coherent_soc__ALL.verilator_deplist.tmp
PASS: upstream negative comparison hart=0, original test_2 fail path detected; vendor unchanged
PASS: upstream negative comparison hart=1, original test_2 fail path detected; vendor unchanged
PASS: pinned RV32UA test=amoadd_w hart=0 boot=1 cases=4 body_retired=27 cycles=998 stores=13 retained_ram=65536
PASS: pinned RV32UA test=amoadd_w hart=0 boot=2 cases=4 body_retired=27 cycles=998 stores=13 retained_ram=65536
PASS: pinned RV32UA test=amoadd_w hart=1 boot=1 cases=4 body_retired=27 cycles=1587 stores=13 retained_ram=65536
PASS: pinned RV32UA test=amoadd_w hart=1 boot=2 cases=4 body_retired=27 cycles=1587 stores=13 retained_ram=65536
PASS: pinned RV32UA test=amoand_w hart=0 boot=1 cases=4 body_retired=25 cycles=978 stores=13 retained_ram=65536
PASS: pinned RV32UA test=amoand_w hart=0 boot=2 cases=4 body_retired=25 cycles=978 stores=13 retained_ram=65536
PASS: pinned RV32UA test=amoand_w hart=1 boot=1 cases=4 body_retired=25 cycles=1555 stores=13 retained_ram=65536
PASS: pinned RV32UA test=amoand_w hart=1 boot=2 cases=4 body_retired=25 cycles=1555 stores=13 retained_ram=65536
PASS: pinned RV32UA test=amomax_w hart=0 boot=1 cases=6 body_retired=39 cycles=1163 stores=16 retained_ram=65536
PASS: pinned RV32UA test=amomax_w hart=0 boot=2 cases=6 body_retired=39 cycles=1163 stores=16 retained_ram=65536
PASS: pinned RV32UA test=amomax_w hart=1 boot=1 cases=6 body_retired=39 cycles=1848 stores=16 retained_ram=65536
PASS: pinned RV32UA test=amomax_w hart=1 boot=2 cases=6 body_retired=39 cycles=1848 stores=16 retained_ram=65536
PASS: pinned RV32UA test=amomaxu_w hart=0 boot=1 cases=4 body_retired=26 cycles=998 stores=14 retained_ram=65536
PASS: pinned RV32UA test=amomaxu_w hart=0 boot=2 cases=4 body_retired=26 cycles=998 stores=14 retained_ram=65536
PASS: pinned RV32UA test=amomaxu_w hart=1 boot=1 cases=4 body_retired=26 cycles=1587 stores=14 retained_ram=65536
PASS: pinned RV32UA test=amomaxu_w hart=1 boot=2 cases=4 body_retired=26 cycles=1587 stores=14 retained_ram=65536
PASS: pinned RV32UA test=amomin_w hart=0 boot=1 cases=6 body_retired=39 cycles=1163 stores=16 retained_ram=65536
PASS: pinned RV32UA test=amomin_w hart=0 boot=2 cases=6 body_retired=39 cycles=1163 stores=16 retained_ram=65536
PASS: pinned RV32UA test=amomin_w hart=1 boot=1 cases=6 body_retired=39 cycles=1848 stores=16 retained_ram=65536
PASS: pinned RV32UA test=amomin_w hart=1 boot=2 cases=6 body_retired=39 cycles=1848 stores=16 retained_ram=65536
PASS: pinned RV32UA test=amominu_w hart=0 boot=1 cases=4 body_retired=26 cycles=998 stores=14 retained_ram=65536
PASS: pinned RV32UA test=amominu_w hart=0 boot=2 cases=4 body_retired=26 cycles=998 stores=14 retained_ram=65536
PASS: pinned RV32UA test=amominu_w hart=1 boot=1 cases=4 body_retired=26 cycles=1587 stores=14 retained_ram=65536
PASS: pinned RV32UA test=amominu_w hart=1 boot=2 cases=4 body_retired=26 cycles=1587 stores=14 retained_ram=65536
PASS: pinned RV32UA test=amoor_w hart=0 boot=1 cases=4 body_retired=25 cycles=978 stores=13 retained_ram=65536
PASS: pinned RV32UA test=amoor_w hart=0 boot=2 cases=4 body_retired=25 cycles=978 stores=13 retained_ram=65536
PASS: pinned RV32UA test=amoor_w hart=1 boot=1 cases=4 body_retired=25 cycles=1555 stores=13 retained_ram=65536
PASS: pinned RV32UA test=amoor_w hart=1 boot=2 cases=4 body_retired=25 cycles=1555 stores=13 retained_ram=65536
PASS: pinned RV32UA test=amoswap_w hart=0 boot=1 cases=4 body_retired=25 cycles=978 stores=13 retained_ram=65536
PASS: pinned RV32UA test=amoswap_w hart=0 boot=2 cases=4 body_retired=25 cycles=978 stores=13 retained_ram=65536
PASS: pinned RV32UA test=amoswap_w hart=1 boot=1 cases=4 body_retired=25 cycles=1555 stores=13 retained_ram=65536
PASS: pinned RV32UA test=amoswap_w hart=1 boot=2 cases=4 body_retired=25 cycles=1555 stores=13 retained_ram=65536
PASS: pinned RV32UA test=amoxor_w hart=0 boot=1 cases=4 body_retired=29 cycles=1018 stores=13 retained_ram=65536
PASS: pinned RV32UA test=amoxor_w hart=0 boot=2 cases=4 body_retired=29 cycles=1018 stores=13 retained_ram=65536
PASS: pinned RV32UA test=amoxor_w hart=1 boot=1 cases=4 body_retired=29 cycles=1619 stores=13 retained_ram=65536
PASS: pinned RV32UA test=amoxor_w hart=1 boot=2 cases=4 body_retired=29 cycles=1619 stores=13 retained_ram=65536
PASS: pinned RV32UA test=lrsc hart=0 boot=1 cases=4 body_retired=6202 cycles=113189 stores=1295 retained_ram=65536
PASS: pinned RV32UA test=lrsc hart=0 boot=2 cases=4 body_retired=6202 cycles=113189 stores=1295 retained_ram=65536
PASS: pinned RV32UA test=lrsc hart=1 boot=1 cases=4 body_retired=6202 cycles=170320 stores=1295 retained_ram=65536
PASS: pinned RV32UA test=lrsc hart=1 boot=2 cases=4 body_retired=6202 cycles=170320 stores=1295 retained_ram=65536
mkdir -p /tmp/aster-phase7-legacy-regressions-888c24b/build/riscv_reference_l10_sync1_wait7_w4_n16
verilator --cc --exe --build --timing --Wall -DRISCV_FORMAL --Wno-DECLFILENAME --Wno-GENUNNAMED --Wno-UNUSEDSIGNAL --Wno-BLKSEQ --unroll-count 2048 --unroll-stmts 100000 --assert -DASTER_COHERENCE_ASSERT \
	--top-module aster_coherent_soc -GHART_COUNT=2 "-GENABLE_L1=1'b0" \
	"-GSYNC_MEMORY=1'b1" -GMEMORY_WAIT_CYCLES=7 "-GHOST_BOOT=1'b1" \
	-GLINE_WORDS=4 -GLINE_COUNT=16 \
	--Mdir /tmp/aster-phase7-legacy-regressions-888c24b/build/riscv_reference_l10_sync1_wait7_w4_n16/obj -o /tmp/aster-phase7-legacy-regressions-888c24b/build/riscv_reference_l10_sync1_wait7_w4_n16/aster_riscv_reference_sim \
	/tmp/aster-phase7-build-source-tOwrU6/rtl/core/aster_picorv32.sv /tmp/aster-phase7-build-source-tOwrU6/vendor/picorv32/picorv32.v /tmp/aster-phase7-build-source-tOwrU6/rtl/cache/aster_l1_cache.sv /tmp/aster-phase7-build-source-tOwrU6/rtl/memory/aster_rom.sv /tmp/aster-phase7-build-source-tOwrU6/rtl/memory/aster_ram.sv /tmp/aster-phase7-build-source-tOwrU6/rtl/core/aster_pcpi_atomic.sv /tmp/aster-phase7-build-source-tOwrU6/rtl/core/aster_atomic_hart.sv /tmp/aster-phase7-build-source-tOwrU6/rtl/cache/aster_coherent_cache.sv /tmp/aster-phase7-build-source-tOwrU6/rtl/interconnect/aster_atomic_fabric.sv /tmp/aster-phase7-build-source-tOwrU6/rtl/soc/aster_warm_stop.sv /tmp/aster-phase7-build-source-tOwrU6/rtl/peripherals/aster_uart.sv /tmp/aster-phase7-build-source-tOwrU6/rtl/peripherals/aster_coherent_perf.sv /tmp/aster-phase7-build-source-tOwrU6/rtl/dma/aster_dma_engine.sv /tmp/aster-phase7-build-source-tOwrU6/rtl/interconnect/aster_dma_arbiter.sv /tmp/aster-phase7-build-source-tOwrU6/rtl/peripherals/aster_dma_perf.sv /tmp/aster-phase7-build-source-tOwrU6/rtl/soc/aster_coherent_soc.sv /tmp/aster-phase7-build-source-tOwrU6/verification/soc/tb_riscv_reference.cpp
make[2]: warning: jobserver unavailable: using -j1.  Add '+' to parent make rule.
g++  -I.  -MMD -I/home/elfo/tools/verilator/root/include -I/home/elfo/tools/verilator/root/include/vltstd -DVM_COVERAGE=0 -DVM_SC=0 -DVM_TRACE=0 -DVM_TRACE_FST=0 -DVM_TRACE_VCD=0 -faligned-new -fcf-protection=none -Wno-bool-operation -Wno-overloaded-virtual -Wno-shadow -Wno-sign-compare -Wno-uninitialized -Wno-unused-but-set-parameter -Wno-unused-but-set-variable -Wno-unused-parameter -Wno-unused-variable       -Os -c -o tb_riscv_reference.o /tmp/aster-phase7-build-source-tOwrU6/verification/soc/tb_riscv_reference.cpp
g++ -Os  -I.  -MMD -I/home/elfo/tools/verilator/root/include -I/home/elfo/tools/verilator/root/include/vltstd -DVM_COVERAGE=0 -DVM_SC=0 -DVM_TRACE=0 -DVM_TRACE_FST=0 -DVM_TRACE_VCD=0 -faligned-new -fcf-protection=none -Wno-bool-operation -Wno-overloaded-virtual -Wno-shadow -Wno-sign-compare -Wno-uninitialized -Wno-unused-but-set-parameter -Wno-unused-but-set-variable -Wno-unused-parameter -Wno-unused-variable       -c -o verilated.o /home/elfo/tools/verilator/root/include/verilated.cpp
g++ -Os  -I.  -MMD -I/home/elfo/tools/verilator/root/include -I/home/elfo/tools/verilator/root/include/vltstd -DVM_COVERAGE=0 -DVM_SC=0 -DVM_TRACE=0 -DVM_TRACE_FST=0 -DVM_TRACE_VCD=0 -faligned-new -fcf-protection=none -Wno-bool-operation -Wno-overloaded-virtual -Wno-shadow -Wno-sign-compare -Wno-uninitialized -Wno-unused-but-set-parameter -Wno-unused-but-set-variable -Wno-unused-parameter -Wno-unused-variable       -c -o verilated_threads.o /home/elfo/tools/verilator/root/include/verilated_threads.cpp
/usr/bin/python3 /home/elfo/tools/verilator/root/bin/verilator_includer -DVL_INCLUDE_OPT=include Vaster_coherent_soc.cpp Vaster_coherent_soc___024root__DepSet_hc6677697__0.cpp Vaster_coherent_soc___024root__DepSet_h9074b246__0.cpp Vaster_coherent_soc_aster_atomic_hart__Ez1_L4_LB10__DepSet_ha8ecfc2c__0.cpp Vaster_coherent_soc__ConstPool_0.cpp Vaster_coherent_soc___024root__Slow.cpp Vaster_coherent_soc___024root__DepSet_hc6677697__0__Slow.cpp Vaster_coherent_soc___024root__DepSet_h9074b246__0__Slow.cpp Vaster_coherent_soc_aster_atomic_hart__Ez1_L4_LB10__Slow.cpp Vaster_coherent_soc_aster_atomic_hart__Ez1_L4_LB10__DepSet_ha8ecfc2c__0__Slow.cpp Vaster_coherent_soc_aster_atomic_hart__Ez1_L4_LB10__DepSet_heaed37cf__0__Slow.cpp Vaster_coherent_soc__Syms.cpp > Vaster_coherent_soc__ALL.cpp
g++ -Os  -I.  -MMD -I/home/elfo/tools/verilator/root/include -I/home/elfo/tools/verilator/root/include/vltstd -DVM_COVERAGE=0 -DVM_SC=0 -DVM_TRACE=0 -DVM_TRACE_FST=0 -DVM_TRACE_VCD=0 -faligned-new -fcf-protection=none -Wno-bool-operation -Wno-overloaded-virtual -Wno-shadow -Wno-sign-compare -Wno-uninitialized -Wno-unused-but-set-parameter -Wno-unused-but-set-variable -Wno-unused-parameter -Wno-unused-variable       -c -o Vaster_coherent_soc__ALL.o Vaster_coherent_soc__ALL.cpp
echo "" > Vaster_coherent_soc__ALL.verilator_deplist.tmp
Archive ar -rcs Vaster_coherent_soc__ALL.a Vaster_coherent_soc__ALL.o
g++     tb_riscv_reference.o verilated.o verilated_threads.o Vaster_coherent_soc__ALL.a    -pthread -lpthread -latomic   -o /tmp/aster-phase7-legacy-regressions-888c24b/build/riscv_reference_l10_sync1_wait7_w4_n16/aster_riscv_reference_sim
rm Vaster_coherent_soc__ALL.verilator_deplist.tmp
PASS: upstream negative comparison hart=0, original test_2 fail path detected; vendor unchanged
PASS: upstream negative comparison hart=1, original test_2 fail path detected; vendor unchanged
PASS: pinned RV32UA test=amoadd_w hart=0 boot=1 cases=4 body_retired=27 cycles=1598 stores=13 retained_ram=65536
PASS: pinned RV32UA test=amoadd_w hart=0 boot=2 cases=4 body_retired=27 cycles=1598 stores=13 retained_ram=65536
PASS: pinned RV32UA test=amoadd_w hart=1 boot=1 cases=4 body_retired=27 cycles=2709 stores=13 retained_ram=65536
PASS: pinned RV32UA test=amoadd_w hart=1 boot=2 cases=4 body_retired=27 cycles=2709 stores=13 retained_ram=65536
PASS: pinned RV32UA test=amoand_w hart=0 boot=1 cases=4 body_retired=25 cycles=1566 stores=13 retained_ram=65536
PASS: pinned RV32UA test=amoand_w hart=0 boot=2 cases=4 body_retired=25 cycles=1566 stores=13 retained_ram=65536
PASS: pinned RV32UA test=amoand_w hart=1 boot=1 cases=4 body_retired=25 cycles=2653 stores=13 retained_ram=65536
PASS: pinned RV32UA test=amoand_w hart=1 boot=2 cases=4 body_retired=25 cycles=2653 stores=13 retained_ram=65536
PASS: pinned RV32UA test=amomax_w hart=0 boot=1 cases=6 body_retired=39 cycles=1865 stores=16 retained_ram=65536
PASS: pinned RV32UA test=amomax_w hart=0 boot=2 cases=6 body_retired=39 cycles=1865 stores=16 retained_ram=65536
PASS: pinned RV32UA test=amomax_w hart=1 boot=1 cases=6 body_retired=39 cycles=3168 stores=16 retained_ram=65536
PASS: pinned RV32UA test=amomax_w hart=1 boot=2 cases=6 body_retired=39 cycles=3168 stores=16 retained_ram=65536
PASS: pinned RV32UA test=amomaxu_w hart=0 boot=1 cases=4 body_retired=26 cycles=1598 stores=14 retained_ram=65536
PASS: pinned RV32UA test=amomaxu_w hart=0 boot=2 cases=4 body_retired=26 cycles=1598 stores=14 retained_ram=65536
PASS: pinned RV32UA test=amomaxu_w hart=1 boot=1 cases=4 body_retired=26 cycles=2709 stores=14 retained_ram=65536
PASS: pinned RV32UA test=amomaxu_w hart=1 boot=2 cases=4 body_retired=26 cycles=2709 stores=14 retained_ram=65536
PASS: pinned RV32UA test=amomin_w hart=0 boot=1 cases=6 body_retired=39 cycles=1865 stores=16 retained_ram=65536
PASS: pinned RV32UA test=amomin_w hart=0 boot=2 cases=6 body_retired=39 cycles=1865 stores=16 retained_ram=65536
PASS: pinned RV32UA test=amomin_w hart=1 boot=1 cases=6 body_retired=39 cycles=3168 stores=16 retained_ram=65536
PASS: pinned RV32UA test=amomin_w hart=1 boot=2 cases=6 body_retired=39 cycles=3168 stores=16 retained_ram=65536
PASS: pinned RV32UA test=amominu_w hart=0 boot=1 cases=4 body_retired=26 cycles=1598 stores=14 retained_ram=65536
PASS: pinned RV32UA test=amominu_w hart=0 boot=2 cases=4 body_retired=26 cycles=1598 stores=14 retained_ram=65536
PASS: pinned RV32UA test=amominu_w hart=1 boot=1 cases=4 body_retired=26 cycles=2709 stores=14 retained_ram=65536
PASS: pinned RV32UA test=amominu_w hart=1 boot=2 cases=4 body_retired=26 cycles=2709 stores=14 retained_ram=65536
PASS: pinned RV32UA test=amoor_w hart=0 boot=1 cases=4 body_retired=25 cycles=1566 stores=13 retained_ram=65536
PASS: pinned RV32UA test=amoor_w hart=0 boot=2 cases=4 body_retired=25 cycles=1566 stores=13 retained_ram=65536
PASS: pinned RV32UA test=amoor_w hart=1 boot=1 cases=4 body_retired=25 cycles=2653 stores=13 retained_ram=65536
PASS: pinned RV32UA test=amoor_w hart=1 boot=2 cases=4 body_retired=25 cycles=2653 stores=13 retained_ram=65536
PASS: pinned RV32UA test=amoswap_w hart=0 boot=1 cases=4 body_retired=25 cycles=1566 stores=13 retained_ram=65536
PASS: pinned RV32UA test=amoswap_w hart=0 boot=2 cases=4 body_retired=25 cycles=1566 stores=13 retained_ram=65536
PASS: pinned RV32UA test=amoswap_w hart=1 boot=1 cases=4 body_retired=25 cycles=2653 stores=13 retained_ram=65536
PASS: pinned RV32UA test=amoswap_w hart=1 boot=2 cases=4 body_retired=25 cycles=2653 stores=13 retained_ram=65536
PASS: pinned RV32UA test=amoxor_w hart=0 boot=1 cases=4 body_retired=29 cycles=1630 stores=13 retained_ram=65536
PASS: pinned RV32UA test=amoxor_w hart=0 boot=2 cases=4 body_retired=29 cycles=1630 stores=13 retained_ram=65536
PASS: pinned RV32UA test=amoxor_w hart=1 boot=1 cases=4 body_retired=29 cycles=2765 stores=13 retained_ram=65536
PASS: pinned RV32UA test=amoxor_w hart=1 boot=2 cases=4 body_retired=29 cycles=2765 stores=13 retained_ram=65536
PASS: pinned RV32UA test=lrsc hart=0 boot=1 cases=4 body_retired=6202 cycles=181709 stores=1295 retained_ram=65536
PASS: pinned RV32UA test=lrsc hart=0 boot=2 cases=4 body_retired=6202 cycles=181709 stores=1295 retained_ram=65536
PASS: pinned RV32UA test=lrsc hart=1 boot=1 cases=4 body_retired=6202 cycles=294880 stores=1295 retained_ram=65536
PASS: pinned RV32UA test=lrsc hart=1 boot=2 cases=4 body_retired=6202 cycles=294880 stores=1295 retained_ram=65536
PASS: upstream negative comparison hart=0, original test_2 fail path detected; vendor unchanged
PASS: upstream negative comparison hart=1, original test_2 fail path detected; vendor unchanged
PASS: pinned RV32UA test=amoadd_w hart=0 boot=1 cases=4 body_retired=27 cycles=1011 stores=13 retained_ram=65536
PASS: pinned RV32UA test=amoadd_w hart=0 boot=2 cases=4 body_retired=27 cycles=1011 stores=13 retained_ram=65536
PASS: pinned RV32UA test=amoadd_w hart=1 boot=1 cases=4 body_retired=27 cycles=1229 stores=13 retained_ram=65536
PASS: pinned RV32UA test=amoadd_w hart=1 boot=2 cases=4 body_retired=27 cycles=1229 stores=13 retained_ram=65536
PASS: pinned RV32UA test=amoand_w hart=0 boot=1 cases=4 body_retired=25 cycles=977 stores=13 retained_ram=65536
PASS: pinned RV32UA test=amoand_w hart=0 boot=2 cases=4 body_retired=25 cycles=977 stores=13 retained_ram=65536
PASS: pinned RV32UA test=amoand_w hart=1 boot=1 cases=4 body_retired=25 cycles=1195 stores=13 retained_ram=65536
PASS: pinned RV32UA test=amoand_w hart=1 boot=2 cases=4 body_retired=25 cycles=1195 stores=13 retained_ram=65536
PASS: pinned RV32UA test=amomax_w hart=0 boot=1 cases=6 body_retired=39 cycles=1174 stores=16 retained_ram=65536
PASS: pinned RV32UA test=amomax_w hart=0 boot=2 cases=6 body_retired=39 cycles=1174 stores=16 retained_ram=65536
PASS: pinned RV32UA test=amomax_w hart=1 boot=1 cases=6 body_retired=39 cycles=1392 stores=16 retained_ram=65536
PASS: pinned RV32UA test=amomax_w hart=1 boot=2 cases=6 body_retired=39 cycles=1392 stores=16 retained_ram=65536
PASS: pinned RV32UA test=amomaxu_w hart=0 boot=1 cases=4 body_retired=26 cycles=988 stores=14 retained_ram=65536
PASS: pinned RV32UA test=amomaxu_w hart=0 boot=2 cases=4 body_retired=26 cycles=988 stores=14 retained_ram=65536
PASS: pinned RV32UA test=amomaxu_w hart=1 boot=1 cases=4 body_retired=26 cycles=1206 stores=14 retained_ram=65536
PASS: pinned RV32UA test=amomaxu_w hart=1 boot=2 cases=4 body_retired=26 cycles=1206 stores=14 retained_ram=65536
PASS: pinned RV32UA test=amomin_w hart=0 boot=1 cases=6 body_retired=39 cycles=1174 stores=16 retained_ram=65536
PASS: pinned RV32UA test=amomin_w hart=0 boot=2 cases=6 body_retired=39 cycles=1174 stores=16 retained_ram=65536
PASS: pinned RV32UA test=amomin_w hart=1 boot=1 cases=6 body_retired=39 cycles=1392 stores=16 retained_ram=65536
PASS: pinned RV32UA test=amomin_w hart=1 boot=2 cases=6 body_retired=39 cycles=1392 stores=16 retained_ram=65536
PASS: pinned RV32UA test=amominu_w hart=0 boot=1 cases=4 body_retired=26 cycles=988 stores=14 retained_ram=65536
PASS: pinned RV32UA test=amominu_w hart=0 boot=2 cases=4 body_retired=26 cycles=988 stores=14 retained_ram=65536
PASS: pinned RV32UA test=amominu_w hart=1 boot=1 cases=4 body_retired=26 cycles=1206 stores=14 retained_ram=65536
PASS: pinned RV32UA test=amominu_w hart=1 boot=2 cases=4 body_retired=26 cycles=1206 stores=14 retained_ram=65536
PASS: pinned RV32UA test=amoor_w hart=0 boot=1 cases=4 body_retired=25 cycles=977 stores=13 retained_ram=65536
PASS: pinned RV32UA test=amoor_w hart=0 boot=2 cases=4 body_retired=25 cycles=977 stores=13 retained_ram=65536
PASS: pinned RV32UA test=amoor_w hart=1 boot=1 cases=4 body_retired=25 cycles=1195 stores=13 retained_ram=65536
PASS: pinned RV32UA test=amoor_w hart=1 boot=2 cases=4 body_retired=25 cycles=1195 stores=13 retained_ram=65536
PASS: pinned RV32UA test=amoswap_w hart=0 boot=1 cases=4 body_retired=25 cycles=977 stores=13 retained_ram=65536
PASS: pinned RV32UA test=amoswap_w hart=0 boot=2 cases=4 body_retired=25 cycles=977 stores=13 retained_ram=65536
PASS: pinned RV32UA test=amoswap_w hart=1 boot=1 cases=4 body_retired=25 cycles=1195 stores=13 retained_ram=65536
PASS: pinned RV32UA test=amoswap_w hart=1 boot=2 cases=4 body_retired=25 cycles=1195 stores=13 retained_ram=65536
PASS: pinned RV32UA test=amoxor_w hart=0 boot=1 cases=4 body_retired=29 cycles=1018 stores=13 retained_ram=65536
PASS: pinned RV32UA test=amoxor_w hart=0 boot=2 cases=4 body_retired=29 cycles=1018 stores=13 retained_ram=65536
PASS: pinned RV32UA test=amoxor_w hart=1 boot=1 cases=4 body_retired=29 cycles=1236 stores=13 retained_ram=65536
PASS: pinned RV32UA test=amoxor_w hart=1 boot=2 cases=4 body_retired=29 cycles=1236 stores=13 retained_ram=65536
PASS: pinned RV32UA test=lrsc hart=0 boot=1 cases=4 body_retired=6202 cycles=50158 stores=1295 retained_ram=65536
PASS: pinned RV32UA test=lrsc hart=0 boot=2 cases=4 body_retired=6202 cycles=50158 stores=1295 retained_ram=65536
PASS: pinned RV32UA test=lrsc hart=1 boot=1 cases=4 body_retired=6202 cycles=50372 stores=1295 retained_ram=65536
PASS: pinned RV32UA test=lrsc hart=1 boot=2 cases=4 body_retired=6202 cycles=50372 stores=1295 retained_ram=65536
mkdir -p /tmp/aster-phase7-legacy-regressions-888c24b/build/riscv_reference_l11_sync0_wait7_w4_n16
verilator --cc --exe --build --timing --Wall -DRISCV_FORMAL --Wno-DECLFILENAME --Wno-GENUNNAMED --Wno-UNUSEDSIGNAL --Wno-BLKSEQ --unroll-count 2048 --unroll-stmts 100000 --assert -DASTER_COHERENCE_ASSERT \
	--top-module aster_coherent_soc -GHART_COUNT=2 "-GENABLE_L1=1'b1" \
	"-GSYNC_MEMORY=1'b0" -GMEMORY_WAIT_CYCLES=7 "-GHOST_BOOT=1'b1" \
	-GLINE_WORDS=4 -GLINE_COUNT=16 \
	--Mdir /tmp/aster-phase7-legacy-regressions-888c24b/build/riscv_reference_l11_sync0_wait7_w4_n16/obj -o /tmp/aster-phase7-legacy-regressions-888c24b/build/riscv_reference_l11_sync0_wait7_w4_n16/aster_riscv_reference_sim \
	/tmp/aster-phase7-build-source-tOwrU6/rtl/core/aster_picorv32.sv /tmp/aster-phase7-build-source-tOwrU6/vendor/picorv32/picorv32.v /tmp/aster-phase7-build-source-tOwrU6/rtl/cache/aster_l1_cache.sv /tmp/aster-phase7-build-source-tOwrU6/rtl/memory/aster_rom.sv /tmp/aster-phase7-build-source-tOwrU6/rtl/memory/aster_ram.sv /tmp/aster-phase7-build-source-tOwrU6/rtl/core/aster_pcpi_atomic.sv /tmp/aster-phase7-build-source-tOwrU6/rtl/core/aster_atomic_hart.sv /tmp/aster-phase7-build-source-tOwrU6/rtl/cache/aster_coherent_cache.sv /tmp/aster-phase7-build-source-tOwrU6/rtl/interconnect/aster_atomic_fabric.sv /tmp/aster-phase7-build-source-tOwrU6/rtl/soc/aster_warm_stop.sv /tmp/aster-phase7-build-source-tOwrU6/rtl/peripherals/aster_uart.sv /tmp/aster-phase7-build-source-tOwrU6/rtl/peripherals/aster_coherent_perf.sv /tmp/aster-phase7-build-source-tOwrU6/rtl/dma/aster_dma_engine.sv /tmp/aster-phase7-build-source-tOwrU6/rtl/interconnect/aster_dma_arbiter.sv /tmp/aster-phase7-build-source-tOwrU6/rtl/peripherals/aster_dma_perf.sv /tmp/aster-phase7-build-source-tOwrU6/rtl/soc/aster_coherent_soc.sv /tmp/aster-phase7-build-source-tOwrU6/verification/soc/tb_riscv_reference.cpp
make[2]: warning: jobserver unavailable: using -j1.  Add '+' to parent make rule.
g++  -I.  -MMD -I/home/elfo/tools/verilator/root/include -I/home/elfo/tools/verilator/root/include/vltstd -DVM_COVERAGE=0 -DVM_SC=0 -DVM_TRACE=0 -DVM_TRACE_FST=0 -DVM_TRACE_VCD=0 -faligned-new -fcf-protection=none -Wno-bool-operation -Wno-overloaded-virtual -Wno-shadow -Wno-sign-compare -Wno-uninitialized -Wno-unused-but-set-parameter -Wno-unused-but-set-variable -Wno-unused-parameter -Wno-unused-variable       -Os -c -o tb_riscv_reference.o /tmp/aster-phase7-build-source-tOwrU6/verification/soc/tb_riscv_reference.cpp
g++ -Os  -I.  -MMD -I/home/elfo/tools/verilator/root/include -I/home/elfo/tools/verilator/root/include/vltstd -DVM_COVERAGE=0 -DVM_SC=0 -DVM_TRACE=0 -DVM_TRACE_FST=0 -DVM_TRACE_VCD=0 -faligned-new -fcf-protection=none -Wno-bool-operation -Wno-overloaded-virtual -Wno-shadow -Wno-sign-compare -Wno-uninitialized -Wno-unused-but-set-parameter -Wno-unused-but-set-variable -Wno-unused-parameter -Wno-unused-variable       -c -o verilated.o /home/elfo/tools/verilator/root/include/verilated.cpp
g++ -Os  -I.  -MMD -I/home/elfo/tools/verilator/root/include -I/home/elfo/tools/verilator/root/include/vltstd -DVM_COVERAGE=0 -DVM_SC=0 -DVM_TRACE=0 -DVM_TRACE_FST=0 -DVM_TRACE_VCD=0 -faligned-new -fcf-protection=none -Wno-bool-operation -Wno-overloaded-virtual -Wno-shadow -Wno-sign-compare -Wno-uninitialized -Wno-unused-but-set-parameter -Wno-unused-but-set-variable -Wno-unused-parameter -Wno-unused-variable       -c -o verilated_threads.o /home/elfo/tools/verilator/root/include/verilated_threads.cpp
/usr/bin/python3 /home/elfo/tools/verilator/root/bin/verilator_includer -DVL_INCLUDE_OPT=include Vaster_coherent_soc.cpp Vaster_coherent_soc___024root__DepSet_hc6677697__0.cpp Vaster_coherent_soc___024root__DepSet_h9074b246__0.cpp Vaster_coherent_soc_aster_atomic_hart__Ez2_L4_LB10__DepSet_hc813cb90__0.cpp Vaster_coherent_soc___024root__Slow.cpp Vaster_coherent_soc___024root__DepSet_hc6677697__0__Slow.cpp Vaster_coherent_soc___024root__DepSet_h9074b246__0__Slow.cpp Vaster_coherent_soc_aster_atomic_hart__Ez2_L4_LB10__Slow.cpp Vaster_coherent_soc_aster_atomic_hart__Ez2_L4_LB10__DepSet_hc813cb90__0__Slow.cpp Vaster_coherent_soc_aster_atomic_hart__Ez2_L4_LB10__DepSet_h8a086f4b__0__Slow.cpp Vaster_coherent_soc__Syms.cpp > Vaster_coherent_soc__ALL.cpp
g++ -Os  -I.  -MMD -I/home/elfo/tools/verilator/root/include -I/home/elfo/tools/verilator/root/include/vltstd -DVM_COVERAGE=0 -DVM_SC=0 -DVM_TRACE=0 -DVM_TRACE_FST=0 -DVM_TRACE_VCD=0 -faligned-new -fcf-protection=none -Wno-bool-operation -Wno-overloaded-virtual -Wno-shadow -Wno-sign-compare -Wno-uninitialized -Wno-unused-but-set-parameter -Wno-unused-but-set-variable -Wno-unused-parameter -Wno-unused-variable       -c -o Vaster_coherent_soc__ALL.o Vaster_coherent_soc__ALL.cpp
echo "" > Vaster_coherent_soc__ALL.verilator_deplist.tmp
Archive ar -rcs Vaster_coherent_soc__ALL.a Vaster_coherent_soc__ALL.o
g++     tb_riscv_reference.o verilated.o verilated_threads.o Vaster_coherent_soc__ALL.a    -pthread -lpthread -latomic   -o /tmp/aster-phase7-legacy-regressions-888c24b/build/riscv_reference_l11_sync0_wait7_w4_n16/aster_riscv_reference_sim
rm Vaster_coherent_soc__ALL.verilator_deplist.tmp
PASS: upstream negative comparison hart=0, original test_2 fail path detected; vendor unchanged
PASS: upstream negative comparison hart=1, original test_2 fail path detected; vendor unchanged
PASS: pinned RV32UA test=amoadd_w hart=0 boot=1 cases=4 body_retired=27 cycles=1767 stores=13 retained_ram=65536
PASS: pinned RV32UA test=amoadd_w hart=0 boot=2 cases=4 body_retired=27 cycles=1767 stores=13 retained_ram=65536
PASS: pinned RV32UA test=amoadd_w hart=1 boot=1 cases=4 body_retired=27 cycles=2151 stores=13 retained_ram=65536
PASS: pinned RV32UA test=amoadd_w hart=1 boot=2 cases=4 body_retired=27 cycles=2151 stores=13 retained_ram=65536
PASS: pinned RV32UA test=amoand_w hart=0 boot=1 cases=4 body_retired=25 cycles=1705 stores=13 retained_ram=65536
PASS: pinned RV32UA test=amoand_w hart=0 boot=2 cases=4 body_retired=25 cycles=1705 stores=13 retained_ram=65536
PASS: pinned RV32UA test=amoand_w hart=1 boot=1 cases=4 body_retired=25 cycles=2089 stores=13 retained_ram=65536
PASS: pinned RV32UA test=amoand_w hart=1 boot=2 cases=4 body_retired=25 cycles=2089 stores=13 retained_ram=65536
PASS: pinned RV32UA test=amomax_w hart=0 boot=1 cases=6 body_retired=39 cycles=2014 stores=16 retained_ram=65536
PASS: pinned RV32UA test=amomax_w hart=0 boot=2 cases=6 body_retired=39 cycles=2014 stores=16 retained_ram=65536
PASS: pinned RV32UA test=amomax_w hart=1 boot=1 cases=6 body_retired=39 cycles=2398 stores=16 retained_ram=65536
PASS: pinned RV32UA test=amomax_w hart=1 boot=2 cases=6 body_retired=39 cycles=2398 stores=16 retained_ram=65536
PASS: pinned RV32UA test=amomaxu_w hart=0 boot=1 cases=4 body_retired=26 cycles=1716 stores=14 retained_ram=65536
PASS: pinned RV32UA test=amomaxu_w hart=0 boot=2 cases=4 body_retired=26 cycles=1716 stores=14 retained_ram=65536
PASS: pinned RV32UA test=amomaxu_w hart=1 boot=1 cases=4 body_retired=26 cycles=2100 stores=14 retained_ram=65536
PASS: pinned RV32UA test=amomaxu_w hart=1 boot=2 cases=4 body_retired=26 cycles=2100 stores=14 retained_ram=65536
PASS: pinned RV32UA test=amomin_w hart=0 boot=1 cases=6 body_retired=39 cycles=2014 stores=16 retained_ram=65536
PASS: pinned RV32UA test=amomin_w hart=0 boot=2 cases=6 body_retired=39 cycles=2014 stores=16 retained_ram=65536
PASS: pinned RV32UA test=amomin_w hart=1 boot=1 cases=6 body_retired=39 cycles=2398 stores=16 retained_ram=65536
PASS: pinned RV32UA test=amomin_w hart=1 boot=2 cases=6 body_retired=39 cycles=2398 stores=16 retained_ram=65536
PASS: pinned RV32UA test=amominu_w hart=0 boot=1 cases=4 body_retired=26 cycles=1716 stores=14 retained_ram=65536
PASS: pinned RV32UA test=amominu_w hart=0 boot=2 cases=4 body_retired=26 cycles=1716 stores=14 retained_ram=65536
PASS: pinned RV32UA test=amominu_w hart=1 boot=1 cases=4 body_retired=26 cycles=2100 stores=14 retained_ram=65536
PASS: pinned RV32UA test=amominu_w hart=1 boot=2 cases=4 body_retired=26 cycles=2100 stores=14 retained_ram=65536
PASS: pinned RV32UA test=amoor_w hart=0 boot=1 cases=4 body_retired=25 cycles=1705 stores=13 retained_ram=65536
PASS: pinned RV32UA test=amoor_w hart=0 boot=2 cases=4 body_retired=25 cycles=1705 stores=13 retained_ram=65536
PASS: pinned RV32UA test=amoor_w hart=1 boot=1 cases=4 body_retired=25 cycles=2089 stores=13 retained_ram=65536
PASS: pinned RV32UA test=amoor_w hart=1 boot=2 cases=4 body_retired=25 cycles=2089 stores=13 retained_ram=65536
PASS: pinned RV32UA test=amoswap_w hart=0 boot=1 cases=4 body_retired=25 cycles=1705 stores=13 retained_ram=65536
PASS: pinned RV32UA test=amoswap_w hart=0 boot=2 cases=4 body_retired=25 cycles=1705 stores=13 retained_ram=65536
PASS: pinned RV32UA test=amoswap_w hart=1 boot=1 cases=4 body_retired=25 cycles=2089 stores=13 retained_ram=65536
PASS: pinned RV32UA test=amoswap_w hart=1 boot=2 cases=4 body_retired=25 cycles=2089 stores=13 retained_ram=65536
PASS: pinned RV32UA test=amoxor_w hart=0 boot=1 cases=4 body_retired=29 cycles=1774 stores=13 retained_ram=65536
PASS: pinned RV32UA test=amoxor_w hart=0 boot=2 cases=4 body_retired=29 cycles=1774 stores=13 retained_ram=65536
PASS: pinned RV32UA test=amoxor_w hart=1 boot=1 cases=4 body_retired=29 cycles=2158 stores=13 retained_ram=65536
PASS: pinned RV32UA test=amoxor_w hart=1 boot=2 cases=4 body_retired=29 cycles=2158 stores=13 retained_ram=65536
PASS: pinned RV32UA test=lrsc hart=0 boot=1 cases=4 body_retired=6202 cycles=56150 stores=1295 retained_ram=65536
PASS: pinned RV32UA test=lrsc hart=0 boot=2 cases=4 body_retired=6202 cycles=56150 stores=1295 retained_ram=65536
PASS: pinned RV32UA test=lrsc hart=1 boot=1 cases=4 body_retired=6202 cycles=56502 stores=1295 retained_ram=65536
PASS: pinned RV32UA test=lrsc hart=1 boot=2 cases=4 body_retired=6202 cycles=56502 stores=1295 retained_ram=65536
mkdir -p /tmp/aster-phase7-legacy-regressions-888c24b/build/riscv_reference_l11_sync1_wait1_w4_n16
verilator --cc --exe --build --timing --Wall -DRISCV_FORMAL --Wno-DECLFILENAME --Wno-GENUNNAMED --Wno-UNUSEDSIGNAL --Wno-BLKSEQ --unroll-count 2048 --unroll-stmts 100000 --assert -DASTER_COHERENCE_ASSERT \
	--top-module aster_coherent_soc -GHART_COUNT=2 "-GENABLE_L1=1'b1" \
	"-GSYNC_MEMORY=1'b1" -GMEMORY_WAIT_CYCLES=1 "-GHOST_BOOT=1'b1" \
	-GLINE_WORDS=4 -GLINE_COUNT=16 \
	--Mdir /tmp/aster-phase7-legacy-regressions-888c24b/build/riscv_reference_l11_sync1_wait1_w4_n16/obj -o /tmp/aster-phase7-legacy-regressions-888c24b/build/riscv_reference_l11_sync1_wait1_w4_n16/aster_riscv_reference_sim \
	/tmp/aster-phase7-build-source-tOwrU6/rtl/core/aster_picorv32.sv /tmp/aster-phase7-build-source-tOwrU6/vendor/picorv32/picorv32.v /tmp/aster-phase7-build-source-tOwrU6/rtl/cache/aster_l1_cache.sv /tmp/aster-phase7-build-source-tOwrU6/rtl/memory/aster_rom.sv /tmp/aster-phase7-build-source-tOwrU6/rtl/memory/aster_ram.sv /tmp/aster-phase7-build-source-tOwrU6/rtl/core/aster_pcpi_atomic.sv /tmp/aster-phase7-build-source-tOwrU6/rtl/core/aster_atomic_hart.sv /tmp/aster-phase7-build-source-tOwrU6/rtl/cache/aster_coherent_cache.sv /tmp/aster-phase7-build-source-tOwrU6/rtl/interconnect/aster_atomic_fabric.sv /tmp/aster-phase7-build-source-tOwrU6/rtl/soc/aster_warm_stop.sv /tmp/aster-phase7-build-source-tOwrU6/rtl/peripherals/aster_uart.sv /tmp/aster-phase7-build-source-tOwrU6/rtl/peripherals/aster_coherent_perf.sv /tmp/aster-phase7-build-source-tOwrU6/rtl/dma/aster_dma_engine.sv /tmp/aster-phase7-build-source-tOwrU6/rtl/interconnect/aster_dma_arbiter.sv /tmp/aster-phase7-build-source-tOwrU6/rtl/peripherals/aster_dma_perf.sv /tmp/aster-phase7-build-source-tOwrU6/rtl/soc/aster_coherent_soc.sv /tmp/aster-phase7-build-source-tOwrU6/verification/soc/tb_riscv_reference.cpp
make[2]: warning: jobserver unavailable: using -j1.  Add '+' to parent make rule.
g++  -I.  -MMD -I/home/elfo/tools/verilator/root/include -I/home/elfo/tools/verilator/root/include/vltstd -DVM_COVERAGE=0 -DVM_SC=0 -DVM_TRACE=0 -DVM_TRACE_FST=0 -DVM_TRACE_VCD=0 -faligned-new -fcf-protection=none -Wno-bool-operation -Wno-overloaded-virtual -Wno-shadow -Wno-sign-compare -Wno-uninitialized -Wno-unused-but-set-parameter -Wno-unused-but-set-variable -Wno-unused-parameter -Wno-unused-variable       -Os -c -o tb_riscv_reference.o /tmp/aster-phase7-build-source-tOwrU6/verification/soc/tb_riscv_reference.cpp
g++ -Os  -I.  -MMD -I/home/elfo/tools/verilator/root/include -I/home/elfo/tools/verilator/root/include/vltstd -DVM_COVERAGE=0 -DVM_SC=0 -DVM_TRACE=0 -DVM_TRACE_FST=0 -DVM_TRACE_VCD=0 -faligned-new -fcf-protection=none -Wno-bool-operation -Wno-overloaded-virtual -Wno-shadow -Wno-sign-compare -Wno-uninitialized -Wno-unused-but-set-parameter -Wno-unused-but-set-variable -Wno-unused-parameter -Wno-unused-variable       -c -o verilated.o /home/elfo/tools/verilator/root/include/verilated.cpp
g++ -Os  -I.  -MMD -I/home/elfo/tools/verilator/root/include -I/home/elfo/tools/verilator/root/include/vltstd -DVM_COVERAGE=0 -DVM_SC=0 -DVM_TRACE=0 -DVM_TRACE_FST=0 -DVM_TRACE_VCD=0 -faligned-new -fcf-protection=none -Wno-bool-operation -Wno-overloaded-virtual -Wno-shadow -Wno-sign-compare -Wno-uninitialized -Wno-unused-but-set-parameter -Wno-unused-but-set-variable -Wno-unused-parameter -Wno-unused-variable       -c -o verilated_threads.o /home/elfo/tools/verilator/root/include/verilated_threads.cpp
/usr/bin/python3 /home/elfo/tools/verilator/root/bin/verilator_includer -DVL_INCLUDE_OPT=include Vaster_coherent_soc.cpp Vaster_coherent_soc___024root__DepSet_hc6677697__0.cpp Vaster_coherent_soc___024root__DepSet_h9074b246__0.cpp Vaster_coherent_soc_aster_atomic_hart__Ez2_L4_LB10__DepSet_hc813cb90__0.cpp Vaster_coherent_soc___024root__Slow.cpp Vaster_coherent_soc___024root__DepSet_hc6677697__0__Slow.cpp Vaster_coherent_soc___024root__DepSet_h9074b246__0__Slow.cpp Vaster_coherent_soc_aster_atomic_hart__Ez2_L4_LB10__Slow.cpp Vaster_coherent_soc_aster_atomic_hart__Ez2_L4_LB10__DepSet_hc813cb90__0__Slow.cpp Vaster_coherent_soc_aster_atomic_hart__Ez2_L4_LB10__DepSet_h8a086f4b__0__Slow.cpp Vaster_coherent_soc__Syms.cpp > Vaster_coherent_soc__ALL.cpp
g++ -Os  -I.  -MMD -I/home/elfo/tools/verilator/root/include -I/home/elfo/tools/verilator/root/include/vltstd -DVM_COVERAGE=0 -DVM_SC=0 -DVM_TRACE=0 -DVM_TRACE_FST=0 -DVM_TRACE_VCD=0 -faligned-new -fcf-protection=none -Wno-bool-operation -Wno-overloaded-virtual -Wno-shadow -Wno-sign-compare -Wno-uninitialized -Wno-unused-but-set-parameter -Wno-unused-but-set-variable -Wno-unused-parameter -Wno-unused-variable       -c -o Vaster_coherent_soc__ALL.o Vaster_coherent_soc__ALL.cpp
echo "" > Vaster_coherent_soc__ALL.verilator_deplist.tmp
Archive ar -rcs Vaster_coherent_soc__ALL.a Vaster_coherent_soc__ALL.o
g++     tb_riscv_reference.o verilated.o verilated_threads.o Vaster_coherent_soc__ALL.a    -pthread -lpthread -latomic   -o /tmp/aster-phase7-legacy-regressions-888c24b/build/riscv_reference_l11_sync1_wait1_w4_n16/aster_riscv_reference_sim
rm Vaster_coherent_soc__ALL.verilator_deplist.tmp
PASS: upstream negative comparison hart=0, original test_2 fail path detected; vendor unchanged
PASS: upstream negative comparison hart=1, original test_2 fail path detected; vendor unchanged
PASS: pinned RV32UA test=amoadd_w hart=0 boot=1 cases=4 body_retired=27 cycles=1119 stores=13 retained_ram=65536
PASS: pinned RV32UA test=amoadd_w hart=0 boot=2 cases=4 body_retired=27 cycles=1119 stores=13 retained_ram=65536
PASS: pinned RV32UA test=amoadd_w hart=1 boot=1 cases=4 body_retired=27 cycles=1360 stores=13 retained_ram=65536
PASS: pinned RV32UA test=amoadd_w hart=1 boot=2 cases=4 body_retired=27 cycles=1360 stores=13 retained_ram=65536
PASS: pinned RV32UA test=amoand_w hart=0 boot=1 cases=4 body_retired=25 cycles=1081 stores=13 retained_ram=65536
PASS: pinned RV32UA test=amoand_w hart=0 boot=2 cases=4 body_retired=25 cycles=1081 stores=13 retained_ram=65536
PASS: pinned RV32UA test=amoand_w hart=1 boot=1 cases=4 body_retired=25 cycles=1322 stores=13 retained_ram=65536
PASS: pinned RV32UA test=amoand_w hart=1 boot=2 cases=4 body_retired=25 cycles=1322 stores=13 retained_ram=65536
PASS: pinned RV32UA test=amomax_w hart=0 boot=1 cases=6 body_retired=39 cycles=1294 stores=16 retained_ram=65536
PASS: pinned RV32UA test=amomax_w hart=0 boot=2 cases=6 body_retired=39 cycles=1294 stores=16 retained_ram=65536
PASS: pinned RV32UA test=amomax_w hart=1 boot=1 cases=6 body_retired=39 cycles=1535 stores=16 retained_ram=65536
PASS: pinned RV32UA test=amomax_w hart=1 boot=2 cases=6 body_retired=39 cycles=1535 stores=16 retained_ram=65536
PASS: pinned RV32UA test=amomaxu_w hart=0 boot=1 cases=4 body_retired=26 cycles=1092 stores=14 retained_ram=65536
PASS: pinned RV32UA test=amomaxu_w hart=0 boot=2 cases=4 body_retired=26 cycles=1092 stores=14 retained_ram=65536
PASS: pinned RV32UA test=amomaxu_w hart=1 boot=1 cases=4 body_retired=26 cycles=1333 stores=14 retained_ram=65536
PASS: pinned RV32UA test=amomaxu_w hart=1 boot=2 cases=4 body_retired=26 cycles=1333 stores=14 retained_ram=65536
PASS: pinned RV32UA test=amomin_w hart=0 boot=1 cases=6 body_retired=39 cycles=1294 stores=16 retained_ram=65536
PASS: pinned RV32UA test=amomin_w hart=0 boot=2 cases=6 body_retired=39 cycles=1294 stores=16 retained_ram=65536
PASS: pinned RV32UA test=amomin_w hart=1 boot=1 cases=6 body_retired=39 cycles=1535 stores=16 retained_ram=65536
PASS: pinned RV32UA test=amomin_w hart=1 boot=2 cases=6 body_retired=39 cycles=1535 stores=16 retained_ram=65536
PASS: pinned RV32UA test=amominu_w hart=0 boot=1 cases=4 body_retired=26 cycles=1092 stores=14 retained_ram=65536
PASS: pinned RV32UA test=amominu_w hart=0 boot=2 cases=4 body_retired=26 cycles=1092 stores=14 retained_ram=65536
PASS: pinned RV32UA test=amominu_w hart=1 boot=1 cases=4 body_retired=26 cycles=1333 stores=14 retained_ram=65536
PASS: pinned RV32UA test=amominu_w hart=1 boot=2 cases=4 body_retired=26 cycles=1333 stores=14 retained_ram=65536
PASS: pinned RV32UA test=amoor_w hart=0 boot=1 cases=4 body_retired=25 cycles=1081 stores=13 retained_ram=65536
PASS: pinned RV32UA test=amoor_w hart=0 boot=2 cases=4 body_retired=25 cycles=1081 stores=13 retained_ram=65536
PASS: pinned RV32UA test=amoor_w hart=1 boot=1 cases=4 body_retired=25 cycles=1322 stores=13 retained_ram=65536
PASS: pinned RV32UA test=amoor_w hart=1 boot=2 cases=4 body_retired=25 cycles=1322 stores=13 retained_ram=65536
PASS: pinned RV32UA test=amoswap_w hart=0 boot=1 cases=4 body_retired=25 cycles=1081 stores=13 retained_ram=65536
PASS: pinned RV32UA test=amoswap_w hart=0 boot=2 cases=4 body_retired=25 cycles=1081 stores=13 retained_ram=65536
PASS: pinned RV32UA test=amoswap_w hart=1 boot=1 cases=4 body_retired=25 cycles=1322 stores=13 retained_ram=65536
PASS: pinned RV32UA test=amoswap_w hart=1 boot=2 cases=4 body_retired=25 cycles=1322 stores=13 retained_ram=65536
PASS: pinned RV32UA test=amoxor_w hart=0 boot=1 cases=4 body_retired=29 cycles=1126 stores=13 retained_ram=65536
PASS: pinned RV32UA test=amoxor_w hart=0 boot=2 cases=4 body_retired=29 cycles=1126 stores=13 retained_ram=65536
PASS: pinned RV32UA test=amoxor_w hart=1 boot=1 cases=4 body_retired=29 cycles=1367 stores=13 retained_ram=65536
PASS: pinned RV32UA test=amoxor_w hart=1 boot=2 cases=4 body_retired=29 cycles=1367 stores=13 retained_ram=65536
PASS: pinned RV32UA test=lrsc hart=0 boot=1 cases=4 body_retired=6202 cycles=51014 stores=1295 retained_ram=65536
PASS: pinned RV32UA test=lrsc hart=0 boot=2 cases=4 body_retired=6202 cycles=51014 stores=1295 retained_ram=65536
PASS: pinned RV32UA test=lrsc hart=1 boot=1 cases=4 body_retired=6202 cycles=51247 stores=1295 retained_ram=65536
PASS: pinned RV32UA test=lrsc hart=1 boot=2 cases=4 body_retired=6202 cycles=51247 stores=1295 retained_ram=65536
mkdir -p /tmp/aster-phase7-legacy-regressions-888c24b/build/riscv_reference_l11_sync1_wait7_w4_n16
verilator --cc --exe --build --timing --Wall -DRISCV_FORMAL --Wno-DECLFILENAME --Wno-GENUNNAMED --Wno-UNUSEDSIGNAL --Wno-BLKSEQ --unroll-count 2048 --unroll-stmts 100000 --assert -DASTER_COHERENCE_ASSERT \
	--top-module aster_coherent_soc -GHART_COUNT=2 "-GENABLE_L1=1'b1" \
	"-GSYNC_MEMORY=1'b1" -GMEMORY_WAIT_CYCLES=7 "-GHOST_BOOT=1'b1" \
	-GLINE_WORDS=4 -GLINE_COUNT=16 \
	--Mdir /tmp/aster-phase7-legacy-regressions-888c24b/build/riscv_reference_l11_sync1_wait7_w4_n16/obj -o /tmp/aster-phase7-legacy-regressions-888c24b/build/riscv_reference_l11_sync1_wait7_w4_n16/aster_riscv_reference_sim \
	/tmp/aster-phase7-build-source-tOwrU6/rtl/core/aster_picorv32.sv /tmp/aster-phase7-build-source-tOwrU6/vendor/picorv32/picorv32.v /tmp/aster-phase7-build-source-tOwrU6/rtl/cache/aster_l1_cache.sv /tmp/aster-phase7-build-source-tOwrU6/rtl/memory/aster_rom.sv /tmp/aster-phase7-build-source-tOwrU6/rtl/memory/aster_ram.sv /tmp/aster-phase7-build-source-tOwrU6/rtl/core/aster_pcpi_atomic.sv /tmp/aster-phase7-build-source-tOwrU6/rtl/core/aster_atomic_hart.sv /tmp/aster-phase7-build-source-tOwrU6/rtl/cache/aster_coherent_cache.sv /tmp/aster-phase7-build-source-tOwrU6/rtl/interconnect/aster_atomic_fabric.sv /tmp/aster-phase7-build-source-tOwrU6/rtl/soc/aster_warm_stop.sv /tmp/aster-phase7-build-source-tOwrU6/rtl/peripherals/aster_uart.sv /tmp/aster-phase7-build-source-tOwrU6/rtl/peripherals/aster_coherent_perf.sv /tmp/aster-phase7-build-source-tOwrU6/rtl/dma/aster_dma_engine.sv /tmp/aster-phase7-build-source-tOwrU6/rtl/interconnect/aster_dma_arbiter.sv /tmp/aster-phase7-build-source-tOwrU6/rtl/peripherals/aster_dma_perf.sv /tmp/aster-phase7-build-source-tOwrU6/rtl/soc/aster_coherent_soc.sv /tmp/aster-phase7-build-source-tOwrU6/verification/soc/tb_riscv_reference.cpp
make[2]: warning: jobserver unavailable: using -j1.  Add '+' to parent make rule.
g++  -I.  -MMD -I/home/elfo/tools/verilator/root/include -I/home/elfo/tools/verilator/root/include/vltstd -DVM_COVERAGE=0 -DVM_SC=0 -DVM_TRACE=0 -DVM_TRACE_FST=0 -DVM_TRACE_VCD=0 -faligned-new -fcf-protection=none -Wno-bool-operation -Wno-overloaded-virtual -Wno-shadow -Wno-sign-compare -Wno-uninitialized -Wno-unused-but-set-parameter -Wno-unused-but-set-variable -Wno-unused-parameter -Wno-unused-variable       -Os -c -o tb_riscv_reference.o /tmp/aster-phase7-build-source-tOwrU6/verification/soc/tb_riscv_reference.cpp
g++ -Os  -I.  -MMD -I/home/elfo/tools/verilator/root/include -I/home/elfo/tools/verilator/root/include/vltstd -DVM_COVERAGE=0 -DVM_SC=0 -DVM_TRACE=0 -DVM_TRACE_FST=0 -DVM_TRACE_VCD=0 -faligned-new -fcf-protection=none -Wno-bool-operation -Wno-overloaded-virtual -Wno-shadow -Wno-sign-compare -Wno-uninitialized -Wno-unused-but-set-parameter -Wno-unused-but-set-variable -Wno-unused-parameter -Wno-unused-variable       -c -o verilated.o /home/elfo/tools/verilator/root/include/verilated.cpp
g++ -Os  -I.  -MMD -I/home/elfo/tools/verilator/root/include -I/home/elfo/tools/verilator/root/include/vltstd -DVM_COVERAGE=0 -DVM_SC=0 -DVM_TRACE=0 -DVM_TRACE_FST=0 -DVM_TRACE_VCD=0 -faligned-new -fcf-protection=none -Wno-bool-operation -Wno-overloaded-virtual -Wno-shadow -Wno-sign-compare -Wno-uninitialized -Wno-unused-but-set-parameter -Wno-unused-but-set-variable -Wno-unused-parameter -Wno-unused-variable       -c -o verilated_threads.o /home/elfo/tools/verilator/root/include/verilated_threads.cpp
/usr/bin/python3 /home/elfo/tools/verilator/root/bin/verilator_includer -DVL_INCLUDE_OPT=include Vaster_coherent_soc.cpp Vaster_coherent_soc___024root__DepSet_hc6677697__0.cpp Vaster_coherent_soc___024root__DepSet_h9074b246__0.cpp Vaster_coherent_soc_aster_atomic_hart__Ez2_L4_LB10__DepSet_hc813cb90__0.cpp Vaster_coherent_soc___024root__Slow.cpp Vaster_coherent_soc___024root__DepSet_hc6677697__0__Slow.cpp Vaster_coherent_soc___024root__DepSet_h9074b246__0__Slow.cpp Vaster_coherent_soc_aster_atomic_hart__Ez2_L4_LB10__Slow.cpp Vaster_coherent_soc_aster_atomic_hart__Ez2_L4_LB10__DepSet_hc813cb90__0__Slow.cpp Vaster_coherent_soc_aster_atomic_hart__Ez2_L4_LB10__DepSet_h8a086f4b__0__Slow.cpp Vaster_coherent_soc__Syms.cpp > Vaster_coherent_soc__ALL.cpp
g++ -Os  -I.  -MMD -I/home/elfo/tools/verilator/root/include -I/home/elfo/tools/verilator/root/include/vltstd -DVM_COVERAGE=0 -DVM_SC=0 -DVM_TRACE=0 -DVM_TRACE_FST=0 -DVM_TRACE_VCD=0 -faligned-new -fcf-protection=none -Wno-bool-operation -Wno-overloaded-virtual -Wno-shadow -Wno-sign-compare -Wno-uninitialized -Wno-unused-but-set-parameter -Wno-unused-but-set-variable -Wno-unused-parameter -Wno-unused-variable       -c -o Vaster_coherent_soc__ALL.o Vaster_coherent_soc__ALL.cpp
echo "" > Vaster_coherent_soc__ALL.verilator_deplist.tmp
Archive ar -rcs Vaster_coherent_soc__ALL.a Vaster_coherent_soc__ALL.o
g++     tb_riscv_reference.o verilated.o verilated_threads.o Vaster_coherent_soc__ALL.a    -pthread -lpthread -latomic   -o /tmp/aster-phase7-legacy-regressions-888c24b/build/riscv_reference_l11_sync1_wait7_w4_n16/aster_riscv_reference_sim
rm Vaster_coherent_soc__ALL.verilator_deplist.tmp
PASS: upstream negative comparison hart=0, original test_2 fail path detected; vendor unchanged
PASS: upstream negative comparison hart=1, original test_2 fail path detected; vendor unchanged
PASS: pinned RV32UA test=amoadd_w hart=0 boot=1 cases=4 body_retired=27 cycles=1767 stores=13 retained_ram=65536
PASS: pinned RV32UA test=amoadd_w hart=0 boot=2 cases=4 body_retired=27 cycles=1767 stores=13 retained_ram=65536
PASS: pinned RV32UA test=amoadd_w hart=1 boot=1 cases=4 body_retired=27 cycles=2151 stores=13 retained_ram=65536
PASS: pinned RV32UA test=amoadd_w hart=1 boot=2 cases=4 body_retired=27 cycles=2151 stores=13 retained_ram=65536
PASS: pinned RV32UA test=amoand_w hart=0 boot=1 cases=4 body_retired=25 cycles=1705 stores=13 retained_ram=65536
PASS: pinned RV32UA test=amoand_w hart=0 boot=2 cases=4 body_retired=25 cycles=1705 stores=13 retained_ram=65536
PASS: pinned RV32UA test=amoand_w hart=1 boot=1 cases=4 body_retired=25 cycles=2089 stores=13 retained_ram=65536
PASS: pinned RV32UA test=amoand_w hart=1 boot=2 cases=4 body_retired=25 cycles=2089 stores=13 retained_ram=65536
PASS: pinned RV32UA test=amomax_w hart=0 boot=1 cases=6 body_retired=39 cycles=2014 stores=16 retained_ram=65536
PASS: pinned RV32UA test=amomax_w hart=0 boot=2 cases=6 body_retired=39 cycles=2014 stores=16 retained_ram=65536
PASS: pinned RV32UA test=amomax_w hart=1 boot=1 cases=6 body_retired=39 cycles=2398 stores=16 retained_ram=65536
PASS: pinned RV32UA test=amomax_w hart=1 boot=2 cases=6 body_retired=39 cycles=2398 stores=16 retained_ram=65536
PASS: pinned RV32UA test=amomaxu_w hart=0 boot=1 cases=4 body_retired=26 cycles=1716 stores=14 retained_ram=65536
PASS: pinned RV32UA test=amomaxu_w hart=0 boot=2 cases=4 body_retired=26 cycles=1716 stores=14 retained_ram=65536
PASS: pinned RV32UA test=amomaxu_w hart=1 boot=1 cases=4 body_retired=26 cycles=2100 stores=14 retained_ram=65536
PASS: pinned RV32UA test=amomaxu_w hart=1 boot=2 cases=4 body_retired=26 cycles=2100 stores=14 retained_ram=65536
PASS: pinned RV32UA test=amomin_w hart=0 boot=1 cases=6 body_retired=39 cycles=2014 stores=16 retained_ram=65536
PASS: pinned RV32UA test=amomin_w hart=0 boot=2 cases=6 body_retired=39 cycles=2014 stores=16 retained_ram=65536
PASS: pinned RV32UA test=amomin_w hart=1 boot=1 cases=6 body_retired=39 cycles=2398 stores=16 retained_ram=65536
PASS: pinned RV32UA test=amomin_w hart=1 boot=2 cases=6 body_retired=39 cycles=2398 stores=16 retained_ram=65536
PASS: pinned RV32UA test=amominu_w hart=0 boot=1 cases=4 body_retired=26 cycles=1716 stores=14 retained_ram=65536
PASS: pinned RV32UA test=amominu_w hart=0 boot=2 cases=4 body_retired=26 cycles=1716 stores=14 retained_ram=65536
PASS: pinned RV32UA test=amominu_w hart=1 boot=1 cases=4 body_retired=26 cycles=2100 stores=14 retained_ram=65536
PASS: pinned RV32UA test=amominu_w hart=1 boot=2 cases=4 body_retired=26 cycles=2100 stores=14 retained_ram=65536
PASS: pinned RV32UA test=amoor_w hart=0 boot=1 cases=4 body_retired=25 cycles=1705 stores=13 retained_ram=65536
PASS: pinned RV32UA test=amoor_w hart=0 boot=2 cases=4 body_retired=25 cycles=1705 stores=13 retained_ram=65536
PASS: pinned RV32UA test=amoor_w hart=1 boot=1 cases=4 body_retired=25 cycles=2089 stores=13 retained_ram=65536
PASS: pinned RV32UA test=amoor_w hart=1 boot=2 cases=4 body_retired=25 cycles=2089 stores=13 retained_ram=65536
PASS: pinned RV32UA test=amoswap_w hart=0 boot=1 cases=4 body_retired=25 cycles=1705 stores=13 retained_ram=65536
PASS: pinned RV32UA test=amoswap_w hart=0 boot=2 cases=4 body_retired=25 cycles=1705 stores=13 retained_ram=65536
PASS: pinned RV32UA test=amoswap_w hart=1 boot=1 cases=4 body_retired=25 cycles=2089 stores=13 retained_ram=65536
PASS: pinned RV32UA test=amoswap_w hart=1 boot=2 cases=4 body_retired=25 cycles=2089 stores=13 retained_ram=65536
PASS: pinned RV32UA test=amoxor_w hart=0 boot=1 cases=4 body_retired=29 cycles=1774 stores=13 retained_ram=65536
PASS: pinned RV32UA test=amoxor_w hart=0 boot=2 cases=4 body_retired=29 cycles=1774 stores=13 retained_ram=65536
PASS: pinned RV32UA test=amoxor_w hart=1 boot=1 cases=4 body_retired=29 cycles=2158 stores=13 retained_ram=65536
PASS: pinned RV32UA test=amoxor_w hart=1 boot=2 cases=4 body_retired=29 cycles=2158 stores=13 retained_ram=65536
PASS: pinned RV32UA test=lrsc hart=0 boot=1 cases=4 body_retired=6202 cycles=56150 stores=1295 retained_ram=65536
PASS: pinned RV32UA test=lrsc hart=0 boot=2 cases=4 body_retired=6202 cycles=56150 stores=1295 retained_ram=65536
PASS: pinned RV32UA test=lrsc hart=1 boot=1 cases=4 body_retired=6202 cycles=56502 stores=1295 retained_ram=65536
PASS: pinned RV32UA test=lrsc hart=1 boot=2 cases=4 body_retired=6202 cycles=56502 stores=1295 retained_ram=65536
