NAMED-PATH-BEGIN d_rsp_valid_to_d_req_valid
Startpoint: d_rsp_valid (input port clocked by clk)
Endpoint: d_req_valid (output port clocked by clk)
Path Group: clk
Path Type: max

   Delay     Time   Description
-----------------------------------------------------------
   0.000    0.000   clock clk (rise edge)
   0.000    0.000   clock network delay (propagated)
   2.000    2.000 ^ input external delay
   0.023    2.023 ^ d_rsp_valid (in)
   0.281    2.304 ^ input35/X (sky130_fd_sc_hd__clkbuf_2)
   0.341    2.645 ^ wire2954/X (sky130_fd_sc_hd__buf_8)
   0.410    3.056 ^ _07986_/Y (sky130_fd_sc_hd__nand2b_4)
   0.514    3.569 v _07989_/X (sky130_fd_sc_hd__and4bb_4)
   0.270    3.840 v load_slew1341/X (sky130_fd_sc_hd__buf_8)
   0.317    4.157 v fanout1339/X (sky130_fd_sc_hd__buf_4)
   0.462    4.620 ^ _07990_/Y (sky130_fd_sc_hd__nor3b_4)
   0.290    4.909 v _07992_/Y (sky130_fd_sc_hd__nand3_2)
   0.462    5.372 ^ _07993_/Y (sky130_fd_sc_hd__nor3_4)
   0.380    5.752 ^ wire243/X (sky130_fd_sc_hd__buf_6)
   0.256    6.007 ^ output109/X (sky130_fd_sc_hd__buf_6)
   0.001    6.008 ^ d_req_valid (out)
            6.008   data arrival time

  10.000   10.000   clock clk (rise edge)
   0.000   10.000   clock network delay (propagated)
  -0.250    9.750   clock uncertainty
   0.000    9.750   clock reconvergence pessimism
  -2.000    7.750   output external delay
            7.750   data required time
-----------------------------------------------------------
            7.750   data required time
           -6.008   data arrival time
-----------------------------------------------------------
            1.742   slack (MET)


NAMED-PATH-END
NAMED-PATH-BEGIN d_rsp_error_to_d_req_valid
Startpoint: d_rsp_error (input port clocked by clk)
Endpoint: d_req_valid (output port clocked by clk)
Path Group: clk
Path Type: max

   Delay     Time   Description
-----------------------------------------------------------
   0.000    0.000   clock clk (rise edge)
   0.000    0.000   clock network delay (propagated)
   2.000    2.000 v input external delay
   0.010    2.010 v d_rsp_error (in)
   0.362    2.372 v input2/X (sky130_fd_sc_hd__buf_2)
   0.503    2.876 v _07977_/Y (sky130_fd_sc_hd__nand2b_2)
   0.289    3.165 v _07978_/X (sky130_fd_sc_hd__o211a_2)
   0.479    3.643 ^ _07980_/Y (sky130_fd_sc_hd__o21ai_2)
   0.412    4.055 ^ load_slew732/X (sky130_fd_sc_hd__buf_6)
   0.234    4.289 v _07992_/Y (sky130_fd_sc_hd__nand3_2)
   0.462    4.751 ^ _07993_/Y (sky130_fd_sc_hd__nor3_4)
   0.380    5.131 ^ wire243/X (sky130_fd_sc_hd__buf_6)
   0.256    5.387 ^ output109/X (sky130_fd_sc_hd__buf_6)
   0.001    5.387 ^ d_req_valid (out)
            5.387   data arrival time

  10.000   10.000   clock clk (rise edge)
   0.000   10.000   clock network delay (propagated)
  -0.250    9.750   clock uncertainty
   0.000    9.750   clock reconvergence pessimism
  -2.000    7.750   output external delay
            7.750   data required time
-----------------------------------------------------------
            7.750   data required time
           -5.387   data arrival time
-----------------------------------------------------------
            2.363   slack (MET)


NAMED-PATH-END
