NAMED-PATH-BEGIN d_rsp_valid_to_d_req_valid
Startpoint: d_rsp_valid (input port clocked by clk)
Endpoint: d_req_valid (output port clocked by clk)
Path Group: clk
Path Type: max

   Delay     Time   Description
-----------------------------------------------------------
   0.000    0.000   clock clk (rise edge)
   0.000    0.000   clock network delay (propagated)
   2.000    2.000 ^ input external delay
   0.009    2.009 ^ d_rsp_valid (in)
   0.075    2.085 ^ input35/X (sky130_fd_sc_hd__clkbuf_2)
   0.103    2.188 ^ wire2924/X (sky130_fd_sc_hd__buf_8)
   0.191    2.379 ^ fanout2920/X (sky130_fd_sc_hd__dlymetal6s4s_1)
   0.042    2.421 v _07634_/Y (sky130_fd_sc_hd__nor2_4)
   0.102    2.522 v fanout1363/X (sky130_fd_sc_hd__buf_6)
   0.104    2.626 v fanout1361/X (sky130_fd_sc_hd__buf_6)
   0.128    2.754 v _07636_/X (sky130_fd_sc_hd__and2_4)
   0.101    2.855 v fanout741/X (sky130_fd_sc_hd__buf_6)
   0.128    2.984 v fanout737/X (sky130_fd_sc_hd__clkbuf_4)
   0.155    3.139 ^ _07639_/Y (sky130_fd_sc_hd__nor3b_4)
   0.125    3.264 ^ fanout551/X (sky130_fd_sc_hd__buf_6)
   0.218    3.482 ^ _07640_/X (sky130_fd_sc_hd__and3b_2)
   0.104    3.586 ^ output109/X (sky130_fd_sc_hd__buf_8)
   0.001    3.587 ^ d_req_valid (out)
            3.587   data arrival time

  10.000   10.000   clock clk (rise edge)
   0.000   10.000   clock network delay (propagated)
  -0.250    9.750   clock uncertainty
   0.000    9.750   clock reconvergence pessimism
  -2.000    7.750   output external delay
            7.750   data required time
-----------------------------------------------------------
            7.750   data required time
           -3.587   data arrival time
-----------------------------------------------------------
            4.163   slack (MET)


NAMED-PATH-END
NAMED-PATH-BEGIN d_rsp_error_to_d_req_valid
Startpoint: d_rsp_error (input port clocked by clk)
Endpoint: d_req_valid (output port clocked by clk)
Path Group: clk
Path Type: max

   Delay     Time   Description
-----------------------------------------------------------
   0.000    0.000   clock clk (rise edge)
   0.000    0.000   clock network delay (propagated)
   2.000    2.000 v input external delay
   0.002    2.002 v d_rsp_error (in)
   0.126    2.129 v input2/X (sky130_fd_sc_hd__buf_2)
   0.148    2.277 v _07628_/Y (sky130_fd_sc_hd__nand2b_2)
   0.115    2.391 v _07629_/X (sky130_fd_sc_hd__o211a_2)
   0.266    2.657 ^ _07631_/Y (sky130_fd_sc_hd__o21ai_4)
   0.168    2.825 ^ _07639_/Y (sky130_fd_sc_hd__nor3b_4)
   0.125    2.951 ^ fanout551/X (sky130_fd_sc_hd__buf_6)
   0.218    3.169 ^ _07640_/X (sky130_fd_sc_hd__and3b_2)
   0.104    3.272 ^ output109/X (sky130_fd_sc_hd__buf_8)
   0.001    3.273 ^ d_req_valid (out)
            3.273   data arrival time

  10.000   10.000   clock clk (rise edge)
   0.000   10.000   clock network delay (propagated)
  -0.250    9.750   clock uncertainty
   0.000    9.750   clock reconvergence pessimism
  -2.000    7.750   output external delay
            7.750   data required time
-----------------------------------------------------------
            7.750   data required time
           -3.273   data arrival time
-----------------------------------------------------------
            4.477   slack (MET)


NAMED-PATH-END
