NAMED-PATH-BEGIN d_rsp_valid_to_d_req_valid
Startpoint: d_rsp_valid (input port clocked by clk)
Endpoint: d_req_valid (output port clocked by clk)
Path Group: clk
Path Type: max

   Delay     Time   Description
-----------------------------------------------------------
   0.000    0.000   clock clk (rise edge)
   0.000    0.000   clock network delay (propagated)
   2.000    2.000 v input external delay
   0.013    2.013 v d_rsp_valid (in)
   0.139    2.152 v hold8843/X (sky130_fd_sc_hd__clkbuf_1)
   0.147    2.298 v hold4942/X (sky130_fd_sc_hd__clkbuf_1)
   0.418    2.717 v input35/X (sky130_fd_sc_hd__buf_2)
   0.502    3.219 v fanout3849/X (sky130_fd_sc_hd__buf_2)
   0.966    4.185 v _17128_/X (sky130_fd_sc_hd__or3b_4)
   0.251    4.437 ^ _17140_/Y (sky130_fd_sc_hd__o2111ai_4)
   0.791    5.227 v _17141_/X (sky130_fd_sc_hd__and4b_2)
   0.343    5.570 v output109/X (sky130_fd_sc_hd__buf_8)
   0.001    5.571 v d_req_valid (out)
            5.571   data arrival time

  10.000   10.000   clock clk (rise edge)
   0.000   10.000   clock network delay (propagated)
  -0.250    9.750   clock uncertainty
   0.000    9.750   clock reconvergence pessimism
  -2.000    7.750   output external delay
            7.750   data required time
-----------------------------------------------------------
            7.750   data required time
           -5.571   data arrival time
-----------------------------------------------------------
            2.179   slack (MET)


NAMED-PATH-END
NAMED-PATH-BEGIN d_rsp_error_to_d_req_valid
Startpoint: d_rsp_error (input port clocked by clk)
Endpoint: d_req_valid (output port clocked by clk)
Path Group: clk
Path Type: max

   Delay     Time   Description
-----------------------------------------------------------
   0.000    0.000   clock clk (rise edge)
   0.000    0.000   clock network delay (propagated)
   2.000    2.000 v input external delay
   0.012    2.012 v d_rsp_error (in)
   0.135    2.147 v hold4830/X (sky130_fd_sc_hd__clkbuf_1)
   0.288    2.434 v input2/X (sky130_fd_sc_hd__buf_2)
   0.332    2.766 v hold4831/X (sky130_fd_sc_hd__clkbuf_1)
   0.502    3.268 v _17129_/Y (sky130_fd_sc_hd__nand2b_2)
   0.407    3.675 v _17130_/X (sky130_fd_sc_hd__o211a_2)
   0.510    4.185 ^ _17132_/Y (sky130_fd_sc_hd__o21ai_2)
   0.436    4.621 ^ fanout1090/X (sky130_fd_sc_hd__buf_8)
   0.350    4.971 v _17140_/Y (sky130_fd_sc_hd__o2111ai_4)
   1.009    5.980 ^ _17141_/X (sky130_fd_sc_hd__and4b_2)
   0.355    6.335 ^ output109/X (sky130_fd_sc_hd__buf_8)
   0.001    6.335 ^ d_req_valid (out)
            6.335   data arrival time

  10.000   10.000   clock clk (rise edge)
   0.000   10.000   clock network delay (propagated)
  -0.250    9.750   clock uncertainty
   0.000    9.750   clock reconvergence pessimism
  -2.000    7.750   output external delay
            7.750   data required time
-----------------------------------------------------------
            7.750   data required time
           -6.335   data arrival time
-----------------------------------------------------------
            1.415   slack (MET)


NAMED-PATH-END
