Copyright 1986-2022 Xilinx, Inc. All Rights Reserved. Copyright 2022-2025 Advanced Micro Devices, Inc. All Rights Reserved.
----------------------------------------------------------------------------------------------------------------------------------------------
| Tool Version : Vivado v.2025.1 (lin64) Build 6140274 Wed May 21 22:58:25 MDT 2025
| Date         : Thu Oct  8 12:29:21 2026
| Host         : gondor running 64-bit Ubuntu 24.04.5 LTS
| Command      : report_timing_summary -file build/fpga/pynq_z1/aster_soc-g2/timing_summary.rpt -warn_on_violation
| Design       : aster_soc_board_wrapper
| Device       : 7z020-clg400
| Speed File   : -1  PRODUCTION 1.12 2019-11-22
| Design State : Physopt postRoute
----------------------------------------------------------------------------------------------------------------------------------------------

Timing Summary Report

------------------------------------------------------------------------------------------------
| Timer Settings
| --------------
------------------------------------------------------------------------------------------------

  Enable Multi Corner Analysis               :  Yes
  Enable Pessimism Removal                   :  Yes
  Pessimism Removal Resolution               :  Nearest Common Node
  Enable Input Delay Default Clock           :  No
  Enable Preset / Clear Arcs                 :  No
  Disable Flight Delays                      :  No
  Ignore I/O Paths                           :  No
  Timing Early Launch at Borrowing Latches   :  No
  Borrow Time for Max Delay Exceptions       :  Yes
  Merge Timing Exceptions                    :  Yes
  Inter-SLR Compensation                     :  Conservative

  Corner  Analyze    Analyze    
  Name    Max Paths  Min Paths  
  ------  ---------  ---------  
  Slow    Yes        Yes        
  Fast    Yes        Yes        


------------------------------------------------------------------------------------------------
| Report Methodology
| ------------------
------------------------------------------------------------------------------------------------

No report available as report_methodology has not been run prior. Run report_methodology on the current design for the summary of methodology violations.



check_timing report

Table of Contents
-----------------
1. checking no_clock (0)
2. checking constant_clock (0)
3. checking pulse_width_clock (0)
4. checking unconstrained_internal_endpoints (0)
5. checking no_input_delay (0)
6. checking no_output_delay (0)
7. checking multiple_clock (0)
8. checking generated_clocks (0)
9. checking loops (0)
10. checking partial_input_delay (0)
11. checking partial_output_delay (0)
12. checking latch_loops (0)

1. checking no_clock (0)
------------------------
 There are 0 register/latch pins with no clock.


2. checking constant_clock (0)
------------------------------
 There are 0 register/latch pins with constant_clock.


3. checking pulse_width_clock (0)
---------------------------------
 There are 0 register/latch pins which need pulse_width check


4. checking unconstrained_internal_endpoints (0)
------------------------------------------------
 There are 0 pins that are not constrained for maximum delay.

 There are 0 pins that are not constrained for maximum delay due to constant clock.


5. checking no_input_delay (0)
------------------------------
 There are 0 input ports with no input delay specified.

 There are 0 input ports with no input delay but user has a false path constraint.


6. checking no_output_delay (0)
-------------------------------
 There are 0 ports with no output delay specified.

 There are 0 ports with no output delay but user has a false path constraint

 There are 0 ports with no output delay but with a timing clock defined on it or propagating through it


7. checking multiple_clock (0)
------------------------------
 There are 0 register/latch pins with multiple clocks.


8. checking generated_clocks (0)
--------------------------------
 There are 0 generated clocks that are not connected to a clock source.


9. checking loops (0)
---------------------
 There are 0 combinational loops in the design.


10. checking partial_input_delay (0)
------------------------------------
 There are 0 input ports with partial input delay specified.


11. checking partial_output_delay (0)
-------------------------------------
 There are 0 ports with partial output delay specified.


12. checking latch_loops (0)
----------------------------
 There are 0 combinational latch loops in the design through latch input



------------------------------------------------------------------------------------------------
| Design Timing Summary
| ---------------------
------------------------------------------------------------------------------------------------

    WNS(ns)      TNS(ns)  TNS Failing Endpoints  TNS Total Endpoints      WHS(ns)      THS(ns)  THS Failing Endpoints  THS Total Endpoints     WPWS(ns)     TPWS(ns)  TPWS Failing Endpoints  TPWS Total Endpoints  
    -------      -------  ---------------------  -------------------      -------      -------  ---------------------  -------------------     --------     --------  ----------------------  --------------------  
      0.031        0.000                      0                71563        0.020        0.000                      0                71563        3.750        0.000                       0                 24766  


All user specified timing constraints are met.


------------------------------------------------------------------------------------------------
| Clock Summary
| -------------
------------------------------------------------------------------------------------------------

Clock       Waveform(ns)       Period(ns)      Frequency(MHz)
-----       ------------       ----------      --------------
clk_fpga_0  {0.000 5.000}      10.000          100.000         


------------------------------------------------------------------------------------------------
| Intra Clock Table
| -----------------
------------------------------------------------------------------------------------------------

Clock             WNS(ns)      TNS(ns)  TNS Failing Endpoints  TNS Total Endpoints      WHS(ns)      THS(ns)  THS Failing Endpoints  THS Total Endpoints     WPWS(ns)     TPWS(ns)  TPWS Failing Endpoints  TPWS Total Endpoints  
-----             -------      -------  ---------------------  -------------------      -------      -------  ---------------------  -------------------     --------     --------  ----------------------  --------------------  
clk_fpga_0          0.031        0.000                      0                71563        0.020        0.000                      0                71563        3.750        0.000                       0                 24766  


------------------------------------------------------------------------------------------------
| Inter Clock Table
| -----------------
------------------------------------------------------------------------------------------------

From Clock    To Clock          WNS(ns)      TNS(ns)  TNS Failing Endpoints  TNS Total Endpoints      WHS(ns)      THS(ns)  THS Failing Endpoints  THS Total Endpoints  
----------    --------          -------      -------  ---------------------  -------------------      -------      -------  ---------------------  -------------------  


------------------------------------------------------------------------------------------------
| Other Path Groups Table
| -----------------------
------------------------------------------------------------------------------------------------

Path Group    From Clock    To Clock          WNS(ns)      TNS(ns)  TNS Failing Endpoints  TNS Total Endpoints      WHS(ns)      THS(ns)  THS Failing Endpoints  THS Total Endpoints  
----------    ----------    --------          -------      -------  ---------------------  -------------------      -------      -------  ---------------------  -------------------  


------------------------------------------------------------------------------------------------
| Timing Details
| --------------
------------------------------------------------------------------------------------------------


---------------------------------------------------------------------------------------------------
From Clock:  clk_fpga_0
  To Clock:  clk_fpga_0

Setup :            0  Failing Endpoints,  Worst Slack        0.031ns,  Total Violation        0.000ns
Hold  :            0  Failing Endpoints,  Worst Slack        0.020ns,  Total Violation        0.000ns
PW    :            0  Failing Endpoints,  Worst Slack        3.750ns,  Total Violation        0.000ns
---------------------------------------------------------------------------------------------------


Max Delay Paths
--------------------------------------------------------------------------------------
Slack (MET) :             0.031ns  (required time - arrival time)
  Source:                 aster_soc_board_i/aster/inst/implementation/g_hart[1].dcache/s1_addr_reg[5]/C
                            (rising edge-triggered cell FDRE clocked by clk_fpga_0  {rise@0.000ns fall@5.000ns period=10.000ns})
  Destination:            aster_soc_board_i/aster/inst/implementation/g_hart[1].dcache/m_op_q_reg[3]/R
                            (rising edge-triggered cell FDRE clocked by clk_fpga_0  {rise@0.000ns fall@5.000ns period=10.000ns})
  Path Group:             clk_fpga_0
  Path Type:              Setup (Max at Slow Process Corner)
  Requirement:            10.000ns  (clk_fpga_0 rise@10.000ns - clk_fpga_0 rise@0.000ns)
  Data Path Delay:        8.954ns  (logic 1.610ns (17.982%)  route 7.344ns (82.018%))
  Logic Levels:           7  (LUT2=1 LUT4=1 LUT6=3 MUXF7=1 MUXF8=1)
  Clock Path Skew:        -0.432ns (DCD - SCD + CPR)
    Destination Clock Delay (DCD):    2.699ns = ( 12.699 - 10.000 ) 
    Source Clock Delay      (SCD):    3.260ns
    Clock Pessimism Removal (CPR):    0.129ns
  Clock Uncertainty:      0.154ns  ((TSJ^2 + TIJ^2)^1/2 + DJ) / 2 + PE
    Total System Jitter     (TSJ):    0.071ns
    Total Input Jitter      (TIJ):    0.300ns
    Discrete Jitter          (DJ):    0.000ns
    Phase Error              (PE):    0.000ns

    Location             Delay type                Incr(ns)  Path(ns)    Netlist Resource(s)
  -------------------------------------------------------------------    -------------------
                         (clock clk_fpga_0 rise edge)
                                                      0.000     0.000 r  
    PS7_X0Y0             PS7                          0.000     0.000 r  aster_soc_board_i/ps7/inst/PS7_i/FCLKCLK[0]
                         net (fo=1, routed)           1.193     1.193    aster_soc_board_i/ps7/inst/FCLK_CLK_unbuffered[0]
    BUFGCTRL_X0Y16       BUFG (Prop_bufg_I_O)         0.101     1.294 r  aster_soc_board_i/ps7/inst/buffer_fclk_clk_0.FCLK_CLK_0_BUFG/O
                         net (fo=24766, routed)       1.966     3.260    aster_soc_board_i/aster/inst/implementation/g_hart[1].dcache/aclk
    SLICE_X93Y117        FDRE                                         r  aster_soc_board_i/aster/inst/implementation/g_hart[1].dcache/s1_addr_reg[5]/C
  -------------------------------------------------------------------    -------------------
    SLICE_X93Y117        FDRE (Prop_fdre_C_Q)         0.456     3.716 r  aster_soc_board_i/aster/inst/implementation/g_hart[1].dcache/s1_addr_reg[5]/Q
                         net (fo=113, routed)         1.928     5.644    aster_soc_board_i/aster/inst/implementation/g_hart[1].dcache/s1_addr_reg[5]_0
    SLICE_X94Y137        LUT6 (Prop_lut6_I2_O)        0.124     5.768 f  aster_soc_board_i/aster/inst/implementation/g_hart[1].dcache/s2_hit_i_99/O
                         net (fo=1, routed)           0.766     6.534    aster_soc_board_i/aster/inst/implementation/g_hart[1].dcache/s2_hit_i_99_n_0
    SLICE_X94Y135        LUT6 (Prop_lut6_I2_O)        0.124     6.658 r  aster_soc_board_i/aster/inst/implementation/g_hart[1].dcache/s2_hit_i_51/O
                         net (fo=1, routed)           0.000     6.658    aster_soc_board_i/aster/inst/implementation/g_hart[1].dcache/s2_hit_i_51_n_0
    SLICE_X94Y135        MUXF7 (Prop_muxf7_I0_O)      0.241     6.899 r  aster_soc_board_i/aster/inst/implementation/g_hart[1].dcache/s2_hit_reg_i_17/O
                         net (fo=1, routed)           0.000     6.899    aster_soc_board_i/aster/inst/implementation/g_hart[1].dcache/s2_hit_reg_i_17_n_0
    SLICE_X94Y135        MUXF8 (Prop_muxf8_I0_O)      0.098     6.997 r  aster_soc_board_i/aster/inst/implementation/g_hart[1].dcache/s2_hit_reg_i_5/O
                         net (fo=1, routed)           1.032     8.029    aster_soc_board_i/aster/inst/implementation/g_hart[1].dcache/s2_hit_reg_i_5_n_0
    SLICE_X91Y123        LUT6 (Prop_lut6_I1_O)        0.319     8.348 r  aster_soc_board_i/aster/inst/implementation/g_hart[1].dcache/s2_hit_i_2/O
                         net (fo=5, routed)           0.962     9.310    aster_soc_board_i/aster/inst/implementation/g_hart[1].dcache/s2_hit_i_2_n_0
    SLICE_X86Y114        LUT4 (Prop_lut4_I1_O)        0.124     9.434 f  aster_soc_board_i/aster/inst/implementation/g_hart[1].dcache/state[0]_i_3__1/O
                         net (fo=194, routed)         1.630    11.064    aster_soc_board_i/aster/inst/implementation/g_devices.devices/m_op_q_reg[3]
    SLICE_X67Y89         LUT2 (Prop_lut2_I1_O)        0.124    11.188 r  aster_soc_board_i/aster/inst/implementation/g_devices.devices/m_op_q[3]_i_1/O
                         net (fo=15, routed)          1.026    12.214    aster_soc_board_i/aster/inst/implementation/g_hart[1].dcache/m_op_q_reg[3]_9
    SLICE_X57Y74         FDRE                                         r  aster_soc_board_i/aster/inst/implementation/g_hart[1].dcache/m_op_q_reg[3]/R
  -------------------------------------------------------------------    -------------------

                         (clock clk_fpga_0 rise edge)
                                                     10.000    10.000 r  
    PS7_X0Y0             PS7                          0.000    10.000 r  aster_soc_board_i/ps7/inst/PS7_i/FCLKCLK[0]
                         net (fo=1, routed)           1.088    11.088    aster_soc_board_i/ps7/inst/FCLK_CLK_unbuffered[0]
    BUFGCTRL_X0Y16       BUFG (Prop_bufg_I_O)         0.091    11.179 r  aster_soc_board_i/ps7/inst/buffer_fclk_clk_0.FCLK_CLK_0_BUFG/O
                         net (fo=24766, routed)       1.520    12.699    aster_soc_board_i/aster/inst/implementation/g_hart[1].dcache/aclk
    SLICE_X57Y74         FDRE                                         r  aster_soc_board_i/aster/inst/implementation/g_hart[1].dcache/m_op_q_reg[3]/C
                         clock pessimism              0.129    12.828    
                         clock uncertainty           -0.154    12.674    
    SLICE_X57Y74         FDRE (Setup_fdre_C_R)       -0.429    12.245    aster_soc_board_i/aster/inst/implementation/g_hart[1].dcache/m_op_q_reg[3]
  -------------------------------------------------------------------
                         required time                         12.245    
                         arrival time                         -12.214    
  -------------------------------------------------------------------
                         slack                                  0.031    





Min Delay Paths
--------------------------------------------------------------------------------------
Slack (MET) :             0.020ns  (arrival time - required time)
  Source:                 aster_soc_board_i/aster/inst/implementation/dma/desc_nd_reg[13]/C
                            (rising edge-triggered cell FDRE clocked by clk_fpga_0  {rise@0.000ns fall@5.000ns period=10.000ns})
  Destination:            aster_soc_board_i/aster/inst/implementation/dma/wr_left_reg[13]/D
                            (rising edge-triggered cell FDRE clocked by clk_fpga_0  {rise@0.000ns fall@5.000ns period=10.000ns})
  Path Group:             clk_fpga_0
  Path Type:              Hold (Min at Fast Process Corner)
  Requirement:            0.000ns  (clk_fpga_0 rise@0.000ns - clk_fpga_0 rise@0.000ns)
  Data Path Delay:        0.377ns  (logic 0.186ns (49.395%)  route 0.191ns (50.605%))
  Logic Levels:           1  (LUT3=1)
  Clock Path Skew:        0.264ns (DCD - SCD - CPR)
    Destination Clock Delay (DCD):    1.183ns
    Source Clock Delay      (SCD):    0.884ns
    Clock Pessimism Removal (CPR):    0.035ns

    Location             Delay type                Incr(ns)  Path(ns)    Netlist Resource(s)
  -------------------------------------------------------------------    -------------------
                         (clock clk_fpga_0 rise edge)
                                                      0.000     0.000 r  
    PS7_X0Y0             PS7                          0.000     0.000 r  aster_soc_board_i/ps7/inst/PS7_i/FCLKCLK[0]
                         net (fo=1, routed)           0.310     0.310    aster_soc_board_i/ps7/inst/FCLK_CLK_unbuffered[0]
    BUFGCTRL_X0Y16       BUFG (Prop_bufg_I_O)         0.026     0.336 r  aster_soc_board_i/ps7/inst/buffer_fclk_clk_0.FCLK_CLK_0_BUFG/O
                         net (fo=24766, routed)       0.548     0.884    aster_soc_board_i/aster/inst/implementation/dma/aclk
    SLICE_X53Y84         FDRE                                         r  aster_soc_board_i/aster/inst/implementation/dma/desc_nd_reg[13]/C
  -------------------------------------------------------------------    -------------------
    SLICE_X53Y84         FDRE (Prop_fdre_C_Q)         0.141     1.025 r  aster_soc_board_i/aster/inst/implementation/dma/desc_nd_reg[13]/Q
                         net (fo=1, routed)           0.191     1.215    aster_soc_board_i/aster/inst/implementation/dma/desc_nd[13]
    SLICE_X49Y83         LUT3 (Prop_lut3_I2_O)        0.045     1.260 r  aster_soc_board_i/aster/inst/implementation/dma/wr_left[13]_i_1/O
                         net (fo=1, routed)           0.000     1.260    aster_soc_board_i/aster/inst/implementation/dma/wr_left[13]_i_1_n_0
    SLICE_X49Y83         FDRE                                         r  aster_soc_board_i/aster/inst/implementation/dma/wr_left_reg[13]/D
  -------------------------------------------------------------------    -------------------

                         (clock clk_fpga_0 rise edge)
                                                      0.000     0.000 r  
    PS7_X0Y0             PS7                          0.000     0.000 r  aster_soc_board_i/ps7/inst/PS7_i/FCLKCLK[0]
                         net (fo=1, routed)           0.337     0.337    aster_soc_board_i/ps7/inst/FCLK_CLK_unbuffered[0]
    BUFGCTRL_X0Y16       BUFG (Prop_bufg_I_O)         0.029     0.366 r  aster_soc_board_i/ps7/inst/buffer_fclk_clk_0.FCLK_CLK_0_BUFG/O
                         net (fo=24766, routed)       0.817     1.183    aster_soc_board_i/aster/inst/implementation/dma/aclk
    SLICE_X49Y83         FDRE                                         r  aster_soc_board_i/aster/inst/implementation/dma/wr_left_reg[13]/C
                         clock pessimism             -0.035     1.148    
    SLICE_X49Y83         FDRE (Hold_fdre_C_D)         0.092     1.240    aster_soc_board_i/aster/inst/implementation/dma/wr_left_reg[13]
  -------------------------------------------------------------------
                         required time                         -1.240    
                         arrival time                           1.260    
  -------------------------------------------------------------------
                         slack                                  0.020    





Pulse Width Checks
--------------------------------------------------------------------------------------
Clock Name:         clk_fpga_0
Waveform(ns):       { 0.000 5.000 }
Period(ns):         10.000
Sources:            { aster_soc_board_i/ps7/inst/PS7_i/FCLKCLK[0] }

Check Type        Corner  Lib Pin      Reference Pin  Required(ns)  Actual(ns)  Slack(ns)  Location      Pin
Min Period        n/a     DSP48E1/CLK  n/a            3.884         10.000      6.116      DSP48_X2Y43   aster_soc_board_i/aster/inst/implementation/g_hart[0].core/pp_lh_reg/CLK
Low Pulse Width   Slow    RAMD32/CLK   n/a            1.250         5.000       3.750      SLICE_X38Y70  aster_soc_board_i/aster/inst/implementation/dma/rbuf_reg_0_3_0_5/RAMA/CLK
High Pulse Width  Slow    RAMD32/CLK   n/a            1.250         5.000       3.750      SLICE_X38Y70  aster_soc_board_i/aster/inst/implementation/dma/rbuf_reg_0_3_0_5/RAMA/CLK



