NAMED-PATH-BEGIN d_rsp_valid_to_d_req_valid
Startpoint: d_rsp_valid (input port clocked by clk)
Endpoint: d_req_valid (output port clocked by clk)
Path Group: clk
Path Type: max

   Delay     Time   Description
-----------------------------------------------------------
   0.000    0.000   clock clk (rise edge)
   0.000    0.000   clock network delay (propagated)
   2.000    2.000 ^ input external delay
   0.017    2.017 ^ d_rsp_valid (in)
   0.474    2.491 ^ input35/X (sky130_fd_sc_hd__buf_2)
   0.564    3.055 ^ fanout1816/X (sky130_fd_sc_hd__buf_2)
   0.551    3.607 v _07762_/X (sky130_fd_sc_hd__and4bb_4)
   0.360    3.966 v fanout975/X (sky130_fd_sc_hd__clkbuf_4)
   0.367    4.333 ^ _07765_/Y (sky130_fd_sc_hd__nand2_2)
   0.544    4.878 ^ _07770_/X (sky130_fd_sc_hd__and3_4)
   0.341    5.218 ^ fanout425/X (sky130_fd_sc_hd__buf_6)
   0.741    5.959 ^ _07771_/X (sky130_fd_sc_hd__and4_4)
   0.309    6.268 ^ output109/X (sky130_fd_sc_hd__buf_8)
   0.001    6.268 ^ d_req_valid (out)
            6.268   data arrival time

  10.000   10.000   clock clk (rise edge)
   0.000   10.000   clock network delay (propagated)
  -0.250    9.750   clock uncertainty
   0.000    9.750   clock reconvergence pessimism
  -2.000    7.750   output external delay
            7.750   data required time
-----------------------------------------------------------
            7.750   data required time
           -6.268   data arrival time
-----------------------------------------------------------
            1.482   slack (MET)


NAMED-PATH-END
NAMED-PATH-BEGIN d_rsp_error_to_d_req_valid
Startpoint: d_rsp_error (input port clocked by clk)
Endpoint: d_req_valid (output port clocked by clk)
Path Group: clk
Path Type: max

   Delay     Time   Description
-----------------------------------------------------------
   0.000    0.000   clock clk (rise edge)
   0.000    0.000   clock network delay (propagated)
   2.000    2.000 v input external delay
   0.009    2.009 v d_rsp_error (in)
   0.409    2.418 v input2/X (sky130_fd_sc_hd__buf_2)
   0.516    2.934 v _07756_/Y (sky130_fd_sc_hd__nand2b_2)
   0.315    3.249 v _07757_/X (sky130_fd_sc_hd__o211a_2)
   0.413    3.662 ^ _07760_/Y (sky130_fd_sc_hd__o21ai_2)
   0.424    4.086 ^ fanout577/X (sky130_fd_sc_hd__buf_6)
   0.477    4.563 ^ _07770_/X (sky130_fd_sc_hd__and3_4)
   0.341    4.903 ^ fanout425/X (sky130_fd_sc_hd__buf_6)
   0.741    5.644 ^ _07771_/X (sky130_fd_sc_hd__and4_4)
   0.309    5.953 ^ output109/X (sky130_fd_sc_hd__buf_8)
   0.001    5.954 ^ d_req_valid (out)
            5.954   data arrival time

  10.000   10.000   clock clk (rise edge)
   0.000   10.000   clock network delay (propagated)
  -0.250    9.750   clock uncertainty
   0.000    9.750   clock reconvergence pessimism
  -2.000    7.750   output external delay
            7.750   data required time
-----------------------------------------------------------
            7.750   data required time
           -5.954   data arrival time
-----------------------------------------------------------
            1.796   slack (MET)


NAMED-PATH-END
