NAMED-PATH-BEGIN d_rsp_valid_to_d_req_valid
Startpoint: d_rsp_valid (input port clocked by clk)
Endpoint: d_req_valid (output port clocked by clk)
Path Group: clk
Path Type: max

   Delay     Time   Description
-----------------------------------------------------------
   0.000    0.000   clock clk (rise edge)
   0.000    0.000   clock network delay (propagated)
   2.000    2.000 ^ input external delay
   0.017    2.017 ^ d_rsp_valid (in)
   0.455    2.473 ^ input35/X (sky130_fd_sc_hd__buf_2)
   0.550    3.022 ^ fanout1786/X (sky130_fd_sc_hd__clkbuf_4)
   0.484    3.506 ^ fanout1785/X (sky130_fd_sc_hd__buf_2)
   0.684    4.190 v _07762_/X (sky130_fd_sc_hd__and4bb_2)
   0.322    4.512 v fanout994/X (sky130_fd_sc_hd__buf_12)
   0.290    4.802 v fanout980/X (sky130_fd_sc_hd__buf_6)
   0.294    5.096 v fanout979/X (sky130_fd_sc_hd__buf_6)
   0.189    5.285 ^ _07765_/Y (sky130_fd_sc_hd__nand2_8)
   0.497    5.783 ^ _07770_/X (sky130_fd_sc_hd__and3_4)
   0.320    6.102 ^ fanout438/X (sky130_fd_sc_hd__buf_8)
   0.730    6.832 ^ _07771_/X (sky130_fd_sc_hd__and4_4)
   0.311    7.143 ^ output109/X (sky130_fd_sc_hd__buf_8)
   0.001    7.144 ^ d_req_valid (out)
            7.144   data arrival time

  10.000   10.000   clock clk (rise edge)
   0.000   10.000   clock network delay (propagated)
  -0.250    9.750   clock uncertainty
   0.000    9.750   clock reconvergence pessimism
  -2.000    7.750   output external delay
            7.750   data required time
-----------------------------------------------------------
            7.750   data required time
           -7.144   data arrival time
-----------------------------------------------------------
            0.606   slack (MET)


NAMED-PATH-END
NAMED-PATH-BEGIN d_rsp_error_to_d_req_valid
Startpoint: d_rsp_error (input port clocked by clk)
Endpoint: d_req_valid (output port clocked by clk)
Path Group: clk
Path Type: max

   Delay     Time   Description
-----------------------------------------------------------
   0.000    0.000   clock clk (rise edge)
   0.000    0.000   clock network delay (propagated)
   2.000    2.000 v input external delay
   0.011    2.011 v d_rsp_error (in)
   0.350    2.361 v input2/X (sky130_fd_sc_hd__buf_2)
   0.485    2.846 v _07756_/Y (sky130_fd_sc_hd__nand2b_2)
   0.323    3.169 v _07757_/X (sky130_fd_sc_hd__o211a_2)
   0.397    3.566 ^ _07760_/Y (sky130_fd_sc_hd__o21ai_4)
   0.292    3.858 ^ fanout588/X (sky130_fd_sc_hd__buf_12)
   0.330    4.188 ^ fanout587/X (sky130_fd_sc_hd__buf_6)
   0.524    4.711 ^ _07770_/X (sky130_fd_sc_hd__and3_4)
   0.320    5.031 ^ fanout438/X (sky130_fd_sc_hd__buf_8)
   0.730    5.761 ^ _07771_/X (sky130_fd_sc_hd__and4_4)
   0.311    6.072 ^ output109/X (sky130_fd_sc_hd__buf_8)
   0.001    6.073 ^ d_req_valid (out)
            6.073   data arrival time

  10.000   10.000   clock clk (rise edge)
   0.000   10.000   clock network delay (propagated)
  -0.250    9.750   clock uncertainty
   0.000    9.750   clock reconvergence pessimism
  -2.000    7.750   output external delay
            7.750   data required time
-----------------------------------------------------------
            7.750   data required time
           -6.073   data arrival time
-----------------------------------------------------------
            1.677   slack (MET)


NAMED-PATH-END
