NAMED-PATH-BEGIN d_rsp_valid_to_d_req_valid
Startpoint: d_rsp_valid (input port clocked by clk)
Endpoint: d_req_valid (output port clocked by clk)
Path Group: clk
Path Type: max

   Delay     Time   Description
-----------------------------------------------------------
   0.000    0.000   clock clk (rise edge)
   0.000    0.000   clock network delay (propagated)
   2.000    2.000 ^ input external delay
   0.010    2.010 ^ d_rsp_valid (in)
   0.076    2.086 ^ input35/X (sky130_fd_sc_hd__clkbuf_2)
   0.106    2.192 ^ wire2924/X (sky130_fd_sc_hd__buf_8)
   0.202    2.393 ^ fanout2920/X (sky130_fd_sc_hd__dlymetal6s4s_1)
   0.046    2.439 v _07634_/Y (sky130_fd_sc_hd__nor2_4)
   0.108    2.547 v fanout1363/X (sky130_fd_sc_hd__buf_6)
   0.109    2.656 v fanout1361/X (sky130_fd_sc_hd__buf_6)
   0.135    2.790 v _07636_/X (sky130_fd_sc_hd__and2_4)
   0.103    2.894 v fanout741/X (sky130_fd_sc_hd__buf_6)
   0.134    3.028 v fanout737/X (sky130_fd_sc_hd__clkbuf_4)
   0.159    3.187 ^ _07639_/Y (sky130_fd_sc_hd__nor3b_4)
   0.127    3.315 ^ fanout551/X (sky130_fd_sc_hd__buf_6)
   0.239    3.554 ^ _07640_/X (sky130_fd_sc_hd__and3b_2)
   0.111    3.665 ^ output109/X (sky130_fd_sc_hd__buf_8)
   0.002    3.667 ^ d_req_valid (out)
            3.667   data arrival time

  10.000   10.000   clock clk (rise edge)
   0.000   10.000   clock network delay (propagated)
  -0.250    9.750   clock uncertainty
   0.000    9.750   clock reconvergence pessimism
  -2.000    7.750   output external delay
            7.750   data required time
-----------------------------------------------------------
            7.750   data required time
           -3.667   data arrival time
-----------------------------------------------------------
            4.083   slack (MET)


NAMED-PATH-END
NAMED-PATH-BEGIN d_rsp_error_to_d_req_valid
Startpoint: d_rsp_error (input port clocked by clk)
Endpoint: d_req_valid (output port clocked by clk)
Path Group: clk
Path Type: max

   Delay     Time   Description
-----------------------------------------------------------
   0.000    0.000   clock clk (rise edge)
   0.000    0.000   clock network delay (propagated)
   2.000    2.000 v input external delay
   0.003    2.003 v d_rsp_error (in)
   0.130    2.133 v input2/X (sky130_fd_sc_hd__buf_2)
   0.155    2.288 v _07628_/Y (sky130_fd_sc_hd__nand2b_2)
   0.118    2.406 v _07629_/X (sky130_fd_sc_hd__o211a_2)
   0.298    2.704 ^ _07631_/Y (sky130_fd_sc_hd__o21ai_4)
   0.170    2.875 ^ _07639_/Y (sky130_fd_sc_hd__nor3b_4)
   0.127    3.002 ^ fanout551/X (sky130_fd_sc_hd__buf_6)
   0.239    3.241 ^ _07640_/X (sky130_fd_sc_hd__and3b_2)
   0.111    3.353 ^ output109/X (sky130_fd_sc_hd__buf_8)
   0.002    3.355 ^ d_req_valid (out)
            3.355   data arrival time

  10.000   10.000   clock clk (rise edge)
   0.000   10.000   clock network delay (propagated)
  -0.250    9.750   clock uncertainty
   0.000    9.750   clock reconvergence pessimism
  -2.000    7.750   output external delay
            7.750   data required time
-----------------------------------------------------------
            7.750   data required time
           -3.355   data arrival time
-----------------------------------------------------------
            4.395   slack (MET)


NAMED-PATH-END
