NAMED-PATH-BEGIN d_rsp_valid_to_d_req_valid
Startpoint: d_rsp_valid (input port clocked by clk)
Endpoint: d_req_valid (output port clocked by clk)
Path Group: clk
Path Type: max

   Delay     Time   Description
-----------------------------------------------------------
   0.000    0.000   clock clk (rise edge)
   0.000    0.000   clock network delay (propagated)
   2.000    2.000 ^ input external delay
   0.014    2.014 ^ d_rsp_valid (in)
   0.259    2.272 ^ input35/X (sky130_fd_sc_hd__buf_2)
   0.362    2.634 ^ hold4410/X (sky130_fd_sc_hd__clkbuf_1)
   0.332    2.966 ^ fanout3498/X (sky130_fd_sc_hd__buf_2)
   0.210    3.176 ^ _17154_/Y (sky130_fd_sc_hd__nand2b_2)
   0.259    3.435 ^ fanout1828/X (sky130_fd_sc_hd__buf_2)
   0.315    3.751 v _17159_/X (sky130_fd_sc_hd__and4bb_4)
   0.209    3.959 v fanout1343/X (sky130_fd_sc_hd__buf_4)
   0.601    4.560 v _17161_/X (sky130_fd_sc_hd__or4b_4)
   0.170    4.730 v rebuffer3553/X (sky130_fd_sc_hd__buf_6)
   0.313    5.043 ^ _17162_/Y (sky130_fd_sc_hd__nor3_4)
   0.185    5.227 ^ wire428/X (sky130_fd_sc_hd__buf_6)
   0.222    5.450 ^ output109/X (sky130_fd_sc_hd__buf_2)
   0.002    5.452 ^ d_req_valid (out)
            5.452   data arrival time

  10.000   10.000   clock clk (rise edge)
   0.000   10.000   clock network delay (propagated)
  -0.250    9.750   clock uncertainty
   0.000    9.750   clock reconvergence pessimism
  -2.000    7.750   output external delay
            7.750   data required time
-----------------------------------------------------------
            7.750   data required time
           -5.452   data arrival time
-----------------------------------------------------------
            2.298   slack (MET)


NAMED-PATH-END
NAMED-PATH-BEGIN d_rsp_error_to_d_req_valid
Startpoint: d_rsp_error (input port clocked by clk)
Endpoint: d_req_valid (output port clocked by clk)
Path Group: clk
Path Type: max

   Delay     Time   Description
-----------------------------------------------------------
   0.000    0.000   clock clk (rise edge)
   0.000    0.000   clock network delay (propagated)
   2.000    2.000 v input external delay
   0.005    2.005 v d_rsp_error (in)
   0.190    2.195 v input2/X (sky130_fd_sc_hd__buf_2)
   0.219    2.413 v _17149_/Y (sky130_fd_sc_hd__nand2b_2)
   0.144    2.557 v _17150_/X (sky130_fd_sc_hd__o211a_2)
   0.345    2.902 v _17152_/X (sky130_fd_sc_hd__o21a_2)
   0.696    3.598 v _17161_/X (sky130_fd_sc_hd__or4b_4)
   0.170    3.768 v rebuffer3553/X (sky130_fd_sc_hd__buf_6)
   0.313    4.081 ^ _17162_/Y (sky130_fd_sc_hd__nor3_4)
   0.185    4.265 ^ wire428/X (sky130_fd_sc_hd__buf_6)
   0.222    4.488 ^ output109/X (sky130_fd_sc_hd__buf_2)
   0.002    4.490 ^ d_req_valid (out)
            4.490   data arrival time

  10.000   10.000   clock clk (rise edge)
   0.000   10.000   clock network delay (propagated)
  -0.250    9.750   clock uncertainty
   0.000    9.750   clock reconvergence pessimism
  -2.000    7.750   output external delay
            7.750   data required time
-----------------------------------------------------------
            7.750   data required time
           -4.490   data arrival time
-----------------------------------------------------------
            3.260   slack (MET)


NAMED-PATH-END
