NAMED-PATH-BEGIN d_rsp_valid_to_d_req_valid
Startpoint: d_rsp_valid (input port clocked by clk)
Endpoint: d_req_valid (output port clocked by clk)
Path Group: clk
Path Type: max

   Delay     Time   Description
-----------------------------------------------------------
   0.000    0.000   clock clk (rise edge)
   0.000    0.000   clock network delay (propagated)
   2.000    2.000 ^ input external delay
   0.015    2.015 ^ d_rsp_valid (in)
   0.107    2.121 ^ input35/X (sky130_fd_sc_hd__clkbuf_2)
   0.138    2.260 ^ wire3059/X (sky130_fd_sc_hd__buf_8)
   0.159    2.419 ^ wire3058/X (sky130_fd_sc_hd__buf_8)
   0.215    2.634 ^ fanout3055/X (sky130_fd_sc_hd__clkbuf_4)
   0.162    2.797 ^ load_slew3056/X (sky130_fd_sc_hd__buf_6)
   0.047    2.843 v _07634_/Y (sky130_fd_sc_hd__nor2_4)
   0.141    2.984 v fanout1450/X (sky130_fd_sc_hd__buf_6)
   0.174    3.159 v fanout1448/X (sky130_fd_sc_hd__buf_4)
   0.156    3.314 v load_slew1449/X (sky130_fd_sc_hd__buf_6)
   0.172    3.486 v _07636_/X (sky130_fd_sc_hd__and2_4)
   0.213    3.699 v fanout780/X (sky130_fd_sc_hd__clkbuf_4)
   0.173    3.872 v load_slew776/X (sky130_fd_sc_hd__buf_6)
   0.234    4.107 ^ _07639_/Y (sky130_fd_sc_hd__nor3b_4)
   0.136    4.243 ^ fanout569/X (sky130_fd_sc_hd__buf_6)
   0.146    4.389 ^ load_slew570/X (sky130_fd_sc_hd__buf_8)
   0.337    4.726 ^ _07640_/X (sky130_fd_sc_hd__and3b_2)
   0.172    4.897 ^ output109/X (sky130_fd_sc_hd__buf_8)
   0.001    4.898 ^ d_req_valid (out)
            4.898   data arrival time

  10.000   10.000   clock clk (rise edge)
   0.000   10.000   clock network delay (propagated)
  -0.250    9.750   clock uncertainty
   0.000    9.750   clock reconvergence pessimism
  -2.000    7.750   output external delay
            7.750   data required time
-----------------------------------------------------------
            7.750   data required time
           -4.898   data arrival time
-----------------------------------------------------------
            2.852   slack (MET)


NAMED-PATH-END
NAMED-PATH-BEGIN d_rsp_error_to_d_req_valid
Startpoint: d_rsp_error (input port clocked by clk)
Endpoint: d_req_valid (output port clocked by clk)
Path Group: clk
Path Type: max

   Delay     Time   Description
-----------------------------------------------------------
   0.000    0.000   clock clk (rise edge)
   0.000    0.000   clock network delay (propagated)
   2.000    2.000 v input external delay
   0.004    2.004 v d_rsp_error (in)
   0.185    2.190 v input2/X (sky130_fd_sc_hd__buf_2)
   0.244    2.434 v _07628_/Y (sky130_fd_sc_hd__nand2b_2)
   0.183    2.616 v _07629_/X (sky130_fd_sc_hd__o211a_2)
   0.282    2.898 ^ _07631_/Y (sky130_fd_sc_hd__o21ai_4)
   0.194    3.092 ^ load_slew787/X (sky130_fd_sc_hd__buf_6)
   0.231    3.323 ^ _07639_/Y (sky130_fd_sc_hd__nor3b_4)
   0.136    3.459 ^ fanout569/X (sky130_fd_sc_hd__buf_6)
   0.146    3.605 ^ load_slew570/X (sky130_fd_sc_hd__buf_8)
   0.337    3.942 ^ _07640_/X (sky130_fd_sc_hd__and3b_2)
   0.172    4.113 ^ output109/X (sky130_fd_sc_hd__buf_8)
   0.001    4.114 ^ d_req_valid (out)
            4.114   data arrival time

  10.000   10.000   clock clk (rise edge)
   0.000   10.000   clock network delay (propagated)
  -0.250    9.750   clock uncertainty
   0.000    9.750   clock reconvergence pessimism
  -2.000    7.750   output external delay
            7.750   data required time
-----------------------------------------------------------
            7.750   data required time
           -4.114   data arrival time
-----------------------------------------------------------
            3.636   slack (MET)


NAMED-PATH-END
