NAMED-PATH-BEGIN d_rsp_valid_to_d_req_valid
Startpoint: d_rsp_valid (input port clocked by clk)
Endpoint: d_req_valid (output port clocked by clk)
Path Group: clk
Path Type: max

   Delay     Time   Description
-----------------------------------------------------------
   0.000    0.000   clock clk (rise edge)
   0.000    0.000   clock network delay (propagated)
   2.000    2.000 ^ input external delay
   0.021    2.021 ^ d_rsp_valid (in)
   0.442    2.463 ^ input35/X (sky130_fd_sc_hd__buf_2)
   0.537    3.000 ^ fanout3530/X (sky130_fd_sc_hd__buf_2)
   0.361    3.361 ^ _17154_/Y (sky130_fd_sc_hd__nand2b_2)
   0.414    3.776 ^ fanout1824/X (sky130_fd_sc_hd__buf_2)
   0.732    4.508 v _17159_/X (sky130_fd_sc_hd__and4bb_4)
   1.319    5.826 v _17161_/X (sky130_fd_sc_hd__or4b_4)
   0.317    6.143 v rebuffer3557/X (sky130_fd_sc_hd__buf_6)
   0.429    6.573 ^ _17162_/Y (sky130_fd_sc_hd__nor3_4)
   0.335    6.908 ^ wire437/X (sky130_fd_sc_hd__buf_6)
   0.381    7.288 ^ output109/X (sky130_fd_sc_hd__buf_2)
   0.001    7.289 ^ d_req_valid (out)
            7.289   data arrival time

  10.000   10.000   clock clk (rise edge)
   0.000   10.000   clock network delay (propagated)
  -0.250    9.750   clock uncertainty
   0.000    9.750   clock reconvergence pessimism
  -2.000    7.750   output external delay
            7.750   data required time
-----------------------------------------------------------
            7.750   data required time
           -7.289   data arrival time
-----------------------------------------------------------
            0.461   slack (MET)


NAMED-PATH-END
NAMED-PATH-BEGIN d_rsp_error_to_d_req_valid
Startpoint: d_rsp_error (input port clocked by clk)
Endpoint: d_req_valid (output port clocked by clk)
Path Group: clk
Path Type: max

   Delay     Time   Description
-----------------------------------------------------------
   0.000    0.000   clock clk (rise edge)
   0.000    0.000   clock network delay (propagated)
   2.000    2.000 v input external delay
   0.010    2.010 v d_rsp_error (in)
   0.342    2.352 v input2/X (sky130_fd_sc_hd__buf_2)
   0.459    2.811 v _17149_/Y (sky130_fd_sc_hd__nand2b_2)
   0.259    3.070 v _17150_/X (sky130_fd_sc_hd__o211a_2)
   0.628    3.698 v _17152_/X (sky130_fd_sc_hd__o21a_2)
   1.379    5.077 v _17161_/X (sky130_fd_sc_hd__or4b_4)
   0.317    5.394 v rebuffer3557/X (sky130_fd_sc_hd__buf_6)
   0.429    5.823 ^ _17162_/Y (sky130_fd_sc_hd__nor3_4)
   0.335    6.158 ^ wire437/X (sky130_fd_sc_hd__buf_6)
   0.381    6.539 ^ output109/X (sky130_fd_sc_hd__buf_2)
   0.001    6.540 ^ d_req_valid (out)
            6.540   data arrival time

  10.000   10.000   clock clk (rise edge)
   0.000   10.000   clock network delay (propagated)
  -0.250    9.750   clock uncertainty
   0.000    9.750   clock reconvergence pessimism
  -2.000    7.750   output external delay
            7.750   data required time
-----------------------------------------------------------
            7.750   data required time
           -6.540   data arrival time
-----------------------------------------------------------
            1.210   slack (MET)


NAMED-PATH-END
