Copyright 1986-2022 Xilinx, Inc. All Rights Reserved. Copyright 2022-2025 Advanced Micro Devices, Inc. All Rights Reserved.
-----------------------------------------------------------------------------------------------------------------------------------------------------------
| Tool Version : Vivado v.2025.1 (lin64) Build 6140274 Wed May 21 22:58:25 MDT 2025
| Date         : Sun Sep 13 11:53:35 2026
| Host         : gondor running 64-bit Ubuntu 24.04.3 LTS
| Command      : report_timing_summary -file /tmp/aster-phase7-fpga-c0-888c24b/fpga/pynq_z1/linux-h2-coherent-c0-dma/timing_summary.rpt -warn_on_violation
| Design       : aster_linux_wrapper
| Device       : 7z020-clg400
| Speed File   : -1  PRODUCTION 1.12 2019-11-22
| Design State : Routed
-----------------------------------------------------------------------------------------------------------------------------------------------------------

Timing Summary Report

------------------------------------------------------------------------------------------------
| Timer Settings
| --------------
------------------------------------------------------------------------------------------------

  Enable Multi Corner Analysis               :  Yes
  Enable Pessimism Removal                   :  Yes
  Pessimism Removal Resolution               :  Nearest Common Node
  Enable Input Delay Default Clock           :  No
  Enable Preset / Clear Arcs                 :  No
  Disable Flight Delays                      :  No
  Ignore I/O Paths                           :  No
  Timing Early Launch at Borrowing Latches   :  No
  Borrow Time for Max Delay Exceptions       :  Yes
  Merge Timing Exceptions                    :  Yes
  Inter-SLR Compensation                     :  Conservative

  Corner  Analyze    Analyze    
  Name    Max Paths  Min Paths  
  ------  ---------  ---------  
  Slow    Yes        Yes        
  Fast    Yes        Yes        


------------------------------------------------------------------------------------------------
| Report Methodology
| ------------------
------------------------------------------------------------------------------------------------

No report available as report_methodology has not been run prior. Run report_methodology on the current design for the summary of methodology violations.



check_timing report

Table of Contents
-----------------
1. checking no_clock (0)
2. checking constant_clock (0)
3. checking pulse_width_clock (0)
4. checking unconstrained_internal_endpoints (0)
5. checking no_input_delay (0)
6. checking no_output_delay (5)
7. checking multiple_clock (0)
8. checking generated_clocks (0)
9. checking loops (0)
10. checking partial_input_delay (0)
11. checking partial_output_delay (0)
12. checking latch_loops (0)

1. checking no_clock (0)
------------------------
 There are 0 register/latch pins with no clock.


2. checking constant_clock (0)
------------------------------
 There are 0 register/latch pins with constant_clock.


3. checking pulse_width_clock (0)
---------------------------------
 There are 0 register/latch pins which need pulse_width check


4. checking unconstrained_internal_endpoints (0)
------------------------------------------------
 There are 0 pins that are not constrained for maximum delay.

 There are 0 pins that are not constrained for maximum delay due to constant clock.


5. checking no_input_delay (0)
------------------------------
 There are 0 input ports with no input delay specified.

 There are 0 input ports with no input delay but user has a false path constraint.


6. checking no_output_delay (5)
-------------------------------
 There are 0 ports with no output delay specified.

 There are 5 ports with no output delay but user has a false path constraint (MEDIUM)

 There are 0 ports with no output delay but with a timing clock defined on it or propagating through it


7. checking multiple_clock (0)
------------------------------
 There are 0 register/latch pins with multiple clocks.


8. checking generated_clocks (0)
--------------------------------
 There are 0 generated clocks that are not connected to a clock source.


9. checking loops (0)
---------------------
 There are 0 combinational loops in the design.


10. checking partial_input_delay (0)
------------------------------------
 There are 0 input ports with partial input delay specified.


11. checking partial_output_delay (0)
-------------------------------------
 There are 0 ports with partial output delay specified.


12. checking latch_loops (0)
----------------------------
 There are 0 combinational latch loops in the design through latch input



------------------------------------------------------------------------------------------------
| Design Timing Summary
| ---------------------
------------------------------------------------------------------------------------------------

    WNS(ns)      TNS(ns)  TNS Failing Endpoints  TNS Total Endpoints      WHS(ns)      THS(ns)  THS Failing Endpoints  THS Total Endpoints     WPWS(ns)     TPWS(ns)  TPWS Failing Endpoints  TPWS Total Endpoints  
    -------      -------  ---------------------  -------------------      -------      -------  ---------------------  -------------------     --------     --------  ----------------------  --------------------  
      6.455        0.000                      0                32758        0.024        0.000                      0                32758       14.750        0.000                       0                 12533  


All user specified timing constraints are met.


------------------------------------------------------------------------------------------------
| Clock Summary
| -------------
------------------------------------------------------------------------------------------------

Clock       Waveform(ns)       Period(ns)      Frequency(MHz)
-----       ------------       ----------      --------------
clk_fpga_0  {0.000 16.000}     32.000          31.250          


------------------------------------------------------------------------------------------------
| Intra Clock Table
| -----------------
------------------------------------------------------------------------------------------------

Clock             WNS(ns)      TNS(ns)  TNS Failing Endpoints  TNS Total Endpoints      WHS(ns)      THS(ns)  THS Failing Endpoints  THS Total Endpoints     WPWS(ns)     TPWS(ns)  TPWS Failing Endpoints  TPWS Total Endpoints  
-----             -------      -------  ---------------------  -------------------      -------      -------  ---------------------  -------------------     --------     --------  ----------------------  --------------------  
clk_fpga_0          6.455        0.000                      0                32758        0.024        0.000                      0                32758       14.750        0.000                       0                 12533  


------------------------------------------------------------------------------------------------
| Inter Clock Table
| -----------------
------------------------------------------------------------------------------------------------

From Clock    To Clock          WNS(ns)      TNS(ns)  TNS Failing Endpoints  TNS Total Endpoints      WHS(ns)      THS(ns)  THS Failing Endpoints  THS Total Endpoints  
----------    --------          -------      -------  ---------------------  -------------------      -------      -------  ---------------------  -------------------  


------------------------------------------------------------------------------------------------
| Other Path Groups Table
| -----------------------
------------------------------------------------------------------------------------------------

Path Group    From Clock    To Clock          WNS(ns)      TNS(ns)  TNS Failing Endpoints  TNS Total Endpoints      WHS(ns)      THS(ns)  THS Failing Endpoints  THS Total Endpoints  
----------    ----------    --------          -------      -------  ---------------------  -------------------      -------      -------  ---------------------  -------------------  


------------------------------------------------------------------------------------------------
| Timing Details
| --------------
------------------------------------------------------------------------------------------------


---------------------------------------------------------------------------------------------------
From Clock:  clk_fpga_0
  To Clock:  clk_fpga_0

Setup :            0  Failing Endpoints,  Worst Slack        6.455ns,  Total Violation        0.000ns
Hold  :            0  Failing Endpoints,  Worst Slack        0.024ns,  Total Violation        0.000ns
PW    :            0  Failing Endpoints,  Worst Slack       14.750ns,  Total Violation        0.000ns
---------------------------------------------------------------------------------------------------


Max Delay Paths
--------------------------------------------------------------------------------------
Slack (MET) :             6.455ns  (required time - arrival time)
  Source:                 aster_linux_i/aster/inst/implementation/g_coherent.soc/cache/state_reg[3]_rep__1/C
                            (rising edge-triggered cell FDRE clocked by clk_fpga_0  {rise@0.000ns fall@16.000ns period=32.000ns})
  Destination:            aster_linux_i/aster/inst/implementation/g_coherent.soc/g_perf[0].perf/counters_reg[12][61]/D
                            (rising edge-triggered cell FDRE clocked by clk_fpga_0  {rise@0.000ns fall@16.000ns period=32.000ns})
  Path Group:             clk_fpga_0
  Path Type:              Setup (Max at Slow Process Corner)
  Requirement:            32.000ns  (clk_fpga_0 rise@32.000ns - clk_fpga_0 rise@0.000ns)
  Data Path Delay:        24.788ns  (logic 6.839ns (27.590%)  route 17.949ns (72.410%))
  Logic Levels:           35  (CARRY4=20 LUT3=4 LUT4=1 LUT5=2 LUT6=7 MUXF7=1)
  Clock Path Skew:        -0.338ns (DCD - SCD + CPR)
    Destination Clock Delay (DCD):    2.644ns = ( 34.644 - 32.000 ) 
    Source Clock Delay      (SCD):    3.097ns
    Clock Pessimism Removal (CPR):    0.115ns
  Clock Uncertainty:      0.481ns  ((TSJ^2 + TIJ^2)^1/2 + DJ) / 2 + PE
    Total System Jitter     (TSJ):    0.071ns
    Total Input Jitter      (TIJ):    0.960ns
    Discrete Jitter          (DJ):    0.000ns
    Phase Error              (PE):    0.000ns

    Location             Delay type                Incr(ns)  Path(ns)    Netlist Resource(s)
  -------------------------------------------------------------------    -------------------
                         (clock clk_fpga_0 rise edge)
                                                      0.000     0.000 r  
    PS7_X0Y0             PS7                          0.000     0.000 r  aster_linux_i/ps7/inst/PS7_i/FCLKCLK[0]
                         net (fo=1, routed)           1.193     1.193    aster_linux_i/ps7/inst/FCLK_CLK_unbuffered[0]
    BUFGCTRL_X0Y16       BUFG (Prop_bufg_I_O)         0.101     1.294 r  aster_linux_i/ps7/inst/buffer_fclk_clk_0.FCLK_CLK_0_BUFG/O
                         net (fo=12533, routed)       1.803     3.097    aster_linux_i/aster/inst/implementation/g_coherent.soc/cache/aclk
    SLICE_X102Y43        FDRE                                         r  aster_linux_i/aster/inst/implementation/g_coherent.soc/cache/state_reg[3]_rep__1/C
  -------------------------------------------------------------------    -------------------
    SLICE_X102Y43        FDRE (Prop_fdre_C_Q)         0.518     3.615 r  aster_linux_i/aster/inst/implementation/g_coherent.soc/cache/state_reg[3]_rep__1/Q
                         net (fo=141, routed)         1.483     5.098    aster_linux_i/aster/inst/implementation/g_coherent.soc/cache/state_reg[3]_rep__1_n_0
    SLICE_X90Y38         LUT5 (Prop_lut5_I1_O)        0.124     5.222 r  aster_linux_i/aster/inst/implementation/g_coherent.soc/cache/length[31]_i_120/O
                         net (fo=128, routed)         3.254     8.475    aster_linux_i/aster/inst/implementation/g_coherent.soc/cache/length[31]_i_120_n_0
    SLICE_X41Y88         LUT6 (Prop_lut6_I5_O)        0.124     8.599 r  aster_linux_i/aster/inst/implementation/g_coherent.soc/cache/g_program.memory_reg_0_0_i_482/O
                         net (fo=1, routed)           0.000     8.599    aster_linux_i/aster/inst/implementation/g_coherent.soc/cache/g_program.memory_reg_0_0_i_482_n_0
    SLICE_X41Y88         MUXF7 (Prop_muxf7_I1_O)      0.217     8.816 r  aster_linux_i/aster/inst/implementation/g_coherent.soc/cache/g_program.memory_reg_0_0_i_213/O
                         net (fo=1, routed)           0.859     9.675    aster_linux_i/aster/inst/implementation/g_coherent.soc/cache/g_program.memory_reg_0_0_i_213_n_0
    SLICE_X41Y88         LUT6 (Prop_lut6_I0_O)        0.299     9.974 r  aster_linux_i/aster/inst/implementation/g_coherent.soc/cache/g_program.memory_reg_0_0_i_116/O
                         net (fo=2, routed)           0.598    10.572    aster_linux_i/aster/inst/implementation/g_coherent.soc/cache/g_program.memory_reg_0_0_i_116_n_0
    SLICE_X42Y88         LUT6 (Prop_lut6_I3_O)        0.124    10.696 r  aster_linux_i/aster/inst/implementation/g_coherent.soc/cache/g_program.memory_reg_0_0_i_70/O
                         net (fo=1, routed)           1.160    11.856    aster_linux_i/aster/inst/implementation/g_coherent.soc/cache/g_program.memory_reg_0_0_i_70_n_0
    SLICE_X51Y74         LUT3 (Prop_lut3_I0_O)        0.124    11.980 r  aster_linux_i/aster/inst/implementation/g_coherent.soc/cache/g_program.memory_reg_0_0_i_43/O
                         net (fo=1, routed)           0.000    11.980    aster_linux_i/aster/inst/implementation/g_coherent.soc/cache/p_0_out[13]
    SLICE_X51Y74         CARRY4 (Prop_carry4_S[0]_CO[3])
                                                      0.532    12.512 r  aster_linux_i/aster/inst/implementation/g_coherent.soc/cache/g_program.memory_reg_0_0_i_24/CO[3]
                         net (fo=1, routed)           0.009    12.521    aster_linux_i/aster/inst/implementation/g_coherent.soc/cache/g_program.memory_reg_0_0_i_24_n_0
    SLICE_X51Y75         CARRY4 (Prop_carry4_CI_CO[3])
                                                      0.114    12.635 r  aster_linux_i/aster/inst/implementation/g_coherent.soc/cache/g_program.memory_reg_0_0_i_28/CO[3]
                         net (fo=1, routed)           0.000    12.635    aster_linux_i/aster/inst/implementation/g_coherent.soc/cache/g_program.memory_reg_0_0_i_28_n_0
    SLICE_X51Y76         CARRY4 (Prop_carry4_CI_CO[3])
                                                      0.114    12.749 r  aster_linux_i/aster/inst/implementation/g_coherent.soc/cache/g_program.memory_reg_0_0_i_63/CO[3]
                         net (fo=1, routed)           0.000    12.749    aster_linux_i/aster/inst/implementation/g_coherent.soc/cache/g_program.memory_reg_0_0_i_63_n_0
    SLICE_X51Y77         CARRY4 (Prop_carry4_CI_O[1])
                                                      0.334    13.083 r  aster_linux_i/aster/inst/implementation/g_coherent.soc/cache/g_program.memory_reg_0_0_i_62/O[1]
                         net (fo=3, routed)           0.817    13.900    aster_linux_i/aster/inst/implementation/g_coherent.soc/cache/g_program.memory_reg_0_0_i_62_n_6
    SLICE_X52Y76         LUT3 (Prop_lut3_I0_O)        0.329    14.229 f  aster_linux_i/aster/inst/implementation/g_coherent.soc/cache/g_program.memory_reg_0_0_i_33/O
                         net (fo=10, routed)          1.883    16.113    aster_linux_i/aster/inst/implementation/g_coherent.soc/cache/data[0][3][3][4]_i_80_n_0
    SLICE_X61Y51         LUT4 (Prop_lut4_I2_O)        0.354    16.467 r  aster_linux_i/aster/inst/implementation/g_coherent.soc/cache/wait_count[0]_i_7/O
                         net (fo=1, routed)           0.688    17.154    aster_linux_i/aster/inst/implementation/g_coherent.soc/cache/wait_count[0]_i_7_n_0
    SLICE_X61Y51         LUT6 (Prop_lut6_I1_O)        0.326    17.480 r  aster_linux_i/aster/inst/implementation/g_coherent.soc/cache/wait_count[0]_i_2/O
                         net (fo=13, routed)          0.989    18.469    aster_linux_i/aster/inst/implementation/g_coherent.soc/cache/wait_count[0]_i_2_n_0
    SLICE_X52Y45         LUT5 (Prop_lut5_I0_O)        0.124    18.593 r  aster_linux_i/aster/inst/implementation/g_coherent.soc/cache/tags[1][0][31]_i_6/O
                         net (fo=6, routed)           0.794    19.388    aster_linux_i/aster/inst/implementation/g_coherent.soc/cache/tags[1][0][31]_i_6_n_0
    SLICE_X47Y40         LUT6 (Prop_lut6_I4_O)        0.124    19.512 r  aster_linux_i/aster/inst/implementation/g_coherent.soc/cache/tags[1][0][31]_i_4/O
                         net (fo=98, routed)          1.676    21.188    aster_linux_i/aster/inst/implementation/g_coherent.soc/cache/tags[1][0][31]_i_4_n_0
    SLICE_X100Y42        LUT3 (Prop_lut3_I2_O)        0.124    21.312 r  aster_linux_i/aster/inst/implementation/g_coherent.soc/cache/tags[1][3][31]_i_3/O
                         net (fo=98, routed)          0.789    22.101    aster_linux_i/aster/inst/implementation/g_coherent.soc/cache/tags[1][3][31]_i_3_n_0
    SLICE_X104Y40        LUT6 (Prop_lut6_I1_O)        0.124    22.225 r  aster_linux_i/aster/inst/implementation/g_coherent.soc/cache/counters[12][0]_i_5/O
                         net (fo=1, routed)           0.682    22.907    aster_linux_i/aster/inst/implementation/g_coherent.soc/cache/counters[12][0]_i_5_n_0
    SLICE_X92Y40         LUT6 (Prop_lut6_I0_O)        0.124    23.031 r  aster_linux_i/aster/inst/implementation/g_coherent.soc/cache/counters[12][0]_i_4/O
                         net (fo=4, routed)           2.259    25.290    aster_linux_i/aster/inst/implementation/g_coherent.soc/fabric/invalidation
    SLICE_X43Y62         LUT3 (Prop_lut3_I1_O)        0.124    25.414 r  aster_linux_i/aster/inst/implementation/g_coherent.soc/fabric/counters[12][0]_i_3__0/O
                         net (fo=1, routed)           0.000    25.414    aster_linux_i/aster/inst/implementation/g_coherent.soc/g_perf[0].perf/counters_reg[12][3]_1[0]
    SLICE_X43Y62         CARRY4 (Prop_carry4_S[0]_CO[3])
                                                      0.532    25.946 r  aster_linux_i/aster/inst/implementation/g_coherent.soc/g_perf[0].perf/counters_reg[12][0]_i_1__0/CO[3]
                         net (fo=1, routed)           0.000    25.946    aster_linux_i/aster/inst/implementation/g_coherent.soc/g_perf[0].perf/counters_reg[12][0]_i_1__0_n_0
    SLICE_X43Y63         CARRY4 (Prop_carry4_CI_CO[3])
                                                      0.114    26.060 r  aster_linux_i/aster/inst/implementation/g_coherent.soc/g_perf[0].perf/counters_reg[12][4]_i_1__0/CO[3]
                         net (fo=1, routed)           0.000    26.060    aster_linux_i/aster/inst/implementation/g_coherent.soc/g_perf[0].perf/counters_reg[12][4]_i_1__0_n_0
    SLICE_X43Y64         CARRY4 (Prop_carry4_CI_CO[3])
                                                      0.114    26.174 r  aster_linux_i/aster/inst/implementation/g_coherent.soc/g_perf[0].perf/counters_reg[12][8]_i_1__0/CO[3]
                         net (fo=1, routed)           0.000    26.174    aster_linux_i/aster/inst/implementation/g_coherent.soc/g_perf[0].perf/counters_reg[12][8]_i_1__0_n_0
    SLICE_X43Y65         CARRY4 (Prop_carry4_CI_CO[3])
                                                      0.114    26.288 r  aster_linux_i/aster/inst/implementation/g_coherent.soc/g_perf[0].perf/counters_reg[12][12]_i_1__0/CO[3]
                         net (fo=1, routed)           0.000    26.288    aster_linux_i/aster/inst/implementation/g_coherent.soc/g_perf[0].perf/counters_reg[12][12]_i_1__0_n_0
    SLICE_X43Y66         CARRY4 (Prop_carry4_CI_CO[3])
                                                      0.114    26.402 r  aster_linux_i/aster/inst/implementation/g_coherent.soc/g_perf[0].perf/counters_reg[12][16]_i_1__0/CO[3]
                         net (fo=1, routed)           0.000    26.402    aster_linux_i/aster/inst/implementation/g_coherent.soc/g_perf[0].perf/counters_reg[12][16]_i_1__0_n_0
    SLICE_X43Y67         CARRY4 (Prop_carry4_CI_CO[3])
                                                      0.114    26.516 r  aster_linux_i/aster/inst/implementation/g_coherent.soc/g_perf[0].perf/counters_reg[12][20]_i_1__0/CO[3]
                         net (fo=1, routed)           0.000    26.516    aster_linux_i/aster/inst/implementation/g_coherent.soc/g_perf[0].perf/counters_reg[12][20]_i_1__0_n_0
    SLICE_X43Y68         CARRY4 (Prop_carry4_CI_CO[3])
                                                      0.114    26.630 r  aster_linux_i/aster/inst/implementation/g_coherent.soc/g_perf[0].perf/counters_reg[12][24]_i_1__0/CO[3]
                         net (fo=1, routed)           0.000    26.630    aster_linux_i/aster/inst/implementation/g_coherent.soc/g_perf[0].perf/counters_reg[12][24]_i_1__0_n_0
    SLICE_X43Y69         CARRY4 (Prop_carry4_CI_CO[3])
                                                      0.114    26.744 r  aster_linux_i/aster/inst/implementation/g_coherent.soc/g_perf[0].perf/counters_reg[12][28]_i_1__0/CO[3]
                         net (fo=1, routed)           0.000    26.744    aster_linux_i/aster/inst/implementation/g_coherent.soc/g_perf[0].perf/counters_reg[12][28]_i_1__0_n_0
    SLICE_X43Y70         CARRY4 (Prop_carry4_CI_CO[3])
                                                      0.114    26.858 r  aster_linux_i/aster/inst/implementation/g_coherent.soc/g_perf[0].perf/counters_reg[12][32]_i_1__0/CO[3]
                         net (fo=1, routed)           0.000    26.858    aster_linux_i/aster/inst/implementation/g_coherent.soc/g_perf[0].perf/counters_reg[12][32]_i_1__0_n_0
    SLICE_X43Y71         CARRY4 (Prop_carry4_CI_CO[3])
                                                      0.114    26.972 r  aster_linux_i/aster/inst/implementation/g_coherent.soc/g_perf[0].perf/counters_reg[12][36]_i_1__0/CO[3]
                         net (fo=1, routed)           0.000    26.972    aster_linux_i/aster/inst/implementation/g_coherent.soc/g_perf[0].perf/counters_reg[12][36]_i_1__0_n_0
    SLICE_X43Y72         CARRY4 (Prop_carry4_CI_CO[3])
                                                      0.114    27.086 r  aster_linux_i/aster/inst/implementation/g_coherent.soc/g_perf[0].perf/counters_reg[12][40]_i_1__0/CO[3]
                         net (fo=1, routed)           0.000    27.086    aster_linux_i/aster/inst/implementation/g_coherent.soc/g_perf[0].perf/counters_reg[12][40]_i_1__0_n_0
    SLICE_X43Y73         CARRY4 (Prop_carry4_CI_CO[3])
                                                      0.114    27.200 r  aster_linux_i/aster/inst/implementation/g_coherent.soc/g_perf[0].perf/counters_reg[12][44]_i_1__0/CO[3]
                         net (fo=1, routed)           0.000    27.200    aster_linux_i/aster/inst/implementation/g_coherent.soc/g_perf[0].perf/counters_reg[12][44]_i_1__0_n_0
    SLICE_X43Y74         CARRY4 (Prop_carry4_CI_CO[3])
                                                      0.114    27.314 r  aster_linux_i/aster/inst/implementation/g_coherent.soc/g_perf[0].perf/counters_reg[12][48]_i_1__0/CO[3]
                         net (fo=1, routed)           0.009    27.323    aster_linux_i/aster/inst/implementation/g_coherent.soc/g_perf[0].perf/counters_reg[12][48]_i_1__0_n_0
    SLICE_X43Y75         CARRY4 (Prop_carry4_CI_CO[3])
                                                      0.114    27.437 r  aster_linux_i/aster/inst/implementation/g_coherent.soc/g_perf[0].perf/counters_reg[12][52]_i_1__0/CO[3]
                         net (fo=1, routed)           0.000    27.437    aster_linux_i/aster/inst/implementation/g_coherent.soc/g_perf[0].perf/counters_reg[12][52]_i_1__0_n_0
    SLICE_X43Y76         CARRY4 (Prop_carry4_CI_CO[3])
                                                      0.114    27.551 r  aster_linux_i/aster/inst/implementation/g_coherent.soc/g_perf[0].perf/counters_reg[12][56]_i_1__0/CO[3]
                         net (fo=1, routed)           0.000    27.551    aster_linux_i/aster/inst/implementation/g_coherent.soc/g_perf[0].perf/counters_reg[12][56]_i_1__0_n_0
    SLICE_X43Y77         CARRY4 (Prop_carry4_CI_O[1])
                                                      0.334    27.885 r  aster_linux_i/aster/inst/implementation/g_coherent.soc/g_perf[0].perf/counters_reg[12][60]_i_1__0/O[1]
                         net (fo=1, routed)           0.000    27.885    aster_linux_i/aster/inst/implementation/g_coherent.soc/g_perf[0].perf/counters_reg[12][60]_i_1__0_n_6
    SLICE_X43Y77         FDRE                                         r  aster_linux_i/aster/inst/implementation/g_coherent.soc/g_perf[0].perf/counters_reg[12][61]/D
  -------------------------------------------------------------------    -------------------

                         (clock clk_fpga_0 rise edge)
                                                     32.000    32.000 r  
    PS7_X0Y0             PS7                          0.000    32.000 r  aster_linux_i/ps7/inst/PS7_i/FCLKCLK[0]
                         net (fo=1, routed)           1.088    33.088    aster_linux_i/ps7/inst/FCLK_CLK_unbuffered[0]
    BUFGCTRL_X0Y16       BUFG (Prop_bufg_I_O)         0.091    33.179 r  aster_linux_i/ps7/inst/buffer_fclk_clk_0.FCLK_CLK_0_BUFG/O
                         net (fo=12533, routed)       1.465    34.644    aster_linux_i/aster/inst/implementation/g_coherent.soc/g_perf[0].perf/aclk
    SLICE_X43Y77         FDRE                                         r  aster_linux_i/aster/inst/implementation/g_coherent.soc/g_perf[0].perf/counters_reg[12][61]/C
                         clock pessimism              0.115    34.759    
                         clock uncertainty           -0.481    34.277    
    SLICE_X43Y77         FDRE (Setup_fdre_C_D)        0.062    34.339    aster_linux_i/aster/inst/implementation/g_coherent.soc/g_perf[0].perf/counters_reg[12][61]
  -------------------------------------------------------------------
                         required time                         34.339    
                         arrival time                         -27.885    
  -------------------------------------------------------------------
                         slack                                  6.455    





Min Delay Paths
--------------------------------------------------------------------------------------
Slack (MET) :             0.024ns  (arrival time - required time)
  Source:                 aster_linux_i/aster/inst/implementation/g_coherent.soc/g_hart[1].g_present.hart/core/upstream_core/latched_rd_reg[0]/C
                            (rising edge-triggered cell FDRE clocked by clk_fpga_0  {rise@0.000ns fall@16.000ns period=32.000ns})
  Destination:            aster_linux_i/aster/inst/implementation/g_coherent.soc/g_hart[1].g_present.hart/core/upstream_core/cpuregs_reg_r1_0_31_0_5/RAMA/WADR0
                            (rising edge-triggered cell RAMD32 clocked by clk_fpga_0  {rise@0.000ns fall@16.000ns period=32.000ns})
  Path Group:             clk_fpga_0
  Path Type:              Hold (Min at Fast Process Corner)
  Requirement:            0.000ns  (clk_fpga_0 rise@0.000ns - clk_fpga_0 rise@0.000ns)
  Data Path Delay:        0.347ns  (logic 0.141ns (40.606%)  route 0.206ns (59.394%))
  Logic Levels:           0  
  Clock Path Skew:        0.013ns (DCD - SCD - CPR)
    Destination Clock Delay (DCD):    1.217ns
    Source Clock Delay      (SCD):    0.917ns
    Clock Pessimism Removal (CPR):    0.287ns

    Location             Delay type                Incr(ns)  Path(ns)    Netlist Resource(s)
  -------------------------------------------------------------------    -------------------
                         (clock clk_fpga_0 rise edge)
                                                      0.000     0.000 r  
    PS7_X0Y0             PS7                          0.000     0.000 r  aster_linux_i/ps7/inst/PS7_i/FCLKCLK[0]
                         net (fo=1, routed)           0.310     0.310    aster_linux_i/ps7/inst/FCLK_CLK_unbuffered[0]
    BUFGCTRL_X0Y16       BUFG (Prop_bufg_I_O)         0.026     0.336 r  aster_linux_i/ps7/inst/buffer_fclk_clk_0.FCLK_CLK_0_BUFG/O
                         net (fo=12533, routed)       0.581     0.917    aster_linux_i/aster/inst/implementation/g_coherent.soc/g_hart[1].g_present.hart/core/upstream_core/aclk
    SLICE_X87Y60         FDRE                                         r  aster_linux_i/aster/inst/implementation/g_coherent.soc/g_hart[1].g_present.hart/core/upstream_core/latched_rd_reg[0]/C
  -------------------------------------------------------------------    -------------------
    SLICE_X87Y60         FDRE (Prop_fdre_C_Q)         0.141     1.058 r  aster_linux_i/aster/inst/implementation/g_coherent.soc/g_hart[1].g_present.hart/core/upstream_core/latched_rd_reg[0]/Q
                         net (fo=93, routed)          0.206     1.264    aster_linux_i/aster/inst/implementation/g_coherent.soc/g_hart[1].g_present.hart/core/upstream_core/cpuregs_reg_r1_0_31_0_5/ADDRD0
    SLICE_X86Y60         RAMD32                                       r  aster_linux_i/aster/inst/implementation/g_coherent.soc/g_hart[1].g_present.hart/core/upstream_core/cpuregs_reg_r1_0_31_0_5/RAMA/WADR0
  -------------------------------------------------------------------    -------------------

                         (clock clk_fpga_0 rise edge)
                                                      0.000     0.000 r  
    PS7_X0Y0             PS7                          0.000     0.000 r  aster_linux_i/ps7/inst/PS7_i/FCLKCLK[0]
                         net (fo=1, routed)           0.337     0.337    aster_linux_i/ps7/inst/FCLK_CLK_unbuffered[0]
    BUFGCTRL_X0Y16       BUFG (Prop_bufg_I_O)         0.029     0.366 r  aster_linux_i/ps7/inst/buffer_fclk_clk_0.FCLK_CLK_0_BUFG/O
                         net (fo=12533, routed)       0.851     1.217    aster_linux_i/aster/inst/implementation/g_coherent.soc/g_hart[1].g_present.hart/core/upstream_core/cpuregs_reg_r1_0_31_0_5/WCLK
    SLICE_X86Y60         RAMD32                                       r  aster_linux_i/aster/inst/implementation/g_coherent.soc/g_hart[1].g_present.hart/core/upstream_core/cpuregs_reg_r1_0_31_0_5/RAMA/CLK
                         clock pessimism             -0.287     0.930    
    SLICE_X86Y60         RAMD32 (Hold_ramd32_CLK_WADR0)
                                                      0.310     1.240    aster_linux_i/aster/inst/implementation/g_coherent.soc/g_hart[1].g_present.hart/core/upstream_core/cpuregs_reg_r1_0_31_0_5/RAMA
  -------------------------------------------------------------------
                         required time                         -1.240    
                         arrival time                           1.264    
  -------------------------------------------------------------------
                         slack                                  0.024    





Pulse Width Checks
--------------------------------------------------------------------------------------
Clock Name:         clk_fpga_0
Waveform(ns):       { 0.000 16.000 }
Period(ns):         32.000
Sources:            { aster_linux_i/ps7/inst/PS7_i/FCLKCLK[0] }

Check Type        Corner  Lib Pin             Reference Pin  Required(ns)  Actual(ns)  Slack(ns)  Location      Pin
Min Period        n/a     RAMB36E1/CLKARDCLK  n/a            2.944         32.000      29.056     RAMB36_X2Y3   aster_linux_i/aster/inst/implementation/g_coherent.soc/ram/g_sync_read.memory_reg_0_0/CLKARDCLK
Low Pulse Width   Slow    RAMD64E/CLK         n/a            1.250         16.000      14.750     SLICE_X30Y65  aster_linux_i/aster/inst/implementation/fifo_reg_0_63_0_2/RAMA/CLK
High Pulse Width  Slow    RAMD64E/CLK         n/a            1.250         16.000      14.750     SLICE_X30Y65  aster_linux_i/aster/inst/implementation/fifo_reg_0_63_0_2/RAMA/CLK



