NAMED-PATH-BEGIN d_rsp_valid_to_d_req_valid
Startpoint: d_rsp_valid (input port clocked by clk)
Endpoint: d_req_valid (output port clocked by clk)
Path Group: clk
Path Type: max

   Delay     Time   Description
-----------------------------------------------------------
   0.000    0.000   clock clk (rise edge)
   0.000    0.000   clock network delay (propagated)
   2.000    2.000 ^ input external delay
   0.008    2.008 ^ d_rsp_valid (in)
   0.280    2.288 ^ input35/X (sky130_fd_sc_hd__buf_2)
   0.270    2.558 ^ fanout2727/X (sky130_fd_sc_hd__dlymetal6s2s_1)
   0.110    2.668 ^ load_slew2728/X (sky130_fd_sc_hd__buf_6)
   0.198    2.866 v _07429_/X (sky130_fd_sc_hd__and4bb_2)
   0.167    3.033 v fanout1217/X (sky130_fd_sc_hd__clkbuf_4)
   0.119    3.152 ^ _07434_/Y (sky130_fd_sc_hd__a221oi_4)
   0.071    3.223 v _07435_/Y (sky130_fd_sc_hd__nand3b_2)
   0.103    3.326 ^ _07436_/Y (sky130_fd_sc_hd__inv_4)
   0.199    3.525 ^ _07437_/X (sky130_fd_sc_hd__and4_4)
   0.104    3.629 ^ output109/X (sky130_fd_sc_hd__buf_8)
   0.002    3.631 ^ d_req_valid (out)
            3.631   data arrival time

  10.000   10.000   clock clk (rise edge)
   0.000   10.000   clock network delay (propagated)
  -0.250    9.750   clock uncertainty
   0.000    9.750   clock reconvergence pessimism
  -2.000    7.750   output external delay
            7.750   data required time
-----------------------------------------------------------
            7.750   data required time
           -3.631   data arrival time
-----------------------------------------------------------
            4.119   slack (MET)


NAMED-PATH-END
NAMED-PATH-BEGIN d_rsp_error_to_d_req_valid
Startpoint: d_rsp_error (input port clocked by clk)
Endpoint: d_req_valid (output port clocked by clk)
Path Group: clk
Path Type: max

   Delay     Time   Description
-----------------------------------------------------------
   0.000    0.000   clock clk (rise edge)
   0.000    0.000   clock network delay (propagated)
   2.000    2.000 v input external delay
   0.003    2.003 v d_rsp_error (in)
   0.092    2.096 v input2/X (sky130_fd_sc_hd__clkbuf_1)
   0.110    2.206 v wire2731/X (sky130_fd_sc_hd__buf_6)
   0.135    2.341 v _07421_/Y (sky130_fd_sc_hd__nand2b_2)
   0.094    2.435 v _07422_/X (sky130_fd_sc_hd__o211a_2)
   0.260    2.695 ^ _07424_/Y (sky130_fd_sc_hd__o21ai_2)
   0.311    3.006 ^ fanout670/X (sky130_fd_sc_hd__dlygate4sd1_1)
   0.068    3.074 v _07435_/Y (sky130_fd_sc_hd__nand3b_2)
   0.103    3.176 ^ _07436_/Y (sky130_fd_sc_hd__inv_4)
   0.199    3.375 ^ _07437_/X (sky130_fd_sc_hd__and4_4)
   0.104    3.479 ^ output109/X (sky130_fd_sc_hd__buf_8)
   0.002    3.481 ^ d_req_valid (out)
            3.481   data arrival time

  10.000   10.000   clock clk (rise edge)
   0.000   10.000   clock network delay (propagated)
  -0.250    9.750   clock uncertainty
   0.000    9.750   clock reconvergence pessimism
  -2.000    7.750   output external delay
            7.750   data required time
-----------------------------------------------------------
            7.750   data required time
           -3.481   data arrival time
-----------------------------------------------------------
            4.269   slack (MET)


NAMED-PATH-END
