Copyright 1986-2022 Xilinx, Inc. All Rights Reserved. Copyright 2022-2025 Advanced Micro Devices, Inc. All Rights Reserved.
---------------------------------------------------------------------------------------------------------------------------------------------
| Tool Version : Vivado v.2025.1 (lin64) Build 6140274 Wed May 21 22:58:25 MDT 2025
| Date         : Thu Oct  1 05:01:44 2026
| Host         : gondor running 64-bit Ubuntu 24.04.5 LTS
| Command      : report_timing_summary -max_paths 10 -file /home/elfo/Documents/Aster/build/timing/fpga/aster/timing_summary.rpt
| Design       : timing_aster
| Device       : 7z020-clg400
| Speed File   : -1  PRODUCTION 1.12 2019-11-22
| Design State : Routed
---------------------------------------------------------------------------------------------------------------------------------------------

Timing Summary Report

------------------------------------------------------------------------------------------------
| Timer Settings
| --------------
------------------------------------------------------------------------------------------------

  Enable Multi Corner Analysis               :  Yes
  Enable Pessimism Removal                   :  Yes
  Pessimism Removal Resolution               :  Nearest Common Node
  Enable Input Delay Default Clock           :  No
  Enable Preset / Clear Arcs                 :  No
  Disable Flight Delays                      :  No
  Ignore I/O Paths                           :  No
  Timing Early Launch at Borrowing Latches   :  No
  Borrow Time for Max Delay Exceptions       :  Yes
  Merge Timing Exceptions                    :  Yes
  Inter-SLR Compensation                     :  Conservative

  Corner  Analyze    Analyze    
  Name    Max Paths  Min Paths  
  ------  ---------  ---------  
  Slow    Yes        Yes        
  Fast    Yes        Yes        


------------------------------------------------------------------------------------------------
| Report Methodology
| ------------------
------------------------------------------------------------------------------------------------

No report available as report_methodology has not been run prior. Run report_methodology on the current design for the summary of methodology violations.



check_timing report

Table of Contents
-----------------
1. checking no_clock (0)
2. checking constant_clock (0)
3. checking pulse_width_clock (0)
4. checking unconstrained_internal_endpoints (0)
5. checking no_input_delay (71)
6. checking no_output_delay (102)
7. checking multiple_clock (0)
8. checking generated_clocks (0)
9. checking loops (0)
10. checking partial_input_delay (0)
11. checking partial_output_delay (0)
12. checking latch_loops (0)

1. checking no_clock (0)
------------------------
 There are 0 register/latch pins with no clock.


2. checking constant_clock (0)
------------------------------
 There are 0 register/latch pins with constant_clock.


3. checking pulse_width_clock (0)
---------------------------------
 There are 0 register/latch pins which need pulse_width check


4. checking unconstrained_internal_endpoints (0)
------------------------------------------------
 There are 0 pins that are not constrained for maximum delay.

 There are 0 pins that are not constrained for maximum delay due to constant clock.


5. checking no_input_delay (71)
-------------------------------
 There are 71 input ports with no input delay specified. (HIGH)

 There are 0 input ports with no input delay but user has a false path constraint.


6. checking no_output_delay (102)
---------------------------------
 There are 102 ports with no output delay specified. (HIGH)

 There are 0 ports with no output delay but user has a false path constraint

 There are 0 ports with no output delay but with a timing clock defined on it or propagating through it


7. checking multiple_clock (0)
------------------------------
 There are 0 register/latch pins with multiple clocks.


8. checking generated_clocks (0)
--------------------------------
 There are 0 generated clocks that are not connected to a clock source.


9. checking loops (0)
---------------------
 There are 0 combinational loops in the design.


10. checking partial_input_delay (0)
------------------------------------
 There are 0 input ports with partial input delay specified.


11. checking partial_output_delay (0)
-------------------------------------
 There are 0 ports with partial output delay specified.


12. checking latch_loops (0)
----------------------------
 There are 0 combinational latch loops in the design through latch input



------------------------------------------------------------------------------------------------
| Design Timing Summary
| ---------------------
------------------------------------------------------------------------------------------------

    WNS(ns)      TNS(ns)  TNS Failing Endpoints  TNS Total Endpoints      WHS(ns)      THS(ns)  THS Failing Endpoints  THS Total Endpoints     WPWS(ns)     TPWS(ns)  TPWS Failing Endpoints  TPWS Total Endpoints  
    -------      -------  ---------------------  -------------------      -------      -------  ---------------------  -------------------     --------     --------  ----------------------  --------------------  
      1.300        0.000                      0                 2179        0.110        0.000                      0                 2179        3.750        0.000                       0                   757  


All user specified timing constraints are met.


------------------------------------------------------------------------------------------------
| Clock Summary
| -------------
------------------------------------------------------------------------------------------------

Clock  Waveform(ns)       Period(ns)      Frequency(MHz)
-----  ------------       ----------      --------------
clk    {0.000 5.000}      10.000          100.000         


------------------------------------------------------------------------------------------------
| Intra Clock Table
| -----------------
------------------------------------------------------------------------------------------------

Clock             WNS(ns)      TNS(ns)  TNS Failing Endpoints  TNS Total Endpoints      WHS(ns)      THS(ns)  THS Failing Endpoints  THS Total Endpoints     WPWS(ns)     TPWS(ns)  TPWS Failing Endpoints  TPWS Total Endpoints  
-----             -------      -------  ---------------------  -------------------      -------      -------  ---------------------  -------------------     --------     --------  ----------------------  --------------------  
clk                 1.300        0.000                      0                 2179        0.110        0.000                      0                 2179        3.750        0.000                       0                   757  


------------------------------------------------------------------------------------------------
| Inter Clock Table
| -----------------
------------------------------------------------------------------------------------------------

From Clock    To Clock          WNS(ns)      TNS(ns)  TNS Failing Endpoints  TNS Total Endpoints      WHS(ns)      THS(ns)  THS Failing Endpoints  THS Total Endpoints  
----------    --------          -------      -------  ---------------------  -------------------      -------      -------  ---------------------  -------------------  


------------------------------------------------------------------------------------------------
| Other Path Groups Table
| -----------------------
------------------------------------------------------------------------------------------------

Path Group    From Clock    To Clock          WNS(ns)      TNS(ns)  TNS Failing Endpoints  TNS Total Endpoints      WHS(ns)      THS(ns)  THS Failing Endpoints  THS Total Endpoints  
----------    ----------    --------          -------      -------  ---------------------  -------------------      -------      -------  ---------------------  -------------------  


------------------------------------------------------------------------------------------------
| Timing Details
| --------------
------------------------------------------------------------------------------------------------


---------------------------------------------------------------------------------------------------
From Clock:  clk
  To Clock:  clk

Setup :            0  Failing Endpoints,  Worst Slack        1.300ns,  Total Violation        0.000ns
Hold  :            0  Failing Endpoints,  Worst Slack        0.110ns,  Total Violation        0.000ns
PW    :            0  Failing Endpoints,  Worst Slack        3.750ns,  Total Violation        0.000ns
---------------------------------------------------------------------------------------------------


Max Delay Paths
--------------------------------------------------------------------------------------
Slack (MET) :             1.300ns  (required time - arrival time)
  Source:                 core/d_insn_reg[27]/C
                            (rising edge-triggered cell FDRE clocked by clk  {rise@0.000ns fall@5.000ns period=10.000ns})
  Destination:            core/d_target_reg[29]/CE
                            (rising edge-triggered cell FDRE clocked by clk  {rise@0.000ns fall@5.000ns period=10.000ns})
  Path Group:             clk
  Path Type:              Setup (Max at Slow Process Corner)
  Requirement:            10.000ns  (clk rise@10.000ns - clk rise@0.000ns)
  Data Path Delay:        8.208ns  (logic 1.589ns (19.360%)  route 6.619ns (80.640%))
  Logic Levels:           7  (LUT2=1 LUT3=1 LUT5=1 LUT6=4)
  Clock Path Skew:        -0.049ns (DCD - SCD + CPR)
    Destination Clock Delay (DCD):    0.924ns = ( 10.924 - 10.000 ) 
    Source Clock Delay      (SCD):    0.973ns
    Clock Pessimism Removal (CPR):    0.000ns
  Clock Uncertainty:      0.035ns  ((TSJ^2 + TIJ^2)^1/2 + DJ) / 2 + PE
    Total System Jitter     (TSJ):    0.071ns
    Total Input Jitter      (TIJ):    0.000ns
    Discrete Jitter          (DJ):    0.000ns
    Phase Error              (PE):    0.000ns

    Location             Delay type                Incr(ns)  Path(ns)    Netlist Resource(s)
  -------------------------------------------------------------------    -------------------
                         (clock clk rise edge)        0.000     0.000 r  
                                                      0.000     0.000 r  clk (IN)
                         net (fo=756, unset)          0.973     0.973    core/clk
    SLICE_X65Y36         FDRE                                         r  core/d_insn_reg[27]/C
  -------------------------------------------------------------------    -------------------
    SLICE_X65Y36         FDRE (Prop_fdre_C_Q)         0.456     1.429 r  core/d_insn_reg[27]/Q
                         net (fo=5, routed)           1.459     2.888    core/fetch/e_dec[alu_op][2]_i_3[12]
    SLICE_X51Y35         LUT3 (Prop_lut3_I2_O)        0.152     3.040 f  core/fetch/e_dec[alu_op][0]_i_7/O
                         net (fo=1, routed)           0.812     3.852    core/fetch/e_dec[alu_op][0]_i_7_n_0
    SLICE_X51Y35         LUT5 (Prop_lut5_I3_O)        0.332     4.184 f  core/fetch/e_dec[alu_op][0]_i_4/O
                         net (fo=3, routed)           0.510     4.694    core/fetch/d1
    SLICE_X51Y33         LUT6 (Prop_lut6_I3_O)        0.124     4.818 r  core/fetch/e_dec[uses_rs2]_i_4/O
                         net (fo=3, routed)           0.309     5.127    core/fetch/d_insn_reg[2]
    SLICE_X52Y33         LUT6 (Prop_lut6_I2_O)        0.124     5.251 f  core/fetch/e_dec[uses_rs1]_i_1/O
                         net (fo=3, routed)           1.189     6.440    core/fetch/p_79_in
    SLICE_X73Y34         LUT6 (Prop_lut6_I2_O)        0.124     6.564 r  core/fetch/d_valid_i_3/O
                         net (fo=14, routed)          0.481     7.044    core/d_free
    SLICE_X76Y36         LUT6 (Prop_lut6_I0_O)        0.124     7.168 r  core/d_insn[31]_i_3/O
                         net (fo=4, routed)           0.591     7.760    core/d_redirected16_out
    SLICE_X78Y36         LUT2 (Prop_lut2_I1_O)        0.153     7.913 r  core/d_insn[31]_i_1/O
                         net (fo=92, routed)          1.268     9.181    core/d_pc
    SLICE_X80Y50         FDRE                                         r  core/d_target_reg[29]/CE
  -------------------------------------------------------------------    -------------------

                         (clock clk rise edge)       10.000    10.000 r  
                                                      0.000    10.000 r  clk (IN)
                         net (fo=756, unset)          0.924    10.924    core/clk
    SLICE_X80Y50         FDRE                                         r  core/d_target_reg[29]/C
                         clock pessimism              0.000    10.924    
                         clock uncertainty           -0.035    10.889    
    SLICE_X80Y50         FDRE (Setup_fdre_C_CE)      -0.408    10.481    core/d_target_reg[29]
  -------------------------------------------------------------------
                         required time                         10.481    
                         arrival time                          -9.181    
  -------------------------------------------------------------------
                         slack                                  1.300    

Slack (MET) :             1.300ns  (required time - arrival time)
  Source:                 core/d_insn_reg[27]/C
                            (rising edge-triggered cell FDRE clocked by clk  {rise@0.000ns fall@5.000ns period=10.000ns})
  Destination:            core/d_target_reg[30]/CE
                            (rising edge-triggered cell FDRE clocked by clk  {rise@0.000ns fall@5.000ns period=10.000ns})
  Path Group:             clk
  Path Type:              Setup (Max at Slow Process Corner)
  Requirement:            10.000ns  (clk rise@10.000ns - clk rise@0.000ns)
  Data Path Delay:        8.208ns  (logic 1.589ns (19.360%)  route 6.619ns (80.640%))
  Logic Levels:           7  (LUT2=1 LUT3=1 LUT5=1 LUT6=4)
  Clock Path Skew:        -0.049ns (DCD - SCD + CPR)
    Destination Clock Delay (DCD):    0.924ns = ( 10.924 - 10.000 ) 
    Source Clock Delay      (SCD):    0.973ns
    Clock Pessimism Removal (CPR):    0.000ns
  Clock Uncertainty:      0.035ns  ((TSJ^2 + TIJ^2)^1/2 + DJ) / 2 + PE
    Total System Jitter     (TSJ):    0.071ns
    Total Input Jitter      (TIJ):    0.000ns
    Discrete Jitter          (DJ):    0.000ns
    Phase Error              (PE):    0.000ns

    Location             Delay type                Incr(ns)  Path(ns)    Netlist Resource(s)
  -------------------------------------------------------------------    -------------------
                         (clock clk rise edge)        0.000     0.000 r  
                                                      0.000     0.000 r  clk (IN)
                         net (fo=756, unset)          0.973     0.973    core/clk
    SLICE_X65Y36         FDRE                                         r  core/d_insn_reg[27]/C
  -------------------------------------------------------------------    -------------------
    SLICE_X65Y36         FDRE (Prop_fdre_C_Q)         0.456     1.429 r  core/d_insn_reg[27]/Q
                         net (fo=5, routed)           1.459     2.888    core/fetch/e_dec[alu_op][2]_i_3[12]
    SLICE_X51Y35         LUT3 (Prop_lut3_I2_O)        0.152     3.040 f  core/fetch/e_dec[alu_op][0]_i_7/O
                         net (fo=1, routed)           0.812     3.852    core/fetch/e_dec[alu_op][0]_i_7_n_0
    SLICE_X51Y35         LUT5 (Prop_lut5_I3_O)        0.332     4.184 f  core/fetch/e_dec[alu_op][0]_i_4/O
                         net (fo=3, routed)           0.510     4.694    core/fetch/d1
    SLICE_X51Y33         LUT6 (Prop_lut6_I3_O)        0.124     4.818 r  core/fetch/e_dec[uses_rs2]_i_4/O
                         net (fo=3, routed)           0.309     5.127    core/fetch/d_insn_reg[2]
    SLICE_X52Y33         LUT6 (Prop_lut6_I2_O)        0.124     5.251 f  core/fetch/e_dec[uses_rs1]_i_1/O
                         net (fo=3, routed)           1.189     6.440    core/fetch/p_79_in
    SLICE_X73Y34         LUT6 (Prop_lut6_I2_O)        0.124     6.564 r  core/fetch/d_valid_i_3/O
                         net (fo=14, routed)          0.481     7.044    core/d_free
    SLICE_X76Y36         LUT6 (Prop_lut6_I0_O)        0.124     7.168 r  core/d_insn[31]_i_3/O
                         net (fo=4, routed)           0.591     7.760    core/d_redirected16_out
    SLICE_X78Y36         LUT2 (Prop_lut2_I1_O)        0.153     7.913 r  core/d_insn[31]_i_1/O
                         net (fo=92, routed)          1.268     9.181    core/d_pc
    SLICE_X80Y50         FDRE                                         r  core/d_target_reg[30]/CE
  -------------------------------------------------------------------    -------------------

                         (clock clk rise edge)       10.000    10.000 r  
                                                      0.000    10.000 r  clk (IN)
                         net (fo=756, unset)          0.924    10.924    core/clk
    SLICE_X80Y50         FDRE                                         r  core/d_target_reg[30]/C
                         clock pessimism              0.000    10.924    
                         clock uncertainty           -0.035    10.889    
    SLICE_X80Y50         FDRE (Setup_fdre_C_CE)      -0.408    10.481    core/d_target_reg[30]
  -------------------------------------------------------------------
                         required time                         10.481    
                         arrival time                          -9.181    
  -------------------------------------------------------------------
                         slack                                  1.300    

Slack (MET) :             1.300ns  (required time - arrival time)
  Source:                 core/d_insn_reg[27]/C
                            (rising edge-triggered cell FDRE clocked by clk  {rise@0.000ns fall@5.000ns period=10.000ns})
  Destination:            core/d_target_reg[31]/CE
                            (rising edge-triggered cell FDRE clocked by clk  {rise@0.000ns fall@5.000ns period=10.000ns})
  Path Group:             clk
  Path Type:              Setup (Max at Slow Process Corner)
  Requirement:            10.000ns  (clk rise@10.000ns - clk rise@0.000ns)
  Data Path Delay:        8.208ns  (logic 1.589ns (19.360%)  route 6.619ns (80.640%))
  Logic Levels:           7  (LUT2=1 LUT3=1 LUT5=1 LUT6=4)
  Clock Path Skew:        -0.049ns (DCD - SCD + CPR)
    Destination Clock Delay (DCD):    0.924ns = ( 10.924 - 10.000 ) 
    Source Clock Delay      (SCD):    0.973ns
    Clock Pessimism Removal (CPR):    0.000ns
  Clock Uncertainty:      0.035ns  ((TSJ^2 + TIJ^2)^1/2 + DJ) / 2 + PE
    Total System Jitter     (TSJ):    0.071ns
    Total Input Jitter      (TIJ):    0.000ns
    Discrete Jitter          (DJ):    0.000ns
    Phase Error              (PE):    0.000ns

    Location             Delay type                Incr(ns)  Path(ns)    Netlist Resource(s)
  -------------------------------------------------------------------    -------------------
                         (clock clk rise edge)        0.000     0.000 r  
                                                      0.000     0.000 r  clk (IN)
                         net (fo=756, unset)          0.973     0.973    core/clk
    SLICE_X65Y36         FDRE                                         r  core/d_insn_reg[27]/C
  -------------------------------------------------------------------    -------------------
    SLICE_X65Y36         FDRE (Prop_fdre_C_Q)         0.456     1.429 r  core/d_insn_reg[27]/Q
                         net (fo=5, routed)           1.459     2.888    core/fetch/e_dec[alu_op][2]_i_3[12]
    SLICE_X51Y35         LUT3 (Prop_lut3_I2_O)        0.152     3.040 f  core/fetch/e_dec[alu_op][0]_i_7/O
                         net (fo=1, routed)           0.812     3.852    core/fetch/e_dec[alu_op][0]_i_7_n_0
    SLICE_X51Y35         LUT5 (Prop_lut5_I3_O)        0.332     4.184 f  core/fetch/e_dec[alu_op][0]_i_4/O
                         net (fo=3, routed)           0.510     4.694    core/fetch/d1
    SLICE_X51Y33         LUT6 (Prop_lut6_I3_O)        0.124     4.818 r  core/fetch/e_dec[uses_rs2]_i_4/O
                         net (fo=3, routed)           0.309     5.127    core/fetch/d_insn_reg[2]
    SLICE_X52Y33         LUT6 (Prop_lut6_I2_O)        0.124     5.251 f  core/fetch/e_dec[uses_rs1]_i_1/O
                         net (fo=3, routed)           1.189     6.440    core/fetch/p_79_in
    SLICE_X73Y34         LUT6 (Prop_lut6_I2_O)        0.124     6.564 r  core/fetch/d_valid_i_3/O
                         net (fo=14, routed)          0.481     7.044    core/d_free
    SLICE_X76Y36         LUT6 (Prop_lut6_I0_O)        0.124     7.168 r  core/d_insn[31]_i_3/O
                         net (fo=4, routed)           0.591     7.760    core/d_redirected16_out
    SLICE_X78Y36         LUT2 (Prop_lut2_I1_O)        0.153     7.913 r  core/d_insn[31]_i_1/O
                         net (fo=92, routed)          1.268     9.181    core/d_pc
    SLICE_X80Y50         FDRE                                         r  core/d_target_reg[31]/CE
  -------------------------------------------------------------------    -------------------

                         (clock clk rise edge)       10.000    10.000 r  
                                                      0.000    10.000 r  clk (IN)
                         net (fo=756, unset)          0.924    10.924    core/clk
    SLICE_X80Y50         FDRE                                         r  core/d_target_reg[31]/C
                         clock pessimism              0.000    10.924    
                         clock uncertainty           -0.035    10.889    
    SLICE_X80Y50         FDRE (Setup_fdre_C_CE)      -0.408    10.481    core/d_target_reg[31]
  -------------------------------------------------------------------
                         required time                         10.481    
                         arrival time                          -9.181    
  -------------------------------------------------------------------
                         slack                                  1.300    

Slack (MET) :             1.324ns  (required time - arrival time)
  Source:                 core/d_insn_reg[27]/C
                            (rising edge-triggered cell FDRE clocked by clk  {rise@0.000ns fall@5.000ns period=10.000ns})
  Destination:            core/d_pc_reg[29]/CE
                            (rising edge-triggered cell FDRE clocked by clk  {rise@0.000ns fall@5.000ns period=10.000ns})
  Path Group:             clk
  Path Type:              Setup (Max at Slow Process Corner)
  Requirement:            10.000ns  (clk rise@10.000ns - clk rise@0.000ns)
  Data Path Delay:        8.184ns  (logic 1.589ns (19.416%)  route 6.595ns (80.584%))
  Logic Levels:           7  (LUT2=1 LUT3=1 LUT5=1 LUT6=4)
  Clock Path Skew:        -0.049ns (DCD - SCD + CPR)
    Destination Clock Delay (DCD):    0.924ns = ( 10.924 - 10.000 ) 
    Source Clock Delay      (SCD):    0.973ns
    Clock Pessimism Removal (CPR):    0.000ns
  Clock Uncertainty:      0.035ns  ((TSJ^2 + TIJ^2)^1/2 + DJ) / 2 + PE
    Total System Jitter     (TSJ):    0.071ns
    Total Input Jitter      (TIJ):    0.000ns
    Discrete Jitter          (DJ):    0.000ns
    Phase Error              (PE):    0.000ns

    Location             Delay type                Incr(ns)  Path(ns)    Netlist Resource(s)
  -------------------------------------------------------------------    -------------------
                         (clock clk rise edge)        0.000     0.000 r  
                                                      0.000     0.000 r  clk (IN)
                         net (fo=756, unset)          0.973     0.973    core/clk
    SLICE_X65Y36         FDRE                                         r  core/d_insn_reg[27]/C
  -------------------------------------------------------------------    -------------------
    SLICE_X65Y36         FDRE (Prop_fdre_C_Q)         0.456     1.429 r  core/d_insn_reg[27]/Q
                         net (fo=5, routed)           1.459     2.888    core/fetch/e_dec[alu_op][2]_i_3[12]
    SLICE_X51Y35         LUT3 (Prop_lut3_I2_O)        0.152     3.040 f  core/fetch/e_dec[alu_op][0]_i_7/O
                         net (fo=1, routed)           0.812     3.852    core/fetch/e_dec[alu_op][0]_i_7_n_0
    SLICE_X51Y35         LUT5 (Prop_lut5_I3_O)        0.332     4.184 f  core/fetch/e_dec[alu_op][0]_i_4/O
                         net (fo=3, routed)           0.510     4.694    core/fetch/d1
    SLICE_X51Y33         LUT6 (Prop_lut6_I3_O)        0.124     4.818 r  core/fetch/e_dec[uses_rs2]_i_4/O
                         net (fo=3, routed)           0.309     5.127    core/fetch/d_insn_reg[2]
    SLICE_X52Y33         LUT6 (Prop_lut6_I2_O)        0.124     5.251 f  core/fetch/e_dec[uses_rs1]_i_1/O
                         net (fo=3, routed)           1.189     6.440    core/fetch/p_79_in
    SLICE_X73Y34         LUT6 (Prop_lut6_I2_O)        0.124     6.564 r  core/fetch/d_valid_i_3/O
                         net (fo=14, routed)          0.481     7.044    core/d_free
    SLICE_X76Y36         LUT6 (Prop_lut6_I0_O)        0.124     7.168 r  core/d_insn[31]_i_3/O
                         net (fo=4, routed)           0.591     7.760    core/d_redirected16_out
    SLICE_X78Y36         LUT2 (Prop_lut2_I1_O)        0.153     7.913 r  core/d_insn[31]_i_1/O
                         net (fo=92, routed)          1.244     9.157    core/d_pc
    SLICE_X67Y49         FDRE                                         r  core/d_pc_reg[29]/CE
  -------------------------------------------------------------------    -------------------

                         (clock clk rise edge)       10.000    10.000 r  
                                                      0.000    10.000 r  clk (IN)
                         net (fo=756, unset)          0.924    10.924    core/clk
    SLICE_X67Y49         FDRE                                         r  core/d_pc_reg[29]/C
                         clock pessimism              0.000    10.924    
                         clock uncertainty           -0.035    10.889    
    SLICE_X67Y49         FDRE (Setup_fdre_C_CE)      -0.408    10.481    core/d_pc_reg[29]
  -------------------------------------------------------------------
                         required time                         10.481    
                         arrival time                          -9.157    
  -------------------------------------------------------------------
                         slack                                  1.324    

Slack (MET) :             1.324ns  (required time - arrival time)
  Source:                 core/d_insn_reg[27]/C
                            (rising edge-triggered cell FDRE clocked by clk  {rise@0.000ns fall@5.000ns period=10.000ns})
  Destination:            core/d_pc_reg[30]/CE
                            (rising edge-triggered cell FDRE clocked by clk  {rise@0.000ns fall@5.000ns period=10.000ns})
  Path Group:             clk
  Path Type:              Setup (Max at Slow Process Corner)
  Requirement:            10.000ns  (clk rise@10.000ns - clk rise@0.000ns)
  Data Path Delay:        8.184ns  (logic 1.589ns (19.416%)  route 6.595ns (80.584%))
  Logic Levels:           7  (LUT2=1 LUT3=1 LUT5=1 LUT6=4)
  Clock Path Skew:        -0.049ns (DCD - SCD + CPR)
    Destination Clock Delay (DCD):    0.924ns = ( 10.924 - 10.000 ) 
    Source Clock Delay      (SCD):    0.973ns
    Clock Pessimism Removal (CPR):    0.000ns
  Clock Uncertainty:      0.035ns  ((TSJ^2 + TIJ^2)^1/2 + DJ) / 2 + PE
    Total System Jitter     (TSJ):    0.071ns
    Total Input Jitter      (TIJ):    0.000ns
    Discrete Jitter          (DJ):    0.000ns
    Phase Error              (PE):    0.000ns

    Location             Delay type                Incr(ns)  Path(ns)    Netlist Resource(s)
  -------------------------------------------------------------------    -------------------
                         (clock clk rise edge)        0.000     0.000 r  
                                                      0.000     0.000 r  clk (IN)
                         net (fo=756, unset)          0.973     0.973    core/clk
    SLICE_X65Y36         FDRE                                         r  core/d_insn_reg[27]/C
  -------------------------------------------------------------------    -------------------
    SLICE_X65Y36         FDRE (Prop_fdre_C_Q)         0.456     1.429 r  core/d_insn_reg[27]/Q
                         net (fo=5, routed)           1.459     2.888    core/fetch/e_dec[alu_op][2]_i_3[12]
    SLICE_X51Y35         LUT3 (Prop_lut3_I2_O)        0.152     3.040 f  core/fetch/e_dec[alu_op][0]_i_7/O
                         net (fo=1, routed)           0.812     3.852    core/fetch/e_dec[alu_op][0]_i_7_n_0
    SLICE_X51Y35         LUT5 (Prop_lut5_I3_O)        0.332     4.184 f  core/fetch/e_dec[alu_op][0]_i_4/O
                         net (fo=3, routed)           0.510     4.694    core/fetch/d1
    SLICE_X51Y33         LUT6 (Prop_lut6_I3_O)        0.124     4.818 r  core/fetch/e_dec[uses_rs2]_i_4/O
                         net (fo=3, routed)           0.309     5.127    core/fetch/d_insn_reg[2]
    SLICE_X52Y33         LUT6 (Prop_lut6_I2_O)        0.124     5.251 f  core/fetch/e_dec[uses_rs1]_i_1/O
                         net (fo=3, routed)           1.189     6.440    core/fetch/p_79_in
    SLICE_X73Y34         LUT6 (Prop_lut6_I2_O)        0.124     6.564 r  core/fetch/d_valid_i_3/O
                         net (fo=14, routed)          0.481     7.044    core/d_free
    SLICE_X76Y36         LUT6 (Prop_lut6_I0_O)        0.124     7.168 r  core/d_insn[31]_i_3/O
                         net (fo=4, routed)           0.591     7.760    core/d_redirected16_out
    SLICE_X78Y36         LUT2 (Prop_lut2_I1_O)        0.153     7.913 r  core/d_insn[31]_i_1/O
                         net (fo=92, routed)          1.244     9.157    core/d_pc
    SLICE_X67Y49         FDRE                                         r  core/d_pc_reg[30]/CE
  -------------------------------------------------------------------    -------------------

                         (clock clk rise edge)       10.000    10.000 r  
                                                      0.000    10.000 r  clk (IN)
                         net (fo=756, unset)          0.924    10.924    core/clk
    SLICE_X67Y49         FDRE                                         r  core/d_pc_reg[30]/C
                         clock pessimism              0.000    10.924    
                         clock uncertainty           -0.035    10.889    
    SLICE_X67Y49         FDRE (Setup_fdre_C_CE)      -0.408    10.481    core/d_pc_reg[30]
  -------------------------------------------------------------------
                         required time                         10.481    
                         arrival time                          -9.157    
  -------------------------------------------------------------------
                         slack                                  1.324    

Slack (MET) :             1.324ns  (required time - arrival time)
  Source:                 core/d_insn_reg[27]/C
                            (rising edge-triggered cell FDRE clocked by clk  {rise@0.000ns fall@5.000ns period=10.000ns})
  Destination:            core/d_pc_reg[31]/CE
                            (rising edge-triggered cell FDRE clocked by clk  {rise@0.000ns fall@5.000ns period=10.000ns})
  Path Group:             clk
  Path Type:              Setup (Max at Slow Process Corner)
  Requirement:            10.000ns  (clk rise@10.000ns - clk rise@0.000ns)
  Data Path Delay:        8.184ns  (logic 1.589ns (19.416%)  route 6.595ns (80.584%))
  Logic Levels:           7  (LUT2=1 LUT3=1 LUT5=1 LUT6=4)
  Clock Path Skew:        -0.049ns (DCD - SCD + CPR)
    Destination Clock Delay (DCD):    0.924ns = ( 10.924 - 10.000 ) 
    Source Clock Delay      (SCD):    0.973ns
    Clock Pessimism Removal (CPR):    0.000ns
  Clock Uncertainty:      0.035ns  ((TSJ^2 + TIJ^2)^1/2 + DJ) / 2 + PE
    Total System Jitter     (TSJ):    0.071ns
    Total Input Jitter      (TIJ):    0.000ns
    Discrete Jitter          (DJ):    0.000ns
    Phase Error              (PE):    0.000ns

    Location             Delay type                Incr(ns)  Path(ns)    Netlist Resource(s)
  -------------------------------------------------------------------    -------------------
                         (clock clk rise edge)        0.000     0.000 r  
                                                      0.000     0.000 r  clk (IN)
                         net (fo=756, unset)          0.973     0.973    core/clk
    SLICE_X65Y36         FDRE                                         r  core/d_insn_reg[27]/C
  -------------------------------------------------------------------    -------------------
    SLICE_X65Y36         FDRE (Prop_fdre_C_Q)         0.456     1.429 r  core/d_insn_reg[27]/Q
                         net (fo=5, routed)           1.459     2.888    core/fetch/e_dec[alu_op][2]_i_3[12]
    SLICE_X51Y35         LUT3 (Prop_lut3_I2_O)        0.152     3.040 f  core/fetch/e_dec[alu_op][0]_i_7/O
                         net (fo=1, routed)           0.812     3.852    core/fetch/e_dec[alu_op][0]_i_7_n_0
    SLICE_X51Y35         LUT5 (Prop_lut5_I3_O)        0.332     4.184 f  core/fetch/e_dec[alu_op][0]_i_4/O
                         net (fo=3, routed)           0.510     4.694    core/fetch/d1
    SLICE_X51Y33         LUT6 (Prop_lut6_I3_O)        0.124     4.818 r  core/fetch/e_dec[uses_rs2]_i_4/O
                         net (fo=3, routed)           0.309     5.127    core/fetch/d_insn_reg[2]
    SLICE_X52Y33         LUT6 (Prop_lut6_I2_O)        0.124     5.251 f  core/fetch/e_dec[uses_rs1]_i_1/O
                         net (fo=3, routed)           1.189     6.440    core/fetch/p_79_in
    SLICE_X73Y34         LUT6 (Prop_lut6_I2_O)        0.124     6.564 r  core/fetch/d_valid_i_3/O
                         net (fo=14, routed)          0.481     7.044    core/d_free
    SLICE_X76Y36         LUT6 (Prop_lut6_I0_O)        0.124     7.168 r  core/d_insn[31]_i_3/O
                         net (fo=4, routed)           0.591     7.760    core/d_redirected16_out
    SLICE_X78Y36         LUT2 (Prop_lut2_I1_O)        0.153     7.913 r  core/d_insn[31]_i_1/O
                         net (fo=92, routed)          1.244     9.157    core/d_pc
    SLICE_X67Y49         FDRE                                         r  core/d_pc_reg[31]/CE
  -------------------------------------------------------------------    -------------------

                         (clock clk rise edge)       10.000    10.000 r  
                                                      0.000    10.000 r  clk (IN)
                         net (fo=756, unset)          0.924    10.924    core/clk
    SLICE_X67Y49         FDRE                                         r  core/d_pc_reg[31]/C
                         clock pessimism              0.000    10.924    
                         clock uncertainty           -0.035    10.889    
    SLICE_X67Y49         FDRE (Setup_fdre_C_CE)      -0.408    10.481    core/d_pc_reg[31]
  -------------------------------------------------------------------
                         required time                         10.481    
                         arrival time                          -9.157    
  -------------------------------------------------------------------
                         slack                                  1.324    

Slack (MET) :             1.368ns  (required time - arrival time)
  Source:                 core/d_insn_reg[27]/C
                            (rising edge-triggered cell FDRE clocked by clk  {rise@0.000ns fall@5.000ns period=10.000ns})
  Destination:            core/d_pc_reg[24]/CE
                            (rising edge-triggered cell FDRE clocked by clk  {rise@0.000ns fall@5.000ns period=10.000ns})
  Path Group:             clk
  Path Type:              Setup (Max at Slow Process Corner)
  Requirement:            10.000ns  (clk rise@10.000ns - clk rise@0.000ns)
  Data Path Delay:        8.140ns  (logic 1.589ns (19.521%)  route 6.551ns (80.479%))
  Logic Levels:           7  (LUT2=1 LUT3=1 LUT5=1 LUT6=4)
  Clock Path Skew:        -0.049ns (DCD - SCD + CPR)
    Destination Clock Delay (DCD):    0.924ns = ( 10.924 - 10.000 ) 
    Source Clock Delay      (SCD):    0.973ns
    Clock Pessimism Removal (CPR):    0.000ns
  Clock Uncertainty:      0.035ns  ((TSJ^2 + TIJ^2)^1/2 + DJ) / 2 + PE
    Total System Jitter     (TSJ):    0.071ns
    Total Input Jitter      (TIJ):    0.000ns
    Discrete Jitter          (DJ):    0.000ns
    Phase Error              (PE):    0.000ns

    Location             Delay type                Incr(ns)  Path(ns)    Netlist Resource(s)
  -------------------------------------------------------------------    -------------------
                         (clock clk rise edge)        0.000     0.000 r  
                                                      0.000     0.000 r  clk (IN)
                         net (fo=756, unset)          0.973     0.973    core/clk
    SLICE_X65Y36         FDRE                                         r  core/d_insn_reg[27]/C
  -------------------------------------------------------------------    -------------------
    SLICE_X65Y36         FDRE (Prop_fdre_C_Q)         0.456     1.429 r  core/d_insn_reg[27]/Q
                         net (fo=5, routed)           1.459     2.888    core/fetch/e_dec[alu_op][2]_i_3[12]
    SLICE_X51Y35         LUT3 (Prop_lut3_I2_O)        0.152     3.040 f  core/fetch/e_dec[alu_op][0]_i_7/O
                         net (fo=1, routed)           0.812     3.852    core/fetch/e_dec[alu_op][0]_i_7_n_0
    SLICE_X51Y35         LUT5 (Prop_lut5_I3_O)        0.332     4.184 f  core/fetch/e_dec[alu_op][0]_i_4/O
                         net (fo=3, routed)           0.510     4.694    core/fetch/d1
    SLICE_X51Y33         LUT6 (Prop_lut6_I3_O)        0.124     4.818 r  core/fetch/e_dec[uses_rs2]_i_4/O
                         net (fo=3, routed)           0.309     5.127    core/fetch/d_insn_reg[2]
    SLICE_X52Y33         LUT6 (Prop_lut6_I2_O)        0.124     5.251 f  core/fetch/e_dec[uses_rs1]_i_1/O
                         net (fo=3, routed)           1.189     6.440    core/fetch/p_79_in
    SLICE_X73Y34         LUT6 (Prop_lut6_I2_O)        0.124     6.564 r  core/fetch/d_valid_i_3/O
                         net (fo=14, routed)          0.481     7.044    core/d_free
    SLICE_X76Y36         LUT6 (Prop_lut6_I0_O)        0.124     7.168 r  core/d_insn[31]_i_3/O
                         net (fo=4, routed)           0.591     7.760    core/d_redirected16_out
    SLICE_X78Y36         LUT2 (Prop_lut2_I1_O)        0.153     7.913 r  core/d_insn[31]_i_1/O
                         net (fo=92, routed)          1.200     9.113    core/d_pc
    SLICE_X65Y49         FDRE                                         r  core/d_pc_reg[24]/CE
  -------------------------------------------------------------------    -------------------

                         (clock clk rise edge)       10.000    10.000 r  
                                                      0.000    10.000 r  clk (IN)
                         net (fo=756, unset)          0.924    10.924    core/clk
    SLICE_X65Y49         FDRE                                         r  core/d_pc_reg[24]/C
                         clock pessimism              0.000    10.924    
                         clock uncertainty           -0.035    10.889    
    SLICE_X65Y49         FDRE (Setup_fdre_C_CE)      -0.408    10.481    core/d_pc_reg[24]
  -------------------------------------------------------------------
                         required time                         10.481    
                         arrival time                          -9.113    
  -------------------------------------------------------------------
                         slack                                  1.368    

Slack (MET) :             1.368ns  (required time - arrival time)
  Source:                 core/d_insn_reg[27]/C
                            (rising edge-triggered cell FDRE clocked by clk  {rise@0.000ns fall@5.000ns period=10.000ns})
  Destination:            core/d_pc_reg[25]/CE
                            (rising edge-triggered cell FDRE clocked by clk  {rise@0.000ns fall@5.000ns period=10.000ns})
  Path Group:             clk
  Path Type:              Setup (Max at Slow Process Corner)
  Requirement:            10.000ns  (clk rise@10.000ns - clk rise@0.000ns)
  Data Path Delay:        8.140ns  (logic 1.589ns (19.521%)  route 6.551ns (80.479%))
  Logic Levels:           7  (LUT2=1 LUT3=1 LUT5=1 LUT6=4)
  Clock Path Skew:        -0.049ns (DCD - SCD + CPR)
    Destination Clock Delay (DCD):    0.924ns = ( 10.924 - 10.000 ) 
    Source Clock Delay      (SCD):    0.973ns
    Clock Pessimism Removal (CPR):    0.000ns
  Clock Uncertainty:      0.035ns  ((TSJ^2 + TIJ^2)^1/2 + DJ) / 2 + PE
    Total System Jitter     (TSJ):    0.071ns
    Total Input Jitter      (TIJ):    0.000ns
    Discrete Jitter          (DJ):    0.000ns
    Phase Error              (PE):    0.000ns

    Location             Delay type                Incr(ns)  Path(ns)    Netlist Resource(s)
  -------------------------------------------------------------------    -------------------
                         (clock clk rise edge)        0.000     0.000 r  
                                                      0.000     0.000 r  clk (IN)
                         net (fo=756, unset)          0.973     0.973    core/clk
    SLICE_X65Y36         FDRE                                         r  core/d_insn_reg[27]/C
  -------------------------------------------------------------------    -------------------
    SLICE_X65Y36         FDRE (Prop_fdre_C_Q)         0.456     1.429 r  core/d_insn_reg[27]/Q
                         net (fo=5, routed)           1.459     2.888    core/fetch/e_dec[alu_op][2]_i_3[12]
    SLICE_X51Y35         LUT3 (Prop_lut3_I2_O)        0.152     3.040 f  core/fetch/e_dec[alu_op][0]_i_7/O
                         net (fo=1, routed)           0.812     3.852    core/fetch/e_dec[alu_op][0]_i_7_n_0
    SLICE_X51Y35         LUT5 (Prop_lut5_I3_O)        0.332     4.184 f  core/fetch/e_dec[alu_op][0]_i_4/O
                         net (fo=3, routed)           0.510     4.694    core/fetch/d1
    SLICE_X51Y33         LUT6 (Prop_lut6_I3_O)        0.124     4.818 r  core/fetch/e_dec[uses_rs2]_i_4/O
                         net (fo=3, routed)           0.309     5.127    core/fetch/d_insn_reg[2]
    SLICE_X52Y33         LUT6 (Prop_lut6_I2_O)        0.124     5.251 f  core/fetch/e_dec[uses_rs1]_i_1/O
                         net (fo=3, routed)           1.189     6.440    core/fetch/p_79_in
    SLICE_X73Y34         LUT6 (Prop_lut6_I2_O)        0.124     6.564 r  core/fetch/d_valid_i_3/O
                         net (fo=14, routed)          0.481     7.044    core/d_free
    SLICE_X76Y36         LUT6 (Prop_lut6_I0_O)        0.124     7.168 r  core/d_insn[31]_i_3/O
                         net (fo=4, routed)           0.591     7.760    core/d_redirected16_out
    SLICE_X78Y36         LUT2 (Prop_lut2_I1_O)        0.153     7.913 r  core/d_insn[31]_i_1/O
                         net (fo=92, routed)          1.200     9.113    core/d_pc
    SLICE_X65Y49         FDRE                                         r  core/d_pc_reg[25]/CE
  -------------------------------------------------------------------    -------------------

                         (clock clk rise edge)       10.000    10.000 r  
                                                      0.000    10.000 r  clk (IN)
                         net (fo=756, unset)          0.924    10.924    core/clk
    SLICE_X65Y49         FDRE                                         r  core/d_pc_reg[25]/C
                         clock pessimism              0.000    10.924    
                         clock uncertainty           -0.035    10.889    
    SLICE_X65Y49         FDRE (Setup_fdre_C_CE)      -0.408    10.481    core/d_pc_reg[25]
  -------------------------------------------------------------------
                         required time                         10.481    
                         arrival time                          -9.113    
  -------------------------------------------------------------------
                         slack                                  1.368    

Slack (MET) :             1.368ns  (required time - arrival time)
  Source:                 core/d_insn_reg[27]/C
                            (rising edge-triggered cell FDRE clocked by clk  {rise@0.000ns fall@5.000ns period=10.000ns})
  Destination:            core/d_pc_reg[26]/CE
                            (rising edge-triggered cell FDRE clocked by clk  {rise@0.000ns fall@5.000ns period=10.000ns})
  Path Group:             clk
  Path Type:              Setup (Max at Slow Process Corner)
  Requirement:            10.000ns  (clk rise@10.000ns - clk rise@0.000ns)
  Data Path Delay:        8.140ns  (logic 1.589ns (19.521%)  route 6.551ns (80.479%))
  Logic Levels:           7  (LUT2=1 LUT3=1 LUT5=1 LUT6=4)
  Clock Path Skew:        -0.049ns (DCD - SCD + CPR)
    Destination Clock Delay (DCD):    0.924ns = ( 10.924 - 10.000 ) 
    Source Clock Delay      (SCD):    0.973ns
    Clock Pessimism Removal (CPR):    0.000ns
  Clock Uncertainty:      0.035ns  ((TSJ^2 + TIJ^2)^1/2 + DJ) / 2 + PE
    Total System Jitter     (TSJ):    0.071ns
    Total Input Jitter      (TIJ):    0.000ns
    Discrete Jitter          (DJ):    0.000ns
    Phase Error              (PE):    0.000ns

    Location             Delay type                Incr(ns)  Path(ns)    Netlist Resource(s)
  -------------------------------------------------------------------    -------------------
                         (clock clk rise edge)        0.000     0.000 r  
                                                      0.000     0.000 r  clk (IN)
                         net (fo=756, unset)          0.973     0.973    core/clk
    SLICE_X65Y36         FDRE                                         r  core/d_insn_reg[27]/C
  -------------------------------------------------------------------    -------------------
    SLICE_X65Y36         FDRE (Prop_fdre_C_Q)         0.456     1.429 r  core/d_insn_reg[27]/Q
                         net (fo=5, routed)           1.459     2.888    core/fetch/e_dec[alu_op][2]_i_3[12]
    SLICE_X51Y35         LUT3 (Prop_lut3_I2_O)        0.152     3.040 f  core/fetch/e_dec[alu_op][0]_i_7/O
                         net (fo=1, routed)           0.812     3.852    core/fetch/e_dec[alu_op][0]_i_7_n_0
    SLICE_X51Y35         LUT5 (Prop_lut5_I3_O)        0.332     4.184 f  core/fetch/e_dec[alu_op][0]_i_4/O
                         net (fo=3, routed)           0.510     4.694    core/fetch/d1
    SLICE_X51Y33         LUT6 (Prop_lut6_I3_O)        0.124     4.818 r  core/fetch/e_dec[uses_rs2]_i_4/O
                         net (fo=3, routed)           0.309     5.127    core/fetch/d_insn_reg[2]
    SLICE_X52Y33         LUT6 (Prop_lut6_I2_O)        0.124     5.251 f  core/fetch/e_dec[uses_rs1]_i_1/O
                         net (fo=3, routed)           1.189     6.440    core/fetch/p_79_in
    SLICE_X73Y34         LUT6 (Prop_lut6_I2_O)        0.124     6.564 r  core/fetch/d_valid_i_3/O
                         net (fo=14, routed)          0.481     7.044    core/d_free
    SLICE_X76Y36         LUT6 (Prop_lut6_I0_O)        0.124     7.168 r  core/d_insn[31]_i_3/O
                         net (fo=4, routed)           0.591     7.760    core/d_redirected16_out
    SLICE_X78Y36         LUT2 (Prop_lut2_I1_O)        0.153     7.913 r  core/d_insn[31]_i_1/O
                         net (fo=92, routed)          1.200     9.113    core/d_pc
    SLICE_X65Y49         FDRE                                         r  core/d_pc_reg[26]/CE
  -------------------------------------------------------------------    -------------------

                         (clock clk rise edge)       10.000    10.000 r  
                                                      0.000    10.000 r  clk (IN)
                         net (fo=756, unset)          0.924    10.924    core/clk
    SLICE_X65Y49         FDRE                                         r  core/d_pc_reg[26]/C
                         clock pessimism              0.000    10.924    
                         clock uncertainty           -0.035    10.889    
    SLICE_X65Y49         FDRE (Setup_fdre_C_CE)      -0.408    10.481    core/d_pc_reg[26]
  -------------------------------------------------------------------
                         required time                         10.481    
                         arrival time                          -9.113    
  -------------------------------------------------------------------
                         slack                                  1.368    

Slack (MET) :             1.368ns  (required time - arrival time)
  Source:                 core/d_insn_reg[27]/C
                            (rising edge-triggered cell FDRE clocked by clk  {rise@0.000ns fall@5.000ns period=10.000ns})
  Destination:            core/d_pc_reg[27]/CE
                            (rising edge-triggered cell FDRE clocked by clk  {rise@0.000ns fall@5.000ns period=10.000ns})
  Path Group:             clk
  Path Type:              Setup (Max at Slow Process Corner)
  Requirement:            10.000ns  (clk rise@10.000ns - clk rise@0.000ns)
  Data Path Delay:        8.140ns  (logic 1.589ns (19.521%)  route 6.551ns (80.479%))
  Logic Levels:           7  (LUT2=1 LUT3=1 LUT5=1 LUT6=4)
  Clock Path Skew:        -0.049ns (DCD - SCD + CPR)
    Destination Clock Delay (DCD):    0.924ns = ( 10.924 - 10.000 ) 
    Source Clock Delay      (SCD):    0.973ns
    Clock Pessimism Removal (CPR):    0.000ns
  Clock Uncertainty:      0.035ns  ((TSJ^2 + TIJ^2)^1/2 + DJ) / 2 + PE
    Total System Jitter     (TSJ):    0.071ns
    Total Input Jitter      (TIJ):    0.000ns
    Discrete Jitter          (DJ):    0.000ns
    Phase Error              (PE):    0.000ns

    Location             Delay type                Incr(ns)  Path(ns)    Netlist Resource(s)
  -------------------------------------------------------------------    -------------------
                         (clock clk rise edge)        0.000     0.000 r  
                                                      0.000     0.000 r  clk (IN)
                         net (fo=756, unset)          0.973     0.973    core/clk
    SLICE_X65Y36         FDRE                                         r  core/d_insn_reg[27]/C
  -------------------------------------------------------------------    -------------------
    SLICE_X65Y36         FDRE (Prop_fdre_C_Q)         0.456     1.429 r  core/d_insn_reg[27]/Q
                         net (fo=5, routed)           1.459     2.888    core/fetch/e_dec[alu_op][2]_i_3[12]
    SLICE_X51Y35         LUT3 (Prop_lut3_I2_O)        0.152     3.040 f  core/fetch/e_dec[alu_op][0]_i_7/O
                         net (fo=1, routed)           0.812     3.852    core/fetch/e_dec[alu_op][0]_i_7_n_0
    SLICE_X51Y35         LUT5 (Prop_lut5_I3_O)        0.332     4.184 f  core/fetch/e_dec[alu_op][0]_i_4/O
                         net (fo=3, routed)           0.510     4.694    core/fetch/d1
    SLICE_X51Y33         LUT6 (Prop_lut6_I3_O)        0.124     4.818 r  core/fetch/e_dec[uses_rs2]_i_4/O
                         net (fo=3, routed)           0.309     5.127    core/fetch/d_insn_reg[2]
    SLICE_X52Y33         LUT6 (Prop_lut6_I2_O)        0.124     5.251 f  core/fetch/e_dec[uses_rs1]_i_1/O
                         net (fo=3, routed)           1.189     6.440    core/fetch/p_79_in
    SLICE_X73Y34         LUT6 (Prop_lut6_I2_O)        0.124     6.564 r  core/fetch/d_valid_i_3/O
                         net (fo=14, routed)          0.481     7.044    core/d_free
    SLICE_X76Y36         LUT6 (Prop_lut6_I0_O)        0.124     7.168 r  core/d_insn[31]_i_3/O
                         net (fo=4, routed)           0.591     7.760    core/d_redirected16_out
    SLICE_X78Y36         LUT2 (Prop_lut2_I1_O)        0.153     7.913 r  core/d_insn[31]_i_1/O
                         net (fo=92, routed)          1.200     9.113    core/d_pc
    SLICE_X65Y49         FDRE                                         r  core/d_pc_reg[27]/CE
  -------------------------------------------------------------------    -------------------

                         (clock clk rise edge)       10.000    10.000 r  
                                                      0.000    10.000 r  clk (IN)
                         net (fo=756, unset)          0.924    10.924    core/clk
    SLICE_X65Y49         FDRE                                         r  core/d_pc_reg[27]/C
                         clock pessimism              0.000    10.924    
                         clock uncertainty           -0.035    10.889    
    SLICE_X65Y49         FDRE (Setup_fdre_C_CE)      -0.408    10.481    core/d_pc_reg[27]
  -------------------------------------------------------------------
                         required time                         10.481    
                         arrival time                          -9.113    
  -------------------------------------------------------------------
                         slack                                  1.368    





Min Delay Paths
--------------------------------------------------------------------------------------
Slack (MET) :             0.110ns  (arrival time - required time)
  Source:                 core/fetch/rsp_pc_reg[2]/C
                            (rising edge-triggered cell FDRE clocked by clk  {rise@0.000ns fall@5.000ns period=10.000ns})
  Destination:            core/fetch/buf_pc_reg_0_3_0_5/RAMA/I
                            (rising edge-triggered cell RAMD32 clocked by clk  {rise@0.000ns fall@5.000ns period=10.000ns})
  Path Group:             clk
  Path Type:              Hold (Min at Fast Process Corner)
  Requirement:            0.000ns  (clk rise@0.000ns - clk rise@0.000ns)
  Data Path Delay:        0.278ns  (logic 0.141ns (50.651%)  route 0.137ns (49.349%))
  Logic Levels:           0  
  Clock Path Skew:        0.022ns (DCD - SCD - CPR)
    Destination Clock Delay (DCD):    0.432ns
    Source Clock Delay      (SCD):    0.410ns
    Clock Pessimism Removal (CPR):    -0.000ns

    Location             Delay type                Incr(ns)  Path(ns)    Netlist Resource(s)
  -------------------------------------------------------------------    -------------------
                         (clock clk rise edge)        0.000     0.000 r  
                                                      0.000     0.000 r  clk (IN)
                         net (fo=756, unset)          0.410     0.410    core/fetch/clk
    SLICE_X81Y43         FDRE                                         r  core/fetch/rsp_pc_reg[2]/C
  -------------------------------------------------------------------    -------------------
    SLICE_X81Y43         FDRE (Prop_fdre_C_Q)         0.141     0.551 r  core/fetch/rsp_pc_reg[2]/Q
                         net (fo=4, routed)           0.137     0.689    core/fetch/buf_pc_reg_0_3_0_5/DIA0
    SLICE_X82Y44         RAMD32                                       r  core/fetch/buf_pc_reg_0_3_0_5/RAMA/I
  -------------------------------------------------------------------    -------------------

                         (clock clk rise edge)        0.000     0.000 r  
                                                      0.000     0.000 r  clk (IN)
                         net (fo=756, unset)          0.432     0.432    core/fetch/buf_pc_reg_0_3_0_5/WCLK
    SLICE_X82Y44         RAMD32                                       r  core/fetch/buf_pc_reg_0_3_0_5/RAMA/CLK
                         clock pessimism              0.000     0.432    
    SLICE_X82Y44         RAMD32 (Hold_ramd32_CLK_I)
                                                      0.147     0.579    core/fetch/buf_pc_reg_0_3_0_5/RAMA
  -------------------------------------------------------------------
                         required time                         -0.579    
                         arrival time                           0.689    
  -------------------------------------------------------------------
                         slack                                  0.110    

Slack (MET) :             0.132ns  (arrival time - required time)
  Source:                 core/w_reg[result][22]/C
                            (rising edge-triggered cell FDRE clocked by clk  {rise@0.000ns fall@5.000ns period=10.000ns})
  Destination:            core/rf_reg_r2_0_31_18_23/RAMC/I
                            (rising edge-triggered cell RAMD32 clocked by clk  {rise@0.000ns fall@5.000ns period=10.000ns})
  Path Group:             clk
  Path Type:              Hold (Min at Fast Process Corner)
  Requirement:            0.000ns  (clk rise@0.000ns - clk rise@0.000ns)
  Data Path Delay:        0.298ns  (logic 0.141ns (47.360%)  route 0.157ns (52.640%))
  Logic Levels:           0  
  Clock Path Skew:        0.022ns (DCD - SCD - CPR)
    Destination Clock Delay (DCD):    0.432ns
    Source Clock Delay      (SCD):    0.410ns
    Clock Pessimism Removal (CPR):    -0.000ns

    Location             Delay type                Incr(ns)  Path(ns)    Netlist Resource(s)
  -------------------------------------------------------------------    -------------------
                         (clock clk rise edge)        0.000     0.000 r  
                                                      0.000     0.000 r  clk (IN)
                         net (fo=756, unset)          0.410     0.410    core/clk
    SLICE_X71Y43         FDRE                                         r  core/w_reg[result][22]/C
  -------------------------------------------------------------------    -------------------
    SLICE_X71Y43         FDRE (Prop_fdre_C_Q)         0.141     0.551 r  core/w_reg[result][22]/Q
                         net (fo=7, routed)           0.157     0.708    core/rf_reg_r2_0_31_18_23/DIC0
    SLICE_X66Y43         RAMD32                                       r  core/rf_reg_r2_0_31_18_23/RAMC/I
  -------------------------------------------------------------------    -------------------

                         (clock clk rise edge)        0.000     0.000 r  
                                                      0.000     0.000 r  clk (IN)
                         net (fo=756, unset)          0.432     0.432    core/rf_reg_r2_0_31_18_23/WCLK
    SLICE_X66Y43         RAMD32                                       r  core/rf_reg_r2_0_31_18_23/RAMC/CLK
                         clock pessimism              0.000     0.432    
    SLICE_X66Y43         RAMD32 (Hold_ramd32_CLK_I)
                                                      0.144     0.576    core/rf_reg_r2_0_31_18_23/RAMC
  -------------------------------------------------------------------
                         required time                         -0.576    
                         arrival time                           0.708    
  -------------------------------------------------------------------
                         slack                                  0.132    

Slack (MET) :             0.141ns  (arrival time - required time)
  Source:                 core/w_reg[result][26]/C
                            (rising edge-triggered cell FDRE clocked by clk  {rise@0.000ns fall@5.000ns period=10.000ns})
  Destination:            core/rf_reg_r2_0_31_24_29/RAMB/I
                            (rising edge-triggered cell RAMD32 clocked by clk  {rise@0.000ns fall@5.000ns period=10.000ns})
  Path Group:             clk
  Path Type:              Hold (Min at Fast Process Corner)
  Requirement:            0.000ns  (clk rise@0.000ns - clk rise@0.000ns)
  Data Path Delay:        0.308ns  (logic 0.164ns (53.210%)  route 0.144ns (46.790%))
  Logic Levels:           0  
  Clock Path Skew:        0.022ns (DCD - SCD - CPR)
    Destination Clock Delay (DCD):    0.432ns
    Source Clock Delay      (SCD):    0.410ns
    Clock Pessimism Removal (CPR):    -0.000ns

    Location             Delay type                Incr(ns)  Path(ns)    Netlist Resource(s)
  -------------------------------------------------------------------    -------------------
                         (clock clk rise edge)        0.000     0.000 r  
                                                      0.000     0.000 r  clk (IN)
                         net (fo=756, unset)          0.410     0.410    core/clk
    SLICE_X66Y47         FDRE                                         r  core/w_reg[result][26]/C
  -------------------------------------------------------------------    -------------------
    SLICE_X66Y47         FDRE (Prop_fdre_C_Q)         0.164     0.574 r  core/w_reg[result][26]/Q
                         net (fo=7, routed)           0.144     0.718    core/rf_reg_r2_0_31_24_29/DIB0
    SLICE_X66Y46         RAMD32                                       r  core/rf_reg_r2_0_31_24_29/RAMB/I
  -------------------------------------------------------------------    -------------------

                         (clock clk rise edge)        0.000     0.000 r  
                                                      0.000     0.000 r  clk (IN)
                         net (fo=756, unset)          0.432     0.432    core/rf_reg_r2_0_31_24_29/WCLK
    SLICE_X66Y46         RAMD32                                       r  core/rf_reg_r2_0_31_24_29/RAMB/CLK
                         clock pessimism              0.000     0.432    
    SLICE_X66Y46         RAMD32 (Hold_ramd32_CLK_I)
                                                      0.146     0.578    core/rf_reg_r2_0_31_24_29/RAMB
  -------------------------------------------------------------------
                         required time                         -0.578    
                         arrival time                           0.718    
  -------------------------------------------------------------------
                         slack                                  0.141    

Slack (MET) :             0.142ns  (arrival time - required time)
  Source:                 core/m1_reg[rdata][14]/C
                            (rising edge-triggered cell FDRE clocked by clk  {rise@0.000ns fall@5.000ns period=10.000ns})
  Destination:            core/m2_reg[rdata][14]/D
                            (rising edge-triggered cell FDRE clocked by clk  {rise@0.000ns fall@5.000ns period=10.000ns})
  Path Group:             clk
  Path Type:              Hold (Min at Fast Process Corner)
  Requirement:            0.000ns  (clk rise@0.000ns - clk rise@0.000ns)
  Data Path Delay:        0.284ns  (logic 0.186ns (65.492%)  route 0.098ns (34.508%))
  Logic Levels:           1  (LUT6=1)
  Clock Path Skew:        0.022ns (DCD - SCD - CPR)
    Destination Clock Delay (DCD):    0.432ns
    Source Clock Delay      (SCD):    0.410ns
    Clock Pessimism Removal (CPR):    -0.000ns

    Location             Delay type                Incr(ns)  Path(ns)    Netlist Resource(s)
  -------------------------------------------------------------------    -------------------
                         (clock clk rise edge)        0.000     0.000 r  
                                                      0.000     0.000 r  clk (IN)
                         net (fo=756, unset)          0.410     0.410    core/clk
    SLICE_X87Y42         FDRE                                         r  core/m1_reg[rdata][14]/C
  -------------------------------------------------------------------    -------------------
    SLICE_X87Y42         FDRE (Prop_fdre_C_Q)         0.141     0.551 r  core/m1_reg[rdata][14]/Q
                         net (fo=2, routed)           0.098     0.649    core/m1_reg[rdata][14]
    SLICE_X86Y42         LUT6 (Prop_lut6_I2_O)        0.045     0.694 r  core/m2[rdata][14]_i_1/O
                         net (fo=1, routed)           0.000     0.694    core/m2[rdata][14]_i_1_n_0
    SLICE_X86Y42         FDRE                                         r  core/m2_reg[rdata][14]/D
  -------------------------------------------------------------------    -------------------

                         (clock clk rise edge)        0.000     0.000 r  
                                                      0.000     0.000 r  clk (IN)
                         net (fo=756, unset)          0.432     0.432    core/clk
    SLICE_X86Y42         FDRE                                         r  core/m2_reg[rdata][14]/C
                         clock pessimism              0.000     0.432    
    SLICE_X86Y42         FDRE (Hold_fdre_C_D)         0.120     0.552    core/m2_reg[rdata][14]
  -------------------------------------------------------------------
                         required time                         -0.552    
                         arrival time                           0.694    
  -------------------------------------------------------------------
                         slack                                  0.142    

Slack (MET) :             0.148ns  (arrival time - required time)
  Source:                 core/m1_reg[funct3][1]/C
                            (rising edge-triggered cell FDRE clocked by clk  {rise@0.000ns fall@5.000ns period=10.000ns})
  Destination:            core/m2_reg[funct3][1]/D
                            (rising edge-triggered cell FDRE clocked by clk  {rise@0.000ns fall@5.000ns period=10.000ns})
  Path Group:             clk
  Path Type:              Hold (Min at Fast Process Corner)
  Requirement:            0.000ns  (clk rise@0.000ns - clk rise@0.000ns)
  Data Path Delay:        0.227ns  (logic 0.141ns (62.202%)  route 0.086ns (37.798%))
  Logic Levels:           0  
  Clock Path Skew:        0.022ns (DCD - SCD - CPR)
    Destination Clock Delay (DCD):    0.432ns
    Source Clock Delay      (SCD):    0.410ns
    Clock Pessimism Removal (CPR):    -0.000ns

    Location             Delay type                Incr(ns)  Path(ns)    Netlist Resource(s)
  -------------------------------------------------------------------    -------------------
                         (clock clk rise edge)        0.000     0.000 r  
                                                      0.000     0.000 r  clk (IN)
                         net (fo=756, unset)          0.410     0.410    core/clk
    SLICE_X72Y43         FDRE                                         r  core/m1_reg[funct3][1]/C
  -------------------------------------------------------------------    -------------------
    SLICE_X72Y43         FDRE (Prop_fdre_C_Q)         0.141     0.551 r  core/m1_reg[funct3][1]/Q
                         net (fo=1, routed)           0.086     0.637    core/m1_reg[funct3][1]
    SLICE_X73Y43         FDRE                                         r  core/m2_reg[funct3][1]/D
  -------------------------------------------------------------------    -------------------

                         (clock clk rise edge)        0.000     0.000 r  
                                                      0.000     0.000 r  clk (IN)
                         net (fo=756, unset)          0.432     0.432    core/clk
    SLICE_X73Y43         FDRE                                         r  core/m2_reg[funct3][1]/C
                         clock pessimism              0.000     0.432    
    SLICE_X73Y43         FDRE (Hold_fdre_C_D)         0.057     0.489    core/m2_reg[funct3][1]
  -------------------------------------------------------------------
                         required time                         -0.489    
                         arrival time                           0.637    
  -------------------------------------------------------------------
                         slack                                  0.148    

Slack (MET) :             0.149ns  (arrival time - required time)
  Source:                 core/w_reg[rd][3]/C
                            (rising edge-triggered cell FDRE clocked by clk  {rise@0.000ns fall@5.000ns period=10.000ns})
  Destination:            core/rf_reg_r2_0_31_12_17/RAMA/WADR3
                            (rising edge-triggered cell RAMD32 clocked by clk  {rise@0.000ns fall@5.000ns period=10.000ns})
  Path Group:             clk
  Path Type:              Hold (Min at Fast Process Corner)
  Requirement:            0.000ns  (clk rise@0.000ns - clk rise@0.000ns)
  Data Path Delay:        0.411ns  (logic 0.141ns (34.326%)  route 0.270ns (65.674%))
  Logic Levels:           0  
  Clock Path Skew:        0.022ns (DCD - SCD - CPR)
    Destination Clock Delay (DCD):    0.432ns
    Source Clock Delay      (SCD):    0.410ns
    Clock Pessimism Removal (CPR):    -0.000ns

    Location             Delay type                Incr(ns)  Path(ns)    Netlist Resource(s)
  -------------------------------------------------------------------    -------------------
                         (clock clk rise edge)        0.000     0.000 r  
                                                      0.000     0.000 r  clk (IN)
                         net (fo=756, unset)          0.410     0.410    core/clk
    SLICE_X75Y40         FDRE                                         r  core/w_reg[rd][3]/C
  -------------------------------------------------------------------    -------------------
    SLICE_X75Y40         FDRE (Prop_fdre_C_Q)         0.141     0.551 r  core/w_reg[rd][3]/Q
                         net (fo=92, routed)          0.270     0.821    core/rf_reg_r2_0_31_12_17/ADDRD3
    SLICE_X82Y40         RAMD32                                       r  core/rf_reg_r2_0_31_12_17/RAMA/WADR3
  -------------------------------------------------------------------    -------------------

                         (clock clk rise edge)        0.000     0.000 r  
                                                      0.000     0.000 r  clk (IN)
                         net (fo=756, unset)          0.432     0.432    core/rf_reg_r2_0_31_12_17/WCLK
    SLICE_X82Y40         RAMD32                                       r  core/rf_reg_r2_0_31_12_17/RAMA/CLK
                         clock pessimism              0.000     0.432    
    SLICE_X82Y40         RAMD32 (Hold_ramd32_CLK_WADR3)
                                                      0.240     0.672    core/rf_reg_r2_0_31_12_17/RAMA
  -------------------------------------------------------------------
                         required time                         -0.672    
                         arrival time                           0.821    
  -------------------------------------------------------------------
                         slack                                  0.149    

Slack (MET) :             0.149ns  (arrival time - required time)
  Source:                 core/w_reg[rd][3]/C
                            (rising edge-triggered cell FDRE clocked by clk  {rise@0.000ns fall@5.000ns period=10.000ns})
  Destination:            core/rf_reg_r2_0_31_12_17/RAMA_D1/WADR3
                            (rising edge-triggered cell RAMD32 clocked by clk  {rise@0.000ns fall@5.000ns period=10.000ns})
  Path Group:             clk
  Path Type:              Hold (Min at Fast Process Corner)
  Requirement:            0.000ns  (clk rise@0.000ns - clk rise@0.000ns)
  Data Path Delay:        0.411ns  (logic 0.141ns (34.326%)  route 0.270ns (65.674%))
  Logic Levels:           0  
  Clock Path Skew:        0.022ns (DCD - SCD - CPR)
    Destination Clock Delay (DCD):    0.432ns
    Source Clock Delay      (SCD):    0.410ns
    Clock Pessimism Removal (CPR):    -0.000ns

    Location             Delay type                Incr(ns)  Path(ns)    Netlist Resource(s)
  -------------------------------------------------------------------    -------------------
                         (clock clk rise edge)        0.000     0.000 r  
                                                      0.000     0.000 r  clk (IN)
                         net (fo=756, unset)          0.410     0.410    core/clk
    SLICE_X75Y40         FDRE                                         r  core/w_reg[rd][3]/C
  -------------------------------------------------------------------    -------------------
    SLICE_X75Y40         FDRE (Prop_fdre_C_Q)         0.141     0.551 r  core/w_reg[rd][3]/Q
                         net (fo=92, routed)          0.270     0.821    core/rf_reg_r2_0_31_12_17/ADDRD3
    SLICE_X82Y40         RAMD32                                       r  core/rf_reg_r2_0_31_12_17/RAMA_D1/WADR3
  -------------------------------------------------------------------    -------------------

                         (clock clk rise edge)        0.000     0.000 r  
                                                      0.000     0.000 r  clk (IN)
                         net (fo=756, unset)          0.432     0.432    core/rf_reg_r2_0_31_12_17/WCLK
    SLICE_X82Y40         RAMD32                                       r  core/rf_reg_r2_0_31_12_17/RAMA_D1/CLK
                         clock pessimism              0.000     0.432    
    SLICE_X82Y40         RAMD32 (Hold_ramd32_CLK_WADR3)
                                                      0.240     0.672    core/rf_reg_r2_0_31_12_17/RAMA_D1
  -------------------------------------------------------------------
                         required time                         -0.672    
                         arrival time                           0.821    
  -------------------------------------------------------------------
                         slack                                  0.149    

Slack (MET) :             0.149ns  (arrival time - required time)
  Source:                 core/w_reg[rd][3]/C
                            (rising edge-triggered cell FDRE clocked by clk  {rise@0.000ns fall@5.000ns period=10.000ns})
  Destination:            core/rf_reg_r2_0_31_12_17/RAMB/WADR3
                            (rising edge-triggered cell RAMD32 clocked by clk  {rise@0.000ns fall@5.000ns period=10.000ns})
  Path Group:             clk
  Path Type:              Hold (Min at Fast Process Corner)
  Requirement:            0.000ns  (clk rise@0.000ns - clk rise@0.000ns)
  Data Path Delay:        0.411ns  (logic 0.141ns (34.326%)  route 0.270ns (65.674%))
  Logic Levels:           0  
  Clock Path Skew:        0.022ns (DCD - SCD - CPR)
    Destination Clock Delay (DCD):    0.432ns
    Source Clock Delay      (SCD):    0.410ns
    Clock Pessimism Removal (CPR):    -0.000ns

    Location             Delay type                Incr(ns)  Path(ns)    Netlist Resource(s)
  -------------------------------------------------------------------    -------------------
                         (clock clk rise edge)        0.000     0.000 r  
                                                      0.000     0.000 r  clk (IN)
                         net (fo=756, unset)          0.410     0.410    core/clk
    SLICE_X75Y40         FDRE                                         r  core/w_reg[rd][3]/C
  -------------------------------------------------------------------    -------------------
    SLICE_X75Y40         FDRE (Prop_fdre_C_Q)         0.141     0.551 r  core/w_reg[rd][3]/Q
                         net (fo=92, routed)          0.270     0.821    core/rf_reg_r2_0_31_12_17/ADDRD3
    SLICE_X82Y40         RAMD32                                       r  core/rf_reg_r2_0_31_12_17/RAMB/WADR3
  -------------------------------------------------------------------    -------------------

                         (clock clk rise edge)        0.000     0.000 r  
                                                      0.000     0.000 r  clk (IN)
                         net (fo=756, unset)          0.432     0.432    core/rf_reg_r2_0_31_12_17/WCLK
    SLICE_X82Y40         RAMD32                                       r  core/rf_reg_r2_0_31_12_17/RAMB/CLK
                         clock pessimism              0.000     0.432    
    SLICE_X82Y40         RAMD32 (Hold_ramd32_CLK_WADR3)
                                                      0.240     0.672    core/rf_reg_r2_0_31_12_17/RAMB
  -------------------------------------------------------------------
                         required time                         -0.672    
                         arrival time                           0.821    
  -------------------------------------------------------------------
                         slack                                  0.149    

Slack (MET) :             0.149ns  (arrival time - required time)
  Source:                 core/w_reg[rd][3]/C
                            (rising edge-triggered cell FDRE clocked by clk  {rise@0.000ns fall@5.000ns period=10.000ns})
  Destination:            core/rf_reg_r2_0_31_12_17/RAMB_D1/WADR3
                            (rising edge-triggered cell RAMD32 clocked by clk  {rise@0.000ns fall@5.000ns period=10.000ns})
  Path Group:             clk
  Path Type:              Hold (Min at Fast Process Corner)
  Requirement:            0.000ns  (clk rise@0.000ns - clk rise@0.000ns)
  Data Path Delay:        0.411ns  (logic 0.141ns (34.326%)  route 0.270ns (65.674%))
  Logic Levels:           0  
  Clock Path Skew:        0.022ns (DCD - SCD - CPR)
    Destination Clock Delay (DCD):    0.432ns
    Source Clock Delay      (SCD):    0.410ns
    Clock Pessimism Removal (CPR):    -0.000ns

    Location             Delay type                Incr(ns)  Path(ns)    Netlist Resource(s)
  -------------------------------------------------------------------    -------------------
                         (clock clk rise edge)        0.000     0.000 r  
                                                      0.000     0.000 r  clk (IN)
                         net (fo=756, unset)          0.410     0.410    core/clk
    SLICE_X75Y40         FDRE                                         r  core/w_reg[rd][3]/C
  -------------------------------------------------------------------    -------------------
    SLICE_X75Y40         FDRE (Prop_fdre_C_Q)         0.141     0.551 r  core/w_reg[rd][3]/Q
                         net (fo=92, routed)          0.270     0.821    core/rf_reg_r2_0_31_12_17/ADDRD3
    SLICE_X82Y40         RAMD32                                       r  core/rf_reg_r2_0_31_12_17/RAMB_D1/WADR3
  -------------------------------------------------------------------    -------------------

                         (clock clk rise edge)        0.000     0.000 r  
                                                      0.000     0.000 r  clk (IN)
                         net (fo=756, unset)          0.432     0.432    core/rf_reg_r2_0_31_12_17/WCLK
    SLICE_X82Y40         RAMD32                                       r  core/rf_reg_r2_0_31_12_17/RAMB_D1/CLK
                         clock pessimism              0.000     0.432    
    SLICE_X82Y40         RAMD32 (Hold_ramd32_CLK_WADR3)
                                                      0.240     0.672    core/rf_reg_r2_0_31_12_17/RAMB_D1
  -------------------------------------------------------------------
                         required time                         -0.672    
                         arrival time                           0.821    
  -------------------------------------------------------------------
                         slack                                  0.149    

Slack (MET) :             0.149ns  (arrival time - required time)
  Source:                 core/w_reg[rd][3]/C
                            (rising edge-triggered cell FDRE clocked by clk  {rise@0.000ns fall@5.000ns period=10.000ns})
  Destination:            core/rf_reg_r2_0_31_12_17/RAMC/WADR3
                            (rising edge-triggered cell RAMD32 clocked by clk  {rise@0.000ns fall@5.000ns period=10.000ns})
  Path Group:             clk
  Path Type:              Hold (Min at Fast Process Corner)
  Requirement:            0.000ns  (clk rise@0.000ns - clk rise@0.000ns)
  Data Path Delay:        0.411ns  (logic 0.141ns (34.326%)  route 0.270ns (65.674%))
  Logic Levels:           0  
  Clock Path Skew:        0.022ns (DCD - SCD - CPR)
    Destination Clock Delay (DCD):    0.432ns
    Source Clock Delay      (SCD):    0.410ns
    Clock Pessimism Removal (CPR):    -0.000ns

    Location             Delay type                Incr(ns)  Path(ns)    Netlist Resource(s)
  -------------------------------------------------------------------    -------------------
                         (clock clk rise edge)        0.000     0.000 r  
                                                      0.000     0.000 r  clk (IN)
                         net (fo=756, unset)          0.410     0.410    core/clk
    SLICE_X75Y40         FDRE                                         r  core/w_reg[rd][3]/C
  -------------------------------------------------------------------    -------------------
    SLICE_X75Y40         FDRE (Prop_fdre_C_Q)         0.141     0.551 r  core/w_reg[rd][3]/Q
                         net (fo=92, routed)          0.270     0.821    core/rf_reg_r2_0_31_12_17/ADDRD3
    SLICE_X82Y40         RAMD32                                       r  core/rf_reg_r2_0_31_12_17/RAMC/WADR3
  -------------------------------------------------------------------    -------------------

                         (clock clk rise edge)        0.000     0.000 r  
                                                      0.000     0.000 r  clk (IN)
                         net (fo=756, unset)          0.432     0.432    core/rf_reg_r2_0_31_12_17/WCLK
    SLICE_X82Y40         RAMD32                                       r  core/rf_reg_r2_0_31_12_17/RAMC/CLK
                         clock pessimism              0.000     0.432    
    SLICE_X82Y40         RAMD32 (Hold_ramd32_CLK_WADR3)
                                                      0.240     0.672    core/rf_reg_r2_0_31_12_17/RAMC
  -------------------------------------------------------------------
                         required time                         -0.672    
                         arrival time                           0.821    
  -------------------------------------------------------------------
                         slack                                  0.149    





Pulse Width Checks
--------------------------------------------------------------------------------------
Clock Name:         clk
Waveform(ns):       { 0.000 5.000 }
Period(ns):         10.000
Sources:            { clk }

Check Type        Corner  Lib Pin     Reference Pin  Required(ns)  Actual(ns)  Slack(ns)  Location      Pin
Min Period        n/a     FDRE/C      n/a            1.000         10.000      9.000      SLICE_X74Y36  core/d_acc_last_reg/C
Min Period        n/a     FDRE/C      n/a            1.000         10.000      9.000      SLICE_X78Y37  core/d_err_reg/C
Min Period        n/a     FDRE/C      n/a            1.000         10.000      9.000      SLICE_X67Y35  core/d_insn_reg[0]/C
Min Period        n/a     FDRE/C      n/a            1.000         10.000      9.000      SLICE_X75Y39  core/d_insn_reg[10]/C
Min Period        n/a     FDRE/C      n/a            1.000         10.000      9.000      SLICE_X73Y36  core/d_insn_reg[11]/C
Min Period        n/a     FDRE/C      n/a            1.000         10.000      9.000      SLICE_X74Y37  core/d_insn_reg[12]/C
Min Period        n/a     FDRE/C      n/a            1.000         10.000      9.000      SLICE_X73Y36  core/d_insn_reg[13]/C
Min Period        n/a     FDRE/C      n/a            1.000         10.000      9.000      SLICE_X73Y36  core/d_insn_reg[14]/C
Min Period        n/a     FDRE/C      n/a            1.000         10.000      9.000      SLICE_X76Y45  core/d_insn_reg[15]/C
Min Period        n/a     FDRE/C      n/a            1.000         10.000      9.000      SLICE_X81Y45  core/d_insn_reg[16]/C
Low Pulse Width   Slow    RAMD32/CLK  n/a            1.250         5.000       3.750      SLICE_X82Y46  core/fetch/buf_err_reg_0_3_0_0/DP/CLK
Low Pulse Width   Fast    RAMD32/CLK  n/a            1.250         5.000       3.750      SLICE_X82Y46  core/fetch/buf_err_reg_0_3_0_0/DP/CLK
Low Pulse Width   Slow    RAMD32/CLK  n/a            1.250         5.000       3.750      SLICE_X82Y46  core/fetch/buf_err_reg_0_3_0_0/SP/CLK
Low Pulse Width   Fast    RAMD32/CLK  n/a            1.250         5.000       3.750      SLICE_X82Y46  core/fetch/buf_err_reg_0_3_0_0/SP/CLK
Low Pulse Width   Slow    RAMD32/CLK  n/a            1.250         5.000       3.750      SLICE_X66Y36  core/fetch/buf_insn_reg_0_3_0_5/RAMA/CLK
Low Pulse Width   Fast    RAMD32/CLK  n/a            1.250         5.000       3.750      SLICE_X66Y36  core/fetch/buf_insn_reg_0_3_0_5/RAMA/CLK
Low Pulse Width   Slow    RAMD32/CLK  n/a            1.250         5.000       3.750      SLICE_X66Y36  core/fetch/buf_insn_reg_0_3_0_5/RAMA_D1/CLK
Low Pulse Width   Fast    RAMD32/CLK  n/a            1.250         5.000       3.750      SLICE_X66Y36  core/fetch/buf_insn_reg_0_3_0_5/RAMA_D1/CLK
Low Pulse Width   Slow    RAMD32/CLK  n/a            1.250         5.000       3.750      SLICE_X66Y36  core/fetch/buf_insn_reg_0_3_0_5/RAMB/CLK
Low Pulse Width   Fast    RAMD32/CLK  n/a            1.250         5.000       3.750      SLICE_X66Y36  core/fetch/buf_insn_reg_0_3_0_5/RAMB/CLK
High Pulse Width  Slow    RAMD32/CLK  n/a            1.250         5.000       3.750      SLICE_X82Y46  core/fetch/buf_err_reg_0_3_0_0/DP/CLK
High Pulse Width  Fast    RAMD32/CLK  n/a            1.250         5.000       3.750      SLICE_X82Y46  core/fetch/buf_err_reg_0_3_0_0/DP/CLK
High Pulse Width  Slow    RAMD32/CLK  n/a            1.250         5.000       3.750      SLICE_X82Y46  core/fetch/buf_err_reg_0_3_0_0/SP/CLK
High Pulse Width  Fast    RAMD32/CLK  n/a            1.250         5.000       3.750      SLICE_X82Y46  core/fetch/buf_err_reg_0_3_0_0/SP/CLK
High Pulse Width  Slow    RAMD32/CLK  n/a            1.250         5.000       3.750      SLICE_X66Y36  core/fetch/buf_insn_reg_0_3_0_5/RAMA/CLK
High Pulse Width  Fast    RAMD32/CLK  n/a            1.250         5.000       3.750      SLICE_X66Y36  core/fetch/buf_insn_reg_0_3_0_5/RAMA/CLK
High Pulse Width  Slow    RAMD32/CLK  n/a            1.250         5.000       3.750      SLICE_X66Y36  core/fetch/buf_insn_reg_0_3_0_5/RAMA_D1/CLK
High Pulse Width  Fast    RAMD32/CLK  n/a            1.250         5.000       3.750      SLICE_X66Y36  core/fetch/buf_insn_reg_0_3_0_5/RAMA_D1/CLK
High Pulse Width  Slow    RAMD32/CLK  n/a            1.250         5.000       3.750      SLICE_X66Y36  core/fetch/buf_insn_reg_0_3_0_5/RAMB/CLK
High Pulse Width  Fast    RAMD32/CLK  n/a            1.250         5.000       3.750      SLICE_X66Y36  core/fetch/buf_insn_reg_0_3_0_5/RAMB/CLK



