NAMED-PATH-BEGIN d_rsp_valid_to_d_req_valid
Startpoint: d_rsp_valid (input port clocked by clk)
Endpoint: d_req_valid (output port clocked by clk)
Path Group: clk
Path Type: max

   Delay     Time   Description
-----------------------------------------------------------
   0.000    0.000   clock clk (rise edge)
   0.000    0.000   clock network delay (propagated)
   2.000    2.000 ^ input external delay
   0.011    2.011 ^ d_rsp_valid (in)
   0.109    2.120 ^ input35/X (sky130_fd_sc_hd__clkbuf_2)
   0.124    2.244 ^ wire2954/X (sky130_fd_sc_hd__buf_8)
   0.148    2.392 ^ _07986_/Y (sky130_fd_sc_hd__nand2b_4)
   0.170    2.562 v _07989_/X (sky130_fd_sc_hd__and4bb_4)
   0.102    2.664 v load_slew1341/X (sky130_fd_sc_hd__buf_8)
   0.113    2.777 v fanout1339/X (sky130_fd_sc_hd__buf_4)
   0.190    2.968 ^ _07990_/Y (sky130_fd_sc_hd__nor3b_4)
   0.063    3.031 v _07992_/Y (sky130_fd_sc_hd__nand3_2)
   0.175    3.206 ^ _07993_/Y (sky130_fd_sc_hd__nor3_4)
   0.101    3.307 ^ wire243/X (sky130_fd_sc_hd__buf_6)
   0.096    3.403 ^ output109/X (sky130_fd_sc_hd__buf_6)
   0.000    3.403 ^ d_req_valid (out)
            3.403   data arrival time

  10.000   10.000   clock clk (rise edge)
   0.000   10.000   clock network delay (propagated)
  -0.250    9.750   clock uncertainty
   0.000    9.750   clock reconvergence pessimism
  -2.000    7.750   output external delay
            7.750   data required time
-----------------------------------------------------------
            7.750   data required time
           -3.403   data arrival time
-----------------------------------------------------------
            4.347   slack (MET)


NAMED-PATH-END
NAMED-PATH-BEGIN d_rsp_error_to_d_req_valid
Startpoint: d_rsp_error (input port clocked by clk)
Endpoint: d_req_valid (output port clocked by clk)
Path Group: clk
Path Type: max

   Delay     Time   Description
-----------------------------------------------------------
   0.000    0.000   clock clk (rise edge)
   0.000    0.000   clock network delay (propagated)
   2.000    2.000 v input external delay
   0.003    2.003 v d_rsp_error (in)
   0.116    2.119 v input2/X (sky130_fd_sc_hd__buf_2)
   0.153    2.271 v _07977_/Y (sky130_fd_sc_hd__nand2b_2)
   0.093    2.365 v _07978_/X (sky130_fd_sc_hd__o211a_2)
   0.188    2.552 ^ _07980_/Y (sky130_fd_sc_hd__o21ai_2)
   0.112    2.664 ^ load_slew732/X (sky130_fd_sc_hd__buf_6)
   0.058    2.722 v _07992_/Y (sky130_fd_sc_hd__nand3_2)
   0.175    2.897 ^ _07993_/Y (sky130_fd_sc_hd__nor3_4)
   0.101    2.998 ^ wire243/X (sky130_fd_sc_hd__buf_6)
   0.096    3.094 ^ output109/X (sky130_fd_sc_hd__buf_6)
   0.000    3.095 ^ d_req_valid (out)
            3.095   data arrival time

  10.000   10.000   clock clk (rise edge)
   0.000   10.000   clock network delay (propagated)
  -0.250    9.750   clock uncertainty
   0.000    9.750   clock reconvergence pessimism
  -2.000    7.750   output external delay
            7.750   data required time
-----------------------------------------------------------
            7.750   data required time
           -3.095   data arrival time
-----------------------------------------------------------
            4.655   slack (MET)


NAMED-PATH-END
