NAMED-PATH-BEGIN d_rsp_valid_to_d_req_valid
Startpoint: d_rsp_valid (input port clocked by clk)
Endpoint: d_req_valid (output port clocked by clk)
Path Group: clk
Path Type: max

   Delay     Time   Description
-----------------------------------------------------------
   0.000    0.000   clock clk (rise edge)
   0.000    0.000   clock network delay (propagated)
   2.000    2.000 ^ input external delay
   0.018    2.018 ^ d_rsp_valid (in)
   0.496    2.514 ^ input35/X (sky130_fd_sc_hd__buf_2)
   0.625    3.139 ^ fanout1862/X (sky130_fd_sc_hd__buf_2)
   0.694    3.833 v _07762_/X (sky130_fd_sc_hd__and4bb_2)
   0.469    4.302 v fanout1026/X (sky130_fd_sc_hd__buf_4)
   0.477    4.780 v fanout1010/X (sky130_fd_sc_hd__clkbuf_4)
   0.314    5.093 ^ _07765_/Y (sky130_fd_sc_hd__nand2_4)
   0.664    5.757 ^ _07770_/X (sky130_fd_sc_hd__and3_4)
   0.363    6.120 ^ fanout435/X (sky130_fd_sc_hd__buf_12)
   0.736    6.856 ^ _07771_/X (sky130_fd_sc_hd__and4_4)
   0.448    7.304 ^ output109/X (sky130_fd_sc_hd__clkbuf_4)
   0.002    7.306 ^ d_req_valid (out)
            7.306   data arrival time

  10.000   10.000   clock clk (rise edge)
   0.000   10.000   clock network delay (propagated)
  -0.250    9.750   clock uncertainty
   0.000    9.750   clock reconvergence pessimism
  -2.000    7.750   output external delay
            7.750   data required time
-----------------------------------------------------------
            7.750   data required time
           -7.306   data arrival time
-----------------------------------------------------------
            0.444   slack (MET)


NAMED-PATH-END
NAMED-PATH-BEGIN d_rsp_error_to_d_req_valid
Startpoint: d_rsp_error (input port clocked by clk)
Endpoint: d_req_valid (output port clocked by clk)
Path Group: clk
Path Type: max

   Delay     Time   Description
-----------------------------------------------------------
   0.000    0.000   clock clk (rise edge)
   0.000    0.000   clock network delay (propagated)
   2.000    2.000 v input external delay
   0.011    2.011 v d_rsp_error (in)
   0.419    2.430 v input2/X (sky130_fd_sc_hd__buf_2)
   0.531    2.960 v _07756_/Y (sky130_fd_sc_hd__nand2b_2)
   0.317    3.278 v _07757_/X (sky130_fd_sc_hd__o211a_2)
   0.501    3.779 ^ _07760_/Y (sky130_fd_sc_hd__o21ai_2)
   0.495    4.273 ^ fanout591/X (sky130_fd_sc_hd__buf_8)
   0.653    4.927 ^ _07770_/X (sky130_fd_sc_hd__and3_4)
   0.363    5.290 ^ fanout435/X (sky130_fd_sc_hd__buf_12)
   0.736    6.026 ^ _07771_/X (sky130_fd_sc_hd__and4_4)
   0.448    6.474 ^ output109/X (sky130_fd_sc_hd__clkbuf_4)
   0.002    6.476 ^ d_req_valid (out)
            6.476   data arrival time

  10.000   10.000   clock clk (rise edge)
   0.000   10.000   clock network delay (propagated)
  -0.250    9.750   clock uncertainty
   0.000    9.750   clock reconvergence pessimism
  -2.000    7.750   output external delay
            7.750   data required time
-----------------------------------------------------------
            7.750   data required time
           -6.476   data arrival time
-----------------------------------------------------------
            1.274   slack (MET)


NAMED-PATH-END
