mkdir -p /tmp/aster-phase8-dot8-regressions-0dce16b/build/linux-e1-h1-c1/linux_dot8_e1_h1_l11_baud781250
mkdir -p /tmp/aster-phase8-dot8-regressions-0dce16b/build/linux-e1-h1-c1/software
verilator --cc --exe --build --timing --Wall -DRISCV_FORMAL --Wno-DECLFILENAME --Wno-GENUNNAMED --Wno-UNUSEDSIGNAL --Wno-BLKSEQ --unroll-count 2048 --unroll-stmts 100000 \
	--assert -DASTER_COHERENCE_ASSERT -DASTER_DOT8_ASSERT --public-flat-rw \
	--top-module aster_pynq_linux -GHART_COUNT=1 "-GENABLE_COHERENCE=1'b1" \
	"-GCOHERENT_L1=1'b1" "-GENABLE_DMA=1'b1" "-GENABLE_DOT8=1'b1" \
	-GCLK_HZ=31250000 -GBAUD=781250 -GRX_DEPTH=128 \
	-CFLAGS '-DASTER_HART_COUNT=1 -DASTER_L1=1 -DASTER_DOT8=1' \
	--Mdir /tmp/aster-phase8-dot8-regressions-0dce16b/build/linux-e1-h1-c1/linux_dot8_e1_h1_l11_baud781250/obj -o /tmp/aster-phase8-dot8-regressions-0dce16b/build/linux-e1-h1-c1/linux_dot8_e1_h1_l11_baud781250/aster_linux_dot8_sim \
	/tmp/aster-phase8-regression-source-Fb8Fft/rtl/cache/aster_coherent_cache.sv /tmp/aster-phase8-regression-source-Fb8Fft/rtl/cache/aster_l1_cache.sv /tmp/aster-phase8-regression-source-Fb8Fft/rtl/core/aster_atomic_hart.sv /tmp/aster-phase8-regression-source-Fb8Fft/rtl/core/aster_hart.sv /tmp/aster-phase8-regression-source-Fb8Fft/rtl/core/aster_pcpi_atomic.sv /tmp/aster-phase8-regression-source-Fb8Fft/rtl/core/aster_pcpi_dot8.sv /tmp/aster-phase8-regression-source-Fb8Fft/rtl/core/aster_picorv32.sv /tmp/aster-phase8-regression-source-Fb8Fft/rtl/dma/aster_dma_engine.sv /tmp/aster-phase8-regression-source-Fb8Fft/rtl/interconnect/aster_arbiter2.sv /tmp/aster-phase8-regression-source-Fb8Fft/rtl/interconnect/aster_atomic_fabric.sv /tmp/aster-phase8-regression-source-Fb8Fft/rtl/interconnect/aster_dma_arbiter.sv /tmp/aster-phase8-regression-source-Fb8Fft/rtl/memory/aster_ram.sv /tmp/aster-phase8-regression-source-Fb8Fft/rtl/memory/aster_rom.sv /tmp/aster-phase8-regression-source-Fb8Fft/rtl/peripherals/aster_coherent_perf.sv /tmp/aster-phase8-regression-source-Fb8Fft/rtl/peripherals/aster_dma_perf.sv /tmp/aster-phase8-regression-source-Fb8Fft/rtl/peripherals/aster_dot8_perf.sv /tmp/aster-phase8-regression-source-Fb8Fft/rtl/peripherals/aster_perf_counters.sv /tmp/aster-phase8-regression-source-Fb8Fft/rtl/peripherals/aster_uart.sv /tmp/aster-phase8-regression-source-Fb8Fft/rtl/soc/aster_coherent_soc.sv /tmp/aster-phase8-regression-source-Fb8Fft/rtl/soc/aster_minimal.sv /tmp/aster-phase8-regression-source-Fb8Fft/rtl/soc/aster_multicore.sv /tmp/aster-phase8-regression-source-Fb8Fft/rtl/soc/aster_shared_fabric.sv /tmp/aster-phase8-regression-source-Fb8Fft/rtl/soc/aster_warm_stop.sv /tmp/aster-phase8-regression-source-Fb8Fft/vendor/picorv32/picorv32.v \
	/tmp/aster-phase8-regression-source-Fb8Fft/rtl/peripherals/aster_uart_tx.sv /tmp/aster-phase8-regression-source-Fb8Fft/rtl/peripherals/aster_uart_rx.sv \
	/tmp/aster-phase8-regression-source-Fb8Fft/rtl/soc/aster_pynq_linux.sv /tmp/aster-phase8-regression-source-Fb8Fft/verification/soc/tb_pynq_linux_dot8.cpp
riscv32-unknown-elf-gcc -mabi=ilp32 -nostdlib -nostartfiles -nodefaultlibs -ffreestanding -Wall -Wextra -Werror -O2 -fno-pic -fno-stack-protector -msmall-data-limit=0 -Isoftware/runtime -march=rv32ima -Isoftware/drivers -Isoftware/benchmarks \
	-fno-builtin -fno-tree-loop-distribute-patterns -T software/boot/link_multicore.ld -Wl,-Map,/tmp/aster-phase8-dot8-regressions-0dce16b/build/linux-e1-h1-c1/software/dot8_runtime.map \
	-o /tmp/aster-phase8-dot8-regressions-0dce16b/build/linux-e1-h1-c1/software/dot8_runtime.elf software/runtime/start_multicore.S software/drivers/aster_dma.c software/benchmarks/dot8_kernels.c software/tests/dot8_runtime.c
make[1]: warning: jobserver unavailable: using -j1.  Add '+' to parent make rule.
g++  -I.  -MMD -I/home/elfo/tools/verilator/root/include -I/home/elfo/tools/verilator/root/include/vltstd -DVM_COVERAGE=0 -DVM_SC=0 -DVM_TRACE=0 -DVM_TRACE_FST=0 -DVM_TRACE_VCD=0 -faligned-new -fcf-protection=none -Wno-bool-operation -Wno-overloaded-virtual -Wno-shadow -Wno-sign-compare -Wno-uninitialized -Wno-unused-but-set-parameter -Wno-unused-but-set-variable -Wno-unused-parameter -Wno-unused-variable     -DASTER_HART_COUNT=1 -DASTER_L1=1 -DASTER_DOT8=1   -Os -c -o tb_pynq_linux_dot8.o /tmp/aster-phase8-regression-source-Fb8Fft/verification/soc/tb_pynq_linux_dot8.cpp
riscv32-unknown-elf-objdump -d /tmp/aster-phase8-dot8-regressions-0dce16b/build/linux-e1-h1-c1/software/dot8_runtime.elf > /tmp/aster-phase8-dot8-regressions-0dce16b/build/linux-e1-h1-c1/software/dot8_runtime.dis
python3 scripts/elf_to_hex.py --rom-bytes 65536 /tmp/aster-phase8-dot8-regressions-0dce16b/build/linux-e1-h1-c1/software/dot8_runtime.elf /tmp/aster-phase8-dot8-regressions-0dce16b/build/linux-e1-h1-c1/software/dot8_runtime.hex
g++ -Os  -I.  -MMD -I/home/elfo/tools/verilator/root/include -I/home/elfo/tools/verilator/root/include/vltstd -DVM_COVERAGE=0 -DVM_SC=0 -DVM_TRACE=0 -DVM_TRACE_FST=0 -DVM_TRACE_VCD=0 -faligned-new -fcf-protection=none -Wno-bool-operation -Wno-overloaded-virtual -Wno-shadow -Wno-sign-compare -Wno-uninitialized -Wno-unused-but-set-parameter -Wno-unused-but-set-variable -Wno-unused-parameter -Wno-unused-variable     -DASTER_HART_COUNT=1 -DASTER_L1=1 -DASTER_DOT8=1   -c -o verilated.o /home/elfo/tools/verilator/root/include/verilated.cpp
g++ -Os  -I.  -MMD -I/home/elfo/tools/verilator/root/include -I/home/elfo/tools/verilator/root/include/vltstd -DVM_COVERAGE=0 -DVM_SC=0 -DVM_TRACE=0 -DVM_TRACE_FST=0 -DVM_TRACE_VCD=0 -faligned-new -fcf-protection=none -Wno-bool-operation -Wno-overloaded-virtual -Wno-shadow -Wno-sign-compare -Wno-uninitialized -Wno-unused-but-set-parameter -Wno-unused-but-set-variable -Wno-unused-parameter -Wno-unused-variable     -DASTER_HART_COUNT=1 -DASTER_L1=1 -DASTER_DOT8=1   -c -o verilated_dpi.o /home/elfo/tools/verilator/root/include/verilated_dpi.cpp
g++ -Os  -I.  -MMD -I/home/elfo/tools/verilator/root/include -I/home/elfo/tools/verilator/root/include/vltstd -DVM_COVERAGE=0 -DVM_SC=0 -DVM_TRACE=0 -DVM_TRACE_FST=0 -DVM_TRACE_VCD=0 -faligned-new -fcf-protection=none -Wno-bool-operation -Wno-overloaded-virtual -Wno-shadow -Wno-sign-compare -Wno-uninitialized -Wno-unused-but-set-parameter -Wno-unused-but-set-variable -Wno-unused-parameter -Wno-unused-variable     -DASTER_HART_COUNT=1 -DASTER_L1=1 -DASTER_DOT8=1   -c -o verilated_threads.o /home/elfo/tools/verilator/root/include/verilated_threads.cpp
/usr/bin/python3 /home/elfo/tools/verilator/root/bin/verilator_includer -DVL_INCLUDE_OPT=include Vaster_pynq_linux.cpp Vaster_pynq_linux___024root__DepSet_h5a538cb5__0.cpp Vaster_pynq_linux___024root__DepSet_hcaf910c3__0.cpp Vaster_pynq_linux__Dpi.cpp Vaster_pynq_linux__ConstPool_0.cpp Vaster_pynq_linux___024root__Slow.cpp Vaster_pynq_linux___024root__DepSet_h5a538cb5__0__Slow.cpp Vaster_pynq_linux___024root__DepSet_hcaf910c3__0__Slow.cpp Vaster_pynq_linux__Syms.cpp > Vaster_pynq_linux__ALL.cpp
g++ -Os  -I.  -MMD -I/home/elfo/tools/verilator/root/include -I/home/elfo/tools/verilator/root/include/vltstd -DVM_COVERAGE=0 -DVM_SC=0 -DVM_TRACE=0 -DVM_TRACE_FST=0 -DVM_TRACE_VCD=0 -faligned-new -fcf-protection=none -Wno-bool-operation -Wno-overloaded-virtual -Wno-shadow -Wno-sign-compare -Wno-uninitialized -Wno-unused-but-set-parameter -Wno-unused-but-set-variable -Wno-unused-parameter -Wno-unused-variable     -DASTER_HART_COUNT=1 -DASTER_L1=1 -DASTER_DOT8=1   -c -o Vaster_pynq_linux__ALL.o Vaster_pynq_linux__ALL.cpp
echo "" > Vaster_pynq_linux__ALL.verilator_deplist.tmp
Archive ar -rcs Vaster_pynq_linux__ALL.a Vaster_pynq_linux__ALL.o
g++     tb_pynq_linux_dot8.o verilated.o verilated_dpi.o verilated_threads.o Vaster_pynq_linux__ALL.a    -pthread -lpthread -latomic   -o /tmp/aster-phase8-dot8-regressions-0dce16b/build/linux-e1-h1-c1/linux_dot8_e1_h1_l11_baud781250/aster_linux_dot8_sim
rm Vaster_pynq_linux__ALL.verilator_deplist.tmp
OBS: Linux dot8 boot=1 polls=100000
OBS: Linux dot8 boot=1 polls=200000
OBS: Linux dot8 boot=1 polls=300000
PASS: dot8 AXI/serial runtime boot=1 harts=1 cache=1 counters=50 retained_RAM=65536; real C, ROM-write/running-RAM denial, all read-only strobes/offsets, stable replies
OBS: Linux dot8 boot=2 polls=100000
OBS: Linux dot8 boot=2 polls=200000
OBS: Linux dot8 boot=2 polls=300000
PASS: dot8 AXI/serial runtime boot=2 harts=1 cache=1 counters=50 retained_RAM=65536; real C, ROM-write/running-RAM denial, all read-only strobes/offsets, stable replies
PASS: dot8 Linux bridge enabled=1 harts=1 cache=1 all AXI byte offsets/strobes, exact live banks, custom/atomic/fetch denial, final STOPPED
