Copyright 1986-2022 Xilinx, Inc. All Rights Reserved. Copyright 2022-2025 Advanced Micro Devices, Inc. All Rights Reserved.
---------------------------------------------------------------------------------------------------------------------------------------------
| Tool Version : Vivado v.2025.1 (lin64) Build 6140274 Wed May 21 22:58:25 MDT 2025
| Date         : Tue Oct  6 06:05:06 2026
| Host         : gondor running 64-bit Ubuntu 24.04.5 LTS
| Command      : report_timing_summary -file /home/elfo/Documents/Aster/build/fpga/pynq_z1/aster_npu/timing_summary.rpt -warn_on_violation
| Design       : aster_npu_board_wrapper
| Device       : 7z020-clg400
| Speed File   : -1  PRODUCTION 1.12 2019-11-22
| Design State : Physopt postRoute
---------------------------------------------------------------------------------------------------------------------------------------------

Timing Summary Report

------------------------------------------------------------------------------------------------
| Timer Settings
| --------------
------------------------------------------------------------------------------------------------

  Enable Multi Corner Analysis               :  Yes
  Enable Pessimism Removal                   :  Yes
  Pessimism Removal Resolution               :  Nearest Common Node
  Enable Input Delay Default Clock           :  No
  Enable Preset / Clear Arcs                 :  No
  Disable Flight Delays                      :  No
  Ignore I/O Paths                           :  No
  Timing Early Launch at Borrowing Latches   :  No
  Borrow Time for Max Delay Exceptions       :  Yes
  Merge Timing Exceptions                    :  Yes
  Inter-SLR Compensation                     :  Conservative

  Corner  Analyze    Analyze    
  Name    Max Paths  Min Paths  
  ------  ---------  ---------  
  Slow    Yes        Yes        
  Fast    Yes        Yes        


------------------------------------------------------------------------------------------------
| Report Methodology
| ------------------
------------------------------------------------------------------------------------------------

No report available as report_methodology has not been run prior. Run report_methodology on the current design for the summary of methodology violations.



check_timing report

Table of Contents
-----------------
1. checking no_clock (0)
2. checking constant_clock (0)
3. checking pulse_width_clock (0)
4. checking unconstrained_internal_endpoints (0)
5. checking no_input_delay (0)
6. checking no_output_delay (0)
7. checking multiple_clock (0)
8. checking generated_clocks (0)
9. checking loops (0)
10. checking partial_input_delay (0)
11. checking partial_output_delay (0)
12. checking latch_loops (0)

1. checking no_clock (0)
------------------------
 There are 0 register/latch pins with no clock.


2. checking constant_clock (0)
------------------------------
 There are 0 register/latch pins with constant_clock.


3. checking pulse_width_clock (0)
---------------------------------
 There are 0 register/latch pins which need pulse_width check


4. checking unconstrained_internal_endpoints (0)
------------------------------------------------
 There are 0 pins that are not constrained for maximum delay.

 There are 0 pins that are not constrained for maximum delay due to constant clock.


5. checking no_input_delay (0)
------------------------------
 There are 0 input ports with no input delay specified.

 There are 0 input ports with no input delay but user has a false path constraint.


6. checking no_output_delay (0)
-------------------------------
 There are 0 ports with no output delay specified.

 There are 0 ports with no output delay but user has a false path constraint

 There are 0 ports with no output delay but with a timing clock defined on it or propagating through it


7. checking multiple_clock (0)
------------------------------
 There are 0 register/latch pins with multiple clocks.


8. checking generated_clocks (0)
--------------------------------
 There are 0 generated clocks that are not connected to a clock source.


9. checking loops (0)
---------------------
 There are 0 combinational loops in the design.


10. checking partial_input_delay (0)
------------------------------------
 There are 0 input ports with partial input delay specified.


11. checking partial_output_delay (0)
-------------------------------------
 There are 0 ports with partial output delay specified.


12. checking latch_loops (0)
----------------------------
 There are 0 combinational latch loops in the design through latch input



------------------------------------------------------------------------------------------------
| Design Timing Summary
| ---------------------
------------------------------------------------------------------------------------------------

    WNS(ns)      TNS(ns)  TNS Failing Endpoints  TNS Total Endpoints      WHS(ns)      THS(ns)  THS Failing Endpoints  THS Total Endpoints     WPWS(ns)     TPWS(ns)  TPWS Failing Endpoints  TPWS Total Endpoints  
    -------      -------  ---------------------  -------------------      -------      -------  ---------------------  -------------------     --------     --------  ----------------------  --------------------  
      0.221        0.000                      0                47656        0.024        0.000                      0                47656        3.750        0.000                       0                 15957  


All user specified timing constraints are met.


------------------------------------------------------------------------------------------------
| Clock Summary
| -------------
------------------------------------------------------------------------------------------------

Clock       Waveform(ns)       Period(ns)      Frequency(MHz)
-----       ------------       ----------      --------------
clk_fpga_0  {0.000 5.000}      10.000          100.000         


------------------------------------------------------------------------------------------------
| Intra Clock Table
| -----------------
------------------------------------------------------------------------------------------------

Clock             WNS(ns)      TNS(ns)  TNS Failing Endpoints  TNS Total Endpoints      WHS(ns)      THS(ns)  THS Failing Endpoints  THS Total Endpoints     WPWS(ns)     TPWS(ns)  TPWS Failing Endpoints  TPWS Total Endpoints  
-----             -------      -------  ---------------------  -------------------      -------      -------  ---------------------  -------------------     --------     --------  ----------------------  --------------------  
clk_fpga_0          0.221        0.000                      0                47656        0.024        0.000                      0                47656        3.750        0.000                       0                 15957  


------------------------------------------------------------------------------------------------
| Inter Clock Table
| -----------------
------------------------------------------------------------------------------------------------

From Clock    To Clock          WNS(ns)      TNS(ns)  TNS Failing Endpoints  TNS Total Endpoints      WHS(ns)      THS(ns)  THS Failing Endpoints  THS Total Endpoints  
----------    --------          -------      -------  ---------------------  -------------------      -------      -------  ---------------------  -------------------  


------------------------------------------------------------------------------------------------
| Other Path Groups Table
| -----------------------
------------------------------------------------------------------------------------------------

Path Group    From Clock    To Clock          WNS(ns)      TNS(ns)  TNS Failing Endpoints  TNS Total Endpoints      WHS(ns)      THS(ns)  THS Failing Endpoints  THS Total Endpoints  
----------    ----------    --------          -------      -------  ---------------------  -------------------      -------      -------  ---------------------  -------------------  


------------------------------------------------------------------------------------------------
| Timing Details
| --------------
------------------------------------------------------------------------------------------------


---------------------------------------------------------------------------------------------------
From Clock:  clk_fpga_0
  To Clock:  clk_fpga_0

Setup :            0  Failing Endpoints,  Worst Slack        0.221ns,  Total Violation        0.000ns
Hold  :            0  Failing Endpoints,  Worst Slack        0.024ns,  Total Violation        0.000ns
PW    :            0  Failing Endpoints,  Worst Slack        3.750ns,  Total Violation        0.000ns
---------------------------------------------------------------------------------------------------


Max Delay Paths
--------------------------------------------------------------------------------------
Slack (MET) :             0.221ns  (required time - arrival time)
  Source:                 aster_npu_board_i/aster/inst/implementation/main64.b_sel2_reg_rep__0/C
                            (rising edge-triggered cell FDRE clocked by clk_fpga_0  {rise@0.000ns fall@5.000ns period=10.000ns})
  Destination:            aster_npu_board_i/aster/inst/implementation/main64.main_ram_reg_1_2/DIADI[0]
                            (rising edge-triggered cell RAMB36E1 clocked by clk_fpga_0  {rise@0.000ns fall@5.000ns period=10.000ns})
  Path Group:             clk_fpga_0
  Path Type:              Setup (Max at Slow Process Corner)
  Requirement:            10.000ns  (clk_fpga_0 rise@10.000ns - clk_fpga_0 rise@0.000ns)
  Data Path Delay:        9.423ns  (logic 2.690ns (28.548%)  route 6.733ns (71.452%))
  Logic Levels:           10  (CARRY4=4 LUT3=1 LUT4=1 LUT6=4)
  Clock Path Skew:        0.038ns (DCD - SCD + CPR)
    Destination Clock Delay (DCD):    2.820ns = ( 12.820 - 10.000 ) 
    Source Clock Delay      (SCD):    3.011ns
    Clock Pessimism Removal (CPR):    0.229ns
  Clock Uncertainty:      0.154ns  ((TSJ^2 + TIJ^2)^1/2 + DJ) / 2 + PE
    Total System Jitter     (TSJ):    0.071ns
    Total Input Jitter      (TIJ):    0.300ns
    Discrete Jitter          (DJ):    0.000ns
    Phase Error              (PE):    0.000ns

    Location             Delay type                Incr(ns)  Path(ns)    Netlist Resource(s)
  -------------------------------------------------------------------    -------------------
                         (clock clk_fpga_0 rise edge)
                                                      0.000     0.000 r  
    PS7_X0Y0             PS7                          0.000     0.000 r  aster_npu_board_i/ps7/inst/PS7_i/FCLKCLK[0]
                         net (fo=1, routed)           1.193     1.193    aster_npu_board_i/ps7/inst/FCLK_CLK_unbuffered[0]
    BUFGCTRL_X0Y16       BUFG (Prop_bufg_I_O)         0.101     1.294 r  aster_npu_board_i/ps7/inst/buffer_fclk_clk_0.FCLK_CLK_0_BUFG/O
                         net (fo=15961, routed)       1.717     3.011    aster_npu_board_i/aster/inst/implementation/aclk
    SLICE_X85Y87         FDRE                                         r  aster_npu_board_i/aster/inst/implementation/main64.b_sel2_reg_rep__0/C
  -------------------------------------------------------------------    -------------------
    SLICE_X85Y87         FDRE (Prop_fdre_C_Q)         0.456     3.467 r  aster_npu_board_i/aster/inst/implementation/main64.b_sel2_reg_rep__0/Q
                         net (fo=96, routed)          1.256     4.723    aster_npu_board_i/aster/inst/implementation/dcache/data/s_axi_rdata_reg[3]
    SLICE_X86Y89         LUT3 (Prop_lut3_I1_O)        0.152     4.875 f  aster_npu_board_i/aster/inst/implementation/dcache/data/s_axi_rdata[14]_i_4/O
                         net (fo=10, routed)          0.649     5.524    aster_npu_board_i/aster/inst/implementation/old[14]
    SLICE_X86Y90         LUT6 (Prop_lut6_I0_O)        0.348     5.872 r  aster_npu_board_i/aster/inst/implementation/main64.main_ram_reg_0_0_i_184/O
                         net (fo=2, routed)           0.556     6.427    aster_npu_board_i/aster/inst/implementation/main64.main_ram_reg_0_0_i_184_n_0
    SLICE_X84Y90         CARRY4 (Prop_carry4_DI[3]_CO[3])
                                                      0.385     6.812 r  aster_npu_board_i/aster/inst/implementation/main64.main_ram_reg_0_0_i_169/CO[3]
                         net (fo=1, routed)           0.000     6.812    aster_npu_board_i/aster/inst/implementation/main64.main_ram_reg_0_0_i_169_n_0
    SLICE_X84Y91         CARRY4 (Prop_carry4_CI_CO[3])
                                                      0.114     6.926 r  aster_npu_board_i/aster/inst/implementation/main64.main_ram_reg_0_0_i_142/CO[3]
                         net (fo=1, routed)           0.000     6.926    aster_npu_board_i/aster/inst/implementation/main64.main_ram_reg_0_0_i_142_n_0
    SLICE_X84Y92         CARRY4 (Prop_carry4_CI_CO[3])
                                                      0.114     7.040 r  aster_npu_board_i/aster/inst/implementation/main64.main_ram_reg_0_0_i_126/CO[3]
                         net (fo=1, routed)           0.000     7.040    aster_npu_board_i/aster/inst/implementation/main64.main_ram_reg_0_0_i_126_n_0
    SLICE_X84Y93         CARRY4 (Prop_carry4_CI_O[0])
                                                      0.222     7.262 r  aster_npu_board_i/aster/inst/implementation/main64.main_ram_reg_0_0_i_110/O[0]
                         net (fo=3, routed)           0.803     8.065    aster_npu_board_i/aster/inst/implementation/main64.main_ram_reg_0_0_i_110_n_7
    SLICE_X84Y94         LUT4 (Prop_lut4_I0_O)        0.325     8.390 r  aster_npu_board_i/aster/inst/implementation/main64.main_ram_reg_0_0_i_82/O
                         net (fo=2, routed)           0.455     8.845    aster_npu_board_i/aster/inst/implementation/main64.main_ram_reg_0_0_i_82_n_0
    SLICE_X84Y94         LUT6 (Prop_lut6_I0_O)        0.326     9.171 r  aster_npu_board_i/aster/inst/implementation/main64.main_ram_reg_0_0_i_64/O
                         net (fo=24, routed)          0.768     9.940    aster_npu_board_i/aster/inst/implementation/main64.main_ram_reg_0_0_i_64_n_0
    SLICE_X86Y89         LUT6 (Prop_lut6_I5_O)        0.124    10.064 r  aster_npu_board_i/aster/inst/implementation/main64.main_ram_reg_1_2_i_11/O
                         net (fo=1, routed)           0.572    10.636    aster_npu_board_i/aster/inst/implementation/npu/engine/main64.main_ram_reg_5_2_1
    SLICE_X86Y87         LUT6 (Prop_lut6_I3_O)        0.124    10.760 r  aster_npu_board_i/aster/inst/implementation/npu/engine/main64.main_ram_reg_1_2_i_2/O
                         net (fo=2, routed)           1.674    12.434    aster_npu_board_i/aster/inst/implementation/main64.wdata64[44]
    RAMB36_X5Y13         RAMB36E1                                     r  aster_npu_board_i/aster/inst/implementation/main64.main_ram_reg_1_2/DIADI[0]
  -------------------------------------------------------------------    -------------------

                         (clock clk_fpga_0 rise edge)
                                                     10.000    10.000 r  
    PS7_X0Y0             PS7                          0.000    10.000 r  aster_npu_board_i/ps7/inst/PS7_i/FCLKCLK[0]
                         net (fo=1, routed)           1.088    11.088    aster_npu_board_i/ps7/inst/FCLK_CLK_unbuffered[0]
    BUFGCTRL_X0Y16       BUFG (Prop_bufg_I_O)         0.091    11.179 r  aster_npu_board_i/ps7/inst/buffer_fclk_clk_0.FCLK_CLK_0_BUFG/O
                         net (fo=15961, routed)       1.641    12.820    aster_npu_board_i/aster/inst/implementation/aclk
    RAMB36_X5Y13         RAMB36E1                                     r  aster_npu_board_i/aster/inst/implementation/main64.main_ram_reg_1_2/CLKARDCLK
                         clock pessimism              0.229    13.049    
                         clock uncertainty           -0.154    12.895    
    RAMB36_X5Y13         RAMB36E1 (Setup_ramb36e1_CLKARDCLK_DIADI[0])
                                                     -0.241    12.654    aster_npu_board_i/aster/inst/implementation/main64.main_ram_reg_1_2
  -------------------------------------------------------------------
                         required time                         12.654    
                         arrival time                         -12.434    
  -------------------------------------------------------------------
                         slack                                  0.221    





Min Delay Paths
--------------------------------------------------------------------------------------
Slack (MET) :             0.024ns  (arrival time - required time)
  Source:                 aster_npu_board_i/aster/inst/implementation/core/w_reg[rd][0]/C
                            (rising edge-triggered cell FDRE clocked by clk_fpga_0  {rise@0.000ns fall@5.000ns period=10.000ns})
  Destination:            aster_npu_board_i/aster/inst/implementation/core/rf_reg_r2_0_31_12_17/RAMA/WADR0
                            (rising edge-triggered cell RAMD32 clocked by clk_fpga_0  {rise@0.000ns fall@5.000ns period=10.000ns})
  Path Group:             clk_fpga_0
  Path Type:              Hold (Min at Fast Process Corner)
  Requirement:            0.000ns  (clk_fpga_0 rise@0.000ns - clk_fpga_0 rise@0.000ns)
  Data Path Delay:        0.347ns  (logic 0.141ns (40.599%)  route 0.206ns (59.401%))
  Logic Levels:           0  
  Clock Path Skew:        0.013ns (DCD - SCD - CPR)
    Destination Clock Delay (DCD):    1.291ns
    Source Clock Delay      (SCD):    0.990ns
    Clock Pessimism Removal (CPR):    0.288ns

    Location             Delay type                Incr(ns)  Path(ns)    Netlist Resource(s)
  -------------------------------------------------------------------    -------------------
                         (clock clk_fpga_0 rise edge)
                                                      0.000     0.000 r  
    PS7_X0Y0             PS7                          0.000     0.000 r  aster_npu_board_i/ps7/inst/PS7_i/FCLKCLK[0]
                         net (fo=1, routed)           0.310     0.310    aster_npu_board_i/ps7/inst/FCLK_CLK_unbuffered[0]
    BUFGCTRL_X0Y16       BUFG (Prop_bufg_I_O)         0.026     0.336 r  aster_npu_board_i/ps7/inst/buffer_fclk_clk_0.FCLK_CLK_0_BUFG/O
                         net (fo=15961, routed)       0.654     0.990    aster_npu_board_i/aster/inst/implementation/core/aclk
    SLICE_X55Y134        FDRE                                         r  aster_npu_board_i/aster/inst/implementation/core/w_reg[rd][0]/C
  -------------------------------------------------------------------    -------------------
    SLICE_X55Y134        FDRE (Prop_fdre_C_Q)         0.141     1.131 r  aster_npu_board_i/aster/inst/implementation/core/w_reg[rd][0]/Q
                         net (fo=92, routed)          0.206     1.337    aster_npu_board_i/aster/inst/implementation/core/rf_reg_r2_0_31_12_17/ADDRD0
    SLICE_X54Y134        RAMD32                                       r  aster_npu_board_i/aster/inst/implementation/core/rf_reg_r2_0_31_12_17/RAMA/WADR0
  -------------------------------------------------------------------    -------------------

                         (clock clk_fpga_0 rise edge)
                                                      0.000     0.000 r  
    PS7_X0Y0             PS7                          0.000     0.000 r  aster_npu_board_i/ps7/inst/PS7_i/FCLKCLK[0]
                         net (fo=1, routed)           0.337     0.337    aster_npu_board_i/ps7/inst/FCLK_CLK_unbuffered[0]
    BUFGCTRL_X0Y16       BUFG (Prop_bufg_I_O)         0.029     0.366 r  aster_npu_board_i/ps7/inst/buffer_fclk_clk_0.FCLK_CLK_0_BUFG/O
                         net (fo=15961, routed)       0.925     1.291    aster_npu_board_i/aster/inst/implementation/core/rf_reg_r2_0_31_12_17/WCLK
    SLICE_X54Y134        RAMD32                                       r  aster_npu_board_i/aster/inst/implementation/core/rf_reg_r2_0_31_12_17/RAMA/CLK
                         clock pessimism             -0.288     1.003    
    SLICE_X54Y134        RAMD32 (Hold_ramd32_CLK_WADR0)
                                                      0.310     1.313    aster_npu_board_i/aster/inst/implementation/core/rf_reg_r2_0_31_12_17/RAMA
  -------------------------------------------------------------------
                         required time                         -1.313    
                         arrival time                           1.337    
  -------------------------------------------------------------------
                         slack                                  0.024    





Pulse Width Checks
--------------------------------------------------------------------------------------
Clock Name:         clk_fpga_0
Waveform(ns):       { 0.000 5.000 }
Period(ns):         10.000
Sources:            { aster_npu_board_i/ps7/inst/PS7_i/FCLKCLK[0] }

Check Type        Corner  Lib Pin      Reference Pin  Required(ns)  Actual(ns)  Slack(ns)  Location       Pin
Min Period        n/a     DSP48E1/CLK  n/a            3.884         10.000      6.116      DSP48_X2Y53    aster_npu_board_i/aster/inst/implementation/core/pp_lh_reg/CLK
Low Pulse Width   Slow    RAMD32/CLK   n/a            1.250         5.000       3.750      SLICE_X86Y131  aster_npu_board_i/aster/inst/implementation/core/fetch/buf_err_reg_0_3_0_0/DP/CLK
High Pulse Width  Slow    RAMD32/CLK   n/a            1.250         5.000       3.750      SLICE_X86Y131  aster_npu_board_i/aster/inst/implementation/core/fetch/buf_err_reg_0_3_0_0/DP/CLK



