Copyright 1986-2022 Xilinx, Inc. All Rights Reserved. Copyright 2022-2025 Advanced Micro Devices, Inc. All Rights Reserved.
----------------------------------------------------------------------------------------------------------------------------------------------------
| Tool Version : Vivado v.2025.1 (lin64) Build 6140274 Wed May 21 22:58:25 MDT 2025
| Date         : Thu Oct  8 10:51:39 2026
| Host         : gondor running 64-bit Ubuntu 24.04.5 LTS
| Command      : report_timing_summary -file build/fpga/pynq_z1/aster_soc-f1-o5asm/timing_summary.rpt -warn_on_violation
| Design       : aster_soc_board_wrapper
| Device       : 7z020-clg400
| Speed File   : -1  PRODUCTION 1.12 2019-11-22
| Design State : Physopt postRoute
----------------------------------------------------------------------------------------------------------------------------------------------------

Timing Summary Report

------------------------------------------------------------------------------------------------
| Timer Settings
| --------------
------------------------------------------------------------------------------------------------

  Enable Multi Corner Analysis               :  Yes
  Enable Pessimism Removal                   :  Yes
  Pessimism Removal Resolution               :  Nearest Common Node
  Enable Input Delay Default Clock           :  No
  Enable Preset / Clear Arcs                 :  No
  Disable Flight Delays                      :  No
  Ignore I/O Paths                           :  No
  Timing Early Launch at Borrowing Latches   :  No
  Borrow Time for Max Delay Exceptions       :  Yes
  Merge Timing Exceptions                    :  Yes
  Inter-SLR Compensation                     :  Conservative

  Corner  Analyze    Analyze    
  Name    Max Paths  Min Paths  
  ------  ---------  ---------  
  Slow    Yes        Yes        
  Fast    Yes        Yes        


------------------------------------------------------------------------------------------------
| Report Methodology
| ------------------
------------------------------------------------------------------------------------------------

No report available as report_methodology has not been run prior. Run report_methodology on the current design for the summary of methodology violations.



check_timing report

Table of Contents
-----------------
1. checking no_clock (0)
2. checking constant_clock (0)
3. checking pulse_width_clock (0)
4. checking unconstrained_internal_endpoints (0)
5. checking no_input_delay (0)
6. checking no_output_delay (0)
7. checking multiple_clock (0)
8. checking generated_clocks (0)
9. checking loops (0)
10. checking partial_input_delay (0)
11. checking partial_output_delay (0)
12. checking latch_loops (0)

1. checking no_clock (0)
------------------------
 There are 0 register/latch pins with no clock.


2. checking constant_clock (0)
------------------------------
 There are 0 register/latch pins with constant_clock.


3. checking pulse_width_clock (0)
---------------------------------
 There are 0 register/latch pins which need pulse_width check


4. checking unconstrained_internal_endpoints (0)
------------------------------------------------
 There are 0 pins that are not constrained for maximum delay.

 There are 0 pins that are not constrained for maximum delay due to constant clock.


5. checking no_input_delay (0)
------------------------------
 There are 0 input ports with no input delay specified.

 There are 0 input ports with no input delay but user has a false path constraint.


6. checking no_output_delay (0)
-------------------------------
 There are 0 ports with no output delay specified.

 There are 0 ports with no output delay but user has a false path constraint

 There are 0 ports with no output delay but with a timing clock defined on it or propagating through it


7. checking multiple_clock (0)
------------------------------
 There are 0 register/latch pins with multiple clocks.


8. checking generated_clocks (0)
--------------------------------
 There are 0 generated clocks that are not connected to a clock source.


9. checking loops (0)
---------------------
 There are 0 combinational loops in the design.


10. checking partial_input_delay (0)
------------------------------------
 There are 0 input ports with partial input delay specified.


11. checking partial_output_delay (0)
-------------------------------------
 There are 0 ports with partial output delay specified.


12. checking latch_loops (0)
----------------------------
 There are 0 combinational latch loops in the design through latch input



------------------------------------------------------------------------------------------------
| Design Timing Summary
| ---------------------
------------------------------------------------------------------------------------------------

    WNS(ns)      TNS(ns)  TNS Failing Endpoints  TNS Total Endpoints      WHS(ns)      THS(ns)  THS Failing Endpoints  THS Total Endpoints     WPWS(ns)     TPWS(ns)  TPWS Failing Endpoints  TPWS Total Endpoints  
    -------      -------  ---------------------  -------------------      -------      -------  ---------------------  -------------------     --------     --------  ----------------------  --------------------  
      0.270        0.000                      0                78129        0.021        0.000                      0                78129        3.750        0.000                       0                 25767  


All user specified timing constraints are met.


------------------------------------------------------------------------------------------------
| Clock Summary
| -------------
------------------------------------------------------------------------------------------------

Clock       Waveform(ns)       Period(ns)      Frequency(MHz)
-----       ------------       ----------      --------------
clk_fpga_0  {0.000 5.000}      10.000          100.000         


------------------------------------------------------------------------------------------------
| Intra Clock Table
| -----------------
------------------------------------------------------------------------------------------------

Clock             WNS(ns)      TNS(ns)  TNS Failing Endpoints  TNS Total Endpoints      WHS(ns)      THS(ns)  THS Failing Endpoints  THS Total Endpoints     WPWS(ns)     TPWS(ns)  TPWS Failing Endpoints  TPWS Total Endpoints  
-----             -------      -------  ---------------------  -------------------      -------      -------  ---------------------  -------------------     --------     --------  ----------------------  --------------------  
clk_fpga_0          0.270        0.000                      0                78129        0.021        0.000                      0                78129        3.750        0.000                       0                 25767  


------------------------------------------------------------------------------------------------
| Inter Clock Table
| -----------------
------------------------------------------------------------------------------------------------

From Clock    To Clock          WNS(ns)      TNS(ns)  TNS Failing Endpoints  TNS Total Endpoints      WHS(ns)      THS(ns)  THS Failing Endpoints  THS Total Endpoints  
----------    --------          -------      -------  ---------------------  -------------------      -------      -------  ---------------------  -------------------  


------------------------------------------------------------------------------------------------
| Other Path Groups Table
| -----------------------
------------------------------------------------------------------------------------------------

Path Group    From Clock    To Clock          WNS(ns)      TNS(ns)  TNS Failing Endpoints  TNS Total Endpoints      WHS(ns)      THS(ns)  THS Failing Endpoints  THS Total Endpoints  
----------    ----------    --------          -------      -------  ---------------------  -------------------      -------      -------  ---------------------  -------------------  


------------------------------------------------------------------------------------------------
| Timing Details
| --------------
------------------------------------------------------------------------------------------------


---------------------------------------------------------------------------------------------------
From Clock:  clk_fpga_0
  To Clock:  clk_fpga_0

Setup :            0  Failing Endpoints,  Worst Slack        0.270ns,  Total Violation        0.000ns
Hold  :            0  Failing Endpoints,  Worst Slack        0.021ns,  Total Violation        0.000ns
PW    :            0  Failing Endpoints,  Worst Slack        3.750ns,  Total Violation        0.000ns
---------------------------------------------------------------------------------------------------


Max Delay Paths
--------------------------------------------------------------------------------------
Slack (MET) :             0.270ns  (required time - arrival time)
  Source:                 aster_soc_board_i/aster/inst/implementation/g_hart[1].dcache/s1_addr_reg[4]/C
                            (rising edge-triggered cell FDRE clocked by clk_fpga_0  {rise@0.000ns fall@5.000ns period=10.000ns})
  Destination:            aster_soc_board_i/aster/inst/implementation/g_hart[1].dcache/valid_reg[77]/D
                            (rising edge-triggered cell FDRE clocked by clk_fpga_0  {rise@0.000ns fall@5.000ns period=10.000ns})
  Path Group:             clk_fpga_0
  Path Type:              Setup (Max at Slow Process Corner)
  Requirement:            10.000ns  (clk_fpga_0 rise@10.000ns - clk_fpga_0 rise@0.000ns)
  Data Path Delay:        9.332ns  (logic 2.266ns (24.281%)  route 7.066ns (75.719%))
  Logic Levels:           10  (CARRY4=2 LUT4=1 LUT5=2 LUT6=4 RAMD64E=1)
  Clock Path Skew:        -0.272ns (DCD - SCD + CPR)
    Destination Clock Delay (DCD):    2.866ns = ( 12.866 - 10.000 ) 
    Source Clock Delay      (SCD):    3.267ns
    Clock Pessimism Removal (CPR):    0.129ns
  Clock Uncertainty:      0.154ns  ((TSJ^2 + TIJ^2)^1/2 + DJ) / 2 + PE + UU
    Total System Jitter     (TSJ):    0.071ns
    Total Input Jitter      (TIJ):    0.300ns
    Discrete Jitter          (DJ):    0.000ns
    Phase Error              (PE):    0.000ns
    User Uncertainty         (UU):    0.000ns

    Location             Delay type                Incr(ns)  Path(ns)    Netlist Resource(s)
  -------------------------------------------------------------------    -------------------
                         (clock clk_fpga_0 rise edge)
                                                      0.000     0.000 r  
    PS7_X0Y0             PS7                          0.000     0.000 r  aster_soc_board_i/ps7/inst/PS7_i/FCLKCLK[0]
                         net (fo=1, routed)           1.193     1.193    aster_soc_board_i/ps7/inst/FCLK_CLK_unbuffered[0]
    BUFGCTRL_X0Y16       BUFG (Prop_bufg_I_O)         0.101     1.294 r  aster_soc_board_i/ps7/inst/buffer_fclk_clk_0.FCLK_CLK_0_BUFG/O
                         net (fo=25767, routed)       1.973     3.267    aster_soc_board_i/aster/inst/implementation/g_hart[1].dcache/aclk
    SLICE_X93Y110        FDRE                                         r  aster_soc_board_i/aster/inst/implementation/g_hart[1].dcache/s1_addr_reg[4]/C
  -------------------------------------------------------------------    -------------------
    SLICE_X93Y110        FDRE (Prop_fdre_C_Q)         0.456     3.723 r  aster_soc_board_i/aster/inst/implementation/g_hart[1].dcache/s1_addr_reg[4]/Q
                         net (fo=173, routed)         1.461     5.184    aster_soc_board_i/aster/inst/implementation/g_hart[1].dcache/tag_ram_reg_r1_0_63_9_11/ADDRC0
    SLICE_X92Y105        RAMD64E (Prop_ramd64e_RADR0_O)
                                                      0.124     5.308 r  aster_soc_board_i/aster/inst/implementation/g_hart[1].dcache/tag_ram_reg_r1_0_63_9_11/RAMC/O
                         net (fo=1, routed)           1.100     6.407    aster_soc_board_i/aster/inst/implementation/g_hart[1].dcache/tag_ram_reg_r1_0_63_9_11_n_2
    SLICE_X95Y108        LUT6 (Prop_lut6_I5_O)        0.124     6.531 r  aster_soc_board_i/aster/inst/implementation/g_hart[1].dcache/s2_hit_i_146/O
                         net (fo=1, routed)           0.553     7.084    aster_soc_board_i/aster/inst/implementation/g_hart[1].dcache/lookup_hit20_out[11]
    SLICE_X93Y108        LUT6 (Prop_lut6_I0_O)        0.124     7.208 r  aster_soc_board_i/aster/inst/implementation/g_hart[1].dcache/s2_hit_i_130/O
                         net (fo=1, routed)           0.000     7.208    aster_soc_board_i/aster/inst/implementation/g_hart[1].dcache/s2_hit_i_130_n_0
    SLICE_X93Y108        CARRY4 (Prop_carry4_S[3]_CO[3])
                                                      0.401     7.609 r  aster_soc_board_i/aster/inst/implementation/g_hart[1].dcache/s2_hit_reg_i_113/CO[3]
                         net (fo=1, routed)           0.000     7.609    aster_soc_board_i/aster/inst/implementation/g_hart[1].dcache/s2_hit_reg_i_113_n_0
    SLICE_X93Y109        CARRY4 (Prop_carry4_CI_CO[2])
                                                      0.228     7.837 r  aster_soc_board_i/aster/inst/implementation/g_hart[1].dcache/s2_hit_reg_i_35/CO[2]
                         net (fo=1, routed)           0.631     8.468    aster_soc_board_i/aster/inst/implementation/fabric/replay_wait[1]_i_4_0[0]
    SLICE_X90Y104        LUT4 (Prop_lut4_I2_O)        0.313     8.781 f  aster_soc_board_i/aster/inst/implementation/fabric/s2_hit_i_11/O
                         net (fo=2, routed)           0.613     9.394    aster_soc_board_i/aster/inst/implementation/fabric/s2_hit_i_11_n_0
    SLICE_X86Y99         LUT5 (Prop_lut5_I4_O)        0.124     9.518 f  aster_soc_board_i/aster/inst/implementation/fabric/s2_hit_i_4/O
                         net (fo=3, routed)           0.312     9.831    aster_soc_board_i/aster/inst/implementation/g_hart[1].dcache/s2_hit_reg_0
    SLICE_X87Y97         LUT6 (Prop_lut6_I3_O)        0.124     9.955 f  aster_soc_board_i/aster/inst/implementation/g_hart[1].dcache/m_op_q[3]_i_4/O
                         net (fo=29, routed)          1.129    11.084    aster_soc_board_i/aster/inst/implementation/g_hart[1].dcache/m_op_q[3]_i_4_n_0
    SLICE_X97Y96         LUT5 (Prop_lut5_I2_O)        0.124    11.208 r  aster_soc_board_i/aster/inst/implementation/g_hart[1].dcache/valid[79]_i_3/O
                         net (fo=16, routed)          1.268    12.475    aster_soc_board_i/aster/inst/implementation/g_hart[1].dcache/valid[79]_i_3_n_0
    SLICE_X111Y97        LUT6 (Prop_lut6_I1_O)        0.124    12.599 r  aster_soc_board_i/aster/inst/implementation/g_hart[1].dcache/valid[77]_i_1/O
                         net (fo=1, routed)           0.000    12.599    aster_soc_board_i/aster/inst/implementation/g_hart[1].dcache/valid[77]_i_1_n_0
    SLICE_X111Y97        FDRE                                         r  aster_soc_board_i/aster/inst/implementation/g_hart[1].dcache/valid_reg[77]/D
  -------------------------------------------------------------------    -------------------

                         (clock clk_fpga_0 rise edge)
                                                     10.000    10.000 r  
    PS7_X0Y0             PS7                          0.000    10.000 r  aster_soc_board_i/ps7/inst/PS7_i/FCLKCLK[0]
                         net (fo=1, routed)           1.088    11.088    aster_soc_board_i/ps7/inst/FCLK_CLK_unbuffered[0]
    BUFGCTRL_X0Y16       BUFG (Prop_bufg_I_O)         0.091    11.179 r  aster_soc_board_i/ps7/inst/buffer_fclk_clk_0.FCLK_CLK_0_BUFG/O
                         net (fo=25767, routed)       1.687    12.866    aster_soc_board_i/aster/inst/implementation/g_hart[1].dcache/aclk
    SLICE_X111Y97        FDRE                                         r  aster_soc_board_i/aster/inst/implementation/g_hart[1].dcache/valid_reg[77]/C
                         clock pessimism              0.129    12.995    
                         clock uncertainty           -0.154    12.841    
    SLICE_X111Y97        FDRE (Setup_fdre_C_D)        0.029    12.870    aster_soc_board_i/aster/inst/implementation/g_hart[1].dcache/valid_reg[77]
  -------------------------------------------------------------------
                         required time                         12.870    
                         arrival time                         -12.599    
  -------------------------------------------------------------------
                         slack                                  0.270    





Min Delay Paths
--------------------------------------------------------------------------------------
Slack (MET) :             0.021ns  (arrival time - required time)
  Source:                 aster_soc_board_i/aster/inst/implementation/g_npu_buffer.e_addr_reg[1][14]/C
                            (rising edge-triggered cell FDRE clocked by clk_fpga_0  {rise@0.000ns fall@5.000ns period=10.000ns})
  Destination:            aster_soc_board_i/aster/inst/implementation/g_npu_buffer.e_addr_reg[0][14]/D
                            (rising edge-triggered cell FDRE clocked by clk_fpga_0  {rise@0.000ns fall@5.000ns period=10.000ns})
  Path Group:             clk_fpga_0
  Path Type:              Hold (Min at Fast Process Corner)
  Requirement:            0.000ns  (clk_fpga_0 rise@0.000ns - clk_fpga_0 rise@0.000ns)
  Data Path Delay:        0.409ns  (logic 0.186ns (45.437%)  route 0.223ns (54.563%))
  Logic Levels:           1  (LUT6=1)
  Clock Path Skew:        0.267ns (DCD - SCD - CPR)
    Destination Clock Delay (DCD):    1.181ns
    Source Clock Delay      (SCD):    0.879ns
    Clock Pessimism Removal (CPR):    0.035ns

    Location             Delay type                Incr(ns)  Path(ns)    Netlist Resource(s)
  -------------------------------------------------------------------    -------------------
                         (clock clk_fpga_0 rise edge)
                                                      0.000     0.000 r  
    PS7_X0Y0             PS7                          0.000     0.000 r  aster_soc_board_i/ps7/inst/PS7_i/FCLKCLK[0]
                         net (fo=1, routed)           0.310     0.310    aster_soc_board_i/ps7/inst/FCLK_CLK_unbuffered[0]
    BUFGCTRL_X0Y16       BUFG (Prop_bufg_I_O)         0.026     0.336 r  aster_soc_board_i/ps7/inst/buffer_fclk_clk_0.FCLK_CLK_0_BUFG/O
                         net (fo=25767, routed)       0.543     0.879    aster_soc_board_i/aster/inst/implementation/aclk
    SLICE_X51Y70         FDRE                                         r  aster_soc_board_i/aster/inst/implementation/g_npu_buffer.e_addr_reg[1][14]/C
  -------------------------------------------------------------------    -------------------
    SLICE_X51Y70         FDRE (Prop_fdre_C_Q)         0.141     1.020 r  aster_soc_board_i/aster/inst/implementation/g_npu_buffer.e_addr_reg[1][14]/Q
                         net (fo=1, routed)           0.223     1.243    aster_soc_board_i/aster/inst/implementation/npu/engine/g_npu_buffer.e_addr_reg[0][31]_0[11]
    SLICE_X42Y68         LUT6 (Prop_lut6_I5_O)        0.045     1.288 r  aster_soc_board_i/aster/inst/implementation/npu/engine/g_npu_buffer.e_addr[0][14]_i_1/O
                         net (fo=1, routed)           0.000     1.288    aster_soc_board_i/aster/inst/implementation/npu_n_178
    SLICE_X42Y68         FDRE                                         r  aster_soc_board_i/aster/inst/implementation/g_npu_buffer.e_addr_reg[0][14]/D
  -------------------------------------------------------------------    -------------------

                         (clock clk_fpga_0 rise edge)
                                                      0.000     0.000 r  
    PS7_X0Y0             PS7                          0.000     0.000 r  aster_soc_board_i/ps7/inst/PS7_i/FCLKCLK[0]
                         net (fo=1, routed)           0.337     0.337    aster_soc_board_i/ps7/inst/FCLK_CLK_unbuffered[0]
    BUFGCTRL_X0Y16       BUFG (Prop_bufg_I_O)         0.029     0.366 r  aster_soc_board_i/ps7/inst/buffer_fclk_clk_0.FCLK_CLK_0_BUFG/O
                         net (fo=25767, routed)       0.815     1.181    aster_soc_board_i/aster/inst/implementation/aclk
    SLICE_X42Y68         FDRE                                         r  aster_soc_board_i/aster/inst/implementation/g_npu_buffer.e_addr_reg[0][14]/C
                         clock pessimism             -0.035     1.146    
    SLICE_X42Y68         FDRE (Hold_fdre_C_D)         0.121     1.267    aster_soc_board_i/aster/inst/implementation/g_npu_buffer.e_addr_reg[0][14]
  -------------------------------------------------------------------
                         required time                         -1.267    
                         arrival time                           1.288    
  -------------------------------------------------------------------
                         slack                                  0.021    





Pulse Width Checks
--------------------------------------------------------------------------------------
Clock Name:         clk_fpga_0
Waveform(ns):       { 0.000 5.000 }
Period(ns):         10.000
Sources:            { aster_soc_board_i/ps7/inst/PS7_i/FCLKCLK[0] }

Check Type        Corner  Lib Pin      Reference Pin  Required(ns)  Actual(ns)  Slack(ns)  Location      Pin
Min Period        n/a     DSP48E1/CLK  n/a            3.884         10.000      6.116      DSP48_X2Y54   aster_soc_board_i/aster/inst/implementation/g_hart[0].core/pp_lh_reg/CLK
Low Pulse Width   Slow    RAMD32/CLK   n/a            1.250         5.000       3.750      SLICE_X26Y55  aster_soc_board_i/aster/inst/implementation/dma/rbuf_reg_0_3_0_5/RAMA/CLK
High Pulse Width  Slow    RAMD32/CLK   n/a            1.250         5.000       3.750      SLICE_X26Y55  aster_soc_board_i/aster/inst/implementation/dma/rbuf_reg_0_3_0_5/RAMA/CLK



