NAMED-PATH-BEGIN d_rsp_valid_to_d_req_valid
Startpoint: d_rsp_valid (input port clocked by clk)
Endpoint: d_req_valid (output port clocked by clk)
Path Group: clk
Path Type: max

   Delay     Time   Description
-----------------------------------------------------------
   0.000    0.000   clock clk (rise edge)
   0.000    0.000   clock network delay (propagated)
   2.000    2.000 ^ input external delay
   0.017    2.017 ^ d_rsp_valid (in)
   0.418    2.434 ^ input35/X (sky130_fd_sc_hd__buf_2)
   0.870    3.304 ^ fanout2782/X (sky130_fd_sc_hd__dlymetal6s4s_1)
   0.746    4.049 v _07429_/X (sky130_fd_sc_hd__and4bb_2)
   0.295    4.345 v wire1286/X (sky130_fd_sc_hd__buf_8)
   0.487    4.831 v fanout1273/X (sky130_fd_sc_hd__dlymetal6s2s_1)
   0.418    5.249 v load_slew1274/X (sky130_fd_sc_hd__buf_4)
   0.492    5.741 ^ _07434_/Y (sky130_fd_sc_hd__a221oi_4)
   0.320    6.061 v _07435_/Y (sky130_fd_sc_hd__nand3b_4)
   0.187    6.248 ^ _07436_/Y (sky130_fd_sc_hd__inv_6)
   0.674    6.922 ^ _07437_/X (sky130_fd_sc_hd__and4_4)
   0.294    7.216 ^ output109/X (sky130_fd_sc_hd__buf_8)
   0.001    7.217 ^ d_req_valid (out)
            7.217   data arrival time

  10.000   10.000   clock clk (rise edge)
   0.000   10.000   clock network delay (propagated)
  -0.250    9.750   clock uncertainty
   0.000    9.750   clock reconvergence pessimism
  -2.000    7.750   output external delay
            7.750   data required time
-----------------------------------------------------------
            7.750   data required time
           -7.217   data arrival time
-----------------------------------------------------------
            0.533   slack (MET)


NAMED-PATH-END
NAMED-PATH-BEGIN d_rsp_error_to_d_req_valid
Startpoint: d_rsp_error (input port clocked by clk)
Endpoint: d_req_valid (output port clocked by clk)
Path Group: clk
Path Type: max

   Delay     Time   Description
-----------------------------------------------------------
   0.000    0.000   clock clk (rise edge)
   0.000    0.000   clock network delay (propagated)
   2.000    2.000 v input external delay
   0.013    2.013 v d_rsp_error (in)
   0.256    2.269 v input2/X (sky130_fd_sc_hd__clkbuf_1)
   0.297    2.567 v wire2783/X (sky130_fd_sc_hd__buf_6)
   0.419    2.985 v _07421_/Y (sky130_fd_sc_hd__nand2b_2)
   0.279    3.264 v _07422_/X (sky130_fd_sc_hd__o211a_2)
   0.617    3.881 ^ _07424_/Y (sky130_fd_sc_hd__o21ai_2)
   0.730    4.611 ^ fanout683/X (sky130_fd_sc_hd__dlymetal6s2s_1)
   0.328    4.939 v _07435_/Y (sky130_fd_sc_hd__nand3b_4)
   0.187    5.126 ^ _07436_/Y (sky130_fd_sc_hd__inv_6)
   0.674    5.801 ^ _07437_/X (sky130_fd_sc_hd__and4_4)
   0.294    6.095 ^ output109/X (sky130_fd_sc_hd__buf_8)
   0.001    6.096 ^ d_req_valid (out)
            6.096   data arrival time

  10.000   10.000   clock clk (rise edge)
   0.000   10.000   clock network delay (propagated)
  -0.250    9.750   clock uncertainty
   0.000    9.750   clock reconvergence pessimism
  -2.000    7.750   output external delay
            7.750   data required time
-----------------------------------------------------------
            7.750   data required time
           -6.096   data arrival time
-----------------------------------------------------------
            1.654   slack (MET)


NAMED-PATH-END
