NAMED-PATH-BEGIN d_rsp_valid_to_d_req_valid
Startpoint: d_rsp_valid (input port clocked by clk)
Endpoint: d_req_valid (output port clocked by clk)
Path Group: clk
Path Type: max

   Delay     Time   Description
-----------------------------------------------------------
   0.000    0.000   clock clk (rise edge)
   0.000    0.000   clock network delay (propagated)
   2.000    2.000 v input external delay
   0.002    2.002 v d_rsp_valid (in)
   0.121    2.123 v input35/X (sky130_fd_sc_hd__buf_2)
   0.134    2.257 v fanout1822/X (sky130_fd_sc_hd__buf_2)
   0.141    2.398 v fanout1819/X (sky130_fd_sc_hd__buf_2)
   0.275    2.673 v _07801_/X (sky130_fd_sc_hd__or3b_4)
   0.147    2.820 v _07810_/X (sky130_fd_sc_hd__and3_4)
   0.103    2.923 v rebuffer1834/X (sky130_fd_sc_hd__buf_6)
   0.166    3.089 v _07811_/X (sky130_fd_sc_hd__and3b_2)
   0.108    3.197 v output109/X (sky130_fd_sc_hd__buf_6)
   0.000    3.197 v d_req_valid (out)
            3.197   data arrival time

  10.000   10.000   clock clk (rise edge)
   0.000   10.000   clock network delay (propagated)
  -0.250    9.750   clock uncertainty
   0.000    9.750   clock reconvergence pessimism
  -2.000    7.750   output external delay
            7.750   data required time
-----------------------------------------------------------
            7.750   data required time
           -3.197   data arrival time
-----------------------------------------------------------
            4.553   slack (MET)


NAMED-PATH-END
NAMED-PATH-BEGIN d_rsp_error_to_d_req_valid
Startpoint: d_rsp_error (input port clocked by clk)
Endpoint: d_req_valid (output port clocked by clk)
Path Group: clk
Path Type: max

   Delay     Time   Description
-----------------------------------------------------------
   0.000    0.000   clock clk (rise edge)
   0.000    0.000   clock network delay (propagated)
   2.000    2.000 v input external delay
   0.002    2.002 v d_rsp_error (in)
   0.133    2.136 v input2/X (sky130_fd_sc_hd__buf_2)
   0.151    2.287 v _07793_/Y (sky130_fd_sc_hd__nand2b_2)
   0.098    2.384 v _07794_/X (sky130_fd_sc_hd__o211a_2)
   0.166    2.550 ^ _07796_/Y (sky130_fd_sc_hd__o21ai_4)
   0.081    2.631 ^ fanout545/X (sky130_fd_sc_hd__buf_12)
   0.126    2.757 ^ fanout544/X (sky130_fd_sc_hd__buf_6)
   0.158    2.914 ^ _07810_/X (sky130_fd_sc_hd__and3_4)
   0.104    3.018 ^ rebuffer1834/X (sky130_fd_sc_hd__buf_6)
   0.170    3.188 ^ _07811_/X (sky130_fd_sc_hd__and3b_2)
   0.104    3.291 ^ output109/X (sky130_fd_sc_hd__buf_6)
   0.000    3.292 ^ d_req_valid (out)
            3.292   data arrival time

  10.000   10.000   clock clk (rise edge)
   0.000   10.000   clock network delay (propagated)
  -0.250    9.750   clock uncertainty
   0.000    9.750   clock reconvergence pessimism
  -2.000    7.750   output external delay
            7.750   data required time
-----------------------------------------------------------
            7.750   data required time
           -3.292   data arrival time
-----------------------------------------------------------
            4.458   slack (MET)


NAMED-PATH-END
