NAMED-PATH-BEGIN d_rsp_valid_to_d_req_valid
Startpoint: d_rsp_valid (input port clocked by clk)
Endpoint: d_req_valid (output port clocked by clk)
Path Group: clk
Path Type: max

   Delay     Time   Description
-----------------------------------------------------------
   0.000    0.000   clock clk (rise edge)
   0.000    0.000   clock network delay (propagated)
   2.000    2.000 ^ input external delay
   0.010    2.010 ^ d_rsp_valid (in)
   0.230    2.240 ^ input35/X (sky130_fd_sc_hd__buf_2)
   0.180    2.420 ^ wire2942/X (sky130_fd_sc_hd__buf_12)
   0.401    2.821 ^ fanout2941/X (sky130_fd_sc_hd__buf_2)
   0.261    3.082 ^ _14384_/X (sky130_fd_sc_hd__or3b_4)
   0.109    3.191 ^ fanout1370/X (sky130_fd_sc_hd__buf_12)
   0.149    3.340 ^ fanout1369/X (sky130_fd_sc_hd__buf_8)
   0.151    3.491 ^ fanout1368/X (sky130_fd_sc_hd__buf_12)
   0.190    3.680 v _14389_/Y (sky130_fd_sc_hd__o2111ai_4)
   0.188    3.868 v rebuffer3012/X (sky130_fd_sc_hd__buf_6)
   0.281    4.149 ^ _14390_/Y (sky130_fd_sc_hd__nor2_4)
   0.273    4.422 ^ _14391_/X (sky130_fd_sc_hd__and3_4)
   0.129    4.551 ^ output109/X (sky130_fd_sc_hd__buf_8)
   0.001    4.552 ^ d_req_valid (out)
            4.552   data arrival time

  10.000   10.000   clock clk (rise edge)
   0.000   10.000   clock network delay (propagated)
  -0.250    9.750   clock uncertainty
   0.000    9.750   clock reconvergence pessimism
  -2.000    7.750   output external delay
            7.750   data required time
-----------------------------------------------------------
            7.750   data required time
           -4.552   data arrival time
-----------------------------------------------------------
            3.198   slack (MET)


NAMED-PATH-END
NAMED-PATH-BEGIN d_rsp_error_to_d_req_valid
Startpoint: d_rsp_error (input port clocked by clk)
Endpoint: d_req_valid (output port clocked by clk)
Path Group: clk
Path Type: max

   Delay     Time   Description
-----------------------------------------------------------
   0.000    0.000   clock clk (rise edge)
   0.000    0.000   clock network delay (propagated)
   2.000    2.000 v input external delay
   0.009    2.009 v d_rsp_error (in)
   0.084    2.093 v hold3994/X (sky130_fd_sc_hd__clkbuf_1)
   0.154    2.247 v input2/X (sky130_fd_sc_hd__buf_2)
   0.197    2.444 v hold3995/X (sky130_fd_sc_hd__clkbuf_1)
   0.253    2.697 v _14375_/Y (sky130_fd_sc_hd__nand2b_2)
   0.155    2.852 v _14376_/X (sky130_fd_sc_hd__o211a_2)
   0.314    3.165 ^ _14378_/Y (sky130_fd_sc_hd__o21ai_4)
   0.252    3.417 v _14389_/Y (sky130_fd_sc_hd__o2111ai_4)
   0.188    3.605 v rebuffer3012/X (sky130_fd_sc_hd__buf_6)
   0.281    3.886 ^ _14390_/Y (sky130_fd_sc_hd__nor2_4)
   0.273    4.159 ^ _14391_/X (sky130_fd_sc_hd__and3_4)
   0.129    4.288 ^ output109/X (sky130_fd_sc_hd__buf_8)
   0.001    4.289 ^ d_req_valid (out)
            4.289   data arrival time

  10.000   10.000   clock clk (rise edge)
   0.000   10.000   clock network delay (propagated)
  -0.250    9.750   clock uncertainty
   0.000    9.750   clock reconvergence pessimism
  -2.000    7.750   output external delay
            7.750   data required time
-----------------------------------------------------------
            7.750   data required time
           -4.289   data arrival time
-----------------------------------------------------------
            3.461   slack (MET)


NAMED-PATH-END
