NAMED-PATH-BEGIN d_rsp_valid_to_d_req_valid
Startpoint: d_rsp_valid (input port clocked by clk)
Endpoint: d_req_valid (output port clocked by clk)
Path Group: clk
Path Type: max

   Delay     Time   Description
-----------------------------------------------------------
   0.000    0.000   clock clk (rise edge)
   0.000    0.000   clock network delay (propagated)
   2.000    2.000 ^ input external delay
   0.053    2.053 ^ d_rsp_valid (in)
   0.251    2.304 ^ hold3964/X (sky130_fd_sc_hd__clkbuf_1)
   0.325    2.629 ^ input35/X (sky130_fd_sc_hd__clkbuf_2)
   0.479    3.108 ^ hold3965/X (sky130_fd_sc_hd__clkbuf_1)
   0.396    3.503 ^ wire2945/X (sky130_fd_sc_hd__buf_12)
   0.118    3.621 v _14250_/Y (sky130_fd_sc_hd__nor2_2)
   0.350    3.971 v fanout1316/X (sky130_fd_sc_hd__buf_6)
   0.401    4.372 v fanout1306/X (sky130_fd_sc_hd__buf_4)
   0.557    4.929 ^ _14254_/Y (sky130_fd_sc_hd__o31ai_4)
   0.344    5.273 v _14259_/Y (sky130_fd_sc_hd__o211ai_4)
   0.267    5.540 v rebuffer3252/X (sky130_fd_sc_hd__buf_6)
   0.843    6.383 ^ _14261_/X (sky130_fd_sc_hd__and4bb_4)
   0.300    6.683 ^ output109/X (sky130_fd_sc_hd__buf_8)
   0.001    6.683 ^ d_req_valid (out)
            6.683   data arrival time

  10.000   10.000   clock clk (rise edge)
   0.000   10.000   clock network delay (propagated)
  -0.250    9.750   clock uncertainty
   0.000    9.750   clock reconvergence pessimism
  -2.000    7.750   output external delay
            7.750   data required time
-----------------------------------------------------------
            7.750   data required time
           -6.683   data arrival time
-----------------------------------------------------------
            1.067   slack (MET)


NAMED-PATH-END
NAMED-PATH-BEGIN d_rsp_error_to_d_req_valid
Startpoint: d_rsp_error (input port clocked by clk)
Endpoint: d_req_valid (output port clocked by clk)
Path Group: clk
Path Type: max

   Delay     Time   Description
-----------------------------------------------------------
   0.000    0.000   clock clk (rise edge)
   0.000    0.000   clock network delay (propagated)
   2.000    2.000 v input external delay
   0.026    2.026 v d_rsp_error (in)
   0.180    2.206 v hold3815/X (sky130_fd_sc_hd__clkbuf_1)
   0.324    2.530 v input2/X (sky130_fd_sc_hd__buf_2)
   0.323    2.852 v hold3816/X (sky130_fd_sc_hd__clkbuf_1)
   0.494    3.347 v _14245_/Y (sky130_fd_sc_hd__nand2b_2)
   0.354    3.700 v _14246_/X (sky130_fd_sc_hd__o211a_2)
   0.655    4.355 ^ _14254_/Y (sky130_fd_sc_hd__o31ai_4)
   0.344    4.699 v _14259_/Y (sky130_fd_sc_hd__o211ai_4)
   0.267    4.966 v rebuffer3252/X (sky130_fd_sc_hd__buf_6)
   0.843    5.809 ^ _14261_/X (sky130_fd_sc_hd__and4bb_4)
   0.300    6.109 ^ output109/X (sky130_fd_sc_hd__buf_8)
   0.001    6.109 ^ d_req_valid (out)
            6.109   data arrival time

  10.000   10.000   clock clk (rise edge)
   0.000   10.000   clock network delay (propagated)
  -0.250    9.750   clock uncertainty
   0.000    9.750   clock reconvergence pessimism
  -2.000    7.750   output external delay
            7.750   data required time
-----------------------------------------------------------
            7.750   data required time
           -6.109   data arrival time
-----------------------------------------------------------
            1.641   slack (MET)


NAMED-PATH-END
