NAMED-PATH-BEGIN d_rsp_valid_to_d_req_valid
Startpoint: d_rsp_valid (input port clocked by clk)
Endpoint: d_req_valid (output port clocked by clk)
Path Group: clk
Path Type: max

   Delay     Time   Description
-----------------------------------------------------------
   0.000    0.000   clock clk (rise edge)
   0.000    0.000   clock network delay (propagated)
   2.000    2.000 ^ input external delay
   0.011    2.011 ^ d_rsp_valid (in)
   0.245    2.255 ^ input35/X (sky130_fd_sc_hd__buf_2)
   0.189    2.444 ^ wire2942/X (sky130_fd_sc_hd__buf_12)
   0.428    2.872 ^ fanout2941/X (sky130_fd_sc_hd__buf_2)
   0.273    3.145 ^ _14384_/X (sky130_fd_sc_hd__or3b_4)
   0.110    3.255 ^ fanout1370/X (sky130_fd_sc_hd__buf_12)
   0.153    3.408 ^ fanout1369/X (sky130_fd_sc_hd__buf_8)
   0.155    3.563 ^ fanout1368/X (sky130_fd_sc_hd__buf_12)
   0.201    3.763 v _14389_/Y (sky130_fd_sc_hd__o2111ai_4)
   0.194    3.958 v rebuffer3012/X (sky130_fd_sc_hd__buf_6)
   0.299    4.256 ^ _14390_/Y (sky130_fd_sc_hd__nor2_4)
   0.283    4.539 ^ _14391_/X (sky130_fd_sc_hd__and3_4)
   0.130    4.668 ^ output109/X (sky130_fd_sc_hd__buf_8)
   0.002    4.670 ^ d_req_valid (out)
            4.670   data arrival time

  10.000   10.000   clock clk (rise edge)
   0.000   10.000   clock network delay (propagated)
  -0.250    9.750   clock uncertainty
   0.000    9.750   clock reconvergence pessimism
  -2.000    7.750   output external delay
            7.750   data required time
-----------------------------------------------------------
            7.750   data required time
           -4.670   data arrival time
-----------------------------------------------------------
            3.080   slack (MET)


NAMED-PATH-END
NAMED-PATH-BEGIN d_rsp_error_to_d_req_valid
Startpoint: d_rsp_error (input port clocked by clk)
Endpoint: d_req_valid (output port clocked by clk)
Path Group: clk
Path Type: max

   Delay     Time   Description
-----------------------------------------------------------
   0.000    0.000   clock clk (rise edge)
   0.000    0.000   clock network delay (propagated)
   2.000    2.000 v input external delay
   0.010    2.010 v d_rsp_error (in)
   0.085    2.095 v hold3994/X (sky130_fd_sc_hd__clkbuf_1)
   0.158    2.254 v input2/X (sky130_fd_sc_hd__buf_2)
   0.207    2.461 v hold3995/X (sky130_fd_sc_hd__clkbuf_1)
   0.259    2.720 v _14375_/Y (sky130_fd_sc_hd__nand2b_2)
   0.156    2.876 v _14376_/X (sky130_fd_sc_hd__o211a_2)
   0.330    3.206 ^ _14378_/Y (sky130_fd_sc_hd__o21ai_4)
   0.266    3.471 v _14389_/Y (sky130_fd_sc_hd__o2111ai_4)
   0.194    3.665 v rebuffer3012/X (sky130_fd_sc_hd__buf_6)
   0.299    3.964 ^ _14390_/Y (sky130_fd_sc_hd__nor2_4)
   0.283    4.247 ^ _14391_/X (sky130_fd_sc_hd__and3_4)
   0.130    4.376 ^ output109/X (sky130_fd_sc_hd__buf_8)
   0.002    4.378 ^ d_req_valid (out)
            4.378   data arrival time

  10.000   10.000   clock clk (rise edge)
   0.000   10.000   clock network delay (propagated)
  -0.250    9.750   clock uncertainty
   0.000    9.750   clock reconvergence pessimism
  -2.000    7.750   output external delay
            7.750   data required time
-----------------------------------------------------------
            7.750   data required time
           -4.378   data arrival time
-----------------------------------------------------------
            3.372   slack (MET)


NAMED-PATH-END
