NAMED-PATH-BEGIN d_rsp_valid_to_d_req_valid
Startpoint: d_rsp_valid (input port clocked by clk)
Endpoint: d_req_valid (output port clocked by clk)
Path Group: clk
Path Type: max

   Delay     Time   Description
-----------------------------------------------------------
   0.000    0.000   clock clk (rise edge)
   0.000    0.000   clock network delay (propagated)
   2.500    2.500 ^ input external delay
   0.019    2.519 ^ d_rsp_valid (in)
   0.379    2.899 ^ input35/X (sky130_fd_sc_hd__clkbuf_2)
   0.361    3.260 ^ wire2945/X (sky130_fd_sc_hd__buf_12)
   0.112    3.372 v _14250_/Y (sky130_fd_sc_hd__nor2_2)
   0.468    3.840 v fanout1316/X (sky130_fd_sc_hd__buf_4)
   0.475    4.315 v fanout1306/X (sky130_fd_sc_hd__clkbuf_4)
   0.555    4.870 ^ _14254_/Y (sky130_fd_sc_hd__o31ai_4)
   0.366    5.236 v _14259_/Y (sky130_fd_sc_hd__o211ai_4)
   0.918    6.155 ^ _14261_/X (sky130_fd_sc_hd__and4bb_4)
   0.315    6.469 ^ output109/X (sky130_fd_sc_hd__buf_6)
   0.001    6.470 ^ d_req_valid (out)
            6.470   data arrival time

  12.500   12.500   clock clk (rise edge)
   0.000   12.500   clock network delay (propagated)
  -0.250   12.250   clock uncertainty
   0.000   12.250   clock reconvergence pessimism
  -2.500    9.750   output external delay
            9.750   data required time
-----------------------------------------------------------
            9.750   data required time
           -6.470   data arrival time
-----------------------------------------------------------
            3.280   slack (MET)


NAMED-PATH-END
NAMED-PATH-BEGIN d_rsp_error_to_d_req_valid
Startpoint: d_rsp_error (input port clocked by clk)
Endpoint: d_req_valid (output port clocked by clk)
Path Group: clk
Path Type: max

   Delay     Time   Description
-----------------------------------------------------------
   0.000    0.000   clock clk (rise edge)
   0.000    0.000   clock network delay (propagated)
   2.500    2.500 v input external delay
   0.017    2.517 v d_rsp_error (in)
   0.152    2.669 v hold3342/X (sky130_fd_sc_hd__clkbuf_1)
   0.299    2.968 v input2/X (sky130_fd_sc_hd__buf_2)
   0.328    3.296 v hold3343/X (sky130_fd_sc_hd__clkbuf_1)
   0.502    3.798 v _14245_/Y (sky130_fd_sc_hd__nand2b_2)
   0.358    4.156 v _14246_/X (sky130_fd_sc_hd__o211a_2)
   0.638    4.795 ^ _14254_/Y (sky130_fd_sc_hd__o31ai_4)
   0.366    5.161 v _14259_/Y (sky130_fd_sc_hd__o211ai_4)
   0.918    6.079 ^ _14261_/X (sky130_fd_sc_hd__and4bb_4)
   0.315    6.393 ^ output109/X (sky130_fd_sc_hd__buf_6)
   0.001    6.394 ^ d_req_valid (out)
            6.394   data arrival time

  12.500   12.500   clock clk (rise edge)
   0.000   12.500   clock network delay (propagated)
  -0.250   12.250   clock uncertainty
   0.000   12.250   clock reconvergence pessimism
  -2.500    9.750   output external delay
            9.750   data required time
-----------------------------------------------------------
            9.750   data required time
           -6.394   data arrival time
-----------------------------------------------------------
            3.356   slack (MET)


NAMED-PATH-END
