make[1]: Entering directory '/home/elfo/Documents/Aster'
mkdir -p /home/elfo/Documents/Aster/build/phase5-71e2570/multicore-verified/adversarial_l10_sync0_wait0_w4_n16
verilator --cc --exe --build --timing --Wall -DRISCV_FORMAL --Wno-DECLFILENAME --Wno-GENUNNAMED --Wno-UNUSEDSIGNAL --Wno-BLKSEQ \
	--top-module aster_multicore_probe --Mdir /home/elfo/Documents/Aster/build/phase5-71e2570/multicore-verified/adversarial_l10_sync0_wait0_w4_n16/obj -o /home/elfo/Documents/Aster/build/phase5-71e2570/multicore-verified/adversarial_l10_sync0_wait0_w4_n16/aster_multicore_adversarial_sim \
	"-GENABLE_L1=1'b0" "-GSYNC_MEMORY=1'b0" -GMEMORY_WAIT_CYCLES=0 \
	/home/elfo/Documents/Aster/rtl/core/aster_picorv32.sv /home/elfo/Documents/Aster/vendor/picorv32/picorv32.v /home/elfo/Documents/Aster/rtl/cache/aster_l1_cache.sv /home/elfo/Documents/Aster/rtl/memory/aster_rom.sv /home/elfo/Documents/Aster/rtl/memory/aster_ram.sv /home/elfo/Documents/Aster/rtl/peripherals/aster_uart.sv /home/elfo/Documents/Aster/rtl/peripherals/aster_perf_counters.sv /home/elfo/Documents/Aster/rtl/interconnect/aster_arbiter2.sv /home/elfo/Documents/Aster/rtl/soc/aster_shared_fabric.sv /home/elfo/Documents/Aster/rtl/core/aster_hart.sv /home/elfo/Documents/Aster/rtl/soc/aster_multicore.sv \
	/home/elfo/Documents/Aster/verification/soc/aster_multicore_probe.sv /home/elfo/Documents/Aster/verification/soc/tb_multicore_adversarial.cpp
make[2]: Entering directory '/home/elfo/Documents/Aster/build/phase5-71e2570/multicore-verified/adversarial_l10_sync0_wait0_w4_n16/obj'
g++  -I.  -MMD -I/home/elfo/tools/verilator/root/include -I/home/elfo/tools/verilator/root/include/vltstd -DVM_COVERAGE=0 -DVM_SC=0 -DVM_TRACE=0 -DVM_TRACE_FST=0 -DVM_TRACE_VCD=0 -faligned-new -fcf-protection=none -Wno-bool-operation -Wno-overloaded-virtual -Wno-shadow -Wno-sign-compare -Wno-uninitialized -Wno-unused-but-set-parameter -Wno-unused-but-set-variable -Wno-unused-parameter -Wno-unused-variable       -Os -c -o tb_multicore_adversarial.o /home/elfo/Documents/Aster/verification/soc/tb_multicore_adversarial.cpp
g++ -Os  -I.  -MMD -I/home/elfo/tools/verilator/root/include -I/home/elfo/tools/verilator/root/include/vltstd -DVM_COVERAGE=0 -DVM_SC=0 -DVM_TRACE=0 -DVM_TRACE_FST=0 -DVM_TRACE_VCD=0 -faligned-new -fcf-protection=none -Wno-bool-operation -Wno-overloaded-virtual -Wno-shadow -Wno-sign-compare -Wno-uninitialized -Wno-unused-but-set-parameter -Wno-unused-but-set-variable -Wno-unused-parameter -Wno-unused-variable       -c -o verilated.o /home/elfo/tools/verilator/root/include/verilated.cpp
g++ -Os  -I.  -MMD -I/home/elfo/tools/verilator/root/include -I/home/elfo/tools/verilator/root/include/vltstd -DVM_COVERAGE=0 -DVM_SC=0 -DVM_TRACE=0 -DVM_TRACE_FST=0 -DVM_TRACE_VCD=0 -faligned-new -fcf-protection=none -Wno-bool-operation -Wno-overloaded-virtual -Wno-shadow -Wno-sign-compare -Wno-uninitialized -Wno-unused-but-set-parameter -Wno-unused-but-set-variable -Wno-unused-parameter -Wno-unused-variable       -c -o verilated_threads.o /home/elfo/tools/verilator/root/include/verilated_threads.cpp
/usr/bin/python3 /home/elfo/tools/verilator/root/bin/verilator_includer -DVL_INCLUDE_OPT=include Vaster_multicore_probe.cpp Vaster_multicore_probe___024root__DepSet_h752dbbb1__0.cpp Vaster_multicore_probe___024root__DepSet_hc8bc0555__0.cpp Vaster_multicore_probe_aster_picorv32__DepSet_h70c71e93__0.cpp Vaster_multicore_probe___024root__Slow.cpp Vaster_multicore_probe___024root__DepSet_h752dbbb1__0__Slow.cpp Vaster_multicore_probe___024root__DepSet_hc8bc0555__0__Slow.cpp Vaster_multicore_probe_aster_picorv32__Slow.cpp Vaster_multicore_probe_aster_picorv32__DepSet_h70c71e93__0__Slow.cpp Vaster_multicore_probe_aster_picorv32__DepSet_hcae56077__0__Slow.cpp Vaster_multicore_probe__Syms.cpp > Vaster_multicore_probe__ALL.cpp
g++ -Os  -I.  -MMD -I/home/elfo/tools/verilator/root/include -I/home/elfo/tools/verilator/root/include/vltstd -DVM_COVERAGE=0 -DVM_SC=0 -DVM_TRACE=0 -DVM_TRACE_FST=0 -DVM_TRACE_VCD=0 -faligned-new -fcf-protection=none -Wno-bool-operation -Wno-overloaded-virtual -Wno-shadow -Wno-sign-compare -Wno-uninitialized -Wno-unused-but-set-parameter -Wno-unused-but-set-variable -Wno-unused-parameter -Wno-unused-variable       -c -o Vaster_multicore_probe__ALL.o Vaster_multicore_probe__ALL.cpp
echo "" > Vaster_multicore_probe__ALL.verilator_deplist.tmp
Archive ar -rcs Vaster_multicore_probe__ALL.a Vaster_multicore_probe__ALL.o
g++     tb_multicore_adversarial.o verilated.o verilated_threads.o Vaster_multicore_probe__ALL.a    -pthread -lpthread -latomic   -o /home/elfo/Documents/Aster/build/phase5-71e2570/multicore-verified/adversarial_l10_sync0_wait0_w4_n16/aster_multicore_adversarial_sim
rm Vaster_multicore_probe__ALL.verilator_deplist.tmp
make[2]: Leaving directory '/home/elfo/Documents/Aster/build/phase5-71e2570/multicore-verified/adversarial_l10_sync0_wait0_w4_n16/obj'
riscv32-unknown-elf-gcc -march=rv32im -mabi=ilp32 -nostdlib -nostartfiles -nodefaultlibs -ffreestanding -Wall -Wextra -Werror -O2 -fno-pic -fno-stack-protector -msmall-data-limit=0 -Isoftware/runtime -T software/boot/link_multicore.ld -o /home/elfo/Documents/Aster/build/phase5-71e2570/multicore-verified/software/multicore_faults.elf software/runtime/start_multicore.S software/tests/multicore_faults.c
python3 scripts/elf_to_hex.py --rom-bytes 65536 /home/elfo/Documents/Aster/build/phase5-71e2570/multicore-verified/software/multicore_faults.elf /home/elfo/Documents/Aster/build/phase5-71e2570/multicore-verified/software/multicore_faults.hex
riscv32-unknown-elf-gcc -march=rv32im -mabi=ilp32 -nostdlib -nostartfiles -nodefaultlibs -ffreestanding -Wall -Wextra -Werror -O2 -fno-pic -fno-stack-protector -msmall-data-limit=0 -Isoftware/runtime -T software/boot/link_multicore.ld -o /home/elfo/Documents/Aster/build/phase5-71e2570/multicore-verified/software/multicore_reset_stress.elf software/runtime/start_multicore.S software/tests/multicore_reset_stress.c
python3 scripts/elf_to_hex.py --rom-bytes 65536 /home/elfo/Documents/Aster/build/phase5-71e2570/multicore-verified/software/multicore_reset_stress.elf /home/elfo/Documents/Aster/build/phase5-71e2570/multicore-verified/software/multicore_reset_stress.hex
PASS: real-core faults boot=0 traps=12 primary_retired_while_peer_trapped=9457
PASS: real-core faults boot=1 traps=12 primary_retired_while_peer_trapped=9457
make[1]: Leaving directory '/home/elfo/Documents/Aster'
make[1]: Entering directory '/home/elfo/Documents/Aster'
mkdir -p /home/elfo/Documents/Aster/build/phase5-71e2570/multicore-verified/adversarial_l10_sync0_wait4_w4_n16
verilator --cc --exe --build --timing --Wall -DRISCV_FORMAL --Wno-DECLFILENAME --Wno-GENUNNAMED --Wno-UNUSEDSIGNAL --Wno-BLKSEQ \
	--top-module aster_multicore_probe --Mdir /home/elfo/Documents/Aster/build/phase5-71e2570/multicore-verified/adversarial_l10_sync0_wait4_w4_n16/obj -o /home/elfo/Documents/Aster/build/phase5-71e2570/multicore-verified/adversarial_l10_sync0_wait4_w4_n16/aster_multicore_adversarial_sim \
	"-GENABLE_L1=1'b0" "-GSYNC_MEMORY=1'b0" -GMEMORY_WAIT_CYCLES=4 \
	/home/elfo/Documents/Aster/rtl/core/aster_picorv32.sv /home/elfo/Documents/Aster/vendor/picorv32/picorv32.v /home/elfo/Documents/Aster/rtl/cache/aster_l1_cache.sv /home/elfo/Documents/Aster/rtl/memory/aster_rom.sv /home/elfo/Documents/Aster/rtl/memory/aster_ram.sv /home/elfo/Documents/Aster/rtl/peripherals/aster_uart.sv /home/elfo/Documents/Aster/rtl/peripherals/aster_perf_counters.sv /home/elfo/Documents/Aster/rtl/interconnect/aster_arbiter2.sv /home/elfo/Documents/Aster/rtl/soc/aster_shared_fabric.sv /home/elfo/Documents/Aster/rtl/core/aster_hart.sv /home/elfo/Documents/Aster/rtl/soc/aster_multicore.sv \
	/home/elfo/Documents/Aster/verification/soc/aster_multicore_probe.sv /home/elfo/Documents/Aster/verification/soc/tb_multicore_adversarial.cpp
make[2]: Entering directory '/home/elfo/Documents/Aster/build/phase5-71e2570/multicore-verified/adversarial_l10_sync0_wait4_w4_n16/obj'
g++  -I.  -MMD -I/home/elfo/tools/verilator/root/include -I/home/elfo/tools/verilator/root/include/vltstd -DVM_COVERAGE=0 -DVM_SC=0 -DVM_TRACE=0 -DVM_TRACE_FST=0 -DVM_TRACE_VCD=0 -faligned-new -fcf-protection=none -Wno-bool-operation -Wno-overloaded-virtual -Wno-shadow -Wno-sign-compare -Wno-uninitialized -Wno-unused-but-set-parameter -Wno-unused-but-set-variable -Wno-unused-parameter -Wno-unused-variable       -Os -c -o tb_multicore_adversarial.o /home/elfo/Documents/Aster/verification/soc/tb_multicore_adversarial.cpp
g++ -Os  -I.  -MMD -I/home/elfo/tools/verilator/root/include -I/home/elfo/tools/verilator/root/include/vltstd -DVM_COVERAGE=0 -DVM_SC=0 -DVM_TRACE=0 -DVM_TRACE_FST=0 -DVM_TRACE_VCD=0 -faligned-new -fcf-protection=none -Wno-bool-operation -Wno-overloaded-virtual -Wno-shadow -Wno-sign-compare -Wno-uninitialized -Wno-unused-but-set-parameter -Wno-unused-but-set-variable -Wno-unused-parameter -Wno-unused-variable       -c -o verilated.o /home/elfo/tools/verilator/root/include/verilated.cpp
g++ -Os  -I.  -MMD -I/home/elfo/tools/verilator/root/include -I/home/elfo/tools/verilator/root/include/vltstd -DVM_COVERAGE=0 -DVM_SC=0 -DVM_TRACE=0 -DVM_TRACE_FST=0 -DVM_TRACE_VCD=0 -faligned-new -fcf-protection=none -Wno-bool-operation -Wno-overloaded-virtual -Wno-shadow -Wno-sign-compare -Wno-uninitialized -Wno-unused-but-set-parameter -Wno-unused-but-set-variable -Wno-unused-parameter -Wno-unused-variable       -c -o verilated_threads.o /home/elfo/tools/verilator/root/include/verilated_threads.cpp
/usr/bin/python3 /home/elfo/tools/verilator/root/bin/verilator_includer -DVL_INCLUDE_OPT=include Vaster_multicore_probe.cpp Vaster_multicore_probe___024root__DepSet_h752dbbb1__0.cpp Vaster_multicore_probe___024root__DepSet_hc8bc0555__0.cpp Vaster_multicore_probe_aster_picorv32__DepSet_h70c71e93__0.cpp Vaster_multicore_probe___024root__Slow.cpp Vaster_multicore_probe___024root__DepSet_h752dbbb1__0__Slow.cpp Vaster_multicore_probe___024root__DepSet_hc8bc0555__0__Slow.cpp Vaster_multicore_probe_aster_picorv32__Slow.cpp Vaster_multicore_probe_aster_picorv32__DepSet_h70c71e93__0__Slow.cpp Vaster_multicore_probe_aster_picorv32__DepSet_hcae56077__0__Slow.cpp Vaster_multicore_probe__Syms.cpp > Vaster_multicore_probe__ALL.cpp
g++ -Os  -I.  -MMD -I/home/elfo/tools/verilator/root/include -I/home/elfo/tools/verilator/root/include/vltstd -DVM_COVERAGE=0 -DVM_SC=0 -DVM_TRACE=0 -DVM_TRACE_FST=0 -DVM_TRACE_VCD=0 -faligned-new -fcf-protection=none -Wno-bool-operation -Wno-overloaded-virtual -Wno-shadow -Wno-sign-compare -Wno-uninitialized -Wno-unused-but-set-parameter -Wno-unused-but-set-variable -Wno-unused-parameter -Wno-unused-variable       -c -o Vaster_multicore_probe__ALL.o Vaster_multicore_probe__ALL.cpp
echo "" > Vaster_multicore_probe__ALL.verilator_deplist.tmp
Archive ar -rcs Vaster_multicore_probe__ALL.a Vaster_multicore_probe__ALL.o
g++     tb_multicore_adversarial.o verilated.o verilated_threads.o Vaster_multicore_probe__ALL.a    -pthread -lpthread -latomic   -o /home/elfo/Documents/Aster/build/phase5-71e2570/multicore-verified/adversarial_l10_sync0_wait4_w4_n16/aster_multicore_adversarial_sim
rm Vaster_multicore_probe__ALL.verilator_deplist.tmp
make[2]: Leaving directory '/home/elfo/Documents/Aster/build/phase5-71e2570/multicore-verified/adversarial_l10_sync0_wait4_w4_n16/obj'
PASS: real-core faults boot=0 traps=12 primary_retired_while_peer_trapped=9455
PASS: real-core faults boot=1 traps=12 primary_retired_while_peer_trapped=9455
PASS: real-core reset seed=1 aborted_stores=8 aborted_reads=16 preserved_stores=24
PASS: real-core reset seed=42366 aborted_stores=8 aborted_reads=16 preserved_stores=24
PASS: real-core reset seed=12648430 aborted_stores=8 aborted_reads=16 preserved_stores=24
make[1]: Leaving directory '/home/elfo/Documents/Aster'
make[1]: Entering directory '/home/elfo/Documents/Aster'
mkdir -p /home/elfo/Documents/Aster/build/phase5-71e2570/multicore-verified/adversarial_l10_sync1_wait1_w4_n16
verilator --cc --exe --build --timing --Wall -DRISCV_FORMAL --Wno-DECLFILENAME --Wno-GENUNNAMED --Wno-UNUSEDSIGNAL --Wno-BLKSEQ \
	--top-module aster_multicore_probe --Mdir /home/elfo/Documents/Aster/build/phase5-71e2570/multicore-verified/adversarial_l10_sync1_wait1_w4_n16/obj -o /home/elfo/Documents/Aster/build/phase5-71e2570/multicore-verified/adversarial_l10_sync1_wait1_w4_n16/aster_multicore_adversarial_sim \
	"-GENABLE_L1=1'b0" "-GSYNC_MEMORY=1'b1" -GMEMORY_WAIT_CYCLES=1 \
	/home/elfo/Documents/Aster/rtl/core/aster_picorv32.sv /home/elfo/Documents/Aster/vendor/picorv32/picorv32.v /home/elfo/Documents/Aster/rtl/cache/aster_l1_cache.sv /home/elfo/Documents/Aster/rtl/memory/aster_rom.sv /home/elfo/Documents/Aster/rtl/memory/aster_ram.sv /home/elfo/Documents/Aster/rtl/peripherals/aster_uart.sv /home/elfo/Documents/Aster/rtl/peripherals/aster_perf_counters.sv /home/elfo/Documents/Aster/rtl/interconnect/aster_arbiter2.sv /home/elfo/Documents/Aster/rtl/soc/aster_shared_fabric.sv /home/elfo/Documents/Aster/rtl/core/aster_hart.sv /home/elfo/Documents/Aster/rtl/soc/aster_multicore.sv \
	/home/elfo/Documents/Aster/verification/soc/aster_multicore_probe.sv /home/elfo/Documents/Aster/verification/soc/tb_multicore_adversarial.cpp
make[2]: Entering directory '/home/elfo/Documents/Aster/build/phase5-71e2570/multicore-verified/adversarial_l10_sync1_wait1_w4_n16/obj'
g++  -I.  -MMD -I/home/elfo/tools/verilator/root/include -I/home/elfo/tools/verilator/root/include/vltstd -DVM_COVERAGE=0 -DVM_SC=0 -DVM_TRACE=0 -DVM_TRACE_FST=0 -DVM_TRACE_VCD=0 -faligned-new -fcf-protection=none -Wno-bool-operation -Wno-overloaded-virtual -Wno-shadow -Wno-sign-compare -Wno-uninitialized -Wno-unused-but-set-parameter -Wno-unused-but-set-variable -Wno-unused-parameter -Wno-unused-variable       -Os -c -o tb_multicore_adversarial.o /home/elfo/Documents/Aster/verification/soc/tb_multicore_adversarial.cpp
g++ -Os  -I.  -MMD -I/home/elfo/tools/verilator/root/include -I/home/elfo/tools/verilator/root/include/vltstd -DVM_COVERAGE=0 -DVM_SC=0 -DVM_TRACE=0 -DVM_TRACE_FST=0 -DVM_TRACE_VCD=0 -faligned-new -fcf-protection=none -Wno-bool-operation -Wno-overloaded-virtual -Wno-shadow -Wno-sign-compare -Wno-uninitialized -Wno-unused-but-set-parameter -Wno-unused-but-set-variable -Wno-unused-parameter -Wno-unused-variable       -c -o verilated.o /home/elfo/tools/verilator/root/include/verilated.cpp
g++ -Os  -I.  -MMD -I/home/elfo/tools/verilator/root/include -I/home/elfo/tools/verilator/root/include/vltstd -DVM_COVERAGE=0 -DVM_SC=0 -DVM_TRACE=0 -DVM_TRACE_FST=0 -DVM_TRACE_VCD=0 -faligned-new -fcf-protection=none -Wno-bool-operation -Wno-overloaded-virtual -Wno-shadow -Wno-sign-compare -Wno-uninitialized -Wno-unused-but-set-parameter -Wno-unused-but-set-variable -Wno-unused-parameter -Wno-unused-variable       -c -o verilated_threads.o /home/elfo/tools/verilator/root/include/verilated_threads.cpp
/usr/bin/python3 /home/elfo/tools/verilator/root/bin/verilator_includer -DVL_INCLUDE_OPT=include Vaster_multicore_probe.cpp Vaster_multicore_probe___024root__DepSet_h752dbbb1__0.cpp Vaster_multicore_probe___024root__DepSet_hc8bc0555__0.cpp Vaster_multicore_probe_aster_picorv32__DepSet_h70c71e93__0.cpp Vaster_multicore_probe___024root__Slow.cpp Vaster_multicore_probe___024root__DepSet_h752dbbb1__0__Slow.cpp Vaster_multicore_probe___024root__DepSet_hc8bc0555__0__Slow.cpp Vaster_multicore_probe_aster_picorv32__Slow.cpp Vaster_multicore_probe_aster_picorv32__DepSet_h70c71e93__0__Slow.cpp Vaster_multicore_probe_aster_picorv32__DepSet_hcae56077__0__Slow.cpp Vaster_multicore_probe__Syms.cpp > Vaster_multicore_probe__ALL.cpp
g++ -Os  -I.  -MMD -I/home/elfo/tools/verilator/root/include -I/home/elfo/tools/verilator/root/include/vltstd -DVM_COVERAGE=0 -DVM_SC=0 -DVM_TRACE=0 -DVM_TRACE_FST=0 -DVM_TRACE_VCD=0 -faligned-new -fcf-protection=none -Wno-bool-operation -Wno-overloaded-virtual -Wno-shadow -Wno-sign-compare -Wno-uninitialized -Wno-unused-but-set-parameter -Wno-unused-but-set-variable -Wno-unused-parameter -Wno-unused-variable       -c -o Vaster_multicore_probe__ALL.o Vaster_multicore_probe__ALL.cpp
echo "" > Vaster_multicore_probe__ALL.verilator_deplist.tmp
Archive ar -rcs Vaster_multicore_probe__ALL.a Vaster_multicore_probe__ALL.o
g++     tb_multicore_adversarial.o verilated.o verilated_threads.o Vaster_multicore_probe__ALL.a    -pthread -lpthread -latomic   -o /home/elfo/Documents/Aster/build/phase5-71e2570/multicore-verified/adversarial_l10_sync1_wait1_w4_n16/aster_multicore_adversarial_sim
rm Vaster_multicore_probe__ALL.verilator_deplist.tmp
make[2]: Leaving directory '/home/elfo/Documents/Aster/build/phase5-71e2570/multicore-verified/adversarial_l10_sync1_wait1_w4_n16/obj'
PASS: real-core faults boot=0 traps=12 primary_retired_while_peer_trapped=9450
PASS: real-core faults boot=1 traps=12 primary_retired_while_peer_trapped=9450
PASS: real-core reset seed=1 aborted_stores=8 aborted_reads=16 preserved_stores=24
PASS: real-core reset seed=42366 aborted_stores=8 aborted_reads=16 preserved_stores=24
PASS: real-core reset seed=12648430 aborted_stores=8 aborted_reads=16 preserved_stores=24
make[1]: Leaving directory '/home/elfo/Documents/Aster'
make[1]: Entering directory '/home/elfo/Documents/Aster'
mkdir -p /home/elfo/Documents/Aster/build/phase5-71e2570/multicore-verified/adversarial_l10_sync1_wait4_w4_n16
verilator --cc --exe --build --timing --Wall -DRISCV_FORMAL --Wno-DECLFILENAME --Wno-GENUNNAMED --Wno-UNUSEDSIGNAL --Wno-BLKSEQ \
	--top-module aster_multicore_probe --Mdir /home/elfo/Documents/Aster/build/phase5-71e2570/multicore-verified/adversarial_l10_sync1_wait4_w4_n16/obj -o /home/elfo/Documents/Aster/build/phase5-71e2570/multicore-verified/adversarial_l10_sync1_wait4_w4_n16/aster_multicore_adversarial_sim \
	"-GENABLE_L1=1'b0" "-GSYNC_MEMORY=1'b1" -GMEMORY_WAIT_CYCLES=4 \
	/home/elfo/Documents/Aster/rtl/core/aster_picorv32.sv /home/elfo/Documents/Aster/vendor/picorv32/picorv32.v /home/elfo/Documents/Aster/rtl/cache/aster_l1_cache.sv /home/elfo/Documents/Aster/rtl/memory/aster_rom.sv /home/elfo/Documents/Aster/rtl/memory/aster_ram.sv /home/elfo/Documents/Aster/rtl/peripherals/aster_uart.sv /home/elfo/Documents/Aster/rtl/peripherals/aster_perf_counters.sv /home/elfo/Documents/Aster/rtl/interconnect/aster_arbiter2.sv /home/elfo/Documents/Aster/rtl/soc/aster_shared_fabric.sv /home/elfo/Documents/Aster/rtl/core/aster_hart.sv /home/elfo/Documents/Aster/rtl/soc/aster_multicore.sv \
	/home/elfo/Documents/Aster/verification/soc/aster_multicore_probe.sv /home/elfo/Documents/Aster/verification/soc/tb_multicore_adversarial.cpp
make[2]: Entering directory '/home/elfo/Documents/Aster/build/phase5-71e2570/multicore-verified/adversarial_l10_sync1_wait4_w4_n16/obj'
g++  -I.  -MMD -I/home/elfo/tools/verilator/root/include -I/home/elfo/tools/verilator/root/include/vltstd -DVM_COVERAGE=0 -DVM_SC=0 -DVM_TRACE=0 -DVM_TRACE_FST=0 -DVM_TRACE_VCD=0 -faligned-new -fcf-protection=none -Wno-bool-operation -Wno-overloaded-virtual -Wno-shadow -Wno-sign-compare -Wno-uninitialized -Wno-unused-but-set-parameter -Wno-unused-but-set-variable -Wno-unused-parameter -Wno-unused-variable       -Os -c -o tb_multicore_adversarial.o /home/elfo/Documents/Aster/verification/soc/tb_multicore_adversarial.cpp
g++ -Os  -I.  -MMD -I/home/elfo/tools/verilator/root/include -I/home/elfo/tools/verilator/root/include/vltstd -DVM_COVERAGE=0 -DVM_SC=0 -DVM_TRACE=0 -DVM_TRACE_FST=0 -DVM_TRACE_VCD=0 -faligned-new -fcf-protection=none -Wno-bool-operation -Wno-overloaded-virtual -Wno-shadow -Wno-sign-compare -Wno-uninitialized -Wno-unused-but-set-parameter -Wno-unused-but-set-variable -Wno-unused-parameter -Wno-unused-variable       -c -o verilated.o /home/elfo/tools/verilator/root/include/verilated.cpp
g++ -Os  -I.  -MMD -I/home/elfo/tools/verilator/root/include -I/home/elfo/tools/verilator/root/include/vltstd -DVM_COVERAGE=0 -DVM_SC=0 -DVM_TRACE=0 -DVM_TRACE_FST=0 -DVM_TRACE_VCD=0 -faligned-new -fcf-protection=none -Wno-bool-operation -Wno-overloaded-virtual -Wno-shadow -Wno-sign-compare -Wno-uninitialized -Wno-unused-but-set-parameter -Wno-unused-but-set-variable -Wno-unused-parameter -Wno-unused-variable       -c -o verilated_threads.o /home/elfo/tools/verilator/root/include/verilated_threads.cpp
/usr/bin/python3 /home/elfo/tools/verilator/root/bin/verilator_includer -DVL_INCLUDE_OPT=include Vaster_multicore_probe.cpp Vaster_multicore_probe___024root__DepSet_h752dbbb1__0.cpp Vaster_multicore_probe___024root__DepSet_hc8bc0555__0.cpp Vaster_multicore_probe_aster_picorv32__DepSet_h70c71e93__0.cpp Vaster_multicore_probe___024root__Slow.cpp Vaster_multicore_probe___024root__DepSet_h752dbbb1__0__Slow.cpp Vaster_multicore_probe___024root__DepSet_hc8bc0555__0__Slow.cpp Vaster_multicore_probe_aster_picorv32__Slow.cpp Vaster_multicore_probe_aster_picorv32__DepSet_h70c71e93__0__Slow.cpp Vaster_multicore_probe_aster_picorv32__DepSet_hcae56077__0__Slow.cpp Vaster_multicore_probe__Syms.cpp > Vaster_multicore_probe__ALL.cpp
g++ -Os  -I.  -MMD -I/home/elfo/tools/verilator/root/include -I/home/elfo/tools/verilator/root/include/vltstd -DVM_COVERAGE=0 -DVM_SC=0 -DVM_TRACE=0 -DVM_TRACE_FST=0 -DVM_TRACE_VCD=0 -faligned-new -fcf-protection=none -Wno-bool-operation -Wno-overloaded-virtual -Wno-shadow -Wno-sign-compare -Wno-uninitialized -Wno-unused-but-set-parameter -Wno-unused-but-set-variable -Wno-unused-parameter -Wno-unused-variable       -c -o Vaster_multicore_probe__ALL.o Vaster_multicore_probe__ALL.cpp
echo "" > Vaster_multicore_probe__ALL.verilator_deplist.tmp
Archive ar -rcs Vaster_multicore_probe__ALL.a Vaster_multicore_probe__ALL.o
g++     tb_multicore_adversarial.o verilated.o verilated_threads.o Vaster_multicore_probe__ALL.a    -pthread -lpthread -latomic   -o /home/elfo/Documents/Aster/build/phase5-71e2570/multicore-verified/adversarial_l10_sync1_wait4_w4_n16/aster_multicore_adversarial_sim
rm Vaster_multicore_probe__ALL.verilator_deplist.tmp
make[2]: Leaving directory '/home/elfo/Documents/Aster/build/phase5-71e2570/multicore-verified/adversarial_l10_sync1_wait4_w4_n16/obj'
PASS: real-core faults boot=0 traps=12 primary_retired_while_peer_trapped=9455
PASS: real-core faults boot=1 traps=12 primary_retired_while_peer_trapped=9455
PASS: real-core reset seed=1 aborted_stores=8 aborted_reads=16 preserved_stores=24
PASS: real-core reset seed=42366 aborted_stores=8 aborted_reads=16 preserved_stores=24
PASS: real-core reset seed=12648430 aborted_stores=8 aborted_reads=16 preserved_stores=24
make[1]: Leaving directory '/home/elfo/Documents/Aster'
make[1]: Entering directory '/home/elfo/Documents/Aster'
mkdir -p /home/elfo/Documents/Aster/build/phase5-71e2570/multicore-verified/adversarial_l11_sync0_wait0_w4_n16
verilator --cc --exe --build --timing --Wall -DRISCV_FORMAL --Wno-DECLFILENAME --Wno-GENUNNAMED --Wno-UNUSEDSIGNAL --Wno-BLKSEQ \
	--top-module aster_multicore_probe --Mdir /home/elfo/Documents/Aster/build/phase5-71e2570/multicore-verified/adversarial_l11_sync0_wait0_w4_n16/obj -o /home/elfo/Documents/Aster/build/phase5-71e2570/multicore-verified/adversarial_l11_sync0_wait0_w4_n16/aster_multicore_adversarial_sim \
	"-GENABLE_L1=1'b1" "-GSYNC_MEMORY=1'b0" -GMEMORY_WAIT_CYCLES=0 \
	/home/elfo/Documents/Aster/rtl/core/aster_picorv32.sv /home/elfo/Documents/Aster/vendor/picorv32/picorv32.v /home/elfo/Documents/Aster/rtl/cache/aster_l1_cache.sv /home/elfo/Documents/Aster/rtl/memory/aster_rom.sv /home/elfo/Documents/Aster/rtl/memory/aster_ram.sv /home/elfo/Documents/Aster/rtl/peripherals/aster_uart.sv /home/elfo/Documents/Aster/rtl/peripherals/aster_perf_counters.sv /home/elfo/Documents/Aster/rtl/interconnect/aster_arbiter2.sv /home/elfo/Documents/Aster/rtl/soc/aster_shared_fabric.sv /home/elfo/Documents/Aster/rtl/core/aster_hart.sv /home/elfo/Documents/Aster/rtl/soc/aster_multicore.sv \
	/home/elfo/Documents/Aster/verification/soc/aster_multicore_probe.sv /home/elfo/Documents/Aster/verification/soc/tb_multicore_adversarial.cpp
make[2]: Entering directory '/home/elfo/Documents/Aster/build/phase5-71e2570/multicore-verified/adversarial_l11_sync0_wait0_w4_n16/obj'
g++  -I.  -MMD -I/home/elfo/tools/verilator/root/include -I/home/elfo/tools/verilator/root/include/vltstd -DVM_COVERAGE=0 -DVM_SC=0 -DVM_TRACE=0 -DVM_TRACE_FST=0 -DVM_TRACE_VCD=0 -faligned-new -fcf-protection=none -Wno-bool-operation -Wno-overloaded-virtual -Wno-shadow -Wno-sign-compare -Wno-uninitialized -Wno-unused-but-set-parameter -Wno-unused-but-set-variable -Wno-unused-parameter -Wno-unused-variable       -Os -c -o tb_multicore_adversarial.o /home/elfo/Documents/Aster/verification/soc/tb_multicore_adversarial.cpp
g++ -Os  -I.  -MMD -I/home/elfo/tools/verilator/root/include -I/home/elfo/tools/verilator/root/include/vltstd -DVM_COVERAGE=0 -DVM_SC=0 -DVM_TRACE=0 -DVM_TRACE_FST=0 -DVM_TRACE_VCD=0 -faligned-new -fcf-protection=none -Wno-bool-operation -Wno-overloaded-virtual -Wno-shadow -Wno-sign-compare -Wno-uninitialized -Wno-unused-but-set-parameter -Wno-unused-but-set-variable -Wno-unused-parameter -Wno-unused-variable       -c -o verilated.o /home/elfo/tools/verilator/root/include/verilated.cpp
g++ -Os  -I.  -MMD -I/home/elfo/tools/verilator/root/include -I/home/elfo/tools/verilator/root/include/vltstd -DVM_COVERAGE=0 -DVM_SC=0 -DVM_TRACE=0 -DVM_TRACE_FST=0 -DVM_TRACE_VCD=0 -faligned-new -fcf-protection=none -Wno-bool-operation -Wno-overloaded-virtual -Wno-shadow -Wno-sign-compare -Wno-uninitialized -Wno-unused-but-set-parameter -Wno-unused-but-set-variable -Wno-unused-parameter -Wno-unused-variable       -c -o verilated_threads.o /home/elfo/tools/verilator/root/include/verilated_threads.cpp
/usr/bin/python3 /home/elfo/tools/verilator/root/bin/verilator_includer -DVL_INCLUDE_OPT=include Vaster_multicore_probe.cpp Vaster_multicore_probe___024root__DepSet_h752dbbb1__0.cpp Vaster_multicore_probe___024root__DepSet_hc8bc0555__0.cpp Vaster_multicore_probe_aster_picorv32__DepSet_h70c71e93__0.cpp Vaster_multicore_probe___024root__Slow.cpp Vaster_multicore_probe___024root__DepSet_h752dbbb1__0__Slow.cpp Vaster_multicore_probe___024root__DepSet_hc8bc0555__0__Slow.cpp Vaster_multicore_probe_aster_picorv32__Slow.cpp Vaster_multicore_probe_aster_picorv32__DepSet_h70c71e93__0__Slow.cpp Vaster_multicore_probe_aster_picorv32__DepSet_hcae56077__0__Slow.cpp Vaster_multicore_probe__Syms.cpp > Vaster_multicore_probe__ALL.cpp
g++ -Os  -I.  -MMD -I/home/elfo/tools/verilator/root/include -I/home/elfo/tools/verilator/root/include/vltstd -DVM_COVERAGE=0 -DVM_SC=0 -DVM_TRACE=0 -DVM_TRACE_FST=0 -DVM_TRACE_VCD=0 -faligned-new -fcf-protection=none -Wno-bool-operation -Wno-overloaded-virtual -Wno-shadow -Wno-sign-compare -Wno-uninitialized -Wno-unused-but-set-parameter -Wno-unused-but-set-variable -Wno-unused-parameter -Wno-unused-variable       -c -o Vaster_multicore_probe__ALL.o Vaster_multicore_probe__ALL.cpp
echo "" > Vaster_multicore_probe__ALL.verilator_deplist.tmp
Archive ar -rcs Vaster_multicore_probe__ALL.a Vaster_multicore_probe__ALL.o
g++     tb_multicore_adversarial.o verilated.o verilated_threads.o Vaster_multicore_probe__ALL.a    -pthread -lpthread -latomic   -o /home/elfo/Documents/Aster/build/phase5-71e2570/multicore-verified/adversarial_l11_sync0_wait0_w4_n16/aster_multicore_adversarial_sim
rm Vaster_multicore_probe__ALL.verilator_deplist.tmp
make[2]: Leaving directory '/home/elfo/Documents/Aster/build/phase5-71e2570/multicore-verified/adversarial_l11_sync0_wait0_w4_n16/obj'
PASS: real-core faults boot=0 traps=12 primary_retired_while_peer_trapped=9453
PASS: real-core faults boot=1 traps=12 primary_retired_while_peer_trapped=9453
make[1]: Leaving directory '/home/elfo/Documents/Aster'
make[1]: Entering directory '/home/elfo/Documents/Aster'
mkdir -p /home/elfo/Documents/Aster/build/phase5-71e2570/multicore-verified/adversarial_l11_sync0_wait4_w4_n16
verilator --cc --exe --build --timing --Wall -DRISCV_FORMAL --Wno-DECLFILENAME --Wno-GENUNNAMED --Wno-UNUSEDSIGNAL --Wno-BLKSEQ \
	--top-module aster_multicore_probe --Mdir /home/elfo/Documents/Aster/build/phase5-71e2570/multicore-verified/adversarial_l11_sync0_wait4_w4_n16/obj -o /home/elfo/Documents/Aster/build/phase5-71e2570/multicore-verified/adversarial_l11_sync0_wait4_w4_n16/aster_multicore_adversarial_sim \
	"-GENABLE_L1=1'b1" "-GSYNC_MEMORY=1'b0" -GMEMORY_WAIT_CYCLES=4 \
	/home/elfo/Documents/Aster/rtl/core/aster_picorv32.sv /home/elfo/Documents/Aster/vendor/picorv32/picorv32.v /home/elfo/Documents/Aster/rtl/cache/aster_l1_cache.sv /home/elfo/Documents/Aster/rtl/memory/aster_rom.sv /home/elfo/Documents/Aster/rtl/memory/aster_ram.sv /home/elfo/Documents/Aster/rtl/peripherals/aster_uart.sv /home/elfo/Documents/Aster/rtl/peripherals/aster_perf_counters.sv /home/elfo/Documents/Aster/rtl/interconnect/aster_arbiter2.sv /home/elfo/Documents/Aster/rtl/soc/aster_shared_fabric.sv /home/elfo/Documents/Aster/rtl/core/aster_hart.sv /home/elfo/Documents/Aster/rtl/soc/aster_multicore.sv \
	/home/elfo/Documents/Aster/verification/soc/aster_multicore_probe.sv /home/elfo/Documents/Aster/verification/soc/tb_multicore_adversarial.cpp
make[2]: Entering directory '/home/elfo/Documents/Aster/build/phase5-71e2570/multicore-verified/adversarial_l11_sync0_wait4_w4_n16/obj'
g++  -I.  -MMD -I/home/elfo/tools/verilator/root/include -I/home/elfo/tools/verilator/root/include/vltstd -DVM_COVERAGE=0 -DVM_SC=0 -DVM_TRACE=0 -DVM_TRACE_FST=0 -DVM_TRACE_VCD=0 -faligned-new -fcf-protection=none -Wno-bool-operation -Wno-overloaded-virtual -Wno-shadow -Wno-sign-compare -Wno-uninitialized -Wno-unused-but-set-parameter -Wno-unused-but-set-variable -Wno-unused-parameter -Wno-unused-variable       -Os -c -o tb_multicore_adversarial.o /home/elfo/Documents/Aster/verification/soc/tb_multicore_adversarial.cpp
g++ -Os  -I.  -MMD -I/home/elfo/tools/verilator/root/include -I/home/elfo/tools/verilator/root/include/vltstd -DVM_COVERAGE=0 -DVM_SC=0 -DVM_TRACE=0 -DVM_TRACE_FST=0 -DVM_TRACE_VCD=0 -faligned-new -fcf-protection=none -Wno-bool-operation -Wno-overloaded-virtual -Wno-shadow -Wno-sign-compare -Wno-uninitialized -Wno-unused-but-set-parameter -Wno-unused-but-set-variable -Wno-unused-parameter -Wno-unused-variable       -c -o verilated.o /home/elfo/tools/verilator/root/include/verilated.cpp
g++ -Os  -I.  -MMD -I/home/elfo/tools/verilator/root/include -I/home/elfo/tools/verilator/root/include/vltstd -DVM_COVERAGE=0 -DVM_SC=0 -DVM_TRACE=0 -DVM_TRACE_FST=0 -DVM_TRACE_VCD=0 -faligned-new -fcf-protection=none -Wno-bool-operation -Wno-overloaded-virtual -Wno-shadow -Wno-sign-compare -Wno-uninitialized -Wno-unused-but-set-parameter -Wno-unused-but-set-variable -Wno-unused-parameter -Wno-unused-variable       -c -o verilated_threads.o /home/elfo/tools/verilator/root/include/verilated_threads.cpp
/usr/bin/python3 /home/elfo/tools/verilator/root/bin/verilator_includer -DVL_INCLUDE_OPT=include Vaster_multicore_probe.cpp Vaster_multicore_probe___024root__DepSet_h752dbbb1__0.cpp Vaster_multicore_probe___024root__DepSet_hc8bc0555__0.cpp Vaster_multicore_probe_aster_picorv32__DepSet_h70c71e93__0.cpp Vaster_multicore_probe___024root__Slow.cpp Vaster_multicore_probe___024root__DepSet_h752dbbb1__0__Slow.cpp Vaster_multicore_probe___024root__DepSet_hc8bc0555__0__Slow.cpp Vaster_multicore_probe_aster_picorv32__Slow.cpp Vaster_multicore_probe_aster_picorv32__DepSet_h70c71e93__0__Slow.cpp Vaster_multicore_probe_aster_picorv32__DepSet_hcae56077__0__Slow.cpp Vaster_multicore_probe__Syms.cpp > Vaster_multicore_probe__ALL.cpp
g++ -Os  -I.  -MMD -I/home/elfo/tools/verilator/root/include -I/home/elfo/tools/verilator/root/include/vltstd -DVM_COVERAGE=0 -DVM_SC=0 -DVM_TRACE=0 -DVM_TRACE_FST=0 -DVM_TRACE_VCD=0 -faligned-new -fcf-protection=none -Wno-bool-operation -Wno-overloaded-virtual -Wno-shadow -Wno-sign-compare -Wno-uninitialized -Wno-unused-but-set-parameter -Wno-unused-but-set-variable -Wno-unused-parameter -Wno-unused-variable       -c -o Vaster_multicore_probe__ALL.o Vaster_multicore_probe__ALL.cpp
echo "" > Vaster_multicore_probe__ALL.verilator_deplist.tmp
Archive ar -rcs Vaster_multicore_probe__ALL.a Vaster_multicore_probe__ALL.o
g++     tb_multicore_adversarial.o verilated.o verilated_threads.o Vaster_multicore_probe__ALL.a    -pthread -lpthread -latomic   -o /home/elfo/Documents/Aster/build/phase5-71e2570/multicore-verified/adversarial_l11_sync0_wait4_w4_n16/aster_multicore_adversarial_sim
rm Vaster_multicore_probe__ALL.verilator_deplist.tmp
make[2]: Leaving directory '/home/elfo/Documents/Aster/build/phase5-71e2570/multicore-verified/adversarial_l11_sync0_wait4_w4_n16/obj'
PASS: real-core faults boot=0 traps=12 primary_retired_while_peer_trapped=9453
PASS: real-core faults boot=1 traps=12 primary_retired_while_peer_trapped=9453
PASS: real-core reset seed=1 aborted_stores=8 aborted_reads=16 preserved_stores=24
PASS: real-core reset seed=42366 aborted_stores=8 aborted_reads=16 preserved_stores=24
PASS: real-core reset seed=12648430 aborted_stores=8 aborted_reads=16 preserved_stores=24
make[1]: Leaving directory '/home/elfo/Documents/Aster'
make[1]: Entering directory '/home/elfo/Documents/Aster'
mkdir -p /home/elfo/Documents/Aster/build/phase5-71e2570/multicore-verified/adversarial_l11_sync1_wait1_w4_n16
verilator --cc --exe --build --timing --Wall -DRISCV_FORMAL --Wno-DECLFILENAME --Wno-GENUNNAMED --Wno-UNUSEDSIGNAL --Wno-BLKSEQ \
	--top-module aster_multicore_probe --Mdir /home/elfo/Documents/Aster/build/phase5-71e2570/multicore-verified/adversarial_l11_sync1_wait1_w4_n16/obj -o /home/elfo/Documents/Aster/build/phase5-71e2570/multicore-verified/adversarial_l11_sync1_wait1_w4_n16/aster_multicore_adversarial_sim \
	"-GENABLE_L1=1'b1" "-GSYNC_MEMORY=1'b1" -GMEMORY_WAIT_CYCLES=1 \
	/home/elfo/Documents/Aster/rtl/core/aster_picorv32.sv /home/elfo/Documents/Aster/vendor/picorv32/picorv32.v /home/elfo/Documents/Aster/rtl/cache/aster_l1_cache.sv /home/elfo/Documents/Aster/rtl/memory/aster_rom.sv /home/elfo/Documents/Aster/rtl/memory/aster_ram.sv /home/elfo/Documents/Aster/rtl/peripherals/aster_uart.sv /home/elfo/Documents/Aster/rtl/peripherals/aster_perf_counters.sv /home/elfo/Documents/Aster/rtl/interconnect/aster_arbiter2.sv /home/elfo/Documents/Aster/rtl/soc/aster_shared_fabric.sv /home/elfo/Documents/Aster/rtl/core/aster_hart.sv /home/elfo/Documents/Aster/rtl/soc/aster_multicore.sv \
	/home/elfo/Documents/Aster/verification/soc/aster_multicore_probe.sv /home/elfo/Documents/Aster/verification/soc/tb_multicore_adversarial.cpp
make[2]: Entering directory '/home/elfo/Documents/Aster/build/phase5-71e2570/multicore-verified/adversarial_l11_sync1_wait1_w4_n16/obj'
g++  -I.  -MMD -I/home/elfo/tools/verilator/root/include -I/home/elfo/tools/verilator/root/include/vltstd -DVM_COVERAGE=0 -DVM_SC=0 -DVM_TRACE=0 -DVM_TRACE_FST=0 -DVM_TRACE_VCD=0 -faligned-new -fcf-protection=none -Wno-bool-operation -Wno-overloaded-virtual -Wno-shadow -Wno-sign-compare -Wno-uninitialized -Wno-unused-but-set-parameter -Wno-unused-but-set-variable -Wno-unused-parameter -Wno-unused-variable       -Os -c -o tb_multicore_adversarial.o /home/elfo/Documents/Aster/verification/soc/tb_multicore_adversarial.cpp
g++ -Os  -I.  -MMD -I/home/elfo/tools/verilator/root/include -I/home/elfo/tools/verilator/root/include/vltstd -DVM_COVERAGE=0 -DVM_SC=0 -DVM_TRACE=0 -DVM_TRACE_FST=0 -DVM_TRACE_VCD=0 -faligned-new -fcf-protection=none -Wno-bool-operation -Wno-overloaded-virtual -Wno-shadow -Wno-sign-compare -Wno-uninitialized -Wno-unused-but-set-parameter -Wno-unused-but-set-variable -Wno-unused-parameter -Wno-unused-variable       -c -o verilated.o /home/elfo/tools/verilator/root/include/verilated.cpp
g++ -Os  -I.  -MMD -I/home/elfo/tools/verilator/root/include -I/home/elfo/tools/verilator/root/include/vltstd -DVM_COVERAGE=0 -DVM_SC=0 -DVM_TRACE=0 -DVM_TRACE_FST=0 -DVM_TRACE_VCD=0 -faligned-new -fcf-protection=none -Wno-bool-operation -Wno-overloaded-virtual -Wno-shadow -Wno-sign-compare -Wno-uninitialized -Wno-unused-but-set-parameter -Wno-unused-but-set-variable -Wno-unused-parameter -Wno-unused-variable       -c -o verilated_threads.o /home/elfo/tools/verilator/root/include/verilated_threads.cpp
/usr/bin/python3 /home/elfo/tools/verilator/root/bin/verilator_includer -DVL_INCLUDE_OPT=include Vaster_multicore_probe.cpp Vaster_multicore_probe___024root__DepSet_h752dbbb1__0.cpp Vaster_multicore_probe___024root__DepSet_hc8bc0555__0.cpp Vaster_multicore_probe_aster_picorv32__DepSet_h70c71e93__0.cpp Vaster_multicore_probe___024root__Slow.cpp Vaster_multicore_probe___024root__DepSet_h752dbbb1__0__Slow.cpp Vaster_multicore_probe___024root__DepSet_hc8bc0555__0__Slow.cpp Vaster_multicore_probe_aster_picorv32__Slow.cpp Vaster_multicore_probe_aster_picorv32__DepSet_h70c71e93__0__Slow.cpp Vaster_multicore_probe_aster_picorv32__DepSet_hcae56077__0__Slow.cpp Vaster_multicore_probe__Syms.cpp > Vaster_multicore_probe__ALL.cpp
g++ -Os  -I.  -MMD -I/home/elfo/tools/verilator/root/include -I/home/elfo/tools/verilator/root/include/vltstd -DVM_COVERAGE=0 -DVM_SC=0 -DVM_TRACE=0 -DVM_TRACE_FST=0 -DVM_TRACE_VCD=0 -faligned-new -fcf-protection=none -Wno-bool-operation -Wno-overloaded-virtual -Wno-shadow -Wno-sign-compare -Wno-uninitialized -Wno-unused-but-set-parameter -Wno-unused-but-set-variable -Wno-unused-parameter -Wno-unused-variable       -c -o Vaster_multicore_probe__ALL.o Vaster_multicore_probe__ALL.cpp
echo "" > Vaster_multicore_probe__ALL.verilator_deplist.tmp
Archive ar -rcs Vaster_multicore_probe__ALL.a Vaster_multicore_probe__ALL.o
g++     tb_multicore_adversarial.o verilated.o verilated_threads.o Vaster_multicore_probe__ALL.a    -pthread -lpthread -latomic   -o /home/elfo/Documents/Aster/build/phase5-71e2570/multicore-verified/adversarial_l11_sync1_wait1_w4_n16/aster_multicore_adversarial_sim
rm Vaster_multicore_probe__ALL.verilator_deplist.tmp
make[2]: Leaving directory '/home/elfo/Documents/Aster/build/phase5-71e2570/multicore-verified/adversarial_l11_sync1_wait1_w4_n16/obj'
PASS: real-core faults boot=0 traps=12 primary_retired_while_peer_trapped=9448
PASS: real-core faults boot=1 traps=12 primary_retired_while_peer_trapped=9448
PASS: real-core reset seed=1 aborted_stores=8 aborted_reads=16 preserved_stores=24
PASS: real-core reset seed=42366 aborted_stores=8 aborted_reads=16 preserved_stores=24
PASS: real-core reset seed=12648430 aborted_stores=8 aborted_reads=16 preserved_stores=24
make[1]: Leaving directory '/home/elfo/Documents/Aster'
make[1]: Entering directory '/home/elfo/Documents/Aster'
mkdir -p /home/elfo/Documents/Aster/build/phase5-71e2570/multicore-verified/adversarial_l11_sync1_wait4_w4_n16
verilator --cc --exe --build --timing --Wall -DRISCV_FORMAL --Wno-DECLFILENAME --Wno-GENUNNAMED --Wno-UNUSEDSIGNAL --Wno-BLKSEQ \
	--top-module aster_multicore_probe --Mdir /home/elfo/Documents/Aster/build/phase5-71e2570/multicore-verified/adversarial_l11_sync1_wait4_w4_n16/obj -o /home/elfo/Documents/Aster/build/phase5-71e2570/multicore-verified/adversarial_l11_sync1_wait4_w4_n16/aster_multicore_adversarial_sim \
	"-GENABLE_L1=1'b1" "-GSYNC_MEMORY=1'b1" -GMEMORY_WAIT_CYCLES=4 \
	/home/elfo/Documents/Aster/rtl/core/aster_picorv32.sv /home/elfo/Documents/Aster/vendor/picorv32/picorv32.v /home/elfo/Documents/Aster/rtl/cache/aster_l1_cache.sv /home/elfo/Documents/Aster/rtl/memory/aster_rom.sv /home/elfo/Documents/Aster/rtl/memory/aster_ram.sv /home/elfo/Documents/Aster/rtl/peripherals/aster_uart.sv /home/elfo/Documents/Aster/rtl/peripherals/aster_perf_counters.sv /home/elfo/Documents/Aster/rtl/interconnect/aster_arbiter2.sv /home/elfo/Documents/Aster/rtl/soc/aster_shared_fabric.sv /home/elfo/Documents/Aster/rtl/core/aster_hart.sv /home/elfo/Documents/Aster/rtl/soc/aster_multicore.sv \
	/home/elfo/Documents/Aster/verification/soc/aster_multicore_probe.sv /home/elfo/Documents/Aster/verification/soc/tb_multicore_adversarial.cpp
make[2]: Entering directory '/home/elfo/Documents/Aster/build/phase5-71e2570/multicore-verified/adversarial_l11_sync1_wait4_w4_n16/obj'
g++  -I.  -MMD -I/home/elfo/tools/verilator/root/include -I/home/elfo/tools/verilator/root/include/vltstd -DVM_COVERAGE=0 -DVM_SC=0 -DVM_TRACE=0 -DVM_TRACE_FST=0 -DVM_TRACE_VCD=0 -faligned-new -fcf-protection=none -Wno-bool-operation -Wno-overloaded-virtual -Wno-shadow -Wno-sign-compare -Wno-uninitialized -Wno-unused-but-set-parameter -Wno-unused-but-set-variable -Wno-unused-parameter -Wno-unused-variable       -Os -c -o tb_multicore_adversarial.o /home/elfo/Documents/Aster/verification/soc/tb_multicore_adversarial.cpp
g++ -Os  -I.  -MMD -I/home/elfo/tools/verilator/root/include -I/home/elfo/tools/verilator/root/include/vltstd -DVM_COVERAGE=0 -DVM_SC=0 -DVM_TRACE=0 -DVM_TRACE_FST=0 -DVM_TRACE_VCD=0 -faligned-new -fcf-protection=none -Wno-bool-operation -Wno-overloaded-virtual -Wno-shadow -Wno-sign-compare -Wno-uninitialized -Wno-unused-but-set-parameter -Wno-unused-but-set-variable -Wno-unused-parameter -Wno-unused-variable       -c -o verilated.o /home/elfo/tools/verilator/root/include/verilated.cpp
g++ -Os  -I.  -MMD -I/home/elfo/tools/verilator/root/include -I/home/elfo/tools/verilator/root/include/vltstd -DVM_COVERAGE=0 -DVM_SC=0 -DVM_TRACE=0 -DVM_TRACE_FST=0 -DVM_TRACE_VCD=0 -faligned-new -fcf-protection=none -Wno-bool-operation -Wno-overloaded-virtual -Wno-shadow -Wno-sign-compare -Wno-uninitialized -Wno-unused-but-set-parameter -Wno-unused-but-set-variable -Wno-unused-parameter -Wno-unused-variable       -c -o verilated_threads.o /home/elfo/tools/verilator/root/include/verilated_threads.cpp
/usr/bin/python3 /home/elfo/tools/verilator/root/bin/verilator_includer -DVL_INCLUDE_OPT=include Vaster_multicore_probe.cpp Vaster_multicore_probe___024root__DepSet_h752dbbb1__0.cpp Vaster_multicore_probe___024root__DepSet_hc8bc0555__0.cpp Vaster_multicore_probe_aster_picorv32__DepSet_h70c71e93__0.cpp Vaster_multicore_probe___024root__Slow.cpp Vaster_multicore_probe___024root__DepSet_h752dbbb1__0__Slow.cpp Vaster_multicore_probe___024root__DepSet_hc8bc0555__0__Slow.cpp Vaster_multicore_probe_aster_picorv32__Slow.cpp Vaster_multicore_probe_aster_picorv32__DepSet_h70c71e93__0__Slow.cpp Vaster_multicore_probe_aster_picorv32__DepSet_hcae56077__0__Slow.cpp Vaster_multicore_probe__Syms.cpp > Vaster_multicore_probe__ALL.cpp
g++ -Os  -I.  -MMD -I/home/elfo/tools/verilator/root/include -I/home/elfo/tools/verilator/root/include/vltstd -DVM_COVERAGE=0 -DVM_SC=0 -DVM_TRACE=0 -DVM_TRACE_FST=0 -DVM_TRACE_VCD=0 -faligned-new -fcf-protection=none -Wno-bool-operation -Wno-overloaded-virtual -Wno-shadow -Wno-sign-compare -Wno-uninitialized -Wno-unused-but-set-parameter -Wno-unused-but-set-variable -Wno-unused-parameter -Wno-unused-variable       -c -o Vaster_multicore_probe__ALL.o Vaster_multicore_probe__ALL.cpp
echo "" > Vaster_multicore_probe__ALL.verilator_deplist.tmp
Archive ar -rcs Vaster_multicore_probe__ALL.a Vaster_multicore_probe__ALL.o
g++     tb_multicore_adversarial.o verilated.o verilated_threads.o Vaster_multicore_probe__ALL.a    -pthread -lpthread -latomic   -o /home/elfo/Documents/Aster/build/phase5-71e2570/multicore-verified/adversarial_l11_sync1_wait4_w4_n16/aster_multicore_adversarial_sim
rm Vaster_multicore_probe__ALL.verilator_deplist.tmp
make[2]: Leaving directory '/home/elfo/Documents/Aster/build/phase5-71e2570/multicore-verified/adversarial_l11_sync1_wait4_w4_n16/obj'
PASS: real-core faults boot=0 traps=12 primary_retired_while_peer_trapped=9453
PASS: real-core faults boot=1 traps=12 primary_retired_while_peer_trapped=9453
PASS: real-core reset seed=1 aborted_stores=8 aborted_reads=16 preserved_stores=24
PASS: real-core reset seed=42366 aborted_stores=8 aborted_reads=16 preserved_stores=24
PASS: real-core reset seed=12648430 aborted_stores=8 aborted_reads=16 preserved_stores=24
make[1]: Leaving directory '/home/elfo/Documents/Aster'
