NAMED-PATH-BEGIN d_rsp_valid_to_d_req_valid
Startpoint: d_rsp_valid (input port clocked by clk)
Endpoint: d_req_valid (output port clocked by clk)
Path Group: clk
Path Type: max

   Delay     Time   Description
-----------------------------------------------------------
   0.000    0.000   clock clk (rise edge)
   0.000    0.000   clock network delay (propagated)
   2.000    2.000 v input external delay
   0.012    2.012 v d_rsp_valid (in)
   0.192    2.204 v input35/X (sky130_fd_sc_hd__clkbuf_2)
   0.279    2.483 v wire2924/X (sky130_fd_sc_hd__buf_8)
   0.653    3.136 v fanout2920/X (sky130_fd_sc_hd__dlymetal6s4s_1)
   0.334    3.470 ^ _07634_/Y (sky130_fd_sc_hd__nor2_4)
   0.354    3.825 ^ fanout1363/X (sky130_fd_sc_hd__buf_6)
   0.319    4.144 ^ fanout1361/X (sky130_fd_sc_hd__buf_6)
   0.432    4.575 ^ _07636_/X (sky130_fd_sc_hd__and2_4)
   0.301    4.876 ^ fanout741/X (sky130_fd_sc_hd__buf_6)
   0.399    5.276 ^ fanout737/X (sky130_fd_sc_hd__clkbuf_4)
   0.133    5.408 v _07639_/Y (sky130_fd_sc_hd__nor3b_4)
   0.281    5.689 v fanout551/X (sky130_fd_sc_hd__buf_6)
   0.674    6.363 v _07640_/X (sky130_fd_sc_hd__and3b_2)
   0.352    6.715 v output109/X (sky130_fd_sc_hd__buf_8)
   0.002    6.717 v d_req_valid (out)
            6.717   data arrival time

  10.000   10.000   clock clk (rise edge)
   0.000   10.000   clock network delay (propagated)
  -0.250    9.750   clock uncertainty
   0.000    9.750   clock reconvergence pessimism
  -2.000    7.750   output external delay
            7.750   data required time
-----------------------------------------------------------
            7.750   data required time
           -6.717   data arrival time
-----------------------------------------------------------
            1.033   slack (MET)


NAMED-PATH-END
NAMED-PATH-BEGIN d_rsp_error_to_d_req_valid
Startpoint: d_rsp_error (input port clocked by clk)
Endpoint: d_req_valid (output port clocked by clk)
Path Group: clk
Path Type: max

   Delay     Time   Description
-----------------------------------------------------------
   0.000    0.000   clock clk (rise edge)
   0.000    0.000   clock network delay (propagated)
   2.000    2.000 v input external delay
   0.010    2.010 v d_rsp_error (in)
   0.385    2.396 v input2/X (sky130_fd_sc_hd__buf_2)
   0.506    2.902 v _07628_/Y (sky130_fd_sc_hd__nand2b_2)
   0.358    3.260 v _07629_/X (sky130_fd_sc_hd__o211a_2)
   0.691    3.951 ^ _07631_/Y (sky130_fd_sc_hd__o21ai_4)
   0.621    4.572 ^ _07639_/Y (sky130_fd_sc_hd__nor3b_4)
   0.369    4.941 ^ fanout551/X (sky130_fd_sc_hd__buf_6)
   0.722    5.662 ^ _07640_/X (sky130_fd_sc_hd__and3b_2)
   0.357    6.020 ^ output109/X (sky130_fd_sc_hd__buf_8)
   0.002    6.022 ^ d_req_valid (out)
            6.022   data arrival time

  10.000   10.000   clock clk (rise edge)
   0.000   10.000   clock network delay (propagated)
  -0.250    9.750   clock uncertainty
   0.000    9.750   clock reconvergence pessimism
  -2.000    7.750   output external delay
            7.750   data required time
-----------------------------------------------------------
            7.750   data required time
           -6.022   data arrival time
-----------------------------------------------------------
            1.728   slack (MET)


NAMED-PATH-END
