NAMED-PATH-BEGIN d_rsp_valid_to_d_req_valid
Startpoint: d_rsp_valid (input port clocked by clk)
Endpoint: d_req_valid (output port clocked by clk)
Path Group: clk
Path Type: max

   Delay     Time   Description
-----------------------------------------------------------
   0.000    0.000   clock clk (rise edge)
   0.000    0.000   clock network delay (propagated)
   2.000    2.000 ^ input external delay
   0.014    2.014 ^ d_rsp_valid (in)
   0.272    2.285 ^ input35/X (sky130_fd_sc_hd__buf_1)
   0.395    2.680 ^ _07842_/Y (sky130_fd_sc_hd__nand2b_2)
   0.307    2.988 ^ fanout1245/X (sky130_fd_sc_hd__clkbuf_2)
   0.285    3.273 v _07846_/X (sky130_fd_sc_hd__and4bb_4)
   0.258    3.531 v fanout1139/X (sky130_fd_sc_hd__clkbuf_4)
   0.238    3.769 ^ _07848_/Y (sky130_fd_sc_hd__a221oi_2)
   0.206    3.975 v _07849_/Y (sky130_fd_sc_hd__nand4_2)
   0.522    4.497 ^ _07850_/X (sky130_fd_sc_hd__and4b_2)
   0.130    4.628 ^ output109/X (sky130_fd_sc_hd__clkbuf_1)
   0.197    4.825 ^ wire327/X (sky130_fd_sc_hd__clkbuf_4)
   0.001    4.826 ^ d_req_valid (out)
            4.826   data arrival time

  10.000   10.000   clock clk (rise edge)
   0.000   10.000   clock network delay (propagated)
  -0.250    9.750   clock uncertainty
   0.000    9.750   clock reconvergence pessimism
  -2.000    7.750   output external delay
            7.750   data required time
-----------------------------------------------------------
            7.750   data required time
           -4.826   data arrival time
-----------------------------------------------------------
            2.924   slack (MET)


NAMED-PATH-END
NAMED-PATH-BEGIN d_rsp_error_to_d_req_valid
Startpoint: d_rsp_error (input port clocked by clk)
Endpoint: d_req_valid (output port clocked by clk)
Path Group: clk
Path Type: max

   Delay     Time   Description
-----------------------------------------------------------
   0.000    0.000   clock clk (rise edge)
   0.000    0.000   clock network delay (propagated)
   2.000    2.000 v input external delay
   0.005    2.005 v d_rsp_error (in)
   0.238    2.243 v input2/X (sky130_fd_sc_hd__buf_1)
   0.303    2.546 v _07832_/Y (sky130_fd_sc_hd__nand2b_2)
   0.168    2.714 v _07833_/X (sky130_fd_sc_hd__o211a_2)
   0.243    2.957 ^ _07835_/Y (sky130_fd_sc_hd__o21ai_4)
   0.202    3.158 ^ wire738/X (sky130_fd_sc_hd__buf_6)
   0.183    3.342 v _07849_/Y (sky130_fd_sc_hd__nand4_2)
   0.522    3.864 ^ _07850_/X (sky130_fd_sc_hd__and4b_2)
   0.130    3.994 ^ output109/X (sky130_fd_sc_hd__clkbuf_1)
   0.197    4.192 ^ wire327/X (sky130_fd_sc_hd__clkbuf_4)
   0.001    4.193 ^ d_req_valid (out)
            4.193   data arrival time

  10.000   10.000   clock clk (rise edge)
   0.000   10.000   clock network delay (propagated)
  -0.250    9.750   clock uncertainty
   0.000    9.750   clock reconvergence pessimism
  -2.000    7.750   output external delay
            7.750   data required time
-----------------------------------------------------------
            7.750   data required time
           -4.193   data arrival time
-----------------------------------------------------------
            3.557   slack (MET)


NAMED-PATH-END
