NAMED-PATH-BEGIN d_rsp_valid_to_d_req_valid
Startpoint: d_rsp_valid (input port clocked by clk)
Endpoint: d_req_valid (output port clocked by clk)
Path Group: clk
Path Type: max

   Delay     Time   Description
-----------------------------------------------------------
   0.000    0.000   clock clk (rise edge)
   0.000    0.000   clock network delay (propagated)
   2.000    2.000 v input external delay
   0.005    2.005 v d_rsp_valid (in)
   0.183    2.188 v input35/X (sky130_fd_sc_hd__buf_2)
   0.204    2.392 v fanout1822/X (sky130_fd_sc_hd__buf_2)
   0.214    2.606 v fanout1819/X (sky130_fd_sc_hd__buf_2)
   0.447    3.053 v _07801_/X (sky130_fd_sc_hd__or3b_4)
   0.223    3.276 v _07810_/X (sky130_fd_sc_hd__and3_4)
   0.151    3.428 v rebuffer1834/X (sky130_fd_sc_hd__buf_6)
   0.257    3.684 v _07811_/X (sky130_fd_sc_hd__and3b_2)
   0.161    3.846 v output109/X (sky130_fd_sc_hd__buf_6)
   0.000    3.846 v d_req_valid (out)
            3.846   data arrival time

  10.000   10.000   clock clk (rise edge)
   0.000   10.000   clock network delay (propagated)
  -0.250    9.750   clock uncertainty
   0.000    9.750   clock reconvergence pessimism
  -2.000    7.750   output external delay
            7.750   data required time
-----------------------------------------------------------
            7.750   data required time
           -3.846   data arrival time
-----------------------------------------------------------
            3.904   slack (MET)


NAMED-PATH-END
NAMED-PATH-BEGIN d_rsp_error_to_d_req_valid
Startpoint: d_rsp_error (input port clocked by clk)
Endpoint: d_req_valid (output port clocked by clk)
Path Group: clk
Path Type: max

   Delay     Time   Description
-----------------------------------------------------------
   0.000    0.000   clock clk (rise edge)
   0.000    0.000   clock network delay (propagated)
   2.000    2.000 v input external delay
   0.005    2.005 v d_rsp_error (in)
   0.201    2.205 v input2/X (sky130_fd_sc_hd__buf_2)
   0.241    2.447 v _07793_/Y (sky130_fd_sc_hd__nand2b_2)
   0.155    2.602 v _07794_/X (sky130_fd_sc_hd__o211a_2)
   0.233    2.835 ^ _07796_/Y (sky130_fd_sc_hd__o21ai_4)
   0.146    2.980 ^ fanout545/X (sky130_fd_sc_hd__buf_12)
   0.179    3.159 ^ fanout544/X (sky130_fd_sc_hd__buf_6)
   0.259    3.418 ^ _07810_/X (sky130_fd_sc_hd__and3_4)
   0.156    3.574 ^ rebuffer1834/X (sky130_fd_sc_hd__buf_6)
   0.271    3.845 ^ _07811_/X (sky130_fd_sc_hd__and3b_2)
   0.162    4.007 ^ output109/X (sky130_fd_sc_hd__buf_6)
   0.000    4.008 ^ d_req_valid (out)
            4.008   data arrival time

  10.000   10.000   clock clk (rise edge)
   0.000   10.000   clock network delay (propagated)
  -0.250    9.750   clock uncertainty
   0.000    9.750   clock reconvergence pessimism
  -2.000    7.750   output external delay
            7.750   data required time
-----------------------------------------------------------
            7.750   data required time
           -4.008   data arrival time
-----------------------------------------------------------
            3.742   slack (MET)


NAMED-PATH-END
