NAMED-PATH-BEGIN d_rsp_valid_to_d_req_valid
Startpoint: d_rsp_valid (input port clocked by clk)
Endpoint: d_req_valid (output port clocked by clk)
Path Group: clk
Path Type: max

   Delay     Time   Description
-----------------------------------------------------------
   0.000    0.000   clock clk (rise edge)
   0.000    0.000   clock network delay (propagated)
   2.000    2.000 v input external delay
   0.011    2.011 v d_rsp_valid (in)
   0.384    2.394 v input35/X (sky130_fd_sc_hd__clkbuf_1)
   0.489    2.883 v wire2345/X (sky130_fd_sc_hd__clkbuf_4)
   1.478    4.361 v _07868_/X (sky130_fd_sc_hd__or3b_2)
   0.665    5.026 v _07871_/X (sky130_fd_sc_hd__and4b_2)
   0.251    5.277 v fanout836/X (sky130_fd_sc_hd__buf_8)
   0.271    5.547 v rebuffer2480/X (sky130_fd_sc_hd__buf_1)
   0.459    6.006 v _07873_/X (sky130_fd_sc_hd__and4_4)
   0.280    6.286 v wire406/X (sky130_fd_sc_hd__buf_8)
   0.000    6.286 v d_req_valid (out)
            6.286   data arrival time

  10.000   10.000   clock clk (rise edge)
   0.000   10.000   clock network delay (propagated)
  -0.250    9.750   clock uncertainty
   0.000    9.750   clock reconvergence pessimism
  -2.000    7.750   output external delay
            7.750   data required time
-----------------------------------------------------------
            7.750   data required time
           -6.286   data arrival time
-----------------------------------------------------------
            1.464   slack (MET)


NAMED-PATH-END
NAMED-PATH-BEGIN d_rsp_error_to_d_req_valid
Startpoint: d_rsp_error (input port clocked by clk)
Endpoint: d_req_valid (output port clocked by clk)
Path Group: clk
Path Type: max

   Delay     Time   Description
-----------------------------------------------------------
   0.000    0.000   clock clk (rise edge)
   0.000    0.000   clock network delay (propagated)
   2.000    2.000 v input external delay
   0.014    2.014 v d_rsp_error (in)
   0.390    2.404 v input2/X (sky130_fd_sc_hd__buf_1)
   0.546    2.950 v _07857_/Y (sky130_fd_sc_hd__nand2b_2)
   0.333    3.283 v _07858_/X (sky130_fd_sc_hd__o211a_2)
   0.236    3.518 ^ _07859_/Y (sky130_fd_sc_hd__o21ai_2)
   0.633    4.152 ^ fanout937/X (sky130_fd_sc_hd__clkbuf_2)
   0.710    4.862 ^ fanout936/X (sky130_fd_sc_hd__clkbuf_2)
   0.689    5.550 ^ _07871_/X (sky130_fd_sc_hd__and4b_2)
   0.231    5.781 ^ fanout836/X (sky130_fd_sc_hd__buf_8)
   0.341    6.122 ^ rebuffer2480/X (sky130_fd_sc_hd__buf_1)
   0.762    6.884 ^ _07873_/X (sky130_fd_sc_hd__and4_4)
   0.297    7.182 ^ wire406/X (sky130_fd_sc_hd__buf_8)
   0.000    7.182 ^ d_req_valid (out)
            7.182   data arrival time

  10.000   10.000   clock clk (rise edge)
   0.000   10.000   clock network delay (propagated)
  -0.250    9.750   clock uncertainty
   0.000    9.750   clock reconvergence pessimism
  -2.000    7.750   output external delay
            7.750   data required time
-----------------------------------------------------------
            7.750   data required time
           -7.182   data arrival time
-----------------------------------------------------------
            0.568   slack (MET)


NAMED-PATH-END
