NAMED-PATH-BEGIN d_rsp_valid_to_d_req_valid
Startpoint: d_rsp_valid (input port clocked by clk)
Endpoint: d_req_valid (output port clocked by clk)
Path Group: clk
Path Type: max

   Delay     Time   Description
-----------------------------------------------------------
   0.000    0.000   clock clk (rise edge)
   0.000    0.000   clock network delay (propagated)
   2.000    2.000 ^ input external delay
   0.011    2.011 ^ d_rsp_valid (in)
   0.279    2.291 ^ input35/X (sky130_fd_sc_hd__buf_2)
   0.308    2.599 ^ fanout1816/X (sky130_fd_sc_hd__buf_2)
   0.286    2.885 v _07762_/X (sky130_fd_sc_hd__and4bb_4)
   0.201    3.086 v fanout975/X (sky130_fd_sc_hd__clkbuf_4)
   0.225    3.311 ^ _07765_/Y (sky130_fd_sc_hd__nand2_2)
   0.245    3.556 ^ _07770_/X (sky130_fd_sc_hd__and3_4)
   0.190    3.746 ^ fanout425/X (sky130_fd_sc_hd__buf_6)
   0.349    4.095 ^ _07771_/X (sky130_fd_sc_hd__and4_4)
   0.158    4.253 ^ output109/X (sky130_fd_sc_hd__buf_8)
   0.001    4.254 ^ d_req_valid (out)
            4.254   data arrival time

  10.000   10.000   clock clk (rise edge)
   0.000   10.000   clock network delay (propagated)
  -0.250    9.750   clock uncertainty
   0.000    9.750   clock reconvergence pessimism
  -2.000    7.750   output external delay
            7.750   data required time
-----------------------------------------------------------
            7.750   data required time
           -4.254   data arrival time
-----------------------------------------------------------
            3.496   slack (MET)


NAMED-PATH-END
NAMED-PATH-BEGIN d_rsp_error_to_d_req_valid
Startpoint: d_rsp_error (input port clocked by clk)
Endpoint: d_req_valid (output port clocked by clk)
Path Group: clk
Path Type: max

   Delay     Time   Description
-----------------------------------------------------------
   0.000    0.000   clock clk (rise edge)
   0.000    0.000   clock network delay (propagated)
   2.000    2.000 v input external delay
   0.005    2.005 v d_rsp_error (in)
   0.209    2.213 v input2/X (sky130_fd_sc_hd__buf_2)
   0.249    2.462 v _07756_/Y (sky130_fd_sc_hd__nand2b_2)
   0.163    2.625 v _07757_/X (sky130_fd_sc_hd__o211a_2)
   0.239    2.864 ^ _07760_/Y (sky130_fd_sc_hd__o21ai_2)
   0.219    3.084 ^ fanout577/X (sky130_fd_sc_hd__buf_6)
   0.221    3.304 ^ _07770_/X (sky130_fd_sc_hd__and3_4)
   0.190    3.495 ^ fanout425/X (sky130_fd_sc_hd__buf_6)
   0.349    3.844 ^ _07771_/X (sky130_fd_sc_hd__and4_4)
   0.158    4.002 ^ output109/X (sky130_fd_sc_hd__buf_8)
   0.001    4.002 ^ d_req_valid (out)
            4.002   data arrival time

  10.000   10.000   clock clk (rise edge)
   0.000   10.000   clock network delay (propagated)
  -0.250    9.750   clock uncertainty
   0.000    9.750   clock reconvergence pessimism
  -2.000    7.750   output external delay
            7.750   data required time
-----------------------------------------------------------
            7.750   data required time
           -4.002   data arrival time
-----------------------------------------------------------
            3.748   slack (MET)


NAMED-PATH-END
