NAMED-PATH-BEGIN d_rsp_valid_to_d_req_valid
Startpoint: d_rsp_valid (input port clocked by clk)
Endpoint: d_req_valid (output port clocked by clk)
Path Group: clk
Path Type: max

   Delay     Time   Description
-----------------------------------------------------------
   0.000    0.000   clock clk (rise edge)
   0.000    0.000   clock network delay (propagated)
   2.000    2.000 ^ input external delay
   0.019    2.019 ^ d_rsp_valid (in)
   0.434    2.452 ^ input35/X (sky130_fd_sc_hd__buf_2)
   0.550    3.002 ^ fanout3416/X (sky130_fd_sc_hd__buf_2)
   0.369    3.371 ^ _17154_/Y (sky130_fd_sc_hd__nand2b_2)
   0.406    3.776 ^ fanout1754/X (sky130_fd_sc_hd__clkbuf_4)
   0.684    4.460 v _17159_/X (sky130_fd_sc_hd__and4bb_4)
   0.386    4.846 v fanout1292/X (sky130_fd_sc_hd__buf_6)
   1.283    6.129 v _17161_/X (sky130_fd_sc_hd__or4b_4)
   0.328    6.457 v rebuffer3423/X (sky130_fd_sc_hd__buf_6)
   0.475    6.932 ^ _17162_/Y (sky130_fd_sc_hd__nor3_4)
   0.353    7.285 ^ wire429/X (sky130_fd_sc_hd__buf_6)
   0.385    7.669 ^ output109/X (sky130_fd_sc_hd__buf_2)
   0.002    7.671 ^ d_req_valid (out)
            7.671   data arrival time

  10.000   10.000   clock clk (rise edge)
   0.000   10.000   clock network delay (propagated)
  -0.250    9.750   clock uncertainty
   0.000    9.750   clock reconvergence pessimism
  -2.000    7.750   output external delay
            7.750   data required time
-----------------------------------------------------------
            7.750   data required time
           -7.671   data arrival time
-----------------------------------------------------------
            0.079   slack (MET)


NAMED-PATH-END
NAMED-PATH-BEGIN d_rsp_error_to_d_req_valid
Startpoint: d_rsp_error (input port clocked by clk)
Endpoint: d_req_valid (output port clocked by clk)
Path Group: clk
Path Type: max

   Delay     Time   Description
-----------------------------------------------------------
   0.000    0.000   clock clk (rise edge)
   0.000    0.000   clock network delay (propagated)
   2.000    2.000 v input external delay
   0.014    2.014 v d_rsp_error (in)
   0.350    2.364 v input2/X (sky130_fd_sc_hd__buf_2)
   0.464    2.828 v _17149_/Y (sky130_fd_sc_hd__nand2b_2)
   0.264    3.092 v _17150_/X (sky130_fd_sc_hd__o211a_2)
   0.634    3.726 v _17152_/X (sky130_fd_sc_hd__o21a_2)
   1.401    5.127 v _17161_/X (sky130_fd_sc_hd__or4b_4)
   0.328    5.455 v rebuffer3423/X (sky130_fd_sc_hd__buf_6)
   0.475    5.930 ^ _17162_/Y (sky130_fd_sc_hd__nor3_4)
   0.353    6.283 ^ wire429/X (sky130_fd_sc_hd__buf_6)
   0.385    6.668 ^ output109/X (sky130_fd_sc_hd__buf_2)
   0.002    6.670 ^ d_req_valid (out)
            6.670   data arrival time

  10.000   10.000   clock clk (rise edge)
   0.000   10.000   clock network delay (propagated)
  -0.250    9.750   clock uncertainty
   0.000    9.750   clock reconvergence pessimism
  -2.000    7.750   output external delay
            7.750   data required time
-----------------------------------------------------------
            7.750   data required time
           -6.670   data arrival time
-----------------------------------------------------------
            1.080   slack (MET)


NAMED-PATH-END
