NAMED-PATH-BEGIN d_rsp_valid_to_d_req_valid
Startpoint: d_rsp_valid (input port clocked by clk)
Endpoint: d_req_valid (output port clocked by clk)
Path Group: clk
Path Type: max

   Delay     Time   Description
-----------------------------------------------------------
   0.000    0.000   clock clk (rise edge)
   0.000    0.000   clock network delay (propagated)
   2.000    2.000 ^ input external delay
   0.016    2.016 ^ d_rsp_valid (in)
   0.233    2.249 ^ input35/X (sky130_fd_sc_hd__clkbuf_2)
   0.178    2.427 ^ wire3886/X (sky130_fd_sc_hd__buf_12)
   0.332    2.759 ^ fanout3885/X (sky130_fd_sc_hd__buf_2)
   0.307    3.066 v _17175_/X (sky130_fd_sc_hd__and4bb_4)
   0.190    3.256 v fanout2112/X (sky130_fd_sc_hd__buf_4)
   0.330    3.586 ^ _17183_/Y (sky130_fd_sc_hd__o31ai_4)
   0.201    3.787 ^ wire1133/X (sky130_fd_sc_hd__buf_6)
   0.157    3.944 v _17191_/Y (sky130_fd_sc_hd__o2111ai_4)
   0.177    4.121 v wire950/X (sky130_fd_sc_hd__buf_6)
   0.450    4.571 ^ _17192_/X (sky130_fd_sc_hd__and4b_2)
   0.281    4.852 ^ output109/X (sky130_fd_sc_hd__buf_2)
   0.001    4.853 ^ d_req_valid (out)
            4.853   data arrival time

  10.000   10.000   clock clk (rise edge)
   0.000   10.000   clock network delay (propagated)
  -0.250    9.750   clock uncertainty
   0.000    9.750   clock reconvergence pessimism
  -2.000    7.750   output external delay
            7.750   data required time
-----------------------------------------------------------
            7.750   data required time
           -4.853   data arrival time
-----------------------------------------------------------
            2.897   slack (MET)


NAMED-PATH-END
NAMED-PATH-BEGIN d_rsp_error_to_d_req_valid
Startpoint: d_rsp_error (input port clocked by clk)
Endpoint: d_req_valid (output port clocked by clk)
Path Group: clk
Path Type: max

   Delay     Time   Description
-----------------------------------------------------------
   0.000    0.000   clock clk (rise edge)
   0.000    0.000   clock network delay (propagated)
   2.000    2.000 v input external delay
   0.010    2.010 v d_rsp_error (in)
   0.081    2.091 v hold7422/X (sky130_fd_sc_hd__clkbuf_1)
   0.136    2.227 v input2/X (sky130_fd_sc_hd__clkbuf_2)
   0.160    2.386 v wire3895/X (sky130_fd_sc_hd__buf_12)
   0.186    2.572 v _17179_/Y (sky130_fd_sc_hd__nand2b_2)
   0.157    2.729 v _17180_/X (sky130_fd_sc_hd__o211a_2)
   0.375    3.104 ^ _17183_/Y (sky130_fd_sc_hd__o31ai_4)
   0.201    3.305 ^ wire1133/X (sky130_fd_sc_hd__buf_6)
   0.157    3.462 v _17191_/Y (sky130_fd_sc_hd__o2111ai_4)
   0.177    3.640 v wire950/X (sky130_fd_sc_hd__buf_6)
   0.450    4.090 ^ _17192_/X (sky130_fd_sc_hd__and4b_2)
   0.281    4.371 ^ output109/X (sky130_fd_sc_hd__buf_2)
   0.001    4.372 ^ d_req_valid (out)
            4.372   data arrival time

  10.000   10.000   clock clk (rise edge)
   0.000   10.000   clock network delay (propagated)
  -0.250    9.750   clock uncertainty
   0.000    9.750   clock reconvergence pessimism
  -2.000    7.750   output external delay
            7.750   data required time
-----------------------------------------------------------
            7.750   data required time
           -4.372   data arrival time
-----------------------------------------------------------
            3.378   slack (MET)


NAMED-PATH-END
