Copyright 1986-2022 Xilinx, Inc. All Rights Reserved. Copyright 2022-2025 Advanced Micro Devices, Inc. All Rights Reserved.
---------------------------------------------------------------------------------------------------------------------------------------------
| Tool Version : Vivado v.2025.1 (lin64) Build 6140274 Wed May 21 22:58:25 MDT 2025
| Date         : Wed Sep 30 21:20:32 2026
| Host         : gondor running 64-bit Ubuntu 24.04.5 LTS
| Command      : report_timing_summary -max_paths 10 -file /home/elfo/Documents/Aster/build/timing/fpga/aster_bram_reqreg/timing_summary.rpt
| Design       : timing_aster_bram_reqreg
| Device       : 7z020-clg400
| Speed File   : -1  PRODUCTION 1.12 2019-11-22
| Design State : Routed
---------------------------------------------------------------------------------------------------------------------------------------------

Timing Summary Report

------------------------------------------------------------------------------------------------
| Timer Settings
| --------------
------------------------------------------------------------------------------------------------

  Enable Multi Corner Analysis               :  Yes
  Enable Pessimism Removal                   :  Yes
  Pessimism Removal Resolution               :  Nearest Common Node
  Enable Input Delay Default Clock           :  No
  Enable Preset / Clear Arcs                 :  No
  Disable Flight Delays                      :  No
  Ignore I/O Paths                           :  No
  Timing Early Launch at Borrowing Latches   :  No
  Borrow Time for Max Delay Exceptions       :  Yes
  Merge Timing Exceptions                    :  Yes
  Inter-SLR Compensation                     :  Conservative

  Corner  Analyze    Analyze    
  Name    Max Paths  Min Paths  
  ------  ---------  ---------  
  Slow    Yes        Yes        
  Fast    Yes        Yes        


------------------------------------------------------------------------------------------------
| Report Methodology
| ------------------
------------------------------------------------------------------------------------------------

No report available as report_methodology has not been run prior. Run report_methodology on the current design for the summary of methodology violations.



check_timing report

Table of Contents
-----------------
1. checking no_clock (0)
2. checking constant_clock (0)
3. checking pulse_width_clock (0)
4. checking unconstrained_internal_endpoints (0)
5. checking no_input_delay (1)
6. checking no_output_delay (33)
7. checking multiple_clock (0)
8. checking generated_clocks (0)
9. checking loops (0)
10. checking partial_input_delay (0)
11. checking partial_output_delay (0)
12. checking latch_loops (0)

1. checking no_clock (0)
------------------------
 There are 0 register/latch pins with no clock.


2. checking constant_clock (0)
------------------------------
 There are 0 register/latch pins with constant_clock.


3. checking pulse_width_clock (0)
---------------------------------
 There are 0 register/latch pins which need pulse_width check


4. checking unconstrained_internal_endpoints (0)
------------------------------------------------
 There are 0 pins that are not constrained for maximum delay.

 There are 0 pins that are not constrained for maximum delay due to constant clock.


5. checking no_input_delay (1)
------------------------------
 There is 1 input port with no input delay specified. (HIGH)

 There are 0 input ports with no input delay but user has a false path constraint.


6. checking no_output_delay (33)
--------------------------------
 There are 33 ports with no output delay specified. (HIGH)

 There are 0 ports with no output delay but user has a false path constraint

 There are 0 ports with no output delay but with a timing clock defined on it or propagating through it


7. checking multiple_clock (0)
------------------------------
 There are 0 register/latch pins with multiple clocks.


8. checking generated_clocks (0)
--------------------------------
 There are 0 generated clocks that are not connected to a clock source.


9. checking loops (0)
---------------------
 There are 0 combinational loops in the design.


10. checking partial_input_delay (0)
------------------------------------
 There are 0 input ports with partial input delay specified.


11. checking partial_output_delay (0)
-------------------------------------
 There are 0 ports with partial output delay specified.


12. checking latch_loops (0)
----------------------------
 There are 0 combinational latch loops in the design through latch input



------------------------------------------------------------------------------------------------
| Design Timing Summary
| ---------------------
------------------------------------------------------------------------------------------------

    WNS(ns)      TNS(ns)  TNS Failing Endpoints  TNS Total Endpoints      WHS(ns)      THS(ns)  THS Failing Endpoints  THS Total Endpoints     WPWS(ns)     TPWS(ns)  TPWS Failing Endpoints  TPWS Total Endpoints  
    -------      -------  ---------------------  -------------------      -------      -------  ---------------------  -------------------     --------     --------  ----------------------  --------------------  
      1.288        0.000                      0                 3561        0.085        0.000                      0                 3561        3.750        0.000                       0                  1047  


All user specified timing constraints are met.


------------------------------------------------------------------------------------------------
| Clock Summary
| -------------
------------------------------------------------------------------------------------------------

Clock  Waveform(ns)       Period(ns)      Frequency(MHz)
-----  ------------       ----------      --------------
clk    {0.000 5.000}      10.000          100.000         


------------------------------------------------------------------------------------------------
| Intra Clock Table
| -----------------
------------------------------------------------------------------------------------------------

Clock             WNS(ns)      TNS(ns)  TNS Failing Endpoints  TNS Total Endpoints      WHS(ns)      THS(ns)  THS Failing Endpoints  THS Total Endpoints     WPWS(ns)     TPWS(ns)  TPWS Failing Endpoints  TPWS Total Endpoints  
-----             -------      -------  ---------------------  -------------------      -------      -------  ---------------------  -------------------     --------     --------  ----------------------  --------------------  
clk                 1.288        0.000                      0                 3561        0.085        0.000                      0                 3561        3.750        0.000                       0                  1047  


------------------------------------------------------------------------------------------------
| Inter Clock Table
| -----------------
------------------------------------------------------------------------------------------------

From Clock    To Clock          WNS(ns)      TNS(ns)  TNS Failing Endpoints  TNS Total Endpoints      WHS(ns)      THS(ns)  THS Failing Endpoints  THS Total Endpoints  
----------    --------          -------      -------  ---------------------  -------------------      -------      -------  ---------------------  -------------------  


------------------------------------------------------------------------------------------------
| Other Path Groups Table
| -----------------------
------------------------------------------------------------------------------------------------

Path Group    From Clock    To Clock          WNS(ns)      TNS(ns)  TNS Failing Endpoints  TNS Total Endpoints      WHS(ns)      THS(ns)  THS Failing Endpoints  THS Total Endpoints  
----------    ----------    --------          -------      -------  ---------------------  -------------------      -------      -------  ---------------------  -------------------  


------------------------------------------------------------------------------------------------
| Timing Details
| --------------
------------------------------------------------------------------------------------------------


---------------------------------------------------------------------------------------------------
From Clock:  clk
  To Clock:  clk

Setup :            0  Failing Endpoints,  Worst Slack        1.288ns,  Total Violation        0.000ns
Hold  :            0  Failing Endpoints,  Worst Slack        0.085ns,  Total Violation        0.000ns
PW    :            0  Failing Endpoints,  Worst Slack        3.750ns,  Total Violation        0.000ns
---------------------------------------------------------------------------------------------------


Max Delay Paths
--------------------------------------------------------------------------------------
Slack (MET) :             1.288ns  (required time - arrival time)
  Source:                 block/core/fsel1_reg[0]/C
                            (rising edge-triggered cell FDRE clocked by clk  {rise@0.000ns fall@5.000ns period=10.000ns})
  Destination:            block/core/m1_reg[result][7]/D
                            (rising edge-triggered cell FDRE clocked by clk  {rise@0.000ns fall@5.000ns period=10.000ns})
  Path Group:             clk
  Path Type:              Setup (Max at Slow Process Corner)
  Requirement:            10.000ns  (clk rise@10.000ns - clk rise@0.000ns)
  Data Path Delay:        8.659ns  (logic 2.010ns (23.212%)  route 6.649ns (76.788%))
  Logic Levels:           7  (LUT2=2 LUT3=1 LUT4=2 LUT6=2)
  Clock Path Skew:        -0.049ns (DCD - SCD + CPR)
    Destination Clock Delay (DCD):    0.924ns = ( 10.924 - 10.000 ) 
    Source Clock Delay      (SCD):    0.973ns
    Clock Pessimism Removal (CPR):    0.000ns
  Clock Uncertainty:      0.035ns  ((TSJ^2 + TIJ^2)^1/2 + DJ) / 2 + PE
    Total System Jitter     (TSJ):    0.071ns
    Total Input Jitter      (TIJ):    0.000ns
    Discrete Jitter          (DJ):    0.000ns
    Phase Error              (PE):    0.000ns

    Location             Delay type                Incr(ns)  Path(ns)    Netlist Resource(s)
  -------------------------------------------------------------------    -------------------
                         (clock clk rise edge)        0.000     0.000 r  
                                                      0.000     0.000 r  clk (IN)
                         net (fo=1046, unset)         0.973     0.973    block/core/clk
    SLICE_X43Y4          FDRE                                         r  block/core/fsel1_reg[0]/C
  -------------------------------------------------------------------    -------------------
    SLICE_X43Y4          FDRE (Prop_fdre_C_Q)         0.456     1.429 r  block/core/fsel1_reg[0]/Q
                         net (fo=33, routed)          1.561     2.990    block/core/fetch/e_rs1v_reg[27]
    SLICE_X38Y17         LUT4 (Prop_lut4_I1_O)        0.124     3.114 r  block/core/fetch/e_rs1v[31]_i_5/O
                         net (fo=2, routed)           0.478     3.591    block/core/fetch_n_129
    SLICE_X38Y17         LUT4 (Prop_lut4_I2_O)        0.124     3.715 f  block/core/m1[result][31]_i_11/O
                         net (fo=30, routed)          1.213     4.929    block/core/m1[result][31]_i_11_n_0
    SLICE_X52Y16         LUT2 (Prop_lut2_I1_O)        0.152     5.081 r  block/core/m1[result][15]_i_10/O
                         net (fo=21, routed)          1.094     6.175    block/core/m1[result][15]_i_10_n_0
    SLICE_X53Y13         LUT2 (Prop_lut2_I0_O)        0.352     6.527 r  block/core/m1[result][11]_i_10/O
                         net (fo=14, routed)          1.009     7.535    block/core/m1[result][11]_i_10_n_0
    SLICE_X51Y9          LUT3 (Prop_lut3_I1_O)        0.352     7.887 r  block/core/m1[result][7]_i_11/O
                         net (fo=4, routed)           0.611     8.498    block/core/m1[result][7]_i_11_n_0
    SLICE_X52Y10         LUT6 (Prop_lut6_I1_O)        0.326     8.824 r  block/core/m1[result][7]_i_4/O
                         net (fo=1, routed)           0.684     9.508    block/core/m1[result][7]_i_4_n_0
    SLICE_X49Y8          LUT6 (Prop_lut6_I2_O)        0.124     9.632 r  block/core/m1[result][7]_i_1/O
                         net (fo=1, routed)           0.000     9.632    block/core/e_slot[result][7]
    SLICE_X49Y8          FDRE                                         r  block/core/m1_reg[result][7]/D
  -------------------------------------------------------------------    -------------------

                         (clock clk rise edge)       10.000    10.000 r  
                                                      0.000    10.000 r  clk (IN)
                         net (fo=1046, unset)         0.924    10.924    block/core/clk
    SLICE_X49Y8          FDRE                                         r  block/core/m1_reg[result][7]/C
                         clock pessimism              0.000    10.924    
                         clock uncertainty           -0.035    10.889    
    SLICE_X49Y8          FDRE (Setup_fdre_C_D)        0.031    10.920    block/core/m1_reg[result][7]
  -------------------------------------------------------------------
                         required time                         10.920    
                         arrival time                          -9.632    
  -------------------------------------------------------------------
                         slack                                  1.288    

Slack (MET) :             1.323ns  (required time - arrival time)
  Source:                 block/core/fsel1_reg[0]/C
                            (rising edge-triggered cell FDRE clocked by clk  {rise@0.000ns fall@5.000ns period=10.000ns})
  Destination:            block/core/m1_reg[result][6]/D
                            (rising edge-triggered cell FDRE clocked by clk  {rise@0.000ns fall@5.000ns period=10.000ns})
  Path Group:             clk
  Path Type:              Setup (Max at Slow Process Corner)
  Requirement:            10.000ns  (clk rise@10.000ns - clk rise@0.000ns)
  Data Path Delay:        8.622ns  (logic 1.782ns (20.668%)  route 6.840ns (79.332%))
  Logic Levels:           7  (LUT2=2 LUT4=2 LUT5=1 LUT6=2)
  Clock Path Skew:        -0.049ns (DCD - SCD + CPR)
    Destination Clock Delay (DCD):    0.924ns = ( 10.924 - 10.000 ) 
    Source Clock Delay      (SCD):    0.973ns
    Clock Pessimism Removal (CPR):    0.000ns
  Clock Uncertainty:      0.035ns  ((TSJ^2 + TIJ^2)^1/2 + DJ) / 2 + PE
    Total System Jitter     (TSJ):    0.071ns
    Total Input Jitter      (TIJ):    0.000ns
    Discrete Jitter          (DJ):    0.000ns
    Phase Error              (PE):    0.000ns

    Location             Delay type                Incr(ns)  Path(ns)    Netlist Resource(s)
  -------------------------------------------------------------------    -------------------
                         (clock clk rise edge)        0.000     0.000 r  
                                                      0.000     0.000 r  clk (IN)
                         net (fo=1046, unset)         0.973     0.973    block/core/clk
    SLICE_X43Y4          FDRE                                         r  block/core/fsel1_reg[0]/C
  -------------------------------------------------------------------    -------------------
    SLICE_X43Y4          FDRE (Prop_fdre_C_Q)         0.456     1.429 r  block/core/fsel1_reg[0]/Q
                         net (fo=33, routed)          1.561     2.990    block/core/fetch/e_rs1v_reg[27]
    SLICE_X38Y17         LUT4 (Prop_lut4_I1_O)        0.124     3.114 r  block/core/fetch/e_rs1v[31]_i_5/O
                         net (fo=2, routed)           0.478     3.591    block/core/fetch_n_129
    SLICE_X38Y17         LUT4 (Prop_lut4_I2_O)        0.124     3.715 f  block/core/m1[result][31]_i_11/O
                         net (fo=30, routed)          1.213     4.929    block/core/m1[result][31]_i_11_n_0
    SLICE_X52Y16         LUT2 (Prop_lut2_I1_O)        0.152     5.081 r  block/core/m1[result][15]_i_10/O
                         net (fo=21, routed)          1.094     6.175    block/core/m1[result][15]_i_10_n_0
    SLICE_X53Y13         LUT2 (Prop_lut2_I0_O)        0.352     6.527 r  block/core/m1[result][11]_i_10/O
                         net (fo=14, routed)          1.066     7.593    block/core/m1[result][11]_i_10_n_0
    SLICE_X52Y10         LUT5 (Prop_lut5_I0_O)        0.326     7.919 f  block/core/m1[result][7]_i_10/O
                         net (fo=2, routed)           0.839     8.758    block/core/m1[result][7]_i_10_n_0
    SLICE_X52Y10         LUT6 (Prop_lut6_I0_O)        0.124     8.882 r  block/core/m1[result][6]_i_4/O
                         net (fo=1, routed)           0.589     9.471    block/core/m1[result][6]_i_4_n_0
    SLICE_X47Y8          LUT6 (Prop_lut6_I2_O)        0.124     9.595 r  block/core/m1[result][6]_i_1/O
                         net (fo=1, routed)           0.000     9.595    block/core/e_slot[result][6]
    SLICE_X47Y8          FDRE                                         r  block/core/m1_reg[result][6]/D
  -------------------------------------------------------------------    -------------------

                         (clock clk rise edge)       10.000    10.000 r  
                                                      0.000    10.000 r  clk (IN)
                         net (fo=1046, unset)         0.924    10.924    block/core/clk
    SLICE_X47Y8          FDRE                                         r  block/core/m1_reg[result][6]/C
                         clock pessimism              0.000    10.924    
                         clock uncertainty           -0.035    10.889    
    SLICE_X47Y8          FDRE (Setup_fdre_C_D)        0.029    10.918    block/core/m1_reg[result][6]
  -------------------------------------------------------------------
                         required time                         10.918    
                         arrival time                          -9.595    
  -------------------------------------------------------------------
                         slack                                  1.323    

Slack (MET) :             1.403ns  (required time - arrival time)
  Source:                 block/request_registered.ram_reg_0_0_4/CLKBWRCLK
                            (rising edge-triggered cell RAMB36E1 clocked by clk  {rise@0.000ns fall@5.000ns period=10.000ns})
  Destination:            block/core/d_target_reg[30]/D
                            (rising edge-triggered cell FDRE clocked by clk  {rise@0.000ns fall@5.000ns period=10.000ns})
  Path Group:             clk
  Path Type:              Setup (Max at Slow Process Corner)
  Requirement:            10.000ns  (clk rise@10.000ns - clk rise@0.000ns)
  Data Path Delay:        8.575ns  (logic 4.394ns (51.244%)  route 4.181ns (48.756%))
  Logic Levels:           11  (CARRY4=8 LUT4=1 LUT6=2)
  Clock Path Skew:        -0.049ns (DCD - SCD + CPR)
    Destination Clock Delay (DCD):    0.924ns = ( 10.924 - 10.000 ) 
    Source Clock Delay      (SCD):    0.973ns
    Clock Pessimism Removal (CPR):    0.000ns
  Clock Uncertainty:      0.035ns  ((TSJ^2 + TIJ^2)^1/2 + DJ) / 2 + PE
    Total System Jitter     (TSJ):    0.071ns
    Total Input Jitter      (TIJ):    0.000ns
    Discrete Jitter          (DJ):    0.000ns
    Phase Error              (PE):    0.000ns

    Location             Delay type                Incr(ns)  Path(ns)    Netlist Resource(s)
  -------------------------------------------------------------------    -------------------
                         (clock clk rise edge)        0.000     0.000 r  
                                                      0.000     0.000 r  clk (IN)
                         net (fo=1046, unset)         0.973     0.973    block/clk
    RAMB36_X4Y0          RAMB36E1                                     r  block/request_registered.ram_reg_0_0_4/CLKBWRCLK
  -------------------------------------------------------------------    -------------------
    RAMB36_X4Y0          RAMB36E1 (Prop_ramb36e1_CLKBWRCLK_DOBDO[0])
                                                      2.454     3.427 f  block/request_registered.ram_reg_0_0_4/DOBDO[0]
                         net (fo=3, routed)           2.941     6.368    block/core/fetch/i_q2[4]
    SLICE_X28Y5          LUT4 (Prop_lut4_I0_O)        0.124     6.492 f  block/core/fetch/d_insn[4]_i_1/O
                         net (fo=3, routed)           0.582     7.074    block/core/fetch/f_insn[4]
    SLICE_X27Y5          LUT6 (Prop_lut6_I2_O)        0.124     7.198 r  block/core/fetch/d_target[20]_i_6/O
                         net (fo=13, routed)          0.658     7.856    block/core/fetch/d_target[20]_i_6_n_0
    SLICE_X23Y8          LUT6 (Prop_lut6_I4_O)        0.124     7.980 r  block/core/fetch/d_target[4]_i_4/O
                         net (fo=1, routed)           0.000     7.980    block/core/fetch/d_target[4]_i_4_n_0
    SLICE_X23Y8          CARRY4 (Prop_carry4_S[1]_CO[3])
                                                      0.550     8.530 r  block/core/fetch/d_target_reg[4]_i_1/CO[3]
                         net (fo=1, routed)           0.000     8.530    block/core/fetch/d_target_reg[4]_i_1_n_0
    SLICE_X23Y9          CARRY4 (Prop_carry4_CI_CO[3])
                                                      0.114     8.644 r  block/core/fetch/d_target_reg[8]_i_1/CO[3]
                         net (fo=1, routed)           0.000     8.644    block/core/fetch/d_target_reg[8]_i_1_n_0
    SLICE_X23Y10         CARRY4 (Prop_carry4_CI_CO[3])
                                                      0.114     8.758 r  block/core/fetch/d_target_reg[12]_i_1/CO[3]
                         net (fo=1, routed)           0.000     8.758    block/core/fetch/d_target_reg[12]_i_1_n_0
    SLICE_X23Y11         CARRY4 (Prop_carry4_CI_CO[3])
                                                      0.114     8.872 r  block/core/fetch/d_target_reg[16]_i_1/CO[3]
                         net (fo=1, routed)           0.000     8.872    block/core/fetch/d_target_reg[16]_i_1_n_0
    SLICE_X23Y12         CARRY4 (Prop_carry4_CI_CO[3])
                                                      0.114     8.986 r  block/core/fetch/d_target_reg[20]_i_1/CO[3]
                         net (fo=1, routed)           0.000     8.986    block/core/fetch/d_target_reg[20]_i_1_n_0
    SLICE_X23Y13         CARRY4 (Prop_carry4_CI_CO[3])
                                                      0.114     9.100 r  block/core/fetch/d_target_reg[24]_i_1/CO[3]
                         net (fo=1, routed)           0.000     9.100    block/core/fetch/d_target_reg[24]_i_1_n_0
    SLICE_X23Y14         CARRY4 (Prop_carry4_CI_CO[3])
                                                      0.114     9.214 r  block/core/fetch/d_target_reg[28]_i_1/CO[3]
                         net (fo=1, routed)           0.000     9.214    block/core/fetch/d_target_reg[28]_i_1_n_0
    SLICE_X23Y15         CARRY4 (Prop_carry4_CI_O[1])
                                                      0.334     9.548 r  block/core/fetch/d_target_reg[31]_i_1/O[1]
                         net (fo=1, routed)           0.000     9.548    block/core/predecode_return[30]
    SLICE_X23Y15         FDRE                                         r  block/core/d_target_reg[30]/D
  -------------------------------------------------------------------    -------------------

                         (clock clk rise edge)       10.000    10.000 r  
                                                      0.000    10.000 r  clk (IN)
                         net (fo=1046, unset)         0.924    10.924    block/core/clk
    SLICE_X23Y15         FDRE                                         r  block/core/d_target_reg[30]/C
                         clock pessimism              0.000    10.924    
                         clock uncertainty           -0.035    10.889    
    SLICE_X23Y15         FDRE (Setup_fdre_C_D)        0.062    10.951    block/core/d_target_reg[30]
  -------------------------------------------------------------------
                         required time                         10.951    
                         arrival time                          -9.548    
  -------------------------------------------------------------------
                         slack                                  1.403    

Slack (MET) :             1.493ns  (required time - arrival time)
  Source:                 block/core/fsel1_reg[0]/C
                            (rising edge-triggered cell FDRE clocked by clk  {rise@0.000ns fall@5.000ns period=10.000ns})
  Destination:            block/core/fetch/e_pending_reg_inv/D
                            (rising edge-triggered cell FDSE clocked by clk  {rise@0.000ns fall@5.000ns period=10.000ns})
  Path Group:             clk
  Path Type:              Setup (Max at Slow Process Corner)
  Requirement:            10.000ns  (clk rise@10.000ns - clk rise@0.000ns)
  Data Path Delay:        8.452ns  (logic 1.975ns (23.367%)  route 6.477ns (76.633%))
  Logic Levels:           8  (CARRY4=1 LUT2=1 LUT4=2 LUT5=1 LUT6=3)
  Clock Path Skew:        -0.049ns (DCD - SCD + CPR)
    Destination Clock Delay (DCD):    0.924ns = ( 10.924 - 10.000 ) 
    Source Clock Delay      (SCD):    0.973ns
    Clock Pessimism Removal (CPR):    0.000ns
  Clock Uncertainty:      0.035ns  ((TSJ^2 + TIJ^2)^1/2 + DJ) / 2 + PE
    Total System Jitter     (TSJ):    0.071ns
    Total Input Jitter      (TIJ):    0.000ns
    Discrete Jitter          (DJ):    0.000ns
    Phase Error              (PE):    0.000ns

    Location             Delay type                Incr(ns)  Path(ns)    Netlist Resource(s)
  -------------------------------------------------------------------    -------------------
                         (clock clk rise edge)        0.000     0.000 r  
                                                      0.000     0.000 r  clk (IN)
                         net (fo=1046, unset)         0.973     0.973    block/core/clk
    SLICE_X43Y4          FDRE                                         r  block/core/fsel1_reg[0]/C
  -------------------------------------------------------------------    -------------------
    SLICE_X43Y4          FDRE (Prop_fdre_C_Q)         0.456     1.429 f  block/core/fsel1_reg[0]/Q
                         net (fo=33, routed)          1.561     2.990    block/core/fetch/e_rs1v_reg[27]
    SLICE_X38Y17         LUT4 (Prop_lut4_I1_O)        0.124     3.114 f  block/core/fetch/e_rs1v[31]_i_5/O
                         net (fo=2, routed)           0.799     3.913    block/core/fetch/e_rs1v_reg[31]
    SLICE_X38Y17         LUT5 (Prop_lut5_I4_O)        0.150     4.063 r  block/core/fetch/e_rs1v[31]_i_4/O
                         net (fo=8, routed)           1.060     5.122    block/core/fetch/fsel1_reg[2]
    SLICE_X37Y11         LUT4 (Prop_lut4_I1_O)        0.348     5.470 r  block/core/fetch/m1[load]_i_40/O
                         net (fo=1, routed)           0.000     5.470    block/core/fetch/m1[load]_i_40_n_0
    SLICE_X37Y11         CARRY4 (Prop_carry4_S[3]_CO[3])
                                                      0.401     5.871 r  block/core/fetch/m1_reg[load]_i_21/CO[3]
                         net (fo=1, routed)           0.756     6.627    block/core/fetch/m1_reg[load]_i_21_n_0
    SLICE_X36Y8          LUT6 (Prop_lut6_I1_O)        0.124     6.751 f  block/core/fetch/m1[load]_i_8/O
                         net (fo=1, routed)           0.715     7.466    block/core/fetch/m1[load]_i_8_n_0
    SLICE_X34Y6          LUT6 (Prop_lut6_I5_O)        0.124     7.590 r  block/core/fetch/m1[load]_i_5/O
                         net (fo=4, routed)           0.342     7.932    block/core/fetch/e_dec_reg[branch]
    SLICE_X32Y6          LUT6 (Prop_lut6_I3_O)        0.124     8.056 f  block/core/fetch/squash_i_1/O
                         net (fo=2, routed)           1.245     9.301    block/core/fetch/e_flush
    SLICE_X21Y15         LUT2 (Prop_lut2_I0_O)        0.124     9.425 r  block/core/fetch/e_pending_inv_i_1/O
                         net (fo=1, routed)           0.000     9.425    block/core/fetch/e_pending
    SLICE_X21Y15         FDSE                                         r  block/core/fetch/e_pending_reg_inv/D
  -------------------------------------------------------------------    -------------------

                         (clock clk rise edge)       10.000    10.000 r  
                                                      0.000    10.000 r  clk (IN)
                         net (fo=1046, unset)         0.924    10.924    block/core/fetch/clk
    SLICE_X21Y15         FDSE                                         r  block/core/fetch/e_pending_reg_inv/C
                         clock pessimism              0.000    10.924    
                         clock uncertainty           -0.035    10.889    
    SLICE_X21Y15         FDSE (Setup_fdse_C_D)        0.029    10.918    block/core/fetch/e_pending_reg_inv
  -------------------------------------------------------------------
                         required time                         10.918    
                         arrival time                          -9.425    
  -------------------------------------------------------------------
                         slack                                  1.493    

Slack (MET) :             1.498ns  (required time - arrival time)
  Source:                 block/request_registered.ram_reg_0_0_4/CLKBWRCLK
                            (rising edge-triggered cell RAMB36E1 clocked by clk  {rise@0.000ns fall@5.000ns period=10.000ns})
  Destination:            block/core/d_target_reg[31]/D
                            (rising edge-triggered cell FDRE clocked by clk  {rise@0.000ns fall@5.000ns period=10.000ns})
  Path Group:             clk
  Path Type:              Setup (Max at Slow Process Corner)
  Requirement:            10.000ns  (clk rise@10.000ns - clk rise@0.000ns)
  Data Path Delay:        8.480ns  (logic 4.299ns (50.698%)  route 4.181ns (49.302%))
  Logic Levels:           11  (CARRY4=8 LUT4=1 LUT6=2)
  Clock Path Skew:        -0.049ns (DCD - SCD + CPR)
    Destination Clock Delay (DCD):    0.924ns = ( 10.924 - 10.000 ) 
    Source Clock Delay      (SCD):    0.973ns
    Clock Pessimism Removal (CPR):    0.000ns
  Clock Uncertainty:      0.035ns  ((TSJ^2 + TIJ^2)^1/2 + DJ) / 2 + PE
    Total System Jitter     (TSJ):    0.071ns
    Total Input Jitter      (TIJ):    0.000ns
    Discrete Jitter          (DJ):    0.000ns
    Phase Error              (PE):    0.000ns

    Location             Delay type                Incr(ns)  Path(ns)    Netlist Resource(s)
  -------------------------------------------------------------------    -------------------
                         (clock clk rise edge)        0.000     0.000 r  
                                                      0.000     0.000 r  clk (IN)
                         net (fo=1046, unset)         0.973     0.973    block/clk
    RAMB36_X4Y0          RAMB36E1                                     r  block/request_registered.ram_reg_0_0_4/CLKBWRCLK
  -------------------------------------------------------------------    -------------------
    RAMB36_X4Y0          RAMB36E1 (Prop_ramb36e1_CLKBWRCLK_DOBDO[0])
                                                      2.454     3.427 f  block/request_registered.ram_reg_0_0_4/DOBDO[0]
                         net (fo=3, routed)           2.941     6.368    block/core/fetch/i_q2[4]
    SLICE_X28Y5          LUT4 (Prop_lut4_I0_O)        0.124     6.492 f  block/core/fetch/d_insn[4]_i_1/O
                         net (fo=3, routed)           0.582     7.074    block/core/fetch/f_insn[4]
    SLICE_X27Y5          LUT6 (Prop_lut6_I2_O)        0.124     7.198 r  block/core/fetch/d_target[20]_i_6/O
                         net (fo=13, routed)          0.658     7.856    block/core/fetch/d_target[20]_i_6_n_0
    SLICE_X23Y8          LUT6 (Prop_lut6_I4_O)        0.124     7.980 r  block/core/fetch/d_target[4]_i_4/O
                         net (fo=1, routed)           0.000     7.980    block/core/fetch/d_target[4]_i_4_n_0
    SLICE_X23Y8          CARRY4 (Prop_carry4_S[1]_CO[3])
                                                      0.550     8.530 r  block/core/fetch/d_target_reg[4]_i_1/CO[3]
                         net (fo=1, routed)           0.000     8.530    block/core/fetch/d_target_reg[4]_i_1_n_0
    SLICE_X23Y9          CARRY4 (Prop_carry4_CI_CO[3])
                                                      0.114     8.644 r  block/core/fetch/d_target_reg[8]_i_1/CO[3]
                         net (fo=1, routed)           0.000     8.644    block/core/fetch/d_target_reg[8]_i_1_n_0
    SLICE_X23Y10         CARRY4 (Prop_carry4_CI_CO[3])
                                                      0.114     8.758 r  block/core/fetch/d_target_reg[12]_i_1/CO[3]
                         net (fo=1, routed)           0.000     8.758    block/core/fetch/d_target_reg[12]_i_1_n_0
    SLICE_X23Y11         CARRY4 (Prop_carry4_CI_CO[3])
                                                      0.114     8.872 r  block/core/fetch/d_target_reg[16]_i_1/CO[3]
                         net (fo=1, routed)           0.000     8.872    block/core/fetch/d_target_reg[16]_i_1_n_0
    SLICE_X23Y12         CARRY4 (Prop_carry4_CI_CO[3])
                                                      0.114     8.986 r  block/core/fetch/d_target_reg[20]_i_1/CO[3]
                         net (fo=1, routed)           0.000     8.986    block/core/fetch/d_target_reg[20]_i_1_n_0
    SLICE_X23Y13         CARRY4 (Prop_carry4_CI_CO[3])
                                                      0.114     9.100 r  block/core/fetch/d_target_reg[24]_i_1/CO[3]
                         net (fo=1, routed)           0.000     9.100    block/core/fetch/d_target_reg[24]_i_1_n_0
    SLICE_X23Y14         CARRY4 (Prop_carry4_CI_CO[3])
                                                      0.114     9.214 r  block/core/fetch/d_target_reg[28]_i_1/CO[3]
                         net (fo=1, routed)           0.000     9.214    block/core/fetch/d_target_reg[28]_i_1_n_0
    SLICE_X23Y15         CARRY4 (Prop_carry4_CI_O[2])
                                                      0.239     9.453 r  block/core/fetch/d_target_reg[31]_i_1/O[2]
                         net (fo=1, routed)           0.000     9.453    block/core/predecode_return[31]
    SLICE_X23Y15         FDRE                                         r  block/core/d_target_reg[31]/D
  -------------------------------------------------------------------    -------------------

                         (clock clk rise edge)       10.000    10.000 r  
                                                      0.000    10.000 r  clk (IN)
                         net (fo=1046, unset)         0.924    10.924    block/core/clk
    SLICE_X23Y15         FDRE                                         r  block/core/d_target_reg[31]/C
                         clock pessimism              0.000    10.924    
                         clock uncertainty           -0.035    10.889    
    SLICE_X23Y15         FDRE (Setup_fdre_C_D)        0.062    10.951    block/core/d_target_reg[31]
  -------------------------------------------------------------------
                         required time                         10.951    
                         arrival time                          -9.453    
  -------------------------------------------------------------------
                         slack                                  1.498    

Slack (MET) :             1.514ns  (required time - arrival time)
  Source:                 block/request_registered.ram_reg_0_0_4/CLKBWRCLK
                            (rising edge-triggered cell RAMB36E1 clocked by clk  {rise@0.000ns fall@5.000ns period=10.000ns})
  Destination:            block/core/d_target_reg[29]/D
                            (rising edge-triggered cell FDRE clocked by clk  {rise@0.000ns fall@5.000ns period=10.000ns})
  Path Group:             clk
  Path Type:              Setup (Max at Slow Process Corner)
  Requirement:            10.000ns  (clk rise@10.000ns - clk rise@0.000ns)
  Data Path Delay:        8.464ns  (logic 4.283ns (50.605%)  route 4.181ns (49.395%))
  Logic Levels:           11  (CARRY4=8 LUT4=1 LUT6=2)
  Clock Path Skew:        -0.049ns (DCD - SCD + CPR)
    Destination Clock Delay (DCD):    0.924ns = ( 10.924 - 10.000 ) 
    Source Clock Delay      (SCD):    0.973ns
    Clock Pessimism Removal (CPR):    0.000ns
  Clock Uncertainty:      0.035ns  ((TSJ^2 + TIJ^2)^1/2 + DJ) / 2 + PE
    Total System Jitter     (TSJ):    0.071ns
    Total Input Jitter      (TIJ):    0.000ns
    Discrete Jitter          (DJ):    0.000ns
    Phase Error              (PE):    0.000ns

    Location             Delay type                Incr(ns)  Path(ns)    Netlist Resource(s)
  -------------------------------------------------------------------    -------------------
                         (clock clk rise edge)        0.000     0.000 r  
                                                      0.000     0.000 r  clk (IN)
                         net (fo=1046, unset)         0.973     0.973    block/clk
    RAMB36_X4Y0          RAMB36E1                                     r  block/request_registered.ram_reg_0_0_4/CLKBWRCLK
  -------------------------------------------------------------------    -------------------
    RAMB36_X4Y0          RAMB36E1 (Prop_ramb36e1_CLKBWRCLK_DOBDO[0])
                                                      2.454     3.427 f  block/request_registered.ram_reg_0_0_4/DOBDO[0]
                         net (fo=3, routed)           2.941     6.368    block/core/fetch/i_q2[4]
    SLICE_X28Y5          LUT4 (Prop_lut4_I0_O)        0.124     6.492 f  block/core/fetch/d_insn[4]_i_1/O
                         net (fo=3, routed)           0.582     7.074    block/core/fetch/f_insn[4]
    SLICE_X27Y5          LUT6 (Prop_lut6_I2_O)        0.124     7.198 r  block/core/fetch/d_target[20]_i_6/O
                         net (fo=13, routed)          0.658     7.856    block/core/fetch/d_target[20]_i_6_n_0
    SLICE_X23Y8          LUT6 (Prop_lut6_I4_O)        0.124     7.980 r  block/core/fetch/d_target[4]_i_4/O
                         net (fo=1, routed)           0.000     7.980    block/core/fetch/d_target[4]_i_4_n_0
    SLICE_X23Y8          CARRY4 (Prop_carry4_S[1]_CO[3])
                                                      0.550     8.530 r  block/core/fetch/d_target_reg[4]_i_1/CO[3]
                         net (fo=1, routed)           0.000     8.530    block/core/fetch/d_target_reg[4]_i_1_n_0
    SLICE_X23Y9          CARRY4 (Prop_carry4_CI_CO[3])
                                                      0.114     8.644 r  block/core/fetch/d_target_reg[8]_i_1/CO[3]
                         net (fo=1, routed)           0.000     8.644    block/core/fetch/d_target_reg[8]_i_1_n_0
    SLICE_X23Y10         CARRY4 (Prop_carry4_CI_CO[3])
                                                      0.114     8.758 r  block/core/fetch/d_target_reg[12]_i_1/CO[3]
                         net (fo=1, routed)           0.000     8.758    block/core/fetch/d_target_reg[12]_i_1_n_0
    SLICE_X23Y11         CARRY4 (Prop_carry4_CI_CO[3])
                                                      0.114     8.872 r  block/core/fetch/d_target_reg[16]_i_1/CO[3]
                         net (fo=1, routed)           0.000     8.872    block/core/fetch/d_target_reg[16]_i_1_n_0
    SLICE_X23Y12         CARRY4 (Prop_carry4_CI_CO[3])
                                                      0.114     8.986 r  block/core/fetch/d_target_reg[20]_i_1/CO[3]
                         net (fo=1, routed)           0.000     8.986    block/core/fetch/d_target_reg[20]_i_1_n_0
    SLICE_X23Y13         CARRY4 (Prop_carry4_CI_CO[3])
                                                      0.114     9.100 r  block/core/fetch/d_target_reg[24]_i_1/CO[3]
                         net (fo=1, routed)           0.000     9.100    block/core/fetch/d_target_reg[24]_i_1_n_0
    SLICE_X23Y14         CARRY4 (Prop_carry4_CI_CO[3])
                                                      0.114     9.214 r  block/core/fetch/d_target_reg[28]_i_1/CO[3]
                         net (fo=1, routed)           0.000     9.214    block/core/fetch/d_target_reg[28]_i_1_n_0
    SLICE_X23Y15         CARRY4 (Prop_carry4_CI_O[0])
                                                      0.223     9.437 r  block/core/fetch/d_target_reg[31]_i_1/O[0]
                         net (fo=1, routed)           0.000     9.437    block/core/predecode_return[29]
    SLICE_X23Y15         FDRE                                         r  block/core/d_target_reg[29]/D
  -------------------------------------------------------------------    -------------------

                         (clock clk rise edge)       10.000    10.000 r  
                                                      0.000    10.000 r  clk (IN)
                         net (fo=1046, unset)         0.924    10.924    block/core/clk
    SLICE_X23Y15         FDRE                                         r  block/core/d_target_reg[29]/C
                         clock pessimism              0.000    10.924    
                         clock uncertainty           -0.035    10.889    
    SLICE_X23Y15         FDRE (Setup_fdre_C_D)        0.062    10.951    block/core/d_target_reg[29]
  -------------------------------------------------------------------
                         required time                         10.951    
                         arrival time                          -9.437    
  -------------------------------------------------------------------
                         slack                                  1.514    

Slack (MET) :             1.517ns  (required time - arrival time)
  Source:                 block/request_registered.ram_reg_0_0_4/CLKBWRCLK
                            (rising edge-triggered cell RAMB36E1 clocked by clk  {rise@0.000ns fall@5.000ns period=10.000ns})
  Destination:            block/core/d_target_reg[26]/D
                            (rising edge-triggered cell FDRE clocked by clk  {rise@0.000ns fall@5.000ns period=10.000ns})
  Path Group:             clk
  Path Type:              Setup (Max at Slow Process Corner)
  Requirement:            10.000ns  (clk rise@10.000ns - clk rise@0.000ns)
  Data Path Delay:        8.461ns  (logic 4.280ns (50.587%)  route 4.181ns (49.413%))
  Logic Levels:           10  (CARRY4=7 LUT4=1 LUT6=2)
  Clock Path Skew:        -0.049ns (DCD - SCD + CPR)
    Destination Clock Delay (DCD):    0.924ns = ( 10.924 - 10.000 ) 
    Source Clock Delay      (SCD):    0.973ns
    Clock Pessimism Removal (CPR):    0.000ns
  Clock Uncertainty:      0.035ns  ((TSJ^2 + TIJ^2)^1/2 + DJ) / 2 + PE
    Total System Jitter     (TSJ):    0.071ns
    Total Input Jitter      (TIJ):    0.000ns
    Discrete Jitter          (DJ):    0.000ns
    Phase Error              (PE):    0.000ns

    Location             Delay type                Incr(ns)  Path(ns)    Netlist Resource(s)
  -------------------------------------------------------------------    -------------------
                         (clock clk rise edge)        0.000     0.000 r  
                                                      0.000     0.000 r  clk (IN)
                         net (fo=1046, unset)         0.973     0.973    block/clk
    RAMB36_X4Y0          RAMB36E1                                     r  block/request_registered.ram_reg_0_0_4/CLKBWRCLK
  -------------------------------------------------------------------    -------------------
    RAMB36_X4Y0          RAMB36E1 (Prop_ramb36e1_CLKBWRCLK_DOBDO[0])
                                                      2.454     3.427 f  block/request_registered.ram_reg_0_0_4/DOBDO[0]
                         net (fo=3, routed)           2.941     6.368    block/core/fetch/i_q2[4]
    SLICE_X28Y5          LUT4 (Prop_lut4_I0_O)        0.124     6.492 f  block/core/fetch/d_insn[4]_i_1/O
                         net (fo=3, routed)           0.582     7.074    block/core/fetch/f_insn[4]
    SLICE_X27Y5          LUT6 (Prop_lut6_I2_O)        0.124     7.198 r  block/core/fetch/d_target[20]_i_6/O
                         net (fo=13, routed)          0.658     7.856    block/core/fetch/d_target[20]_i_6_n_0
    SLICE_X23Y8          LUT6 (Prop_lut6_I4_O)        0.124     7.980 r  block/core/fetch/d_target[4]_i_4/O
                         net (fo=1, routed)           0.000     7.980    block/core/fetch/d_target[4]_i_4_n_0
    SLICE_X23Y8          CARRY4 (Prop_carry4_S[1]_CO[3])
                                                      0.550     8.530 r  block/core/fetch/d_target_reg[4]_i_1/CO[3]
                         net (fo=1, routed)           0.000     8.530    block/core/fetch/d_target_reg[4]_i_1_n_0
    SLICE_X23Y9          CARRY4 (Prop_carry4_CI_CO[3])
                                                      0.114     8.644 r  block/core/fetch/d_target_reg[8]_i_1/CO[3]
                         net (fo=1, routed)           0.000     8.644    block/core/fetch/d_target_reg[8]_i_1_n_0
    SLICE_X23Y10         CARRY4 (Prop_carry4_CI_CO[3])
                                                      0.114     8.758 r  block/core/fetch/d_target_reg[12]_i_1/CO[3]
                         net (fo=1, routed)           0.000     8.758    block/core/fetch/d_target_reg[12]_i_1_n_0
    SLICE_X23Y11         CARRY4 (Prop_carry4_CI_CO[3])
                                                      0.114     8.872 r  block/core/fetch/d_target_reg[16]_i_1/CO[3]
                         net (fo=1, routed)           0.000     8.872    block/core/fetch/d_target_reg[16]_i_1_n_0
    SLICE_X23Y12         CARRY4 (Prop_carry4_CI_CO[3])
                                                      0.114     8.986 r  block/core/fetch/d_target_reg[20]_i_1/CO[3]
                         net (fo=1, routed)           0.000     8.986    block/core/fetch/d_target_reg[20]_i_1_n_0
    SLICE_X23Y13         CARRY4 (Prop_carry4_CI_CO[3])
                                                      0.114     9.100 r  block/core/fetch/d_target_reg[24]_i_1/CO[3]
                         net (fo=1, routed)           0.000     9.100    block/core/fetch/d_target_reg[24]_i_1_n_0
    SLICE_X23Y14         CARRY4 (Prop_carry4_CI_O[1])
                                                      0.334     9.434 r  block/core/fetch/d_target_reg[28]_i_1/O[1]
                         net (fo=1, routed)           0.000     9.434    block/core/predecode_return[26]
    SLICE_X23Y14         FDRE                                         r  block/core/d_target_reg[26]/D
  -------------------------------------------------------------------    -------------------

                         (clock clk rise edge)       10.000    10.000 r  
                                                      0.000    10.000 r  clk (IN)
                         net (fo=1046, unset)         0.924    10.924    block/core/clk
    SLICE_X23Y14         FDRE                                         r  block/core/d_target_reg[26]/C
                         clock pessimism              0.000    10.924    
                         clock uncertainty           -0.035    10.889    
    SLICE_X23Y14         FDRE (Setup_fdre_C_D)        0.062    10.951    block/core/d_target_reg[26]
  -------------------------------------------------------------------
                         required time                         10.951    
                         arrival time                          -9.434    
  -------------------------------------------------------------------
                         slack                                  1.517    

Slack (MET) :             1.526ns  (required time - arrival time)
  Source:                 block/core/fsel1_reg[0]/C
                            (rising edge-triggered cell FDRE clocked by clk  {rise@0.000ns fall@5.000ns period=10.000ns})
  Destination:            block/core/m1_reg[result][8]/D
                            (rising edge-triggered cell FDRE clocked by clk  {rise@0.000ns fall@5.000ns period=10.000ns})
  Path Group:             clk
  Path Type:              Setup (Max at Slow Process Corner)
  Requirement:            10.000ns  (clk rise@10.000ns - clk rise@0.000ns)
  Data Path Delay:        8.422ns  (logic 2.012ns (23.891%)  route 6.410ns (76.109%))
  Logic Levels:           7  (LUT2=3 LUT4=2 LUT6=2)
  Clock Path Skew:        -0.049ns (DCD - SCD + CPR)
    Destination Clock Delay (DCD):    0.924ns = ( 10.924 - 10.000 ) 
    Source Clock Delay      (SCD):    0.973ns
    Clock Pessimism Removal (CPR):    0.000ns
  Clock Uncertainty:      0.035ns  ((TSJ^2 + TIJ^2)^1/2 + DJ) / 2 + PE
    Total System Jitter     (TSJ):    0.071ns
    Total Input Jitter      (TIJ):    0.000ns
    Discrete Jitter          (DJ):    0.000ns
    Phase Error              (PE):    0.000ns

    Location             Delay type                Incr(ns)  Path(ns)    Netlist Resource(s)
  -------------------------------------------------------------------    -------------------
                         (clock clk rise edge)        0.000     0.000 r  
                                                      0.000     0.000 r  clk (IN)
                         net (fo=1046, unset)         0.973     0.973    block/core/clk
    SLICE_X43Y4          FDRE                                         r  block/core/fsel1_reg[0]/C
  -------------------------------------------------------------------    -------------------
    SLICE_X43Y4          FDRE (Prop_fdre_C_Q)         0.456     1.429 r  block/core/fsel1_reg[0]/Q
                         net (fo=33, routed)          1.561     2.990    block/core/fetch/e_rs1v_reg[27]
    SLICE_X38Y17         LUT4 (Prop_lut4_I1_O)        0.124     3.114 r  block/core/fetch/e_rs1v[31]_i_5/O
                         net (fo=2, routed)           0.478     3.591    block/core/fetch_n_129
    SLICE_X38Y17         LUT4 (Prop_lut4_I2_O)        0.124     3.715 f  block/core/m1[result][31]_i_11/O
                         net (fo=30, routed)          1.213     4.929    block/core/m1[result][31]_i_11_n_0
    SLICE_X52Y16         LUT2 (Prop_lut2_I1_O)        0.152     5.081 r  block/core/m1[result][15]_i_10/O
                         net (fo=21, routed)          1.094     6.175    block/core/m1[result][15]_i_10_n_0
    SLICE_X53Y13         LUT2 (Prop_lut2_I0_O)        0.352     6.527 r  block/core/m1[result][11]_i_10/O
                         net (fo=14, routed)          1.167     7.694    block/core/m1[result][11]_i_10_n_0
    SLICE_X50Y9          LUT2 (Prop_lut2_I1_O)        0.352     8.046 f  block/core/m1[result][8]_i_9/O
                         net (fo=1, routed)           0.452     8.499    block/core/m1[result][8]_i_9_n_0
    SLICE_X50Y9          LUT6 (Prop_lut6_I0_O)        0.328     8.827 r  block/core/m1[result][8]_i_5/O
                         net (fo=1, routed)           0.444     9.271    block/core/m1[result][8]_i_5_n_0
    SLICE_X49Y8          LUT6 (Prop_lut6_I5_O)        0.124     9.395 r  block/core/m1[result][8]_i_1/O
                         net (fo=1, routed)           0.000     9.395    block/core/e_slot[result][8]
    SLICE_X49Y8          FDRE                                         r  block/core/m1_reg[result][8]/D
  -------------------------------------------------------------------    -------------------

                         (clock clk rise edge)       10.000    10.000 r  
                                                      0.000    10.000 r  clk (IN)
                         net (fo=1046, unset)         0.924    10.924    block/core/clk
    SLICE_X49Y8          FDRE                                         r  block/core/m1_reg[result][8]/C
                         clock pessimism              0.000    10.924    
                         clock uncertainty           -0.035    10.889    
    SLICE_X49Y8          FDRE (Setup_fdre_C_D)        0.032    10.921    block/core/m1_reg[result][8]
  -------------------------------------------------------------------
                         required time                         10.921    
                         arrival time                          -9.395    
  -------------------------------------------------------------------
                         slack                                  1.526    

Slack (MET) :             1.538ns  (required time - arrival time)
  Source:                 block/request_registered.ram_reg_0_0_4/CLKBWRCLK
                            (rising edge-triggered cell RAMB36E1 clocked by clk  {rise@0.000ns fall@5.000ns period=10.000ns})
  Destination:            block/core/d_target_reg[28]/D
                            (rising edge-triggered cell FDRE clocked by clk  {rise@0.000ns fall@5.000ns period=10.000ns})
  Path Group:             clk
  Path Type:              Setup (Max at Slow Process Corner)
  Requirement:            10.000ns  (clk rise@10.000ns - clk rise@0.000ns)
  Data Path Delay:        8.440ns  (logic 4.259ns (50.464%)  route 4.181ns (49.536%))
  Logic Levels:           10  (CARRY4=7 LUT4=1 LUT6=2)
  Clock Path Skew:        -0.049ns (DCD - SCD + CPR)
    Destination Clock Delay (DCD):    0.924ns = ( 10.924 - 10.000 ) 
    Source Clock Delay      (SCD):    0.973ns
    Clock Pessimism Removal (CPR):    0.000ns
  Clock Uncertainty:      0.035ns  ((TSJ^2 + TIJ^2)^1/2 + DJ) / 2 + PE
    Total System Jitter     (TSJ):    0.071ns
    Total Input Jitter      (TIJ):    0.000ns
    Discrete Jitter          (DJ):    0.000ns
    Phase Error              (PE):    0.000ns

    Location             Delay type                Incr(ns)  Path(ns)    Netlist Resource(s)
  -------------------------------------------------------------------    -------------------
                         (clock clk rise edge)        0.000     0.000 r  
                                                      0.000     0.000 r  clk (IN)
                         net (fo=1046, unset)         0.973     0.973    block/clk
    RAMB36_X4Y0          RAMB36E1                                     r  block/request_registered.ram_reg_0_0_4/CLKBWRCLK
  -------------------------------------------------------------------    -------------------
    RAMB36_X4Y0          RAMB36E1 (Prop_ramb36e1_CLKBWRCLK_DOBDO[0])
                                                      2.454     3.427 f  block/request_registered.ram_reg_0_0_4/DOBDO[0]
                         net (fo=3, routed)           2.941     6.368    block/core/fetch/i_q2[4]
    SLICE_X28Y5          LUT4 (Prop_lut4_I0_O)        0.124     6.492 f  block/core/fetch/d_insn[4]_i_1/O
                         net (fo=3, routed)           0.582     7.074    block/core/fetch/f_insn[4]
    SLICE_X27Y5          LUT6 (Prop_lut6_I2_O)        0.124     7.198 r  block/core/fetch/d_target[20]_i_6/O
                         net (fo=13, routed)          0.658     7.856    block/core/fetch/d_target[20]_i_6_n_0
    SLICE_X23Y8          LUT6 (Prop_lut6_I4_O)        0.124     7.980 r  block/core/fetch/d_target[4]_i_4/O
                         net (fo=1, routed)           0.000     7.980    block/core/fetch/d_target[4]_i_4_n_0
    SLICE_X23Y8          CARRY4 (Prop_carry4_S[1]_CO[3])
                                                      0.550     8.530 r  block/core/fetch/d_target_reg[4]_i_1/CO[3]
                         net (fo=1, routed)           0.000     8.530    block/core/fetch/d_target_reg[4]_i_1_n_0
    SLICE_X23Y9          CARRY4 (Prop_carry4_CI_CO[3])
                                                      0.114     8.644 r  block/core/fetch/d_target_reg[8]_i_1/CO[3]
                         net (fo=1, routed)           0.000     8.644    block/core/fetch/d_target_reg[8]_i_1_n_0
    SLICE_X23Y10         CARRY4 (Prop_carry4_CI_CO[3])
                                                      0.114     8.758 r  block/core/fetch/d_target_reg[12]_i_1/CO[3]
                         net (fo=1, routed)           0.000     8.758    block/core/fetch/d_target_reg[12]_i_1_n_0
    SLICE_X23Y11         CARRY4 (Prop_carry4_CI_CO[3])
                                                      0.114     8.872 r  block/core/fetch/d_target_reg[16]_i_1/CO[3]
                         net (fo=1, routed)           0.000     8.872    block/core/fetch/d_target_reg[16]_i_1_n_0
    SLICE_X23Y12         CARRY4 (Prop_carry4_CI_CO[3])
                                                      0.114     8.986 r  block/core/fetch/d_target_reg[20]_i_1/CO[3]
                         net (fo=1, routed)           0.000     8.986    block/core/fetch/d_target_reg[20]_i_1_n_0
    SLICE_X23Y13         CARRY4 (Prop_carry4_CI_CO[3])
                                                      0.114     9.100 r  block/core/fetch/d_target_reg[24]_i_1/CO[3]
                         net (fo=1, routed)           0.000     9.100    block/core/fetch/d_target_reg[24]_i_1_n_0
    SLICE_X23Y14         CARRY4 (Prop_carry4_CI_O[3])
                                                      0.313     9.413 r  block/core/fetch/d_target_reg[28]_i_1/O[3]
                         net (fo=1, routed)           0.000     9.413    block/core/predecode_return[28]
    SLICE_X23Y14         FDRE                                         r  block/core/d_target_reg[28]/D
  -------------------------------------------------------------------    -------------------

                         (clock clk rise edge)       10.000    10.000 r  
                                                      0.000    10.000 r  clk (IN)
                         net (fo=1046, unset)         0.924    10.924    block/core/clk
    SLICE_X23Y14         FDRE                                         r  block/core/d_target_reg[28]/C
                         clock pessimism              0.000    10.924    
                         clock uncertainty           -0.035    10.889    
    SLICE_X23Y14         FDRE (Setup_fdre_C_D)        0.062    10.951    block/core/d_target_reg[28]
  -------------------------------------------------------------------
                         required time                         10.951    
                         arrival time                          -9.413    
  -------------------------------------------------------------------
                         slack                                  1.538    

Slack (MET) :             1.552ns  (required time - arrival time)
  Source:                 block/request_registered.ram_reg_0_0_4/CLKBWRCLK
                            (rising edge-triggered cell RAMB36E1 clocked by clk  {rise@0.000ns fall@5.000ns period=10.000ns})
  Destination:            block/core/d_predict_reg/D
                            (rising edge-triggered cell FDRE clocked by clk  {rise@0.000ns fall@5.000ns period=10.000ns})
  Path Group:             clk
  Path Type:              Setup (Max at Slow Process Corner)
  Requirement:            10.000ns  (clk rise@10.000ns - clk rise@0.000ns)
  Data Path Delay:        8.441ns  (logic 3.372ns (39.950%)  route 5.069ns (60.050%))
  Logic Levels:           5  (CARRY4=1 LUT4=1 LUT5=1 LUT6=2)
  Clock Path Skew:        -0.049ns (DCD - SCD + CPR)
    Destination Clock Delay (DCD):    0.924ns = ( 10.924 - 10.000 ) 
    Source Clock Delay      (SCD):    0.973ns
    Clock Pessimism Removal (CPR):    0.000ns
  Clock Uncertainty:      0.035ns  ((TSJ^2 + TIJ^2)^1/2 + DJ) / 2 + PE
    Total System Jitter     (TSJ):    0.071ns
    Total Input Jitter      (TIJ):    0.000ns
    Discrete Jitter          (DJ):    0.000ns
    Phase Error              (PE):    0.000ns

    Location             Delay type                Incr(ns)  Path(ns)    Netlist Resource(s)
  -------------------------------------------------------------------    -------------------
                         (clock clk rise edge)        0.000     0.000 r  
                                                      0.000     0.000 r  clk (IN)
                         net (fo=1046, unset)         0.973     0.973    block/clk
    RAMB36_X4Y0          RAMB36E1                                     r  block/request_registered.ram_reg_0_0_4/CLKBWRCLK
  -------------------------------------------------------------------    -------------------
    RAMB36_X4Y0          RAMB36E1 (Prop_ramb36e1_CLKBWRCLK_DOBDO[0])
                                                      2.454     3.427 f  block/request_registered.ram_reg_0_0_4/DOBDO[0]
                         net (fo=3, routed)           2.941     6.368    block/core/fetch/i_q2[4]
    SLICE_X28Y5          LUT4 (Prop_lut4_I0_O)        0.124     6.492 f  block/core/fetch/d_insn[4]_i_1/O
                         net (fo=3, routed)           0.582     7.074    block/core/fetch/f_insn[4]
    SLICE_X27Y5          LUT6 (Prop_lut6_I2_O)        0.124     7.198 r  block/core/fetch/d_target[20]_i_6/O
                         net (fo=13, routed)          0.661     7.859    block/core/fetch/d_target[20]_i_6_n_0
    SLICE_X23Y8          LUT6 (Prop_lut6_I2_O)        0.124     7.983 r  block/core/fetch/d_target[4]_i_5/O
                         net (fo=1, routed)           0.000     7.983    block/core/fetch/d_target[4]_i_5_n_0
    SLICE_X23Y8          CARRY4 (Prop_carry4_S[0]_O[0])
                                                      0.247     8.230 f  block/core/fetch/d_target_reg[4]_i_1/O[0]
                         net (fo=1, routed)           0.885     9.115    block/predecode_return__0[1]
    SLICE_X26Y4          LUT5 (Prop_lut5_I1_O)        0.299     9.414 r  block/d_predict_i_1/O
                         net (fo=1, routed)           0.000     9.414    block/core/d_predict_reg_0
    SLICE_X26Y4          FDRE                                         r  block/core/d_predict_reg/D
  -------------------------------------------------------------------    -------------------

                         (clock clk rise edge)       10.000    10.000 r  
                                                      0.000    10.000 r  clk (IN)
                         net (fo=1046, unset)         0.924    10.924    block/core/clk
    SLICE_X26Y4          FDRE                                         r  block/core/d_predict_reg/C
                         clock pessimism              0.000    10.924    
                         clock uncertainty           -0.035    10.889    
    SLICE_X26Y4          FDRE (Setup_fdre_C_D)        0.077    10.966    block/core/d_predict_reg
  -------------------------------------------------------------------
                         required time                         10.966    
                         arrival time                          -9.414    
  -------------------------------------------------------------------
                         slack                                  1.552    





Min Delay Paths
--------------------------------------------------------------------------------------
Slack (MET) :             0.085ns  (arrival time - required time)
  Source:                 block/core/w_reg[rd][3]/C
                            (rising edge-triggered cell FDRE clocked by clk  {rise@0.000ns fall@5.000ns period=10.000ns})
  Destination:            block/core/rf_reg_r2_0_31_12_17/RAMA/WADR3
                            (rising edge-triggered cell RAMD32 clocked by clk  {rise@0.000ns fall@5.000ns period=10.000ns})
  Path Group:             clk
  Path Type:              Hold (Min at Fast Process Corner)
  Requirement:            0.000ns  (clk rise@0.000ns - clk rise@0.000ns)
  Data Path Delay:        0.347ns  (logic 0.141ns (40.683%)  route 0.206ns (59.317%))
  Logic Levels:           0  
  Clock Path Skew:        0.022ns (DCD - SCD - CPR)
    Destination Clock Delay (DCD):    0.432ns
    Source Clock Delay      (SCD):    0.410ns
    Clock Pessimism Removal (CPR):    -0.000ns

    Location             Delay type                Incr(ns)  Path(ns)    Netlist Resource(s)
  -------------------------------------------------------------------    -------------------
                         (clock clk rise edge)        0.000     0.000 r  
                                                      0.000     0.000 r  clk (IN)
                         net (fo=1046, unset)         0.410     0.410    block/core/clk
    SLICE_X40Y5          FDRE                                         r  block/core/w_reg[rd][3]/C
  -------------------------------------------------------------------    -------------------
    SLICE_X40Y5          FDRE (Prop_fdre_C_Q)         0.141     0.551 r  block/core/w_reg[rd][3]/Q
                         net (fo=92, routed)          0.206     0.757    block/core/rf_reg_r2_0_31_12_17/ADDRD3
    SLICE_X42Y6          RAMD32                                       r  block/core/rf_reg_r2_0_31_12_17/RAMA/WADR3
  -------------------------------------------------------------------    -------------------

                         (clock clk rise edge)        0.000     0.000 r  
                                                      0.000     0.000 r  clk (IN)
                         net (fo=1046, unset)         0.432     0.432    block/core/rf_reg_r2_0_31_12_17/WCLK
    SLICE_X42Y6          RAMD32                                       r  block/core/rf_reg_r2_0_31_12_17/RAMA/CLK
                         clock pessimism              0.000     0.432    
    SLICE_X42Y6          RAMD32 (Hold_ramd32_CLK_WADR3)
                                                      0.240     0.672    block/core/rf_reg_r2_0_31_12_17/RAMA
  -------------------------------------------------------------------
                         required time                         -0.672    
                         arrival time                           0.757    
  -------------------------------------------------------------------
                         slack                                  0.085    

Slack (MET) :             0.085ns  (arrival time - required time)
  Source:                 block/core/w_reg[rd][3]/C
                            (rising edge-triggered cell FDRE clocked by clk  {rise@0.000ns fall@5.000ns period=10.000ns})
  Destination:            block/core/rf_reg_r2_0_31_12_17/RAMA_D1/WADR3
                            (rising edge-triggered cell RAMD32 clocked by clk  {rise@0.000ns fall@5.000ns period=10.000ns})
  Path Group:             clk
  Path Type:              Hold (Min at Fast Process Corner)
  Requirement:            0.000ns  (clk rise@0.000ns - clk rise@0.000ns)
  Data Path Delay:        0.347ns  (logic 0.141ns (40.683%)  route 0.206ns (59.317%))
  Logic Levels:           0  
  Clock Path Skew:        0.022ns (DCD - SCD - CPR)
    Destination Clock Delay (DCD):    0.432ns
    Source Clock Delay      (SCD):    0.410ns
    Clock Pessimism Removal (CPR):    -0.000ns

    Location             Delay type                Incr(ns)  Path(ns)    Netlist Resource(s)
  -------------------------------------------------------------------    -------------------
                         (clock clk rise edge)        0.000     0.000 r  
                                                      0.000     0.000 r  clk (IN)
                         net (fo=1046, unset)         0.410     0.410    block/core/clk
    SLICE_X40Y5          FDRE                                         r  block/core/w_reg[rd][3]/C
  -------------------------------------------------------------------    -------------------
    SLICE_X40Y5          FDRE (Prop_fdre_C_Q)         0.141     0.551 r  block/core/w_reg[rd][3]/Q
                         net (fo=92, routed)          0.206     0.757    block/core/rf_reg_r2_0_31_12_17/ADDRD3
    SLICE_X42Y6          RAMD32                                       r  block/core/rf_reg_r2_0_31_12_17/RAMA_D1/WADR3
  -------------------------------------------------------------------    -------------------

                         (clock clk rise edge)        0.000     0.000 r  
                                                      0.000     0.000 r  clk (IN)
                         net (fo=1046, unset)         0.432     0.432    block/core/rf_reg_r2_0_31_12_17/WCLK
    SLICE_X42Y6          RAMD32                                       r  block/core/rf_reg_r2_0_31_12_17/RAMA_D1/CLK
                         clock pessimism              0.000     0.432    
    SLICE_X42Y6          RAMD32 (Hold_ramd32_CLK_WADR3)
                                                      0.240     0.672    block/core/rf_reg_r2_0_31_12_17/RAMA_D1
  -------------------------------------------------------------------
                         required time                         -0.672    
                         arrival time                           0.757    
  -------------------------------------------------------------------
                         slack                                  0.085    

Slack (MET) :             0.085ns  (arrival time - required time)
  Source:                 block/core/w_reg[rd][3]/C
                            (rising edge-triggered cell FDRE clocked by clk  {rise@0.000ns fall@5.000ns period=10.000ns})
  Destination:            block/core/rf_reg_r2_0_31_12_17/RAMB/WADR3
                            (rising edge-triggered cell RAMD32 clocked by clk  {rise@0.000ns fall@5.000ns period=10.000ns})
  Path Group:             clk
  Path Type:              Hold (Min at Fast Process Corner)
  Requirement:            0.000ns  (clk rise@0.000ns - clk rise@0.000ns)
  Data Path Delay:        0.347ns  (logic 0.141ns (40.683%)  route 0.206ns (59.317%))
  Logic Levels:           0  
  Clock Path Skew:        0.022ns (DCD - SCD - CPR)
    Destination Clock Delay (DCD):    0.432ns
    Source Clock Delay      (SCD):    0.410ns
    Clock Pessimism Removal (CPR):    -0.000ns

    Location             Delay type                Incr(ns)  Path(ns)    Netlist Resource(s)
  -------------------------------------------------------------------    -------------------
                         (clock clk rise edge)        0.000     0.000 r  
                                                      0.000     0.000 r  clk (IN)
                         net (fo=1046, unset)         0.410     0.410    block/core/clk
    SLICE_X40Y5          FDRE                                         r  block/core/w_reg[rd][3]/C
  -------------------------------------------------------------------    -------------------
    SLICE_X40Y5          FDRE (Prop_fdre_C_Q)         0.141     0.551 r  block/core/w_reg[rd][3]/Q
                         net (fo=92, routed)          0.206     0.757    block/core/rf_reg_r2_0_31_12_17/ADDRD3
    SLICE_X42Y6          RAMD32                                       r  block/core/rf_reg_r2_0_31_12_17/RAMB/WADR3
  -------------------------------------------------------------------    -------------------

                         (clock clk rise edge)        0.000     0.000 r  
                                                      0.000     0.000 r  clk (IN)
                         net (fo=1046, unset)         0.432     0.432    block/core/rf_reg_r2_0_31_12_17/WCLK
    SLICE_X42Y6          RAMD32                                       r  block/core/rf_reg_r2_0_31_12_17/RAMB/CLK
                         clock pessimism              0.000     0.432    
    SLICE_X42Y6          RAMD32 (Hold_ramd32_CLK_WADR3)
                                                      0.240     0.672    block/core/rf_reg_r2_0_31_12_17/RAMB
  -------------------------------------------------------------------
                         required time                         -0.672    
                         arrival time                           0.757    
  -------------------------------------------------------------------
                         slack                                  0.085    

Slack (MET) :             0.085ns  (arrival time - required time)
  Source:                 block/core/w_reg[rd][3]/C
                            (rising edge-triggered cell FDRE clocked by clk  {rise@0.000ns fall@5.000ns period=10.000ns})
  Destination:            block/core/rf_reg_r2_0_31_12_17/RAMB_D1/WADR3
                            (rising edge-triggered cell RAMD32 clocked by clk  {rise@0.000ns fall@5.000ns period=10.000ns})
  Path Group:             clk
  Path Type:              Hold (Min at Fast Process Corner)
  Requirement:            0.000ns  (clk rise@0.000ns - clk rise@0.000ns)
  Data Path Delay:        0.347ns  (logic 0.141ns (40.683%)  route 0.206ns (59.317%))
  Logic Levels:           0  
  Clock Path Skew:        0.022ns (DCD - SCD - CPR)
    Destination Clock Delay (DCD):    0.432ns
    Source Clock Delay      (SCD):    0.410ns
    Clock Pessimism Removal (CPR):    -0.000ns

    Location             Delay type                Incr(ns)  Path(ns)    Netlist Resource(s)
  -------------------------------------------------------------------    -------------------
                         (clock clk rise edge)        0.000     0.000 r  
                                                      0.000     0.000 r  clk (IN)
                         net (fo=1046, unset)         0.410     0.410    block/core/clk
    SLICE_X40Y5          FDRE                                         r  block/core/w_reg[rd][3]/C
  -------------------------------------------------------------------    -------------------
    SLICE_X40Y5          FDRE (Prop_fdre_C_Q)         0.141     0.551 r  block/core/w_reg[rd][3]/Q
                         net (fo=92, routed)          0.206     0.757    block/core/rf_reg_r2_0_31_12_17/ADDRD3
    SLICE_X42Y6          RAMD32                                       r  block/core/rf_reg_r2_0_31_12_17/RAMB_D1/WADR3
  -------------------------------------------------------------------    -------------------

                         (clock clk rise edge)        0.000     0.000 r  
                                                      0.000     0.000 r  clk (IN)
                         net (fo=1046, unset)         0.432     0.432    block/core/rf_reg_r2_0_31_12_17/WCLK
    SLICE_X42Y6          RAMD32                                       r  block/core/rf_reg_r2_0_31_12_17/RAMB_D1/CLK
                         clock pessimism              0.000     0.432    
    SLICE_X42Y6          RAMD32 (Hold_ramd32_CLK_WADR3)
                                                      0.240     0.672    block/core/rf_reg_r2_0_31_12_17/RAMB_D1
  -------------------------------------------------------------------
                         required time                         -0.672    
                         arrival time                           0.757    
  -------------------------------------------------------------------
                         slack                                  0.085    

Slack (MET) :             0.085ns  (arrival time - required time)
  Source:                 block/core/w_reg[rd][3]/C
                            (rising edge-triggered cell FDRE clocked by clk  {rise@0.000ns fall@5.000ns period=10.000ns})
  Destination:            block/core/rf_reg_r2_0_31_12_17/RAMC/WADR3
                            (rising edge-triggered cell RAMD32 clocked by clk  {rise@0.000ns fall@5.000ns period=10.000ns})
  Path Group:             clk
  Path Type:              Hold (Min at Fast Process Corner)
  Requirement:            0.000ns  (clk rise@0.000ns - clk rise@0.000ns)
  Data Path Delay:        0.347ns  (logic 0.141ns (40.683%)  route 0.206ns (59.317%))
  Logic Levels:           0  
  Clock Path Skew:        0.022ns (DCD - SCD - CPR)
    Destination Clock Delay (DCD):    0.432ns
    Source Clock Delay      (SCD):    0.410ns
    Clock Pessimism Removal (CPR):    -0.000ns

    Location             Delay type                Incr(ns)  Path(ns)    Netlist Resource(s)
  -------------------------------------------------------------------    -------------------
                         (clock clk rise edge)        0.000     0.000 r  
                                                      0.000     0.000 r  clk (IN)
                         net (fo=1046, unset)         0.410     0.410    block/core/clk
    SLICE_X40Y5          FDRE                                         r  block/core/w_reg[rd][3]/C
  -------------------------------------------------------------------    -------------------
    SLICE_X40Y5          FDRE (Prop_fdre_C_Q)         0.141     0.551 r  block/core/w_reg[rd][3]/Q
                         net (fo=92, routed)          0.206     0.757    block/core/rf_reg_r2_0_31_12_17/ADDRD3
    SLICE_X42Y6          RAMD32                                       r  block/core/rf_reg_r2_0_31_12_17/RAMC/WADR3
  -------------------------------------------------------------------    -------------------

                         (clock clk rise edge)        0.000     0.000 r  
                                                      0.000     0.000 r  clk (IN)
                         net (fo=1046, unset)         0.432     0.432    block/core/rf_reg_r2_0_31_12_17/WCLK
    SLICE_X42Y6          RAMD32                                       r  block/core/rf_reg_r2_0_31_12_17/RAMC/CLK
                         clock pessimism              0.000     0.432    
    SLICE_X42Y6          RAMD32 (Hold_ramd32_CLK_WADR3)
                                                      0.240     0.672    block/core/rf_reg_r2_0_31_12_17/RAMC
  -------------------------------------------------------------------
                         required time                         -0.672    
                         arrival time                           0.757    
  -------------------------------------------------------------------
                         slack                                  0.085    

Slack (MET) :             0.085ns  (arrival time - required time)
  Source:                 block/core/w_reg[rd][3]/C
                            (rising edge-triggered cell FDRE clocked by clk  {rise@0.000ns fall@5.000ns period=10.000ns})
  Destination:            block/core/rf_reg_r2_0_31_12_17/RAMC_D1/WADR3
                            (rising edge-triggered cell RAMD32 clocked by clk  {rise@0.000ns fall@5.000ns period=10.000ns})
  Path Group:             clk
  Path Type:              Hold (Min at Fast Process Corner)
  Requirement:            0.000ns  (clk rise@0.000ns - clk rise@0.000ns)
  Data Path Delay:        0.347ns  (logic 0.141ns (40.683%)  route 0.206ns (59.317%))
  Logic Levels:           0  
  Clock Path Skew:        0.022ns (DCD - SCD - CPR)
    Destination Clock Delay (DCD):    0.432ns
    Source Clock Delay      (SCD):    0.410ns
    Clock Pessimism Removal (CPR):    -0.000ns

    Location             Delay type                Incr(ns)  Path(ns)    Netlist Resource(s)
  -------------------------------------------------------------------    -------------------
                         (clock clk rise edge)        0.000     0.000 r  
                                                      0.000     0.000 r  clk (IN)
                         net (fo=1046, unset)         0.410     0.410    block/core/clk
    SLICE_X40Y5          FDRE                                         r  block/core/w_reg[rd][3]/C
  -------------------------------------------------------------------    -------------------
    SLICE_X40Y5          FDRE (Prop_fdre_C_Q)         0.141     0.551 r  block/core/w_reg[rd][3]/Q
                         net (fo=92, routed)          0.206     0.757    block/core/rf_reg_r2_0_31_12_17/ADDRD3
    SLICE_X42Y6          RAMD32                                       r  block/core/rf_reg_r2_0_31_12_17/RAMC_D1/WADR3
  -------------------------------------------------------------------    -------------------

                         (clock clk rise edge)        0.000     0.000 r  
                                                      0.000     0.000 r  clk (IN)
                         net (fo=1046, unset)         0.432     0.432    block/core/rf_reg_r2_0_31_12_17/WCLK
    SLICE_X42Y6          RAMD32                                       r  block/core/rf_reg_r2_0_31_12_17/RAMC_D1/CLK
                         clock pessimism              0.000     0.432    
    SLICE_X42Y6          RAMD32 (Hold_ramd32_CLK_WADR3)
                                                      0.240     0.672    block/core/rf_reg_r2_0_31_12_17/RAMC_D1
  -------------------------------------------------------------------
                         required time                         -0.672    
                         arrival time                           0.757    
  -------------------------------------------------------------------
                         slack                                  0.085    

Slack (MET) :             0.085ns  (arrival time - required time)
  Source:                 block/core/w_reg[rd][3]/C
                            (rising edge-triggered cell FDRE clocked by clk  {rise@0.000ns fall@5.000ns period=10.000ns})
  Destination:            block/core/rf_reg_r2_0_31_12_17/RAMD/ADR3
                            (rising edge-triggered cell RAMS32 clocked by clk  {rise@0.000ns fall@5.000ns period=10.000ns})
  Path Group:             clk
  Path Type:              Hold (Min at Fast Process Corner)
  Requirement:            0.000ns  (clk rise@0.000ns - clk rise@0.000ns)
  Data Path Delay:        0.347ns  (logic 0.141ns (40.683%)  route 0.206ns (59.317%))
  Logic Levels:           0  
  Clock Path Skew:        0.022ns (DCD - SCD - CPR)
    Destination Clock Delay (DCD):    0.432ns
    Source Clock Delay      (SCD):    0.410ns
    Clock Pessimism Removal (CPR):    -0.000ns

    Location             Delay type                Incr(ns)  Path(ns)    Netlist Resource(s)
  -------------------------------------------------------------------    -------------------
                         (clock clk rise edge)        0.000     0.000 r  
                                                      0.000     0.000 r  clk (IN)
                         net (fo=1046, unset)         0.410     0.410    block/core/clk
    SLICE_X40Y5          FDRE                                         r  block/core/w_reg[rd][3]/C
  -------------------------------------------------------------------    -------------------
    SLICE_X40Y5          FDRE (Prop_fdre_C_Q)         0.141     0.551 r  block/core/w_reg[rd][3]/Q
                         net (fo=92, routed)          0.206     0.757    block/core/rf_reg_r2_0_31_12_17/ADDRD3
    SLICE_X42Y6          RAMS32                                       r  block/core/rf_reg_r2_0_31_12_17/RAMD/ADR3
  -------------------------------------------------------------------    -------------------

                         (clock clk rise edge)        0.000     0.000 r  
                                                      0.000     0.000 r  clk (IN)
                         net (fo=1046, unset)         0.432     0.432    block/core/rf_reg_r2_0_31_12_17/WCLK
    SLICE_X42Y6          RAMS32                                       r  block/core/rf_reg_r2_0_31_12_17/RAMD/CLK
                         clock pessimism              0.000     0.432    
    SLICE_X42Y6          RAMS32 (Hold_rams32_CLK_ADR3)
                                                      0.240     0.672    block/core/rf_reg_r2_0_31_12_17/RAMD
  -------------------------------------------------------------------
                         required time                         -0.672    
                         arrival time                           0.757    
  -------------------------------------------------------------------
                         slack                                  0.085    

Slack (MET) :             0.085ns  (arrival time - required time)
  Source:                 block/core/w_reg[rd][3]/C
                            (rising edge-triggered cell FDRE clocked by clk  {rise@0.000ns fall@5.000ns period=10.000ns})
  Destination:            block/core/rf_reg_r2_0_31_12_17/RAMD_D1/ADR3
                            (rising edge-triggered cell RAMS32 clocked by clk  {rise@0.000ns fall@5.000ns period=10.000ns})
  Path Group:             clk
  Path Type:              Hold (Min at Fast Process Corner)
  Requirement:            0.000ns  (clk rise@0.000ns - clk rise@0.000ns)
  Data Path Delay:        0.347ns  (logic 0.141ns (40.683%)  route 0.206ns (59.317%))
  Logic Levels:           0  
  Clock Path Skew:        0.022ns (DCD - SCD - CPR)
    Destination Clock Delay (DCD):    0.432ns
    Source Clock Delay      (SCD):    0.410ns
    Clock Pessimism Removal (CPR):    -0.000ns

    Location             Delay type                Incr(ns)  Path(ns)    Netlist Resource(s)
  -------------------------------------------------------------------    -------------------
                         (clock clk rise edge)        0.000     0.000 r  
                                                      0.000     0.000 r  clk (IN)
                         net (fo=1046, unset)         0.410     0.410    block/core/clk
    SLICE_X40Y5          FDRE                                         r  block/core/w_reg[rd][3]/C
  -------------------------------------------------------------------    -------------------
    SLICE_X40Y5          FDRE (Prop_fdre_C_Q)         0.141     0.551 r  block/core/w_reg[rd][3]/Q
                         net (fo=92, routed)          0.206     0.757    block/core/rf_reg_r2_0_31_12_17/ADDRD3
    SLICE_X42Y6          RAMS32                                       r  block/core/rf_reg_r2_0_31_12_17/RAMD_D1/ADR3
  -------------------------------------------------------------------    -------------------

                         (clock clk rise edge)        0.000     0.000 r  
                                                      0.000     0.000 r  clk (IN)
                         net (fo=1046, unset)         0.432     0.432    block/core/rf_reg_r2_0_31_12_17/WCLK
    SLICE_X42Y6          RAMS32                                       r  block/core/rf_reg_r2_0_31_12_17/RAMD_D1/CLK
                         clock pessimism              0.000     0.432    
    SLICE_X42Y6          RAMS32 (Hold_rams32_CLK_ADR3)
                                                      0.240     0.672    block/core/rf_reg_r2_0_31_12_17/RAMD_D1
  -------------------------------------------------------------------
                         required time                         -0.672    
                         arrival time                           0.757    
  -------------------------------------------------------------------
                         slack                                  0.085    

Slack (MET) :             0.090ns  (arrival time - required time)
  Source:                 block/core/w_reg[rd][3]/C
                            (rising edge-triggered cell FDRE clocked by clk  {rise@0.000ns fall@5.000ns period=10.000ns})
  Destination:            block/core/rf_reg_r1_0_31_6_11/RAMA/WADR3
                            (rising edge-triggered cell RAMD32 clocked by clk  {rise@0.000ns fall@5.000ns period=10.000ns})
  Path Group:             clk
  Path Type:              Hold (Min at Fast Process Corner)
  Requirement:            0.000ns  (clk rise@0.000ns - clk rise@0.000ns)
  Data Path Delay:        0.351ns  (logic 0.141ns (40.118%)  route 0.210ns (59.882%))
  Logic Levels:           0  
  Clock Path Skew:        0.022ns (DCD - SCD - CPR)
    Destination Clock Delay (DCD):    0.432ns
    Source Clock Delay      (SCD):    0.410ns
    Clock Pessimism Removal (CPR):    -0.000ns

    Location             Delay type                Incr(ns)  Path(ns)    Netlist Resource(s)
  -------------------------------------------------------------------    -------------------
                         (clock clk rise edge)        0.000     0.000 r  
                                                      0.000     0.000 r  clk (IN)
                         net (fo=1046, unset)         0.410     0.410    block/core/clk
    SLICE_X40Y5          FDRE                                         r  block/core/w_reg[rd][3]/C
  -------------------------------------------------------------------    -------------------
    SLICE_X40Y5          FDRE (Prop_fdre_C_Q)         0.141     0.551 r  block/core/w_reg[rd][3]/Q
                         net (fo=92, routed)          0.210     0.762    block/core/rf_reg_r1_0_31_6_11/ADDRD3
    SLICE_X38Y6          RAMD32                                       r  block/core/rf_reg_r1_0_31_6_11/RAMA/WADR3
  -------------------------------------------------------------------    -------------------

                         (clock clk rise edge)        0.000     0.000 r  
                                                      0.000     0.000 r  clk (IN)
                         net (fo=1046, unset)         0.432     0.432    block/core/rf_reg_r1_0_31_6_11/WCLK
    SLICE_X38Y6          RAMD32                                       r  block/core/rf_reg_r1_0_31_6_11/RAMA/CLK
                         clock pessimism              0.000     0.432    
    SLICE_X38Y6          RAMD32 (Hold_ramd32_CLK_WADR3)
                                                      0.240     0.672    block/core/rf_reg_r1_0_31_6_11/RAMA
  -------------------------------------------------------------------
                         required time                         -0.672    
                         arrival time                           0.762    
  -------------------------------------------------------------------
                         slack                                  0.090    

Slack (MET) :             0.090ns  (arrival time - required time)
  Source:                 block/core/w_reg[rd][3]/C
                            (rising edge-triggered cell FDRE clocked by clk  {rise@0.000ns fall@5.000ns period=10.000ns})
  Destination:            block/core/rf_reg_r1_0_31_6_11/RAMA_D1/WADR3
                            (rising edge-triggered cell RAMD32 clocked by clk  {rise@0.000ns fall@5.000ns period=10.000ns})
  Path Group:             clk
  Path Type:              Hold (Min at Fast Process Corner)
  Requirement:            0.000ns  (clk rise@0.000ns - clk rise@0.000ns)
  Data Path Delay:        0.351ns  (logic 0.141ns (40.118%)  route 0.210ns (59.882%))
  Logic Levels:           0  
  Clock Path Skew:        0.022ns (DCD - SCD - CPR)
    Destination Clock Delay (DCD):    0.432ns
    Source Clock Delay      (SCD):    0.410ns
    Clock Pessimism Removal (CPR):    -0.000ns

    Location             Delay type                Incr(ns)  Path(ns)    Netlist Resource(s)
  -------------------------------------------------------------------    -------------------
                         (clock clk rise edge)        0.000     0.000 r  
                                                      0.000     0.000 r  clk (IN)
                         net (fo=1046, unset)         0.410     0.410    block/core/clk
    SLICE_X40Y5          FDRE                                         r  block/core/w_reg[rd][3]/C
  -------------------------------------------------------------------    -------------------
    SLICE_X40Y5          FDRE (Prop_fdre_C_Q)         0.141     0.551 r  block/core/w_reg[rd][3]/Q
                         net (fo=92, routed)          0.210     0.762    block/core/rf_reg_r1_0_31_6_11/ADDRD3
    SLICE_X38Y6          RAMD32                                       r  block/core/rf_reg_r1_0_31_6_11/RAMA_D1/WADR3
  -------------------------------------------------------------------    -------------------

                         (clock clk rise edge)        0.000     0.000 r  
                                                      0.000     0.000 r  clk (IN)
                         net (fo=1046, unset)         0.432     0.432    block/core/rf_reg_r1_0_31_6_11/WCLK
    SLICE_X38Y6          RAMD32                                       r  block/core/rf_reg_r1_0_31_6_11/RAMA_D1/CLK
                         clock pessimism              0.000     0.432    
    SLICE_X38Y6          RAMD32 (Hold_ramd32_CLK_WADR3)
                                                      0.240     0.672    block/core/rf_reg_r1_0_31_6_11/RAMA_D1
  -------------------------------------------------------------------
                         required time                         -0.672    
                         arrival time                           0.762    
  -------------------------------------------------------------------
                         slack                                  0.090    





Pulse Width Checks
--------------------------------------------------------------------------------------
Clock Name:         clk
Waveform(ns):       { 0.000 5.000 }
Period(ns):         10.000
Sources:            { clk }

Check Type        Corner  Lib Pin             Reference Pin  Required(ns)  Actual(ns)  Slack(ns)  Location      Pin
Min Period        n/a     RAMB36E1/CLKARDCLK  n/a            2.944         10.000      7.056      RAMB36_X2Y1   block/request_registered.ram_reg_0_0_0/CLKARDCLK
Min Period        n/a     RAMB36E1/CLKARDCLK  n/a            2.944         10.000      7.056      RAMB36_X3Y2   block/request_registered.ram_reg_0_0_1/CLKARDCLK
Min Period        n/a     RAMB36E1/CLKARDCLK  n/a            2.944         10.000      7.056      RAMB36_X3Y0   block/request_registered.ram_reg_0_0_2/CLKARDCLK
Min Period        n/a     RAMB36E1/CLKARDCLK  n/a            2.944         10.000      7.056      RAMB36_X4Y1   block/request_registered.ram_reg_0_0_3/CLKARDCLK
Min Period        n/a     RAMB36E1/CLKARDCLK  n/a            2.944         10.000      7.056      RAMB36_X4Y0   block/request_registered.ram_reg_0_0_4/CLKARDCLK
Min Period        n/a     RAMB36E1/CLKARDCLK  n/a            2.944         10.000      7.056      RAMB36_X1Y1   block/request_registered.ram_reg_0_0_5/CLKARDCLK
Min Period        n/a     RAMB36E1/CLKARDCLK  n/a            2.944         10.000      7.056      RAMB36_X1Y0   block/request_registered.ram_reg_0_0_6/CLKARDCLK
Min Period        n/a     RAMB36E1/CLKARDCLK  n/a            2.944         10.000      7.056      RAMB36_X3Y1   block/request_registered.ram_reg_0_0_7/CLKARDCLK
Min Period        n/a     RAMB36E1/CLKARDCLK  n/a            2.944         10.000      7.056      RAMB36_X3Y3   block/request_registered.ram_reg_1_0_0/CLKARDCLK
Min Period        n/a     RAMB36E1/CLKARDCLK  n/a            2.944         10.000      7.056      RAMB36_X2Y2   block/request_registered.ram_reg_1_0_1/CLKARDCLK
Low Pulse Width   Slow    RAMD32/CLK          n/a            1.250         5.000       3.750      SLICE_X22Y12  block/core/fetch/buf_err_reg_0_3_0_0/DP/CLK
Low Pulse Width   Fast    RAMD32/CLK          n/a            1.250         5.000       3.750      SLICE_X22Y12  block/core/fetch/buf_err_reg_0_3_0_0/DP/CLK
Low Pulse Width   Slow    RAMD32/CLK          n/a            1.250         5.000       3.750      SLICE_X22Y12  block/core/fetch/buf_err_reg_0_3_0_0/SP/CLK
Low Pulse Width   Fast    RAMD32/CLK          n/a            1.250         5.000       3.750      SLICE_X22Y12  block/core/fetch/buf_err_reg_0_3_0_0/SP/CLK
Low Pulse Width   Slow    RAMD32/CLK          n/a            1.250         5.000       3.750      SLICE_X26Y5   block/core/fetch/buf_insn_reg_0_3_0_5/RAMA/CLK
Low Pulse Width   Fast    RAMD32/CLK          n/a            1.250         5.000       3.750      SLICE_X26Y5   block/core/fetch/buf_insn_reg_0_3_0_5/RAMA/CLK
Low Pulse Width   Slow    RAMD32/CLK          n/a            1.250         5.000       3.750      SLICE_X26Y5   block/core/fetch/buf_insn_reg_0_3_0_5/RAMA_D1/CLK
Low Pulse Width   Fast    RAMD32/CLK          n/a            1.250         5.000       3.750      SLICE_X26Y5   block/core/fetch/buf_insn_reg_0_3_0_5/RAMA_D1/CLK
Low Pulse Width   Slow    RAMD32/CLK          n/a            1.250         5.000       3.750      SLICE_X26Y5   block/core/fetch/buf_insn_reg_0_3_0_5/RAMB/CLK
Low Pulse Width   Fast    RAMD32/CLK          n/a            1.250         5.000       3.750      SLICE_X26Y5   block/core/fetch/buf_insn_reg_0_3_0_5/RAMB/CLK
High Pulse Width  Slow    RAMD32/CLK          n/a            1.250         5.000       3.750      SLICE_X22Y12  block/core/fetch/buf_err_reg_0_3_0_0/DP/CLK
High Pulse Width  Fast    RAMD32/CLK          n/a            1.250         5.000       3.750      SLICE_X22Y12  block/core/fetch/buf_err_reg_0_3_0_0/DP/CLK
High Pulse Width  Slow    RAMD32/CLK          n/a            1.250         5.000       3.750      SLICE_X22Y12  block/core/fetch/buf_err_reg_0_3_0_0/SP/CLK
High Pulse Width  Fast    RAMD32/CLK          n/a            1.250         5.000       3.750      SLICE_X22Y12  block/core/fetch/buf_err_reg_0_3_0_0/SP/CLK
High Pulse Width  Slow    RAMD32/CLK          n/a            1.250         5.000       3.750      SLICE_X26Y5   block/core/fetch/buf_insn_reg_0_3_0_5/RAMA/CLK
High Pulse Width  Fast    RAMD32/CLK          n/a            1.250         5.000       3.750      SLICE_X26Y5   block/core/fetch/buf_insn_reg_0_3_0_5/RAMA/CLK
High Pulse Width  Slow    RAMD32/CLK          n/a            1.250         5.000       3.750      SLICE_X26Y5   block/core/fetch/buf_insn_reg_0_3_0_5/RAMA_D1/CLK
High Pulse Width  Fast    RAMD32/CLK          n/a            1.250         5.000       3.750      SLICE_X26Y5   block/core/fetch/buf_insn_reg_0_3_0_5/RAMA_D1/CLK
High Pulse Width  Slow    RAMD32/CLK          n/a            1.250         5.000       3.750      SLICE_X26Y5   block/core/fetch/buf_insn_reg_0_3_0_5/RAMB/CLK
High Pulse Width  Fast    RAMD32/CLK          n/a            1.250         5.000       3.750      SLICE_X26Y5   block/core/fetch/buf_insn_reg_0_3_0_5/RAMB/CLK



