NAMED-PATH-BEGIN d_rsp_valid_to_d_req_valid
Startpoint: d_rsp_valid (input port clocked by clk)
Endpoint: d_req_valid (output port clocked by clk)
Path Group: clk
Path Type: max

   Delay     Time   Description
-----------------------------------------------------------
   0.000    0.000   clock clk (rise edge)
   0.000    0.000   clock network delay (propagated)
   2.000    2.000 ^ input external delay
   0.019    2.019 ^ d_rsp_valid (in)
   0.090    2.109 ^ hold3774/X (sky130_fd_sc_hd__clkbuf_1)
   0.107    2.216 ^ input35/X (sky130_fd_sc_hd__clkbuf_2)
   0.163    2.379 ^ hold3775/X (sky130_fd_sc_hd__clkbuf_1)
   0.119    2.498 ^ wire2877/X (sky130_fd_sc_hd__buf_12)
   0.046    2.544 v _14250_/Y (sky130_fd_sc_hd__nor2_4)
   0.086    2.630 v fanout1286/X (sky130_fd_sc_hd__buf_12)
   0.089    2.718 v fanout1285/X (sky130_fd_sc_hd__buf_12)
   0.102    2.820 v fanout1284/X (sky130_fd_sc_hd__buf_12)
   0.208    3.028 ^ _14254_/Y (sky130_fd_sc_hd__o31ai_4)
   0.042    3.070 v _14259_/Y (sky130_fd_sc_hd__o211ai_4)
   0.089    3.159 v rebuffer3123/X (sky130_fd_sc_hd__buf_6)
   0.242    3.401 ^ _14261_/X (sky130_fd_sc_hd__and4bb_4)
   0.098    3.498 ^ output109/X (sky130_fd_sc_hd__buf_8)
   0.000    3.499 ^ d_req_valid (out)
            3.499   data arrival time

  10.000   10.000   clock clk (rise edge)
   0.000   10.000   clock network delay (propagated)
  -0.250    9.750   clock uncertainty
   0.000    9.750   clock reconvergence pessimism
  -2.000    7.750   output external delay
            7.750   data required time
-----------------------------------------------------------
            7.750   data required time
           -3.499   data arrival time
-----------------------------------------------------------
            4.251   slack (MET)


NAMED-PATH-END
NAMED-PATH-BEGIN d_rsp_error_to_d_req_valid
Startpoint: d_rsp_error (input port clocked by clk)
Endpoint: d_req_valid (output port clocked by clk)
Path Group: clk
Path Type: max

   Delay     Time   Description
-----------------------------------------------------------
   0.000    0.000   clock clk (rise edge)
   0.000    0.000   clock network delay (propagated)
   2.000    2.000 v input external delay
   0.007    2.007 v d_rsp_error (in)
   0.061    2.068 v hold3690/X (sky130_fd_sc_hd__clkbuf_1)
   0.099    2.166 v input2/X (sky130_fd_sc_hd__buf_2)
   0.100    2.266 v hold3691/X (sky130_fd_sc_hd__clkbuf_1)
   0.140    2.406 v _14245_/Y (sky130_fd_sc_hd__nand2b_2)
   0.121    2.527 v _14246_/X (sky130_fd_sc_hd__o211a_2)
   0.251    2.778 ^ _14254_/Y (sky130_fd_sc_hd__o31ai_4)
   0.042    2.819 v _14259_/Y (sky130_fd_sc_hd__o211ai_4)
   0.089    2.908 v rebuffer3123/X (sky130_fd_sc_hd__buf_6)
   0.242    3.150 ^ _14261_/X (sky130_fd_sc_hd__and4bb_4)
   0.098    3.248 ^ output109/X (sky130_fd_sc_hd__buf_8)
   0.000    3.248 ^ d_req_valid (out)
            3.248   data arrival time

  10.000   10.000   clock clk (rise edge)
   0.000   10.000   clock network delay (propagated)
  -0.250    9.750   clock uncertainty
   0.000    9.750   clock reconvergence pessimism
  -2.000    7.750   output external delay
            7.750   data required time
-----------------------------------------------------------
            7.750   data required time
           -3.248   data arrival time
-----------------------------------------------------------
            4.502   slack (MET)


NAMED-PATH-END
