NAMED-PATH-BEGIN d_rsp_valid_to_d_req_valid
Startpoint: d_rsp_valid (input port clocked by clk)
Endpoint: d_req_valid (output port clocked by clk)
Path Group: clk
Path Type: max

   Delay     Time   Description
-----------------------------------------------------------
   0.000    0.000   clock clk (rise edge)
   0.000    0.000   clock network delay (propagated)
   2.000    2.000 ^ input external delay
   0.013    2.013 ^ d_rsp_valid (in)
   0.117    2.131 ^ input35/X (sky130_fd_sc_hd__clkbuf_2)
   0.156    2.286 ^ wire2984/X (sky130_fd_sc_hd__buf_8)
   0.458    2.744 ^ fanout2982/X (sky130_fd_sc_hd__dlymetal6s4s_1)
   0.336    3.080 v _07762_/X (sky130_fd_sc_hd__and4bb_4)
   0.177    3.258 v load_slew1526/X (sky130_fd_sc_hd__buf_4)
   0.208    3.466 ^ _07765_/Y (sky130_fd_sc_hd__nand2_2)
   0.241    3.707 ^ _07770_/X (sky130_fd_sc_hd__and3_4)
   0.200    3.906 ^ fanout543/X (sky130_fd_sc_hd__buf_6)
   0.356    4.262 ^ _07771_/X (sky130_fd_sc_hd__and4_4)
   0.160    4.422 ^ output109/X (sky130_fd_sc_hd__buf_8)
   0.001    4.423 ^ d_req_valid (out)
            4.423   data arrival time

  10.000   10.000   clock clk (rise edge)
   0.000   10.000   clock network delay (propagated)
  -0.250    9.750   clock uncertainty
   0.000    9.750   clock reconvergence pessimism
  -2.000    7.750   output external delay
            7.750   data required time
-----------------------------------------------------------
            7.750   data required time
           -4.423   data arrival time
-----------------------------------------------------------
            3.327   slack (MET)


NAMED-PATH-END
NAMED-PATH-BEGIN d_rsp_error_to_d_req_valid
Startpoint: d_rsp_error (input port clocked by clk)
Endpoint: d_req_valid (output port clocked by clk)
Path Group: clk
Path Type: max

   Delay     Time   Description
-----------------------------------------------------------
   0.000    0.000   clock clk (rise edge)
   0.000    0.000   clock network delay (propagated)
   2.000    2.000 v input external delay
   0.005    2.005 v d_rsp_error (in)
   0.283    2.288 v input2/X (sky130_fd_sc_hd__clkbuf_2)
   0.322    2.611 v _07756_/Y (sky130_fd_sc_hd__nand2b_2)
   0.167    2.778 v _07757_/X (sky130_fd_sc_hd__o211a_2)
   0.372    3.149 ^ _07760_/Y (sky130_fd_sc_hd__o21ai_2)
   0.220    3.370 ^ load_slew748/X (sky130_fd_sc_hd__buf_6)
   0.211    3.581 ^ _07770_/X (sky130_fd_sc_hd__and3_4)
   0.200    3.780 ^ fanout543/X (sky130_fd_sc_hd__buf_6)
   0.356    4.136 ^ _07771_/X (sky130_fd_sc_hd__and4_4)
   0.160    4.296 ^ output109/X (sky130_fd_sc_hd__buf_8)
   0.001    4.297 ^ d_req_valid (out)
            4.297   data arrival time

  10.000   10.000   clock clk (rise edge)
   0.000   10.000   clock network delay (propagated)
  -0.250    9.750   clock uncertainty
   0.000    9.750   clock reconvergence pessimism
  -2.000    7.750   output external delay
            7.750   data required time
-----------------------------------------------------------
            7.750   data required time
           -4.297   data arrival time
-----------------------------------------------------------
            3.453   slack (MET)


NAMED-PATH-END
