NAMED-PATH-BEGIN d_rsp_valid_to_d_req_valid
Startpoint: d_rsp_valid (input port clocked by clk)
Endpoint: d_req_valid (output port clocked by clk)
Path Group: clk
Path Type: max

   Delay     Time   Description
-----------------------------------------------------------
   0.000    0.000   clock clk (rise edge)
   0.000    0.000   clock network delay (propagated)
   2.000    2.000 ^ input external delay
   0.020    2.020 ^ d_rsp_valid (in)
   0.481    2.501 ^ input35/X (sky130_fd_sc_hd__clkbuf_2)
   0.580    3.081 ^ fanout2898/X (sky130_fd_sc_hd__clkbuf_2)
   0.531    3.611 ^ fanout2897/X (sky130_fd_sc_hd__clkbuf_2)
   0.653    4.264 v _07762_/X (sky130_fd_sc_hd__and4bb_2)
   0.375    4.639 v fanout1480/X (sky130_fd_sc_hd__clkbuf_4)
   0.467    5.106 v fanout1479/X (sky130_fd_sc_hd__clkbuf_2)
   0.367    5.473 ^ _07765_/Y (sky130_fd_sc_hd__nand2_4)
   0.507    5.980 ^ _07770_/X (sky130_fd_sc_hd__and3_4)
   0.350    6.330 ^ fanout556/X (sky130_fd_sc_hd__buf_6)
   0.767    7.096 ^ _07771_/X (sky130_fd_sc_hd__and4_2)
   0.799    7.895 ^ output109/X (sky130_fd_sc_hd__dlymetal6s4s_1)
   0.001    7.896 ^ d_req_valid (out)
            7.896   data arrival time

  10.000   10.000   clock clk (rise edge)
   0.000   10.000   clock network delay (propagated)
  -0.250    9.750   clock uncertainty
   0.000    9.750   clock reconvergence pessimism
  -2.000    7.750   output external delay
            7.750   data required time
-----------------------------------------------------------
            7.750   data required time
           -7.896   data arrival time
-----------------------------------------------------------
           -0.146   slack (VIOLATED)


NAMED-PATH-END
NAMED-PATH-BEGIN d_rsp_error_to_d_req_valid
Startpoint: d_rsp_error (input port clocked by clk)
Endpoint: d_req_valid (output port clocked by clk)
Path Group: clk
Path Type: max

   Delay     Time   Description
-----------------------------------------------------------
   0.000    0.000   clock clk (rise edge)
   0.000    0.000   clock network delay (propagated)
   2.000    2.000 v input external delay
   0.012    2.012 v d_rsp_error (in)
   0.286    2.298 v input2/X (sky130_fd_sc_hd__clkbuf_1)
   0.329    2.626 v wire2899/X (sky130_fd_sc_hd__buf_6)
   0.420    3.046 v _07756_/Y (sky130_fd_sc_hd__nand2b_2)
   0.322    3.368 v _07757_/X (sky130_fd_sc_hd__o211a_2)
   0.462    3.830 ^ _07760_/Y (sky130_fd_sc_hd__o21ai_4)
   0.498    4.328 ^ fanout751/X (sky130_fd_sc_hd__clkbuf_2)
   0.300    4.628 ^ load_slew753/X (sky130_fd_sc_hd__buf_6)
   0.450    5.078 ^ _07770_/X (sky130_fd_sc_hd__and3_4)
   0.350    5.427 ^ fanout556/X (sky130_fd_sc_hd__buf_6)
   0.767    6.194 ^ _07771_/X (sky130_fd_sc_hd__and4_2)
   0.799    6.993 ^ output109/X (sky130_fd_sc_hd__dlymetal6s4s_1)
   0.001    6.994 ^ d_req_valid (out)
            6.994   data arrival time

  10.000   10.000   clock clk (rise edge)
   0.000   10.000   clock network delay (propagated)
  -0.250    9.750   clock uncertainty
   0.000    9.750   clock reconvergence pessimism
  -2.000    7.750   output external delay
            7.750   data required time
-----------------------------------------------------------
            7.750   data required time
           -6.994   data arrival time
-----------------------------------------------------------
            0.756   slack (MET)


NAMED-PATH-END
