NAMED-PATH-BEGIN d_rsp_valid_to_d_req_valid
Startpoint: d_rsp_valid (input port clocked by clk)
Endpoint: d_req_valid (output port clocked by clk)
Path Group: clk
Path Type: max

   Delay     Time   Description
-----------------------------------------------------------
   0.000    0.000   clock clk (rise edge)
   0.000    0.000   clock network delay (propagated)
   2.000    2.000 ^ input external delay
   0.012    2.012 ^ d_rsp_valid (in)
   0.100    2.112 ^ input35/X (sky130_fd_sc_hd__clkbuf_1)
   0.224    2.335 ^ wire2507/X (sky130_fd_sc_hd__clkbuf_4)
   0.096    2.432 v _08178_/Y (sky130_fd_sc_hd__nor2_4)
   0.385    2.817 v _08180_/X (sky130_fd_sc_hd__and2_2)
   0.312    3.130 v load_slew742/X (sky130_fd_sc_hd__clkbuf_4)
   0.589    3.719 v _08182_/X (sky130_fd_sc_hd__or4b_4)
   0.267    3.986 ^ _08183_/X (sky130_fd_sc_hd__o21ba_2)
   0.309    4.295 ^ _08184_/X (sky130_fd_sc_hd__and3_2)
   0.119    4.415 ^ output109/X (sky130_fd_sc_hd__clkbuf_1)
   0.196    4.611 ^ wire363/X (sky130_fd_sc_hd__clkbuf_4)
   0.001    4.612 ^ d_req_valid (out)
            4.612   data arrival time

  10.000   10.000   clock clk (rise edge)
   0.000   10.000   clock network delay (propagated)
  -0.250    9.750   clock uncertainty
   0.000    9.750   clock reconvergence pessimism
  -2.000    7.750   output external delay
            7.750   data required time
-----------------------------------------------------------
            7.750   data required time
           -4.612   data arrival time
-----------------------------------------------------------
            3.138   slack (MET)


NAMED-PATH-END
NAMED-PATH-BEGIN d_rsp_error_to_d_req_valid
Startpoint: d_rsp_error (input port clocked by clk)
Endpoint: d_req_valid (output port clocked by clk)
Path Group: clk
Path Type: max

   Delay     Time   Description
-----------------------------------------------------------
   0.000    0.000   clock clk (rise edge)
   0.000    0.000   clock network delay (propagated)
   2.000    2.000 v input external delay
   0.005    2.005 v d_rsp_error (in)
   0.104    2.110 v input2/X (sky130_fd_sc_hd__buf_1)
   0.193    2.303 v _08169_/Y (sky130_fd_sc_hd__nand2b_2)
   0.207    2.510 v _08170_/X (sky130_fd_sc_hd__o211a_2)
   0.313    2.822 v _08171_/X (sky130_fd_sc_hd__o21a_4)
   0.328    3.150 v _08181_/X (sky130_fd_sc_hd__a221o_2)
   0.526    3.676 v _08182_/X (sky130_fd_sc_hd__or4b_4)
   0.267    3.944 ^ _08183_/X (sky130_fd_sc_hd__o21ba_2)
   0.309    4.253 ^ _08184_/X (sky130_fd_sc_hd__and3_2)
   0.119    4.372 ^ output109/X (sky130_fd_sc_hd__clkbuf_1)
   0.196    4.568 ^ wire363/X (sky130_fd_sc_hd__clkbuf_4)
   0.001    4.569 ^ d_req_valid (out)
            4.569   data arrival time

  10.000   10.000   clock clk (rise edge)
   0.000   10.000   clock network delay (propagated)
  -0.250    9.750   clock uncertainty
   0.000    9.750   clock reconvergence pessimism
  -2.000    7.750   output external delay
            7.750   data required time
-----------------------------------------------------------
            7.750   data required time
           -4.569   data arrival time
-----------------------------------------------------------
            3.181   slack (MET)


NAMED-PATH-END
