NAMED-PATH-BEGIN d_rsp_valid_to_d_req_valid
Startpoint: d_rsp_valid (input port clocked by clk)
Endpoint: d_req_valid (output port clocked by clk)
Path Group: clk
Path Type: max

   Delay     Time   Description
-----------------------------------------------------------
   0.000    0.000   clock clk (rise edge)
   0.000    0.000   clock network delay (propagated)
   2.000    2.000 ^ input external delay
   0.032    2.032 ^ d_rsp_valid (in)
   1.388    3.420 ^ input35/X (sky130_fd_sc_hd__dlygate4sd3_1)
   0.592    4.012 ^ _07842_/Y (sky130_fd_sc_hd__nand2b_4)
   0.538    4.551 ^ fanout1573/X (sky130_fd_sc_hd__clkbuf_2)
   0.749    5.300 v _07846_/X (sky130_fd_sc_hd__and4bb_2)
   0.390    5.689 v fanout1423/X (sky130_fd_sc_hd__buf_2)
   0.369    6.058 v load_slew1425/X (sky130_fd_sc_hd__buf_4)
   0.386    6.445 ^ _07848_/Y (sky130_fd_sc_hd__a221oi_4)
   0.317    6.762 v _07849_/Y (sky130_fd_sc_hd__nand4_4)
   1.029    7.791 ^ _07850_/X (sky130_fd_sc_hd__and4b_2)
   0.380    8.171 ^ output109/X (sky130_fd_sc_hd__buf_8)
   0.002    8.173 ^ d_req_valid (out)
            8.173   data arrival time

  10.000   10.000   clock clk (rise edge)
   0.000   10.000   clock network delay (propagated)
  -0.250    9.750   clock uncertainty
   0.000    9.750   clock reconvergence pessimism
  -2.000    7.750   output external delay
            7.750   data required time
-----------------------------------------------------------
            7.750   data required time
           -8.173   data arrival time
-----------------------------------------------------------
           -0.423   slack (VIOLATED)


NAMED-PATH-END
NAMED-PATH-BEGIN d_rsp_error_to_d_req_valid
Startpoint: d_rsp_error (input port clocked by clk)
Endpoint: d_req_valid (output port clocked by clk)
Path Group: clk
Path Type: max

   Delay     Time   Description
-----------------------------------------------------------
   0.000    0.000   clock clk (rise edge)
   0.000    0.000   clock network delay (propagated)
   2.000    2.000 v input external delay
   0.010    2.010 v d_rsp_error (in)
   0.410    2.420 v input2/X (sky130_fd_sc_hd__buf_2)
   0.527    2.948 v _07832_/Y (sky130_fd_sc_hd__nand2b_2)
   0.299    3.246 v _07833_/X (sky130_fd_sc_hd__o211a_2)
   0.757    4.003 ^ _07835_/Y (sky130_fd_sc_hd__o21ai_2)
   0.547    4.550 ^ load_slew827/X (sky130_fd_sc_hd__buf_6)
   0.280    4.831 v _07849_/Y (sky130_fd_sc_hd__nand4_4)
   1.029    5.860 ^ _07850_/X (sky130_fd_sc_hd__and4b_2)
   0.380    6.240 ^ output109/X (sky130_fd_sc_hd__buf_8)
   0.002    6.242 ^ d_req_valid (out)
            6.242   data arrival time

  10.000   10.000   clock clk (rise edge)
   0.000   10.000   clock network delay (propagated)
  -0.250    9.750   clock uncertainty
   0.000    9.750   clock reconvergence pessimism
  -2.000    7.750   output external delay
            7.750   data required time
-----------------------------------------------------------
            7.750   data required time
           -6.242   data arrival time
-----------------------------------------------------------
            1.508   slack (MET)


NAMED-PATH-END
