NAMED-PATH-BEGIN d_rsp_valid_to_d_req_valid
Startpoint: d_rsp_valid (input port clocked by clk)
Endpoint: d_req_valid (output port clocked by clk)
Path Group: clk
Path Type: max

   Delay     Time   Description
-----------------------------------------------------------
   0.000    0.000   clock clk (rise edge)
   0.000    0.000   clock network delay (propagated)
   2.000    2.000 ^ input external delay
   0.009    2.009 ^ d_rsp_valid (in)
   0.123    2.132 ^ input35/X (sky130_fd_sc_hd__buf_2)
   0.283    2.416 ^ fanout3562/X (sky130_fd_sc_hd__buf_2)
   0.236    2.652 ^ fanout3560/X (sky130_fd_sc_hd__buf_2)
   0.030    2.682 v _19293_/Y (sky130_fd_sc_hd__nor2_4)
   0.095    2.777 v fanout1329/X (sky130_fd_sc_hd__buf_12)
   0.100    2.877 v fanout1328/X (sky130_fd_sc_hd__buf_6)
   0.100    2.977 v fanout1327/X (sky130_fd_sc_hd__buf_12)
   0.116    3.093 v fanout1326/X (sky130_fd_sc_hd__clkbuf_4)
   0.103    3.196 v fanout1325/X (sky130_fd_sc_hd__buf_8)
   0.172    3.369 ^ _19300_/Y (sky130_fd_sc_hd__o21ai_4)
   0.130    3.499 ^ _19307_/X (sky130_fd_sc_hd__and3_2)
   0.099    3.598 ^ _19326_/X (sky130_fd_sc_hd__o211a_2)
   0.198    3.796 ^ _19327_/X (sky130_fd_sc_hd__and2_2)
   0.182    3.978 ^ output109/X (sky130_fd_sc_hd__buf_2)
   0.001    3.978 ^ d_req_valid (out)
            3.978   data arrival time

  10.000   10.000   clock clk (rise edge)
   0.000   10.000   clock network delay (propagated)
  -0.250    9.750   clock uncertainty
   0.000    9.750   clock reconvergence pessimism
  -2.000    7.750   output external delay
            7.750   data required time
-----------------------------------------------------------
            7.750   data required time
           -3.978   data arrival time
-----------------------------------------------------------
            3.772   slack (MET)


NAMED-PATH-END
NAMED-PATH-BEGIN d_rsp_error_to_d_req_valid
Startpoint: d_rsp_error (input port clocked by clk)
Endpoint: d_req_valid (output port clocked by clk)
Path Group: clk
Path Type: max

   Delay     Time   Description
-----------------------------------------------------------
   0.000    0.000   clock clk (rise edge)
   0.000    0.000   clock network delay (propagated)
   2.000    2.000 v input external delay
   0.003    2.003 v d_rsp_error (in)
   0.121    2.123 v input2/X (sky130_fd_sc_hd__buf_2)
   0.140    2.263 v _19296_/Y (sky130_fd_sc_hd__nand2b_2)
   0.126    2.389 v _19297_/X (sky130_fd_sc_hd__o211a_2)
   0.264    2.653 v _19298_/X (sky130_fd_sc_hd__or2_2)
   0.211    2.863 ^ _19300_/Y (sky130_fd_sc_hd__o21ai_4)
   0.130    2.994 ^ _19307_/X (sky130_fd_sc_hd__and3_2)
   0.099    3.093 ^ _19326_/X (sky130_fd_sc_hd__o211a_2)
   0.198    3.290 ^ _19327_/X (sky130_fd_sc_hd__and2_2)
   0.182    3.473 ^ output109/X (sky130_fd_sc_hd__buf_2)
   0.001    3.473 ^ d_req_valid (out)
            3.473   data arrival time

  10.000   10.000   clock clk (rise edge)
   0.000   10.000   clock network delay (propagated)
  -0.250    9.750   clock uncertainty
   0.000    9.750   clock reconvergence pessimism
  -2.000    7.750   output external delay
            7.750   data required time
-----------------------------------------------------------
            7.750   data required time
           -3.473   data arrival time
-----------------------------------------------------------
            4.277   slack (MET)


NAMED-PATH-END
