NAMED-PATH-BEGIN d_rsp_valid_to_d_req_valid
Startpoint: d_rsp_valid (input port clocked by clk)
Endpoint: d_req_valid (output port clocked by clk)
Path Group: clk
Path Type: max

   Delay     Time   Description
-----------------------------------------------------------
   0.000    0.000   clock clk (rise edge)
   0.000    0.000   clock network delay (propagated)
   2.000    2.000 ^ input external delay
   0.019    2.019 ^ d_rsp_valid (in)
   0.298    2.318 ^ input35/X (sky130_fd_sc_hd__buf_2)
   0.451    2.768 ^ hold4472/X (sky130_fd_sc_hd__clkbuf_1)
   0.519    3.287 ^ fanout3571/X (sky130_fd_sc_hd__buf_2)
   0.364    3.651 ^ _17154_/Y (sky130_fd_sc_hd__nand2b_2)
   0.412    4.063 ^ fanout1869/X (sky130_fd_sc_hd__buf_2)
   0.567    4.631 v _17159_/X (sky130_fd_sc_hd__and4bb_4)
   0.297    4.928 v load_slew1393/X (sky130_fd_sc_hd__buf_12)
   1.209    6.138 v _17161_/X (sky130_fd_sc_hd__or4b_4)
   0.302    6.440 v rebuffer3624/X (sky130_fd_sc_hd__buf_6)
   0.452    6.892 ^ _17162_/Y (sky130_fd_sc_hd__nor3_4)
   0.331    7.223 ^ wire451/X (sky130_fd_sc_hd__buf_6)
   0.374    7.597 ^ output109/X (sky130_fd_sc_hd__buf_2)
   0.001    7.598 ^ d_req_valid (out)
            7.598   data arrival time

  10.000   10.000   clock clk (rise edge)
   0.000   10.000   clock network delay (propagated)
  -0.250    9.750   clock uncertainty
   0.000    9.750   clock reconvergence pessimism
  -2.000    7.750   output external delay
            7.750   data required time
-----------------------------------------------------------
            7.750   data required time
           -7.598   data arrival time
-----------------------------------------------------------
            0.152   slack (MET)


NAMED-PATH-END
NAMED-PATH-BEGIN d_rsp_error_to_d_req_valid
Startpoint: d_rsp_error (input port clocked by clk)
Endpoint: d_req_valid (output port clocked by clk)
Path Group: clk
Path Type: max

   Delay     Time   Description
-----------------------------------------------------------
   0.000    0.000   clock clk (rise edge)
   0.000    0.000   clock network delay (propagated)
   2.000    2.000 v input external delay
   0.011    2.011 v d_rsp_error (in)
   0.367    2.378 v input2/X (sky130_fd_sc_hd__buf_2)
   0.456    2.835 v _17149_/Y (sky130_fd_sc_hd__nand2b_2)
   0.251    3.086 v _17150_/X (sky130_fd_sc_hd__o211a_2)
   0.629    3.715 v _17152_/X (sky130_fd_sc_hd__o21a_2)
   1.325    5.040 v _17161_/X (sky130_fd_sc_hd__or4b_4)
   0.302    5.342 v rebuffer3624/X (sky130_fd_sc_hd__buf_6)
   0.452    5.795 ^ _17162_/Y (sky130_fd_sc_hd__nor3_4)
   0.331    6.125 ^ wire451/X (sky130_fd_sc_hd__buf_6)
   0.374    6.500 ^ output109/X (sky130_fd_sc_hd__buf_2)
   0.001    6.500 ^ d_req_valid (out)
            6.500   data arrival time

  10.000   10.000   clock clk (rise edge)
   0.000   10.000   clock network delay (propagated)
  -0.250    9.750   clock uncertainty
   0.000    9.750   clock reconvergence pessimism
  -2.000    7.750   output external delay
            7.750   data required time
-----------------------------------------------------------
            7.750   data required time
           -6.500   data arrival time
-----------------------------------------------------------
            1.250   slack (MET)


NAMED-PATH-END
