NAMED-PATH-BEGIN d_rsp_valid_to_d_req_valid
Startpoint: d_rsp_valid (input port clocked by clk)
Endpoint: d_req_valid (output port clocked by clk)
Path Group: clk
Path Type: max

   Delay     Time   Description
-----------------------------------------------------------
   0.000    0.000   clock clk (rise edge)
   0.000    0.000   clock network delay (propagated)
   2.000    2.000 ^ input external delay
   0.012    2.012 ^ d_rsp_valid (in)
   0.254    2.266 ^ input35/X (sky130_fd_sc_hd__buf_2)
   0.304    2.570 ^ fanout3416/X (sky130_fd_sc_hd__buf_2)
   0.202    2.772 ^ _17154_/Y (sky130_fd_sc_hd__nand2b_2)
   0.231    3.002 ^ fanout1754/X (sky130_fd_sc_hd__clkbuf_4)
   0.362    3.364 v _17159_/X (sky130_fd_sc_hd__and4bb_4)
   0.219    3.583 v fanout1292/X (sky130_fd_sc_hd__buf_6)
   0.652    4.235 v _17161_/X (sky130_fd_sc_hd__or4b_4)
   0.181    4.416 v rebuffer3423/X (sky130_fd_sc_hd__buf_6)
   0.278    4.694 ^ _17162_/Y (sky130_fd_sc_hd__nor3_4)
   0.175    4.869 ^ wire429/X (sky130_fd_sc_hd__buf_6)
   0.221    5.090 ^ output109/X (sky130_fd_sc_hd__buf_2)
   0.002    5.092 ^ d_req_valid (out)
            5.092   data arrival time

  10.000   10.000   clock clk (rise edge)
   0.000   10.000   clock network delay (propagated)
  -0.250    9.750   clock uncertainty
   0.000    9.750   clock reconvergence pessimism
  -2.000    7.750   output external delay
            7.750   data required time
-----------------------------------------------------------
            7.750   data required time
           -5.092   data arrival time
-----------------------------------------------------------
            2.658   slack (MET)


NAMED-PATH-END
NAMED-PATH-BEGIN d_rsp_error_to_d_req_valid
Startpoint: d_rsp_error (input port clocked by clk)
Endpoint: d_req_valid (output port clocked by clk)
Path Group: clk
Path Type: max

   Delay     Time   Description
-----------------------------------------------------------
   0.000    0.000   clock clk (rise edge)
   0.000    0.000   clock network delay (propagated)
   2.000    2.000 v input external delay
   0.007    2.007 v d_rsp_error (in)
   0.180    2.187 v input2/X (sky130_fd_sc_hd__buf_2)
   0.224    2.411 v _17149_/Y (sky130_fd_sc_hd__nand2b_2)
   0.137    2.548 v _17150_/X (sky130_fd_sc_hd__o211a_2)
   0.331    2.879 v _17152_/X (sky130_fd_sc_hd__o21a_2)
   0.718    3.596 v _17161_/X (sky130_fd_sc_hd__or4b_4)
   0.181    3.778 v rebuffer3423/X (sky130_fd_sc_hd__buf_6)
   0.278    4.055 ^ _17162_/Y (sky130_fd_sc_hd__nor3_4)
   0.175    4.231 ^ wire429/X (sky130_fd_sc_hd__buf_6)
   0.221    4.451 ^ output109/X (sky130_fd_sc_hd__buf_2)
   0.002    4.453 ^ d_req_valid (out)
            4.453   data arrival time

  10.000   10.000   clock clk (rise edge)
   0.000   10.000   clock network delay (propagated)
  -0.250    9.750   clock uncertainty
   0.000    9.750   clock reconvergence pessimism
  -2.000    7.750   output external delay
            7.750   data required time
-----------------------------------------------------------
            7.750   data required time
           -4.453   data arrival time
-----------------------------------------------------------
            3.297   slack (MET)


NAMED-PATH-END
