NAMED-PATH-BEGIN d_rsp_valid_to_d_req_valid
Startpoint: d_rsp_valid (input port clocked by clk)
Endpoint: d_req_valid (output port clocked by clk)
Path Group: clk
Path Type: max

   Delay     Time   Description
-----------------------------------------------------------
   0.000    0.000   clock clk (rise edge)
   0.000    0.000   clock network delay (propagated)
   2.000    2.000 ^ input external delay
   0.010    2.010 ^ d_rsp_valid (in)
   0.121    2.131 ^ input35/X (sky130_fd_sc_hd__buf_2)
   0.180    2.311 ^ hold4472/X (sky130_fd_sc_hd__clkbuf_1)
   0.193    2.504 ^ fanout3571/X (sky130_fd_sc_hd__buf_2)
   0.132    2.635 ^ _17154_/Y (sky130_fd_sc_hd__nand2b_2)
   0.169    2.804 ^ fanout1869/X (sky130_fd_sc_hd__buf_2)
   0.187    2.991 v _17159_/X (sky130_fd_sc_hd__and4bb_4)
   0.114    3.105 v load_slew1393/X (sky130_fd_sc_hd__buf_12)
   0.375    3.480 v _17161_/X (sky130_fd_sc_hd__or4b_4)
   0.107    3.587 v rebuffer3624/X (sky130_fd_sc_hd__buf_6)
   0.189    3.776 ^ _17162_/Y (sky130_fd_sc_hd__nor3_4)
   0.096    3.872 ^ wire451/X (sky130_fd_sc_hd__buf_6)
   0.152    4.024 ^ output109/X (sky130_fd_sc_hd__buf_2)
   0.001    4.025 ^ d_req_valid (out)
            4.025   data arrival time

  10.000   10.000   clock clk (rise edge)
   0.000   10.000   clock network delay (propagated)
  -0.250    9.750   clock uncertainty
   0.000    9.750   clock reconvergence pessimism
  -2.000    7.750   output external delay
            7.750   data required time
-----------------------------------------------------------
            7.750   data required time
           -4.025   data arrival time
-----------------------------------------------------------
            3.725   slack (MET)


NAMED-PATH-END
NAMED-PATH-BEGIN d_rsp_error_to_d_req_valid
Startpoint: d_rsp_error (input port clocked by clk)
Endpoint: d_req_valid (output port clocked by clk)
Path Group: clk
Path Type: max

   Delay     Time   Description
-----------------------------------------------------------
   0.000    0.000   clock clk (rise edge)
   0.000    0.000   clock network delay (propagated)
   2.000    2.000 v input external delay
   0.003    2.003 v d_rsp_error (in)
   0.128    2.131 v input2/X (sky130_fd_sc_hd__buf_2)
   0.140    2.270 v _17149_/Y (sky130_fd_sc_hd__nand2b_2)
   0.082    2.353 v _17150_/X (sky130_fd_sc_hd__o211a_2)
   0.222    2.575 v _17152_/X (sky130_fd_sc_hd__o21a_2)
   0.410    2.985 v _17161_/X (sky130_fd_sc_hd__or4b_4)
   0.107    3.092 v rebuffer3624/X (sky130_fd_sc_hd__buf_6)
   0.189    3.281 ^ _17162_/Y (sky130_fd_sc_hd__nor3_4)
   0.096    3.377 ^ wire451/X (sky130_fd_sc_hd__buf_6)
   0.152    3.529 ^ output109/X (sky130_fd_sc_hd__buf_2)
   0.001    3.530 ^ d_req_valid (out)
            3.530   data arrival time

  10.000   10.000   clock clk (rise edge)
   0.000   10.000   clock network delay (propagated)
  -0.250    9.750   clock uncertainty
   0.000    9.750   clock reconvergence pessimism
  -2.000    7.750   output external delay
            7.750   data required time
-----------------------------------------------------------
            7.750   data required time
           -3.530   data arrival time
-----------------------------------------------------------
            4.220   slack (MET)


NAMED-PATH-END
