Copyright 1986-2022 Xilinx, Inc. All Rights Reserved. Copyright 2022-2025 Advanced Micro Devices, Inc. All Rights Reserved.
---------------------------------------------------------------------------------------------------------------------------------------------
| Tool Version : Vivado v.2025.1 (lin64) Build 6140274 Wed May 21 22:58:25 MDT 2025
| Date         : Sat Oct  3 10:38:37 2026
| Host         : gondor running 64-bit Ubuntu 24.04.5 LTS
| Command      : report_timing_summary -max_paths 10 -file /home/elfo/Documents/Aster/build/timing/fpga/aster_l1/timing_summary.rpt
| Design       : timing_aster_l1
| Device       : 7z020-clg400
| Speed File   : -1  PRODUCTION 1.12 2019-11-22
| Design State : Routed
---------------------------------------------------------------------------------------------------------------------------------------------

Timing Summary Report

------------------------------------------------------------------------------------------------
| Timer Settings
| --------------
------------------------------------------------------------------------------------------------

  Enable Multi Corner Analysis               :  Yes
  Enable Pessimism Removal                   :  Yes
  Pessimism Removal Resolution               :  Nearest Common Node
  Enable Input Delay Default Clock           :  No
  Enable Preset / Clear Arcs                 :  No
  Disable Flight Delays                      :  No
  Ignore I/O Paths                           :  No
  Timing Early Launch at Borrowing Latches   :  No
  Borrow Time for Max Delay Exceptions       :  Yes
  Merge Timing Exceptions                    :  Yes
  Inter-SLR Compensation                     :  Conservative

  Corner  Analyze    Analyze    
  Name    Max Paths  Min Paths  
  ------  ---------  ---------  
  Slow    Yes        Yes        
  Fast    Yes        Yes        


------------------------------------------------------------------------------------------------
| Report Methodology
| ------------------
------------------------------------------------------------------------------------------------

No report available as report_methodology has not been run prior. Run report_methodology on the current design for the summary of methodology violations.



check_timing report

Table of Contents
-----------------
1. checking no_clock (0)
2. checking constant_clock (0)
3. checking pulse_width_clock (0)
4. checking unconstrained_internal_endpoints (0)
5. checking no_input_delay (68)
6. checking no_output_delay (32)
7. checking multiple_clock (0)
8. checking generated_clocks (0)
9. checking loops (0)
10. checking partial_input_delay (0)
11. checking partial_output_delay (0)
12. checking latch_loops (0)

1. checking no_clock (0)
------------------------
 There are 0 register/latch pins with no clock.


2. checking constant_clock (0)
------------------------------
 There are 0 register/latch pins with constant_clock.


3. checking pulse_width_clock (0)
---------------------------------
 There are 0 register/latch pins which need pulse_width check


4. checking unconstrained_internal_endpoints (0)
------------------------------------------------
 There are 0 pins that are not constrained for maximum delay.

 There are 0 pins that are not constrained for maximum delay due to constant clock.


5. checking no_input_delay (68)
-------------------------------
 There are 68 input ports with no input delay specified. (HIGH)

 There are 0 input ports with no input delay but user has a false path constraint.


6. checking no_output_delay (32)
--------------------------------
 There are 32 ports with no output delay specified. (HIGH)

 There are 0 ports with no output delay but user has a false path constraint

 There are 0 ports with no output delay but with a timing clock defined on it or propagating through it


7. checking multiple_clock (0)
------------------------------
 There are 0 register/latch pins with multiple clocks.


8. checking generated_clocks (0)
--------------------------------
 There are 0 generated clocks that are not connected to a clock source.


9. checking loops (0)
---------------------
 There are 0 combinational loops in the design.


10. checking partial_input_delay (0)
------------------------------------
 There are 0 input ports with partial input delay specified.


11. checking partial_output_delay (0)
-------------------------------------
 There are 0 ports with partial output delay specified.


12. checking latch_loops (0)
----------------------------
 There are 0 combinational latch loops in the design through latch input



------------------------------------------------------------------------------------------------
| Design Timing Summary
| ---------------------
------------------------------------------------------------------------------------------------

    WNS(ns)      TNS(ns)  TNS Failing Endpoints  TNS Total Endpoints      WHS(ns)      THS(ns)  THS Failing Endpoints  THS Total Endpoints     WPWS(ns)     TPWS(ns)  TPWS Failing Endpoints  TPWS Total Endpoints  
    -------      -------  ---------------------  -------------------      -------      -------  ---------------------  -------------------     --------     --------  ----------------------  --------------------  
      0.104        0.000                      0                 8778        0.016        0.000                      0                 8778        3.750        0.000                       0                  2887  


All user specified timing constraints are met.


------------------------------------------------------------------------------------------------
| Clock Summary
| -------------
------------------------------------------------------------------------------------------------

Clock  Waveform(ns)       Period(ns)      Frequency(MHz)
-----  ------------       ----------      --------------
clk    {0.000 5.000}      10.000          100.000         


------------------------------------------------------------------------------------------------
| Intra Clock Table
| -----------------
------------------------------------------------------------------------------------------------

Clock             WNS(ns)      TNS(ns)  TNS Failing Endpoints  TNS Total Endpoints      WHS(ns)      THS(ns)  THS Failing Endpoints  THS Total Endpoints     WPWS(ns)     TPWS(ns)  TPWS Failing Endpoints  TPWS Total Endpoints  
-----             -------      -------  ---------------------  -------------------      -------      -------  ---------------------  -------------------     --------     --------  ----------------------  --------------------  
clk                 0.104        0.000                      0                 8778        0.016        0.000                      0                 8778        3.750        0.000                       0                  2887  


------------------------------------------------------------------------------------------------
| Inter Clock Table
| -----------------
------------------------------------------------------------------------------------------------

From Clock    To Clock          WNS(ns)      TNS(ns)  TNS Failing Endpoints  TNS Total Endpoints      WHS(ns)      THS(ns)  THS Failing Endpoints  THS Total Endpoints  
----------    --------          -------      -------  ---------------------  -------------------      -------      -------  ---------------------  -------------------  


------------------------------------------------------------------------------------------------
| Other Path Groups Table
| -----------------------
------------------------------------------------------------------------------------------------

Path Group    From Clock    To Clock          WNS(ns)      TNS(ns)  TNS Failing Endpoints  TNS Total Endpoints      WHS(ns)      THS(ns)  THS Failing Endpoints  THS Total Endpoints  
----------    ----------    --------          -------      -------  ---------------------  -------------------      -------      -------  ---------------------  -------------------  


------------------------------------------------------------------------------------------------
| Timing Details
| --------------
------------------------------------------------------------------------------------------------


---------------------------------------------------------------------------------------------------
From Clock:  clk
  To Clock:  clk

Setup :            0  Failing Endpoints,  Worst Slack        0.104ns,  Total Violation        0.000ns
Hold  :            0  Failing Endpoints,  Worst Slack        0.016ns,  Total Violation        0.000ns
PW    :            0  Failing Endpoints,  Worst Slack        3.750ns,  Total Violation        0.000ns
---------------------------------------------------------------------------------------------------


Max Delay Paths
--------------------------------------------------------------------------------------
Slack (MET) :             0.104ns  (required time - arrival time)
  Source:                 core/d_insn_reg[30]/C
                            (rising edge-triggered cell FDRE clocked by clk  {rise@0.000ns fall@5.000ns period=10.000ns})
  Destination:            core/d_target_reg[25]/CE
                            (rising edge-triggered cell FDRE clocked by clk  {rise@0.000ns fall@5.000ns period=10.000ns})
  Path Group:             clk
  Path Type:              Setup (Max at Slow Process Corner)
  Requirement:            10.000ns  (clk rise@10.000ns - clk rise@0.000ns)
  Data Path Delay:        9.405ns  (logic 1.712ns (18.204%)  route 7.693ns (81.796%))
  Logic Levels:           8  (LUT2=1 LUT3=1 LUT5=1 LUT6=5)
  Clock Path Skew:        -0.049ns (DCD - SCD + CPR)
    Destination Clock Delay (DCD):    0.924ns = ( 10.924 - 10.000 ) 
    Source Clock Delay      (SCD):    0.973ns
    Clock Pessimism Removal (CPR):    0.000ns
  Clock Uncertainty:      0.035ns  ((TSJ^2 + TIJ^2)^1/2 + DJ) / 2 + PE
    Total System Jitter     (TSJ):    0.071ns
    Total Input Jitter      (TIJ):    0.000ns
    Discrete Jitter          (DJ):    0.000ns
    Phase Error              (PE):    0.000ns

    Location             Delay type                Incr(ns)  Path(ns)    Netlist Resource(s)
  -------------------------------------------------------------------    -------------------
                         (clock clk rise edge)        0.000     0.000 r  
                                                      0.000     0.000 r  clk (IN)
                         net (fo=2890, unset)         0.973     0.973    core/clk
    SLICE_X59Y18         FDRE                                         r  core/d_insn_reg[30]/C
  -------------------------------------------------------------------    -------------------
    SLICE_X59Y18         FDRE (Prop_fdre_C_Q)         0.456     1.429 r  core/d_insn_reg[30]/Q
                         net (fo=24, routed)          1.555     2.984    core/fetch/e_dec_reg[res][srl][20]
    SLICE_X59Y12         LUT2 (Prop_lut2_I0_O)        0.152     3.136 r  core/fetch/e_dec[mret]_i_2/O
                         net (fo=6, routed)           0.756     3.891    core/fetch/d_insn_reg[30]
    SLICE_X62Y16         LUT6 (Prop_lut6_I4_O)        0.332     4.223 f  core/fetch/e_dec[csr_sel][mtval]_i_2/O
                         net (fo=2, routed)           0.817     5.041    core/fetch/d_insn_reg[24]
    SLICE_X61Y15         LUT6 (Prop_lut6_I2_O)        0.124     5.165 r  core/fetch/e_dec[illegal]_i_9/O
                         net (fo=1, routed)           1.120     6.285    core/fetch/e_dec[illegal]_i_9_n_0
    SLICE_X59Y12         LUT6 (Prop_lut6_I1_O)        0.124     6.409 r  core/fetch/e_dec[illegal]_i_5/O
                         net (fo=1, routed)           0.263     6.672    core/fetch/e_dec[illegal]_i_5_n_0
    SLICE_X59Y12         LUT6 (Prop_lut6_I2_O)        0.124     6.796 r  core/fetch/e_dec[illegal]_i_2/O
                         net (fo=7, routed)           0.717     7.512    core/fetch/decode[illegal]_return
    SLICE_X53Y11         LUT5 (Prop_lut5_I0_O)        0.124     7.636 f  core/fetch/e_dec[uses_rs1]_i_1/O
                         net (fo=3, routed)           0.595     8.231    core/fetch/p_265_in
    SLICE_X53Y12         LUT6 (Prop_lut6_I0_O)        0.124     8.355 f  core/fetch/d_insn[31]_i_3/O
                         net (fo=17, routed)          0.730     9.085    core/fetch_n_220
    SLICE_X52Y12         LUT3 (Prop_lut3_I2_O)        0.152     9.237 r  core/d_insn[31]_i_1/O
                         net (fo=93, routed)          1.141    10.378    core/d_pc
    SLICE_X56Y22         FDRE                                         r  core/d_target_reg[25]/CE
  -------------------------------------------------------------------    -------------------

                         (clock clk rise edge)       10.000    10.000 r  
                                                      0.000    10.000 r  clk (IN)
                         net (fo=2890, unset)         0.924    10.924    core/clk
    SLICE_X56Y22         FDRE                                         r  core/d_target_reg[25]/C
                         clock pessimism              0.000    10.924    
                         clock uncertainty           -0.035    10.889    
    SLICE_X56Y22         FDRE (Setup_fdre_C_CE)      -0.407    10.482    core/d_target_reg[25]
  -------------------------------------------------------------------
                         required time                         10.482    
                         arrival time                         -10.378    
  -------------------------------------------------------------------
                         slack                                  0.104    

Slack (MET) :             0.104ns  (required time - arrival time)
  Source:                 core/d_insn_reg[30]/C
                            (rising edge-triggered cell FDRE clocked by clk  {rise@0.000ns fall@5.000ns period=10.000ns})
  Destination:            core/d_target_reg[26]/CE
                            (rising edge-triggered cell FDRE clocked by clk  {rise@0.000ns fall@5.000ns period=10.000ns})
  Path Group:             clk
  Path Type:              Setup (Max at Slow Process Corner)
  Requirement:            10.000ns  (clk rise@10.000ns - clk rise@0.000ns)
  Data Path Delay:        9.405ns  (logic 1.712ns (18.204%)  route 7.693ns (81.796%))
  Logic Levels:           8  (LUT2=1 LUT3=1 LUT5=1 LUT6=5)
  Clock Path Skew:        -0.049ns (DCD - SCD + CPR)
    Destination Clock Delay (DCD):    0.924ns = ( 10.924 - 10.000 ) 
    Source Clock Delay      (SCD):    0.973ns
    Clock Pessimism Removal (CPR):    0.000ns
  Clock Uncertainty:      0.035ns  ((TSJ^2 + TIJ^2)^1/2 + DJ) / 2 + PE
    Total System Jitter     (TSJ):    0.071ns
    Total Input Jitter      (TIJ):    0.000ns
    Discrete Jitter          (DJ):    0.000ns
    Phase Error              (PE):    0.000ns

    Location             Delay type                Incr(ns)  Path(ns)    Netlist Resource(s)
  -------------------------------------------------------------------    -------------------
                         (clock clk rise edge)        0.000     0.000 r  
                                                      0.000     0.000 r  clk (IN)
                         net (fo=2890, unset)         0.973     0.973    core/clk
    SLICE_X59Y18         FDRE                                         r  core/d_insn_reg[30]/C
  -------------------------------------------------------------------    -------------------
    SLICE_X59Y18         FDRE (Prop_fdre_C_Q)         0.456     1.429 r  core/d_insn_reg[30]/Q
                         net (fo=24, routed)          1.555     2.984    core/fetch/e_dec_reg[res][srl][20]
    SLICE_X59Y12         LUT2 (Prop_lut2_I0_O)        0.152     3.136 r  core/fetch/e_dec[mret]_i_2/O
                         net (fo=6, routed)           0.756     3.891    core/fetch/d_insn_reg[30]
    SLICE_X62Y16         LUT6 (Prop_lut6_I4_O)        0.332     4.223 f  core/fetch/e_dec[csr_sel][mtval]_i_2/O
                         net (fo=2, routed)           0.817     5.041    core/fetch/d_insn_reg[24]
    SLICE_X61Y15         LUT6 (Prop_lut6_I2_O)        0.124     5.165 r  core/fetch/e_dec[illegal]_i_9/O
                         net (fo=1, routed)           1.120     6.285    core/fetch/e_dec[illegal]_i_9_n_0
    SLICE_X59Y12         LUT6 (Prop_lut6_I1_O)        0.124     6.409 r  core/fetch/e_dec[illegal]_i_5/O
                         net (fo=1, routed)           0.263     6.672    core/fetch/e_dec[illegal]_i_5_n_0
    SLICE_X59Y12         LUT6 (Prop_lut6_I2_O)        0.124     6.796 r  core/fetch/e_dec[illegal]_i_2/O
                         net (fo=7, routed)           0.717     7.512    core/fetch/decode[illegal]_return
    SLICE_X53Y11         LUT5 (Prop_lut5_I0_O)        0.124     7.636 f  core/fetch/e_dec[uses_rs1]_i_1/O
                         net (fo=3, routed)           0.595     8.231    core/fetch/p_265_in
    SLICE_X53Y12         LUT6 (Prop_lut6_I0_O)        0.124     8.355 f  core/fetch/d_insn[31]_i_3/O
                         net (fo=17, routed)          0.730     9.085    core/fetch_n_220
    SLICE_X52Y12         LUT3 (Prop_lut3_I2_O)        0.152     9.237 r  core/d_insn[31]_i_1/O
                         net (fo=93, routed)          1.141    10.378    core/d_pc
    SLICE_X56Y22         FDRE                                         r  core/d_target_reg[26]/CE
  -------------------------------------------------------------------    -------------------

                         (clock clk rise edge)       10.000    10.000 r  
                                                      0.000    10.000 r  clk (IN)
                         net (fo=2890, unset)         0.924    10.924    core/clk
    SLICE_X56Y22         FDRE                                         r  core/d_target_reg[26]/C
                         clock pessimism              0.000    10.924    
                         clock uncertainty           -0.035    10.889    
    SLICE_X56Y22         FDRE (Setup_fdre_C_CE)      -0.407    10.482    core/d_target_reg[26]
  -------------------------------------------------------------------
                         required time                         10.482    
                         arrival time                         -10.378    
  -------------------------------------------------------------------
                         slack                                  0.104    

Slack (MET) :             0.104ns  (required time - arrival time)
  Source:                 core/d_insn_reg[30]/C
                            (rising edge-triggered cell FDRE clocked by clk  {rise@0.000ns fall@5.000ns period=10.000ns})
  Destination:            core/d_target_reg[27]/CE
                            (rising edge-triggered cell FDRE clocked by clk  {rise@0.000ns fall@5.000ns period=10.000ns})
  Path Group:             clk
  Path Type:              Setup (Max at Slow Process Corner)
  Requirement:            10.000ns  (clk rise@10.000ns - clk rise@0.000ns)
  Data Path Delay:        9.405ns  (logic 1.712ns (18.204%)  route 7.693ns (81.796%))
  Logic Levels:           8  (LUT2=1 LUT3=1 LUT5=1 LUT6=5)
  Clock Path Skew:        -0.049ns (DCD - SCD + CPR)
    Destination Clock Delay (DCD):    0.924ns = ( 10.924 - 10.000 ) 
    Source Clock Delay      (SCD):    0.973ns
    Clock Pessimism Removal (CPR):    0.000ns
  Clock Uncertainty:      0.035ns  ((TSJ^2 + TIJ^2)^1/2 + DJ) / 2 + PE
    Total System Jitter     (TSJ):    0.071ns
    Total Input Jitter      (TIJ):    0.000ns
    Discrete Jitter          (DJ):    0.000ns
    Phase Error              (PE):    0.000ns

    Location             Delay type                Incr(ns)  Path(ns)    Netlist Resource(s)
  -------------------------------------------------------------------    -------------------
                         (clock clk rise edge)        0.000     0.000 r  
                                                      0.000     0.000 r  clk (IN)
                         net (fo=2890, unset)         0.973     0.973    core/clk
    SLICE_X59Y18         FDRE                                         r  core/d_insn_reg[30]/C
  -------------------------------------------------------------------    -------------------
    SLICE_X59Y18         FDRE (Prop_fdre_C_Q)         0.456     1.429 r  core/d_insn_reg[30]/Q
                         net (fo=24, routed)          1.555     2.984    core/fetch/e_dec_reg[res][srl][20]
    SLICE_X59Y12         LUT2 (Prop_lut2_I0_O)        0.152     3.136 r  core/fetch/e_dec[mret]_i_2/O
                         net (fo=6, routed)           0.756     3.891    core/fetch/d_insn_reg[30]
    SLICE_X62Y16         LUT6 (Prop_lut6_I4_O)        0.332     4.223 f  core/fetch/e_dec[csr_sel][mtval]_i_2/O
                         net (fo=2, routed)           0.817     5.041    core/fetch/d_insn_reg[24]
    SLICE_X61Y15         LUT6 (Prop_lut6_I2_O)        0.124     5.165 r  core/fetch/e_dec[illegal]_i_9/O
                         net (fo=1, routed)           1.120     6.285    core/fetch/e_dec[illegal]_i_9_n_0
    SLICE_X59Y12         LUT6 (Prop_lut6_I1_O)        0.124     6.409 r  core/fetch/e_dec[illegal]_i_5/O
                         net (fo=1, routed)           0.263     6.672    core/fetch/e_dec[illegal]_i_5_n_0
    SLICE_X59Y12         LUT6 (Prop_lut6_I2_O)        0.124     6.796 r  core/fetch/e_dec[illegal]_i_2/O
                         net (fo=7, routed)           0.717     7.512    core/fetch/decode[illegal]_return
    SLICE_X53Y11         LUT5 (Prop_lut5_I0_O)        0.124     7.636 f  core/fetch/e_dec[uses_rs1]_i_1/O
                         net (fo=3, routed)           0.595     8.231    core/fetch/p_265_in
    SLICE_X53Y12         LUT6 (Prop_lut6_I0_O)        0.124     8.355 f  core/fetch/d_insn[31]_i_3/O
                         net (fo=17, routed)          0.730     9.085    core/fetch_n_220
    SLICE_X52Y12         LUT3 (Prop_lut3_I2_O)        0.152     9.237 r  core/d_insn[31]_i_1/O
                         net (fo=93, routed)          1.141    10.378    core/d_pc
    SLICE_X56Y22         FDRE                                         r  core/d_target_reg[27]/CE
  -------------------------------------------------------------------    -------------------

                         (clock clk rise edge)       10.000    10.000 r  
                                                      0.000    10.000 r  clk (IN)
                         net (fo=2890, unset)         0.924    10.924    core/clk
    SLICE_X56Y22         FDRE                                         r  core/d_target_reg[27]/C
                         clock pessimism              0.000    10.924    
                         clock uncertainty           -0.035    10.889    
    SLICE_X56Y22         FDRE (Setup_fdre_C_CE)      -0.407    10.482    core/d_target_reg[27]
  -------------------------------------------------------------------
                         required time                         10.482    
                         arrival time                         -10.378    
  -------------------------------------------------------------------
                         slack                                  0.104    

Slack (MET) :             0.104ns  (required time - arrival time)
  Source:                 core/d_insn_reg[30]/C
                            (rising edge-triggered cell FDRE clocked by clk  {rise@0.000ns fall@5.000ns period=10.000ns})
  Destination:            core/d_target_reg[28]/CE
                            (rising edge-triggered cell FDRE clocked by clk  {rise@0.000ns fall@5.000ns period=10.000ns})
  Path Group:             clk
  Path Type:              Setup (Max at Slow Process Corner)
  Requirement:            10.000ns  (clk rise@10.000ns - clk rise@0.000ns)
  Data Path Delay:        9.405ns  (logic 1.712ns (18.204%)  route 7.693ns (81.796%))
  Logic Levels:           8  (LUT2=1 LUT3=1 LUT5=1 LUT6=5)
  Clock Path Skew:        -0.049ns (DCD - SCD + CPR)
    Destination Clock Delay (DCD):    0.924ns = ( 10.924 - 10.000 ) 
    Source Clock Delay      (SCD):    0.973ns
    Clock Pessimism Removal (CPR):    0.000ns
  Clock Uncertainty:      0.035ns  ((TSJ^2 + TIJ^2)^1/2 + DJ) / 2 + PE
    Total System Jitter     (TSJ):    0.071ns
    Total Input Jitter      (TIJ):    0.000ns
    Discrete Jitter          (DJ):    0.000ns
    Phase Error              (PE):    0.000ns

    Location             Delay type                Incr(ns)  Path(ns)    Netlist Resource(s)
  -------------------------------------------------------------------    -------------------
                         (clock clk rise edge)        0.000     0.000 r  
                                                      0.000     0.000 r  clk (IN)
                         net (fo=2890, unset)         0.973     0.973    core/clk
    SLICE_X59Y18         FDRE                                         r  core/d_insn_reg[30]/C
  -------------------------------------------------------------------    -------------------
    SLICE_X59Y18         FDRE (Prop_fdre_C_Q)         0.456     1.429 r  core/d_insn_reg[30]/Q
                         net (fo=24, routed)          1.555     2.984    core/fetch/e_dec_reg[res][srl][20]
    SLICE_X59Y12         LUT2 (Prop_lut2_I0_O)        0.152     3.136 r  core/fetch/e_dec[mret]_i_2/O
                         net (fo=6, routed)           0.756     3.891    core/fetch/d_insn_reg[30]
    SLICE_X62Y16         LUT6 (Prop_lut6_I4_O)        0.332     4.223 f  core/fetch/e_dec[csr_sel][mtval]_i_2/O
                         net (fo=2, routed)           0.817     5.041    core/fetch/d_insn_reg[24]
    SLICE_X61Y15         LUT6 (Prop_lut6_I2_O)        0.124     5.165 r  core/fetch/e_dec[illegal]_i_9/O
                         net (fo=1, routed)           1.120     6.285    core/fetch/e_dec[illegal]_i_9_n_0
    SLICE_X59Y12         LUT6 (Prop_lut6_I1_O)        0.124     6.409 r  core/fetch/e_dec[illegal]_i_5/O
                         net (fo=1, routed)           0.263     6.672    core/fetch/e_dec[illegal]_i_5_n_0
    SLICE_X59Y12         LUT6 (Prop_lut6_I2_O)        0.124     6.796 r  core/fetch/e_dec[illegal]_i_2/O
                         net (fo=7, routed)           0.717     7.512    core/fetch/decode[illegal]_return
    SLICE_X53Y11         LUT5 (Prop_lut5_I0_O)        0.124     7.636 f  core/fetch/e_dec[uses_rs1]_i_1/O
                         net (fo=3, routed)           0.595     8.231    core/fetch/p_265_in
    SLICE_X53Y12         LUT6 (Prop_lut6_I0_O)        0.124     8.355 f  core/fetch/d_insn[31]_i_3/O
                         net (fo=17, routed)          0.730     9.085    core/fetch_n_220
    SLICE_X52Y12         LUT3 (Prop_lut3_I2_O)        0.152     9.237 r  core/d_insn[31]_i_1/O
                         net (fo=93, routed)          1.141    10.378    core/d_pc
    SLICE_X56Y22         FDRE                                         r  core/d_target_reg[28]/CE
  -------------------------------------------------------------------    -------------------

                         (clock clk rise edge)       10.000    10.000 r  
                                                      0.000    10.000 r  clk (IN)
                         net (fo=2890, unset)         0.924    10.924    core/clk
    SLICE_X56Y22         FDRE                                         r  core/d_target_reg[28]/C
                         clock pessimism              0.000    10.924    
                         clock uncertainty           -0.035    10.889    
    SLICE_X56Y22         FDRE (Setup_fdre_C_CE)      -0.407    10.482    core/d_target_reg[28]
  -------------------------------------------------------------------
                         required time                         10.482    
                         arrival time                         -10.378    
  -------------------------------------------------------------------
                         slack                                  0.104    

Slack (MET) :             0.134ns  (required time - arrival time)
  Source:                 core/d_insn_reg[30]/C
                            (rising edge-triggered cell FDRE clocked by clk  {rise@0.000ns fall@5.000ns period=10.000ns})
  Destination:            core/d_target_reg[17]/CE
                            (rising edge-triggered cell FDRE clocked by clk  {rise@0.000ns fall@5.000ns period=10.000ns})
  Path Group:             clk
  Path Type:              Setup (Max at Slow Process Corner)
  Requirement:            10.000ns  (clk rise@10.000ns - clk rise@0.000ns)
  Data Path Delay:        9.375ns  (logic 1.712ns (18.261%)  route 7.663ns (81.739%))
  Logic Levels:           8  (LUT2=1 LUT3=1 LUT5=1 LUT6=5)
  Clock Path Skew:        -0.049ns (DCD - SCD + CPR)
    Destination Clock Delay (DCD):    0.924ns = ( 10.924 - 10.000 ) 
    Source Clock Delay      (SCD):    0.973ns
    Clock Pessimism Removal (CPR):    0.000ns
  Clock Uncertainty:      0.035ns  ((TSJ^2 + TIJ^2)^1/2 + DJ) / 2 + PE
    Total System Jitter     (TSJ):    0.071ns
    Total Input Jitter      (TIJ):    0.000ns
    Discrete Jitter          (DJ):    0.000ns
    Phase Error              (PE):    0.000ns

    Location             Delay type                Incr(ns)  Path(ns)    Netlist Resource(s)
  -------------------------------------------------------------------    -------------------
                         (clock clk rise edge)        0.000     0.000 r  
                                                      0.000     0.000 r  clk (IN)
                         net (fo=2890, unset)         0.973     0.973    core/clk
    SLICE_X59Y18         FDRE                                         r  core/d_insn_reg[30]/C
  -------------------------------------------------------------------    -------------------
    SLICE_X59Y18         FDRE (Prop_fdre_C_Q)         0.456     1.429 r  core/d_insn_reg[30]/Q
                         net (fo=24, routed)          1.555     2.984    core/fetch/e_dec_reg[res][srl][20]
    SLICE_X59Y12         LUT2 (Prop_lut2_I0_O)        0.152     3.136 r  core/fetch/e_dec[mret]_i_2/O
                         net (fo=6, routed)           0.756     3.891    core/fetch/d_insn_reg[30]
    SLICE_X62Y16         LUT6 (Prop_lut6_I4_O)        0.332     4.223 f  core/fetch/e_dec[csr_sel][mtval]_i_2/O
                         net (fo=2, routed)           0.817     5.041    core/fetch/d_insn_reg[24]
    SLICE_X61Y15         LUT6 (Prop_lut6_I2_O)        0.124     5.165 r  core/fetch/e_dec[illegal]_i_9/O
                         net (fo=1, routed)           1.120     6.285    core/fetch/e_dec[illegal]_i_9_n_0
    SLICE_X59Y12         LUT6 (Prop_lut6_I1_O)        0.124     6.409 r  core/fetch/e_dec[illegal]_i_5/O
                         net (fo=1, routed)           0.263     6.672    core/fetch/e_dec[illegal]_i_5_n_0
    SLICE_X59Y12         LUT6 (Prop_lut6_I2_O)        0.124     6.796 r  core/fetch/e_dec[illegal]_i_2/O
                         net (fo=7, routed)           0.717     7.512    core/fetch/decode[illegal]_return
    SLICE_X53Y11         LUT5 (Prop_lut5_I0_O)        0.124     7.636 f  core/fetch/e_dec[uses_rs1]_i_1/O
                         net (fo=3, routed)           0.595     8.231    core/fetch/p_265_in
    SLICE_X53Y12         LUT6 (Prop_lut6_I0_O)        0.124     8.355 f  core/fetch/d_insn[31]_i_3/O
                         net (fo=17, routed)          0.730     9.085    core/fetch_n_220
    SLICE_X52Y12         LUT3 (Prop_lut3_I2_O)        0.152     9.237 r  core/d_insn[31]_i_1/O
                         net (fo=93, routed)          1.111    10.348    core/d_pc
    SLICE_X56Y20         FDRE                                         r  core/d_target_reg[17]/CE
  -------------------------------------------------------------------    -------------------

                         (clock clk rise edge)       10.000    10.000 r  
                                                      0.000    10.000 r  clk (IN)
                         net (fo=2890, unset)         0.924    10.924    core/clk
    SLICE_X56Y20         FDRE                                         r  core/d_target_reg[17]/C
                         clock pessimism              0.000    10.924    
                         clock uncertainty           -0.035    10.889    
    SLICE_X56Y20         FDRE (Setup_fdre_C_CE)      -0.407    10.482    core/d_target_reg[17]
  -------------------------------------------------------------------
                         required time                         10.482    
                         arrival time                         -10.348    
  -------------------------------------------------------------------
                         slack                                  0.134    

Slack (MET) :             0.134ns  (required time - arrival time)
  Source:                 core/d_insn_reg[30]/C
                            (rising edge-triggered cell FDRE clocked by clk  {rise@0.000ns fall@5.000ns period=10.000ns})
  Destination:            core/d_target_reg[18]/CE
                            (rising edge-triggered cell FDRE clocked by clk  {rise@0.000ns fall@5.000ns period=10.000ns})
  Path Group:             clk
  Path Type:              Setup (Max at Slow Process Corner)
  Requirement:            10.000ns  (clk rise@10.000ns - clk rise@0.000ns)
  Data Path Delay:        9.375ns  (logic 1.712ns (18.261%)  route 7.663ns (81.739%))
  Logic Levels:           8  (LUT2=1 LUT3=1 LUT5=1 LUT6=5)
  Clock Path Skew:        -0.049ns (DCD - SCD + CPR)
    Destination Clock Delay (DCD):    0.924ns = ( 10.924 - 10.000 ) 
    Source Clock Delay      (SCD):    0.973ns
    Clock Pessimism Removal (CPR):    0.000ns
  Clock Uncertainty:      0.035ns  ((TSJ^2 + TIJ^2)^1/2 + DJ) / 2 + PE
    Total System Jitter     (TSJ):    0.071ns
    Total Input Jitter      (TIJ):    0.000ns
    Discrete Jitter          (DJ):    0.000ns
    Phase Error              (PE):    0.000ns

    Location             Delay type                Incr(ns)  Path(ns)    Netlist Resource(s)
  -------------------------------------------------------------------    -------------------
                         (clock clk rise edge)        0.000     0.000 r  
                                                      0.000     0.000 r  clk (IN)
                         net (fo=2890, unset)         0.973     0.973    core/clk
    SLICE_X59Y18         FDRE                                         r  core/d_insn_reg[30]/C
  -------------------------------------------------------------------    -------------------
    SLICE_X59Y18         FDRE (Prop_fdre_C_Q)         0.456     1.429 r  core/d_insn_reg[30]/Q
                         net (fo=24, routed)          1.555     2.984    core/fetch/e_dec_reg[res][srl][20]
    SLICE_X59Y12         LUT2 (Prop_lut2_I0_O)        0.152     3.136 r  core/fetch/e_dec[mret]_i_2/O
                         net (fo=6, routed)           0.756     3.891    core/fetch/d_insn_reg[30]
    SLICE_X62Y16         LUT6 (Prop_lut6_I4_O)        0.332     4.223 f  core/fetch/e_dec[csr_sel][mtval]_i_2/O
                         net (fo=2, routed)           0.817     5.041    core/fetch/d_insn_reg[24]
    SLICE_X61Y15         LUT6 (Prop_lut6_I2_O)        0.124     5.165 r  core/fetch/e_dec[illegal]_i_9/O
                         net (fo=1, routed)           1.120     6.285    core/fetch/e_dec[illegal]_i_9_n_0
    SLICE_X59Y12         LUT6 (Prop_lut6_I1_O)        0.124     6.409 r  core/fetch/e_dec[illegal]_i_5/O
                         net (fo=1, routed)           0.263     6.672    core/fetch/e_dec[illegal]_i_5_n_0
    SLICE_X59Y12         LUT6 (Prop_lut6_I2_O)        0.124     6.796 r  core/fetch/e_dec[illegal]_i_2/O
                         net (fo=7, routed)           0.717     7.512    core/fetch/decode[illegal]_return
    SLICE_X53Y11         LUT5 (Prop_lut5_I0_O)        0.124     7.636 f  core/fetch/e_dec[uses_rs1]_i_1/O
                         net (fo=3, routed)           0.595     8.231    core/fetch/p_265_in
    SLICE_X53Y12         LUT6 (Prop_lut6_I0_O)        0.124     8.355 f  core/fetch/d_insn[31]_i_3/O
                         net (fo=17, routed)          0.730     9.085    core/fetch_n_220
    SLICE_X52Y12         LUT3 (Prop_lut3_I2_O)        0.152     9.237 r  core/d_insn[31]_i_1/O
                         net (fo=93, routed)          1.111    10.348    core/d_pc
    SLICE_X56Y20         FDRE                                         r  core/d_target_reg[18]/CE
  -------------------------------------------------------------------    -------------------

                         (clock clk rise edge)       10.000    10.000 r  
                                                      0.000    10.000 r  clk (IN)
                         net (fo=2890, unset)         0.924    10.924    core/clk
    SLICE_X56Y20         FDRE                                         r  core/d_target_reg[18]/C
                         clock pessimism              0.000    10.924    
                         clock uncertainty           -0.035    10.889    
    SLICE_X56Y20         FDRE (Setup_fdre_C_CE)      -0.407    10.482    core/d_target_reg[18]
  -------------------------------------------------------------------
                         required time                         10.482    
                         arrival time                         -10.348    
  -------------------------------------------------------------------
                         slack                                  0.134    

Slack (MET) :             0.134ns  (required time - arrival time)
  Source:                 core/d_insn_reg[30]/C
                            (rising edge-triggered cell FDRE clocked by clk  {rise@0.000ns fall@5.000ns period=10.000ns})
  Destination:            core/d_target_reg[19]/CE
                            (rising edge-triggered cell FDRE clocked by clk  {rise@0.000ns fall@5.000ns period=10.000ns})
  Path Group:             clk
  Path Type:              Setup (Max at Slow Process Corner)
  Requirement:            10.000ns  (clk rise@10.000ns - clk rise@0.000ns)
  Data Path Delay:        9.375ns  (logic 1.712ns (18.261%)  route 7.663ns (81.739%))
  Logic Levels:           8  (LUT2=1 LUT3=1 LUT5=1 LUT6=5)
  Clock Path Skew:        -0.049ns (DCD - SCD + CPR)
    Destination Clock Delay (DCD):    0.924ns = ( 10.924 - 10.000 ) 
    Source Clock Delay      (SCD):    0.973ns
    Clock Pessimism Removal (CPR):    0.000ns
  Clock Uncertainty:      0.035ns  ((TSJ^2 + TIJ^2)^1/2 + DJ) / 2 + PE
    Total System Jitter     (TSJ):    0.071ns
    Total Input Jitter      (TIJ):    0.000ns
    Discrete Jitter          (DJ):    0.000ns
    Phase Error              (PE):    0.000ns

    Location             Delay type                Incr(ns)  Path(ns)    Netlist Resource(s)
  -------------------------------------------------------------------    -------------------
                         (clock clk rise edge)        0.000     0.000 r  
                                                      0.000     0.000 r  clk (IN)
                         net (fo=2890, unset)         0.973     0.973    core/clk
    SLICE_X59Y18         FDRE                                         r  core/d_insn_reg[30]/C
  -------------------------------------------------------------------    -------------------
    SLICE_X59Y18         FDRE (Prop_fdre_C_Q)         0.456     1.429 r  core/d_insn_reg[30]/Q
                         net (fo=24, routed)          1.555     2.984    core/fetch/e_dec_reg[res][srl][20]
    SLICE_X59Y12         LUT2 (Prop_lut2_I0_O)        0.152     3.136 r  core/fetch/e_dec[mret]_i_2/O
                         net (fo=6, routed)           0.756     3.891    core/fetch/d_insn_reg[30]
    SLICE_X62Y16         LUT6 (Prop_lut6_I4_O)        0.332     4.223 f  core/fetch/e_dec[csr_sel][mtval]_i_2/O
                         net (fo=2, routed)           0.817     5.041    core/fetch/d_insn_reg[24]
    SLICE_X61Y15         LUT6 (Prop_lut6_I2_O)        0.124     5.165 r  core/fetch/e_dec[illegal]_i_9/O
                         net (fo=1, routed)           1.120     6.285    core/fetch/e_dec[illegal]_i_9_n_0
    SLICE_X59Y12         LUT6 (Prop_lut6_I1_O)        0.124     6.409 r  core/fetch/e_dec[illegal]_i_5/O
                         net (fo=1, routed)           0.263     6.672    core/fetch/e_dec[illegal]_i_5_n_0
    SLICE_X59Y12         LUT6 (Prop_lut6_I2_O)        0.124     6.796 r  core/fetch/e_dec[illegal]_i_2/O
                         net (fo=7, routed)           0.717     7.512    core/fetch/decode[illegal]_return
    SLICE_X53Y11         LUT5 (Prop_lut5_I0_O)        0.124     7.636 f  core/fetch/e_dec[uses_rs1]_i_1/O
                         net (fo=3, routed)           0.595     8.231    core/fetch/p_265_in
    SLICE_X53Y12         LUT6 (Prop_lut6_I0_O)        0.124     8.355 f  core/fetch/d_insn[31]_i_3/O
                         net (fo=17, routed)          0.730     9.085    core/fetch_n_220
    SLICE_X52Y12         LUT3 (Prop_lut3_I2_O)        0.152     9.237 r  core/d_insn[31]_i_1/O
                         net (fo=93, routed)          1.111    10.348    core/d_pc
    SLICE_X56Y20         FDRE                                         r  core/d_target_reg[19]/CE
  -------------------------------------------------------------------    -------------------

                         (clock clk rise edge)       10.000    10.000 r  
                                                      0.000    10.000 r  clk (IN)
                         net (fo=2890, unset)         0.924    10.924    core/clk
    SLICE_X56Y20         FDRE                                         r  core/d_target_reg[19]/C
                         clock pessimism              0.000    10.924    
                         clock uncertainty           -0.035    10.889    
    SLICE_X56Y20         FDRE (Setup_fdre_C_CE)      -0.407    10.482    core/d_target_reg[19]
  -------------------------------------------------------------------
                         required time                         10.482    
                         arrival time                         -10.348    
  -------------------------------------------------------------------
                         slack                                  0.134    

Slack (MET) :             0.134ns  (required time - arrival time)
  Source:                 core/d_insn_reg[30]/C
                            (rising edge-triggered cell FDRE clocked by clk  {rise@0.000ns fall@5.000ns period=10.000ns})
  Destination:            core/d_target_reg[20]/CE
                            (rising edge-triggered cell FDRE clocked by clk  {rise@0.000ns fall@5.000ns period=10.000ns})
  Path Group:             clk
  Path Type:              Setup (Max at Slow Process Corner)
  Requirement:            10.000ns  (clk rise@10.000ns - clk rise@0.000ns)
  Data Path Delay:        9.375ns  (logic 1.712ns (18.261%)  route 7.663ns (81.739%))
  Logic Levels:           8  (LUT2=1 LUT3=1 LUT5=1 LUT6=5)
  Clock Path Skew:        -0.049ns (DCD - SCD + CPR)
    Destination Clock Delay (DCD):    0.924ns = ( 10.924 - 10.000 ) 
    Source Clock Delay      (SCD):    0.973ns
    Clock Pessimism Removal (CPR):    0.000ns
  Clock Uncertainty:      0.035ns  ((TSJ^2 + TIJ^2)^1/2 + DJ) / 2 + PE
    Total System Jitter     (TSJ):    0.071ns
    Total Input Jitter      (TIJ):    0.000ns
    Discrete Jitter          (DJ):    0.000ns
    Phase Error              (PE):    0.000ns

    Location             Delay type                Incr(ns)  Path(ns)    Netlist Resource(s)
  -------------------------------------------------------------------    -------------------
                         (clock clk rise edge)        0.000     0.000 r  
                                                      0.000     0.000 r  clk (IN)
                         net (fo=2890, unset)         0.973     0.973    core/clk
    SLICE_X59Y18         FDRE                                         r  core/d_insn_reg[30]/C
  -------------------------------------------------------------------    -------------------
    SLICE_X59Y18         FDRE (Prop_fdre_C_Q)         0.456     1.429 r  core/d_insn_reg[30]/Q
                         net (fo=24, routed)          1.555     2.984    core/fetch/e_dec_reg[res][srl][20]
    SLICE_X59Y12         LUT2 (Prop_lut2_I0_O)        0.152     3.136 r  core/fetch/e_dec[mret]_i_2/O
                         net (fo=6, routed)           0.756     3.891    core/fetch/d_insn_reg[30]
    SLICE_X62Y16         LUT6 (Prop_lut6_I4_O)        0.332     4.223 f  core/fetch/e_dec[csr_sel][mtval]_i_2/O
                         net (fo=2, routed)           0.817     5.041    core/fetch/d_insn_reg[24]
    SLICE_X61Y15         LUT6 (Prop_lut6_I2_O)        0.124     5.165 r  core/fetch/e_dec[illegal]_i_9/O
                         net (fo=1, routed)           1.120     6.285    core/fetch/e_dec[illegal]_i_9_n_0
    SLICE_X59Y12         LUT6 (Prop_lut6_I1_O)        0.124     6.409 r  core/fetch/e_dec[illegal]_i_5/O
                         net (fo=1, routed)           0.263     6.672    core/fetch/e_dec[illegal]_i_5_n_0
    SLICE_X59Y12         LUT6 (Prop_lut6_I2_O)        0.124     6.796 r  core/fetch/e_dec[illegal]_i_2/O
                         net (fo=7, routed)           0.717     7.512    core/fetch/decode[illegal]_return
    SLICE_X53Y11         LUT5 (Prop_lut5_I0_O)        0.124     7.636 f  core/fetch/e_dec[uses_rs1]_i_1/O
                         net (fo=3, routed)           0.595     8.231    core/fetch/p_265_in
    SLICE_X53Y12         LUT6 (Prop_lut6_I0_O)        0.124     8.355 f  core/fetch/d_insn[31]_i_3/O
                         net (fo=17, routed)          0.730     9.085    core/fetch_n_220
    SLICE_X52Y12         LUT3 (Prop_lut3_I2_O)        0.152     9.237 r  core/d_insn[31]_i_1/O
                         net (fo=93, routed)          1.111    10.348    core/d_pc
    SLICE_X56Y20         FDRE                                         r  core/d_target_reg[20]/CE
  -------------------------------------------------------------------    -------------------

                         (clock clk rise edge)       10.000    10.000 r  
                                                      0.000    10.000 r  clk (IN)
                         net (fo=2890, unset)         0.924    10.924    core/clk
    SLICE_X56Y20         FDRE                                         r  core/d_target_reg[20]/C
                         clock pessimism              0.000    10.924    
                         clock uncertainty           -0.035    10.889    
    SLICE_X56Y20         FDRE (Setup_fdre_C_CE)      -0.407    10.482    core/d_target_reg[20]
  -------------------------------------------------------------------
                         required time                         10.482    
                         arrival time                         -10.348    
  -------------------------------------------------------------------
                         slack                                  0.134    

Slack (MET) :             0.151ns  (required time - arrival time)
  Source:                 core/d_insn_reg[30]/C
                            (rising edge-triggered cell FDRE clocked by clk  {rise@0.000ns fall@5.000ns period=10.000ns})
  Destination:            core/d_insn_reg[30]/CE
                            (rising edge-triggered cell FDRE clocked by clk  {rise@0.000ns fall@5.000ns period=10.000ns})
  Path Group:             clk
  Path Type:              Setup (Max at Slow Process Corner)
  Requirement:            10.000ns  (clk rise@10.000ns - clk rise@0.000ns)
  Data Path Delay:        9.358ns  (logic 1.712ns (18.295%)  route 7.646ns (81.705%))
  Logic Levels:           8  (LUT2=1 LUT3=1 LUT5=1 LUT6=5)
  Clock Path Skew:        -0.049ns (DCD - SCD + CPR)
    Destination Clock Delay (DCD):    0.924ns = ( 10.924 - 10.000 ) 
    Source Clock Delay      (SCD):    0.973ns
    Clock Pessimism Removal (CPR):    0.000ns
  Clock Uncertainty:      0.035ns  ((TSJ^2 + TIJ^2)^1/2 + DJ) / 2 + PE
    Total System Jitter     (TSJ):    0.071ns
    Total Input Jitter      (TIJ):    0.000ns
    Discrete Jitter          (DJ):    0.000ns
    Phase Error              (PE):    0.000ns

    Location             Delay type                Incr(ns)  Path(ns)    Netlist Resource(s)
  -------------------------------------------------------------------    -------------------
                         (clock clk rise edge)        0.000     0.000 r  
                                                      0.000     0.000 r  clk (IN)
                         net (fo=2890, unset)         0.973     0.973    core/clk
    SLICE_X59Y18         FDRE                                         r  core/d_insn_reg[30]/C
  -------------------------------------------------------------------    -------------------
    SLICE_X59Y18         FDRE (Prop_fdre_C_Q)         0.456     1.429 r  core/d_insn_reg[30]/Q
                         net (fo=24, routed)          1.555     2.984    core/fetch/e_dec_reg[res][srl][20]
    SLICE_X59Y12         LUT2 (Prop_lut2_I0_O)        0.152     3.136 r  core/fetch/e_dec[mret]_i_2/O
                         net (fo=6, routed)           0.756     3.891    core/fetch/d_insn_reg[30]
    SLICE_X62Y16         LUT6 (Prop_lut6_I4_O)        0.332     4.223 f  core/fetch/e_dec[csr_sel][mtval]_i_2/O
                         net (fo=2, routed)           0.817     5.041    core/fetch/d_insn_reg[24]
    SLICE_X61Y15         LUT6 (Prop_lut6_I2_O)        0.124     5.165 r  core/fetch/e_dec[illegal]_i_9/O
                         net (fo=1, routed)           1.120     6.285    core/fetch/e_dec[illegal]_i_9_n_0
    SLICE_X59Y12         LUT6 (Prop_lut6_I1_O)        0.124     6.409 r  core/fetch/e_dec[illegal]_i_5/O
                         net (fo=1, routed)           0.263     6.672    core/fetch/e_dec[illegal]_i_5_n_0
    SLICE_X59Y12         LUT6 (Prop_lut6_I2_O)        0.124     6.796 r  core/fetch/e_dec[illegal]_i_2/O
                         net (fo=7, routed)           0.717     7.512    core/fetch/decode[illegal]_return
    SLICE_X53Y11         LUT5 (Prop_lut5_I0_O)        0.124     7.636 f  core/fetch/e_dec[uses_rs1]_i_1/O
                         net (fo=3, routed)           0.595     8.231    core/fetch/p_265_in
    SLICE_X53Y12         LUT6 (Prop_lut6_I0_O)        0.124     8.355 f  core/fetch/d_insn[31]_i_3/O
                         net (fo=17, routed)          0.730     9.085    core/fetch_n_220
    SLICE_X52Y12         LUT3 (Prop_lut3_I2_O)        0.152     9.237 r  core/d_insn[31]_i_1/O
                         net (fo=93, routed)          1.094    10.331    core/d_pc
    SLICE_X59Y18         FDRE                                         r  core/d_insn_reg[30]/CE
  -------------------------------------------------------------------    -------------------

                         (clock clk rise edge)       10.000    10.000 r  
                                                      0.000    10.000 r  clk (IN)
                         net (fo=2890, unset)         0.924    10.924    core/clk
    SLICE_X59Y18         FDRE                                         r  core/d_insn_reg[30]/C
                         clock pessimism              0.000    10.924    
                         clock uncertainty           -0.035    10.889    
    SLICE_X59Y18         FDRE (Setup_fdre_C_CE)      -0.407    10.482    core/d_insn_reg[30]
  -------------------------------------------------------------------
                         required time                         10.482    
                         arrival time                         -10.331    
  -------------------------------------------------------------------
                         slack                                  0.151    

Slack (MET) :             0.154ns  (required time - arrival time)
  Source:                 core/d_insn_reg[30]/C
                            (rising edge-triggered cell FDRE clocked by clk  {rise@0.000ns fall@5.000ns period=10.000ns})
  Destination:            core/d_pc_reg[10]/CE
                            (rising edge-triggered cell FDRE clocked by clk  {rise@0.000ns fall@5.000ns period=10.000ns})
  Path Group:             clk
  Path Type:              Setup (Max at Slow Process Corner)
  Requirement:            10.000ns  (clk rise@10.000ns - clk rise@0.000ns)
  Data Path Delay:        9.355ns  (logic 1.712ns (18.301%)  route 7.643ns (81.699%))
  Logic Levels:           8  (LUT2=1 LUT3=1 LUT5=1 LUT6=5)
  Clock Path Skew:        -0.049ns (DCD - SCD + CPR)
    Destination Clock Delay (DCD):    0.924ns = ( 10.924 - 10.000 ) 
    Source Clock Delay      (SCD):    0.973ns
    Clock Pessimism Removal (CPR):    0.000ns
  Clock Uncertainty:      0.035ns  ((TSJ^2 + TIJ^2)^1/2 + DJ) / 2 + PE
    Total System Jitter     (TSJ):    0.071ns
    Total Input Jitter      (TIJ):    0.000ns
    Discrete Jitter          (DJ):    0.000ns
    Phase Error              (PE):    0.000ns

    Location             Delay type                Incr(ns)  Path(ns)    Netlist Resource(s)
  -------------------------------------------------------------------    -------------------
                         (clock clk rise edge)        0.000     0.000 r  
                                                      0.000     0.000 r  clk (IN)
                         net (fo=2890, unset)         0.973     0.973    core/clk
    SLICE_X59Y18         FDRE                                         r  core/d_insn_reg[30]/C
  -------------------------------------------------------------------    -------------------
    SLICE_X59Y18         FDRE (Prop_fdre_C_Q)         0.456     1.429 r  core/d_insn_reg[30]/Q
                         net (fo=24, routed)          1.555     2.984    core/fetch/e_dec_reg[res][srl][20]
    SLICE_X59Y12         LUT2 (Prop_lut2_I0_O)        0.152     3.136 r  core/fetch/e_dec[mret]_i_2/O
                         net (fo=6, routed)           0.756     3.891    core/fetch/d_insn_reg[30]
    SLICE_X62Y16         LUT6 (Prop_lut6_I4_O)        0.332     4.223 f  core/fetch/e_dec[csr_sel][mtval]_i_2/O
                         net (fo=2, routed)           0.817     5.041    core/fetch/d_insn_reg[24]
    SLICE_X61Y15         LUT6 (Prop_lut6_I2_O)        0.124     5.165 r  core/fetch/e_dec[illegal]_i_9/O
                         net (fo=1, routed)           1.120     6.285    core/fetch/e_dec[illegal]_i_9_n_0
    SLICE_X59Y12         LUT6 (Prop_lut6_I1_O)        0.124     6.409 r  core/fetch/e_dec[illegal]_i_5/O
                         net (fo=1, routed)           0.263     6.672    core/fetch/e_dec[illegal]_i_5_n_0
    SLICE_X59Y12         LUT6 (Prop_lut6_I2_O)        0.124     6.796 r  core/fetch/e_dec[illegal]_i_2/O
                         net (fo=7, routed)           0.717     7.512    core/fetch/decode[illegal]_return
    SLICE_X53Y11         LUT5 (Prop_lut5_I0_O)        0.124     7.636 f  core/fetch/e_dec[uses_rs1]_i_1/O
                         net (fo=3, routed)           0.595     8.231    core/fetch/p_265_in
    SLICE_X53Y12         LUT6 (Prop_lut6_I0_O)        0.124     8.355 f  core/fetch/d_insn[31]_i_3/O
                         net (fo=17, routed)          0.730     9.085    core/fetch_n_220
    SLICE_X52Y12         LUT3 (Prop_lut3_I2_O)        0.152     9.237 r  core/d_insn[31]_i_1/O
                         net (fo=93, routed)          1.091    10.328    core/d_pc
    SLICE_X60Y16         FDRE                                         r  core/d_pc_reg[10]/CE
  -------------------------------------------------------------------    -------------------

                         (clock clk rise edge)       10.000    10.000 r  
                                                      0.000    10.000 r  clk (IN)
                         net (fo=2890, unset)         0.924    10.924    core/clk
    SLICE_X60Y16         FDRE                                         r  core/d_pc_reg[10]/C
                         clock pessimism              0.000    10.924    
                         clock uncertainty           -0.035    10.889    
    SLICE_X60Y16         FDRE (Setup_fdre_C_CE)      -0.407    10.482    core/d_pc_reg[10]
  -------------------------------------------------------------------
                         required time                         10.482    
                         arrival time                         -10.328    
  -------------------------------------------------------------------
                         slack                                  0.154    





Min Delay Paths
--------------------------------------------------------------------------------------
Slack (MET) :             0.016ns  (arrival time - required time)
  Source:                 dcache/s2_addr_reg[4]/C
                            (rising edge-triggered cell FDRE clocked by clk  {rise@0.000ns fall@5.000ns period=10.000ns})
  Destination:            dcache/tag_ram_reg_192_255_15_17/RAMA/WADR0
                            (rising edge-triggered cell RAMD64E clocked by clk  {rise@0.000ns fall@5.000ns period=10.000ns})
  Path Group:             clk
  Path Type:              Hold (Min at Fast Process Corner)
  Requirement:            0.000ns  (clk rise@0.000ns - clk rise@0.000ns)
  Data Path Delay:        0.347ns  (logic 0.141ns (40.606%)  route 0.206ns (59.394%))
  Logic Levels:           0  
  Clock Path Skew:        0.022ns (DCD - SCD - CPR)
    Destination Clock Delay (DCD):    0.432ns
    Source Clock Delay      (SCD):    0.410ns
    Clock Pessimism Removal (CPR):    -0.000ns

    Location             Delay type                Incr(ns)  Path(ns)    Netlist Resource(s)
  -------------------------------------------------------------------    -------------------
                         (clock clk rise edge)        0.000     0.000 r  
                                                      0.000     0.000 r  clk (IN)
                         net (fo=2890, unset)         0.410     0.410    dcache/clk
    SLICE_X59Y24         FDRE                                         r  dcache/s2_addr_reg[4]/C
  -------------------------------------------------------------------    -------------------
    SLICE_X59Y24         FDRE (Prop_fdre_C_Q)         0.141     0.551 r  dcache/s2_addr_reg[4]/Q
                         net (fo=158, routed)         0.206     0.757    dcache/tag_ram_reg_192_255_15_17/ADDRD0
    SLICE_X58Y24         RAMD64E                                      r  dcache/tag_ram_reg_192_255_15_17/RAMA/WADR0
  -------------------------------------------------------------------    -------------------

                         (clock clk rise edge)        0.000     0.000 r  
                                                      0.000     0.000 r  clk (IN)
                         net (fo=2890, unset)         0.432     0.432    dcache/tag_ram_reg_192_255_15_17/WCLK
    SLICE_X58Y24         RAMD64E                                      r  dcache/tag_ram_reg_192_255_15_17/RAMA/CLK
                         clock pessimism              0.000     0.432    
    SLICE_X58Y24         RAMD64E (Hold_ramd64e_CLK_WADR0)
                                                      0.310     0.742    dcache/tag_ram_reg_192_255_15_17/RAMA
  -------------------------------------------------------------------
                         required time                         -0.742    
                         arrival time                           0.757    
  -------------------------------------------------------------------
                         slack                                  0.016    

Slack (MET) :             0.016ns  (arrival time - required time)
  Source:                 dcache/s2_addr_reg[4]/C
                            (rising edge-triggered cell FDRE clocked by clk  {rise@0.000ns fall@5.000ns period=10.000ns})
  Destination:            dcache/tag_ram_reg_192_255_15_17/RAMB/WADR0
                            (rising edge-triggered cell RAMD64E clocked by clk  {rise@0.000ns fall@5.000ns period=10.000ns})
  Path Group:             clk
  Path Type:              Hold (Min at Fast Process Corner)
  Requirement:            0.000ns  (clk rise@0.000ns - clk rise@0.000ns)
  Data Path Delay:        0.347ns  (logic 0.141ns (40.606%)  route 0.206ns (59.394%))
  Logic Levels:           0  
  Clock Path Skew:        0.022ns (DCD - SCD - CPR)
    Destination Clock Delay (DCD):    0.432ns
    Source Clock Delay      (SCD):    0.410ns
    Clock Pessimism Removal (CPR):    -0.000ns

    Location             Delay type                Incr(ns)  Path(ns)    Netlist Resource(s)
  -------------------------------------------------------------------    -------------------
                         (clock clk rise edge)        0.000     0.000 r  
                                                      0.000     0.000 r  clk (IN)
                         net (fo=2890, unset)         0.410     0.410    dcache/clk
    SLICE_X59Y24         FDRE                                         r  dcache/s2_addr_reg[4]/C
  -------------------------------------------------------------------    -------------------
    SLICE_X59Y24         FDRE (Prop_fdre_C_Q)         0.141     0.551 r  dcache/s2_addr_reg[4]/Q
                         net (fo=158, routed)         0.206     0.757    dcache/tag_ram_reg_192_255_15_17/ADDRD0
    SLICE_X58Y24         RAMD64E                                      r  dcache/tag_ram_reg_192_255_15_17/RAMB/WADR0
  -------------------------------------------------------------------    -------------------

                         (clock clk rise edge)        0.000     0.000 r  
                                                      0.000     0.000 r  clk (IN)
                         net (fo=2890, unset)         0.432     0.432    dcache/tag_ram_reg_192_255_15_17/WCLK
    SLICE_X58Y24         RAMD64E                                      r  dcache/tag_ram_reg_192_255_15_17/RAMB/CLK
                         clock pessimism              0.000     0.432    
    SLICE_X58Y24         RAMD64E (Hold_ramd64e_CLK_WADR0)
                                                      0.310     0.742    dcache/tag_ram_reg_192_255_15_17/RAMB
  -------------------------------------------------------------------
                         required time                         -0.742    
                         arrival time                           0.757    
  -------------------------------------------------------------------
                         slack                                  0.016    

Slack (MET) :             0.016ns  (arrival time - required time)
  Source:                 dcache/s2_addr_reg[4]/C
                            (rising edge-triggered cell FDRE clocked by clk  {rise@0.000ns fall@5.000ns period=10.000ns})
  Destination:            dcache/tag_ram_reg_192_255_15_17/RAMC/WADR0
                            (rising edge-triggered cell RAMD64E clocked by clk  {rise@0.000ns fall@5.000ns period=10.000ns})
  Path Group:             clk
  Path Type:              Hold (Min at Fast Process Corner)
  Requirement:            0.000ns  (clk rise@0.000ns - clk rise@0.000ns)
  Data Path Delay:        0.347ns  (logic 0.141ns (40.606%)  route 0.206ns (59.394%))
  Logic Levels:           0  
  Clock Path Skew:        0.022ns (DCD - SCD - CPR)
    Destination Clock Delay (DCD):    0.432ns
    Source Clock Delay      (SCD):    0.410ns
    Clock Pessimism Removal (CPR):    -0.000ns

    Location             Delay type                Incr(ns)  Path(ns)    Netlist Resource(s)
  -------------------------------------------------------------------    -------------------
                         (clock clk rise edge)        0.000     0.000 r  
                                                      0.000     0.000 r  clk (IN)
                         net (fo=2890, unset)         0.410     0.410    dcache/clk
    SLICE_X59Y24         FDRE                                         r  dcache/s2_addr_reg[4]/C
  -------------------------------------------------------------------    -------------------
    SLICE_X59Y24         FDRE (Prop_fdre_C_Q)         0.141     0.551 r  dcache/s2_addr_reg[4]/Q
                         net (fo=158, routed)         0.206     0.757    dcache/tag_ram_reg_192_255_15_17/ADDRD0
    SLICE_X58Y24         RAMD64E                                      r  dcache/tag_ram_reg_192_255_15_17/RAMC/WADR0
  -------------------------------------------------------------------    -------------------

                         (clock clk rise edge)        0.000     0.000 r  
                                                      0.000     0.000 r  clk (IN)
                         net (fo=2890, unset)         0.432     0.432    dcache/tag_ram_reg_192_255_15_17/WCLK
    SLICE_X58Y24         RAMD64E                                      r  dcache/tag_ram_reg_192_255_15_17/RAMC/CLK
                         clock pessimism              0.000     0.432    
    SLICE_X58Y24         RAMD64E (Hold_ramd64e_CLK_WADR0)
                                                      0.310     0.742    dcache/tag_ram_reg_192_255_15_17/RAMC
  -------------------------------------------------------------------
                         required time                         -0.742    
                         arrival time                           0.757    
  -------------------------------------------------------------------
                         slack                                  0.016    

Slack (MET) :             0.016ns  (arrival time - required time)
  Source:                 dcache/s2_addr_reg[4]/C
                            (rising edge-triggered cell FDRE clocked by clk  {rise@0.000ns fall@5.000ns period=10.000ns})
  Destination:            dcache/tag_ram_reg_192_255_15_17/RAMD/WADR0
                            (rising edge-triggered cell RAMD64E clocked by clk  {rise@0.000ns fall@5.000ns period=10.000ns})
  Path Group:             clk
  Path Type:              Hold (Min at Fast Process Corner)
  Requirement:            0.000ns  (clk rise@0.000ns - clk rise@0.000ns)
  Data Path Delay:        0.347ns  (logic 0.141ns (40.606%)  route 0.206ns (59.394%))
  Logic Levels:           0  
  Clock Path Skew:        0.022ns (DCD - SCD - CPR)
    Destination Clock Delay (DCD):    0.432ns
    Source Clock Delay      (SCD):    0.410ns
    Clock Pessimism Removal (CPR):    -0.000ns

    Location             Delay type                Incr(ns)  Path(ns)    Netlist Resource(s)
  -------------------------------------------------------------------    -------------------
                         (clock clk rise edge)        0.000     0.000 r  
                                                      0.000     0.000 r  clk (IN)
                         net (fo=2890, unset)         0.410     0.410    dcache/clk
    SLICE_X59Y24         FDRE                                         r  dcache/s2_addr_reg[4]/C
  -------------------------------------------------------------------    -------------------
    SLICE_X59Y24         FDRE (Prop_fdre_C_Q)         0.141     0.551 r  dcache/s2_addr_reg[4]/Q
                         net (fo=158, routed)         0.206     0.757    dcache/tag_ram_reg_192_255_15_17/ADDRD0
    SLICE_X58Y24         RAMD64E                                      r  dcache/tag_ram_reg_192_255_15_17/RAMD/WADR0
  -------------------------------------------------------------------    -------------------

                         (clock clk rise edge)        0.000     0.000 r  
                                                      0.000     0.000 r  clk (IN)
                         net (fo=2890, unset)         0.432     0.432    dcache/tag_ram_reg_192_255_15_17/WCLK
    SLICE_X58Y24         RAMD64E                                      r  dcache/tag_ram_reg_192_255_15_17/RAMD/CLK
                         clock pessimism              0.000     0.432    
    SLICE_X58Y24         RAMD64E (Hold_ramd64e_CLK_WADR0)
                                                      0.310     0.742    dcache/tag_ram_reg_192_255_15_17/RAMD
  -------------------------------------------------------------------
                         required time                         -0.742    
                         arrival time                           0.757    
  -------------------------------------------------------------------
                         slack                                  0.016    

Slack (MET) :             0.040ns  (arrival time - required time)
  Source:                 icache/s2_addr_reg[12]/C
                            (rising edge-triggered cell FDRE clocked by clk  {rise@0.000ns fall@5.000ns period=10.000ns})
  Destination:            icache/tag_ram_reg_128_191_0_2/RAMA/I
                            (rising edge-triggered cell RAMD64E clocked by clk  {rise@0.000ns fall@5.000ns period=10.000ns})
  Path Group:             clk
  Path Type:              Hold (Min at Fast Process Corner)
  Requirement:            0.000ns  (clk rise@0.000ns - clk rise@0.000ns)
  Data Path Delay:        0.209ns  (logic 0.141ns (67.454%)  route 0.068ns (32.546%))
  Logic Levels:           0  
  Clock Path Skew:        0.022ns (DCD - SCD - CPR)
    Destination Clock Delay (DCD):    0.432ns
    Source Clock Delay      (SCD):    0.410ns
    Clock Pessimism Removal (CPR):    -0.000ns

    Location             Delay type                Incr(ns)  Path(ns)    Netlist Resource(s)
  -------------------------------------------------------------------    -------------------
                         (clock clk rise edge)        0.000     0.000 r  
                                                      0.000     0.000 r  clk (IN)
                         net (fo=2890, unset)         0.410     0.410    icache/clk
    SLICE_X37Y23         FDRE                                         r  icache/s2_addr_reg[12]/C
  -------------------------------------------------------------------    -------------------
    SLICE_X37Y23         FDRE (Prop_fdre_C_Q)         0.141     0.551 r  icache/s2_addr_reg[12]/Q
                         net (fo=4, routed)           0.068     0.619    icache/tag_ram_reg_128_191_0_2/DIA
    SLICE_X36Y23         RAMD64E                                      r  icache/tag_ram_reg_128_191_0_2/RAMA/I
  -------------------------------------------------------------------    -------------------

                         (clock clk rise edge)        0.000     0.000 r  
                                                      0.000     0.000 r  clk (IN)
                         net (fo=2890, unset)         0.432     0.432    icache/tag_ram_reg_128_191_0_2/WCLK
    SLICE_X36Y23         RAMD64E                                      r  icache/tag_ram_reg_128_191_0_2/RAMA/CLK
                         clock pessimism              0.000     0.432    
    SLICE_X36Y23         RAMD64E (Hold_ramd64e_CLK_I)
                                                      0.147     0.579    icache/tag_ram_reg_128_191_0_2/RAMA
  -------------------------------------------------------------------
                         required time                         -0.579    
                         arrival time                           0.619    
  -------------------------------------------------------------------
                         slack                                  0.040    

Slack (MET) :             0.040ns  (arrival time - required time)
  Source:                 icache/s2_addr_reg[21]/C
                            (rising edge-triggered cell FDRE clocked by clk  {rise@0.000ns fall@5.000ns period=10.000ns})
  Destination:            icache/tag_ram_reg_128_191_9_11/RAMA/I
                            (rising edge-triggered cell RAMD64E clocked by clk  {rise@0.000ns fall@5.000ns period=10.000ns})
  Path Group:             clk
  Path Type:              Hold (Min at Fast Process Corner)
  Requirement:            0.000ns  (clk rise@0.000ns - clk rise@0.000ns)
  Data Path Delay:        0.209ns  (logic 0.141ns (67.454%)  route 0.068ns (32.546%))
  Logic Levels:           0  
  Clock Path Skew:        0.022ns (DCD - SCD - CPR)
    Destination Clock Delay (DCD):    0.432ns
    Source Clock Delay      (SCD):    0.410ns
    Clock Pessimism Removal (CPR):    -0.000ns

    Location             Delay type                Incr(ns)  Path(ns)    Netlist Resource(s)
  -------------------------------------------------------------------    -------------------
                         (clock clk rise edge)        0.000     0.000 r  
                                                      0.000     0.000 r  clk (IN)
                         net (fo=2890, unset)         0.410     0.410    icache/clk
    SLICE_X43Y23         FDRE                                         r  icache/s2_addr_reg[21]/C
  -------------------------------------------------------------------    -------------------
    SLICE_X43Y23         FDRE (Prop_fdre_C_Q)         0.141     0.551 r  icache/s2_addr_reg[21]/Q
                         net (fo=4, routed)           0.068     0.619    icache/tag_ram_reg_128_191_9_11/DIA
    SLICE_X42Y23         RAMD64E                                      r  icache/tag_ram_reg_128_191_9_11/RAMA/I
  -------------------------------------------------------------------    -------------------

                         (clock clk rise edge)        0.000     0.000 r  
                                                      0.000     0.000 r  clk (IN)
                         net (fo=2890, unset)         0.432     0.432    icache/tag_ram_reg_128_191_9_11/WCLK
    SLICE_X42Y23         RAMD64E                                      r  icache/tag_ram_reg_128_191_9_11/RAMA/CLK
                         clock pessimism              0.000     0.432    
    SLICE_X42Y23         RAMD64E (Hold_ramd64e_CLK_I)
                                                      0.147     0.579    icache/tag_ram_reg_128_191_9_11/RAMA
  -------------------------------------------------------------------
                         required time                         -0.579    
                         arrival time                           0.619    
  -------------------------------------------------------------------
                         slack                                  0.040    

Slack (MET) :             0.040ns  (arrival time - required time)
  Source:                 icache/s2_addr_reg[30]/C
                            (rising edge-triggered cell FDRE clocked by clk  {rise@0.000ns fall@5.000ns period=10.000ns})
  Destination:            icache/tag_ram_reg_192_255_18_19/RAMA/I
                            (rising edge-triggered cell RAMD64E clocked by clk  {rise@0.000ns fall@5.000ns period=10.000ns})
  Path Group:             clk
  Path Type:              Hold (Min at Fast Process Corner)
  Requirement:            0.000ns  (clk rise@0.000ns - clk rise@0.000ns)
  Data Path Delay:        0.209ns  (logic 0.141ns (67.454%)  route 0.068ns (32.546%))
  Logic Levels:           0  
  Clock Path Skew:        0.022ns (DCD - SCD - CPR)
    Destination Clock Delay (DCD):    0.432ns
    Source Clock Delay      (SCD):    0.410ns
    Clock Pessimism Removal (CPR):    -0.000ns

    Location             Delay type                Incr(ns)  Path(ns)    Netlist Resource(s)
  -------------------------------------------------------------------    -------------------
                         (clock clk rise edge)        0.000     0.000 r  
                                                      0.000     0.000 r  clk (IN)
                         net (fo=2890, unset)         0.410     0.410    icache/clk
    SLICE_X37Y25         FDRE                                         r  icache/s2_addr_reg[30]/C
  -------------------------------------------------------------------    -------------------
    SLICE_X37Y25         FDRE (Prop_fdre_C_Q)         0.141     0.551 r  icache/s2_addr_reg[30]/Q
                         net (fo=4, routed)           0.068     0.619    icache/tag_ram_reg_192_255_18_19/DIA
    SLICE_X36Y25         RAMD64E                                      r  icache/tag_ram_reg_192_255_18_19/RAMA/I
  -------------------------------------------------------------------    -------------------

                         (clock clk rise edge)        0.000     0.000 r  
                                                      0.000     0.000 r  clk (IN)
                         net (fo=2890, unset)         0.432     0.432    icache/tag_ram_reg_192_255_18_19/WCLK
    SLICE_X36Y25         RAMD64E                                      r  icache/tag_ram_reg_192_255_18_19/RAMA/CLK
                         clock pessimism              0.000     0.432    
    SLICE_X36Y25         RAMD64E (Hold_ramd64e_CLK_I)
                                                      0.147     0.579    icache/tag_ram_reg_192_255_18_19/RAMA
  -------------------------------------------------------------------
                         required time                         -0.579    
                         arrival time                           0.619    
  -------------------------------------------------------------------
                         slack                                  0.040    

Slack (MET) :             0.041ns  (arrival time - required time)
  Source:                 dcache/s2_addr_reg[27]/C
                            (rising edge-triggered cell FDRE clocked by clk  {rise@0.000ns fall@5.000ns period=10.000ns})
  Destination:            dcache/tag_ram_reg_0_63_15_17/RAMA/I
                            (rising edge-triggered cell RAMD64E clocked by clk  {rise@0.000ns fall@5.000ns period=10.000ns})
  Path Group:             clk
  Path Type:              Hold (Min at Fast Process Corner)
  Requirement:            0.000ns  (clk rise@0.000ns - clk rise@0.000ns)
  Data Path Delay:        0.209ns  (logic 0.141ns (67.433%)  route 0.068ns (32.567%))
  Logic Levels:           0  
  Clock Path Skew:        0.022ns (DCD - SCD - CPR)
    Destination Clock Delay (DCD):    0.432ns
    Source Clock Delay      (SCD):    0.410ns
    Clock Pessimism Removal (CPR):    -0.000ns

    Location             Delay type                Incr(ns)  Path(ns)    Netlist Resource(s)
  -------------------------------------------------------------------    -------------------
                         (clock clk rise edge)        0.000     0.000 r  
                                                      0.000     0.000 r  clk (IN)
                         net (fo=2890, unset)         0.410     0.410    dcache/clk
    SLICE_X55Y24         FDRE                                         r  dcache/s2_addr_reg[27]/C
  -------------------------------------------------------------------    -------------------
    SLICE_X55Y24         FDRE (Prop_fdre_C_Q)         0.141     0.551 r  dcache/s2_addr_reg[27]/Q
                         net (fo=4, routed)           0.068     0.619    dcache/tag_ram_reg_0_63_15_17/DIA
    SLICE_X54Y24         RAMD64E                                      r  dcache/tag_ram_reg_0_63_15_17/RAMA/I
  -------------------------------------------------------------------    -------------------

                         (clock clk rise edge)        0.000     0.000 r  
                                                      0.000     0.000 r  clk (IN)
                         net (fo=2890, unset)         0.432     0.432    dcache/tag_ram_reg_0_63_15_17/WCLK
    SLICE_X54Y24         RAMD64E                                      r  dcache/tag_ram_reg_0_63_15_17/RAMA/CLK
                         clock pessimism              0.000     0.432    
    SLICE_X54Y24         RAMD64E (Hold_ramd64e_CLK_I)
                                                      0.147     0.579    dcache/tag_ram_reg_0_63_15_17/RAMA
  -------------------------------------------------------------------
                         required time                         -0.579    
                         arrival time                           0.619    
  -------------------------------------------------------------------
                         slack                                  0.041    

Slack (MET) :             0.053ns  (arrival time - required time)
  Source:                 icache/s2_addr_reg[18]/C
                            (rising edge-triggered cell FDRE clocked by clk  {rise@0.000ns fall@5.000ns period=10.000ns})
  Destination:            icache/tag_ram_reg_128_191_6_8/RAMA/I
                            (rising edge-triggered cell RAMD64E clocked by clk  {rise@0.000ns fall@5.000ns period=10.000ns})
  Path Group:             clk
  Path Type:              Hold (Min at Fast Process Corner)
  Requirement:            0.000ns  (clk rise@0.000ns - clk rise@0.000ns)
  Data Path Delay:        0.221ns  (logic 0.141ns (63.753%)  route 0.080ns (36.247%))
  Logic Levels:           0  
  Clock Path Skew:        0.022ns (DCD - SCD - CPR)
    Destination Clock Delay (DCD):    0.432ns
    Source Clock Delay      (SCD):    0.410ns
    Clock Pessimism Removal (CPR):    -0.000ns

    Location             Delay type                Incr(ns)  Path(ns)    Netlist Resource(s)
  -------------------------------------------------------------------    -------------------
                         (clock clk rise edge)        0.000     0.000 r  
                                                      0.000     0.000 r  clk (IN)
                         net (fo=2890, unset)         0.410     0.410    icache/clk
    SLICE_X39Y23         FDRE                                         r  icache/s2_addr_reg[18]/C
  -------------------------------------------------------------------    -------------------
    SLICE_X39Y23         FDRE (Prop_fdre_C_Q)         0.141     0.551 r  icache/s2_addr_reg[18]/Q
                         net (fo=4, routed)           0.080     0.631    icache/tag_ram_reg_128_191_6_8/DIA
    SLICE_X38Y23         RAMD64E                                      r  icache/tag_ram_reg_128_191_6_8/RAMA/I
  -------------------------------------------------------------------    -------------------

                         (clock clk rise edge)        0.000     0.000 r  
                                                      0.000     0.000 r  clk (IN)
                         net (fo=2890, unset)         0.432     0.432    icache/tag_ram_reg_128_191_6_8/WCLK
    SLICE_X38Y23         RAMD64E                                      r  icache/tag_ram_reg_128_191_6_8/RAMA/CLK
                         clock pessimism              0.000     0.432    
    SLICE_X38Y23         RAMD64E (Hold_ramd64e_CLK_I)
                                                      0.147     0.579    icache/tag_ram_reg_128_191_6_8/RAMA
  -------------------------------------------------------------------
                         required time                         -0.579    
                         arrival time                           0.631    
  -------------------------------------------------------------------
                         slack                                  0.053    

Slack (MET) :             0.080ns  (arrival time - required time)
  Source:                 icache/s2_addr_reg[7]_rep__2/C
                            (rising edge-triggered cell FDRE clocked by clk  {rise@0.000ns fall@5.000ns period=10.000ns})
  Destination:            icache/tag_ram_reg_0_63_9_11/RAMA/WADR3
                            (rising edge-triggered cell RAMD64E clocked by clk  {rise@0.000ns fall@5.000ns period=10.000ns})
  Path Group:             clk
  Path Type:              Hold (Min at Fast Process Corner)
  Requirement:            0.000ns  (clk rise@0.000ns - clk rise@0.000ns)
  Data Path Delay:        0.341ns  (logic 0.141ns (41.327%)  route 0.200ns (58.673%))
  Logic Levels:           0  
  Clock Path Skew:        0.022ns (DCD - SCD - CPR)
    Destination Clock Delay (DCD):    0.432ns
    Source Clock Delay      (SCD):    0.410ns
    Clock Pessimism Removal (CPR):    -0.000ns

    Location             Delay type                Incr(ns)  Path(ns)    Netlist Resource(s)
  -------------------------------------------------------------------    -------------------
                         (clock clk rise edge)        0.000     0.000 r  
                                                      0.000     0.000 r  clk (IN)
                         net (fo=2890, unset)         0.410     0.410    icache/clk
    SLICE_X43Y22         FDRE                                         r  icache/s2_addr_reg[7]_rep__2/C
  -------------------------------------------------------------------    -------------------
    SLICE_X43Y22         FDRE (Prop_fdre_C_Q)         0.141     0.551 r  icache/s2_addr_reg[7]_rep__2/Q
                         net (fo=140, routed)         0.200     0.751    icache/tag_ram_reg_0_63_9_11/ADDRD3
    SLICE_X42Y21         RAMD64E                                      r  icache/tag_ram_reg_0_63_9_11/RAMA/WADR3
  -------------------------------------------------------------------    -------------------

                         (clock clk rise edge)        0.000     0.000 r  
                                                      0.000     0.000 r  clk (IN)
                         net (fo=2890, unset)         0.432     0.432    icache/tag_ram_reg_0_63_9_11/WCLK
    SLICE_X42Y21         RAMD64E                                      r  icache/tag_ram_reg_0_63_9_11/RAMA/CLK
                         clock pessimism              0.000     0.432    
    SLICE_X42Y21         RAMD64E (Hold_ramd64e_CLK_WADR3)
                                                      0.240     0.672    icache/tag_ram_reg_0_63_9_11/RAMA
  -------------------------------------------------------------------
                         required time                         -0.672    
                         arrival time                           0.751    
  -------------------------------------------------------------------
                         slack                                  0.080    





Pulse Width Checks
--------------------------------------------------------------------------------------
Clock Name:         clk
Waveform(ns):       { 0.000 5.000 }
Period(ns):         10.000
Sources:            { clk }

Check Type        Corner  Lib Pin             Reference Pin  Required(ns)  Actual(ns)  Slack(ns)  Location      Pin
Min Period        n/a     DSP48E1/CLK         n/a            3.884         10.000      6.116      DSP48_X2Y5    core/pp_lh_reg/CLK
Min Period        n/a     DSP48E1/CLK         n/a            3.884         10.000      6.116      DSP48_X1Y2    core/pp_ll_reg/CLK
Min Period        n/a     DSP48E1/CLK         n/a            3.687         10.000      6.313      DSP48_X2Y3    core/pp_hl_reg/CLK
Min Period        n/a     RAMB36E1/CLKARDCLK  n/a            2.944         10.000      7.056      RAMB36_X1Y2   ram_reg_0_0_0/CLKARDCLK
Min Period        n/a     RAMB36E1/CLKARDCLK  n/a            2.944         10.000      7.056      RAMB36_X0Y2   ram_reg_0_0_1/CLKARDCLK
Min Period        n/a     RAMB36E1/CLKARDCLK  n/a            2.944         10.000      7.056      RAMB36_X0Y3   ram_reg_0_0_2/CLKARDCLK
Min Period        n/a     RAMB36E1/CLKARDCLK  n/a            2.944         10.000      7.056      RAMB36_X2Y7   ram_reg_0_0_3/CLKARDCLK
Min Period        n/a     RAMB36E1/CLKARDCLK  n/a            2.944         10.000      7.056      RAMB36_X0Y4   ram_reg_0_0_4/CLKARDCLK
Min Period        n/a     RAMB36E1/CLKARDCLK  n/a            2.944         10.000      7.056      RAMB36_X1Y5   ram_reg_0_0_5/CLKARDCLK
Min Period        n/a     RAMB36E1/CLKARDCLK  n/a            2.944         10.000      7.056      RAMB36_X1Y4   ram_reg_0_0_6/CLKARDCLK
Low Pulse Width   Slow    RAMD32/CLK          n/a            1.250         5.000       3.750      SLICE_X46Y18  core/fetch/buf_err_reg_0_3_0_0/DP/CLK
Low Pulse Width   Fast    RAMD32/CLK          n/a            1.250         5.000       3.750      SLICE_X46Y18  core/fetch/buf_err_reg_0_3_0_0/DP/CLK
Low Pulse Width   Slow    RAMD32/CLK          n/a            1.250         5.000       3.750      SLICE_X46Y18  core/fetch/buf_err_reg_0_3_0_0/SP/CLK
Low Pulse Width   Fast    RAMD32/CLK          n/a            1.250         5.000       3.750      SLICE_X46Y18  core/fetch/buf_err_reg_0_3_0_0/SP/CLK
Low Pulse Width   Slow    RAMD32/CLK          n/a            1.250         5.000       3.750      SLICE_X42Y17  core/fetch/buf_insn_reg_0_3_0_5/RAMA/CLK
Low Pulse Width   Fast    RAMD32/CLK          n/a            1.250         5.000       3.750      SLICE_X42Y17  core/fetch/buf_insn_reg_0_3_0_5/RAMA/CLK
Low Pulse Width   Slow    RAMD32/CLK          n/a            1.250         5.000       3.750      SLICE_X42Y17  core/fetch/buf_insn_reg_0_3_0_5/RAMA_D1/CLK
Low Pulse Width   Fast    RAMD32/CLK          n/a            1.250         5.000       3.750      SLICE_X42Y17  core/fetch/buf_insn_reg_0_3_0_5/RAMA_D1/CLK
Low Pulse Width   Slow    RAMD32/CLK          n/a            1.250         5.000       3.750      SLICE_X42Y17  core/fetch/buf_insn_reg_0_3_0_5/RAMB/CLK
Low Pulse Width   Fast    RAMD32/CLK          n/a            1.250         5.000       3.750      SLICE_X42Y17  core/fetch/buf_insn_reg_0_3_0_5/RAMB/CLK
High Pulse Width  Slow    RAMD32/CLK          n/a            1.250         5.000       3.750      SLICE_X46Y18  core/fetch/buf_err_reg_0_3_0_0/DP/CLK
High Pulse Width  Fast    RAMD32/CLK          n/a            1.250         5.000       3.750      SLICE_X46Y18  core/fetch/buf_err_reg_0_3_0_0/DP/CLK
High Pulse Width  Slow    RAMD32/CLK          n/a            1.250         5.000       3.750      SLICE_X46Y18  core/fetch/buf_err_reg_0_3_0_0/SP/CLK
High Pulse Width  Fast    RAMD32/CLK          n/a            1.250         5.000       3.750      SLICE_X46Y18  core/fetch/buf_err_reg_0_3_0_0/SP/CLK
High Pulse Width  Slow    RAMD32/CLK          n/a            1.250         5.000       3.750      SLICE_X42Y17  core/fetch/buf_insn_reg_0_3_0_5/RAMA/CLK
High Pulse Width  Fast    RAMD32/CLK          n/a            1.250         5.000       3.750      SLICE_X42Y17  core/fetch/buf_insn_reg_0_3_0_5/RAMA/CLK
High Pulse Width  Slow    RAMD32/CLK          n/a            1.250         5.000       3.750      SLICE_X42Y17  core/fetch/buf_insn_reg_0_3_0_5/RAMA_D1/CLK
High Pulse Width  Fast    RAMD32/CLK          n/a            1.250         5.000       3.750      SLICE_X42Y17  core/fetch/buf_insn_reg_0_3_0_5/RAMA_D1/CLK
High Pulse Width  Slow    RAMD32/CLK          n/a            1.250         5.000       3.750      SLICE_X42Y17  core/fetch/buf_insn_reg_0_3_0_5/RAMB/CLK
High Pulse Width  Fast    RAMD32/CLK          n/a            1.250         5.000       3.750      SLICE_X42Y17  core/fetch/buf_insn_reg_0_3_0_5/RAMB/CLK



