NAMED-PATH-BEGIN d_rsp_valid_to_d_req_valid
Startpoint: d_rsp_valid (input port clocked by clk)
Endpoint: d_req_valid (output port clocked by clk)
Path Group: clk
Path Type: max

   Delay     Time   Description
-----------------------------------------------------------
   0.000    0.000   clock clk (rise edge)
   0.000    0.000   clock network delay (propagated)
   2.000    2.000 ^ input external delay
   0.008    2.008 ^ d_rsp_valid (in)
   0.202    2.210 ^ input35/X (sky130_fd_sc_hd__buf_2)
   0.213    2.423 ^ fanout1862/X (sky130_fd_sc_hd__buf_2)
   0.185    2.608 v _07762_/X (sky130_fd_sc_hd__and4bb_2)
   0.167    2.775 v fanout1026/X (sky130_fd_sc_hd__buf_4)
   0.173    2.948 v fanout1010/X (sky130_fd_sc_hd__clkbuf_4)
   0.131    3.079 ^ _07765_/Y (sky130_fd_sc_hd__nand2_4)
   0.191    3.270 ^ _07770_/X (sky130_fd_sc_hd__and3_4)
   0.121    3.392 ^ fanout435/X (sky130_fd_sc_hd__buf_12)
   0.199    3.591 ^ _07771_/X (sky130_fd_sc_hd__and4_4)
   0.158    3.749 ^ output109/X (sky130_fd_sc_hd__clkbuf_4)
   0.001    3.750 ^ d_req_valid (out)
            3.750   data arrival time

  10.000   10.000   clock clk (rise edge)
   0.000   10.000   clock network delay (propagated)
  -0.250    9.750   clock uncertainty
   0.000    9.750   clock reconvergence pessimism
  -2.000    7.750   output external delay
            7.750   data required time
-----------------------------------------------------------
            7.750   data required time
           -3.750   data arrival time
-----------------------------------------------------------
            4.000   slack (MET)


NAMED-PATH-END
NAMED-PATH-BEGIN d_rsp_error_to_d_req_valid
Startpoint: d_rsp_error (input port clocked by clk)
Endpoint: d_req_valid (output port clocked by clk)
Path Group: clk
Path Type: max

   Delay     Time   Description
-----------------------------------------------------------
   0.000    0.000   clock clk (rise edge)
   0.000    0.000   clock network delay (propagated)
   2.000    2.000 v input external delay
   0.003    2.003 v d_rsp_error (in)
   0.139    2.141 v input2/X (sky130_fd_sc_hd__buf_2)
   0.158    2.299 v _07756_/Y (sky130_fd_sc_hd__nand2b_2)
   0.103    2.402 v _07757_/X (sky130_fd_sc_hd__o211a_2)
   0.197    2.599 ^ _07760_/Y (sky130_fd_sc_hd__o21ai_2)
   0.150    2.749 ^ fanout591/X (sky130_fd_sc_hd__buf_8)
   0.193    2.942 ^ _07770_/X (sky130_fd_sc_hd__and3_4)
   0.121    3.064 ^ fanout435/X (sky130_fd_sc_hd__buf_12)
   0.199    3.263 ^ _07771_/X (sky130_fd_sc_hd__and4_4)
   0.158    3.421 ^ output109/X (sky130_fd_sc_hd__clkbuf_4)
   0.001    3.422 ^ d_req_valid (out)
            3.422   data arrival time

  10.000   10.000   clock clk (rise edge)
   0.000   10.000   clock network delay (propagated)
  -0.250    9.750   clock uncertainty
   0.000    9.750   clock reconvergence pessimism
  -2.000    7.750   output external delay
            7.750   data required time
-----------------------------------------------------------
            7.750   data required time
           -3.422   data arrival time
-----------------------------------------------------------
            4.328   slack (MET)


NAMED-PATH-END
