NAMED-PATH-BEGIN d_rsp_valid_to_d_req_valid
Startpoint: d_rsp_valid (input port clocked by clk)
Endpoint: d_req_valid (output port clocked by clk)
Path Group: clk
Path Type: max

   Delay     Time   Description
-----------------------------------------------------------
   0.000    0.000   clock clk (rise edge)
   0.000    0.000   clock network delay (propagated)
   2.000    2.000 ^ input external delay
   0.044    2.044 ^ d_rsp_valid (in)
   0.143    2.187 ^ hold3706/X (sky130_fd_sc_hd__clkbuf_1)
   0.248    2.436 ^ input35/X (sky130_fd_sc_hd__buf_2)
   0.192    2.627 ^ wire2850/X (sky130_fd_sc_hd__buf_12)
   0.075    2.702 v _14250_/Y (sky130_fd_sc_hd__nor2_4)
   0.129    2.831 v fanout1278/X (sky130_fd_sc_hd__buf_12)
   0.165    2.996 v fanout1273/X (sky130_fd_sc_hd__buf_6)
   0.142    3.138 v fanout1272/X (sky130_fd_sc_hd__buf_12)
   0.142    3.280 v fanout1271/X (sky130_fd_sc_hd__buf_6)
   0.232    3.512 ^ _14254_/Y (sky130_fd_sc_hd__o31ai_4)
   0.157    3.669 ^ max_cap769/X (sky130_fd_sc_hd__buf_6)
   0.095    3.764 v _14259_/Y (sky130_fd_sc_hd__o211ai_4)
   0.520    4.284 ^ _14261_/X (sky130_fd_sc_hd__and4bb_4)
   0.175    4.459 ^ output109/X (sky130_fd_sc_hd__buf_8)
   0.002    4.460 ^ d_req_valid (out)
            4.460   data arrival time

  10.000   10.000   clock clk (rise edge)
   0.000   10.000   clock network delay (propagated)
  -0.250    9.750   clock uncertainty
   0.000    9.750   clock reconvergence pessimism
  -2.000    7.750   output external delay
            7.750   data required time
-----------------------------------------------------------
            7.750   data required time
           -4.460   data arrival time
-----------------------------------------------------------
            3.290   slack (MET)


NAMED-PATH-END
NAMED-PATH-BEGIN d_rsp_error_to_d_req_valid
Startpoint: d_rsp_error (input port clocked by clk)
Endpoint: d_req_valid (output port clocked by clk)
Path Group: clk
Path Type: max

   Delay     Time   Description
-----------------------------------------------------------
   0.000    0.000   clock clk (rise edge)
   0.000    0.000   clock network delay (propagated)
   2.000    2.000 v input external delay
   0.020    2.020 v d_rsp_error (in)
   0.110    2.130 v hold3650/X (sky130_fd_sc_hd__clkbuf_1)
   0.167    2.298 v input2/X (sky130_fd_sc_hd__buf_2)
   0.175    2.472 v hold3651/X (sky130_fd_sc_hd__clkbuf_1)
   0.241    2.713 v _14245_/Y (sky130_fd_sc_hd__nand2b_2)
   0.180    2.893 v _14246_/X (sky130_fd_sc_hd__o211a_2)
   0.292    3.185 ^ _14254_/Y (sky130_fd_sc_hd__o31ai_4)
   0.157    3.342 ^ max_cap769/X (sky130_fd_sc_hd__buf_6)
   0.095    3.436 v _14259_/Y (sky130_fd_sc_hd__o211ai_4)
   0.520    3.956 ^ _14261_/X (sky130_fd_sc_hd__and4bb_4)
   0.175    4.132 ^ output109/X (sky130_fd_sc_hd__buf_8)
   0.002    4.133 ^ d_req_valid (out)
            4.133   data arrival time

  10.000   10.000   clock clk (rise edge)
   0.000   10.000   clock network delay (propagated)
  -0.250    9.750   clock uncertainty
   0.000    9.750   clock reconvergence pessimism
  -2.000    7.750   output external delay
            7.750   data required time
-----------------------------------------------------------
            7.750   data required time
           -4.133   data arrival time
-----------------------------------------------------------
            3.617   slack (MET)


NAMED-PATH-END
