NAMED-PATH-BEGIN d_rsp_valid_to_d_req_valid
Startpoint: d_rsp_valid (input port clocked by clk)
Endpoint: d_req_valid (output port clocked by clk)
Path Group: clk
Path Type: max

   Delay     Time   Description
-----------------------------------------------------------
   0.000    0.000   clock clk (rise edge)
   0.000    0.000   clock network delay (propagated)
   2.000    2.000 ^ input external delay
   0.018    2.018 ^ d_rsp_valid (in)
   0.505    2.523 ^ input35/X (sky130_fd_sc_hd__buf_2)
   0.484    3.007 ^ fanout2858/X (sky130_fd_sc_hd__buf_6)
   0.478    3.485 ^ fanout2857/X (sky130_fd_sc_hd__clkbuf_4)
   0.170    3.655 v _07634_/Y (sky130_fd_sc_hd__nor2_4)
   0.255    3.910 v fanout1336/X (sky130_fd_sc_hd__buf_8)
   0.277    4.187 v fanout1327/X (sky130_fd_sc_hd__buf_8)
   0.361    4.548 v _07636_/X (sky130_fd_sc_hd__and2_4)
   0.280    4.828 v fanout731/X (sky130_fd_sc_hd__buf_8)
   0.270    5.097 v fanout728/X (sky130_fd_sc_hd__buf_6)
   0.426    5.523 ^ _07639_/Y (sky130_fd_sc_hd__nor3b_4)
   0.306    5.829 ^ fanout540/X (sky130_fd_sc_hd__buf_6)
   0.239    6.069 ^ load_slew542/X (sky130_fd_sc_hd__buf_6)
   0.672    6.741 ^ _07640_/X (sky130_fd_sc_hd__and3b_2)
   0.348    7.089 ^ output109/X (sky130_fd_sc_hd__buf_8)
   0.002    7.091 ^ d_req_valid (out)
            7.091   data arrival time

  10.000   10.000   clock clk (rise edge)
   0.000   10.000   clock network delay (propagated)
  -0.250    9.750   clock uncertainty
   0.000    9.750   clock reconvergence pessimism
  -2.000    7.750   output external delay
            7.750   data required time
-----------------------------------------------------------
            7.750   data required time
           -7.091   data arrival time
-----------------------------------------------------------
            0.659   slack (MET)


NAMED-PATH-END
NAMED-PATH-BEGIN d_rsp_error_to_d_req_valid
Startpoint: d_rsp_error (input port clocked by clk)
Endpoint: d_req_valid (output port clocked by clk)
Path Group: clk
Path Type: max

   Delay     Time   Description
-----------------------------------------------------------
   0.000    0.000   clock clk (rise edge)
   0.000    0.000   clock network delay (propagated)
   2.000    2.000 v input external delay
   0.010    2.010 v d_rsp_error (in)
   0.382    2.391 v input2/X (sky130_fd_sc_hd__buf_2)
   0.511    2.903 v _07628_/Y (sky130_fd_sc_hd__nand2b_2)
   0.351    3.253 v _07629_/X (sky130_fd_sc_hd__o211a_2)
   0.736    3.989 ^ _07631_/Y (sky130_fd_sc_hd__o21ai_4)
   0.726    4.715 ^ _07639_/Y (sky130_fd_sc_hd__nor3b_4)
   0.306    5.022 ^ fanout540/X (sky130_fd_sc_hd__buf_6)
   0.239    5.261 ^ load_slew542/X (sky130_fd_sc_hd__buf_6)
   0.672    5.934 ^ _07640_/X (sky130_fd_sc_hd__and3b_2)
   0.348    6.282 ^ output109/X (sky130_fd_sc_hd__buf_8)
   0.002    6.283 ^ d_req_valid (out)
            6.283   data arrival time

  10.000   10.000   clock clk (rise edge)
   0.000   10.000   clock network delay (propagated)
  -0.250    9.750   clock uncertainty
   0.000    9.750   clock reconvergence pessimism
  -2.000    7.750   output external delay
            7.750   data required time
-----------------------------------------------------------
            7.750   data required time
           -6.283   data arrival time
-----------------------------------------------------------
            1.467   slack (MET)


NAMED-PATH-END
