NAMED-PATH-BEGIN d_rsp_valid_to_d_req_valid
Startpoint: d_rsp_valid (input port clocked by clk)
Endpoint: d_req_valid (output port clocked by clk)
Path Group: clk
Path Type: max

   Delay     Time   Description
-----------------------------------------------------------
   0.000    0.000   clock clk (rise edge)
   0.000    0.000   clock network delay (propagated)
   2.000    2.000 ^ input external delay
   0.024    2.024 ^ d_rsp_valid (in)
   0.093    2.117 ^ hold3964/X (sky130_fd_sc_hd__clkbuf_1)
   0.113    2.230 ^ input35/X (sky130_fd_sc_hd__clkbuf_2)
   0.180    2.410 ^ hold3965/X (sky130_fd_sc_hd__clkbuf_1)
   0.115    2.526 ^ wire2945/X (sky130_fd_sc_hd__buf_12)
   0.036    2.562 v _14250_/Y (sky130_fd_sc_hd__nor2_2)
   0.128    2.690 v fanout1316/X (sky130_fd_sc_hd__buf_6)
   0.143    2.833 v fanout1306/X (sky130_fd_sc_hd__buf_4)
   0.232    3.065 ^ _14254_/Y (sky130_fd_sc_hd__o31ai_4)
   0.046    3.111 v _14259_/Y (sky130_fd_sc_hd__o211ai_4)
   0.090    3.201 v rebuffer3252/X (sky130_fd_sc_hd__buf_6)
   0.235    3.436 ^ _14261_/X (sky130_fd_sc_hd__and4bb_4)
   0.097    3.533 ^ output109/X (sky130_fd_sc_hd__buf_8)
   0.000    3.533 ^ d_req_valid (out)
            3.533   data arrival time

  10.000   10.000   clock clk (rise edge)
   0.000   10.000   clock network delay (propagated)
  -0.250    9.750   clock uncertainty
   0.000    9.750   clock reconvergence pessimism
  -2.000    7.750   output external delay
            7.750   data required time
-----------------------------------------------------------
            7.750   data required time
           -3.533   data arrival time
-----------------------------------------------------------
            4.217   slack (MET)


NAMED-PATH-END
NAMED-PATH-BEGIN d_rsp_error_to_d_req_valid
Startpoint: d_rsp_error (input port clocked by clk)
Endpoint: d_req_valid (output port clocked by clk)
Path Group: clk
Path Type: max

   Delay     Time   Description
-----------------------------------------------------------
   0.000    0.000   clock clk (rise edge)
   0.000    0.000   clock network delay (propagated)
   2.000    2.000 v input external delay
   0.007    2.007 v d_rsp_error (in)
   0.060    2.067 v hold3815/X (sky130_fd_sc_hd__clkbuf_1)
   0.102    2.169 v input2/X (sky130_fd_sc_hd__buf_2)
   0.107    2.276 v hold3816/X (sky130_fd_sc_hd__clkbuf_1)
   0.145    2.421 v _14245_/Y (sky130_fd_sc_hd__nand2b_2)
   0.116    2.537 v _14246_/X (sky130_fd_sc_hd__o211a_2)
   0.270    2.806 ^ _14254_/Y (sky130_fd_sc_hd__o31ai_4)
   0.046    2.852 v _14259_/Y (sky130_fd_sc_hd__o211ai_4)
   0.090    2.942 v rebuffer3252/X (sky130_fd_sc_hd__buf_6)
   0.235    3.177 ^ _14261_/X (sky130_fd_sc_hd__and4bb_4)
   0.097    3.274 ^ output109/X (sky130_fd_sc_hd__buf_8)
   0.000    3.274 ^ d_req_valid (out)
            3.274   data arrival time

  10.000   10.000   clock clk (rise edge)
   0.000   10.000   clock network delay (propagated)
  -0.250    9.750   clock uncertainty
   0.000    9.750   clock reconvergence pessimism
  -2.000    7.750   output external delay
            7.750   data required time
-----------------------------------------------------------
            7.750   data required time
           -3.274   data arrival time
-----------------------------------------------------------
            4.476   slack (MET)


NAMED-PATH-END
