NAMED-PATH-BEGIN d_rsp_valid_to_d_req_valid
Startpoint: d_rsp_valid (input port clocked by clk)
Endpoint: d_req_valid (output port clocked by clk)
Path Group: clk
Path Type: max

   Delay     Time   Description
-----------------------------------------------------------
   0.000    0.000   clock clk (rise edge)
   0.000    0.000   clock network delay (propagated)
   2.000    2.000 ^ input external delay
   0.018    2.018 ^ d_rsp_valid (in)
   0.491    2.509 ^ input35/X (sky130_fd_sc_hd__buf_2)
   0.623    3.132 ^ fanout1862/X (sky130_fd_sc_hd__buf_2)
   0.726    3.858 v _07762_/X (sky130_fd_sc_hd__and4bb_2)
   0.379    4.237 v fanout1026/X (sky130_fd_sc_hd__buf_6)
   0.425    4.662 v fanout1010/X (sky130_fd_sc_hd__buf_4)
   0.245    4.908 ^ _07765_/Y (sky130_fd_sc_hd__nand2_8)
   0.514    5.422 ^ _07770_/X (sky130_fd_sc_hd__and3_4)
   0.306    5.728 ^ fanout435/X (sky130_fd_sc_hd__buf_12)
   0.749    6.477 ^ _07771_/X (sky130_fd_sc_hd__and4_4)
   0.318    6.795 ^ output109/X (sky130_fd_sc_hd__buf_8)
   0.002    6.797 ^ d_req_valid (out)
            6.797   data arrival time

  10.000   10.000   clock clk (rise edge)
   0.000   10.000   clock network delay (propagated)
  -0.250    9.750   clock uncertainty
   0.000    9.750   clock reconvergence pessimism
  -2.000    7.750   output external delay
            7.750   data required time
-----------------------------------------------------------
            7.750   data required time
           -6.797   data arrival time
-----------------------------------------------------------
            0.953   slack (MET)


NAMED-PATH-END
NAMED-PATH-BEGIN d_rsp_error_to_d_req_valid
Startpoint: d_rsp_error (input port clocked by clk)
Endpoint: d_req_valid (output port clocked by clk)
Path Group: clk
Path Type: max

   Delay     Time   Description
-----------------------------------------------------------
   0.000    0.000   clock clk (rise edge)
   0.000    0.000   clock network delay (propagated)
   2.000    2.000 v input external delay
   0.011    2.011 v d_rsp_error (in)
   0.422    2.432 v input2/X (sky130_fd_sc_hd__buf_2)
   0.546    2.978 v _07756_/Y (sky130_fd_sc_hd__nand2b_2)
   0.312    3.290 v _07757_/X (sky130_fd_sc_hd__o211a_2)
   0.510    3.800 ^ _07760_/Y (sky130_fd_sc_hd__o21ai_2)
   0.391    4.192 ^ fanout591/X (sky130_fd_sc_hd__buf_12)
   0.489    4.681 ^ _07770_/X (sky130_fd_sc_hd__and3_4)
   0.306    4.987 ^ fanout435/X (sky130_fd_sc_hd__buf_12)
   0.749    5.736 ^ _07771_/X (sky130_fd_sc_hd__and4_4)
   0.318    6.054 ^ output109/X (sky130_fd_sc_hd__buf_8)
   0.002    6.056 ^ d_req_valid (out)
            6.056   data arrival time

  10.000   10.000   clock clk (rise edge)
   0.000   10.000   clock network delay (propagated)
  -0.250    9.750   clock uncertainty
   0.000    9.750   clock reconvergence pessimism
  -2.000    7.750   output external delay
            7.750   data required time
-----------------------------------------------------------
            7.750   data required time
           -6.056   data arrival time
-----------------------------------------------------------
            1.694   slack (MET)


NAMED-PATH-END
