NAMED-PATH-BEGIN d_rsp_valid_to_d_req_valid
Startpoint: d_rsp_valid (input port clocked by clk)
Endpoint: d_req_valid (output port clocked by clk)
Path Group: clk
Path Type: max

   Delay     Time   Description
-----------------------------------------------------------
   0.000    0.000   clock clk (rise edge)
   0.000    0.000   clock network delay (propagated)
   2.500    2.500 ^ input external delay
   0.019    2.519 ^ d_rsp_valid (in)
   0.361    2.880 ^ input35/X (sky130_fd_sc_hd__clkbuf_2)
   0.346    3.226 ^ wire2945/X (sky130_fd_sc_hd__buf_12)
   0.105    3.331 v _14250_/Y (sky130_fd_sc_hd__nor2_2)
   0.451    3.783 v fanout1316/X (sky130_fd_sc_hd__buf_4)
   0.457    4.239 v fanout1306/X (sky130_fd_sc_hd__clkbuf_4)
   0.540    4.779 ^ _14254_/Y (sky130_fd_sc_hd__o31ai_4)
   0.358    5.137 v _14259_/Y (sky130_fd_sc_hd__o211ai_4)
   0.907    6.044 ^ _14261_/X (sky130_fd_sc_hd__and4bb_4)
   0.311    6.355 ^ output109/X (sky130_fd_sc_hd__buf_6)
   0.000    6.355 ^ d_req_valid (out)
            6.355   data arrival time

  12.500   12.500   clock clk (rise edge)
   0.000   12.500   clock network delay (propagated)
  -0.250   12.250   clock uncertainty
   0.000   12.250   clock reconvergence pessimism
  -2.500    9.750   output external delay
            9.750   data required time
-----------------------------------------------------------
            9.750   data required time
           -6.355   data arrival time
-----------------------------------------------------------
            3.395   slack (MET)


NAMED-PATH-END
NAMED-PATH-BEGIN d_rsp_error_to_d_req_valid
Startpoint: d_rsp_error (input port clocked by clk)
Endpoint: d_req_valid (output port clocked by clk)
Path Group: clk
Path Type: max

   Delay     Time   Description
-----------------------------------------------------------
   0.000    0.000   clock clk (rise edge)
   0.000    0.000   clock network delay (propagated)
   2.500    2.500 v input external delay
   0.016    2.516 v d_rsp_error (in)
   0.150    2.666 v hold3342/X (sky130_fd_sc_hd__clkbuf_1)
   0.291    2.957 v input2/X (sky130_fd_sc_hd__buf_2)
   0.308    3.265 v hold3343/X (sky130_fd_sc_hd__clkbuf_1)
   0.488    3.753 v _14245_/Y (sky130_fd_sc_hd__nand2b_2)
   0.354    4.107 v _14246_/X (sky130_fd_sc_hd__o211a_2)
   0.623    4.731 ^ _14254_/Y (sky130_fd_sc_hd__o31ai_4)
   0.358    5.089 v _14259_/Y (sky130_fd_sc_hd__o211ai_4)
   0.907    5.996 ^ _14261_/X (sky130_fd_sc_hd__and4bb_4)
   0.311    6.306 ^ output109/X (sky130_fd_sc_hd__buf_6)
   0.000    6.307 ^ d_req_valid (out)
            6.307   data arrival time

  12.500   12.500   clock clk (rise edge)
   0.000   12.500   clock network delay (propagated)
  -0.250   12.250   clock uncertainty
   0.000   12.250   clock reconvergence pessimism
  -2.500    9.750   output external delay
            9.750   data required time
-----------------------------------------------------------
            9.750   data required time
           -6.307   data arrival time
-----------------------------------------------------------
            3.443   slack (MET)


NAMED-PATH-END
