NAMED-PATH-BEGIN d_rsp_valid_to_d_req_valid
Startpoint: d_rsp_valid (input port clocked by clk)
Endpoint: d_req_valid (output port clocked by clk)
Path Group: clk
Path Type: max

   Delay     Time   Description
-----------------------------------------------------------
   0.000    0.000   clock clk (rise edge)
   0.000    0.000   clock network delay (propagated)
   2.000    2.000 ^ input external delay
   0.020    2.020 ^ d_rsp_valid (in)
   0.130    2.150 ^ hold6773/X (sky130_fd_sc_hd__clkbuf_1)
   0.336    2.486 ^ input35/X (sky130_fd_sc_hd__buf_2)
   0.398    2.884 ^ fanout3083/X (sky130_fd_sc_hd__buf_12)
   0.524    3.409 ^ fanout3082/X (sky130_fd_sc_hd__clkbuf_4)
   0.494    3.903 ^ fanout3081/X (sky130_fd_sc_hd__clkbuf_4)
   0.174    4.077 v _14918_/Y (sky130_fd_sc_hd__nor2_4)
   0.260    4.337 v fanout1355/X (sky130_fd_sc_hd__buf_12)
   0.467    4.804 ^ _14925_/Y (sky130_fd_sc_hd__o31ai_4)
   0.375    5.179 ^ load_slew866/X (sky130_fd_sc_hd__buf_6)
   0.243    5.422 v _14932_/Y (sky130_fd_sc_hd__o2111ai_4)
   0.312    5.734 v wire649/X (sky130_fd_sc_hd__buf_6)
   0.213    5.948 v rebuffer3130/X (sky130_fd_sc_hd__buf_6)
   0.705    6.653 ^ _14933_/Y (sky130_fd_sc_hd__nor3_4)
   0.462    7.115 ^ wire441/X (sky130_fd_sc_hd__buf_6)
   0.240    7.355 ^ output109/X (sky130_fd_sc_hd__buf_8)
   0.002    7.357 ^ d_req_valid (out)
            7.357   data arrival time

  10.000   10.000   clock clk (rise edge)
   0.000   10.000   clock network delay (propagated)
  -0.250    9.750   clock uncertainty
   0.000    9.750   clock reconvergence pessimism
  -2.000    7.750   output external delay
            7.750   data required time
-----------------------------------------------------------
            7.750   data required time
           -7.357   data arrival time
-----------------------------------------------------------
            0.393   slack (MET)


NAMED-PATH-END
NAMED-PATH-BEGIN d_rsp_error_to_d_req_valid
Startpoint: d_rsp_error (input port clocked by clk)
Endpoint: d_req_valid (output port clocked by clk)
Path Group: clk
Path Type: max

   Delay     Time   Description
-----------------------------------------------------------
   0.000    0.000   clock clk (rise edge)
   0.000    0.000   clock network delay (propagated)
   2.000    2.000 v input external delay
   0.017    2.017 v d_rsp_error (in)
   0.152    2.169 v hold3900/X (sky130_fd_sc_hd__clkbuf_1)
   0.337    2.507 v input2/X (sky130_fd_sc_hd__buf_2)
   0.450    2.957 v hold3901/X (sky130_fd_sc_hd__clkbuf_1)
   0.578    3.535 v _14922_/Y (sky130_fd_sc_hd__nand2b_2)
   0.399    3.934 v _14923_/X (sky130_fd_sc_hd__o211a_2)
   0.449    4.382 ^ _14925_/Y (sky130_fd_sc_hd__o31ai_4)
   0.375    4.758 ^ load_slew866/X (sky130_fd_sc_hd__buf_6)
   0.243    5.001 v _14932_/Y (sky130_fd_sc_hd__o2111ai_4)
   0.312    5.313 v wire649/X (sky130_fd_sc_hd__buf_6)
   0.213    5.526 v rebuffer3130/X (sky130_fd_sc_hd__buf_6)
   0.705    6.232 ^ _14933_/Y (sky130_fd_sc_hd__nor3_4)
   0.462    6.694 ^ wire441/X (sky130_fd_sc_hd__buf_6)
   0.240    6.933 ^ output109/X (sky130_fd_sc_hd__buf_8)
   0.002    6.935 ^ d_req_valid (out)
            6.935   data arrival time

  10.000   10.000   clock clk (rise edge)
   0.000   10.000   clock network delay (propagated)
  -0.250    9.750   clock uncertainty
   0.000    9.750   clock reconvergence pessimism
  -2.000    7.750   output external delay
            7.750   data required time
-----------------------------------------------------------
            7.750   data required time
           -6.935   data arrival time
-----------------------------------------------------------
            0.815   slack (MET)


NAMED-PATH-END
