NAMED label=d_rsp_valid_to_request slack_ns=6.991 from=block/d_v2_reg/C to=block/request_registered.d_en_reg/D levels=3
Copyright 1986-2022 Xilinx, Inc. All Rights Reserved. Copyright 2022-2025 Advanced Micro Devices, Inc. All Rights Reserved.
----------------------------------------------------------------------------------------------------------------------------------------------------------------------------------------------------------------------------------------------------------------------------------------------------------------
| Tool Version : Vivado v.2025.1 (lin64) Build 6140274 Wed May 21 22:58:25 MDT 2025
| Date         : Thu Oct  1 12:25:57 2026
| Host         : gondor running 64-bit Ubuntu 24.04.5 LTS
| Command      : report_timing -of_objects [get_timing_paths -setup -from [get_cells -hier -quiet -filter {NAME =~ *d_v2_reg* && IS_SEQUENTIAL}] -to [get_cells -hier -quiet -filter {(NAME =~ *d_v1_reg* || NAME =~ *d_en_reg* || NAME =~ *ram_reg*) && IS_SEQUENTIAL}] -max_paths 1 -nworst 1] -return_string
| Design       : timing_aster_bram_reqreg
| Device       : 7z020-clg400
| Speed File   : -1  PRODUCTION 1.12 2019-11-22
| Design State : Routed
----------------------------------------------------------------------------------------------------------------------------------------------------------------------------------------------------------------------------------------------------------------------------------------------------------------

Timing Report

Slack (MET) :             6.991ns  (required time - arrival time)
  Source:                 block/d_v2_reg/C
                            (rising edge-triggered cell FDRE clocked by clk  {rise@0.000ns fall@5.000ns period=10.000ns})
  Destination:            block/request_registered.d_en_reg/D
                            (rising edge-triggered cell FDRE clocked by clk  {rise@0.000ns fall@5.000ns period=10.000ns})
  Path Group:             clk
  Path Type:              Setup (Max at Slow Process Corner)
  Requirement:            10.000ns  (clk rise@10.000ns - clk rise@0.000ns)
  Data Path Delay:        2.956ns  (logic 0.828ns (28.010%)  route 2.128ns (71.990%))
  Logic Levels:           3  (LUT2=1 LUT5=1 LUT6=1)
  Clock Path Skew:        -0.049ns (DCD - SCD + CPR)
    Destination Clock Delay (DCD):    0.924ns = ( 10.924 - 10.000 ) 
    Source Clock Delay      (SCD):    0.973ns
    Clock Pessimism Removal (CPR):    0.000ns
  Clock Uncertainty:      0.035ns  ((TSJ^2 + TIJ^2)^1/2 + DJ) / 2 + PE
    Total System Jitter     (TSJ):    0.071ns
    Total Input Jitter      (TIJ):    0.000ns
    Discrete Jitter          (DJ):    0.000ns
    Phase Error              (PE):    0.000ns

    Location             Delay type                Incr(ns)  Path(ns)    Netlist Resource(s)
  -------------------------------------------------------------------    -------------------
                         (clock clk rise edge)        0.000     0.000 r  
                                                      0.000     0.000 r  clk (IN)
                         net (fo=1202, unset)         0.973     0.973    block/clk
    SLICE_X41Y14         FDRE                                         r  block/d_v2_reg/C
  -------------------------------------------------------------------    -------------------
    SLICE_X41Y14         FDRE (Prop_fdre_C_Q)         0.456     1.429 r  block/d_v2_reg/Q
                         net (fo=12, routed)          0.893     2.322    block/core/fetch/d_v2
    SLICE_X40Y13                                                      r  block/core/fetch/m1[valid]_i_2/I2
    SLICE_X40Y13         LUT5 (Prop_lut5_I2_O)        0.124     2.446 r  block/core/fetch/m1[valid]_i_2/O
                         net (fo=95, routed)          0.491     2.937    block/core/m1_free
    SLICE_X39Y14                                                      r  block/core/d_v1_i_1/I5
    SLICE_X39Y14         LUT6 (Prop_lut6_I5_O)        0.124     3.061 r  block/core/d_v1_i_1/O
                         net (fo=2, routed)           0.744     3.805    block/core/d_req_valid
    SLICE_X40Y16                                                      r  block/core/request_registered.d_en_i_1/I0
    SLICE_X40Y16         LUT2 (Prop_lut2_I0_O)        0.124     3.929 r  block/core/request_registered.d_en_i_1/O
                         net (fo=1, routed)           0.000     3.929    block/request_registered.d_en0
    SLICE_X40Y16         FDRE                                         r  block/request_registered.d_en_reg/D
  -------------------------------------------------------------------    -------------------

                         (clock clk rise edge)       10.000    10.000 r  
                                                      0.000    10.000 r  clk (IN)
                         net (fo=1202, unset)         0.924    10.924    block/clk
    SLICE_X40Y16         FDRE                                         r  block/request_registered.d_en_reg/C
                         clock pessimism              0.000    10.924    
                         clock uncertainty           -0.035    10.889    
    SLICE_X40Y16         FDRE (Setup_fdre_C_D)        0.031    10.920    block/request_registered.d_en_reg
  -------------------------------------------------------------------
                         required time                         10.920    
                         arrival time                          -3.929    
  -------------------------------------------------------------------
                         slack                                  6.991    





NAMED label=d_rsp_error_kill slack_ns=6.053 from=block/d_err1_reg/C to=block/request_registered.d_en_reg/D levels=4
Copyright 1986-2022 Xilinx, Inc. All Rights Reserved. Copyright 2022-2025 Advanced Micro Devices, Inc. All Rights Reserved.
------------------------------------------------------------------------------------------------------------------------------------------------------------------------------------------------------------------------------------------------------------------------------------------------------------------
| Tool Version : Vivado v.2025.1 (lin64) Build 6140274 Wed May 21 22:58:25 MDT 2025
| Date         : Thu Oct  1 12:25:57 2026
| Host         : gondor running 64-bit Ubuntu 24.04.5 LTS
| Command      : report_timing -of_objects [get_timing_paths -setup -from [get_cells -hier -quiet -filter {NAME =~ *d_err1_reg* && IS_SEQUENTIAL}] -to [get_cells -hier -quiet -filter {(NAME =~ *d_v1_reg* || NAME =~ *d_en_reg* || NAME =~ *ram_reg*) && IS_SEQUENTIAL}] -max_paths 1 -nworst 1] -return_string
| Design       : timing_aster_bram_reqreg
| Device       : 7z020-clg400
| Speed File   : -1  PRODUCTION 1.12 2019-11-22
| Design State : Routed
------------------------------------------------------------------------------------------------------------------------------------------------------------------------------------------------------------------------------------------------------------------------------------------------------------------

Timing Report

Slack (MET) :             6.053ns  (required time - arrival time)
  Source:                 block/d_err1_reg/C
                            (rising edge-triggered cell FDRE clocked by clk  {rise@0.000ns fall@5.000ns period=10.000ns})
  Destination:            block/request_registered.d_en_reg/D
                            (rising edge-triggered cell FDRE clocked by clk  {rise@0.000ns fall@5.000ns period=10.000ns})
  Path Group:             clk
  Path Type:              Setup (Max at Slow Process Corner)
  Requirement:            10.000ns  (clk rise@10.000ns - clk rise@0.000ns)
  Data Path Delay:        3.894ns  (logic 1.090ns (27.992%)  route 2.804ns (72.008%))
  Logic Levels:           4  (LUT2=1 LUT6=3)
  Clock Path Skew:        -0.049ns (DCD - SCD + CPR)
    Destination Clock Delay (DCD):    0.924ns = ( 10.924 - 10.000 ) 
    Source Clock Delay      (SCD):    0.973ns
    Clock Pessimism Removal (CPR):    0.000ns
  Clock Uncertainty:      0.035ns  ((TSJ^2 + TIJ^2)^1/2 + DJ) / 2 + PE
    Total System Jitter     (TSJ):    0.071ns
    Total Input Jitter      (TIJ):    0.000ns
    Discrete Jitter          (DJ):    0.000ns
    Phase Error              (PE):    0.000ns

    Location             Delay type                Incr(ns)  Path(ns)    Netlist Resource(s)
  -------------------------------------------------------------------    -------------------
                         (clock clk rise edge)        0.000     0.000 r  
                                                      0.000     0.000 r  clk (IN)
                         net (fo=1202, unset)         0.973     0.973    block/clk
    SLICE_X40Y16         FDRE                                         r  block/d_err1_reg/C
  -------------------------------------------------------------------    -------------------
    SLICE_X40Y16         FDRE (Prop_fdre_C_Q)         0.419     1.392 f  block/d_err1_reg/Q
                         net (fo=6, routed)           0.821     2.213    block/core/fetch/d_err1
    SLICE_X40Y14                                                      f  block/core/fetch/m1[valid]_i_6/I0
    SLICE_X40Y14         LUT6 (Prop_lut6_I0_O)        0.299     2.512 f  block/core/fetch/m1[valid]_i_6/O
                         net (fo=4, routed)           0.673     3.186    block/core/fetch_n_86
    SLICE_X37Y14                                                      f  block/core/d_v1_i_2/I5
    SLICE_X37Y14         LUT6 (Prop_lut6_I5_O)        0.124     3.310 r  block/core/d_v1_i_2/O
                         net (fo=1, routed)           0.565     3.875    block/core/d_v1_i_2_n_0
    SLICE_X39Y14                                                      r  block/core/d_v1_i_1/I3
    SLICE_X39Y14         LUT6 (Prop_lut6_I3_O)        0.124     3.999 r  block/core/d_v1_i_1/O
                         net (fo=2, routed)           0.744     4.743    block/core/d_req_valid
    SLICE_X40Y16                                                      r  block/core/request_registered.d_en_i_1/I0
    SLICE_X40Y16         LUT2 (Prop_lut2_I0_O)        0.124     4.867 r  block/core/request_registered.d_en_i_1/O
                         net (fo=1, routed)           0.000     4.867    block/request_registered.d_en0
    SLICE_X40Y16         FDRE                                         r  block/request_registered.d_en_reg/D
  -------------------------------------------------------------------    -------------------

                         (clock clk rise edge)       10.000    10.000 r  
                                                      0.000    10.000 r  clk (IN)
                         net (fo=1202, unset)         0.924    10.924    block/clk
    SLICE_X40Y16         FDRE                                         r  block/request_registered.d_en_reg/C
                         clock pessimism              0.000    10.924    
                         clock uncertainty           -0.035    10.889    
    SLICE_X40Y16         FDRE (Setup_fdre_C_D)        0.031    10.920    block/request_registered.d_en_reg
  -------------------------------------------------------------------
                         required time                         10.920    
                         arrival time                          -4.867    
  -------------------------------------------------------------------
                         slack                                  6.053    





NAMED label=d_rsp_valid_worst slack_ns=2.472 from=block/d_v2_reg/C to=block/core/e_rs2v_reg[22]/CE levels=5
Copyright 1986-2022 Xilinx, Inc. All Rights Reserved. Copyright 2022-2025 Advanced Micro Devices, Inc. All Rights Reserved.
----------------------------------------------------------------------------------------------------------------------------------------------------------------------------------------
| Tool Version : Vivado v.2025.1 (lin64) Build 6140274 Wed May 21 22:58:25 MDT 2025
| Date         : Thu Oct  1 12:25:57 2026
| Host         : gondor running 64-bit Ubuntu 24.04.5 LTS
| Command      : report_timing -of_objects [get_timing_paths -setup -from [get_cells -hier -quiet -filter {NAME =~ *d_v2_reg* && IS_SEQUENTIAL}] -max_paths 1 -nworst 1] -return_string
| Design       : timing_aster_bram_reqreg
| Device       : 7z020-clg400
| Speed File   : -1  PRODUCTION 1.12 2019-11-22
| Design State : Routed
----------------------------------------------------------------------------------------------------------------------------------------------------------------------------------------

Timing Report

Slack (MET) :             2.472ns  (required time - arrival time)
  Source:                 block/d_v2_reg/C
                            (rising edge-triggered cell FDRE clocked by clk  {rise@0.000ns fall@5.000ns period=10.000ns})
  Destination:            block/core/e_rs2v_reg[22]/CE
                            (rising edge-triggered cell FDRE clocked by clk  {rise@0.000ns fall@5.000ns period=10.000ns})
  Path Group:             clk
  Path Type:              Setup (Max at Slow Process Corner)
  Requirement:            10.000ns  (clk rise@10.000ns - clk rise@0.000ns)
  Data Path Delay:        7.239ns  (logic 1.540ns (21.273%)  route 5.699ns (78.727%))
  Logic Levels:           5  (LUT2=2 LUT4=2 LUT6=1)
  Clock Path Skew:        -0.049ns (DCD - SCD + CPR)
    Destination Clock Delay (DCD):    0.924ns = ( 10.924 - 10.000 ) 
    Source Clock Delay      (SCD):    0.973ns
    Clock Pessimism Removal (CPR):    0.000ns
  Clock Uncertainty:      0.035ns  ((TSJ^2 + TIJ^2)^1/2 + DJ) / 2 + PE
    Total System Jitter     (TSJ):    0.071ns
    Total Input Jitter      (TIJ):    0.000ns
    Discrete Jitter          (DJ):    0.000ns
    Phase Error              (PE):    0.000ns

    Location             Delay type                Incr(ns)  Path(ns)    Netlist Resource(s)
  -------------------------------------------------------------------    -------------------
                         (clock clk rise edge)        0.000     0.000 r  
                                                      0.000     0.000 r  clk (IN)
                         net (fo=1202, unset)         0.973     0.973    block/clk
    SLICE_X41Y14         FDRE                                         r  block/d_v2_reg/C
  -------------------------------------------------------------------    -------------------
    SLICE_X41Y14         FDRE (Prop_fdre_C_Q)         0.456     1.429 f  block/d_v2_reg/Q
                         net (fo=12, routed)          0.893     2.322    block/core/d_v2
    SLICE_X40Y13                                                      f  block/core/m2[valid]_i_2/I2
    SLICE_X40Y13         LUT4 (Prop_lut4_I2_O)        0.152     2.474 f  block/core/m2[valid]_i_2/O
                         net (fo=57, routed)          0.545     3.019    block/core/m2_free
    SLICE_X41Y14                                                      f  block/core/halted_i_2/I3
    SLICE_X41Y14         LUT4 (Prop_lut4_I3_O)        0.332     3.351 f  block/core/halted_i_2/O
                         net (fo=13, routed)          0.751     4.101    block/core/kill
    SLICE_X37Y15                                                      f  block/core/m1[valid]_i_1/I0
    SLICE_X37Y15         LUT2 (Prop_lut2_I0_O)        0.150     4.251 f  block/core/m1[valid]_i_1/O
                         net (fo=45, routed)          0.982     5.234    block/core/rst_n_0
    SLICE_X39Y25                                                      f  block/core/e_dec[rd][4]_i_2/I1
    SLICE_X39Y25         LUT2 (Prop_lut2_I1_O)        0.326     5.560 r  block/core/e_dec[rd][4]_i_2/O
                         net (fo=94, routed)          0.832     6.391    block/core/e_dec
    SLICE_X39Y16                                                      r  block/core/e_rs2v[31]_i_2/I5
    SLICE_X39Y16         LUT6 (Prop_lut6_I5_O)        0.124     6.515 r  block/core/e_rs2v[31]_i_2/O
                         net (fo=32, routed)          1.697     8.212    block/core/e_rs2v[31]_i_2_n_0
    SLICE_X27Y35         FDRE                                         r  block/core/e_rs2v_reg[22]/CE
  -------------------------------------------------------------------    -------------------

                         (clock clk rise edge)       10.000    10.000 r  
                                                      0.000    10.000 r  clk (IN)
                         net (fo=1202, unset)         0.924    10.924    block/core/clk
    SLICE_X27Y35         FDRE                                         r  block/core/e_rs2v_reg[22]/C
                         clock pessimism              0.000    10.924    
                         clock uncertainty           -0.035    10.889    
    SLICE_X27Y35         FDRE (Setup_fdre_C_CE)      -0.205    10.684    block/core/e_rs2v_reg[22]
  -------------------------------------------------------------------
                         required time                         10.684    
                         arrival time                          -8.212    
  -------------------------------------------------------------------
                         slack                                  2.472    





NAMED label=d_rsp_error_worst slack_ns=3.005 from=block/d_err1_reg/C to=block/core/e_rs2v_reg[22]/CE levels=5
Copyright 1986-2022 Xilinx, Inc. All Rights Reserved. Copyright 2022-2025 Advanced Micro Devices, Inc. All Rights Reserved.
------------------------------------------------------------------------------------------------------------------------------------------------------------------------------------------
| Tool Version : Vivado v.2025.1 (lin64) Build 6140274 Wed May 21 22:58:25 MDT 2025
| Date         : Thu Oct  1 12:25:57 2026
| Host         : gondor running 64-bit Ubuntu 24.04.5 LTS
| Command      : report_timing -of_objects [get_timing_paths -setup -from [get_cells -hier -quiet -filter {NAME =~ *d_err1_reg* && IS_SEQUENTIAL}] -max_paths 1 -nworst 1] -return_string
| Design       : timing_aster_bram_reqreg
| Device       : 7z020-clg400
| Speed File   : -1  PRODUCTION 1.12 2019-11-22
| Design State : Routed
------------------------------------------------------------------------------------------------------------------------------------------------------------------------------------------

Timing Report

Slack (MET) :             3.005ns  (required time - arrival time)
  Source:                 block/d_err1_reg/C
                            (rising edge-triggered cell FDRE clocked by clk  {rise@0.000ns fall@5.000ns period=10.000ns})
  Destination:            block/core/e_rs2v_reg[22]/CE
                            (rising edge-triggered cell FDRE clocked by clk  {rise@0.000ns fall@5.000ns period=10.000ns})
  Path Group:             clk
  Path Type:              Setup (Max at Slow Process Corner)
  Requirement:            10.000ns  (clk rise@10.000ns - clk rise@0.000ns)
  Data Path Delay:        6.706ns  (logic 1.665ns (24.827%)  route 5.041ns (75.173%))
  Logic Levels:           5  (LUT2=2 LUT4=2 LUT6=1)
  Clock Path Skew:        -0.049ns (DCD - SCD + CPR)
    Destination Clock Delay (DCD):    0.924ns = ( 10.924 - 10.000 ) 
    Source Clock Delay      (SCD):    0.973ns
    Clock Pessimism Removal (CPR):    0.000ns
  Clock Uncertainty:      0.035ns  ((TSJ^2 + TIJ^2)^1/2 + DJ) / 2 + PE
    Total System Jitter     (TSJ):    0.071ns
    Total Input Jitter      (TIJ):    0.000ns
    Discrete Jitter          (DJ):    0.000ns
    Phase Error              (PE):    0.000ns

    Location             Delay type                Incr(ns)  Path(ns)    Netlist Resource(s)
  -------------------------------------------------------------------    -------------------
                         (clock clk rise edge)        0.000     0.000 r  
                                                      0.000     0.000 r  clk (IN)
                         net (fo=1202, unset)         0.973     0.973    block/clk
    SLICE_X40Y16         FDRE                                         r  block/d_err1_reg/C
  -------------------------------------------------------------------    -------------------
    SLICE_X40Y16         FDRE (Prop_fdre_C_Q)         0.419     1.392 f  block/d_err1_reg/Q
                         net (fo=6, routed)           0.625     2.017    block/core/d_err1
    SLICE_X41Y14                                                      f  block/core/m1_err_held_i_1/I0
    SLICE_X41Y14         LUT4 (Prop_lut4_I0_O)        0.293     2.310 f  block/core/m1_err_held_i_1/O
                         net (fo=2, routed)           0.154     2.465    block/core/m1_bus_err
    SLICE_X41Y14                                                      f  block/core/halted_i_2/I1
    SLICE_X41Y14         LUT4 (Prop_lut4_I1_O)        0.353     2.818 f  block/core/halted_i_2/O
                         net (fo=13, routed)          0.751     3.568    block/core/kill
    SLICE_X37Y15                                                      f  block/core/m1[valid]_i_1/I0
    SLICE_X37Y15         LUT2 (Prop_lut2_I0_O)        0.150     3.718 f  block/core/m1[valid]_i_1/O
                         net (fo=45, routed)          0.982     4.700    block/core/rst_n_0
    SLICE_X39Y25                                                      f  block/core/e_dec[rd][4]_i_2/I1
    SLICE_X39Y25         LUT2 (Prop_lut2_I1_O)        0.326     5.026 r  block/core/e_dec[rd][4]_i_2/O
                         net (fo=94, routed)          0.832     5.858    block/core/e_dec
    SLICE_X39Y16                                                      r  block/core/e_rs2v[31]_i_2/I5
    SLICE_X39Y16         LUT6 (Prop_lut6_I5_O)        0.124     5.982 r  block/core/e_rs2v[31]_i_2/O
                         net (fo=32, routed)          1.697     7.679    block/core/e_rs2v[31]_i_2_n_0
    SLICE_X27Y35         FDRE                                         r  block/core/e_rs2v_reg[22]/CE
  -------------------------------------------------------------------    -------------------

                         (clock clk rise edge)       10.000    10.000 r  
                                                      0.000    10.000 r  clk (IN)
                         net (fo=1202, unset)         0.924    10.924    block/core/clk
    SLICE_X27Y35         FDRE                                         r  block/core/e_rs2v_reg[22]/C
                         clock pessimism              0.000    10.924    
                         clock uncertainty           -0.035    10.889    
    SLICE_X27Y35         FDRE (Setup_fdre_C_CE)      -0.205    10.684    block/core/e_rs2v_reg[22]
  -------------------------------------------------------------------
                         required time                         10.684    
                         arrival time                          -7.679    
  -------------------------------------------------------------------
                         slack                                  3.005    





