Copyright 1986-2022 Xilinx, Inc. All Rights Reserved. Copyright 2022-2025 Advanced Micro Devices, Inc. All Rights Reserved.
---------------------------------------------------------------------------------------------------------------------------------------------
| Tool Version : Vivado v.2025.1 (lin64) Build 6140274 Wed May 21 22:58:25 MDT 2025
| Date         : Thu Oct  1 12:25:56 2026
| Host         : gondor running 64-bit Ubuntu 24.04.5 LTS
| Command      : report_timing_summary -max_paths 10 -file /home/elfo/Documents/Aster/build/timing/fpga/aster_bram_reqreg/timing_summary.rpt
| Design       : timing_aster_bram_reqreg
| Device       : 7z020-clg400
| Speed File   : -1  PRODUCTION 1.12 2019-11-22
| Design State : Routed
---------------------------------------------------------------------------------------------------------------------------------------------

Timing Summary Report

------------------------------------------------------------------------------------------------
| Timer Settings
| --------------
------------------------------------------------------------------------------------------------

  Enable Multi Corner Analysis               :  Yes
  Enable Pessimism Removal                   :  Yes
  Pessimism Removal Resolution               :  Nearest Common Node
  Enable Input Delay Default Clock           :  No
  Enable Preset / Clear Arcs                 :  No
  Disable Flight Delays                      :  No
  Ignore I/O Paths                           :  No
  Timing Early Launch at Borrowing Latches   :  No
  Borrow Time for Max Delay Exceptions       :  Yes
  Merge Timing Exceptions                    :  Yes
  Inter-SLR Compensation                     :  Conservative

  Corner  Analyze    Analyze    
  Name    Max Paths  Min Paths  
  ------  ---------  ---------  
  Slow    Yes        Yes        
  Fast    Yes        Yes        


------------------------------------------------------------------------------------------------
| Report Methodology
| ------------------
------------------------------------------------------------------------------------------------

No report available as report_methodology has not been run prior. Run report_methodology on the current design for the summary of methodology violations.



check_timing report

Table of Contents
-----------------
1. checking no_clock (0)
2. checking constant_clock (0)
3. checking pulse_width_clock (0)
4. checking unconstrained_internal_endpoints (0)
5. checking no_input_delay (1)
6. checking no_output_delay (33)
7. checking multiple_clock (0)
8. checking generated_clocks (0)
9. checking loops (0)
10. checking partial_input_delay (0)
11. checking partial_output_delay (0)
12. checking latch_loops (0)

1. checking no_clock (0)
------------------------
 There are 0 register/latch pins with no clock.


2. checking constant_clock (0)
------------------------------
 There are 0 register/latch pins with constant_clock.


3. checking pulse_width_clock (0)
---------------------------------
 There are 0 register/latch pins which need pulse_width check


4. checking unconstrained_internal_endpoints (0)
------------------------------------------------
 There are 0 pins that are not constrained for maximum delay.

 There are 0 pins that are not constrained for maximum delay due to constant clock.


5. checking no_input_delay (1)
------------------------------
 There is 1 input port with no input delay specified. (HIGH)

 There are 0 input ports with no input delay but user has a false path constraint.


6. checking no_output_delay (33)
--------------------------------
 There are 33 ports with no output delay specified. (HIGH)

 There are 0 ports with no output delay but user has a false path constraint

 There are 0 ports with no output delay but with a timing clock defined on it or propagating through it


7. checking multiple_clock (0)
------------------------------
 There are 0 register/latch pins with multiple clocks.


8. checking generated_clocks (0)
--------------------------------
 There are 0 generated clocks that are not connected to a clock source.


9. checking loops (0)
---------------------
 There are 0 combinational loops in the design.


10. checking partial_input_delay (0)
------------------------------------
 There are 0 input ports with partial input delay specified.


11. checking partial_output_delay (0)
-------------------------------------
 There are 0 ports with partial output delay specified.


12. checking latch_loops (0)
----------------------------
 There are 0 combinational latch loops in the design through latch input



------------------------------------------------------------------------------------------------
| Design Timing Summary
| ---------------------
------------------------------------------------------------------------------------------------

    WNS(ns)      TNS(ns)  TNS Failing Endpoints  TNS Total Endpoints      WHS(ns)      THS(ns)  THS Failing Endpoints  THS Total Endpoints     WPWS(ns)     TPWS(ns)  TPWS Failing Endpoints  TPWS Total Endpoints  
    -------      -------  ---------------------  -------------------      -------      -------  ---------------------  -------------------     --------     --------  ----------------------  --------------------  
      0.590        0.000                      0                 4107        0.108        0.000                      0                 4107        3.750        0.000                       0                  1203  


All user specified timing constraints are met.


------------------------------------------------------------------------------------------------
| Clock Summary
| -------------
------------------------------------------------------------------------------------------------

Clock  Waveform(ns)       Period(ns)      Frequency(MHz)
-----  ------------       ----------      --------------
clk    {0.000 5.000}      10.000          100.000         


------------------------------------------------------------------------------------------------
| Intra Clock Table
| -----------------
------------------------------------------------------------------------------------------------

Clock             WNS(ns)      TNS(ns)  TNS Failing Endpoints  TNS Total Endpoints      WHS(ns)      THS(ns)  THS Failing Endpoints  THS Total Endpoints     WPWS(ns)     TPWS(ns)  TPWS Failing Endpoints  TPWS Total Endpoints  
-----             -------      -------  ---------------------  -------------------      -------      -------  ---------------------  -------------------     --------     --------  ----------------------  --------------------  
clk                 0.590        0.000                      0                 4107        0.108        0.000                      0                 4107        3.750        0.000                       0                  1203  


------------------------------------------------------------------------------------------------
| Inter Clock Table
| -----------------
------------------------------------------------------------------------------------------------

From Clock    To Clock          WNS(ns)      TNS(ns)  TNS Failing Endpoints  TNS Total Endpoints      WHS(ns)      THS(ns)  THS Failing Endpoints  THS Total Endpoints  
----------    --------          -------      -------  ---------------------  -------------------      -------      -------  ---------------------  -------------------  


------------------------------------------------------------------------------------------------
| Other Path Groups Table
| -----------------------
------------------------------------------------------------------------------------------------

Path Group    From Clock    To Clock          WNS(ns)      TNS(ns)  TNS Failing Endpoints  TNS Total Endpoints      WHS(ns)      THS(ns)  THS Failing Endpoints  THS Total Endpoints  
----------    ----------    --------          -------      -------  ---------------------  -------------------      -------      -------  ---------------------  -------------------  


------------------------------------------------------------------------------------------------
| Timing Details
| --------------
------------------------------------------------------------------------------------------------


---------------------------------------------------------------------------------------------------
From Clock:  clk
  To Clock:  clk

Setup :            0  Failing Endpoints,  Worst Slack        0.590ns,  Total Violation        0.000ns
Hold  :            0  Failing Endpoints,  Worst Slack        0.108ns,  Total Violation        0.000ns
PW    :            0  Failing Endpoints,  Worst Slack        3.750ns,  Total Violation        0.000ns
---------------------------------------------------------------------------------------------------


Max Delay Paths
--------------------------------------------------------------------------------------
Slack (MET) :             0.590ns  (required time - arrival time)
  Source:                 block/core/fsel1_reg[1]/C
                            (rising edge-triggered cell FDRE clocked by clk  {rise@0.000ns fall@5.000ns period=10.000ns})
  Destination:            block/core/m1_reg[mul]/D
                            (rising edge-triggered cell FDRE clocked by clk  {rise@0.000ns fall@5.000ns period=10.000ns})
  Path Group:             clk
  Path Type:              Setup (Max at Slow Process Corner)
  Requirement:            10.000ns  (clk rise@10.000ns - clk rise@0.000ns)
  Data Path Delay:        9.407ns  (logic 2.678ns (28.467%)  route 6.729ns (71.533%))
  Logic Levels:           9  (CARRY4=2 LUT2=1 LUT4=1 LUT5=1 LUT6=4)
  Clock Path Skew:        -0.049ns (DCD - SCD + CPR)
    Destination Clock Delay (DCD):    0.924ns = ( 10.924 - 10.000 ) 
    Source Clock Delay      (SCD):    0.973ns
    Clock Pessimism Removal (CPR):    0.000ns
  Clock Uncertainty:      0.035ns  ((TSJ^2 + TIJ^2)^1/2 + DJ) / 2 + PE
    Total System Jitter     (TSJ):    0.071ns
    Total Input Jitter      (TIJ):    0.000ns
    Discrete Jitter          (DJ):    0.000ns
    Phase Error              (PE):    0.000ns

    Location             Delay type                Incr(ns)  Path(ns)    Netlist Resource(s)
  -------------------------------------------------------------------    -------------------
                         (clock clk rise edge)        0.000     0.000 r  
                                                      0.000     0.000 r  clk (IN)
                         net (fo=1202, unset)         0.973     0.973    block/core/clk
    SLICE_X33Y27         FDRE                                         r  block/core/fsel1_reg[1]/C
  -------------------------------------------------------------------    -------------------
    SLICE_X33Y27         FDRE (Prop_fdre_C_Q)         0.419     1.392 r  block/core/fsel1_reg[1]/Q
                         net (fo=32, routed)          1.207     2.599    block/core/fetch/m1_reg[rs1v][31][1]
    SLICE_X30Y31         LUT4 (Prop_lut4_I1_O)        0.296     2.895 r  block/core/fetch/m1[rs1v][17]_i_2/O
                         net (fo=2, routed)           1.181     4.076    block/core/fetch/w_reg[result][17]
    SLICE_X32Y33         LUT5 (Prop_lut5_I4_O)        0.152     4.228 r  block/core/fetch/m1[rs1v][17]_i_1/O
                         net (fo=18, routed)          1.325     5.553    block/core/fetch/fsel1_reg[0]_22
    SLICE_X27Y32         LUT6 (Prop_lut6_I0_O)        0.348     5.901 r  block/core/fetch/squash_i_87/O
                         net (fo=1, routed)           0.000     5.901    block/core/fetch/squash_i_87_n_0
    SLICE_X27Y32         CARRY4 (Prop_carry4_S[1]_CO[3])
                                                      0.550     6.451 r  block/core/fetch/squash_reg_i_48/CO[3]
                         net (fo=1, routed)           0.000     6.451    block/core/fetch/squash_reg_i_48_n_0
    SLICE_X27Y33         CARRY4 (Prop_carry4_CI_CO[2])
                                                      0.228     6.679 f  block/core/fetch/squash_reg_i_13/CO[2]
                         net (fo=1, routed)           0.808     7.487    block/core/fetch/squash_reg_i_13_n_1
    SLICE_X28Y30         LUT6 (Prop_lut6_I5_O)        0.313     7.800 f  block/core/fetch/squash_i_4/O
                         net (fo=1, routed)           0.416     8.216    block/core/fetch/squash_i_4_n_0
    SLICE_X30Y29         LUT6 (Prop_lut6_I3_O)        0.124     8.340 f  block/core/fetch/squash_i_2/O
                         net (fo=2, routed)           1.198     9.537    block/core/e_taken
    SLICE_X38Y16         LUT6 (Prop_lut6_I0_O)        0.124     9.661 f  block/core/m1[trap]_i_1/O
                         net (fo=5, routed)           0.595    10.256    block/core/e_slot[trap]
    SLICE_X38Y14         LUT2 (Prop_lut2_I1_O)        0.124    10.380 r  block/core/m1[mul]_i_1/O
                         net (fo=1, routed)           0.000    10.380    block/core/e_slot[mul]
    SLICE_X38Y14         FDRE                                         r  block/core/m1_reg[mul]/D
  -------------------------------------------------------------------    -------------------

                         (clock clk rise edge)       10.000    10.000 r  
                                                      0.000    10.000 r  clk (IN)
                         net (fo=1202, unset)         0.924    10.924    block/core/clk
    SLICE_X38Y14         FDRE                                         r  block/core/m1_reg[mul]/C
                         clock pessimism              0.000    10.924    
                         clock uncertainty           -0.035    10.889    
    SLICE_X38Y14         FDRE (Setup_fdre_C_D)        0.081    10.970    block/core/m1_reg[mul]
  -------------------------------------------------------------------
                         required time                         10.970    
                         arrival time                         -10.380    
  -------------------------------------------------------------------
                         slack                                  0.590    

Slack (MET) :             0.597ns  (required time - arrival time)
  Source:                 block/core/fsel1_reg[1]/C
                            (rising edge-triggered cell FDRE clocked by clk  {rise@0.000ns fall@5.000ns period=10.000ns})
  Destination:            block/core/m1_reg[late]/D
                            (rising edge-triggered cell FDRE clocked by clk  {rise@0.000ns fall@5.000ns period=10.000ns})
  Path Group:             clk
  Path Type:              Setup (Max at Slow Process Corner)
  Requirement:            10.000ns  (clk rise@10.000ns - clk rise@0.000ns)
  Data Path Delay:        9.396ns  (logic 2.678ns (28.500%)  route 6.718ns (71.500%))
  Logic Levels:           9  (CARRY4=2 LUT3=1 LUT4=1 LUT5=1 LUT6=4)
  Clock Path Skew:        -0.049ns (DCD - SCD + CPR)
    Destination Clock Delay (DCD):    0.924ns = ( 10.924 - 10.000 ) 
    Source Clock Delay      (SCD):    0.973ns
    Clock Pessimism Removal (CPR):    0.000ns
  Clock Uncertainty:      0.035ns  ((TSJ^2 + TIJ^2)^1/2 + DJ) / 2 + PE
    Total System Jitter     (TSJ):    0.071ns
    Total Input Jitter      (TIJ):    0.000ns
    Discrete Jitter          (DJ):    0.000ns
    Phase Error              (PE):    0.000ns

    Location             Delay type                Incr(ns)  Path(ns)    Netlist Resource(s)
  -------------------------------------------------------------------    -------------------
                         (clock clk rise edge)        0.000     0.000 r  
                                                      0.000     0.000 r  clk (IN)
                         net (fo=1202, unset)         0.973     0.973    block/core/clk
    SLICE_X33Y27         FDRE                                         r  block/core/fsel1_reg[1]/C
  -------------------------------------------------------------------    -------------------
    SLICE_X33Y27         FDRE (Prop_fdre_C_Q)         0.419     1.392 r  block/core/fsel1_reg[1]/Q
                         net (fo=32, routed)          1.207     2.599    block/core/fetch/m1_reg[rs1v][31][1]
    SLICE_X30Y31         LUT4 (Prop_lut4_I1_O)        0.296     2.895 r  block/core/fetch/m1[rs1v][17]_i_2/O
                         net (fo=2, routed)           1.181     4.076    block/core/fetch/w_reg[result][17]
    SLICE_X32Y33         LUT5 (Prop_lut5_I4_O)        0.152     4.228 r  block/core/fetch/m1[rs1v][17]_i_1/O
                         net (fo=18, routed)          1.325     5.553    block/core/fetch/fsel1_reg[0]_22
    SLICE_X27Y32         LUT6 (Prop_lut6_I0_O)        0.348     5.901 r  block/core/fetch/squash_i_87/O
                         net (fo=1, routed)           0.000     5.901    block/core/fetch/squash_i_87_n_0
    SLICE_X27Y32         CARRY4 (Prop_carry4_S[1]_CO[3])
                                                      0.550     6.451 r  block/core/fetch/squash_reg_i_48/CO[3]
                         net (fo=1, routed)           0.000     6.451    block/core/fetch/squash_reg_i_48_n_0
    SLICE_X27Y33         CARRY4 (Prop_carry4_CI_CO[2])
                                                      0.228     6.679 f  block/core/fetch/squash_reg_i_13/CO[2]
                         net (fo=1, routed)           0.808     7.487    block/core/fetch/squash_reg_i_13_n_1
    SLICE_X28Y30         LUT6 (Prop_lut6_I5_O)        0.313     7.800 f  block/core/fetch/squash_i_4/O
                         net (fo=1, routed)           0.416     8.216    block/core/fetch/squash_i_4_n_0
    SLICE_X30Y29         LUT6 (Prop_lut6_I3_O)        0.124     8.340 f  block/core/fetch/squash_i_2/O
                         net (fo=2, routed)           1.198     9.537    block/core/e_taken
    SLICE_X38Y16         LUT6 (Prop_lut6_I0_O)        0.124     9.661 f  block/core/m1[trap]_i_1/O
                         net (fo=5, routed)           0.584    10.245    block/core/e_slot[trap]
    SLICE_X38Y14         LUT3 (Prop_lut3_I2_O)        0.124    10.369 r  block/core/m1[late]_i_1/O
                         net (fo=1, routed)           0.000    10.369    block/core/e_slot[late]
    SLICE_X38Y14         FDRE                                         r  block/core/m1_reg[late]/D
  -------------------------------------------------------------------    -------------------

                         (clock clk rise edge)       10.000    10.000 r  
                                                      0.000    10.000 r  clk (IN)
                         net (fo=1202, unset)         0.924    10.924    block/core/clk
    SLICE_X38Y14         FDRE                                         r  block/core/m1_reg[late]/C
                         clock pessimism              0.000    10.924    
                         clock uncertainty           -0.035    10.889    
    SLICE_X38Y14         FDRE (Setup_fdre_C_D)        0.077    10.966    block/core/m1_reg[late]
  -------------------------------------------------------------------
                         required time                         10.966    
                         arrival time                         -10.369    
  -------------------------------------------------------------------
                         slack                                  0.597    

Slack (MET) :             0.634ns  (required time - arrival time)
  Source:                 block/core/fsel1_reg[1]/C
                            (rising edge-triggered cell FDRE clocked by clk  {rise@0.000ns fall@5.000ns period=10.000ns})
  Destination:            block/core/m1_reg[writes_rd]/D
                            (rising edge-triggered cell FDRE clocked by clk  {rise@0.000ns fall@5.000ns period=10.000ns})
  Path Group:             clk
  Path Type:              Setup (Max at Slow Process Corner)
  Requirement:            10.000ns  (clk rise@10.000ns - clk rise@0.000ns)
  Data Path Delay:        9.400ns  (logic 2.671ns (28.414%)  route 6.729ns (71.586%))
  Logic Levels:           9  (CARRY4=2 LUT2=1 LUT4=1 LUT5=1 LUT6=4)
  Clock Path Skew:        -0.049ns (DCD - SCD + CPR)
    Destination Clock Delay (DCD):    0.924ns = ( 10.924 - 10.000 ) 
    Source Clock Delay      (SCD):    0.973ns
    Clock Pessimism Removal (CPR):    0.000ns
  Clock Uncertainty:      0.035ns  ((TSJ^2 + TIJ^2)^1/2 + DJ) / 2 + PE
    Total System Jitter     (TSJ):    0.071ns
    Total Input Jitter      (TIJ):    0.000ns
    Discrete Jitter          (DJ):    0.000ns
    Phase Error              (PE):    0.000ns

    Location             Delay type                Incr(ns)  Path(ns)    Netlist Resource(s)
  -------------------------------------------------------------------    -------------------
                         (clock clk rise edge)        0.000     0.000 r  
                                                      0.000     0.000 r  clk (IN)
                         net (fo=1202, unset)         0.973     0.973    block/core/clk
    SLICE_X33Y27         FDRE                                         r  block/core/fsel1_reg[1]/C
  -------------------------------------------------------------------    -------------------
    SLICE_X33Y27         FDRE (Prop_fdre_C_Q)         0.419     1.392 r  block/core/fsel1_reg[1]/Q
                         net (fo=32, routed)          1.207     2.599    block/core/fetch/m1_reg[rs1v][31][1]
    SLICE_X30Y31         LUT4 (Prop_lut4_I1_O)        0.296     2.895 r  block/core/fetch/m1[rs1v][17]_i_2/O
                         net (fo=2, routed)           1.181     4.076    block/core/fetch/w_reg[result][17]
    SLICE_X32Y33         LUT5 (Prop_lut5_I4_O)        0.152     4.228 r  block/core/fetch/m1[rs1v][17]_i_1/O
                         net (fo=18, routed)          1.325     5.553    block/core/fetch/fsel1_reg[0]_22
    SLICE_X27Y32         LUT6 (Prop_lut6_I0_O)        0.348     5.901 r  block/core/fetch/squash_i_87/O
                         net (fo=1, routed)           0.000     5.901    block/core/fetch/squash_i_87_n_0
    SLICE_X27Y32         CARRY4 (Prop_carry4_S[1]_CO[3])
                                                      0.550     6.451 r  block/core/fetch/squash_reg_i_48/CO[3]
                         net (fo=1, routed)           0.000     6.451    block/core/fetch/squash_reg_i_48_n_0
    SLICE_X27Y33         CARRY4 (Prop_carry4_CI_CO[2])
                                                      0.228     6.679 f  block/core/fetch/squash_reg_i_13/CO[2]
                         net (fo=1, routed)           0.808     7.487    block/core/fetch/squash_reg_i_13_n_1
    SLICE_X28Y30         LUT6 (Prop_lut6_I5_O)        0.313     7.800 f  block/core/fetch/squash_i_4/O
                         net (fo=1, routed)           0.416     8.216    block/core/fetch/squash_i_4_n_0
    SLICE_X30Y29         LUT6 (Prop_lut6_I3_O)        0.124     8.340 f  block/core/fetch/squash_i_2/O
                         net (fo=2, routed)           1.198     9.537    block/core/e_taken
    SLICE_X38Y16         LUT6 (Prop_lut6_I0_O)        0.124     9.661 f  block/core/m1[trap]_i_1/O
                         net (fo=5, routed)           0.595    10.256    block/core/e_slot[trap]
    SLICE_X38Y14         LUT2 (Prop_lut2_I1_O)        0.117    10.373 r  block/core/m1[writes_rd]_i_1/O
                         net (fo=1, routed)           0.000    10.373    block/core/e_slot[writes_rd]
    SLICE_X38Y14         FDRE                                         r  block/core/m1_reg[writes_rd]/D
  -------------------------------------------------------------------    -------------------

                         (clock clk rise edge)       10.000    10.000 r  
                                                      0.000    10.000 r  clk (IN)
                         net (fo=1202, unset)         0.924    10.924    block/core/clk
    SLICE_X38Y14         FDRE                                         r  block/core/m1_reg[writes_rd]/C
                         clock pessimism              0.000    10.924    
                         clock uncertainty           -0.035    10.889    
    SLICE_X38Y14         FDRE (Setup_fdre_C_D)        0.118    11.007    block/core/m1_reg[writes_rd]
  -------------------------------------------------------------------
                         required time                         11.007    
                         arrival time                         -10.373    
  -------------------------------------------------------------------
                         slack                                  0.634    

Slack (MET) :             0.646ns  (required time - arrival time)
  Source:                 block/core/fsel1_reg[1]/C
                            (rising edge-triggered cell FDRE clocked by clk  {rise@0.000ns fall@5.000ns period=10.000ns})
  Destination:            block/core/m1_reg[load]/D
                            (rising edge-triggered cell FDRE clocked by clk  {rise@0.000ns fall@5.000ns period=10.000ns})
  Path Group:             clk
  Path Type:              Setup (Max at Slow Process Corner)
  Requirement:            10.000ns  (clk rise@10.000ns - clk rise@0.000ns)
  Data Path Delay:        9.388ns  (logic 2.670ns (28.439%)  route 6.718ns (71.561%))
  Logic Levels:           9  (CARRY4=2 LUT2=1 LUT4=1 LUT5=1 LUT6=4)
  Clock Path Skew:        -0.049ns (DCD - SCD + CPR)
    Destination Clock Delay (DCD):    0.924ns = ( 10.924 - 10.000 ) 
    Source Clock Delay      (SCD):    0.973ns
    Clock Pessimism Removal (CPR):    0.000ns
  Clock Uncertainty:      0.035ns  ((TSJ^2 + TIJ^2)^1/2 + DJ) / 2 + PE
    Total System Jitter     (TSJ):    0.071ns
    Total Input Jitter      (TIJ):    0.000ns
    Discrete Jitter          (DJ):    0.000ns
    Phase Error              (PE):    0.000ns

    Location             Delay type                Incr(ns)  Path(ns)    Netlist Resource(s)
  -------------------------------------------------------------------    -------------------
                         (clock clk rise edge)        0.000     0.000 r  
                                                      0.000     0.000 r  clk (IN)
                         net (fo=1202, unset)         0.973     0.973    block/core/clk
    SLICE_X33Y27         FDRE                                         r  block/core/fsel1_reg[1]/C
  -------------------------------------------------------------------    -------------------
    SLICE_X33Y27         FDRE (Prop_fdre_C_Q)         0.419     1.392 r  block/core/fsel1_reg[1]/Q
                         net (fo=32, routed)          1.207     2.599    block/core/fetch/m1_reg[rs1v][31][1]
    SLICE_X30Y31         LUT4 (Prop_lut4_I1_O)        0.296     2.895 r  block/core/fetch/m1[rs1v][17]_i_2/O
                         net (fo=2, routed)           1.181     4.076    block/core/fetch/w_reg[result][17]
    SLICE_X32Y33         LUT5 (Prop_lut5_I4_O)        0.152     4.228 r  block/core/fetch/m1[rs1v][17]_i_1/O
                         net (fo=18, routed)          1.325     5.553    block/core/fetch/fsel1_reg[0]_22
    SLICE_X27Y32         LUT6 (Prop_lut6_I0_O)        0.348     5.901 r  block/core/fetch/squash_i_87/O
                         net (fo=1, routed)           0.000     5.901    block/core/fetch/squash_i_87_n_0
    SLICE_X27Y32         CARRY4 (Prop_carry4_S[1]_CO[3])
                                                      0.550     6.451 r  block/core/fetch/squash_reg_i_48/CO[3]
                         net (fo=1, routed)           0.000     6.451    block/core/fetch/squash_reg_i_48_n_0
    SLICE_X27Y33         CARRY4 (Prop_carry4_CI_CO[2])
                                                      0.228     6.679 f  block/core/fetch/squash_reg_i_13/CO[2]
                         net (fo=1, routed)           0.808     7.487    block/core/fetch/squash_reg_i_13_n_1
    SLICE_X28Y30         LUT6 (Prop_lut6_I5_O)        0.313     7.800 f  block/core/fetch/squash_i_4/O
                         net (fo=1, routed)           0.416     8.216    block/core/fetch/squash_i_4_n_0
    SLICE_X30Y29         LUT6 (Prop_lut6_I3_O)        0.124     8.340 f  block/core/fetch/squash_i_2/O
                         net (fo=2, routed)           1.198     9.537    block/core/e_taken
    SLICE_X38Y16         LUT6 (Prop_lut6_I0_O)        0.124     9.661 f  block/core/m1[trap]_i_1/O
                         net (fo=5, routed)           0.584    10.245    block/core/e_slot[trap]
    SLICE_X38Y14         LUT2 (Prop_lut2_I1_O)        0.116    10.361 r  block/core/m1[load]_i_1/O
                         net (fo=1, routed)           0.000    10.361    block/core/e_slot[load]
    SLICE_X38Y14         FDRE                                         r  block/core/m1_reg[load]/D
  -------------------------------------------------------------------    -------------------

                         (clock clk rise edge)       10.000    10.000 r  
                                                      0.000    10.000 r  clk (IN)
                         net (fo=1202, unset)         0.924    10.924    block/core/clk
    SLICE_X38Y14         FDRE                                         r  block/core/m1_reg[load]/C
                         clock pessimism              0.000    10.924    
                         clock uncertainty           -0.035    10.889    
    SLICE_X38Y14         FDRE (Setup_fdre_C_D)        0.118    11.007    block/core/m1_reg[load]
  -------------------------------------------------------------------
                         required time                         11.007    
                         arrival time                         -10.361    
  -------------------------------------------------------------------
                         slack                                  0.646    

Slack (MET) :             0.662ns  (required time - arrival time)
  Source:                 block/core/fsel1_reg[1]/C
                            (rising edge-triggered cell FDRE clocked by clk  {rise@0.000ns fall@5.000ns period=10.000ns})
  Destination:            block/core/m1_reg[trap]/D
                            (rising edge-triggered cell FDRE clocked by clk  {rise@0.000ns fall@5.000ns period=10.000ns})
  Path Group:             clk
  Path Type:              Setup (Max at Slow Process Corner)
  Requirement:            10.000ns  (clk rise@10.000ns - clk rise@0.000ns)
  Data Path Delay:        9.187ns  (logic 2.554ns (27.799%)  route 6.633ns (72.201%))
  Logic Levels:           8  (CARRY4=2 LUT4=1 LUT5=1 LUT6=4)
  Clock Path Skew:        -0.049ns (DCD - SCD + CPR)
    Destination Clock Delay (DCD):    0.924ns = ( 10.924 - 10.000 ) 
    Source Clock Delay      (SCD):    0.973ns
    Clock Pessimism Removal (CPR):    0.000ns
  Clock Uncertainty:      0.035ns  ((TSJ^2 + TIJ^2)^1/2 + DJ) / 2 + PE
    Total System Jitter     (TSJ):    0.071ns
    Total Input Jitter      (TIJ):    0.000ns
    Discrete Jitter          (DJ):    0.000ns
    Phase Error              (PE):    0.000ns

    Location             Delay type                Incr(ns)  Path(ns)    Netlist Resource(s)
  -------------------------------------------------------------------    -------------------
                         (clock clk rise edge)        0.000     0.000 r  
                                                      0.000     0.000 r  clk (IN)
                         net (fo=1202, unset)         0.973     0.973    block/core/clk
    SLICE_X33Y27         FDRE                                         r  block/core/fsel1_reg[1]/C
  -------------------------------------------------------------------    -------------------
    SLICE_X33Y27         FDRE (Prop_fdre_C_Q)         0.419     1.392 r  block/core/fsel1_reg[1]/Q
                         net (fo=32, routed)          1.207     2.599    block/core/fetch/m1_reg[rs1v][31][1]
    SLICE_X30Y31         LUT4 (Prop_lut4_I1_O)        0.296     2.895 r  block/core/fetch/m1[rs1v][17]_i_2/O
                         net (fo=2, routed)           1.181     4.076    block/core/fetch/w_reg[result][17]
    SLICE_X32Y33         LUT5 (Prop_lut5_I4_O)        0.152     4.228 r  block/core/fetch/m1[rs1v][17]_i_1/O
                         net (fo=18, routed)          1.325     5.553    block/core/fetch/fsel1_reg[0]_22
    SLICE_X27Y32         LUT6 (Prop_lut6_I0_O)        0.348     5.901 r  block/core/fetch/squash_i_87/O
                         net (fo=1, routed)           0.000     5.901    block/core/fetch/squash_i_87_n_0
    SLICE_X27Y32         CARRY4 (Prop_carry4_S[1]_CO[3])
                                                      0.550     6.451 r  block/core/fetch/squash_reg_i_48/CO[3]
                         net (fo=1, routed)           0.000     6.451    block/core/fetch/squash_reg_i_48_n_0
    SLICE_X27Y33         CARRY4 (Prop_carry4_CI_CO[2])
                                                      0.228     6.679 r  block/core/fetch/squash_reg_i_13/CO[2]
                         net (fo=1, routed)           0.808     7.487    block/core/fetch/squash_reg_i_13_n_1
    SLICE_X28Y30         LUT6 (Prop_lut6_I5_O)        0.313     7.800 r  block/core/fetch/squash_i_4/O
                         net (fo=1, routed)           0.416     8.216    block/core/fetch/squash_i_4_n_0
    SLICE_X30Y29         LUT6 (Prop_lut6_I3_O)        0.124     8.340 r  block/core/fetch/squash_i_2/O
                         net (fo=2, routed)           1.198     9.537    block/core/e_taken
    SLICE_X38Y16         LUT6 (Prop_lut6_I0_O)        0.124     9.661 r  block/core/m1[trap]_i_1/O
                         net (fo=5, routed)           0.499    10.160    block/core/e_slot[trap]
    SLICE_X39Y14         FDRE                                         r  block/core/m1_reg[trap]/D
  -------------------------------------------------------------------    -------------------

                         (clock clk rise edge)       10.000    10.000 r  
                                                      0.000    10.000 r  clk (IN)
                         net (fo=1202, unset)         0.924    10.924    block/core/clk
    SLICE_X39Y14         FDRE                                         r  block/core/m1_reg[trap]/C
                         clock pessimism              0.000    10.924    
                         clock uncertainty           -0.035    10.889    
    SLICE_X39Y14         FDRE (Setup_fdre_C_D)       -0.067    10.822    block/core/m1_reg[trap]
  -------------------------------------------------------------------
                         required time                         10.822    
                         arrival time                         -10.160    
  -------------------------------------------------------------------
                         slack                                  0.662    

Slack (MET) :             0.780ns  (required time - arrival time)
  Source:                 block/core/fsel2_reg[1]/C
                            (rising edge-triggered cell FDRE clocked by clk  {rise@0.000ns fall@5.000ns period=10.000ns})
  Destination:            block/core/m1_reg[result][23]/D
                            (rising edge-triggered cell FDRE clocked by clk  {rise@0.000ns fall@5.000ns period=10.000ns})
  Path Group:             clk
  Path Type:              Setup (Max at Slow Process Corner)
  Requirement:            10.000ns  (clk rise@10.000ns - clk rise@0.000ns)
  Data Path Delay:        9.165ns  (logic 2.568ns (28.018%)  route 6.597ns (71.982%))
  Logic Levels:           9  (CARRY4=1 LUT3=1 LUT4=3 LUT5=1 LUT6=3)
  Clock Path Skew:        -0.049ns (DCD - SCD + CPR)
    Destination Clock Delay (DCD):    0.924ns = ( 10.924 - 10.000 ) 
    Source Clock Delay      (SCD):    0.973ns
    Clock Pessimism Removal (CPR):    0.000ns
  Clock Uncertainty:      0.035ns  ((TSJ^2 + TIJ^2)^1/2 + DJ) / 2 + PE
    Total System Jitter     (TSJ):    0.071ns
    Total Input Jitter      (TIJ):    0.000ns
    Discrete Jitter          (DJ):    0.000ns
    Phase Error              (PE):    0.000ns

    Location             Delay type                Incr(ns)  Path(ns)    Netlist Resource(s)
  -------------------------------------------------------------------    -------------------
                         (clock clk rise edge)        0.000     0.000 r  
                                                      0.000     0.000 r  clk (IN)
                         net (fo=1202, unset)         0.973     0.973    block/core/clk
    SLICE_X34Y27         FDRE                                         r  block/core/fsel2_reg[1]/C
  -------------------------------------------------------------------    -------------------
    SLICE_X34Y27         FDRE (Prop_fdre_C_Q)         0.518     1.491 r  block/core/fsel2_reg[1]/Q
                         net (fo=32, routed)          1.465     2.956    block/core/fetch/m1_reg[rs2v][31][1]
    SLICE_X27Y34         LUT4 (Prop_lut4_I1_O)        0.124     3.080 r  block/core/fetch/m1[rs2v][21]_i_2/O
                         net (fo=1, routed)           0.407     3.487    block/core/fetch/m1[rs2v][21]_i_2_n_0
    SLICE_X27Y34         LUT5 (Prop_lut5_I4_O)        0.124     3.611 r  block/core/fetch/m1[rs2v][21]_i_1/O
                         net (fo=14, routed)          1.475     5.086    block/core/fetch_n_122
    SLICE_X37Y28         LUT3 (Prop_lut3_I2_O)        0.152     5.238 r  block/core/m1[result][21]_i_11/O
                         net (fo=7, routed)           0.684     5.922    block/core/m1[result][21]_i_11_n_0
    SLICE_X44Y28         LUT4 (Prop_lut4_I0_O)        0.332     6.254 r  block/core/m1[result][23]_i_23/O
                         net (fo=1, routed)           0.000     6.254    block/core/m1[result][23]_i_23_n_0
    SLICE_X44Y28         CARRY4 (Prop_carry4_S[1]_O[3])
                                                      0.640     6.894 r  block/core/m1_reg[result][23]_i_18/O[3]
                         net (fo=1, routed)           0.606     7.500    block/core/m1_reg[result][23]_i_18_n_4
    SLICE_X43Y28         LUT4 (Prop_lut4_I0_O)        0.306     7.806 r  block/core/m1[result][23]_i_13/O
                         net (fo=1, routed)           0.782     8.588    block/core/m1[result][23]_i_13_n_0
    SLICE_X44Y33         LUT6 (Prop_lut6_I5_O)        0.124     8.712 r  block/core/m1[result][23]_i_7/O
                         net (fo=1, routed)           0.580     9.292    block/core/m1[result][23]_i_7_n_0
    SLICE_X43Y33         LUT6 (Prop_lut6_I4_O)        0.124     9.416 r  block/core/m1[result][23]_i_3/O
                         net (fo=1, routed)           0.599    10.014    block/core/alu[23]
    SLICE_X37Y36         LUT6 (Prop_lut6_I3_O)        0.124    10.138 r  block/core/m1[result][23]_i_1/O
                         net (fo=1, routed)           0.000    10.138    block/core/m1[result][23]_i_1_n_0
    SLICE_X37Y36         FDRE                                         r  block/core/m1_reg[result][23]/D
  -------------------------------------------------------------------    -------------------

                         (clock clk rise edge)       10.000    10.000 r  
                                                      0.000    10.000 r  clk (IN)
                         net (fo=1202, unset)         0.924    10.924    block/core/clk
    SLICE_X37Y36         FDRE                                         r  block/core/m1_reg[result][23]/C
                         clock pessimism              0.000    10.924    
                         clock uncertainty           -0.035    10.889    
    SLICE_X37Y36         FDRE (Setup_fdre_C_D)        0.029    10.918    block/core/m1_reg[result][23]
  -------------------------------------------------------------------
                         required time                         10.918    
                         arrival time                         -10.138    
  -------------------------------------------------------------------
                         slack                                  0.780    

Slack (MET) :             0.884ns  (required time - arrival time)
  Source:                 block/core/fsel2_reg[1]/C
                            (rising edge-triggered cell FDRE clocked by clk  {rise@0.000ns fall@5.000ns period=10.000ns})
  Destination:            block/core/m1_reg[result][24]/D
                            (rising edge-triggered cell FDRE clocked by clk  {rise@0.000ns fall@5.000ns period=10.000ns})
  Path Group:             clk
  Path Type:              Setup (Max at Slow Process Corner)
  Requirement:            10.000ns  (clk rise@10.000ns - clk rise@0.000ns)
  Data Path Delay:        9.109ns  (logic 2.693ns (29.566%)  route 6.416ns (70.434%))
  Logic Levels:           10  (CARRY4=2 LUT3=1 LUT4=3 LUT5=1 LUT6=3)
  Clock Path Skew:        -0.049ns (DCD - SCD + CPR)
    Destination Clock Delay (DCD):    0.924ns = ( 10.924 - 10.000 ) 
    Source Clock Delay      (SCD):    0.973ns
    Clock Pessimism Removal (CPR):    0.000ns
  Clock Uncertainty:      0.035ns  ((TSJ^2 + TIJ^2)^1/2 + DJ) / 2 + PE
    Total System Jitter     (TSJ):    0.071ns
    Total Input Jitter      (TIJ):    0.000ns
    Discrete Jitter          (DJ):    0.000ns
    Phase Error              (PE):    0.000ns

    Location             Delay type                Incr(ns)  Path(ns)    Netlist Resource(s)
  -------------------------------------------------------------------    -------------------
                         (clock clk rise edge)        0.000     0.000 r  
                                                      0.000     0.000 r  clk (IN)
                         net (fo=1202, unset)         0.973     0.973    block/core/clk
    SLICE_X34Y27         FDRE                                         r  block/core/fsel2_reg[1]/C
  -------------------------------------------------------------------    -------------------
    SLICE_X34Y27         FDRE (Prop_fdre_C_Q)         0.518     1.491 r  block/core/fsel2_reg[1]/Q
                         net (fo=32, routed)          1.465     2.956    block/core/fetch/m1_reg[rs2v][31][1]
    SLICE_X27Y34         LUT4 (Prop_lut4_I1_O)        0.124     3.080 r  block/core/fetch/m1[rs2v][21]_i_2/O
                         net (fo=1, routed)           0.407     3.487    block/core/fetch/m1[rs2v][21]_i_2_n_0
    SLICE_X27Y34         LUT5 (Prop_lut5_I4_O)        0.124     3.611 r  block/core/fetch/m1[rs2v][21]_i_1/O
                         net (fo=14, routed)          1.475     5.086    block/core/fetch_n_122
    SLICE_X37Y28         LUT3 (Prop_lut3_I2_O)        0.152     5.238 r  block/core/m1[result][21]_i_11/O
                         net (fo=7, routed)           0.684     5.922    block/core/m1[result][21]_i_11_n_0
    SLICE_X44Y28         LUT4 (Prop_lut4_I0_O)        0.332     6.254 r  block/core/m1[result][23]_i_23/O
                         net (fo=1, routed)           0.000     6.254    block/core/m1[result][23]_i_23_n_0
    SLICE_X44Y28         CARRY4 (Prop_carry4_S[1]_CO[3])
                                                      0.550     6.804 r  block/core/m1_reg[result][23]_i_18/CO[3]
                         net (fo=1, routed)           0.000     6.804    block/core/m1_reg[result][23]_i_18_n_0
    SLICE_X44Y29         CARRY4 (Prop_carry4_CI_O[0])
                                                      0.222     7.026 r  block/core/m1_reg[result][31]_i_35/O[0]
                         net (fo=1, routed)           0.583     7.609    block/core/m1_reg[result][31]_i_35_n_7
    SLICE_X48Y29         LUT4 (Prop_lut4_I0_O)        0.299     7.908 r  block/core/m1[result][24]_i_19/O
                         net (fo=1, routed)           0.668     8.576    block/core/m1[result][24]_i_19_n_0
    SLICE_X47Y33         LUT6 (Prop_lut6_I5_O)        0.124     8.700 r  block/core/m1[result][24]_i_8/O
                         net (fo=1, routed)           0.639     9.339    block/core/m1[result][24]_i_8_n_0
    SLICE_X43Y35         LUT6 (Prop_lut6_I4_O)        0.124     9.463 r  block/core/m1[result][24]_i_3/O
                         net (fo=1, routed)           0.495     9.958    block/core/alu[24]
    SLICE_X42Y35         LUT6 (Prop_lut6_I3_O)        0.124    10.082 r  block/core/m1[result][24]_i_1/O
                         net (fo=1, routed)           0.000    10.082    block/core/m1[result][24]_i_1_n_0
    SLICE_X42Y35         FDRE                                         r  block/core/m1_reg[result][24]/D
  -------------------------------------------------------------------    -------------------

                         (clock clk rise edge)       10.000    10.000 r  
                                                      0.000    10.000 r  clk (IN)
                         net (fo=1202, unset)         0.924    10.924    block/core/clk
    SLICE_X42Y35         FDRE                                         r  block/core/m1_reg[result][24]/C
                         clock pessimism              0.000    10.924    
                         clock uncertainty           -0.035    10.889    
    SLICE_X42Y35         FDRE (Setup_fdre_C_D)        0.077    10.966    block/core/m1_reg[result][24]
  -------------------------------------------------------------------
                         required time                         10.966    
                         arrival time                         -10.082    
  -------------------------------------------------------------------
                         slack                                  0.884    

Slack (MET) :             0.920ns  (required time - arrival time)
  Source:                 block/core/fsel2_reg[1]/C
                            (rising edge-triggered cell FDRE clocked by clk  {rise@0.000ns fall@5.000ns period=10.000ns})
  Destination:            block/core/m1_reg[result][29]/D
                            (rising edge-triggered cell FDRE clocked by clk  {rise@0.000ns fall@5.000ns period=10.000ns})
  Path Group:             clk
  Path Type:              Setup (Max at Slow Process Corner)
  Requirement:            10.000ns  (clk rise@10.000ns - clk rise@0.000ns)
  Data Path Delay:        9.077ns  (logic 2.923ns (32.204%)  route 6.154ns (67.796%))
  Logic Levels:           11  (CARRY4=3 LUT3=1 LUT4=3 LUT5=1 LUT6=3)
  Clock Path Skew:        -0.049ns (DCD - SCD + CPR)
    Destination Clock Delay (DCD):    0.924ns = ( 10.924 - 10.000 ) 
    Source Clock Delay      (SCD):    0.973ns
    Clock Pessimism Removal (CPR):    0.000ns
  Clock Uncertainty:      0.035ns  ((TSJ^2 + TIJ^2)^1/2 + DJ) / 2 + PE
    Total System Jitter     (TSJ):    0.071ns
    Total Input Jitter      (TIJ):    0.000ns
    Discrete Jitter          (DJ):    0.000ns
    Phase Error              (PE):    0.000ns

    Location             Delay type                Incr(ns)  Path(ns)    Netlist Resource(s)
  -------------------------------------------------------------------    -------------------
                         (clock clk rise edge)        0.000     0.000 r  
                                                      0.000     0.000 r  clk (IN)
                         net (fo=1202, unset)         0.973     0.973    block/core/clk
    SLICE_X34Y27         FDRE                                         r  block/core/fsel2_reg[1]/C
  -------------------------------------------------------------------    -------------------
    SLICE_X34Y27         FDRE (Prop_fdre_C_Q)         0.518     1.491 r  block/core/fsel2_reg[1]/Q
                         net (fo=32, routed)          1.465     2.956    block/core/fetch/m1_reg[rs2v][31][1]
    SLICE_X27Y34         LUT4 (Prop_lut4_I1_O)        0.124     3.080 r  block/core/fetch/m1[rs2v][21]_i_2/O
                         net (fo=1, routed)           0.407     3.487    block/core/fetch/m1[rs2v][21]_i_2_n_0
    SLICE_X27Y34         LUT5 (Prop_lut5_I4_O)        0.124     3.611 r  block/core/fetch/m1[rs2v][21]_i_1/O
                         net (fo=14, routed)          1.475     5.086    block/core/fetch_n_122
    SLICE_X37Y28         LUT3 (Prop_lut3_I2_O)        0.152     5.238 r  block/core/m1[result][21]_i_11/O
                         net (fo=7, routed)           0.684     5.922    block/core/m1[result][21]_i_11_n_0
    SLICE_X44Y28         LUT4 (Prop_lut4_I0_O)        0.332     6.254 r  block/core/m1[result][23]_i_23/O
                         net (fo=1, routed)           0.000     6.254    block/core/m1[result][23]_i_23_n_0
    SLICE_X44Y28         CARRY4 (Prop_carry4_S[1]_CO[3])
                                                      0.550     6.804 r  block/core/m1_reg[result][23]_i_18/CO[3]
                         net (fo=1, routed)           0.000     6.804    block/core/m1_reg[result][23]_i_18_n_0
    SLICE_X44Y29         CARRY4 (Prop_carry4_CI_CO[3])
                                                      0.114     6.918 r  block/core/m1_reg[result][31]_i_35/CO[3]
                         net (fo=1, routed)           0.000     6.918    block/core/m1_reg[result][31]_i_35_n_0
    SLICE_X44Y30         CARRY4 (Prop_carry4_CI_O[1])
                                                      0.334     7.252 r  block/core/m1_reg[result][31]_i_21/O[1]
                         net (fo=1, routed)           0.733     7.986    block/core/m1_reg[result][31]_i_21_n_6
    SLICE_X48Y30         LUT4 (Prop_lut4_I0_O)        0.303     8.289 r  block/core/m1[result][29]_i_16/O
                         net (fo=1, routed)           0.623     8.911    block/core/m1[result][29]_i_16_n_0
    SLICE_X46Y34         LUT6 (Prop_lut6_I5_O)        0.124     9.035 r  block/core/m1[result][29]_i_8/O
                         net (fo=1, routed)           0.451     9.486    block/core/m1[result][29]_i_8_n_0
    SLICE_X43Y35         LUT6 (Prop_lut6_I4_O)        0.124     9.610 r  block/core/m1[result][29]_i_3/O
                         net (fo=1, routed)           0.315     9.926    block/core/alu[29]
    SLICE_X38Y35         LUT6 (Prop_lut6_I3_O)        0.124    10.050 r  block/core/m1[result][29]_i_1/O
                         net (fo=1, routed)           0.000    10.050    block/core/m1[result][29]_i_1_n_0
    SLICE_X38Y35         FDRE                                         r  block/core/m1_reg[result][29]/D
  -------------------------------------------------------------------    -------------------

                         (clock clk rise edge)       10.000    10.000 r  
                                                      0.000    10.000 r  clk (IN)
                         net (fo=1202, unset)         0.924    10.924    block/core/clk
    SLICE_X38Y35         FDRE                                         r  block/core/m1_reg[result][29]/C
                         clock pessimism              0.000    10.924    
                         clock uncertainty           -0.035    10.889    
    SLICE_X38Y35         FDRE (Setup_fdre_C_D)        0.081    10.970    block/core/m1_reg[result][29]
  -------------------------------------------------------------------
                         required time                         10.970    
                         arrival time                         -10.050    
  -------------------------------------------------------------------
                         slack                                  0.920    

Slack (MET) :             0.952ns  (required time - arrival time)
  Source:                 block/core/fsel2_reg[1]/C
                            (rising edge-triggered cell FDRE clocked by clk  {rise@0.000ns fall@5.000ns period=10.000ns})
  Destination:            block/core/m1_reg[result][27]/D
                            (rising edge-triggered cell FDRE clocked by clk  {rise@0.000ns fall@5.000ns period=10.000ns})
  Path Group:             clk
  Path Type:              Setup (Max at Slow Process Corner)
  Requirement:            10.000ns  (clk rise@10.000ns - clk rise@0.000ns)
  Data Path Delay:        8.993ns  (logic 2.791ns (31.036%)  route 6.202ns (68.964%))
  Logic Levels:           10  (CARRY4=2 LUT3=1 LUT4=3 LUT5=1 LUT6=3)
  Clock Path Skew:        -0.049ns (DCD - SCD + CPR)
    Destination Clock Delay (DCD):    0.924ns = ( 10.924 - 10.000 ) 
    Source Clock Delay      (SCD):    0.973ns
    Clock Pessimism Removal (CPR):    0.000ns
  Clock Uncertainty:      0.035ns  ((TSJ^2 + TIJ^2)^1/2 + DJ) / 2 + PE
    Total System Jitter     (TSJ):    0.071ns
    Total Input Jitter      (TIJ):    0.000ns
    Discrete Jitter          (DJ):    0.000ns
    Phase Error              (PE):    0.000ns

    Location             Delay type                Incr(ns)  Path(ns)    Netlist Resource(s)
  -------------------------------------------------------------------    -------------------
                         (clock clk rise edge)        0.000     0.000 r  
                                                      0.000     0.000 r  clk (IN)
                         net (fo=1202, unset)         0.973     0.973    block/core/clk
    SLICE_X34Y27         FDRE                                         r  block/core/fsel2_reg[1]/C
  -------------------------------------------------------------------    -------------------
    SLICE_X34Y27         FDRE (Prop_fdre_C_Q)         0.518     1.491 r  block/core/fsel2_reg[1]/Q
                         net (fo=32, routed)          1.465     2.956    block/core/fetch/m1_reg[rs2v][31][1]
    SLICE_X27Y34         LUT4 (Prop_lut4_I1_O)        0.124     3.080 r  block/core/fetch/m1[rs2v][21]_i_2/O
                         net (fo=1, routed)           0.407     3.487    block/core/fetch/m1[rs2v][21]_i_2_n_0
    SLICE_X27Y34         LUT5 (Prop_lut5_I4_O)        0.124     3.611 r  block/core/fetch/m1[rs2v][21]_i_1/O
                         net (fo=14, routed)          1.475     5.086    block/core/fetch_n_122
    SLICE_X37Y28         LUT3 (Prop_lut3_I2_O)        0.152     5.238 r  block/core/m1[result][21]_i_11/O
                         net (fo=7, routed)           0.684     5.922    block/core/m1[result][21]_i_11_n_0
    SLICE_X44Y28         LUT4 (Prop_lut4_I0_O)        0.332     6.254 r  block/core/m1[result][23]_i_23/O
                         net (fo=1, routed)           0.000     6.254    block/core/m1[result][23]_i_23_n_0
    SLICE_X44Y28         CARRY4 (Prop_carry4_S[1]_CO[3])
                                                      0.550     6.804 r  block/core/m1_reg[result][23]_i_18/CO[3]
                         net (fo=1, routed)           0.000     6.804    block/core/m1_reg[result][23]_i_18_n_0
    SLICE_X44Y29         CARRY4 (Prop_carry4_CI_O[3])
                                                      0.313     7.117 r  block/core/m1_reg[result][31]_i_35/O[3]
                         net (fo=1, routed)           0.606     7.723    block/core/m1_reg[result][31]_i_35_n_4
    SLICE_X43Y29         LUT4 (Prop_lut4_I0_O)        0.306     8.029 r  block/core/m1[result][27]_i_13/O
                         net (fo=1, routed)           0.690     8.719    block/core/m1[result][27]_i_13_n_0
    SLICE_X44Y34         LUT6 (Prop_lut6_I5_O)        0.124     8.843 r  block/core/m1[result][27]_i_7/O
                         net (fo=1, routed)           0.446     9.289    block/core/m1[result][27]_i_7_n_0
    SLICE_X43Y36         LUT6 (Prop_lut6_I4_O)        0.124     9.413 r  block/core/m1[result][27]_i_3/O
                         net (fo=1, routed)           0.428     9.842    block/core/alu[27]
    SLICE_X41Y36         LUT6 (Prop_lut6_I3_O)        0.124     9.966 r  block/core/m1[result][27]_i_1/O
                         net (fo=1, routed)           0.000     9.966    block/core/m1[result][27]_i_1_n_0
    SLICE_X41Y36         FDRE                                         r  block/core/m1_reg[result][27]/D
  -------------------------------------------------------------------    -------------------

                         (clock clk rise edge)       10.000    10.000 r  
                                                      0.000    10.000 r  clk (IN)
                         net (fo=1202, unset)         0.924    10.924    block/core/clk
    SLICE_X41Y36         FDRE                                         r  block/core/m1_reg[result][27]/C
                         clock pessimism              0.000    10.924    
                         clock uncertainty           -0.035    10.889    
    SLICE_X41Y36         FDRE (Setup_fdre_C_D)        0.029    10.918    block/core/m1_reg[result][27]
  -------------------------------------------------------------------
                         required time                         10.918    
                         arrival time                          -9.966    
  -------------------------------------------------------------------
                         slack                                  0.952    

Slack (MET) :             1.036ns  (required time - arrival time)
  Source:                 block/core/fsel2_reg[1]/C
                            (rising edge-triggered cell FDRE clocked by clk  {rise@0.000ns fall@5.000ns period=10.000ns})
  Destination:            block/core/m1_reg[result][25]/D
                            (rising edge-triggered cell FDRE clocked by clk  {rise@0.000ns fall@5.000ns period=10.000ns})
  Path Group:             clk
  Path Type:              Setup (Max at Slow Process Corner)
  Requirement:            10.000ns  (clk rise@10.000ns - clk rise@0.000ns)
  Data Path Delay:        8.957ns  (logic 2.809ns (31.363%)  route 6.148ns (68.637%))
  Logic Levels:           10  (CARRY4=2 LUT3=1 LUT4=3 LUT5=1 LUT6=3)
  Clock Path Skew:        -0.049ns (DCD - SCD + CPR)
    Destination Clock Delay (DCD):    0.924ns = ( 10.924 - 10.000 ) 
    Source Clock Delay      (SCD):    0.973ns
    Clock Pessimism Removal (CPR):    0.000ns
  Clock Uncertainty:      0.035ns  ((TSJ^2 + TIJ^2)^1/2 + DJ) / 2 + PE
    Total System Jitter     (TSJ):    0.071ns
    Total Input Jitter      (TIJ):    0.000ns
    Discrete Jitter          (DJ):    0.000ns
    Phase Error              (PE):    0.000ns

    Location             Delay type                Incr(ns)  Path(ns)    Netlist Resource(s)
  -------------------------------------------------------------------    -------------------
                         (clock clk rise edge)        0.000     0.000 r  
                                                      0.000     0.000 r  clk (IN)
                         net (fo=1202, unset)         0.973     0.973    block/core/clk
    SLICE_X34Y27         FDRE                                         r  block/core/fsel2_reg[1]/C
  -------------------------------------------------------------------    -------------------
    SLICE_X34Y27         FDRE (Prop_fdre_C_Q)         0.518     1.491 r  block/core/fsel2_reg[1]/Q
                         net (fo=32, routed)          1.465     2.956    block/core/fetch/m1_reg[rs2v][31][1]
    SLICE_X27Y34         LUT4 (Prop_lut4_I1_O)        0.124     3.080 r  block/core/fetch/m1[rs2v][21]_i_2/O
                         net (fo=1, routed)           0.407     3.487    block/core/fetch/m1[rs2v][21]_i_2_n_0
    SLICE_X27Y34         LUT5 (Prop_lut5_I4_O)        0.124     3.611 r  block/core/fetch/m1[rs2v][21]_i_1/O
                         net (fo=14, routed)          1.475     5.086    block/core/fetch_n_122
    SLICE_X37Y28         LUT3 (Prop_lut3_I2_O)        0.152     5.238 r  block/core/m1[result][21]_i_11/O
                         net (fo=7, routed)           0.684     5.922    block/core/m1[result][21]_i_11_n_0
    SLICE_X44Y28         LUT4 (Prop_lut4_I0_O)        0.332     6.254 r  block/core/m1[result][23]_i_23/O
                         net (fo=1, routed)           0.000     6.254    block/core/m1[result][23]_i_23_n_0
    SLICE_X44Y28         CARRY4 (Prop_carry4_S[1]_CO[3])
                                                      0.550     6.804 r  block/core/m1_reg[result][23]_i_18/CO[3]
                         net (fo=1, routed)           0.000     6.804    block/core/m1_reg[result][23]_i_18_n_0
    SLICE_X44Y29         CARRY4 (Prop_carry4_CI_O[1])
                                                      0.334     7.138 r  block/core/m1_reg[result][31]_i_35/O[1]
                         net (fo=1, routed)           0.642     7.780    block/core/m1_reg[result][31]_i_35_n_6
    SLICE_X46Y33         LUT4 (Prop_lut4_I0_O)        0.303     8.083 r  block/core/m1[result][25]_i_13/O
                         net (fo=1, routed)           0.567     8.650    block/core/m1[result][25]_i_13_n_0
    SLICE_X46Y33         LUT6 (Prop_lut6_I5_O)        0.124     8.774 r  block/core/m1[result][25]_i_7/O
                         net (fo=1, routed)           0.447     9.221    block/core/m1[result][25]_i_7_n_0
    SLICE_X43Y34         LUT6 (Prop_lut6_I4_O)        0.124     9.345 r  block/core/m1[result][25]_i_3/O
                         net (fo=1, routed)           0.460     9.806    block/core/alu[25]
    SLICE_X38Y35         LUT6 (Prop_lut6_I3_O)        0.124     9.930 r  block/core/m1[result][25]_i_1/O
                         net (fo=1, routed)           0.000     9.930    block/core/m1[result][25]_i_1_n_0
    SLICE_X38Y35         FDRE                                         r  block/core/m1_reg[result][25]/D
  -------------------------------------------------------------------    -------------------

                         (clock clk rise edge)       10.000    10.000 r  
                                                      0.000    10.000 r  clk (IN)
                         net (fo=1202, unset)         0.924    10.924    block/core/clk
    SLICE_X38Y35         FDRE                                         r  block/core/m1_reg[result][25]/C
                         clock pessimism              0.000    10.924    
                         clock uncertainty           -0.035    10.889    
    SLICE_X38Y35         FDRE (Setup_fdre_C_D)        0.077    10.966    block/core/m1_reg[result][25]
  -------------------------------------------------------------------
                         required time                         10.966    
                         arrival time                          -9.930    
  -------------------------------------------------------------------
                         slack                                  1.036    





Min Delay Paths
--------------------------------------------------------------------------------------
Slack (MET) :             0.108ns  (arrival time - required time)
  Source:                 block/core/d_insn_reg[8]/C
                            (rising edge-triggered cell FDRE clocked by clk  {rise@0.000ns fall@5.000ns period=10.000ns})
  Destination:            block/core/e_dec_reg[imm][1]/D
                            (rising edge-triggered cell FDRE clocked by clk  {rise@0.000ns fall@5.000ns period=10.000ns})
  Path Group:             clk
  Path Type:              Hold (Min at Fast Process Corner)
  Requirement:            0.000ns  (clk rise@0.000ns - clk rise@0.000ns)
  Data Path Delay:        0.250ns  (logic 0.186ns (74.329%)  route 0.064ns (25.671%))
  Logic Levels:           1  (LUT4=1)
  Clock Path Skew:        0.022ns (DCD - SCD - CPR)
    Destination Clock Delay (DCD):    0.432ns
    Source Clock Delay      (SCD):    0.410ns
    Clock Pessimism Removal (CPR):    -0.000ns

    Location             Delay type                Incr(ns)  Path(ns)    Netlist Resource(s)
  -------------------------------------------------------------------    -------------------
                         (clock clk rise edge)        0.000     0.000 r  
                                                      0.000     0.000 r  clk (IN)
                         net (fo=1202, unset)         0.410     0.410    block/core/clk
    SLICE_X37Y16         FDRE                                         r  block/core/d_insn_reg[8]/C
  -------------------------------------------------------------------    -------------------
    SLICE_X37Y16         FDRE (Prop_fdre_C_Q)         0.141     0.551 r  block/core/d_insn_reg[8]/Q
                         net (fo=3, routed)           0.064     0.615    block/core/decode[rd]_return[1]
    SLICE_X36Y16         LUT4 (Prop_lut4_I0_O)        0.045     0.660 r  block/core/e_dec[imm][1]_i_1/O
                         net (fo=1, routed)           0.000     0.660    block/core/e_dec[imm][1]_i_1_n_0
    SLICE_X36Y16         FDRE                                         r  block/core/e_dec_reg[imm][1]/D
  -------------------------------------------------------------------    -------------------

                         (clock clk rise edge)        0.000     0.000 r  
                                                      0.000     0.000 r  clk (IN)
                         net (fo=1202, unset)         0.432     0.432    block/core/clk
    SLICE_X36Y16         FDRE                                         r  block/core/e_dec_reg[imm][1]/C
                         clock pessimism              0.000     0.432    
    SLICE_X36Y16         FDRE (Hold_fdre_C_D)         0.121     0.553    block/core/e_dec_reg[imm][1]
  -------------------------------------------------------------------
                         required time                         -0.553    
                         arrival time                           0.660    
  -------------------------------------------------------------------
                         slack                                  0.108    

Slack (MET) :             0.136ns  (arrival time - required time)
  Source:                 block/core/w_reg[result][7]/C
                            (rising edge-triggered cell FDRE clocked by clk  {rise@0.000ns fall@5.000ns period=10.000ns})
  Destination:            block/core/rf_reg_r1_0_31_6_11/RAMA_D1/I
                            (rising edge-triggered cell RAMD32 clocked by clk  {rise@0.000ns fall@5.000ns period=10.000ns})
  Path Group:             clk
  Path Type:              Hold (Min at Fast Process Corner)
  Requirement:            0.000ns  (clk rise@0.000ns - clk rise@0.000ns)
  Data Path Delay:        0.277ns  (logic 0.141ns (50.829%)  route 0.136ns (49.171%))
  Logic Levels:           0  
  Clock Path Skew:        0.022ns (DCD - SCD - CPR)
    Destination Clock Delay (DCD):    0.432ns
    Source Clock Delay      (SCD):    0.410ns
    Clock Pessimism Removal (CPR):    -0.000ns

    Location             Delay type                Incr(ns)  Path(ns)    Netlist Resource(s)
  -------------------------------------------------------------------    -------------------
                         (clock clk rise edge)        0.000     0.000 r  
                                                      0.000     0.000 r  clk (IN)
                         net (fo=1202, unset)         0.410     0.410    block/core/clk
    SLICE_X35Y21         FDRE                                         r  block/core/w_reg[result][7]/C
  -------------------------------------------------------------------    -------------------
    SLICE_X35Y21         FDRE (Prop_fdre_C_Q)         0.141     0.551 r  block/core/w_reg[result][7]/Q
                         net (fo=6, routed)           0.136     0.688    block/core/rf_reg_r1_0_31_6_11/DIA1
    SLICE_X34Y22         RAMD32                                       r  block/core/rf_reg_r1_0_31_6_11/RAMA_D1/I
  -------------------------------------------------------------------    -------------------

                         (clock clk rise edge)        0.000     0.000 r  
                                                      0.000     0.000 r  clk (IN)
                         net (fo=1202, unset)         0.432     0.432    block/core/rf_reg_r1_0_31_6_11/WCLK
    SLICE_X34Y22         RAMD32                                       r  block/core/rf_reg_r1_0_31_6_11/RAMA_D1/CLK
                         clock pessimism              0.000     0.432    
    SLICE_X34Y22         RAMD32 (Hold_ramd32_CLK_I)
                                                      0.120     0.552    block/core/rf_reg_r1_0_31_6_11/RAMA_D1
  -------------------------------------------------------------------
                         required time                         -0.552    
                         arrival time                           0.688    
  -------------------------------------------------------------------
                         slack                                  0.136    

Slack (MET) :             0.143ns  (arrival time - required time)
  Source:                 block/request_registered.d_a_reg[8]_rep__1/C
                            (rising edge-triggered cell FDRE clocked by clk  {rise@0.000ns fall@5.000ns period=10.000ns})
  Destination:            block/request_registered.ram_reg_2_0_4/ADDRARDADDR[8]
                            (rising edge-triggered cell RAMB36E1 clocked by clk  {rise@0.000ns fall@5.000ns period=10.000ns})
  Path Group:             clk
  Path Type:              Hold (Min at Fast Process Corner)
  Requirement:            0.000ns  (clk rise@0.000ns - clk rise@0.000ns)
  Data Path Delay:        0.348ns  (logic 0.164ns (47.168%)  route 0.184ns (52.832%))
  Logic Levels:           0  
  Clock Path Skew:        0.022ns (DCD - SCD - CPR)
    Destination Clock Delay (DCD):    0.432ns
    Source Clock Delay      (SCD):    0.410ns
    Clock Pessimism Removal (CPR):    -0.000ns

    Location             Delay type                Incr(ns)  Path(ns)    Netlist Resource(s)
  -------------------------------------------------------------------    -------------------
                         (clock clk rise edge)        0.000     0.000 r  
                                                      0.000     0.000 r  clk (IN)
                         net (fo=1202, unset)         0.410     0.410    block/clk
    SLICE_X22Y20         FDRE                                         r  block/request_registered.d_a_reg[8]_rep__1/C
  -------------------------------------------------------------------    -------------------
    SLICE_X22Y20         FDRE (Prop_fdre_C_Q)         0.164     0.574 r  block/request_registered.d_a_reg[8]_rep__1/Q
                         net (fo=10, routed)          0.184     0.758    block/request_registered.d_a_reg[8]_rep__1_n_0
    RAMB36_X1Y4          RAMB36E1                                     r  block/request_registered.ram_reg_2_0_4/ADDRARDADDR[8]
  -------------------------------------------------------------------    -------------------

                         (clock clk rise edge)        0.000     0.000 r  
                                                      0.000     0.000 r  clk (IN)
                         net (fo=1202, unset)         0.432     0.432    block/clk
    RAMB36_X1Y4          RAMB36E1                                     r  block/request_registered.ram_reg_2_0_4/CLKARDCLK
                         clock pessimism              0.000     0.432    
    RAMB36_X1Y4          RAMB36E1 (Hold_ramb36e1_CLKARDCLK_ADDRARDADDR[8])
                                                      0.183     0.615    block/request_registered.ram_reg_2_0_4
  -------------------------------------------------------------------
                         required time                         -0.615    
                         arrival time                           0.758    
  -------------------------------------------------------------------
                         slack                                  0.143    

Slack (MET) :             0.144ns  (arrival time - required time)
  Source:                 observe_reg[0]_i_2/C
                            (rising edge-triggered cell FDRE clocked by clk  {rise@0.000ns fall@5.000ns period=10.000ns})
  Destination:            block/observe_reg[0]/D
                            (rising edge-triggered cell FDRE clocked by clk  {rise@0.000ns fall@5.000ns period=10.000ns})
  Path Group:             clk
  Path Type:              Hold (Min at Fast Process Corner)
  Requirement:            0.000ns  (clk rise@0.000ns - clk rise@0.000ns)
  Data Path Delay:        0.285ns  (logic 0.186ns (65.209%)  route 0.099ns (34.791%))
  Logic Levels:           1  (LUT5=1)
  Clock Path Skew:        0.022ns (DCD - SCD - CPR)
    Destination Clock Delay (DCD):    0.432ns
    Source Clock Delay      (SCD):    0.410ns
    Clock Pessimism Removal (CPR):    -0.000ns

    Location             Delay type                Incr(ns)  Path(ns)    Netlist Resource(s)
  -------------------------------------------------------------------    -------------------
                         (clock clk rise edge)        0.000     0.000 r  
                                                      0.000     0.000 r  clk (IN)
                         net (fo=1202, unset)         0.410     0.410    clk
    SLICE_X33Y9          FDRE                                         r  observe_reg[0]_i_2/C
  -------------------------------------------------------------------    -------------------
    SLICE_X33Y9          FDRE (Prop_fdre_C_Q)         0.141     0.551 r  observe_reg[0]_i_2/Q
                         net (fo=4, routed)           0.099     0.650    block/core/observe_reg[0]
    SLICE_X32Y9          LUT5 (Prop_lut5_I3_O)        0.045     0.695 r  block/core/observe[0]_i_1/O
                         net (fo=1, routed)           0.000     0.695    block/core_n_103
    SLICE_X32Y9          FDRE                                         r  block/observe_reg[0]/D
  -------------------------------------------------------------------    -------------------

                         (clock clk rise edge)        0.000     0.000 r  
                                                      0.000     0.000 r  clk (IN)
                         net (fo=1202, unset)         0.432     0.432    block/clk
    SLICE_X32Y9          FDRE                                         r  block/observe_reg[0]/C
                         clock pessimism              0.000     0.432    
    SLICE_X32Y9          FDRE (Hold_fdre_C_D)         0.120     0.552    block/observe_reg[0]
  -------------------------------------------------------------------
                         required time                         -0.552    
                         arrival time                           0.695    
  -------------------------------------------------------------------
                         slack                                  0.144    

Slack (MET) :             0.147ns  (arrival time - required time)
  Source:                 observe_reg[27]_i_2/C
                            (rising edge-triggered cell FDRE clocked by clk  {rise@0.000ns fall@5.000ns period=10.000ns})
  Destination:            block/observe_reg[27]/D
                            (rising edge-triggered cell FDRE clocked by clk  {rise@0.000ns fall@5.000ns period=10.000ns})
  Path Group:             clk
  Path Type:              Hold (Min at Fast Process Corner)
  Requirement:            0.000ns  (clk rise@0.000ns - clk rise@0.000ns)
  Data Path Delay:        0.289ns  (logic 0.186ns (64.270%)  route 0.103ns (35.730%))
  Logic Levels:           1  (LUT5=1)
  Clock Path Skew:        0.022ns (DCD - SCD - CPR)
    Destination Clock Delay (DCD):    0.432ns
    Source Clock Delay      (SCD):    0.410ns
    Clock Pessimism Removal (CPR):    -0.000ns

    Location             Delay type                Incr(ns)  Path(ns)    Netlist Resource(s)
  -------------------------------------------------------------------    -------------------
                         (clock clk rise edge)        0.000     0.000 r  
                                                      0.000     0.000 r  clk (IN)
                         net (fo=1202, unset)         0.410     0.410    clk
    SLICE_X21Y19         FDRE                                         r  observe_reg[27]_i_2/C
  -------------------------------------------------------------------    -------------------
    SLICE_X21Y19         FDRE (Prop_fdre_C_Q)         0.141     0.551 r  observe_reg[27]_i_2/Q
                         net (fo=4, routed)           0.103     0.655    block/core/observe_reg[27]_0
    SLICE_X20Y19         LUT5 (Prop_lut5_I3_O)        0.045     0.700 r  block/core/observe[27]_i_1/O
                         net (fo=1, routed)           0.000     0.700    block/core_n_76
    SLICE_X20Y19         FDRE                                         r  block/observe_reg[27]/D
  -------------------------------------------------------------------    -------------------

                         (clock clk rise edge)        0.000     0.000 r  
                                                      0.000     0.000 r  clk (IN)
                         net (fo=1202, unset)         0.432     0.432    block/clk
    SLICE_X20Y19         FDRE                                         r  block/observe_reg[27]/C
                         clock pessimism              0.000     0.432    
    SLICE_X20Y19         FDRE (Hold_fdre_C_D)         0.121     0.553    block/observe_reg[27]
  -------------------------------------------------------------------
                         required time                         -0.553    
                         arrival time                           0.700    
  -------------------------------------------------------------------
                         slack                                  0.147    

Slack (MET) :             0.161ns  (arrival time - required time)
  Source:                 block/core/d_pc_reg[10]/C
                            (rising edge-triggered cell FDRE clocked by clk  {rise@0.000ns fall@5.000ns period=10.000ns})
  Destination:            block/core/e_pc_reg[10]/D
                            (rising edge-triggered cell FDRE clocked by clk  {rise@0.000ns fall@5.000ns period=10.000ns})
  Path Group:             clk
  Path Type:              Hold (Min at Fast Process Corner)
  Requirement:            0.000ns  (clk rise@0.000ns - clk rise@0.000ns)
  Data Path Delay:        0.253ns  (logic 0.141ns (55.730%)  route 0.112ns (44.270%))
  Logic Levels:           0  
  Clock Path Skew:        0.022ns (DCD - SCD - CPR)
    Destination Clock Delay (DCD):    0.432ns
    Source Clock Delay      (SCD):    0.410ns
    Clock Pessimism Removal (CPR):    -0.000ns

    Location             Delay type                Incr(ns)  Path(ns)    Netlist Resource(s)
  -------------------------------------------------------------------    -------------------
                         (clock clk rise edge)        0.000     0.000 r  
                                                      0.000     0.000 r  clk (IN)
                         net (fo=1202, unset)         0.410     0.410    block/core/clk
    SLICE_X37Y19         FDRE                                         r  block/core/d_pc_reg[10]/C
  -------------------------------------------------------------------    -------------------
    SLICE_X37Y19         FDRE (Prop_fdre_C_Q)         0.141     0.551 r  block/core/d_pc_reg[10]/Q
                         net (fo=1, routed)           0.112     0.663    block/core/d_pc__0[10]
    SLICE_X37Y20         FDRE                                         r  block/core/e_pc_reg[10]/D
  -------------------------------------------------------------------    -------------------

                         (clock clk rise edge)        0.000     0.000 r  
                                                      0.000     0.000 r  clk (IN)
                         net (fo=1202, unset)         0.432     0.432    block/core/clk
    SLICE_X37Y20         FDRE                                         r  block/core/e_pc_reg[10]/C
                         clock pessimism              0.000     0.432    
    SLICE_X37Y20         FDRE (Hold_fdre_C_D)         0.070     0.502    block/core/e_pc_reg[10]
  -------------------------------------------------------------------
                         required time                         -0.502    
                         arrival time                           0.663    
  -------------------------------------------------------------------
                         slack                                  0.161    

Slack (MET) :             0.165ns  (arrival time - required time)
  Source:                 block/core/d_pc_reg[6]/C
                            (rising edge-triggered cell FDRE clocked by clk  {rise@0.000ns fall@5.000ns period=10.000ns})
  Destination:            block/core/e_pc_reg[6]/D
                            (rising edge-triggered cell FDRE clocked by clk  {rise@0.000ns fall@5.000ns period=10.000ns})
  Path Group:             clk
  Path Type:              Hold (Min at Fast Process Corner)
  Requirement:            0.000ns  (clk rise@0.000ns - clk rise@0.000ns)
  Data Path Delay:        0.253ns  (logic 0.141ns (55.730%)  route 0.112ns (44.270%))
  Logic Levels:           0  
  Clock Path Skew:        0.022ns (DCD - SCD - CPR)
    Destination Clock Delay (DCD):    0.432ns
    Source Clock Delay      (SCD):    0.410ns
    Clock Pessimism Removal (CPR):    -0.000ns

    Location             Delay type                Incr(ns)  Path(ns)    Netlist Resource(s)
  -------------------------------------------------------------------    -------------------
                         (clock clk rise edge)        0.000     0.000 r  
                                                      0.000     0.000 r  clk (IN)
                         net (fo=1202, unset)         0.410     0.410    block/core/clk
    SLICE_X37Y19         FDRE                                         r  block/core/d_pc_reg[6]/C
  -------------------------------------------------------------------    -------------------
    SLICE_X37Y19         FDRE (Prop_fdre_C_Q)         0.141     0.551 r  block/core/d_pc_reg[6]/Q
                         net (fo=1, routed)           0.112     0.663    block/core/d_pc__0[6]
    SLICE_X37Y20         FDRE                                         r  block/core/e_pc_reg[6]/D
  -------------------------------------------------------------------    -------------------

                         (clock clk rise edge)        0.000     0.000 r  
                                                      0.000     0.000 r  clk (IN)
                         net (fo=1202, unset)         0.432     0.432    block/core/clk
    SLICE_X37Y20         FDRE                                         r  block/core/e_pc_reg[6]/C
                         clock pessimism              0.000     0.432    
    SLICE_X37Y20         FDRE (Hold_fdre_C_D)         0.066     0.498    block/core/e_pc_reg[6]
  -------------------------------------------------------------------
                         required time                         -0.498    
                         arrival time                           0.663    
  -------------------------------------------------------------------
                         slack                                  0.165    

Slack (MET) :             0.168ns  (arrival time - required time)
  Source:                 block/core/d_pc_reg[17]/C
                            (rising edge-triggered cell FDRE clocked by clk  {rise@0.000ns fall@5.000ns period=10.000ns})
  Destination:            block/core/e_pc_reg[17]/D
                            (rising edge-triggered cell FDRE clocked by clk  {rise@0.000ns fall@5.000ns period=10.000ns})
  Path Group:             clk
  Path Type:              Hold (Min at Fast Process Corner)
  Requirement:            0.000ns  (clk rise@0.000ns - clk rise@0.000ns)
  Data Path Delay:        0.246ns  (logic 0.164ns (66.639%)  route 0.082ns (33.361%))
  Logic Levels:           0  
  Clock Path Skew:        0.022ns (DCD - SCD - CPR)
    Destination Clock Delay (DCD):    0.432ns
    Source Clock Delay      (SCD):    0.410ns
    Clock Pessimism Removal (CPR):    -0.000ns

    Location             Delay type                Incr(ns)  Path(ns)    Netlist Resource(s)
  -------------------------------------------------------------------    -------------------
                         (clock clk rise edge)        0.000     0.000 r  
                                                      0.000     0.000 r  clk (IN)
                         net (fo=1202, unset)         0.410     0.410    block/core/clk
    SLICE_X32Y26         FDRE                                         r  block/core/d_pc_reg[17]/C
  -------------------------------------------------------------------    -------------------
    SLICE_X32Y26         FDRE (Prop_fdre_C_Q)         0.164     0.574 r  block/core/d_pc_reg[17]/Q
                         net (fo=1, routed)           0.082     0.656    block/core/d_pc__0[17]
    SLICE_X33Y26         FDRE                                         r  block/core/e_pc_reg[17]/D
  -------------------------------------------------------------------    -------------------

                         (clock clk rise edge)        0.000     0.000 r  
                                                      0.000     0.000 r  clk (IN)
                         net (fo=1202, unset)         0.432     0.432    block/core/clk
    SLICE_X33Y26         FDRE                                         r  block/core/e_pc_reg[17]/C
                         clock pessimism              0.000     0.432    
    SLICE_X33Y26         FDRE (Hold_fdre_C_D)         0.057     0.489    block/core/e_pc_reg[17]
  -------------------------------------------------------------------
                         required time                         -0.489    
                         arrival time                           0.656    
  -------------------------------------------------------------------
                         slack                                  0.168    

Slack (MET) :             0.170ns  (arrival time - required time)
  Source:                 block/core/m1_reg[rdata][25]/C
                            (rising edge-triggered cell FDRE clocked by clk  {rise@0.000ns fall@5.000ns period=10.000ns})
  Destination:            block/core/m2_reg[rdata][25]/D
                            (rising edge-triggered cell FDRE clocked by clk  {rise@0.000ns fall@5.000ns period=10.000ns})
  Path Group:             clk
  Path Type:              Hold (Min at Fast Process Corner)
  Requirement:            0.000ns  (clk rise@0.000ns - clk rise@0.000ns)
  Data Path Delay:        0.283ns  (logic 0.186ns (65.775%)  route 0.097ns (34.225%))
  Logic Levels:           1  (LUT6=1)
  Clock Path Skew:        0.022ns (DCD - SCD - CPR)
    Destination Clock Delay (DCD):    0.432ns
    Source Clock Delay      (SCD):    0.410ns
    Clock Pessimism Removal (CPR):    -0.000ns

    Location             Delay type                Incr(ns)  Path(ns)    Netlist Resource(s)
  -------------------------------------------------------------------    -------------------
                         (clock clk rise edge)        0.000     0.000 r  
                                                      0.000     0.000 r  clk (IN)
                         net (fo=1202, unset)         0.410     0.410    block/core/clk
    SLICE_X24Y16         FDRE                                         r  block/core/m1_reg[rdata][25]/C
  -------------------------------------------------------------------    -------------------
    SLICE_X24Y16         FDRE (Prop_fdre_C_Q)         0.141     0.551 r  block/core/m1_reg[rdata][25]/Q
                         net (fo=2, routed)           0.097     0.648    block/core/m1_reg[rdata][25]
    SLICE_X25Y16         LUT6 (Prop_lut6_I4_O)        0.045     0.693 r  block/core/m2[rdata][25]_i_1/O
                         net (fo=1, routed)           0.000     0.693    block/core/m2[rdata][25]_i_1_n_0
    SLICE_X25Y16         FDRE                                         r  block/core/m2_reg[rdata][25]/D
  -------------------------------------------------------------------    -------------------

                         (clock clk rise edge)        0.000     0.000 r  
                                                      0.000     0.000 r  clk (IN)
                         net (fo=1202, unset)         0.432     0.432    block/core/clk
    SLICE_X25Y16         FDRE                                         r  block/core/m2_reg[rdata][25]/C
                         clock pessimism              0.000     0.432    
    SLICE_X25Y16         FDRE (Hold_fdre_C_D)         0.091     0.523    block/core/m2_reg[rdata][25]
  -------------------------------------------------------------------
                         required time                         -0.523    
                         arrival time                           0.693    
  -------------------------------------------------------------------
                         slack                                  0.170    

Slack (MET) :             0.170ns  (arrival time - required time)
  Source:                 block/core/w_reg[trap]/C
                            (rising edge-triggered cell FDRE clocked by clk  {rise@0.000ns fall@5.000ns period=10.000ns})
  Destination:            block/core/trapped_reg/D
                            (rising edge-triggered cell FDRE clocked by clk  {rise@0.000ns fall@5.000ns period=10.000ns})
  Path Group:             clk
  Path Type:              Hold (Min at Fast Process Corner)
  Requirement:            0.000ns  (clk rise@0.000ns - clk rise@0.000ns)
  Data Path Delay:        0.283ns  (logic 0.186ns (65.755%)  route 0.097ns (34.245%))
  Logic Levels:           1  (LUT3=1)
  Clock Path Skew:        0.022ns (DCD - SCD - CPR)
    Destination Clock Delay (DCD):    0.432ns
    Source Clock Delay      (SCD):    0.410ns
    Clock Pessimism Removal (CPR):    -0.000ns

    Location             Delay type                Incr(ns)  Path(ns)    Netlist Resource(s)
  -------------------------------------------------------------------    -------------------
                         (clock clk rise edge)        0.000     0.000 r  
                                                      0.000     0.000 r  clk (IN)
                         net (fo=1202, unset)         0.410     0.410    block/core/clk
    SLICE_X41Y13         FDRE                                         r  block/core/w_reg[trap]/C
  -------------------------------------------------------------------    -------------------
    SLICE_X41Y13         FDRE (Prop_fdre_C_Q)         0.141     0.551 r  block/core/w_reg[trap]/Q
                         net (fo=1, routed)           0.097     0.648    block/core/w_reg[trap]__0
    SLICE_X40Y13         LUT3 (Prop_lut3_I2_O)        0.045     0.693 r  block/core/trapped_i_2/O
                         net (fo=1, routed)           0.000     0.693    block/core/trapped0
    SLICE_X40Y13         FDRE                                         r  block/core/trapped_reg/D
  -------------------------------------------------------------------    -------------------

                         (clock clk rise edge)        0.000     0.000 r  
                                                      0.000     0.000 r  clk (IN)
                         net (fo=1202, unset)         0.432     0.432    block/core/clk
    SLICE_X40Y13         FDRE                                         r  block/core/trapped_reg/C
                         clock pessimism              0.000     0.432    
    SLICE_X40Y13         FDRE (Hold_fdre_C_D)         0.091     0.523    block/core/trapped_reg
  -------------------------------------------------------------------
                         required time                         -0.523    
                         arrival time                           0.693    
  -------------------------------------------------------------------
                         slack                                  0.170    





Pulse Width Checks
--------------------------------------------------------------------------------------
Clock Name:         clk
Waveform(ns):       { 0.000 5.000 }
Period(ns):         10.000
Sources:            { clk }

Check Type        Corner  Lib Pin             Reference Pin  Required(ns)  Actual(ns)  Slack(ns)  Location      Pin
Min Period        n/a     DSP48E1/CLK         n/a            3.884         10.000      6.116      DSP48_X2Y10   block/core/pp_lh_reg/CLK
Min Period        n/a     DSP48E1/CLK         n/a            3.884         10.000      6.116      DSP48_X2Y9    block/core/pp_ll_reg/CLK
Min Period        n/a     DSP48E1/CLK         n/a            3.687         10.000      6.313      DSP48_X2Y12   block/core/pp_hl_reg/CLK
Min Period        n/a     RAMB36E1/CLKARDCLK  n/a            2.944         10.000      7.056      RAMB36_X2Y0   block/request_registered.ram_reg_0_0_0/CLKARDCLK
Min Period        n/a     RAMB36E1/CLKARDCLK  n/a            2.944         10.000      7.056      RAMB36_X3Y0   block/request_registered.ram_reg_0_0_1/CLKARDCLK
Min Period        n/a     RAMB36E1/CLKARDCLK  n/a            2.944         10.000      7.056      RAMB36_X2Y1   block/request_registered.ram_reg_0_0_2/CLKARDCLK
Min Period        n/a     RAMB36E1/CLKARDCLK  n/a            2.944         10.000      7.056      RAMB36_X3Y4   block/request_registered.ram_reg_0_0_3/CLKARDCLK
Min Period        n/a     RAMB36E1/CLKARDCLK  n/a            2.944         10.000      7.056      RAMB36_X3Y5   block/request_registered.ram_reg_0_0_4/CLKARDCLK
Min Period        n/a     RAMB36E1/CLKARDCLK  n/a            2.944         10.000      7.056      RAMB36_X3Y2   block/request_registered.ram_reg_0_0_5/CLKARDCLK
Min Period        n/a     RAMB36E1/CLKARDCLK  n/a            2.944         10.000      7.056      RAMB36_X3Y1   block/request_registered.ram_reg_0_0_6/CLKARDCLK
Low Pulse Width   Slow    RAMD32/CLK          n/a            1.250         5.000       3.750      SLICE_X32Y19  block/core/fetch/buf_err_reg_0_3_0_0/DP/CLK
Low Pulse Width   Fast    RAMD32/CLK          n/a            1.250         5.000       3.750      SLICE_X32Y19  block/core/fetch/buf_err_reg_0_3_0_0/DP/CLK
Low Pulse Width   Slow    RAMD32/CLK          n/a            1.250         5.000       3.750      SLICE_X32Y19  block/core/fetch/buf_err_reg_0_3_0_0/SP/CLK
Low Pulse Width   Fast    RAMD32/CLK          n/a            1.250         5.000       3.750      SLICE_X32Y19  block/core/fetch/buf_err_reg_0_3_0_0/SP/CLK
Low Pulse Width   Slow    RAMD32/CLK          n/a            1.250         5.000       3.750      SLICE_X38Y17  block/core/fetch/buf_insn_reg_0_3_0_5/RAMA/CLK
Low Pulse Width   Fast    RAMD32/CLK          n/a            1.250         5.000       3.750      SLICE_X38Y17  block/core/fetch/buf_insn_reg_0_3_0_5/RAMA/CLK
Low Pulse Width   Slow    RAMD32/CLK          n/a            1.250         5.000       3.750      SLICE_X38Y17  block/core/fetch/buf_insn_reg_0_3_0_5/RAMA_D1/CLK
Low Pulse Width   Fast    RAMD32/CLK          n/a            1.250         5.000       3.750      SLICE_X38Y17  block/core/fetch/buf_insn_reg_0_3_0_5/RAMA_D1/CLK
Low Pulse Width   Slow    RAMD32/CLK          n/a            1.250         5.000       3.750      SLICE_X38Y17  block/core/fetch/buf_insn_reg_0_3_0_5/RAMB/CLK
Low Pulse Width   Fast    RAMD32/CLK          n/a            1.250         5.000       3.750      SLICE_X38Y17  block/core/fetch/buf_insn_reg_0_3_0_5/RAMB/CLK
High Pulse Width  Slow    RAMD32/CLK          n/a            1.250         5.000       3.750      SLICE_X32Y19  block/core/fetch/buf_err_reg_0_3_0_0/DP/CLK
High Pulse Width  Fast    RAMD32/CLK          n/a            1.250         5.000       3.750      SLICE_X32Y19  block/core/fetch/buf_err_reg_0_3_0_0/DP/CLK
High Pulse Width  Slow    RAMD32/CLK          n/a            1.250         5.000       3.750      SLICE_X32Y19  block/core/fetch/buf_err_reg_0_3_0_0/SP/CLK
High Pulse Width  Fast    RAMD32/CLK          n/a            1.250         5.000       3.750      SLICE_X32Y19  block/core/fetch/buf_err_reg_0_3_0_0/SP/CLK
High Pulse Width  Slow    RAMD32/CLK          n/a            1.250         5.000       3.750      SLICE_X38Y17  block/core/fetch/buf_insn_reg_0_3_0_5/RAMA/CLK
High Pulse Width  Fast    RAMD32/CLK          n/a            1.250         5.000       3.750      SLICE_X38Y17  block/core/fetch/buf_insn_reg_0_3_0_5/RAMA/CLK
High Pulse Width  Slow    RAMD32/CLK          n/a            1.250         5.000       3.750      SLICE_X38Y17  block/core/fetch/buf_insn_reg_0_3_0_5/RAMA_D1/CLK
High Pulse Width  Fast    RAMD32/CLK          n/a            1.250         5.000       3.750      SLICE_X38Y17  block/core/fetch/buf_insn_reg_0_3_0_5/RAMA_D1/CLK
High Pulse Width  Slow    RAMD32/CLK          n/a            1.250         5.000       3.750      SLICE_X38Y17  block/core/fetch/buf_insn_reg_0_3_0_5/RAMB/CLK
High Pulse Width  Fast    RAMD32/CLK          n/a            1.250         5.000       3.750      SLICE_X38Y17  block/core/fetch/buf_insn_reg_0_3_0_5/RAMB/CLK



