NAMED label=d_rsp_valid_to_request slack_ns=3.833 from=d_v2_reg/C to=bram_samples_request.ram_reg_1_0_7/WEA[0] levels=4
Copyright 1986-2022 Xilinx, Inc. All Rights Reserved. Copyright 2022-2025 Advanced Micro Devices, Inc. All Rights Reserved.
----------------------------------------------------------------------------------------------------------------------------------------------------------------------------------------------------------------------------------------------------------------------------------------------------------------
| Tool Version : Vivado v.2025.1 (lin64) Build 6140274 Wed May 21 22:58:25 MDT 2025
| Date         : Thu Oct  1 18:36:16 2026
| Host         : gondor running 64-bit Ubuntu 24.04.5 LTS
| Command      : report_timing -of_objects [get_timing_paths -setup -from [get_cells -hier -quiet -filter {NAME =~ *d_v2_reg* && IS_SEQUENTIAL}] -to [get_cells -hier -quiet -filter {(NAME =~ *d_v1_reg* || NAME =~ *d_en_reg* || NAME =~ *ram_reg*) && IS_SEQUENTIAL}] -max_paths 1 -nworst 1] -return_string
| Design       : timing_aster_bram
| Device       : 7z020-clg400
| Speed File   : -1  PRODUCTION 1.12 2019-11-22
| Design State : Routed
----------------------------------------------------------------------------------------------------------------------------------------------------------------------------------------------------------------------------------------------------------------------------------------------------------------

Timing Report

Slack (MET) :             3.833ns  (required time - arrival time)
  Source:                 d_v2_reg/C
                            (rising edge-triggered cell FDRE clocked by clk  {rise@0.000ns fall@5.000ns period=10.000ns})
  Destination:            bram_samples_request.ram_reg_1_0_7/WEA[0]
                            (rising edge-triggered cell RAMB36E1 clocked by clk  {rise@0.000ns fall@5.000ns period=10.000ns})
  Path Group:             clk
  Path Type:              Setup (Max at Slow Process Corner)
  Requirement:            10.000ns  (clk rise@10.000ns - clk rise@0.000ns)
  Data Path Delay:        5.551ns  (logic 0.952ns (17.149%)  route 4.599ns (82.851%))
  Logic Levels:           4  (LUT3=1 LUT5=2 LUT6=1)
  Clock Path Skew:        -0.049ns (DCD - SCD + CPR)
    Destination Clock Delay (DCD):    0.924ns = ( 10.924 - 10.000 ) 
    Source Clock Delay      (SCD):    0.973ns
    Clock Pessimism Removal (CPR):    0.000ns
  Clock Uncertainty:      0.035ns  ((TSJ^2 + TIJ^2)^1/2 + DJ) / 2 + PE
    Total System Jitter     (TSJ):    0.071ns
    Total Input Jitter      (TIJ):    0.000ns
    Discrete Jitter          (DJ):    0.000ns
    Phase Error              (PE):    0.000ns

    Location             Delay type                Incr(ns)  Path(ns)    Netlist Resource(s)
  -------------------------------------------------------------------    -------------------
                         (clock clk rise edge)        0.000     0.000 r  
                                                      0.000     0.000 r  clk (IN)
                         net (fo=1349, unset)         0.973     0.973    clk
    SLICE_X21Y15         FDRE                                         r  d_v2_reg/C
  -------------------------------------------------------------------    -------------------
    SLICE_X21Y15         FDRE (Prop_fdre_C_Q)         0.456     1.429 r  d_v2_reg/Q
                         net (fo=42, routed)          0.682     2.111    core/fetch/d_v2
    SLICE_X21Y15                                                      r  core/fetch/m1[rd][4]_i_2/I1
    SLICE_X21Y15         LUT5 (Prop_lut5_I1_O)        0.124     2.235 r  core/fetch/m1[rd][4]_i_2/O
                         net (fo=121, routed)         0.881     3.116    core/m1_free
    SLICE_X24Y15                                                      r  core/d_v1_i_1/I5
    SLICE_X24Y15         LUT6 (Prop_lut6_I5_O)        0.124     3.240 r  core/d_v1_i_1/O
                         net (fo=3, routed)           0.840     4.080    core/d_req_valid
    SLICE_X27Y19                                                      r  core/bram_samples_request.ram_reg_0_0_0_i_41/I0
    SLICE_X27Y19         LUT3 (Prop_lut3_I0_O)        0.124     4.204 r  core/bram_samples_request.ram_reg_0_0_0_i_41/O
                         net (fo=12, routed)          0.524     4.728    core/bram_samples_request.ram_reg_0_0_0_i_41_n_0
    SLICE_X24Y21                                                      r  core/bram_samples_request.ram_reg_1_0_5_i_2/I4
    SLICE_X24Y21         LUT5 (Prop_lut5_I4_O)        0.124     4.852 r  core/bram_samples_request.ram_reg_1_0_5_i_2/O
                         net (fo=3, routed)           1.673     6.524    core_n_100
    RAMB36_X2Y9          RAMB36E1                                     r  bram_samples_request.ram_reg_1_0_7/WEA[0]
  -------------------------------------------------------------------    -------------------

                         (clock clk rise edge)       10.000    10.000 r  
                                                      0.000    10.000 r  clk (IN)
                         net (fo=1349, unset)         0.924    10.924    clk
    RAMB36_X2Y9          RAMB36E1                                     r  bram_samples_request.ram_reg_1_0_7/CLKARDCLK
                         clock pessimism              0.000    10.924    
                         clock uncertainty           -0.035    10.889    
    RAMB36_X2Y9          RAMB36E1 (Setup_ramb36e1_CLKARDCLK_WEA[0])
                                                     -0.532    10.357    bram_samples_request.ram_reg_1_0_7
  -------------------------------------------------------------------
                         required time                         10.357    
                         arrival time                          -6.524    
  -------------------------------------------------------------------
                         slack                                  3.833    





NAMED label=d_rsp_error_kill slack_ns=3.375 from=d_err1_reg/C to=bram_samples_request.ram_reg_1_0_7/WEA[0] levels=4
Copyright 1986-2022 Xilinx, Inc. All Rights Reserved. Copyright 2022-2025 Advanced Micro Devices, Inc. All Rights Reserved.
------------------------------------------------------------------------------------------------------------------------------------------------------------------------------------------------------------------------------------------------------------------------------------------------------------------
| Tool Version : Vivado v.2025.1 (lin64) Build 6140274 Wed May 21 22:58:25 MDT 2025
| Date         : Thu Oct  1 18:36:16 2026
| Host         : gondor running 64-bit Ubuntu 24.04.5 LTS
| Command      : report_timing -of_objects [get_timing_paths -setup -from [get_cells -hier -quiet -filter {NAME =~ *d_err1_reg* && IS_SEQUENTIAL}] -to [get_cells -hier -quiet -filter {(NAME =~ *d_v1_reg* || NAME =~ *d_en_reg* || NAME =~ *ram_reg*) && IS_SEQUENTIAL}] -max_paths 1 -nworst 1] -return_string
| Design       : timing_aster_bram
| Device       : 7z020-clg400
| Speed File   : -1  PRODUCTION 1.12 2019-11-22
| Design State : Routed
------------------------------------------------------------------------------------------------------------------------------------------------------------------------------------------------------------------------------------------------------------------------------------------------------------------

Timing Report

Slack (MET) :             3.375ns  (required time - arrival time)
  Source:                 d_err1_reg/C
                            (rising edge-triggered cell FDRE clocked by clk  {rise@0.000ns fall@5.000ns period=10.000ns})
  Destination:            bram_samples_request.ram_reg_1_0_7/WEA[0]
                            (rising edge-triggered cell RAMB36E1 clocked by clk  {rise@0.000ns fall@5.000ns period=10.000ns})
  Path Group:             clk
  Path Type:              Setup (Max at Slow Process Corner)
  Requirement:            10.000ns  (clk rise@10.000ns - clk rise@0.000ns)
  Data Path Delay:        6.009ns  (logic 0.952ns (15.843%)  route 5.057ns (84.157%))
  Logic Levels:           4  (LUT3=1 LUT5=1 LUT6=2)
  Clock Path Skew:        -0.049ns (DCD - SCD + CPR)
    Destination Clock Delay (DCD):    0.924ns = ( 10.924 - 10.000 ) 
    Source Clock Delay      (SCD):    0.973ns
    Clock Pessimism Removal (CPR):    0.000ns
  Clock Uncertainty:      0.035ns  ((TSJ^2 + TIJ^2)^1/2 + DJ) / 2 + PE
    Total System Jitter     (TSJ):    0.071ns
    Total Input Jitter      (TIJ):    0.000ns
    Discrete Jitter          (DJ):    0.000ns
    Phase Error              (PE):    0.000ns

    Location             Delay type                Incr(ns)  Path(ns)    Netlist Resource(s)
  -------------------------------------------------------------------    -------------------
                         (clock clk rise edge)        0.000     0.000 r  
                                                      0.000     0.000 r  clk (IN)
                         net (fo=1349, unset)         0.973     0.973    clk
    SLICE_X25Y15         FDRE                                         r  d_err1_reg/C
  -------------------------------------------------------------------    -------------------
    SLICE_X25Y15         FDRE (Prop_fdre_C_Q)         0.456     1.429 f  d_err1_reg/Q
                         net (fo=6, routed)           0.925     2.354    core/fetch/d_err1
    SLICE_X23Y15                                                      f  core/fetch/d_v1_i_3/I0
    SLICE_X23Y15         LUT6 (Prop_lut6_I0_O)        0.124     2.478 f  core/fetch/d_v1_i_3/O
                         net (fo=2, routed)           1.095     3.574    core/m1_trap
    SLICE_X24Y15                                                      f  core/d_v1_i_1/I1
    SLICE_X24Y15         LUT6 (Prop_lut6_I1_O)        0.124     3.698 r  core/d_v1_i_1/O
                         net (fo=3, routed)           0.840     4.538    core/d_req_valid
    SLICE_X27Y19                                                      r  core/bram_samples_request.ram_reg_0_0_0_i_41/I0
    SLICE_X27Y19         LUT3 (Prop_lut3_I0_O)        0.124     4.662 r  core/bram_samples_request.ram_reg_0_0_0_i_41/O
                         net (fo=12, routed)          0.524     5.185    core/bram_samples_request.ram_reg_0_0_0_i_41_n_0
    SLICE_X24Y21                                                      r  core/bram_samples_request.ram_reg_1_0_5_i_2/I4
    SLICE_X24Y21         LUT5 (Prop_lut5_I4_O)        0.124     5.309 r  core/bram_samples_request.ram_reg_1_0_5_i_2/O
                         net (fo=3, routed)           1.673     6.982    core_n_100
    RAMB36_X2Y9          RAMB36E1                                     r  bram_samples_request.ram_reg_1_0_7/WEA[0]
  -------------------------------------------------------------------    -------------------

                         (clock clk rise edge)       10.000    10.000 r  
                                                      0.000    10.000 r  clk (IN)
                         net (fo=1349, unset)         0.924    10.924    clk
    RAMB36_X2Y9          RAMB36E1                                     r  bram_samples_request.ram_reg_1_0_7/CLKARDCLK
                         clock pessimism              0.000    10.924    
                         clock uncertainty           -0.035    10.889    
    RAMB36_X2Y9          RAMB36E1 (Setup_ramb36e1_CLKARDCLK_WEA[0])
                                                     -0.532    10.357    bram_samples_request.ram_reg_1_0_7
  -------------------------------------------------------------------
                         required time                         10.357    
                         arrival time                          -6.982    
  -------------------------------------------------------------------
                         slack                                  3.375    





NAMED label=d_rsp_valid_worst slack_ns=2.363 from=d_v2_reg/C to=core/e_rs1v_reg[27]/R levels=5
Copyright 1986-2022 Xilinx, Inc. All Rights Reserved. Copyright 2022-2025 Advanced Micro Devices, Inc. All Rights Reserved.
----------------------------------------------------------------------------------------------------------------------------------------------------------------------------------------
| Tool Version : Vivado v.2025.1 (lin64) Build 6140274 Wed May 21 22:58:25 MDT 2025
| Date         : Thu Oct  1 18:36:16 2026
| Host         : gondor running 64-bit Ubuntu 24.04.5 LTS
| Command      : report_timing -of_objects [get_timing_paths -setup -from [get_cells -hier -quiet -filter {NAME =~ *d_v2_reg* && IS_SEQUENTIAL}] -max_paths 1 -nworst 1] -return_string
| Design       : timing_aster_bram
| Device       : 7z020-clg400
| Speed File   : -1  PRODUCTION 1.12 2019-11-22
| Design State : Routed
----------------------------------------------------------------------------------------------------------------------------------------------------------------------------------------

Timing Report

Slack (MET) :             2.363ns  (required time - arrival time)
  Source:                 d_v2_reg/C
                            (rising edge-triggered cell FDRE clocked by clk  {rise@0.000ns fall@5.000ns period=10.000ns})
  Destination:            core/e_rs1v_reg[27]/R
                            (rising edge-triggered cell FDRE clocked by clk  {rise@0.000ns fall@5.000ns period=10.000ns})
  Path Group:             clk
  Path Type:              Setup (Max at Slow Process Corner)
  Requirement:            10.000ns  (clk rise@10.000ns - clk rise@0.000ns)
  Data Path Delay:        6.821ns  (logic 1.305ns (19.132%)  route 5.516ns (80.868%))
  Logic Levels:           5  (LUT2=2 LUT4=2 LUT6=1)
  Clock Path Skew:        -0.049ns (DCD - SCD + CPR)
    Destination Clock Delay (DCD):    0.924ns = ( 10.924 - 10.000 ) 
    Source Clock Delay      (SCD):    0.973ns
    Clock Pessimism Removal (CPR):    0.000ns
  Clock Uncertainty:      0.035ns  ((TSJ^2 + TIJ^2)^1/2 + DJ) / 2 + PE
    Total System Jitter     (TSJ):    0.071ns
    Total Input Jitter      (TIJ):    0.000ns
    Discrete Jitter          (DJ):    0.000ns
    Phase Error              (PE):    0.000ns

    Location             Delay type                Incr(ns)  Path(ns)    Netlist Resource(s)
  -------------------------------------------------------------------    -------------------
                         (clock clk rise edge)        0.000     0.000 r  
                                                      0.000     0.000 r  clk (IN)
                         net (fo=1349, unset)         0.973     0.973    clk
    SLICE_X21Y15         FDRE                                         r  d_v2_reg/C
  -------------------------------------------------------------------    -------------------
    SLICE_X21Y15         FDRE (Prop_fdre_C_Q)         0.456     1.429 f  d_v2_reg/Q
                         net (fo=42, routed)          0.905     2.334    core/d_v2
    SLICE_X24Y12                                                      f  core/m2[valid]_i_2/I1
    SLICE_X24Y12         LUT4 (Prop_lut4_I1_O)        0.124     2.458 f  core/m2[valid]_i_2/O
                         net (fo=61, routed)          0.901     3.359    core/m2_free
    SLICE_X23Y15                                                      f  core/d_insn[31]_i_3/I0
    SLICE_X23Y15         LUT4 (Prop_lut4_I0_O)        0.124     3.483 f  core/d_insn[31]_i_3/O
                         net (fo=13, routed)          0.664     4.148    core/kill
    SLICE_X19Y11                                                      f  core/e_dec[rd][4]_i_3/I0
    SLICE_X19Y11         LUT2 (Prop_lut2_I0_O)        0.119     4.267 r  core/e_dec[rd][4]_i_3/O
                         net (fo=22, routed)          0.968     5.235    core/e_dec[rs1][4]_i_1_n_0
    SLICE_X27Y14                                                      r  core/e_rs1v[31]_i_4/I5
    SLICE_X27Y14         LUT6 (Prop_lut6_I5_O)        0.332     5.567 r  core/e_rs1v[31]_i_4/O
                         net (fo=1, routed)           0.573     6.140    core/e_rs1v[31]_i_4_n_0
    SLICE_X27Y14                                                      r  core/e_rs1v[31]_i_1/I0
    SLICE_X27Y14         LUT2 (Prop_lut2_I0_O)        0.150     6.290 r  core/e_rs1v[31]_i_1/O
                         net (fo=32, routed)          1.504     7.794    core/e_rs1v[31]_i_1_n_0
    SLICE_X34Y28         FDRE                                         r  core/e_rs1v_reg[27]/R
  -------------------------------------------------------------------    -------------------

                         (clock clk rise edge)       10.000    10.000 r  
                                                      0.000    10.000 r  clk (IN)
                         net (fo=1349, unset)         0.924    10.924    core/clk
    SLICE_X34Y28         FDRE                                         r  core/e_rs1v_reg[27]/C
                         clock pessimism              0.000    10.924    
                         clock uncertainty           -0.035    10.889    
    SLICE_X34Y28         FDRE (Setup_fdre_C_R)       -0.732    10.157    core/e_rs1v_reg[27]
  -------------------------------------------------------------------
                         required time                         10.157    
                         arrival time                          -7.794    
  -------------------------------------------------------------------
                         slack                                  2.363    





NAMED label=d_rsp_error_worst slack_ns=2.602 from=d_err1_reg/C to=core/e_rs1v_reg[27]/CE levels=5
Copyright 1986-2022 Xilinx, Inc. All Rights Reserved. Copyright 2022-2025 Advanced Micro Devices, Inc. All Rights Reserved.
------------------------------------------------------------------------------------------------------------------------------------------------------------------------------------------
| Tool Version : Vivado v.2025.1 (lin64) Build 6140274 Wed May 21 22:58:25 MDT 2025
| Date         : Thu Oct  1 18:36:16 2026
| Host         : gondor running 64-bit Ubuntu 24.04.5 LTS
| Command      : report_timing -of_objects [get_timing_paths -setup -from [get_cells -hier -quiet -filter {NAME =~ *d_err1_reg* && IS_SEQUENTIAL}] -max_paths 1 -nworst 1] -return_string
| Design       : timing_aster_bram
| Device       : 7z020-clg400
| Speed File   : -1  PRODUCTION 1.12 2019-11-22
| Design State : Routed
------------------------------------------------------------------------------------------------------------------------------------------------------------------------------------------

Timing Report

Slack (MET) :             2.602ns  (required time - arrival time)
  Source:                 d_err1_reg/C
                            (rising edge-triggered cell FDRE clocked by clk  {rise@0.000ns fall@5.000ns period=10.000ns})
  Destination:            core/e_rs1v_reg[27]/CE
                            (rising edge-triggered cell FDRE clocked by clk  {rise@0.000ns fall@5.000ns period=10.000ns})
  Path Group:             clk
  Path Type:              Setup (Max at Slow Process Corner)
  Requirement:            10.000ns  (clk rise@10.000ns - clk rise@0.000ns)
  Data Path Delay:        7.145ns  (logic 1.567ns (21.932%)  route 5.578ns (78.068%))
  Logic Levels:           5  (LUT2=1 LUT3=1 LUT6=3)
  Clock Path Skew:        -0.049ns (DCD - SCD + CPR)
    Destination Clock Delay (DCD):    0.924ns = ( 10.924 - 10.000 ) 
    Source Clock Delay      (SCD):    0.973ns
    Clock Pessimism Removal (CPR):    0.000ns
  Clock Uncertainty:      0.035ns  ((TSJ^2 + TIJ^2)^1/2 + DJ) / 2 + PE
    Total System Jitter     (TSJ):    0.071ns
    Total Input Jitter      (TIJ):    0.000ns
    Discrete Jitter          (DJ):    0.000ns
    Phase Error              (PE):    0.000ns

    Location             Delay type                Incr(ns)  Path(ns)    Netlist Resource(s)
  -------------------------------------------------------------------    -------------------
                         (clock clk rise edge)        0.000     0.000 r  
                                                      0.000     0.000 r  clk (IN)
                         net (fo=1349, unset)         0.973     0.973    clk
    SLICE_X25Y15         FDRE                                         r  d_err1_reg/C
  -------------------------------------------------------------------    -------------------
    SLICE_X25Y15         FDRE (Prop_fdre_C_Q)         0.456     1.429 f  d_err1_reg/Q
                         net (fo=6, routed)           0.925     2.354    core/fetch/d_err1
    SLICE_X23Y15                                                      f  core/fetch/d_v1_i_3/I0
    SLICE_X23Y15         LUT6 (Prop_lut6_I0_O)        0.124     2.478 f  core/fetch/d_v1_i_3/O
                         net (fo=2, routed)           0.708     3.186    core/fetch/m1_trap
    SLICE_X24Y15                                                      f  core/fetch/m1[rd][4]_i_3/I4
    SLICE_X24Y15         LUT6 (Prop_lut6_I4_O)        0.124     3.310 r  core/fetch/m1[rd][4]_i_3/O
                         net (fo=7, routed)           0.835     4.145    core/fetch/e_advance
    SLICE_X23Y14                                                      r  core/fetch/e_dec[rd][4]_i_4/I0
    SLICE_X23Y14         LUT3 (Prop_lut3_I0_O)        0.150     4.295 r  core/fetch/e_dec[rd][4]_i_4/O
                         net (fo=118, routed)         1.253     5.548    core/e_free
    SLICE_X26Y14                                                      r  core/e_dec[rd][4]_i_2/I0
    SLICE_X26Y14         LUT2 (Prop_lut2_I0_O)        0.358     5.906 r  core/e_dec[rd][4]_i_2/O
                         net (fo=94, routed)          0.414     6.320    core/e_dec[rd][4]_i_2_n_0
    SLICE_X25Y14                                                      r  core/e_rs1v[31]_i_2/I0
    SLICE_X25Y14         LUT6 (Prop_lut6_I0_O)        0.355     6.675 r  core/e_rs1v[31]_i_2/O
                         net (fo=32, routed)          1.443     8.118    core/e_rs1v[31]_i_2_n_0
    SLICE_X34Y28         FDRE                                         r  core/e_rs1v_reg[27]/CE
  -------------------------------------------------------------------    -------------------

                         (clock clk rise edge)       10.000    10.000 r  
                                                      0.000    10.000 r  clk (IN)
                         net (fo=1349, unset)         0.924    10.924    core/clk
    SLICE_X34Y28         FDRE                                         r  core/e_rs1v_reg[27]/C
                         clock pessimism              0.000    10.924    
                         clock uncertainty           -0.035    10.889    
    SLICE_X34Y28         FDRE (Setup_fdre_C_CE)      -0.169    10.720    core/e_rs1v_reg[27]
  -------------------------------------------------------------------
                         required time                         10.720    
                         arrival time                          -8.118    
  -------------------------------------------------------------------
                         slack                                  2.602    





