Copyright 1986-2022 Xilinx, Inc. All Rights Reserved. Copyright 2022-2025 Advanced Micro Devices, Inc. All Rights Reserved.
----------------------------------------------------------------------------------------------------------------------------------------------------
| Tool Version : Vivado v.2025.1 (lin64) Build 6140274 Wed May 21 22:58:25 MDT 2025
| Date         : Thu Oct  8 12:43:06 2026
| Host         : gondor running 64-bit Ubuntu 24.04.5 LTS
| Command      : report_timing_summary -file build/fpga/pynq_z1/aster_soc-g2-o5end/timing_summary.rpt -warn_on_violation
| Design       : aster_soc_board_wrapper
| Device       : 7z020-clg400
| Speed File   : -1  PRODUCTION 1.12 2019-11-22
| Design State : Physopt postRoute
----------------------------------------------------------------------------------------------------------------------------------------------------

Timing Summary Report

------------------------------------------------------------------------------------------------
| Timer Settings
| --------------
------------------------------------------------------------------------------------------------

  Enable Multi Corner Analysis               :  Yes
  Enable Pessimism Removal                   :  Yes
  Pessimism Removal Resolution               :  Nearest Common Node
  Enable Input Delay Default Clock           :  No
  Enable Preset / Clear Arcs                 :  No
  Disable Flight Delays                      :  No
  Ignore I/O Paths                           :  No
  Timing Early Launch at Borrowing Latches   :  No
  Borrow Time for Max Delay Exceptions       :  Yes
  Merge Timing Exceptions                    :  Yes
  Inter-SLR Compensation                     :  Conservative

  Corner  Analyze    Analyze    
  Name    Max Paths  Min Paths  
  ------  ---------  ---------  
  Slow    Yes        Yes        
  Fast    Yes        Yes        


------------------------------------------------------------------------------------------------
| Report Methodology
| ------------------
------------------------------------------------------------------------------------------------

No report available as report_methodology has not been run prior. Run report_methodology on the current design for the summary of methodology violations.



check_timing report

Table of Contents
-----------------
1. checking no_clock (0)
2. checking constant_clock (0)
3. checking pulse_width_clock (0)
4. checking unconstrained_internal_endpoints (0)
5. checking no_input_delay (0)
6. checking no_output_delay (0)
7. checking multiple_clock (0)
8. checking generated_clocks (0)
9. checking loops (0)
10. checking partial_input_delay (0)
11. checking partial_output_delay (0)
12. checking latch_loops (0)

1. checking no_clock (0)
------------------------
 There are 0 register/latch pins with no clock.


2. checking constant_clock (0)
------------------------------
 There are 0 register/latch pins with constant_clock.


3. checking pulse_width_clock (0)
---------------------------------
 There are 0 register/latch pins which need pulse_width check


4. checking unconstrained_internal_endpoints (0)
------------------------------------------------
 There are 0 pins that are not constrained for maximum delay.

 There are 0 pins that are not constrained for maximum delay due to constant clock.


5. checking no_input_delay (0)
------------------------------
 There are 0 input ports with no input delay specified.

 There are 0 input ports with no input delay but user has a false path constraint.


6. checking no_output_delay (0)
-------------------------------
 There are 0 ports with no output delay specified.

 There are 0 ports with no output delay but user has a false path constraint

 There are 0 ports with no output delay but with a timing clock defined on it or propagating through it


7. checking multiple_clock (0)
------------------------------
 There are 0 register/latch pins with multiple clocks.


8. checking generated_clocks (0)
--------------------------------
 There are 0 generated clocks that are not connected to a clock source.


9. checking loops (0)
---------------------
 There are 0 combinational loops in the design.


10. checking partial_input_delay (0)
------------------------------------
 There are 0 input ports with partial input delay specified.


11. checking partial_output_delay (0)
-------------------------------------
 There are 0 ports with partial output delay specified.


12. checking latch_loops (0)
----------------------------
 There are 0 combinational latch loops in the design through latch input



------------------------------------------------------------------------------------------------
| Design Timing Summary
| ---------------------
------------------------------------------------------------------------------------------------

    WNS(ns)      TNS(ns)  TNS Failing Endpoints  TNS Total Endpoints      WHS(ns)      THS(ns)  THS Failing Endpoints  THS Total Endpoints     WPWS(ns)     TPWS(ns)  TPWS Failing Endpoints  TPWS Total Endpoints  
    -------      -------  ---------------------  -------------------      -------      -------  ---------------------  -------------------     --------     --------  ----------------------  --------------------  
      0.375        0.000                      0                71650        0.022        0.000                      0                71650        3.750        0.000                       0                 24811  


All user specified timing constraints are met.


------------------------------------------------------------------------------------------------
| Clock Summary
| -------------
------------------------------------------------------------------------------------------------

Clock       Waveform(ns)       Period(ns)      Frequency(MHz)
-----       ------------       ----------      --------------
clk_fpga_0  {0.000 5.000}      10.000          100.000         


------------------------------------------------------------------------------------------------
| Intra Clock Table
| -----------------
------------------------------------------------------------------------------------------------

Clock             WNS(ns)      TNS(ns)  TNS Failing Endpoints  TNS Total Endpoints      WHS(ns)      THS(ns)  THS Failing Endpoints  THS Total Endpoints     WPWS(ns)     TPWS(ns)  TPWS Failing Endpoints  TPWS Total Endpoints  
-----             -------      -------  ---------------------  -------------------      -------      -------  ---------------------  -------------------     --------     --------  ----------------------  --------------------  
clk_fpga_0          0.375        0.000                      0                71650        0.022        0.000                      0                71650        3.750        0.000                       0                 24811  


------------------------------------------------------------------------------------------------
| Inter Clock Table
| -----------------
------------------------------------------------------------------------------------------------

From Clock    To Clock          WNS(ns)      TNS(ns)  TNS Failing Endpoints  TNS Total Endpoints      WHS(ns)      THS(ns)  THS Failing Endpoints  THS Total Endpoints  
----------    --------          -------      -------  ---------------------  -------------------      -------      -------  ---------------------  -------------------  


------------------------------------------------------------------------------------------------
| Other Path Groups Table
| -----------------------
------------------------------------------------------------------------------------------------

Path Group    From Clock    To Clock          WNS(ns)      TNS(ns)  TNS Failing Endpoints  TNS Total Endpoints      WHS(ns)      THS(ns)  THS Failing Endpoints  THS Total Endpoints  
----------    ----------    --------          -------      -------  ---------------------  -------------------      -------      -------  ---------------------  -------------------  


------------------------------------------------------------------------------------------------
| Timing Details
| --------------
------------------------------------------------------------------------------------------------


---------------------------------------------------------------------------------------------------
From Clock:  clk_fpga_0
  To Clock:  clk_fpga_0

Setup :            0  Failing Endpoints,  Worst Slack        0.375ns,  Total Violation        0.000ns
Hold  :            0  Failing Endpoints,  Worst Slack        0.022ns,  Total Violation        0.000ns
PW    :            0  Failing Endpoints,  Worst Slack        3.750ns,  Total Violation        0.000ns
---------------------------------------------------------------------------------------------------


Max Delay Paths
--------------------------------------------------------------------------------------
Slack (MET) :             0.375ns  (required time - arrival time)
  Source:                 aster_soc_board_i/aster/inst/implementation/g_hart[0].core/m2_reg[result][1]/C
                            (rising edge-triggered cell FDRE clocked by clk_fpga_0  {rise@0.000ns fall@5.000ns period=10.000ns})
  Destination:            aster_soc_board_i/aster/inst/implementation/g_hart[0].core/dot8_p0_reg/A[1]
                            (rising edge-triggered cell DSP48E1 clocked by clk_fpga_0  {rise@0.000ns fall@5.000ns period=10.000ns})
  Path Group:             clk_fpga_0
  Path Type:              Setup (Max at Slow Process Corner)
  Requirement:            10.000ns  (clk_fpga_0 rise@10.000ns - clk_fpga_0 rise@0.000ns)
  Data Path Delay:        5.444ns  (logic 0.966ns (17.745%)  route 4.478ns (82.255%))
  Logic Levels:           3  (LUT2=1 LUT4=1 LUT5=1)
  Clock Path Skew:        -0.305ns (DCD - SCD + CPR)
    Destination Clock Delay (DCD):    2.733ns = ( 12.733 - 10.000 ) 
    Source Clock Delay      (SCD):    3.167ns
    Clock Pessimism Removal (CPR):    0.129ns
  Clock Uncertainty:      0.154ns  ((TSJ^2 + TIJ^2)^1/2 + DJ) / 2 + PE + UU
    Total System Jitter     (TSJ):    0.071ns
    Total Input Jitter      (TIJ):    0.300ns
    Discrete Jitter          (DJ):    0.000ns
    Phase Error              (PE):    0.000ns
    User Uncertainty         (UU):    0.000ns

    Location             Delay type                Incr(ns)  Path(ns)    Netlist Resource(s)
  -------------------------------------------------------------------    -------------------
                         (clock clk_fpga_0 rise edge)
                                                      0.000     0.000 r  
    PS7_X0Y0             PS7                          0.000     0.000 r  aster_soc_board_i/ps7/inst/PS7_i/FCLKCLK[0]
                         net (fo=1, routed)           1.193     1.193    aster_soc_board_i/ps7/inst/FCLK_CLK_unbuffered[0]
    BUFGCTRL_X0Y16       BUFG (Prop_bufg_I_O)         0.101     1.294 r  aster_soc_board_i/ps7/inst/buffer_fclk_clk_0.FCLK_CLK_0_BUFG/O
                         net (fo=24811, routed)       1.873     3.167    aster_soc_board_i/aster/inst/implementation/g_hart[0].core/aclk
    SLICE_X28Y123        FDRE                                         r  aster_soc_board_i/aster/inst/implementation/g_hart[0].core/m2_reg[result][1]/C
  -------------------------------------------------------------------    -------------------
    SLICE_X28Y123        FDRE (Prop_fdre_C_Q)         0.419     3.586 r  aster_soc_board_i/aster/inst/implementation/g_hart[0].core/m2_reg[result][1]/Q
                         net (fo=4, routed)           1.262     4.848    aster_soc_board_i/aster/inst/implementation/g_hart[0].core/fetch/s1_wdata[31]_i_2_0[1]
    SLICE_X32Y125        LUT4 (Prop_lut4_I2_O)        0.299     5.147 r  aster_soc_board_i/aster/inst/implementation/g_hart[0].core/fetch/e_rs1v[1]_i_3/O
                         net (fo=1, routed)           0.423     5.570    aster_soc_board_i/aster/inst/implementation/g_hart[0].core/fetch/e_rs1v[1]_i_3_n_0
    SLICE_X32Y126        LUT5 (Prop_lut5_I4_O)        0.124     5.694 r  aster_soc_board_i/aster/inst/implementation/g_hart[0].core/fetch/e_rs1v[1]_i_2/O
                         net (fo=34, routed)          0.663     6.356    aster_soc_board_i/aster/inst/implementation/g_hart[0].core/fetch_n_132
    SLICE_X34Y127        LUT2 (Prop_lut2_I1_O)        0.124     6.480 r  aster_soc_board_i/aster/inst/implementation/g_hart[0].core/dot8_p0_reg_i_15/O
                         net (fo=1, routed)           2.130     8.611    aster_soc_board_i/aster/inst/implementation/g_hart[0].core/dot8_p0_reg_i_15_n_0
    DSP48_X2Y29          DSP48E1                                      r  aster_soc_board_i/aster/inst/implementation/g_hart[0].core/dot8_p0_reg/A[1]
  -------------------------------------------------------------------    -------------------

                         (clock clk_fpga_0 rise edge)
                                                     10.000    10.000 r  
    PS7_X0Y0             PS7                          0.000    10.000 r  aster_soc_board_i/ps7/inst/PS7_i/FCLKCLK[0]
                         net (fo=1, routed)           1.088    11.088    aster_soc_board_i/ps7/inst/FCLK_CLK_unbuffered[0]
    BUFGCTRL_X0Y16       BUFG (Prop_bufg_I_O)         0.091    11.179 r  aster_soc_board_i/ps7/inst/buffer_fclk_clk_0.FCLK_CLK_0_BUFG/O
                         net (fo=24811, routed)       1.554    12.733    aster_soc_board_i/aster/inst/implementation/g_hart[0].core/aclk
    DSP48_X2Y29          DSP48E1                                      r  aster_soc_board_i/aster/inst/implementation/g_hart[0].core/dot8_p0_reg/CLK
                         clock pessimism              0.129    12.862    
                         clock uncertainty           -0.154    12.708    
    DSP48_X2Y29          DSP48E1 (Setup_dsp48e1_CLK_A[1])
                                                     -3.722     8.986    aster_soc_board_i/aster/inst/implementation/g_hart[0].core/dot8_p0_reg
  -------------------------------------------------------------------
                         required time                          8.986    
                         arrival time                          -8.611    
  -------------------------------------------------------------------
                         slack                                  0.375    





Min Delay Paths
--------------------------------------------------------------------------------------
Slack (MET) :             0.022ns  (arrival time - required time)
  Source:                 aster_soc_board_i/aster/inst/implementation/g_npu_buffer.e_wdata_reg[1][36]/C
                            (rising edge-triggered cell FDRE clocked by clk_fpga_0  {rise@0.000ns fall@5.000ns period=10.000ns})
  Destination:            aster_soc_board_i/aster/inst/implementation/g_npu_buffer.e_wdata_reg[0][36]/D
                            (rising edge-triggered cell FDRE clocked by clk_fpga_0  {rise@0.000ns fall@5.000ns period=10.000ns})
  Path Group:             clk_fpga_0
  Path Type:              Hold (Min at Fast Process Corner)
  Requirement:            0.000ns  (clk_fpga_0 rise@0.000ns - clk_fpga_0 rise@0.000ns)
  Data Path Delay:        0.381ns  (logic 0.186ns (48.855%)  route 0.195ns (51.145%))
  Logic Levels:           1  (LUT4=1)
  Clock Path Skew:        0.267ns (DCD - SCD - CPR)
    Destination Clock Delay (DCD):    1.189ns
    Source Clock Delay      (SCD):    0.887ns
    Clock Pessimism Removal (CPR):    0.035ns

    Location             Delay type                Incr(ns)  Path(ns)    Netlist Resource(s)
  -------------------------------------------------------------------    -------------------
                         (clock clk_fpga_0 rise edge)
                                                      0.000     0.000 r  
    PS7_X0Y0             PS7                          0.000     0.000 r  aster_soc_board_i/ps7/inst/PS7_i/FCLKCLK[0]
                         net (fo=1, routed)           0.310     0.310    aster_soc_board_i/ps7/inst/FCLK_CLK_unbuffered[0]
    BUFGCTRL_X0Y16       BUFG (Prop_bufg_I_O)         0.026     0.336 r  aster_soc_board_i/ps7/inst/buffer_fclk_clk_0.FCLK_CLK_0_BUFG/O
                         net (fo=24811, routed)       0.551     0.887    aster_soc_board_i/aster/inst/implementation/aclk
    SLICE_X51Y57         FDRE                                         r  aster_soc_board_i/aster/inst/implementation/g_npu_buffer.e_wdata_reg[1][36]/C
  -------------------------------------------------------------------    -------------------
    SLICE_X51Y57         FDRE (Prop_fdre_C_Q)         0.141     1.028 r  aster_soc_board_i/aster/inst/implementation/g_npu_buffer.e_wdata_reg[1][36]/Q
                         net (fo=1, routed)           0.195     1.222    aster_soc_board_i/aster/inst/implementation/npu/engine/g_npu_buffer.e_wdata_reg[0][63][4]
    SLICE_X48Y59         LUT4 (Prop_lut4_I0_O)        0.045     1.267 r  aster_soc_board_i/aster/inst/implementation/npu/engine/g_npu_buffer.e_wdata[0][36]_i_1/O
                         net (fo=1, routed)           0.000     1.267    aster_soc_board_i/aster/inst/implementation/npu_n_171
    SLICE_X48Y59         FDRE                                         r  aster_soc_board_i/aster/inst/implementation/g_npu_buffer.e_wdata_reg[0][36]/D
  -------------------------------------------------------------------    -------------------

                         (clock clk_fpga_0 rise edge)
                                                      0.000     0.000 r  
    PS7_X0Y0             PS7                          0.000     0.000 r  aster_soc_board_i/ps7/inst/PS7_i/FCLKCLK[0]
                         net (fo=1, routed)           0.337     0.337    aster_soc_board_i/ps7/inst/FCLK_CLK_unbuffered[0]
    BUFGCTRL_X0Y16       BUFG (Prop_bufg_I_O)         0.029     0.366 r  aster_soc_board_i/ps7/inst/buffer_fclk_clk_0.FCLK_CLK_0_BUFG/O
                         net (fo=24811, routed)       0.823     1.189    aster_soc_board_i/aster/inst/implementation/aclk
    SLICE_X48Y59         FDRE                                         r  aster_soc_board_i/aster/inst/implementation/g_npu_buffer.e_wdata_reg[0][36]/C
                         clock pessimism             -0.035     1.154    
    SLICE_X48Y59         FDRE (Hold_fdre_C_D)         0.091     1.245    aster_soc_board_i/aster/inst/implementation/g_npu_buffer.e_wdata_reg[0][36]
  -------------------------------------------------------------------
                         required time                         -1.245    
                         arrival time                           1.267    
  -------------------------------------------------------------------
                         slack                                  0.022    





Pulse Width Checks
--------------------------------------------------------------------------------------
Clock Name:         clk_fpga_0
Waveform(ns):       { 0.000 5.000 }
Period(ns):         10.000
Sources:            { aster_soc_board_i/ps7/inst/PS7_i/FCLKCLK[0] }

Check Type        Corner  Lib Pin      Reference Pin  Required(ns)  Actual(ns)  Slack(ns)  Location      Pin
Min Period        n/a     DSP48E1/CLK  n/a            3.884         10.000      6.116      DSP48_X2Y33   aster_soc_board_i/aster/inst/implementation/g_hart[0].core/pp_lh_reg/CLK
Low Pulse Width   Slow    RAMD32/CLK   n/a            1.250         5.000       3.750      SLICE_X34Y62  aster_soc_board_i/aster/inst/implementation/dma/rbuf_reg_0_3_0_5/RAMA/CLK
High Pulse Width  Slow    RAMD32/CLK   n/a            1.250         5.000       3.750      SLICE_X34Y62  aster_soc_board_i/aster/inst/implementation/dma/rbuf_reg_0_3_0_5/RAMA/CLK



