NAMED-PATH-BEGIN d_rsp_valid_to_d_req_valid
Startpoint: d_rsp_valid (input port clocked by clk)
Endpoint: d_req_valid (output port clocked by clk)
Path Group: clk
Path Type: max

   Delay     Time   Description
-----------------------------------------------------------
   0.000    0.000   clock clk (rise edge)
   0.000    0.000   clock network delay (propagated)
   2.500    2.500 ^ input external delay
   0.011    2.511 ^ d_rsp_valid (in)
   0.152    2.663 ^ input35/X (sky130_fd_sc_hd__clkbuf_2)
   0.117    2.780 ^ wire2829/X (sky130_fd_sc_hd__buf_12)
   0.057    2.837 v _14250_/Y (sky130_fd_sc_hd__nor2_4)
   0.109    2.946 v fanout1249/X (sky130_fd_sc_hd__buf_6)
   0.150    3.096 v fanout1248/X (sky130_fd_sc_hd__buf_4)
   0.155    3.250 v fanout1247/X (sky130_fd_sc_hd__buf_4)
   0.272    3.523 ^ _14254_/Y (sky130_fd_sc_hd__o31ai_4)
   0.056    3.579 v _14259_/Y (sky130_fd_sc_hd__o211ai_4)
   0.312    3.891 ^ _14261_/X (sky130_fd_sc_hd__and4bb_2)
   0.183    4.074 ^ output109/X (sky130_fd_sc_hd__buf_2)
   0.002    4.076 ^ d_req_valid (out)
            4.076   data arrival time

  12.500   12.500   clock clk (rise edge)
   0.000   12.500   clock network delay (propagated)
  -0.250   12.250   clock uncertainty
   0.000   12.250   clock reconvergence pessimism
  -2.500    9.750   output external delay
            9.750   data required time
-----------------------------------------------------------
            9.750   data required time
           -4.076   data arrival time
-----------------------------------------------------------
            5.674   slack (MET)


NAMED-PATH-END
NAMED-PATH-BEGIN d_rsp_error_to_d_req_valid
Startpoint: d_rsp_error (input port clocked by clk)
Endpoint: d_req_valid (output port clocked by clk)
Path Group: clk
Path Type: max

   Delay     Time   Description
-----------------------------------------------------------
   0.000    0.000   clock clk (rise edge)
   0.000    0.000   clock network delay (propagated)
   2.500    2.500 v input external delay
   0.003    2.503 v d_rsp_error (in)
   0.110    2.612 v input2/X (sky130_fd_sc_hd__buf_2)
   0.143    2.756 v _14245_/Y (sky130_fd_sc_hd__nand2b_2)
   0.115    2.871 v _14246_/X (sky130_fd_sc_hd__o211a_2)
   0.242    3.113 ^ _14254_/Y (sky130_fd_sc_hd__o31ai_4)
   0.056    3.170 v _14259_/Y (sky130_fd_sc_hd__o211ai_4)
   0.312    3.481 ^ _14261_/X (sky130_fd_sc_hd__and4bb_2)
   0.183    3.665 ^ output109/X (sky130_fd_sc_hd__buf_2)
   0.002    3.667 ^ d_req_valid (out)
            3.667   data arrival time

  12.500   12.500   clock clk (rise edge)
   0.000   12.500   clock network delay (propagated)
  -0.250   12.250   clock uncertainty
   0.000   12.250   clock reconvergence pessimism
  -2.500    9.750   output external delay
            9.750   data required time
-----------------------------------------------------------
            9.750   data required time
           -3.667   data arrival time
-----------------------------------------------------------
            6.083   slack (MET)


NAMED-PATH-END
