NAMED-PATH-BEGIN d_rsp_valid_to_d_req_valid
Startpoint: d_rsp_valid (input port clocked by clk)
Endpoint: d_req_valid (output port clocked by clk)
Path Group: clk
Path Type: max

   Delay     Time   Description
-----------------------------------------------------------
   0.000    0.000   clock clk (rise edge)
   0.000    0.000   clock network delay (propagated)
   2.000    2.000 ^ input external delay
   0.016    2.016 ^ d_rsp_valid (in)
   0.601    2.617 ^ input35/X (sky130_fd_sc_hd__buf_2)
   0.713    3.331 ^ fanout2727/X (sky130_fd_sc_hd__dlymetal6s2s_1)
   0.395    3.725 ^ load_slew2728/X (sky130_fd_sc_hd__buf_6)
   0.634    4.359 v _07429_/X (sky130_fd_sc_hd__and4bb_2)
   0.426    4.785 v fanout1217/X (sky130_fd_sc_hd__clkbuf_4)
   0.469    5.254 ^ _07434_/Y (sky130_fd_sc_hd__a221oi_4)
   0.333    5.586 v _07435_/Y (sky130_fd_sc_hd__nand3b_2)
   0.247    5.833 ^ _07436_/Y (sky130_fd_sc_hd__inv_4)
   0.677    6.510 ^ _07437_/X (sky130_fd_sc_hd__and4_4)
   0.296    6.806 ^ output109/X (sky130_fd_sc_hd__buf_8)
   0.001    6.807 ^ d_req_valid (out)
            6.807   data arrival time

  10.000   10.000   clock clk (rise edge)
   0.000   10.000   clock network delay (propagated)
  -0.250    9.750   clock uncertainty
   0.000    9.750   clock reconvergence pessimism
  -2.000    7.750   output external delay
            7.750   data required time
-----------------------------------------------------------
            7.750   data required time
           -6.807   data arrival time
-----------------------------------------------------------
            0.943   slack (MET)


NAMED-PATH-END
NAMED-PATH-BEGIN d_rsp_error_to_d_req_valid
Startpoint: d_rsp_error (input port clocked by clk)
Endpoint: d_req_valid (output port clocked by clk)
Path Group: clk
Path Type: max

   Delay     Time   Description
-----------------------------------------------------------
   0.000    0.000   clock clk (rise edge)
   0.000    0.000   clock network delay (propagated)
   2.000    2.000 v input external delay
   0.012    2.012 v d_rsp_error (in)
   0.244    2.257 v input2/X (sky130_fd_sc_hd__clkbuf_1)
   0.293    2.550 v wire2731/X (sky130_fd_sc_hd__buf_6)
   0.422    2.972 v _07421_/Y (sky130_fd_sc_hd__nand2b_2)
   0.281    3.253 v _07422_/X (sky130_fd_sc_hd__o211a_2)
   0.581    3.834 ^ _07424_/Y (sky130_fd_sc_hd__o21ai_2)
   0.885    4.719 ^ fanout670/X (sky130_fd_sc_hd__dlygate4sd1_1)
   0.343    5.063 v _07435_/Y (sky130_fd_sc_hd__nand3b_2)
   0.247    5.310 ^ _07436_/Y (sky130_fd_sc_hd__inv_4)
   0.677    5.986 ^ _07437_/X (sky130_fd_sc_hd__and4_4)
   0.296    6.282 ^ output109/X (sky130_fd_sc_hd__buf_8)
   0.001    6.283 ^ d_req_valid (out)
            6.283   data arrival time

  10.000   10.000   clock clk (rise edge)
   0.000   10.000   clock network delay (propagated)
  -0.250    9.750   clock uncertainty
   0.000    9.750   clock reconvergence pessimism
  -2.000    7.750   output external delay
            7.750   data required time
-----------------------------------------------------------
            7.750   data required time
           -6.283   data arrival time
-----------------------------------------------------------
            1.467   slack (MET)


NAMED-PATH-END
