NAMED-PATH-BEGIN d_rsp_valid_to_d_req_valid
Startpoint: d_rsp_valid (input port clocked by clk)
Endpoint: d_req_valid (output port clocked by clk)
Path Group: clk
Path Type: max

   Delay     Time   Description
-----------------------------------------------------------
   0.000    0.000   clock clk (rise edge)
   0.000    0.000   clock network delay (propagated)
   2.000    2.000 ^ input external delay
   0.014    2.014 ^ d_rsp_valid (in)
   0.193    2.207 ^ input35/X (sky130_fd_sc_hd__buf_2)
   0.459    2.666 ^ fanout3562/X (sky130_fd_sc_hd__buf_2)
   0.402    3.068 ^ fanout3560/X (sky130_fd_sc_hd__buf_2)
   0.088    3.157 v _19293_/Y (sky130_fd_sc_hd__nor2_4)
   0.145    3.302 v fanout1329/X (sky130_fd_sc_hd__buf_12)
   0.154    3.456 v fanout1328/X (sky130_fd_sc_hd__buf_6)
   0.156    3.612 v fanout1327/X (sky130_fd_sc_hd__buf_12)
   0.175    3.787 v fanout1326/X (sky130_fd_sc_hd__clkbuf_4)
   0.155    3.943 v fanout1325/X (sky130_fd_sc_hd__buf_8)
   0.260    4.203 ^ _19300_/Y (sky130_fd_sc_hd__o21ai_4)
   0.240    4.443 ^ _19307_/X (sky130_fd_sc_hd__and3_2)
   0.195    4.638 ^ _19326_/X (sky130_fd_sc_hd__o211a_2)
   0.330    4.968 ^ _19327_/X (sky130_fd_sc_hd__and2_2)
   0.305    5.273 ^ output109/X (sky130_fd_sc_hd__buf_2)
   0.002    5.276 ^ d_req_valid (out)
            5.276   data arrival time

  10.000   10.000   clock clk (rise edge)
   0.000   10.000   clock network delay (propagated)
  -0.250    9.750   clock uncertainty
   0.000    9.750   clock reconvergence pessimism
  -2.000    7.750   output external delay
            7.750   data required time
-----------------------------------------------------------
            7.750   data required time
           -5.276   data arrival time
-----------------------------------------------------------
            2.474   slack (MET)


NAMED-PATH-END
NAMED-PATH-BEGIN d_rsp_error_to_d_req_valid
Startpoint: d_rsp_error (input port clocked by clk)
Endpoint: d_req_valid (output port clocked by clk)
Path Group: clk
Path Type: max

   Delay     Time   Description
-----------------------------------------------------------
   0.000    0.000   clock clk (rise edge)
   0.000    0.000   clock network delay (propagated)
   2.000    2.000 v input external delay
   0.005    2.005 v d_rsp_error (in)
   0.197    2.202 v input2/X (sky130_fd_sc_hd__buf_2)
   0.240    2.442 v _19296_/Y (sky130_fd_sc_hd__nand2b_2)
   0.206    2.648 v _19297_/X (sky130_fd_sc_hd__o211a_2)
   0.445    3.093 v _19298_/X (sky130_fd_sc_hd__or2_2)
   0.321    3.414 ^ _19300_/Y (sky130_fd_sc_hd__o21ai_4)
   0.240    3.654 ^ _19307_/X (sky130_fd_sc_hd__and3_2)
   0.195    3.850 ^ _19326_/X (sky130_fd_sc_hd__o211a_2)
   0.330    4.179 ^ _19327_/X (sky130_fd_sc_hd__and2_2)
   0.305    4.485 ^ output109/X (sky130_fd_sc_hd__buf_2)
   0.002    4.487 ^ d_req_valid (out)
            4.487   data arrival time

  10.000   10.000   clock clk (rise edge)
   0.000   10.000   clock network delay (propagated)
  -0.250    9.750   clock uncertainty
   0.000    9.750   clock reconvergence pessimism
  -2.000    7.750   output external delay
            7.750   data required time
-----------------------------------------------------------
            7.750   data required time
           -4.487   data arrival time
-----------------------------------------------------------
            3.263   slack (MET)


NAMED-PATH-END
