NAMED-PATH-BEGIN d_rsp_valid_to_d_req_valid
Startpoint: d_rsp_valid (input port clocked by clk)
Endpoint: d_req_valid (output port clocked by clk)
Path Group: clk
Path Type: max

   Delay     Time   Description
-----------------------------------------------------------
   0.000    0.000   clock clk (rise edge)
   0.000    0.000   clock network delay (propagated)
   2.000    2.000 ^ input external delay
   0.017    2.017 ^ d_rsp_valid (in)
   0.358    2.376 ^ input35/X (sky130_fd_sc_hd__clkbuf_1)
   0.381    2.757 ^ wire2987/X (sky130_fd_sc_hd__buf_12)
   0.332    3.089 ^ fanout2985/X (sky130_fd_sc_hd__clkbuf_2)
   0.681    3.770 v _07785_/X (sky130_fd_sc_hd__and4bb_2)
   0.380    4.150 v fanout1557/X (sky130_fd_sc_hd__clkbuf_4)
   1.286    5.436 v fanout1555/X (sky130_fd_sc_hd__dlygate4sd3_1)
   0.322    5.758 v load_slew1556/X (sky130_fd_sc_hd__buf_6)
   0.239    5.996 ^ _07788_/Y (sky130_fd_sc_hd__nand2_4)
   0.481    6.477 ^ _07795_/X (sky130_fd_sc_hd__and3_4)
   0.430    6.908 ^ fanout535/X (sky130_fd_sc_hd__buf_4)
   0.836    7.743 ^ _07796_/X (sky130_fd_sc_hd__and4_2)
   0.808    8.551 ^ output109/X (sky130_fd_sc_hd__dlymetal6s4s_1)
   0.001    8.552 ^ d_req_valid (out)
            8.552   data arrival time

  10.000   10.000   clock clk (rise edge)
   0.000   10.000   clock network delay (propagated)
  -0.250    9.750   clock uncertainty
   0.000    9.750   clock reconvergence pessimism
  -2.000    7.750   output external delay
            7.750   data required time
-----------------------------------------------------------
            7.750   data required time
           -8.552   data arrival time
-----------------------------------------------------------
           -0.802   slack (VIOLATED)


NAMED-PATH-END
NAMED-PATH-BEGIN d_rsp_error_to_d_req_valid
Startpoint: d_rsp_error (input port clocked by clk)
Endpoint: d_req_valid (output port clocked by clk)
Path Group: clk
Path Type: max

   Delay     Time   Description
-----------------------------------------------------------
   0.000    0.000   clock clk (rise edge)
   0.000    0.000   clock network delay (propagated)
   2.000    2.000 v input external delay
   0.012    2.012 v d_rsp_error (in)
   0.238    2.250 v input2/X (sky130_fd_sc_hd__clkbuf_1)
   0.350    2.600 v wire2993/X (sky130_fd_sc_hd__buf_4)
   0.396    2.995 v _07792_/Y (sky130_fd_sc_hd__nand2b_2)
   0.398    3.393 v _07793_/X (sky130_fd_sc_hd__o211a_2)
   0.527    3.920 ^ _07794_/Y (sky130_fd_sc_hd__o21ai_2)
   1.166    5.086 ^ fanout727/X (sky130_fd_sc_hd__dlymetal6s4s_1)
   0.746    5.832 ^ _07795_/X (sky130_fd_sc_hd__and3_4)
   0.430    6.262 ^ fanout535/X (sky130_fd_sc_hd__buf_4)
   0.836    7.098 ^ _07796_/X (sky130_fd_sc_hd__and4_2)
   0.808    7.905 ^ output109/X (sky130_fd_sc_hd__dlymetal6s4s_1)
   0.001    7.906 ^ d_req_valid (out)
            7.906   data arrival time

  10.000   10.000   clock clk (rise edge)
   0.000   10.000   clock network delay (propagated)
  -0.250    9.750   clock uncertainty
   0.000    9.750   clock reconvergence pessimism
  -2.000    7.750   output external delay
            7.750   data required time
-----------------------------------------------------------
            7.750   data required time
           -7.906   data arrival time
-----------------------------------------------------------
           -0.156   slack (VIOLATED)


NAMED-PATH-END
