NAMED-PATH-BEGIN d_rsp_valid_to_d_req_valid
Startpoint: d_rsp_valid (input port clocked by clk)
Endpoint: d_req_valid (output port clocked by clk)
Path Group: clk
Path Type: max

   Delay     Time   Description
-----------------------------------------------------------
   0.000    0.000   clock clk (rise edge)
   0.000    0.000   clock network delay (propagated)
   2.000    2.000 ^ input external delay
   0.008    2.008 ^ d_rsp_valid (in)
   0.209    2.217 ^ input35/X (sky130_fd_sc_hd__buf_2)
   0.207    2.425 ^ fanout1816/X (sky130_fd_sc_hd__buf_2)
   0.177    2.602 v _07762_/X (sky130_fd_sc_hd__and4bb_4)
   0.139    2.741 v fanout975/X (sky130_fd_sc_hd__clkbuf_4)
   0.173    2.914 ^ _07765_/Y (sky130_fd_sc_hd__nand2_2)
   0.142    3.056 ^ _07770_/X (sky130_fd_sc_hd__and3_4)
   0.135    3.192 ^ fanout425/X (sky130_fd_sc_hd__buf_6)
   0.215    3.407 ^ _07771_/X (sky130_fd_sc_hd__and4_4)
   0.099    3.506 ^ output109/X (sky130_fd_sc_hd__buf_8)
   0.001    3.507 ^ d_req_valid (out)
            3.507   data arrival time

  10.000   10.000   clock clk (rise edge)
   0.000   10.000   clock network delay (propagated)
  -0.250    9.750   clock uncertainty
   0.000    9.750   clock reconvergence pessimism
  -2.000    7.750   output external delay
            7.750   data required time
-----------------------------------------------------------
            7.750   data required time
           -3.507   data arrival time
-----------------------------------------------------------
            4.243   slack (MET)


NAMED-PATH-END
NAMED-PATH-BEGIN d_rsp_error_to_d_req_valid
Startpoint: d_rsp_error (input port clocked by clk)
Endpoint: d_req_valid (output port clocked by clk)
Path Group: clk
Path Type: max

   Delay     Time   Description
-----------------------------------------------------------
   0.000    0.000   clock clk (rise edge)
   0.000    0.000   clock network delay (propagated)
   2.000    2.000 v input external delay
   0.002    2.002 v d_rsp_error (in)
   0.141    2.143 v input2/X (sky130_fd_sc_hd__buf_2)
   0.160    2.303 v _07756_/Y (sky130_fd_sc_hd__nand2b_2)
   0.104    2.408 v _07757_/X (sky130_fd_sc_hd__o211a_2)
   0.173    2.581 ^ _07760_/Y (sky130_fd_sc_hd__o21ai_2)
   0.137    2.718 ^ fanout577/X (sky130_fd_sc_hd__buf_6)
   0.135    2.853 ^ _07770_/X (sky130_fd_sc_hd__and3_4)
   0.135    2.989 ^ fanout425/X (sky130_fd_sc_hd__buf_6)
   0.215    3.204 ^ _07771_/X (sky130_fd_sc_hd__and4_4)
   0.099    3.303 ^ output109/X (sky130_fd_sc_hd__buf_8)
   0.001    3.304 ^ d_req_valid (out)
            3.304   data arrival time

  10.000   10.000   clock clk (rise edge)
   0.000   10.000   clock network delay (propagated)
  -0.250    9.750   clock uncertainty
   0.000    9.750   clock reconvergence pessimism
  -2.000    7.750   output external delay
            7.750   data required time
-----------------------------------------------------------
            7.750   data required time
           -3.304   data arrival time
-----------------------------------------------------------
            4.446   slack (MET)


NAMED-PATH-END
