NAMED-PATH-BEGIN d_rsp_valid_to_d_req_valid
Startpoint: d_rsp_valid (input port clocked by clk)
Endpoint: d_req_valid (output port clocked by clk)
Path Group: clk
Path Type: max

   Delay     Time   Description
-----------------------------------------------------------
   0.000    0.000   clock clk (rise edge)
   0.000    0.000   clock network delay (propagated)
   2.000    2.000 ^ input external delay
   0.009    2.009 ^ d_rsp_valid (in)
   0.214    2.222 ^ input35/X (sky130_fd_sc_hd__buf_2)
   0.215    2.437 ^ fanout1816/X (sky130_fd_sc_hd__buf_2)
   0.181    2.618 v _07762_/X (sky130_fd_sc_hd__and4bb_4)
   0.140    2.759 v fanout975/X (sky130_fd_sc_hd__clkbuf_4)
   0.182    2.940 ^ _07765_/Y (sky130_fd_sc_hd__nand2_2)
   0.144    3.085 ^ _07770_/X (sky130_fd_sc_hd__and3_4)
   0.137    3.222 ^ fanout425/X (sky130_fd_sc_hd__buf_6)
   0.218    3.440 ^ _07771_/X (sky130_fd_sc_hd__and4_4)
   0.101    3.541 ^ output109/X (sky130_fd_sc_hd__buf_8)
   0.002    3.543 ^ d_req_valid (out)
            3.543   data arrival time

  10.000   10.000   clock clk (rise edge)
   0.000   10.000   clock network delay (propagated)
  -0.250    9.750   clock uncertainty
   0.000    9.750   clock reconvergence pessimism
  -2.000    7.750   output external delay
            7.750   data required time
-----------------------------------------------------------
            7.750   data required time
           -3.543   data arrival time
-----------------------------------------------------------
            4.207   slack (MET)


NAMED-PATH-END
NAMED-PATH-BEGIN d_rsp_error_to_d_req_valid
Startpoint: d_rsp_error (input port clocked by clk)
Endpoint: d_req_valid (output port clocked by clk)
Path Group: clk
Path Type: max

   Delay     Time   Description
-----------------------------------------------------------
   0.000    0.000   clock clk (rise edge)
   0.000    0.000   clock network delay (propagated)
   2.000    2.000 v input external delay
   0.003    2.003 v d_rsp_error (in)
   0.143    2.145 v input2/X (sky130_fd_sc_hd__buf_2)
   0.166    2.311 v _07756_/Y (sky130_fd_sc_hd__nand2b_2)
   0.106    2.417 v _07757_/X (sky130_fd_sc_hd__o211a_2)
   0.178    2.595 ^ _07760_/Y (sky130_fd_sc_hd__o21ai_2)
   0.139    2.734 ^ fanout577/X (sky130_fd_sc_hd__buf_6)
   0.142    2.876 ^ _07770_/X (sky130_fd_sc_hd__and3_4)
   0.137    3.013 ^ fanout425/X (sky130_fd_sc_hd__buf_6)
   0.218    3.231 ^ _07771_/X (sky130_fd_sc_hd__and4_4)
   0.101    3.333 ^ output109/X (sky130_fd_sc_hd__buf_8)
   0.002    3.335 ^ d_req_valid (out)
            3.335   data arrival time

  10.000   10.000   clock clk (rise edge)
   0.000   10.000   clock network delay (propagated)
  -0.250    9.750   clock uncertainty
   0.000    9.750   clock reconvergence pessimism
  -2.000    7.750   output external delay
            7.750   data required time
-----------------------------------------------------------
            7.750   data required time
           -3.335   data arrival time
-----------------------------------------------------------
            4.415   slack (MET)


NAMED-PATH-END
