NAMED-PATH-BEGIN d_rsp_valid_to_d_req_valid
Startpoint: d_rsp_valid (input port clocked by clk)
Endpoint: d_req_valid (output port clocked by clk)
Path Group: clk
Path Type: max

   Delay     Time   Description
-----------------------------------------------------------
   0.000    0.000   clock clk (rise edge)
   0.000    0.000   clock network delay (propagated)
   2.000    2.000 ^ input external delay
   0.015    2.015 ^ d_rsp_valid (in)
   0.074    2.089 ^ hold3930/X (sky130_fd_sc_hd__clkbuf_1)
   0.122    2.211 ^ input35/X (sky130_fd_sc_hd__clkbuf_4)
   0.167    2.378 ^ hold3931/X (sky130_fd_sc_hd__clkbuf_1)
   0.212    2.590 ^ wire3044/X (sky130_fd_sc_hd__buf_12)
   0.283    2.872 ^ fanout3043/X (sky130_fd_sc_hd__clkbuf_4)
   0.261    3.133 ^ fanout3042/X (sky130_fd_sc_hd__clkbuf_4)
   0.082    3.215 v _14918_/Y (sky130_fd_sc_hd__nor2_4)
   0.144    3.359 v fanout1347/X (sky130_fd_sc_hd__buf_12)
   0.267    3.627 ^ _14925_/Y (sky130_fd_sc_hd__o31ai_4)
   0.165    3.792 ^ max_cap862/X (sky130_fd_sc_hd__buf_6)
   0.125    3.917 v _14932_/Y (sky130_fd_sc_hd__o2111ai_4)
   0.164    4.081 v rebuffer3093/X (sky130_fd_sc_hd__buf_6)
   0.293    4.374 ^ _14933_/Y (sky130_fd_sc_hd__nor3_4)
   0.189    4.563 ^ wire420/X (sky130_fd_sc_hd__buf_6)
   0.135    4.698 ^ output109/X (sky130_fd_sc_hd__buf_8)
   0.001    4.699 ^ d_req_valid (out)
            4.699   data arrival time

  10.000   10.000   clock clk (rise edge)
   0.000   10.000   clock network delay (propagated)
  -0.250    9.750   clock uncertainty
   0.000    9.750   clock reconvergence pessimism
  -2.000    7.750   output external delay
            7.750   data required time
-----------------------------------------------------------
            7.750   data required time
           -4.699   data arrival time
-----------------------------------------------------------
            3.051   slack (MET)


NAMED-PATH-END
NAMED-PATH-BEGIN d_rsp_error_to_d_req_valid
Startpoint: d_rsp_error (input port clocked by clk)
Endpoint: d_req_valid (output port clocked by clk)
Path Group: clk
Path Type: max

   Delay     Time   Description
-----------------------------------------------------------
   0.000    0.000   clock clk (rise edge)
   0.000    0.000   clock network delay (propagated)
   2.000    2.000 v input external delay
   0.007    2.007 v d_rsp_error (in)
   0.075    2.081 v hold3948/X (sky130_fd_sc_hd__clkbuf_1)
   0.199    2.280 v input2/X (sky130_fd_sc_hd__clkbuf_2)
   0.203    2.483 v wire3048/X (sky130_fd_sc_hd__buf_12)
   0.220    2.703 v _14922_/Y (sky130_fd_sc_hd__nand2b_2)
   0.208    2.911 v _14923_/X (sky130_fd_sc_hd__o211a_2)
   0.247    3.158 ^ _14925_/Y (sky130_fd_sc_hd__o31ai_4)
   0.165    3.324 ^ max_cap862/X (sky130_fd_sc_hd__buf_6)
   0.125    3.449 v _14932_/Y (sky130_fd_sc_hd__o2111ai_4)
   0.164    3.613 v rebuffer3093/X (sky130_fd_sc_hd__buf_6)
   0.293    3.906 ^ _14933_/Y (sky130_fd_sc_hd__nor3_4)
   0.189    4.095 ^ wire420/X (sky130_fd_sc_hd__buf_6)
   0.135    4.229 ^ output109/X (sky130_fd_sc_hd__buf_8)
   0.001    4.231 ^ d_req_valid (out)
            4.231   data arrival time

  10.000   10.000   clock clk (rise edge)
   0.000   10.000   clock network delay (propagated)
  -0.250    9.750   clock uncertainty
   0.000    9.750   clock reconvergence pessimism
  -2.000    7.750   output external delay
            7.750   data required time
-----------------------------------------------------------
            7.750   data required time
           -4.231   data arrival time
-----------------------------------------------------------
            3.519   slack (MET)


NAMED-PATH-END
