NAMED-PATH-BEGIN d_rsp_valid_to_d_req_valid
Startpoint: d_rsp_valid (input port clocked by clk)
Endpoint: d_req_valid (output port clocked by clk)
Path Group: clk
Path Type: max

   Delay     Time   Description
-----------------------------------------------------------
   0.000    0.000   clock clk (rise edge)
   0.000    0.000   clock network delay (propagated)
   2.000    2.000 ^ input external delay
   0.046    2.046 ^ d_rsp_valid (in)
   0.211    2.257 ^ hold3723/X (sky130_fd_sc_hd__clkbuf_1)
   0.416    2.673 ^ input35/X (sky130_fd_sc_hd__clkbuf_2)
   0.354    3.027 ^ wire2829/X (sky130_fd_sc_hd__buf_12)
   0.148    3.175 v _14250_/Y (sky130_fd_sc_hd__nor2_4)
   0.298    3.473 v fanout1249/X (sky130_fd_sc_hd__buf_6)
   0.305    3.778 v fanout1248/X (sky130_fd_sc_hd__buf_12)
   0.296    4.074 v fanout1247/X (sky130_fd_sc_hd__buf_6)
   0.530    4.604 ^ _14254_/Y (sky130_fd_sc_hd__o31ai_4)
   0.348    4.952 v _14259_/Y (sky130_fd_sc_hd__o211ai_4)
   0.281    5.233 v rebuffer2925/X (sky130_fd_sc_hd__buf_6)
   0.935    6.168 ^ _14261_/X (sky130_fd_sc_hd__and4bb_4)
   0.316    6.484 ^ output109/X (sky130_fd_sc_hd__buf_8)
   0.002    6.486 ^ d_req_valid (out)
            6.486   data arrival time

  10.000   10.000   clock clk (rise edge)
   0.000   10.000   clock network delay (propagated)
  -0.250    9.750   clock uncertainty
   0.000    9.750   clock reconvergence pessimism
  -2.000    7.750   output external delay
            7.750   data required time
-----------------------------------------------------------
            7.750   data required time
           -6.486   data arrival time
-----------------------------------------------------------
            1.264   slack (MET)


NAMED-PATH-END
NAMED-PATH-BEGIN d_rsp_error_to_d_req_valid
Startpoint: d_rsp_error (input port clocked by clk)
Endpoint: d_req_valid (output port clocked by clk)
Path Group: clk
Path Type: max

   Delay     Time   Description
-----------------------------------------------------------
   0.000    0.000   clock clk (rise edge)
   0.000    0.000   clock network delay (propagated)
   2.000    2.000 v input external delay
   0.037    2.037 v d_rsp_error (in)
   0.223    2.260 v hold3636/X (sky130_fd_sc_hd__clkbuf_1)
   0.337    2.597 v input2/X (sky130_fd_sc_hd__buf_2)
   0.320    2.918 v hold3637/X (sky130_fd_sc_hd__clkbuf_1)
   0.498    3.416 v _14245_/Y (sky130_fd_sc_hd__nand2b_2)
   0.351    3.767 v _14246_/X (sky130_fd_sc_hd__o211a_2)
   0.634    4.401 ^ _14254_/Y (sky130_fd_sc_hd__o31ai_4)
   0.348    4.749 v _14259_/Y (sky130_fd_sc_hd__o211ai_4)
   0.281    5.030 v rebuffer2925/X (sky130_fd_sc_hd__buf_6)
   0.935    5.965 ^ _14261_/X (sky130_fd_sc_hd__and4bb_4)
   0.316    6.281 ^ output109/X (sky130_fd_sc_hd__buf_8)
   0.002    6.283 ^ d_req_valid (out)
            6.283   data arrival time

  10.000   10.000   clock clk (rise edge)
   0.000   10.000   clock network delay (propagated)
  -0.250    9.750   clock uncertainty
   0.000    9.750   clock reconvergence pessimism
  -2.000    7.750   output external delay
            7.750   data required time
-----------------------------------------------------------
            7.750   data required time
           -6.283   data arrival time
-----------------------------------------------------------
            1.467   slack (MET)


NAMED-PATH-END
