NAMED-PATH-BEGIN d_rsp_valid_to_d_req_valid
Startpoint: d_rsp_valid (input port clocked by clk)
Endpoint: d_req_valid (output port clocked by clk)
Path Group: clk
Path Type: max

   Delay     Time   Description
-----------------------------------------------------------
   0.000    0.000   clock clk (rise edge)
   0.000    0.000   clock network delay (propagated)
   2.000    2.000 ^ input external delay
   0.011    2.011 ^ d_rsp_valid (in)
   0.275    2.287 ^ input35/X (sky130_fd_sc_hd__buf_2)
   0.295    2.582 ^ fanout1860/X (sky130_fd_sc_hd__buf_2)
   0.300    2.882 v _07762_/X (sky130_fd_sc_hd__and4bb_2)
   0.229    3.111 v fanout1017/X (sky130_fd_sc_hd__clkbuf_4)
   0.222    3.333 ^ _07765_/Y (sky130_fd_sc_hd__nand2_2)
   0.245    3.578 ^ _07770_/X (sky130_fd_sc_hd__and3_4)
   0.191    3.769 ^ fanout430/X (sky130_fd_sc_hd__buf_6)
   0.335    4.104 ^ _07771_/X (sky130_fd_sc_hd__and4_4)
   0.236    4.340 ^ output109/X (sky130_fd_sc_hd__clkbuf_4)
   0.001    4.341 ^ d_req_valid (out)
            4.341   data arrival time

  10.000   10.000   clock clk (rise edge)
   0.000   10.000   clock network delay (propagated)
  -0.250    9.750   clock uncertainty
   0.000    9.750   clock reconvergence pessimism
  -2.000    7.750   output external delay
            7.750   data required time
-----------------------------------------------------------
            7.750   data required time
           -4.341   data arrival time
-----------------------------------------------------------
            3.409   slack (MET)


NAMED-PATH-END
NAMED-PATH-BEGIN d_rsp_error_to_d_req_valid
Startpoint: d_rsp_error (input port clocked by clk)
Endpoint: d_req_valid (output port clocked by clk)
Path Group: clk
Path Type: max

   Delay     Time   Description
-----------------------------------------------------------
   0.000    0.000   clock clk (rise edge)
   0.000    0.000   clock network delay (propagated)
   2.000    2.000 v input external delay
   0.005    2.005 v d_rsp_error (in)
   0.228    2.232 v input2/X (sky130_fd_sc_hd__buf_2)
   0.261    2.493 v _07756_/Y (sky130_fd_sc_hd__nand2b_2)
   0.162    2.655 v _07757_/X (sky130_fd_sc_hd__o211a_2)
   0.296    2.951 ^ _07760_/Y (sky130_fd_sc_hd__o21ai_2)
   0.179    3.130 ^ fanout587/X (sky130_fd_sc_hd__buf_12)
   0.197    3.328 ^ _07770_/X (sky130_fd_sc_hd__and3_4)
   0.191    3.518 ^ fanout430/X (sky130_fd_sc_hd__buf_6)
   0.335    3.853 ^ _07771_/X (sky130_fd_sc_hd__and4_4)
   0.236    4.089 ^ output109/X (sky130_fd_sc_hd__clkbuf_4)
   0.001    4.090 ^ d_req_valid (out)
            4.090   data arrival time

  10.000   10.000   clock clk (rise edge)
   0.000   10.000   clock network delay (propagated)
  -0.250    9.750   clock uncertainty
   0.000    9.750   clock reconvergence pessimism
  -2.000    7.750   output external delay
            7.750   data required time
-----------------------------------------------------------
            7.750   data required time
           -4.090   data arrival time
-----------------------------------------------------------
            3.660   slack (MET)


NAMED-PATH-END
