NAMED-PATH-BEGIN d_rsp_valid_to_d_req_valid
Startpoint: d_rsp_valid (input port clocked by clk)
Endpoint: d_req_valid (output port clocked by clk)
Path Group: clk
Path Type: max

   Delay     Time   Description
-----------------------------------------------------------
   0.000    0.000   clock clk (rise edge)
   0.000    0.000   clock network delay (propagated)
   2.000    2.000 ^ input external delay
   0.013    2.013 ^ d_rsp_valid (in)
   0.171    2.183 ^ input35/X (sky130_fd_sc_hd__buf_2)
   0.251    2.434 ^ hold4472/X (sky130_fd_sc_hd__clkbuf_1)
   0.285    2.719 ^ fanout3571/X (sky130_fd_sc_hd__buf_2)
   0.200    2.919 ^ _17154_/Y (sky130_fd_sc_hd__nand2b_2)
   0.238    3.158 ^ fanout1869/X (sky130_fd_sc_hd__buf_2)
   0.297    3.455 v _17159_/X (sky130_fd_sc_hd__and4bb_4)
   0.166    3.621 v load_slew1393/X (sky130_fd_sc_hd__buf_12)
   0.607    4.228 v _17161_/X (sky130_fd_sc_hd__or4b_4)
   0.161    4.388 v rebuffer3624/X (sky130_fd_sc_hd__buf_6)
   0.264    4.652 ^ _17162_/Y (sky130_fd_sc_hd__nor3_4)
   0.164    4.816 ^ wire451/X (sky130_fd_sc_hd__buf_6)
   0.215    5.031 ^ output109/X (sky130_fd_sc_hd__buf_2)
   0.001    5.032 ^ d_req_valid (out)
            5.032   data arrival time

  10.000   10.000   clock clk (rise edge)
   0.000   10.000   clock network delay (propagated)
  -0.250    9.750   clock uncertainty
   0.000    9.750   clock reconvergence pessimism
  -2.000    7.750   output external delay
            7.750   data required time
-----------------------------------------------------------
            7.750   data required time
           -5.032   data arrival time
-----------------------------------------------------------
            2.718   slack (MET)


NAMED-PATH-END
NAMED-PATH-BEGIN d_rsp_error_to_d_req_valid
Startpoint: d_rsp_error (input port clocked by clk)
Endpoint: d_req_valid (output port clocked by clk)
Path Group: clk
Path Type: max

   Delay     Time   Description
-----------------------------------------------------------
   0.000    0.000   clock clk (rise edge)
   0.000    0.000   clock network delay (propagated)
   2.000    2.000 v input external delay
   0.005    2.005 v d_rsp_error (in)
   0.189    2.195 v input2/X (sky130_fd_sc_hd__buf_2)
   0.218    2.413 v _17149_/Y (sky130_fd_sc_hd__nand2b_2)
   0.129    2.542 v _17150_/X (sky130_fd_sc_hd__o211a_2)
   0.331    2.873 v _17152_/X (sky130_fd_sc_hd__o21a_2)
   0.665    3.538 v _17161_/X (sky130_fd_sc_hd__or4b_4)
   0.161    3.699 v rebuffer3624/X (sky130_fd_sc_hd__buf_6)
   0.264    3.962 ^ _17162_/Y (sky130_fd_sc_hd__nor3_4)
   0.164    4.126 ^ wire451/X (sky130_fd_sc_hd__buf_6)
   0.215    4.342 ^ output109/X (sky130_fd_sc_hd__buf_2)
   0.001    4.342 ^ d_req_valid (out)
            4.342   data arrival time

  10.000   10.000   clock clk (rise edge)
   0.000   10.000   clock network delay (propagated)
  -0.250    9.750   clock uncertainty
   0.000    9.750   clock reconvergence pessimism
  -2.000    7.750   output external delay
            7.750   data required time
-----------------------------------------------------------
            7.750   data required time
           -4.342   data arrival time
-----------------------------------------------------------
            3.408   slack (MET)


NAMED-PATH-END
