NAMED-PATH-BEGIN d_rsp_valid_to_d_req_valid
Startpoint: d_rsp_valid (input port clocked by clk)
Endpoint: d_req_valid (output port clocked by clk)
Path Group: clk
Path Type: max

   Delay     Time   Description
-----------------------------------------------------------
   0.000    0.000   clock clk (rise edge)
   0.000    0.000   clock network delay (propagated)
   2.000    2.000 v input external delay
   0.010    2.010 v d_rsp_valid (in)
   0.368    2.378 v input35/X (sky130_fd_sc_hd__buf_2)
   0.428    2.806 v fanout1822/X (sky130_fd_sc_hd__buf_2)
   0.438    3.244 v fanout1819/X (sky130_fd_sc_hd__buf_2)
   0.901    4.144 v _07801_/X (sky130_fd_sc_hd__or3b_4)
   0.426    4.570 v _07810_/X (sky130_fd_sc_hd__and3_4)
   0.284    4.854 v rebuffer1834/X (sky130_fd_sc_hd__buf_6)
   0.557    5.411 v _07811_/X (sky130_fd_sc_hd__and3b_2)
   0.309    5.720 v output109/X (sky130_fd_sc_hd__buf_6)
   0.002    5.722 v d_req_valid (out)
            5.722   data arrival time

  10.000   10.000   clock clk (rise edge)
   0.000   10.000   clock network delay (propagated)
  -0.250    9.750   clock uncertainty
   0.000    9.750   clock reconvergence pessimism
  -2.000    7.750   output external delay
            7.750   data required time
-----------------------------------------------------------
            7.750   data required time
           -5.722   data arrival time
-----------------------------------------------------------
            2.028   slack (MET)


NAMED-PATH-END
NAMED-PATH-BEGIN d_rsp_error_to_d_req_valid
Startpoint: d_rsp_error (input port clocked by clk)
Endpoint: d_req_valid (output port clocked by clk)
Path Group: clk
Path Type: max

   Delay     Time   Description
-----------------------------------------------------------
   0.000    0.000   clock clk (rise edge)
   0.000    0.000   clock network delay (propagated)
   2.000    2.000 v input external delay
   0.010    2.010 v d_rsp_error (in)
   0.406    2.416 v input2/X (sky130_fd_sc_hd__buf_2)
   0.518    2.934 v _07793_/Y (sky130_fd_sc_hd__nand2b_2)
   0.301    3.235 v _07794_/X (sky130_fd_sc_hd__o211a_2)
   0.414    3.649 ^ _07796_/Y (sky130_fd_sc_hd__o21ai_4)
   0.304    3.953 ^ fanout545/X (sky130_fd_sc_hd__buf_12)
   0.322    4.276 ^ fanout544/X (sky130_fd_sc_hd__buf_6)
   0.580    4.855 ^ _07810_/X (sky130_fd_sc_hd__and3_4)
   0.305    5.161 ^ rebuffer1834/X (sky130_fd_sc_hd__buf_6)
   0.573    5.734 ^ _07811_/X (sky130_fd_sc_hd__and3b_2)
   0.316    6.050 ^ output109/X (sky130_fd_sc_hd__buf_6)
   0.002    6.052 ^ d_req_valid (out)
            6.052   data arrival time

  10.000   10.000   clock clk (rise edge)
   0.000   10.000   clock network delay (propagated)
  -0.250    9.750   clock uncertainty
   0.000    9.750   clock reconvergence pessimism
  -2.000    7.750   output external delay
            7.750   data required time
-----------------------------------------------------------
            7.750   data required time
           -6.052   data arrival time
-----------------------------------------------------------
            1.698   slack (MET)


NAMED-PATH-END
