NAMED-PATH-BEGIN d_rsp_valid_to_d_req_valid
Startpoint: d_rsp_valid (input port clocked by clk)
Endpoint: d_req_valid (output port clocked by clk)
Path Group: clk
Path Type: max

   Delay     Time   Description
-----------------------------------------------------------
   0.000    0.000   clock clk (rise edge)
   0.000    0.000   clock network delay (propagated)
   2.000    2.000 ^ input external delay
   0.016    2.016 ^ d_rsp_valid (in)
   0.075    2.091 ^ hold6708/X (sky130_fd_sc_hd__clkbuf_1)
   0.267    2.358 ^ input35/X (sky130_fd_sc_hd__clkbuf_2)
   0.200    2.558 ^ wire2885/X (sky130_fd_sc_hd__buf_12)
   0.379    2.937 ^ fanout2884/X (sky130_fd_sc_hd__buf_2)
   0.236    3.173 ^ _14384_/X (sky130_fd_sc_hd__or3b_4)
   0.114    3.288 ^ fanout1324/X (sky130_fd_sc_hd__buf_12)
   0.213    3.501 ^ fanout1322/X (sky130_fd_sc_hd__buf_8)
   0.199    3.700 v _14389_/Y (sky130_fd_sc_hd__o2111ai_4)
   0.188    3.888 v wire625/X (sky130_fd_sc_hd__buf_6)
   0.146    4.034 ^ _14390_/Y (sky130_fd_sc_hd__nor2_4)
   0.167    4.202 ^ wire552/X (sky130_fd_sc_hd__buf_6)
   0.221    4.422 ^ _14391_/X (sky130_fd_sc_hd__and3_4)
   0.135    4.557 ^ output109/X (sky130_fd_sc_hd__buf_8)
   0.002    4.559 ^ d_req_valid (out)
            4.559   data arrival time

  10.000   10.000   clock clk (rise edge)
   0.000   10.000   clock network delay (propagated)
  -0.250    9.750   clock uncertainty
   0.000    9.750   clock reconvergence pessimism
  -2.000    7.750   output external delay
            7.750   data required time
-----------------------------------------------------------
            7.750   data required time
           -4.559   data arrival time
-----------------------------------------------------------
            3.191   slack (MET)


NAMED-PATH-END
NAMED-PATH-BEGIN d_rsp_error_to_d_req_valid
Startpoint: d_rsp_error (input port clocked by clk)
Endpoint: d_req_valid (output port clocked by clk)
Path Group: clk
Path Type: max

   Delay     Time   Description
-----------------------------------------------------------
   0.000    0.000   clock clk (rise edge)
   0.000    0.000   clock network delay (propagated)
   2.000    2.000 v input external delay
   0.006    2.006 v d_rsp_error (in)
   0.074    2.081 v hold4336/X (sky130_fd_sc_hd__clkbuf_1)
   0.117    2.197 v input2/X (sky130_fd_sc_hd__clkbuf_2)
   0.167    2.365 v hold4337/X (sky130_fd_sc_hd__clkbuf_1)
   0.191    2.555 v wire2887/X (sky130_fd_sc_hd__buf_12)
   0.227    2.783 v _14375_/Y (sky130_fd_sc_hd__nand2b_2)
   0.162    2.944 v _14376_/X (sky130_fd_sc_hd__o211a_2)
   0.346    3.291 ^ _14378_/Y (sky130_fd_sc_hd__o21ai_4)
   0.224    3.515 v _14389_/Y (sky130_fd_sc_hd__o2111ai_4)
   0.188    3.703 v wire625/X (sky130_fd_sc_hd__buf_6)
   0.146    3.849 ^ _14390_/Y (sky130_fd_sc_hd__nor2_4)
   0.167    4.016 ^ wire552/X (sky130_fd_sc_hd__buf_6)
   0.221    4.237 ^ _14391_/X (sky130_fd_sc_hd__and3_4)
   0.135    4.372 ^ output109/X (sky130_fd_sc_hd__buf_8)
   0.002    4.374 ^ d_req_valid (out)
            4.374   data arrival time

  10.000   10.000   clock clk (rise edge)
   0.000   10.000   clock network delay (propagated)
  -0.250    9.750   clock uncertainty
   0.000    9.750   clock reconvergence pessimism
  -2.000    7.750   output external delay
            7.750   data required time
-----------------------------------------------------------
            7.750   data required time
           -4.374   data arrival time
-----------------------------------------------------------
            3.376   slack (MET)


NAMED-PATH-END
