NAMED-PATH-BEGIN d_rsp_valid_to_d_req_valid
Startpoint: d_rsp_valid (input port clocked by clk)
Endpoint: d_req_valid (output port clocked by clk)
Path Group: clk
Path Type: max

   Delay     Time   Description
-----------------------------------------------------------
   0.000    0.000   clock clk (rise edge)
   0.000    0.000   clock network delay (propagated)
   2.000    2.000 ^ input external delay
   0.014    2.014 ^ d_rsp_valid (in)
   0.077    2.091 ^ hold7095/X (sky130_fd_sc_hd__clkbuf_1)
   0.146    2.237 ^ input35/X (sky130_fd_sc_hd__clkbuf_4)
   0.183    2.420 ^ wire3038/X (sky130_fd_sc_hd__buf_12)
   0.316    2.736 ^ fanout3037/X (sky130_fd_sc_hd__buf_2)
   0.318    3.054 ^ fanout3036/X (sky130_fd_sc_hd__buf_2)
   0.098    3.152 v _14918_/Y (sky130_fd_sc_hd__nor2_4)
   0.142    3.294 v fanout1352/X (sky130_fd_sc_hd__buf_12)
   0.124    3.418 v fanout1350/X (sky130_fd_sc_hd__buf_12)
   0.416    3.834 ^ _14925_/Y (sky130_fd_sc_hd__o31ai_4)
   0.213    4.047 v _14932_/Y (sky130_fd_sc_hd__o2111ai_4)
   0.336    4.383 ^ _14933_/Y (sky130_fd_sc_hd__nor3_4)
   0.181    4.564 ^ wire423/X (sky130_fd_sc_hd__buf_6)
   0.134    4.697 ^ output109/X (sky130_fd_sc_hd__buf_8)
   0.001    4.698 ^ d_req_valid (out)
            4.698   data arrival time

  10.000   10.000   clock clk (rise edge)
   0.000   10.000   clock network delay (propagated)
  -0.250    9.750   clock uncertainty
   0.000    9.750   clock reconvergence pessimism
  -2.000    7.750   output external delay
            7.750   data required time
-----------------------------------------------------------
            7.750   data required time
           -4.698   data arrival time
-----------------------------------------------------------
            3.052   slack (MET)


NAMED-PATH-END
NAMED-PATH-BEGIN d_rsp_error_to_d_req_valid
Startpoint: d_rsp_error (input port clocked by clk)
Endpoint: d_req_valid (output port clocked by clk)
Path Group: clk
Path Type: max

   Delay     Time   Description
-----------------------------------------------------------
   0.000    0.000   clock clk (rise edge)
   0.000    0.000   clock network delay (propagated)
   2.000    2.000 v input external delay
   0.006    2.006 v d_rsp_error (in)
   0.077    2.083 v hold3858/X (sky130_fd_sc_hd__clkbuf_1)
   0.120    2.202 v input2/X (sky130_fd_sc_hd__clkbuf_2)
   0.169    2.371 v hold3859/X (sky130_fd_sc_hd__clkbuf_1)
   0.188    2.559 v wire3042/X (sky130_fd_sc_hd__buf_12)
   0.219    2.778 v _14922_/Y (sky130_fd_sc_hd__nand2b_2)
   0.209    2.987 v _14923_/X (sky130_fd_sc_hd__o211a_2)
   0.400    3.387 ^ _14925_/Y (sky130_fd_sc_hd__o31ai_4)
   0.213    3.600 v _14932_/Y (sky130_fd_sc_hd__o2111ai_4)
   0.336    3.936 ^ _14933_/Y (sky130_fd_sc_hd__nor3_4)
   0.181    4.117 ^ wire423/X (sky130_fd_sc_hd__buf_6)
   0.134    4.251 ^ output109/X (sky130_fd_sc_hd__buf_8)
   0.001    4.252 ^ d_req_valid (out)
            4.252   data arrival time

  10.000   10.000   clock clk (rise edge)
   0.000   10.000   clock network delay (propagated)
  -0.250    9.750   clock uncertainty
   0.000    9.750   clock reconvergence pessimism
  -2.000    7.750   output external delay
            7.750   data required time
-----------------------------------------------------------
            7.750   data required time
           -4.252   data arrival time
-----------------------------------------------------------
            3.498   slack (MET)


NAMED-PATH-END
