NAMED-PATH-BEGIN d_rsp_valid_to_d_req_valid
Startpoint: d_rsp_valid (input port clocked by clk)
Endpoint: d_req_valid (output port clocked by clk)
Path Group: clk
Path Type: max

   Delay     Time   Description
-----------------------------------------------------------
   0.000    0.000   clock clk (rise edge)
   0.000    0.000   clock network delay (propagated)
   2.000    2.000 ^ input external delay
   0.018    2.018 ^ d_rsp_valid (in)
   0.599    2.617 ^ input35/X (sky130_fd_sc_hd__dlymetal6s4s_1)
   0.576    3.193 ^ _07842_/Y (sky130_fd_sc_hd__nand2b_4)
   0.485    3.678 ^ fanout1499/X (sky130_fd_sc_hd__clkbuf_2)
   0.642    4.320 v _07846_/X (sky130_fd_sc_hd__and4bb_4)
   0.765    5.085 v fanout1356/X (sky130_fd_sc_hd__dlymetal6s4s_1)
   0.448    5.533 ^ _07848_/Y (sky130_fd_sc_hd__a221oi_4)
   0.328    5.861 v _07849_/Y (sky130_fd_sc_hd__nand4_4)
   0.401    6.261 v rebuffer3044/X (sky130_fd_sc_hd__buf_2)
   0.962    7.223 ^ _07850_/X (sky130_fd_sc_hd__and4b_2)
   0.380    7.603 ^ output109/X (sky130_fd_sc_hd__buf_8)
   0.002    7.605 ^ d_req_valid (out)
            7.605   data arrival time

  10.000   10.000   clock clk (rise edge)
   0.000   10.000   clock network delay (propagated)
  -0.250    9.750   clock uncertainty
   0.000    9.750   clock reconvergence pessimism
  -2.000    7.750   output external delay
            7.750   data required time
-----------------------------------------------------------
            7.750   data required time
           -7.605   data arrival time
-----------------------------------------------------------
            0.145   slack (MET)


NAMED-PATH-END
NAMED-PATH-BEGIN d_rsp_error_to_d_req_valid
Startpoint: d_rsp_error (input port clocked by clk)
Endpoint: d_req_valid (output port clocked by clk)
Path Group: clk
Path Type: max

   Delay     Time   Description
-----------------------------------------------------------
   0.000    0.000   clock clk (rise edge)
   0.000    0.000   clock network delay (propagated)
   2.000    2.000 v input external delay
   0.010    2.010 v d_rsp_error (in)
   0.373    2.383 v input2/X (sky130_fd_sc_hd__buf_2)
   0.506    2.889 v _07832_/Y (sky130_fd_sc_hd__nand2b_2)
   0.326    3.215 v _07833_/X (sky130_fd_sc_hd__o211a_2)
   0.392    3.607 ^ _07835_/Y (sky130_fd_sc_hd__o21ai_4)
   0.408    4.015 ^ load_slew788/X (sky130_fd_sc_hd__buf_6)
   0.266    4.280 v _07849_/Y (sky130_fd_sc_hd__nand4_4)
   0.401    4.681 v rebuffer3044/X (sky130_fd_sc_hd__buf_2)
   0.962    5.643 ^ _07850_/X (sky130_fd_sc_hd__and4b_2)
   0.380    6.022 ^ output109/X (sky130_fd_sc_hd__buf_8)
   0.002    6.024 ^ d_req_valid (out)
            6.024   data arrival time

  10.000   10.000   clock clk (rise edge)
   0.000   10.000   clock network delay (propagated)
  -0.250    9.750   clock uncertainty
   0.000    9.750   clock reconvergence pessimism
  -2.000    7.750   output external delay
            7.750   data required time
-----------------------------------------------------------
            7.750   data required time
           -6.024   data arrival time
-----------------------------------------------------------
            1.726   slack (MET)


NAMED-PATH-END
