mkdir -p /tmp/aster-phase8-legacy-regressions-5b9c175/build/multicore_h1_l10_sync0_wait0_w4_n16
verilator --cc --exe --build --timing --Wall -DRISCV_FORMAL --Wno-DECLFILENAME --Wno-GENUNNAMED --Wno-UNUSEDSIGNAL --Wno-BLKSEQ \
	--top-module aster_multicore --Mdir /tmp/aster-phase8-legacy-regressions-5b9c175/build/multicore_h1_l10_sync0_wait0_w4_n16/obj -o /tmp/aster-phase8-legacy-regressions-5b9c175/build/multicore_h1_l10_sync0_wait0_w4_n16/aster_multicore_sim \
	-GHART_COUNT=1 "-GSYNC_MEMORY=1'b0" "-GENABLE_L1=1'b0" \
	-GMEMORY_WAIT_CYCLES=0 -GL1_LINE_WORDS=4 -GL1_LINE_COUNT=16 \
	-CFLAGS '-DASTER_HART_COUNT=1' \
	/tmp/aster-phase8-verified-source-x5U6xF/rtl/core/aster_picorv32.sv /tmp/aster-phase8-verified-source-x5U6xF/vendor/picorv32/picorv32.v /tmp/aster-phase8-verified-source-x5U6xF/rtl/cache/aster_l1_cache.sv /tmp/aster-phase8-verified-source-x5U6xF/rtl/memory/aster_rom.sv /tmp/aster-phase8-verified-source-x5U6xF/rtl/memory/aster_ram.sv /tmp/aster-phase8-verified-source-x5U6xF/rtl/peripherals/aster_uart.sv /tmp/aster-phase8-verified-source-x5U6xF/rtl/peripherals/aster_perf_counters.sv /tmp/aster-phase8-verified-source-x5U6xF/rtl/interconnect/aster_arbiter2.sv /tmp/aster-phase8-verified-source-x5U6xF/rtl/soc/aster_shared_fabric.sv /tmp/aster-phase8-verified-source-x5U6xF/rtl/core/aster_hart.sv /tmp/aster-phase8-verified-source-x5U6xF/rtl/soc/aster_multicore.sv \
	/tmp/aster-phase8-verified-source-x5U6xF/verification/soc/tb_aster_multicore.cpp
make[2]: warning: jobserver unavailable: using -j1.  Add '+' to parent make rule.
g++  -I.  -MMD -I/home/elfo/tools/verilator/root/include -I/home/elfo/tools/verilator/root/include/vltstd -DVM_COVERAGE=0 -DVM_SC=0 -DVM_TRACE=0 -DVM_TRACE_FST=0 -DVM_TRACE_VCD=0 -faligned-new -fcf-protection=none -Wno-bool-operation -Wno-overloaded-virtual -Wno-shadow -Wno-sign-compare -Wno-uninitialized -Wno-unused-but-set-parameter -Wno-unused-but-set-variable -Wno-unused-parameter -Wno-unused-variable     -DASTER_HART_COUNT=1   -Os -c -o tb_aster_multicore.o /tmp/aster-phase8-verified-source-x5U6xF/verification/soc/tb_aster_multicore.cpp
g++ -Os  -I.  -MMD -I/home/elfo/tools/verilator/root/include -I/home/elfo/tools/verilator/root/include/vltstd -DVM_COVERAGE=0 -DVM_SC=0 -DVM_TRACE=0 -DVM_TRACE_FST=0 -DVM_TRACE_VCD=0 -faligned-new -fcf-protection=none -Wno-bool-operation -Wno-overloaded-virtual -Wno-shadow -Wno-sign-compare -Wno-uninitialized -Wno-unused-but-set-parameter -Wno-unused-but-set-variable -Wno-unused-parameter -Wno-unused-variable     -DASTER_HART_COUNT=1   -c -o verilated.o /home/elfo/tools/verilator/root/include/verilated.cpp
g++ -Os  -I.  -MMD -I/home/elfo/tools/verilator/root/include -I/home/elfo/tools/verilator/root/include/vltstd -DVM_COVERAGE=0 -DVM_SC=0 -DVM_TRACE=0 -DVM_TRACE_FST=0 -DVM_TRACE_VCD=0 -faligned-new -fcf-protection=none -Wno-bool-operation -Wno-overloaded-virtual -Wno-shadow -Wno-sign-compare -Wno-uninitialized -Wno-unused-but-set-parameter -Wno-unused-but-set-variable -Wno-unused-parameter -Wno-unused-variable     -DASTER_HART_COUNT=1   -c -o verilated_threads.o /home/elfo/tools/verilator/root/include/verilated_threads.cpp
/usr/bin/python3 /home/elfo/tools/verilator/root/bin/verilator_includer -DVL_INCLUDE_OPT=include Vaster_multicore.cpp Vaster_multicore___024root__DepSet_h171db9e5__0.cpp Vaster_multicore___024root__DepSet_ha3570658__0.cpp Vaster_multicore___024root__Slow.cpp Vaster_multicore___024root__DepSet_h171db9e5__0__Slow.cpp Vaster_multicore___024root__DepSet_ha3570658__0__Slow.cpp Vaster_multicore__Syms.cpp > Vaster_multicore__ALL.cpp
g++ -Os  -I.  -MMD -I/home/elfo/tools/verilator/root/include -I/home/elfo/tools/verilator/root/include/vltstd -DVM_COVERAGE=0 -DVM_SC=0 -DVM_TRACE=0 -DVM_TRACE_FST=0 -DVM_TRACE_VCD=0 -faligned-new -fcf-protection=none -Wno-bool-operation -Wno-overloaded-virtual -Wno-shadow -Wno-sign-compare -Wno-uninitialized -Wno-unused-but-set-parameter -Wno-unused-but-set-variable -Wno-unused-parameter -Wno-unused-variable     -DASTER_HART_COUNT=1   -c -o Vaster_multicore__ALL.o Vaster_multicore__ALL.cpp
echo "" > Vaster_multicore__ALL.verilator_deplist.tmp
Archive ar -rcs Vaster_multicore__ALL.a Vaster_multicore__ALL.o
g++     tb_aster_multicore.o verilated.o verilated_threads.o Vaster_multicore__ALL.a    -pthread -lpthread -latomic   -o /tmp/aster-phase8-legacy-regressions-5b9c175/build/multicore_h1_l10_sync0_wait0_w4_n16/aster_multicore_sim
rm Vaster_multicore__ALL.verilator_deplist.tmp
MULTICORE RUNTIME PASS
PASS: runtime boot=0 hart0_retired=504 hart1_retired=0 hart0_pcs=127 hart1_pcs=0
MULTICORE RUNTIME PASS
PASS: runtime boot=1 hart0_retired=504 hart1_retired=0 hart0_pcs=127 hart1_pcs=0
mkdir -p /tmp/aster-phase8-legacy-regressions-5b9c175/build/multicore_h1_l10_sync0_wait4_w4_n16
verilator --cc --exe --build --timing --Wall -DRISCV_FORMAL --Wno-DECLFILENAME --Wno-GENUNNAMED --Wno-UNUSEDSIGNAL --Wno-BLKSEQ \
	--top-module aster_multicore --Mdir /tmp/aster-phase8-legacy-regressions-5b9c175/build/multicore_h1_l10_sync0_wait4_w4_n16/obj -o /tmp/aster-phase8-legacy-regressions-5b9c175/build/multicore_h1_l10_sync0_wait4_w4_n16/aster_multicore_sim \
	-GHART_COUNT=1 "-GSYNC_MEMORY=1'b0" "-GENABLE_L1=1'b0" \
	-GMEMORY_WAIT_CYCLES=4 -GL1_LINE_WORDS=4 -GL1_LINE_COUNT=16 \
	-CFLAGS '-DASTER_HART_COUNT=1' \
	/tmp/aster-phase8-verified-source-x5U6xF/rtl/core/aster_picorv32.sv /tmp/aster-phase8-verified-source-x5U6xF/vendor/picorv32/picorv32.v /tmp/aster-phase8-verified-source-x5U6xF/rtl/cache/aster_l1_cache.sv /tmp/aster-phase8-verified-source-x5U6xF/rtl/memory/aster_rom.sv /tmp/aster-phase8-verified-source-x5U6xF/rtl/memory/aster_ram.sv /tmp/aster-phase8-verified-source-x5U6xF/rtl/peripherals/aster_uart.sv /tmp/aster-phase8-verified-source-x5U6xF/rtl/peripherals/aster_perf_counters.sv /tmp/aster-phase8-verified-source-x5U6xF/rtl/interconnect/aster_arbiter2.sv /tmp/aster-phase8-verified-source-x5U6xF/rtl/soc/aster_shared_fabric.sv /tmp/aster-phase8-verified-source-x5U6xF/rtl/core/aster_hart.sv /tmp/aster-phase8-verified-source-x5U6xF/rtl/soc/aster_multicore.sv \
	/tmp/aster-phase8-verified-source-x5U6xF/verification/soc/tb_aster_multicore.cpp
make[2]: warning: jobserver unavailable: using -j1.  Add '+' to parent make rule.
g++  -I.  -MMD -I/home/elfo/tools/verilator/root/include -I/home/elfo/tools/verilator/root/include/vltstd -DVM_COVERAGE=0 -DVM_SC=0 -DVM_TRACE=0 -DVM_TRACE_FST=0 -DVM_TRACE_VCD=0 -faligned-new -fcf-protection=none -Wno-bool-operation -Wno-overloaded-virtual -Wno-shadow -Wno-sign-compare -Wno-uninitialized -Wno-unused-but-set-parameter -Wno-unused-but-set-variable -Wno-unused-parameter -Wno-unused-variable     -DASTER_HART_COUNT=1   -Os -c -o tb_aster_multicore.o /tmp/aster-phase8-verified-source-x5U6xF/verification/soc/tb_aster_multicore.cpp
g++ -Os  -I.  -MMD -I/home/elfo/tools/verilator/root/include -I/home/elfo/tools/verilator/root/include/vltstd -DVM_COVERAGE=0 -DVM_SC=0 -DVM_TRACE=0 -DVM_TRACE_FST=0 -DVM_TRACE_VCD=0 -faligned-new -fcf-protection=none -Wno-bool-operation -Wno-overloaded-virtual -Wno-shadow -Wno-sign-compare -Wno-uninitialized -Wno-unused-but-set-parameter -Wno-unused-but-set-variable -Wno-unused-parameter -Wno-unused-variable     -DASTER_HART_COUNT=1   -c -o verilated.o /home/elfo/tools/verilator/root/include/verilated.cpp
g++ -Os  -I.  -MMD -I/home/elfo/tools/verilator/root/include -I/home/elfo/tools/verilator/root/include/vltstd -DVM_COVERAGE=0 -DVM_SC=0 -DVM_TRACE=0 -DVM_TRACE_FST=0 -DVM_TRACE_VCD=0 -faligned-new -fcf-protection=none -Wno-bool-operation -Wno-overloaded-virtual -Wno-shadow -Wno-sign-compare -Wno-uninitialized -Wno-unused-but-set-parameter -Wno-unused-but-set-variable -Wno-unused-parameter -Wno-unused-variable     -DASTER_HART_COUNT=1   -c -o verilated_threads.o /home/elfo/tools/verilator/root/include/verilated_threads.cpp
/usr/bin/python3 /home/elfo/tools/verilator/root/bin/verilator_includer -DVL_INCLUDE_OPT=include Vaster_multicore.cpp Vaster_multicore___024root__DepSet_h171db9e5__0.cpp Vaster_multicore___024root__DepSet_ha3570658__0.cpp Vaster_multicore___024root__Slow.cpp Vaster_multicore___024root__DepSet_h171db9e5__0__Slow.cpp Vaster_multicore___024root__DepSet_ha3570658__0__Slow.cpp Vaster_multicore__Syms.cpp > Vaster_multicore__ALL.cpp
g++ -Os  -I.  -MMD -I/home/elfo/tools/verilator/root/include -I/home/elfo/tools/verilator/root/include/vltstd -DVM_COVERAGE=0 -DVM_SC=0 -DVM_TRACE=0 -DVM_TRACE_FST=0 -DVM_TRACE_VCD=0 -faligned-new -fcf-protection=none -Wno-bool-operation -Wno-overloaded-virtual -Wno-shadow -Wno-sign-compare -Wno-uninitialized -Wno-unused-but-set-parameter -Wno-unused-but-set-variable -Wno-unused-parameter -Wno-unused-variable     -DASTER_HART_COUNT=1   -c -o Vaster_multicore__ALL.o Vaster_multicore__ALL.cpp
echo "" > Vaster_multicore__ALL.verilator_deplist.tmp
Archive ar -rcs Vaster_multicore__ALL.a Vaster_multicore__ALL.o
g++     tb_aster_multicore.o verilated.o verilated_threads.o Vaster_multicore__ALL.a    -pthread -lpthread -latomic   -o /tmp/aster-phase8-legacy-regressions-5b9c175/build/multicore_h1_l10_sync0_wait4_w4_n16/aster_multicore_sim
rm Vaster_multicore__ALL.verilator_deplist.tmp
MULTICORE RUNTIME PASS
PASS: runtime boot=0 hart0_retired=504 hart1_retired=0 hart0_pcs=127 hart1_pcs=0
MULTICORE RUNTIME PASS
PASS: runtime boot=1 hart0_retired=504 hart1_retired=0 hart0_pcs=127 hart1_pcs=0
mkdir -p /tmp/aster-phase8-legacy-regressions-5b9c175/build/multicore_h1_l10_sync1_wait1_w4_n16
verilator --cc --exe --build --timing --Wall -DRISCV_FORMAL --Wno-DECLFILENAME --Wno-GENUNNAMED --Wno-UNUSEDSIGNAL --Wno-BLKSEQ \
	--top-module aster_multicore --Mdir /tmp/aster-phase8-legacy-regressions-5b9c175/build/multicore_h1_l10_sync1_wait1_w4_n16/obj -o /tmp/aster-phase8-legacy-regressions-5b9c175/build/multicore_h1_l10_sync1_wait1_w4_n16/aster_multicore_sim \
	-GHART_COUNT=1 "-GSYNC_MEMORY=1'b1" "-GENABLE_L1=1'b0" \
	-GMEMORY_WAIT_CYCLES=1 -GL1_LINE_WORDS=4 -GL1_LINE_COUNT=16 \
	-CFLAGS '-DASTER_HART_COUNT=1' \
	/tmp/aster-phase8-verified-source-x5U6xF/rtl/core/aster_picorv32.sv /tmp/aster-phase8-verified-source-x5U6xF/vendor/picorv32/picorv32.v /tmp/aster-phase8-verified-source-x5U6xF/rtl/cache/aster_l1_cache.sv /tmp/aster-phase8-verified-source-x5U6xF/rtl/memory/aster_rom.sv /tmp/aster-phase8-verified-source-x5U6xF/rtl/memory/aster_ram.sv /tmp/aster-phase8-verified-source-x5U6xF/rtl/peripherals/aster_uart.sv /tmp/aster-phase8-verified-source-x5U6xF/rtl/peripherals/aster_perf_counters.sv /tmp/aster-phase8-verified-source-x5U6xF/rtl/interconnect/aster_arbiter2.sv /tmp/aster-phase8-verified-source-x5U6xF/rtl/soc/aster_shared_fabric.sv /tmp/aster-phase8-verified-source-x5U6xF/rtl/core/aster_hart.sv /tmp/aster-phase8-verified-source-x5U6xF/rtl/soc/aster_multicore.sv \
	/tmp/aster-phase8-verified-source-x5U6xF/verification/soc/tb_aster_multicore.cpp
make[2]: warning: jobserver unavailable: using -j1.  Add '+' to parent make rule.
g++  -I.  -MMD -I/home/elfo/tools/verilator/root/include -I/home/elfo/tools/verilator/root/include/vltstd -DVM_COVERAGE=0 -DVM_SC=0 -DVM_TRACE=0 -DVM_TRACE_FST=0 -DVM_TRACE_VCD=0 -faligned-new -fcf-protection=none -Wno-bool-operation -Wno-overloaded-virtual -Wno-shadow -Wno-sign-compare -Wno-uninitialized -Wno-unused-but-set-parameter -Wno-unused-but-set-variable -Wno-unused-parameter -Wno-unused-variable     -DASTER_HART_COUNT=1   -Os -c -o tb_aster_multicore.o /tmp/aster-phase8-verified-source-x5U6xF/verification/soc/tb_aster_multicore.cpp
g++ -Os  -I.  -MMD -I/home/elfo/tools/verilator/root/include -I/home/elfo/tools/verilator/root/include/vltstd -DVM_COVERAGE=0 -DVM_SC=0 -DVM_TRACE=0 -DVM_TRACE_FST=0 -DVM_TRACE_VCD=0 -faligned-new -fcf-protection=none -Wno-bool-operation -Wno-overloaded-virtual -Wno-shadow -Wno-sign-compare -Wno-uninitialized -Wno-unused-but-set-parameter -Wno-unused-but-set-variable -Wno-unused-parameter -Wno-unused-variable     -DASTER_HART_COUNT=1   -c -o verilated.o /home/elfo/tools/verilator/root/include/verilated.cpp
g++ -Os  -I.  -MMD -I/home/elfo/tools/verilator/root/include -I/home/elfo/tools/verilator/root/include/vltstd -DVM_COVERAGE=0 -DVM_SC=0 -DVM_TRACE=0 -DVM_TRACE_FST=0 -DVM_TRACE_VCD=0 -faligned-new -fcf-protection=none -Wno-bool-operation -Wno-overloaded-virtual -Wno-shadow -Wno-sign-compare -Wno-uninitialized -Wno-unused-but-set-parameter -Wno-unused-but-set-variable -Wno-unused-parameter -Wno-unused-variable     -DASTER_HART_COUNT=1   -c -o verilated_threads.o /home/elfo/tools/verilator/root/include/verilated_threads.cpp
/usr/bin/python3 /home/elfo/tools/verilator/root/bin/verilator_includer -DVL_INCLUDE_OPT=include Vaster_multicore.cpp Vaster_multicore___024root__DepSet_h171db9e5__0.cpp Vaster_multicore___024root__DepSet_ha3570658__0.cpp Vaster_multicore___024root__Slow.cpp Vaster_multicore___024root__DepSet_h171db9e5__0__Slow.cpp Vaster_multicore___024root__DepSet_ha3570658__0__Slow.cpp Vaster_multicore__Syms.cpp > Vaster_multicore__ALL.cpp
g++ -Os  -I.  -MMD -I/home/elfo/tools/verilator/root/include -I/home/elfo/tools/verilator/root/include/vltstd -DVM_COVERAGE=0 -DVM_SC=0 -DVM_TRACE=0 -DVM_TRACE_FST=0 -DVM_TRACE_VCD=0 -faligned-new -fcf-protection=none -Wno-bool-operation -Wno-overloaded-virtual -Wno-shadow -Wno-sign-compare -Wno-uninitialized -Wno-unused-but-set-parameter -Wno-unused-but-set-variable -Wno-unused-parameter -Wno-unused-variable     -DASTER_HART_COUNT=1   -c -o Vaster_multicore__ALL.o Vaster_multicore__ALL.cpp
echo "" > Vaster_multicore__ALL.verilator_deplist.tmp
Archive ar -rcs Vaster_multicore__ALL.a Vaster_multicore__ALL.o
g++     tb_aster_multicore.o verilated.o verilated_threads.o Vaster_multicore__ALL.a    -pthread -lpthread -latomic   -o /tmp/aster-phase8-legacy-regressions-5b9c175/build/multicore_h1_l10_sync1_wait1_w4_n16/aster_multicore_sim
rm Vaster_multicore__ALL.verilator_deplist.tmp
MULTICORE RUNTIME PASS
PASS: runtime boot=0 hart0_retired=504 hart1_retired=0 hart0_pcs=127 hart1_pcs=0
MULTICORE RUNTIME PASS
PASS: runtime boot=1 hart0_retired=504 hart1_retired=0 hart0_pcs=127 hart1_pcs=0
mkdir -p /tmp/aster-phase8-legacy-regressions-5b9c175/build/multicore_h1_l10_sync1_wait4_w4_n16
verilator --cc --exe --build --timing --Wall -DRISCV_FORMAL --Wno-DECLFILENAME --Wno-GENUNNAMED --Wno-UNUSEDSIGNAL --Wno-BLKSEQ \
	--top-module aster_multicore --Mdir /tmp/aster-phase8-legacy-regressions-5b9c175/build/multicore_h1_l10_sync1_wait4_w4_n16/obj -o /tmp/aster-phase8-legacy-regressions-5b9c175/build/multicore_h1_l10_sync1_wait4_w4_n16/aster_multicore_sim \
	-GHART_COUNT=1 "-GSYNC_MEMORY=1'b1" "-GENABLE_L1=1'b0" \
	-GMEMORY_WAIT_CYCLES=4 -GL1_LINE_WORDS=4 -GL1_LINE_COUNT=16 \
	-CFLAGS '-DASTER_HART_COUNT=1' \
	/tmp/aster-phase8-verified-source-x5U6xF/rtl/core/aster_picorv32.sv /tmp/aster-phase8-verified-source-x5U6xF/vendor/picorv32/picorv32.v /tmp/aster-phase8-verified-source-x5U6xF/rtl/cache/aster_l1_cache.sv /tmp/aster-phase8-verified-source-x5U6xF/rtl/memory/aster_rom.sv /tmp/aster-phase8-verified-source-x5U6xF/rtl/memory/aster_ram.sv /tmp/aster-phase8-verified-source-x5U6xF/rtl/peripherals/aster_uart.sv /tmp/aster-phase8-verified-source-x5U6xF/rtl/peripherals/aster_perf_counters.sv /tmp/aster-phase8-verified-source-x5U6xF/rtl/interconnect/aster_arbiter2.sv /tmp/aster-phase8-verified-source-x5U6xF/rtl/soc/aster_shared_fabric.sv /tmp/aster-phase8-verified-source-x5U6xF/rtl/core/aster_hart.sv /tmp/aster-phase8-verified-source-x5U6xF/rtl/soc/aster_multicore.sv \
	/tmp/aster-phase8-verified-source-x5U6xF/verification/soc/tb_aster_multicore.cpp
make[2]: warning: jobserver unavailable: using -j1.  Add '+' to parent make rule.
g++  -I.  -MMD -I/home/elfo/tools/verilator/root/include -I/home/elfo/tools/verilator/root/include/vltstd -DVM_COVERAGE=0 -DVM_SC=0 -DVM_TRACE=0 -DVM_TRACE_FST=0 -DVM_TRACE_VCD=0 -faligned-new -fcf-protection=none -Wno-bool-operation -Wno-overloaded-virtual -Wno-shadow -Wno-sign-compare -Wno-uninitialized -Wno-unused-but-set-parameter -Wno-unused-but-set-variable -Wno-unused-parameter -Wno-unused-variable     -DASTER_HART_COUNT=1   -Os -c -o tb_aster_multicore.o /tmp/aster-phase8-verified-source-x5U6xF/verification/soc/tb_aster_multicore.cpp
g++ -Os  -I.  -MMD -I/home/elfo/tools/verilator/root/include -I/home/elfo/tools/verilator/root/include/vltstd -DVM_COVERAGE=0 -DVM_SC=0 -DVM_TRACE=0 -DVM_TRACE_FST=0 -DVM_TRACE_VCD=0 -faligned-new -fcf-protection=none -Wno-bool-operation -Wno-overloaded-virtual -Wno-shadow -Wno-sign-compare -Wno-uninitialized -Wno-unused-but-set-parameter -Wno-unused-but-set-variable -Wno-unused-parameter -Wno-unused-variable     -DASTER_HART_COUNT=1   -c -o verilated.o /home/elfo/tools/verilator/root/include/verilated.cpp
g++ -Os  -I.  -MMD -I/home/elfo/tools/verilator/root/include -I/home/elfo/tools/verilator/root/include/vltstd -DVM_COVERAGE=0 -DVM_SC=0 -DVM_TRACE=0 -DVM_TRACE_FST=0 -DVM_TRACE_VCD=0 -faligned-new -fcf-protection=none -Wno-bool-operation -Wno-overloaded-virtual -Wno-shadow -Wno-sign-compare -Wno-uninitialized -Wno-unused-but-set-parameter -Wno-unused-but-set-variable -Wno-unused-parameter -Wno-unused-variable     -DASTER_HART_COUNT=1   -c -o verilated_threads.o /home/elfo/tools/verilator/root/include/verilated_threads.cpp
/usr/bin/python3 /home/elfo/tools/verilator/root/bin/verilator_includer -DVL_INCLUDE_OPT=include Vaster_multicore.cpp Vaster_multicore___024root__DepSet_h171db9e5__0.cpp Vaster_multicore___024root__DepSet_ha3570658__0.cpp Vaster_multicore___024root__Slow.cpp Vaster_multicore___024root__DepSet_h171db9e5__0__Slow.cpp Vaster_multicore___024root__DepSet_ha3570658__0__Slow.cpp Vaster_multicore__Syms.cpp > Vaster_multicore__ALL.cpp
g++ -Os  -I.  -MMD -I/home/elfo/tools/verilator/root/include -I/home/elfo/tools/verilator/root/include/vltstd -DVM_COVERAGE=0 -DVM_SC=0 -DVM_TRACE=0 -DVM_TRACE_FST=0 -DVM_TRACE_VCD=0 -faligned-new -fcf-protection=none -Wno-bool-operation -Wno-overloaded-virtual -Wno-shadow -Wno-sign-compare -Wno-uninitialized -Wno-unused-but-set-parameter -Wno-unused-but-set-variable -Wno-unused-parameter -Wno-unused-variable     -DASTER_HART_COUNT=1   -c -o Vaster_multicore__ALL.o Vaster_multicore__ALL.cpp
echo "" > Vaster_multicore__ALL.verilator_deplist.tmp
Archive ar -rcs Vaster_multicore__ALL.a Vaster_multicore__ALL.o
g++     tb_aster_multicore.o verilated.o verilated_threads.o Vaster_multicore__ALL.a    -pthread -lpthread -latomic   -o /tmp/aster-phase8-legacy-regressions-5b9c175/build/multicore_h1_l10_sync1_wait4_w4_n16/aster_multicore_sim
rm Vaster_multicore__ALL.verilator_deplist.tmp
MULTICORE RUNTIME PASS
PASS: runtime boot=0 hart0_retired=504 hart1_retired=0 hart0_pcs=127 hart1_pcs=0
MULTICORE RUNTIME PASS
PASS: runtime boot=1 hart0_retired=504 hart1_retired=0 hart0_pcs=127 hart1_pcs=0
mkdir -p /tmp/aster-phase8-legacy-regressions-5b9c175/build/multicore_h1_l11_sync0_wait0_w4_n16
verilator --cc --exe --build --timing --Wall -DRISCV_FORMAL --Wno-DECLFILENAME --Wno-GENUNNAMED --Wno-UNUSEDSIGNAL --Wno-BLKSEQ \
	--top-module aster_multicore --Mdir /tmp/aster-phase8-legacy-regressions-5b9c175/build/multicore_h1_l11_sync0_wait0_w4_n16/obj -o /tmp/aster-phase8-legacy-regressions-5b9c175/build/multicore_h1_l11_sync0_wait0_w4_n16/aster_multicore_sim \
	-GHART_COUNT=1 "-GSYNC_MEMORY=1'b0" "-GENABLE_L1=1'b1" \
	-GMEMORY_WAIT_CYCLES=0 -GL1_LINE_WORDS=4 -GL1_LINE_COUNT=16 \
	-CFLAGS '-DASTER_HART_COUNT=1' \
	/tmp/aster-phase8-verified-source-x5U6xF/rtl/core/aster_picorv32.sv /tmp/aster-phase8-verified-source-x5U6xF/vendor/picorv32/picorv32.v /tmp/aster-phase8-verified-source-x5U6xF/rtl/cache/aster_l1_cache.sv /tmp/aster-phase8-verified-source-x5U6xF/rtl/memory/aster_rom.sv /tmp/aster-phase8-verified-source-x5U6xF/rtl/memory/aster_ram.sv /tmp/aster-phase8-verified-source-x5U6xF/rtl/peripherals/aster_uart.sv /tmp/aster-phase8-verified-source-x5U6xF/rtl/peripherals/aster_perf_counters.sv /tmp/aster-phase8-verified-source-x5U6xF/rtl/interconnect/aster_arbiter2.sv /tmp/aster-phase8-verified-source-x5U6xF/rtl/soc/aster_shared_fabric.sv /tmp/aster-phase8-verified-source-x5U6xF/rtl/core/aster_hart.sv /tmp/aster-phase8-verified-source-x5U6xF/rtl/soc/aster_multicore.sv \
	/tmp/aster-phase8-verified-source-x5U6xF/verification/soc/tb_aster_multicore.cpp
make[2]: warning: jobserver unavailable: using -j1.  Add '+' to parent make rule.
g++  -I.  -MMD -I/home/elfo/tools/verilator/root/include -I/home/elfo/tools/verilator/root/include/vltstd -DVM_COVERAGE=0 -DVM_SC=0 -DVM_TRACE=0 -DVM_TRACE_FST=0 -DVM_TRACE_VCD=0 -faligned-new -fcf-protection=none -Wno-bool-operation -Wno-overloaded-virtual -Wno-shadow -Wno-sign-compare -Wno-uninitialized -Wno-unused-but-set-parameter -Wno-unused-but-set-variable -Wno-unused-parameter -Wno-unused-variable     -DASTER_HART_COUNT=1   -Os -c -o tb_aster_multicore.o /tmp/aster-phase8-verified-source-x5U6xF/verification/soc/tb_aster_multicore.cpp
g++ -Os  -I.  -MMD -I/home/elfo/tools/verilator/root/include -I/home/elfo/tools/verilator/root/include/vltstd -DVM_COVERAGE=0 -DVM_SC=0 -DVM_TRACE=0 -DVM_TRACE_FST=0 -DVM_TRACE_VCD=0 -faligned-new -fcf-protection=none -Wno-bool-operation -Wno-overloaded-virtual -Wno-shadow -Wno-sign-compare -Wno-uninitialized -Wno-unused-but-set-parameter -Wno-unused-but-set-variable -Wno-unused-parameter -Wno-unused-variable     -DASTER_HART_COUNT=1   -c -o verilated.o /home/elfo/tools/verilator/root/include/verilated.cpp
g++ -Os  -I.  -MMD -I/home/elfo/tools/verilator/root/include -I/home/elfo/tools/verilator/root/include/vltstd -DVM_COVERAGE=0 -DVM_SC=0 -DVM_TRACE=0 -DVM_TRACE_FST=0 -DVM_TRACE_VCD=0 -faligned-new -fcf-protection=none -Wno-bool-operation -Wno-overloaded-virtual -Wno-shadow -Wno-sign-compare -Wno-uninitialized -Wno-unused-but-set-parameter -Wno-unused-but-set-variable -Wno-unused-parameter -Wno-unused-variable     -DASTER_HART_COUNT=1   -c -o verilated_threads.o /home/elfo/tools/verilator/root/include/verilated_threads.cpp
/usr/bin/python3 /home/elfo/tools/verilator/root/bin/verilator_includer -DVL_INCLUDE_OPT=include Vaster_multicore.cpp Vaster_multicore___024root__DepSet_h171db9e5__0.cpp Vaster_multicore___024root__DepSet_ha3570658__0.cpp Vaster_multicore___024root__Slow.cpp Vaster_multicore___024root__DepSet_h171db9e5__0__Slow.cpp Vaster_multicore___024root__DepSet_ha3570658__0__Slow.cpp Vaster_multicore__Syms.cpp > Vaster_multicore__ALL.cpp
g++ -Os  -I.  -MMD -I/home/elfo/tools/verilator/root/include -I/home/elfo/tools/verilator/root/include/vltstd -DVM_COVERAGE=0 -DVM_SC=0 -DVM_TRACE=0 -DVM_TRACE_FST=0 -DVM_TRACE_VCD=0 -faligned-new -fcf-protection=none -Wno-bool-operation -Wno-overloaded-virtual -Wno-shadow -Wno-sign-compare -Wno-uninitialized -Wno-unused-but-set-parameter -Wno-unused-but-set-variable -Wno-unused-parameter -Wno-unused-variable     -DASTER_HART_COUNT=1   -c -o Vaster_multicore__ALL.o Vaster_multicore__ALL.cpp
echo "" > Vaster_multicore__ALL.verilator_deplist.tmp
Archive ar -rcs Vaster_multicore__ALL.a Vaster_multicore__ALL.o
g++     tb_aster_multicore.o verilated.o verilated_threads.o Vaster_multicore__ALL.a    -pthread -lpthread -latomic   -o /tmp/aster-phase8-legacy-regressions-5b9c175/build/multicore_h1_l11_sync0_wait0_w4_n16/aster_multicore_sim
rm Vaster_multicore__ALL.verilator_deplist.tmp
MULTICORE RUNTIME PASS
PASS: runtime boot=0 hart0_retired=504 hart1_retired=0 hart0_pcs=127 hart1_pcs=0
MULTICORE RUNTIME PASS
PASS: runtime boot=1 hart0_retired=504 hart1_retired=0 hart0_pcs=127 hart1_pcs=0
mkdir -p /tmp/aster-phase8-legacy-regressions-5b9c175/build/multicore_h1_l11_sync0_wait4_w4_n16
verilator --cc --exe --build --timing --Wall -DRISCV_FORMAL --Wno-DECLFILENAME --Wno-GENUNNAMED --Wno-UNUSEDSIGNAL --Wno-BLKSEQ \
	--top-module aster_multicore --Mdir /tmp/aster-phase8-legacy-regressions-5b9c175/build/multicore_h1_l11_sync0_wait4_w4_n16/obj -o /tmp/aster-phase8-legacy-regressions-5b9c175/build/multicore_h1_l11_sync0_wait4_w4_n16/aster_multicore_sim \
	-GHART_COUNT=1 "-GSYNC_MEMORY=1'b0" "-GENABLE_L1=1'b1" \
	-GMEMORY_WAIT_CYCLES=4 -GL1_LINE_WORDS=4 -GL1_LINE_COUNT=16 \
	-CFLAGS '-DASTER_HART_COUNT=1' \
	/tmp/aster-phase8-verified-source-x5U6xF/rtl/core/aster_picorv32.sv /tmp/aster-phase8-verified-source-x5U6xF/vendor/picorv32/picorv32.v /tmp/aster-phase8-verified-source-x5U6xF/rtl/cache/aster_l1_cache.sv /tmp/aster-phase8-verified-source-x5U6xF/rtl/memory/aster_rom.sv /tmp/aster-phase8-verified-source-x5U6xF/rtl/memory/aster_ram.sv /tmp/aster-phase8-verified-source-x5U6xF/rtl/peripherals/aster_uart.sv /tmp/aster-phase8-verified-source-x5U6xF/rtl/peripherals/aster_perf_counters.sv /tmp/aster-phase8-verified-source-x5U6xF/rtl/interconnect/aster_arbiter2.sv /tmp/aster-phase8-verified-source-x5U6xF/rtl/soc/aster_shared_fabric.sv /tmp/aster-phase8-verified-source-x5U6xF/rtl/core/aster_hart.sv /tmp/aster-phase8-verified-source-x5U6xF/rtl/soc/aster_multicore.sv \
	/tmp/aster-phase8-verified-source-x5U6xF/verification/soc/tb_aster_multicore.cpp
make[2]: warning: jobserver unavailable: using -j1.  Add '+' to parent make rule.
g++  -I.  -MMD -I/home/elfo/tools/verilator/root/include -I/home/elfo/tools/verilator/root/include/vltstd -DVM_COVERAGE=0 -DVM_SC=0 -DVM_TRACE=0 -DVM_TRACE_FST=0 -DVM_TRACE_VCD=0 -faligned-new -fcf-protection=none -Wno-bool-operation -Wno-overloaded-virtual -Wno-shadow -Wno-sign-compare -Wno-uninitialized -Wno-unused-but-set-parameter -Wno-unused-but-set-variable -Wno-unused-parameter -Wno-unused-variable     -DASTER_HART_COUNT=1   -Os -c -o tb_aster_multicore.o /tmp/aster-phase8-verified-source-x5U6xF/verification/soc/tb_aster_multicore.cpp
g++ -Os  -I.  -MMD -I/home/elfo/tools/verilator/root/include -I/home/elfo/tools/verilator/root/include/vltstd -DVM_COVERAGE=0 -DVM_SC=0 -DVM_TRACE=0 -DVM_TRACE_FST=0 -DVM_TRACE_VCD=0 -faligned-new -fcf-protection=none -Wno-bool-operation -Wno-overloaded-virtual -Wno-shadow -Wno-sign-compare -Wno-uninitialized -Wno-unused-but-set-parameter -Wno-unused-but-set-variable -Wno-unused-parameter -Wno-unused-variable     -DASTER_HART_COUNT=1   -c -o verilated.o /home/elfo/tools/verilator/root/include/verilated.cpp
g++ -Os  -I.  -MMD -I/home/elfo/tools/verilator/root/include -I/home/elfo/tools/verilator/root/include/vltstd -DVM_COVERAGE=0 -DVM_SC=0 -DVM_TRACE=0 -DVM_TRACE_FST=0 -DVM_TRACE_VCD=0 -faligned-new -fcf-protection=none -Wno-bool-operation -Wno-overloaded-virtual -Wno-shadow -Wno-sign-compare -Wno-uninitialized -Wno-unused-but-set-parameter -Wno-unused-but-set-variable -Wno-unused-parameter -Wno-unused-variable     -DASTER_HART_COUNT=1   -c -o verilated_threads.o /home/elfo/tools/verilator/root/include/verilated_threads.cpp
/usr/bin/python3 /home/elfo/tools/verilator/root/bin/verilator_includer -DVL_INCLUDE_OPT=include Vaster_multicore.cpp Vaster_multicore___024root__DepSet_h171db9e5__0.cpp Vaster_multicore___024root__DepSet_ha3570658__0.cpp Vaster_multicore___024root__Slow.cpp Vaster_multicore___024root__DepSet_h171db9e5__0__Slow.cpp Vaster_multicore___024root__DepSet_ha3570658__0__Slow.cpp Vaster_multicore__Syms.cpp > Vaster_multicore__ALL.cpp
g++ -Os  -I.  -MMD -I/home/elfo/tools/verilator/root/include -I/home/elfo/tools/verilator/root/include/vltstd -DVM_COVERAGE=0 -DVM_SC=0 -DVM_TRACE=0 -DVM_TRACE_FST=0 -DVM_TRACE_VCD=0 -faligned-new -fcf-protection=none -Wno-bool-operation -Wno-overloaded-virtual -Wno-shadow -Wno-sign-compare -Wno-uninitialized -Wno-unused-but-set-parameter -Wno-unused-but-set-variable -Wno-unused-parameter -Wno-unused-variable     -DASTER_HART_COUNT=1   -c -o Vaster_multicore__ALL.o Vaster_multicore__ALL.cpp
echo "" > Vaster_multicore__ALL.verilator_deplist.tmp
Archive ar -rcs Vaster_multicore__ALL.a Vaster_multicore__ALL.o
g++     tb_aster_multicore.o verilated.o verilated_threads.o Vaster_multicore__ALL.a    -pthread -lpthread -latomic   -o /tmp/aster-phase8-legacy-regressions-5b9c175/build/multicore_h1_l11_sync0_wait4_w4_n16/aster_multicore_sim
rm Vaster_multicore__ALL.verilator_deplist.tmp
MULTICORE RUNTIME PASS
PASS: runtime boot=0 hart0_retired=504 hart1_retired=0 hart0_pcs=127 hart1_pcs=0
MULTICORE RUNTIME PASS
PASS: runtime boot=1 hart0_retired=504 hart1_retired=0 hart0_pcs=127 hart1_pcs=0
mkdir -p /tmp/aster-phase8-legacy-regressions-5b9c175/build/multicore_h1_l11_sync1_wait1_w4_n16
verilator --cc --exe --build --timing --Wall -DRISCV_FORMAL --Wno-DECLFILENAME --Wno-GENUNNAMED --Wno-UNUSEDSIGNAL --Wno-BLKSEQ \
	--top-module aster_multicore --Mdir /tmp/aster-phase8-legacy-regressions-5b9c175/build/multicore_h1_l11_sync1_wait1_w4_n16/obj -o /tmp/aster-phase8-legacy-regressions-5b9c175/build/multicore_h1_l11_sync1_wait1_w4_n16/aster_multicore_sim \
	-GHART_COUNT=1 "-GSYNC_MEMORY=1'b1" "-GENABLE_L1=1'b1" \
	-GMEMORY_WAIT_CYCLES=1 -GL1_LINE_WORDS=4 -GL1_LINE_COUNT=16 \
	-CFLAGS '-DASTER_HART_COUNT=1' \
	/tmp/aster-phase8-verified-source-x5U6xF/rtl/core/aster_picorv32.sv /tmp/aster-phase8-verified-source-x5U6xF/vendor/picorv32/picorv32.v /tmp/aster-phase8-verified-source-x5U6xF/rtl/cache/aster_l1_cache.sv /tmp/aster-phase8-verified-source-x5U6xF/rtl/memory/aster_rom.sv /tmp/aster-phase8-verified-source-x5U6xF/rtl/memory/aster_ram.sv /tmp/aster-phase8-verified-source-x5U6xF/rtl/peripherals/aster_uart.sv /tmp/aster-phase8-verified-source-x5U6xF/rtl/peripherals/aster_perf_counters.sv /tmp/aster-phase8-verified-source-x5U6xF/rtl/interconnect/aster_arbiter2.sv /tmp/aster-phase8-verified-source-x5U6xF/rtl/soc/aster_shared_fabric.sv /tmp/aster-phase8-verified-source-x5U6xF/rtl/core/aster_hart.sv /tmp/aster-phase8-verified-source-x5U6xF/rtl/soc/aster_multicore.sv \
	/tmp/aster-phase8-verified-source-x5U6xF/verification/soc/tb_aster_multicore.cpp
make[2]: warning: jobserver unavailable: using -j1.  Add '+' to parent make rule.
g++  -I.  -MMD -I/home/elfo/tools/verilator/root/include -I/home/elfo/tools/verilator/root/include/vltstd -DVM_COVERAGE=0 -DVM_SC=0 -DVM_TRACE=0 -DVM_TRACE_FST=0 -DVM_TRACE_VCD=0 -faligned-new -fcf-protection=none -Wno-bool-operation -Wno-overloaded-virtual -Wno-shadow -Wno-sign-compare -Wno-uninitialized -Wno-unused-but-set-parameter -Wno-unused-but-set-variable -Wno-unused-parameter -Wno-unused-variable     -DASTER_HART_COUNT=1   -Os -c -o tb_aster_multicore.o /tmp/aster-phase8-verified-source-x5U6xF/verification/soc/tb_aster_multicore.cpp
g++ -Os  -I.  -MMD -I/home/elfo/tools/verilator/root/include -I/home/elfo/tools/verilator/root/include/vltstd -DVM_COVERAGE=0 -DVM_SC=0 -DVM_TRACE=0 -DVM_TRACE_FST=0 -DVM_TRACE_VCD=0 -faligned-new -fcf-protection=none -Wno-bool-operation -Wno-overloaded-virtual -Wno-shadow -Wno-sign-compare -Wno-uninitialized -Wno-unused-but-set-parameter -Wno-unused-but-set-variable -Wno-unused-parameter -Wno-unused-variable     -DASTER_HART_COUNT=1   -c -o verilated.o /home/elfo/tools/verilator/root/include/verilated.cpp
g++ -Os  -I.  -MMD -I/home/elfo/tools/verilator/root/include -I/home/elfo/tools/verilator/root/include/vltstd -DVM_COVERAGE=0 -DVM_SC=0 -DVM_TRACE=0 -DVM_TRACE_FST=0 -DVM_TRACE_VCD=0 -faligned-new -fcf-protection=none -Wno-bool-operation -Wno-overloaded-virtual -Wno-shadow -Wno-sign-compare -Wno-uninitialized -Wno-unused-but-set-parameter -Wno-unused-but-set-variable -Wno-unused-parameter -Wno-unused-variable     -DASTER_HART_COUNT=1   -c -o verilated_threads.o /home/elfo/tools/verilator/root/include/verilated_threads.cpp
/usr/bin/python3 /home/elfo/tools/verilator/root/bin/verilator_includer -DVL_INCLUDE_OPT=include Vaster_multicore.cpp Vaster_multicore___024root__DepSet_h171db9e5__0.cpp Vaster_multicore___024root__DepSet_ha3570658__0.cpp Vaster_multicore___024root__Slow.cpp Vaster_multicore___024root__DepSet_h171db9e5__0__Slow.cpp Vaster_multicore___024root__DepSet_ha3570658__0__Slow.cpp Vaster_multicore__Syms.cpp > Vaster_multicore__ALL.cpp
g++ -Os  -I.  -MMD -I/home/elfo/tools/verilator/root/include -I/home/elfo/tools/verilator/root/include/vltstd -DVM_COVERAGE=0 -DVM_SC=0 -DVM_TRACE=0 -DVM_TRACE_FST=0 -DVM_TRACE_VCD=0 -faligned-new -fcf-protection=none -Wno-bool-operation -Wno-overloaded-virtual -Wno-shadow -Wno-sign-compare -Wno-uninitialized -Wno-unused-but-set-parameter -Wno-unused-but-set-variable -Wno-unused-parameter -Wno-unused-variable     -DASTER_HART_COUNT=1   -c -o Vaster_multicore__ALL.o Vaster_multicore__ALL.cpp
echo "" > Vaster_multicore__ALL.verilator_deplist.tmp
Archive ar -rcs Vaster_multicore__ALL.a Vaster_multicore__ALL.o
g++     tb_aster_multicore.o verilated.o verilated_threads.o Vaster_multicore__ALL.a    -pthread -lpthread -latomic   -o /tmp/aster-phase8-legacy-regressions-5b9c175/build/multicore_h1_l11_sync1_wait1_w4_n16/aster_multicore_sim
rm Vaster_multicore__ALL.verilator_deplist.tmp
MULTICORE RUNTIME PASS
PASS: runtime boot=0 hart0_retired=504 hart1_retired=0 hart0_pcs=127 hart1_pcs=0
MULTICORE RUNTIME PASS
PASS: runtime boot=1 hart0_retired=504 hart1_retired=0 hart0_pcs=127 hart1_pcs=0
mkdir -p /tmp/aster-phase8-legacy-regressions-5b9c175/build/multicore_h1_l11_sync1_wait4_w4_n16
verilator --cc --exe --build --timing --Wall -DRISCV_FORMAL --Wno-DECLFILENAME --Wno-GENUNNAMED --Wno-UNUSEDSIGNAL --Wno-BLKSEQ \
	--top-module aster_multicore --Mdir /tmp/aster-phase8-legacy-regressions-5b9c175/build/multicore_h1_l11_sync1_wait4_w4_n16/obj -o /tmp/aster-phase8-legacy-regressions-5b9c175/build/multicore_h1_l11_sync1_wait4_w4_n16/aster_multicore_sim \
	-GHART_COUNT=1 "-GSYNC_MEMORY=1'b1" "-GENABLE_L1=1'b1" \
	-GMEMORY_WAIT_CYCLES=4 -GL1_LINE_WORDS=4 -GL1_LINE_COUNT=16 \
	-CFLAGS '-DASTER_HART_COUNT=1' \
	/tmp/aster-phase8-verified-source-x5U6xF/rtl/core/aster_picorv32.sv /tmp/aster-phase8-verified-source-x5U6xF/vendor/picorv32/picorv32.v /tmp/aster-phase8-verified-source-x5U6xF/rtl/cache/aster_l1_cache.sv /tmp/aster-phase8-verified-source-x5U6xF/rtl/memory/aster_rom.sv /tmp/aster-phase8-verified-source-x5U6xF/rtl/memory/aster_ram.sv /tmp/aster-phase8-verified-source-x5U6xF/rtl/peripherals/aster_uart.sv /tmp/aster-phase8-verified-source-x5U6xF/rtl/peripherals/aster_perf_counters.sv /tmp/aster-phase8-verified-source-x5U6xF/rtl/interconnect/aster_arbiter2.sv /tmp/aster-phase8-verified-source-x5U6xF/rtl/soc/aster_shared_fabric.sv /tmp/aster-phase8-verified-source-x5U6xF/rtl/core/aster_hart.sv /tmp/aster-phase8-verified-source-x5U6xF/rtl/soc/aster_multicore.sv \
	/tmp/aster-phase8-verified-source-x5U6xF/verification/soc/tb_aster_multicore.cpp
make[2]: warning: jobserver unavailable: using -j1.  Add '+' to parent make rule.
g++  -I.  -MMD -I/home/elfo/tools/verilator/root/include -I/home/elfo/tools/verilator/root/include/vltstd -DVM_COVERAGE=0 -DVM_SC=0 -DVM_TRACE=0 -DVM_TRACE_FST=0 -DVM_TRACE_VCD=0 -faligned-new -fcf-protection=none -Wno-bool-operation -Wno-overloaded-virtual -Wno-shadow -Wno-sign-compare -Wno-uninitialized -Wno-unused-but-set-parameter -Wno-unused-but-set-variable -Wno-unused-parameter -Wno-unused-variable     -DASTER_HART_COUNT=1   -Os -c -o tb_aster_multicore.o /tmp/aster-phase8-verified-source-x5U6xF/verification/soc/tb_aster_multicore.cpp
g++ -Os  -I.  -MMD -I/home/elfo/tools/verilator/root/include -I/home/elfo/tools/verilator/root/include/vltstd -DVM_COVERAGE=0 -DVM_SC=0 -DVM_TRACE=0 -DVM_TRACE_FST=0 -DVM_TRACE_VCD=0 -faligned-new -fcf-protection=none -Wno-bool-operation -Wno-overloaded-virtual -Wno-shadow -Wno-sign-compare -Wno-uninitialized -Wno-unused-but-set-parameter -Wno-unused-but-set-variable -Wno-unused-parameter -Wno-unused-variable     -DASTER_HART_COUNT=1   -c -o verilated.o /home/elfo/tools/verilator/root/include/verilated.cpp
g++ -Os  -I.  -MMD -I/home/elfo/tools/verilator/root/include -I/home/elfo/tools/verilator/root/include/vltstd -DVM_COVERAGE=0 -DVM_SC=0 -DVM_TRACE=0 -DVM_TRACE_FST=0 -DVM_TRACE_VCD=0 -faligned-new -fcf-protection=none -Wno-bool-operation -Wno-overloaded-virtual -Wno-shadow -Wno-sign-compare -Wno-uninitialized -Wno-unused-but-set-parameter -Wno-unused-but-set-variable -Wno-unused-parameter -Wno-unused-variable     -DASTER_HART_COUNT=1   -c -o verilated_threads.o /home/elfo/tools/verilator/root/include/verilated_threads.cpp
/usr/bin/python3 /home/elfo/tools/verilator/root/bin/verilator_includer -DVL_INCLUDE_OPT=include Vaster_multicore.cpp Vaster_multicore___024root__DepSet_h171db9e5__0.cpp Vaster_multicore___024root__DepSet_ha3570658__0.cpp Vaster_multicore___024root__Slow.cpp Vaster_multicore___024root__DepSet_h171db9e5__0__Slow.cpp Vaster_multicore___024root__DepSet_ha3570658__0__Slow.cpp Vaster_multicore__Syms.cpp > Vaster_multicore__ALL.cpp
g++ -Os  -I.  -MMD -I/home/elfo/tools/verilator/root/include -I/home/elfo/tools/verilator/root/include/vltstd -DVM_COVERAGE=0 -DVM_SC=0 -DVM_TRACE=0 -DVM_TRACE_FST=0 -DVM_TRACE_VCD=0 -faligned-new -fcf-protection=none -Wno-bool-operation -Wno-overloaded-virtual -Wno-shadow -Wno-sign-compare -Wno-uninitialized -Wno-unused-but-set-parameter -Wno-unused-but-set-variable -Wno-unused-parameter -Wno-unused-variable     -DASTER_HART_COUNT=1   -c -o Vaster_multicore__ALL.o Vaster_multicore__ALL.cpp
echo "" > Vaster_multicore__ALL.verilator_deplist.tmp
Archive ar -rcs Vaster_multicore__ALL.a Vaster_multicore__ALL.o
g++     tb_aster_multicore.o verilated.o verilated_threads.o Vaster_multicore__ALL.a    -pthread -lpthread -latomic   -o /tmp/aster-phase8-legacy-regressions-5b9c175/build/multicore_h1_l11_sync1_wait4_w4_n16/aster_multicore_sim
rm Vaster_multicore__ALL.verilator_deplist.tmp
MULTICORE RUNTIME PASS
PASS: runtime boot=0 hart0_retired=504 hart1_retired=0 hart0_pcs=127 hart1_pcs=0
MULTICORE RUNTIME PASS
PASS: runtime boot=1 hart0_retired=504 hart1_retired=0 hart0_pcs=127 hart1_pcs=0
mkdir -p /tmp/aster-phase8-legacy-regressions-5b9c175/build/multicore_h2_l10_sync0_wait0_w4_n16
verilator --cc --exe --build --timing --Wall -DRISCV_FORMAL --Wno-DECLFILENAME --Wno-GENUNNAMED --Wno-UNUSEDSIGNAL --Wno-BLKSEQ \
	--top-module aster_multicore --Mdir /tmp/aster-phase8-legacy-regressions-5b9c175/build/multicore_h2_l10_sync0_wait0_w4_n16/obj -o /tmp/aster-phase8-legacy-regressions-5b9c175/build/multicore_h2_l10_sync0_wait0_w4_n16/aster_multicore_sim \
	-GHART_COUNT=2 "-GSYNC_MEMORY=1'b0" "-GENABLE_L1=1'b0" \
	-GMEMORY_WAIT_CYCLES=0 -GL1_LINE_WORDS=4 -GL1_LINE_COUNT=16 \
	-CFLAGS '-DASTER_HART_COUNT=2' \
	/tmp/aster-phase8-verified-source-x5U6xF/rtl/core/aster_picorv32.sv /tmp/aster-phase8-verified-source-x5U6xF/vendor/picorv32/picorv32.v /tmp/aster-phase8-verified-source-x5U6xF/rtl/cache/aster_l1_cache.sv /tmp/aster-phase8-verified-source-x5U6xF/rtl/memory/aster_rom.sv /tmp/aster-phase8-verified-source-x5U6xF/rtl/memory/aster_ram.sv /tmp/aster-phase8-verified-source-x5U6xF/rtl/peripherals/aster_uart.sv /tmp/aster-phase8-verified-source-x5U6xF/rtl/peripherals/aster_perf_counters.sv /tmp/aster-phase8-verified-source-x5U6xF/rtl/interconnect/aster_arbiter2.sv /tmp/aster-phase8-verified-source-x5U6xF/rtl/soc/aster_shared_fabric.sv /tmp/aster-phase8-verified-source-x5U6xF/rtl/core/aster_hart.sv /tmp/aster-phase8-verified-source-x5U6xF/rtl/soc/aster_multicore.sv \
	/tmp/aster-phase8-verified-source-x5U6xF/verification/soc/tb_aster_multicore.cpp
make[2]: warning: jobserver unavailable: using -j1.  Add '+' to parent make rule.
g++  -I.  -MMD -I/home/elfo/tools/verilator/root/include -I/home/elfo/tools/verilator/root/include/vltstd -DVM_COVERAGE=0 -DVM_SC=0 -DVM_TRACE=0 -DVM_TRACE_FST=0 -DVM_TRACE_VCD=0 -faligned-new -fcf-protection=none -Wno-bool-operation -Wno-overloaded-virtual -Wno-shadow -Wno-sign-compare -Wno-uninitialized -Wno-unused-but-set-parameter -Wno-unused-but-set-variable -Wno-unused-parameter -Wno-unused-variable     -DASTER_HART_COUNT=2   -Os -c -o tb_aster_multicore.o /tmp/aster-phase8-verified-source-x5U6xF/verification/soc/tb_aster_multicore.cpp
g++ -Os  -I.  -MMD -I/home/elfo/tools/verilator/root/include -I/home/elfo/tools/verilator/root/include/vltstd -DVM_COVERAGE=0 -DVM_SC=0 -DVM_TRACE=0 -DVM_TRACE_FST=0 -DVM_TRACE_VCD=0 -faligned-new -fcf-protection=none -Wno-bool-operation -Wno-overloaded-virtual -Wno-shadow -Wno-sign-compare -Wno-uninitialized -Wno-unused-but-set-parameter -Wno-unused-but-set-variable -Wno-unused-parameter -Wno-unused-variable     -DASTER_HART_COUNT=2   -c -o verilated.o /home/elfo/tools/verilator/root/include/verilated.cpp
g++ -Os  -I.  -MMD -I/home/elfo/tools/verilator/root/include -I/home/elfo/tools/verilator/root/include/vltstd -DVM_COVERAGE=0 -DVM_SC=0 -DVM_TRACE=0 -DVM_TRACE_FST=0 -DVM_TRACE_VCD=0 -faligned-new -fcf-protection=none -Wno-bool-operation -Wno-overloaded-virtual -Wno-shadow -Wno-sign-compare -Wno-uninitialized -Wno-unused-but-set-parameter -Wno-unused-but-set-variable -Wno-unused-parameter -Wno-unused-variable     -DASTER_HART_COUNT=2   -c -o verilated_threads.o /home/elfo/tools/verilator/root/include/verilated_threads.cpp
/usr/bin/python3 /home/elfo/tools/verilator/root/bin/verilator_includer -DVL_INCLUDE_OPT=include Vaster_multicore.cpp Vaster_multicore___024root__DepSet_h171db9e5__0.cpp Vaster_multicore___024root__DepSet_ha3570658__0.cpp Vaster_multicore_aster_picorv32__DepSet_hba852829__0.cpp Vaster_multicore___024root__Slow.cpp Vaster_multicore___024root__DepSet_h171db9e5__0__Slow.cpp Vaster_multicore___024root__DepSet_ha3570658__0__Slow.cpp Vaster_multicore_aster_picorv32__Slow.cpp Vaster_multicore_aster_picorv32__DepSet_hba852829__0__Slow.cpp Vaster_multicore_aster_picorv32__DepSet_h0dde77a4__0__Slow.cpp Vaster_multicore__Syms.cpp > Vaster_multicore__ALL.cpp
g++ -Os  -I.  -MMD -I/home/elfo/tools/verilator/root/include -I/home/elfo/tools/verilator/root/include/vltstd -DVM_COVERAGE=0 -DVM_SC=0 -DVM_TRACE=0 -DVM_TRACE_FST=0 -DVM_TRACE_VCD=0 -faligned-new -fcf-protection=none -Wno-bool-operation -Wno-overloaded-virtual -Wno-shadow -Wno-sign-compare -Wno-uninitialized -Wno-unused-but-set-parameter -Wno-unused-but-set-variable -Wno-unused-parameter -Wno-unused-variable     -DASTER_HART_COUNT=2   -c -o Vaster_multicore__ALL.o Vaster_multicore__ALL.cpp
echo "" > Vaster_multicore__ALL.verilator_deplist.tmp
Archive ar -rcs Vaster_multicore__ALL.a Vaster_multicore__ALL.o
g++     tb_aster_multicore.o verilated.o verilated_threads.o Vaster_multicore__ALL.a    -pthread -lpthread -latomic   -o /tmp/aster-phase8-legacy-regressions-5b9c175/build/multicore_h2_l10_sync0_wait0_w4_n16/aster_multicore_sim
rm Vaster_multicore__ALL.verilator_deplist.tmp
MULTICORE RUNTIME PASS
PASS: runtime boot=0 hart0_retired=1525 hart1_retired=1474 hart0_pcs=195 hart1_pcs=115
MULTICORE RUNTIME PASS
PASS: runtime boot=1 hart0_retired=1525 hart1_retired=1474 hart0_pcs=195 hart1_pcs=115
mkdir -p /tmp/aster-phase8-legacy-regressions-5b9c175/build/multicore_h2_l10_sync0_wait4_w4_n16
verilator --cc --exe --build --timing --Wall -DRISCV_FORMAL --Wno-DECLFILENAME --Wno-GENUNNAMED --Wno-UNUSEDSIGNAL --Wno-BLKSEQ \
	--top-module aster_multicore --Mdir /tmp/aster-phase8-legacy-regressions-5b9c175/build/multicore_h2_l10_sync0_wait4_w4_n16/obj -o /tmp/aster-phase8-legacy-regressions-5b9c175/build/multicore_h2_l10_sync0_wait4_w4_n16/aster_multicore_sim \
	-GHART_COUNT=2 "-GSYNC_MEMORY=1'b0" "-GENABLE_L1=1'b0" \
	-GMEMORY_WAIT_CYCLES=4 -GL1_LINE_WORDS=4 -GL1_LINE_COUNT=16 \
	-CFLAGS '-DASTER_HART_COUNT=2' \
	/tmp/aster-phase8-verified-source-x5U6xF/rtl/core/aster_picorv32.sv /tmp/aster-phase8-verified-source-x5U6xF/vendor/picorv32/picorv32.v /tmp/aster-phase8-verified-source-x5U6xF/rtl/cache/aster_l1_cache.sv /tmp/aster-phase8-verified-source-x5U6xF/rtl/memory/aster_rom.sv /tmp/aster-phase8-verified-source-x5U6xF/rtl/memory/aster_ram.sv /tmp/aster-phase8-verified-source-x5U6xF/rtl/peripherals/aster_uart.sv /tmp/aster-phase8-verified-source-x5U6xF/rtl/peripherals/aster_perf_counters.sv /tmp/aster-phase8-verified-source-x5U6xF/rtl/interconnect/aster_arbiter2.sv /tmp/aster-phase8-verified-source-x5U6xF/rtl/soc/aster_shared_fabric.sv /tmp/aster-phase8-verified-source-x5U6xF/rtl/core/aster_hart.sv /tmp/aster-phase8-verified-source-x5U6xF/rtl/soc/aster_multicore.sv \
	/tmp/aster-phase8-verified-source-x5U6xF/verification/soc/tb_aster_multicore.cpp
make[2]: warning: jobserver unavailable: using -j1.  Add '+' to parent make rule.
g++  -I.  -MMD -I/home/elfo/tools/verilator/root/include -I/home/elfo/tools/verilator/root/include/vltstd -DVM_COVERAGE=0 -DVM_SC=0 -DVM_TRACE=0 -DVM_TRACE_FST=0 -DVM_TRACE_VCD=0 -faligned-new -fcf-protection=none -Wno-bool-operation -Wno-overloaded-virtual -Wno-shadow -Wno-sign-compare -Wno-uninitialized -Wno-unused-but-set-parameter -Wno-unused-but-set-variable -Wno-unused-parameter -Wno-unused-variable     -DASTER_HART_COUNT=2   -Os -c -o tb_aster_multicore.o /tmp/aster-phase8-verified-source-x5U6xF/verification/soc/tb_aster_multicore.cpp
g++ -Os  -I.  -MMD -I/home/elfo/tools/verilator/root/include -I/home/elfo/tools/verilator/root/include/vltstd -DVM_COVERAGE=0 -DVM_SC=0 -DVM_TRACE=0 -DVM_TRACE_FST=0 -DVM_TRACE_VCD=0 -faligned-new -fcf-protection=none -Wno-bool-operation -Wno-overloaded-virtual -Wno-shadow -Wno-sign-compare -Wno-uninitialized -Wno-unused-but-set-parameter -Wno-unused-but-set-variable -Wno-unused-parameter -Wno-unused-variable     -DASTER_HART_COUNT=2   -c -o verilated.o /home/elfo/tools/verilator/root/include/verilated.cpp
g++ -Os  -I.  -MMD -I/home/elfo/tools/verilator/root/include -I/home/elfo/tools/verilator/root/include/vltstd -DVM_COVERAGE=0 -DVM_SC=0 -DVM_TRACE=0 -DVM_TRACE_FST=0 -DVM_TRACE_VCD=0 -faligned-new -fcf-protection=none -Wno-bool-operation -Wno-overloaded-virtual -Wno-shadow -Wno-sign-compare -Wno-uninitialized -Wno-unused-but-set-parameter -Wno-unused-but-set-variable -Wno-unused-parameter -Wno-unused-variable     -DASTER_HART_COUNT=2   -c -o verilated_threads.o /home/elfo/tools/verilator/root/include/verilated_threads.cpp
/usr/bin/python3 /home/elfo/tools/verilator/root/bin/verilator_includer -DVL_INCLUDE_OPT=include Vaster_multicore.cpp Vaster_multicore___024root__DepSet_h171db9e5__0.cpp Vaster_multicore___024root__DepSet_ha3570658__0.cpp Vaster_multicore_aster_picorv32__DepSet_hba852829__0.cpp Vaster_multicore___024root__Slow.cpp Vaster_multicore___024root__DepSet_h171db9e5__0__Slow.cpp Vaster_multicore___024root__DepSet_ha3570658__0__Slow.cpp Vaster_multicore_aster_picorv32__Slow.cpp Vaster_multicore_aster_picorv32__DepSet_hba852829__0__Slow.cpp Vaster_multicore_aster_picorv32__DepSet_h0dde77a4__0__Slow.cpp Vaster_multicore__Syms.cpp > Vaster_multicore__ALL.cpp
g++ -Os  -I.  -MMD -I/home/elfo/tools/verilator/root/include -I/home/elfo/tools/verilator/root/include/vltstd -DVM_COVERAGE=0 -DVM_SC=0 -DVM_TRACE=0 -DVM_TRACE_FST=0 -DVM_TRACE_VCD=0 -faligned-new -fcf-protection=none -Wno-bool-operation -Wno-overloaded-virtual -Wno-shadow -Wno-sign-compare -Wno-uninitialized -Wno-unused-but-set-parameter -Wno-unused-but-set-variable -Wno-unused-parameter -Wno-unused-variable     -DASTER_HART_COUNT=2   -c -o Vaster_multicore__ALL.o Vaster_multicore__ALL.cpp
echo "" > Vaster_multicore__ALL.verilator_deplist.tmp
Archive ar -rcs Vaster_multicore__ALL.a Vaster_multicore__ALL.o
g++     tb_aster_multicore.o verilated.o verilated_threads.o Vaster_multicore__ALL.a    -pthread -lpthread -latomic   -o /tmp/aster-phase8-legacy-regressions-5b9c175/build/multicore_h2_l10_sync0_wait4_w4_n16/aster_multicore_sim
rm Vaster_multicore__ALL.verilator_deplist.tmp
MULTICORE RUNTIME PASS
PASS: runtime boot=0 hart0_retired=1525 hart1_retired=1310 hart0_pcs=195 hart1_pcs=115
MULTICORE RUNTIME PASS
PASS: runtime boot=1 hart0_retired=1525 hart1_retired=1310 hart0_pcs=195 hart1_pcs=115
mkdir -p /tmp/aster-phase8-legacy-regressions-5b9c175/build/multicore_h2_l10_sync1_wait1_w4_n16
verilator --cc --exe --build --timing --Wall -DRISCV_FORMAL --Wno-DECLFILENAME --Wno-GENUNNAMED --Wno-UNUSEDSIGNAL --Wno-BLKSEQ \
	--top-module aster_multicore --Mdir /tmp/aster-phase8-legacy-regressions-5b9c175/build/multicore_h2_l10_sync1_wait1_w4_n16/obj -o /tmp/aster-phase8-legacy-regressions-5b9c175/build/multicore_h2_l10_sync1_wait1_w4_n16/aster_multicore_sim \
	-GHART_COUNT=2 "-GSYNC_MEMORY=1'b1" "-GENABLE_L1=1'b0" \
	-GMEMORY_WAIT_CYCLES=1 -GL1_LINE_WORDS=4 -GL1_LINE_COUNT=16 \
	-CFLAGS '-DASTER_HART_COUNT=2' \
	/tmp/aster-phase8-verified-source-x5U6xF/rtl/core/aster_picorv32.sv /tmp/aster-phase8-verified-source-x5U6xF/vendor/picorv32/picorv32.v /tmp/aster-phase8-verified-source-x5U6xF/rtl/cache/aster_l1_cache.sv /tmp/aster-phase8-verified-source-x5U6xF/rtl/memory/aster_rom.sv /tmp/aster-phase8-verified-source-x5U6xF/rtl/memory/aster_ram.sv /tmp/aster-phase8-verified-source-x5U6xF/rtl/peripherals/aster_uart.sv /tmp/aster-phase8-verified-source-x5U6xF/rtl/peripherals/aster_perf_counters.sv /tmp/aster-phase8-verified-source-x5U6xF/rtl/interconnect/aster_arbiter2.sv /tmp/aster-phase8-verified-source-x5U6xF/rtl/soc/aster_shared_fabric.sv /tmp/aster-phase8-verified-source-x5U6xF/rtl/core/aster_hart.sv /tmp/aster-phase8-verified-source-x5U6xF/rtl/soc/aster_multicore.sv \
	/tmp/aster-phase8-verified-source-x5U6xF/verification/soc/tb_aster_multicore.cpp
make[2]: warning: jobserver unavailable: using -j1.  Add '+' to parent make rule.
g++  -I.  -MMD -I/home/elfo/tools/verilator/root/include -I/home/elfo/tools/verilator/root/include/vltstd -DVM_COVERAGE=0 -DVM_SC=0 -DVM_TRACE=0 -DVM_TRACE_FST=0 -DVM_TRACE_VCD=0 -faligned-new -fcf-protection=none -Wno-bool-operation -Wno-overloaded-virtual -Wno-shadow -Wno-sign-compare -Wno-uninitialized -Wno-unused-but-set-parameter -Wno-unused-but-set-variable -Wno-unused-parameter -Wno-unused-variable     -DASTER_HART_COUNT=2   -Os -c -o tb_aster_multicore.o /tmp/aster-phase8-verified-source-x5U6xF/verification/soc/tb_aster_multicore.cpp
g++ -Os  -I.  -MMD -I/home/elfo/tools/verilator/root/include -I/home/elfo/tools/verilator/root/include/vltstd -DVM_COVERAGE=0 -DVM_SC=0 -DVM_TRACE=0 -DVM_TRACE_FST=0 -DVM_TRACE_VCD=0 -faligned-new -fcf-protection=none -Wno-bool-operation -Wno-overloaded-virtual -Wno-shadow -Wno-sign-compare -Wno-uninitialized -Wno-unused-but-set-parameter -Wno-unused-but-set-variable -Wno-unused-parameter -Wno-unused-variable     -DASTER_HART_COUNT=2   -c -o verilated.o /home/elfo/tools/verilator/root/include/verilated.cpp
g++ -Os  -I.  -MMD -I/home/elfo/tools/verilator/root/include -I/home/elfo/tools/verilator/root/include/vltstd -DVM_COVERAGE=0 -DVM_SC=0 -DVM_TRACE=0 -DVM_TRACE_FST=0 -DVM_TRACE_VCD=0 -faligned-new -fcf-protection=none -Wno-bool-operation -Wno-overloaded-virtual -Wno-shadow -Wno-sign-compare -Wno-uninitialized -Wno-unused-but-set-parameter -Wno-unused-but-set-variable -Wno-unused-parameter -Wno-unused-variable     -DASTER_HART_COUNT=2   -c -o verilated_threads.o /home/elfo/tools/verilator/root/include/verilated_threads.cpp
/usr/bin/python3 /home/elfo/tools/verilator/root/bin/verilator_includer -DVL_INCLUDE_OPT=include Vaster_multicore.cpp Vaster_multicore___024root__DepSet_h171db9e5__0.cpp Vaster_multicore___024root__DepSet_ha3570658__0.cpp Vaster_multicore_aster_picorv32__DepSet_hba852829__0.cpp Vaster_multicore___024root__Slow.cpp Vaster_multicore___024root__DepSet_h171db9e5__0__Slow.cpp Vaster_multicore___024root__DepSet_ha3570658__0__Slow.cpp Vaster_multicore_aster_picorv32__Slow.cpp Vaster_multicore_aster_picorv32__DepSet_hba852829__0__Slow.cpp Vaster_multicore_aster_picorv32__DepSet_h0dde77a4__0__Slow.cpp Vaster_multicore__Syms.cpp > Vaster_multicore__ALL.cpp
g++ -Os  -I.  -MMD -I/home/elfo/tools/verilator/root/include -I/home/elfo/tools/verilator/root/include/vltstd -DVM_COVERAGE=0 -DVM_SC=0 -DVM_TRACE=0 -DVM_TRACE_FST=0 -DVM_TRACE_VCD=0 -faligned-new -fcf-protection=none -Wno-bool-operation -Wno-overloaded-virtual -Wno-shadow -Wno-sign-compare -Wno-uninitialized -Wno-unused-but-set-parameter -Wno-unused-but-set-variable -Wno-unused-parameter -Wno-unused-variable     -DASTER_HART_COUNT=2   -c -o Vaster_multicore__ALL.o Vaster_multicore__ALL.cpp
echo "" > Vaster_multicore__ALL.verilator_deplist.tmp
Archive ar -rcs Vaster_multicore__ALL.a Vaster_multicore__ALL.o
g++     tb_aster_multicore.o verilated.o verilated_threads.o Vaster_multicore__ALL.a    -pthread -lpthread -latomic   -o /tmp/aster-phase8-legacy-regressions-5b9c175/build/multicore_h2_l10_sync1_wait1_w4_n16/aster_multicore_sim
rm Vaster_multicore__ALL.verilator_deplist.tmp
MULTICORE RUNTIME PASS
PASS: runtime boot=0 hart0_retired=1525 hart1_retired=1382 hart0_pcs=195 hart1_pcs=115
MULTICORE RUNTIME PASS
PASS: runtime boot=1 hart0_retired=1525 hart1_retired=1382 hart0_pcs=195 hart1_pcs=115
mkdir -p /tmp/aster-phase8-legacy-regressions-5b9c175/build/multicore_h2_l10_sync1_wait4_w4_n16
verilator --cc --exe --build --timing --Wall -DRISCV_FORMAL --Wno-DECLFILENAME --Wno-GENUNNAMED --Wno-UNUSEDSIGNAL --Wno-BLKSEQ \
	--top-module aster_multicore --Mdir /tmp/aster-phase8-legacy-regressions-5b9c175/build/multicore_h2_l10_sync1_wait4_w4_n16/obj -o /tmp/aster-phase8-legacy-regressions-5b9c175/build/multicore_h2_l10_sync1_wait4_w4_n16/aster_multicore_sim \
	-GHART_COUNT=2 "-GSYNC_MEMORY=1'b1" "-GENABLE_L1=1'b0" \
	-GMEMORY_WAIT_CYCLES=4 -GL1_LINE_WORDS=4 -GL1_LINE_COUNT=16 \
	-CFLAGS '-DASTER_HART_COUNT=2' \
	/tmp/aster-phase8-verified-source-x5U6xF/rtl/core/aster_picorv32.sv /tmp/aster-phase8-verified-source-x5U6xF/vendor/picorv32/picorv32.v /tmp/aster-phase8-verified-source-x5U6xF/rtl/cache/aster_l1_cache.sv /tmp/aster-phase8-verified-source-x5U6xF/rtl/memory/aster_rom.sv /tmp/aster-phase8-verified-source-x5U6xF/rtl/memory/aster_ram.sv /tmp/aster-phase8-verified-source-x5U6xF/rtl/peripherals/aster_uart.sv /tmp/aster-phase8-verified-source-x5U6xF/rtl/peripherals/aster_perf_counters.sv /tmp/aster-phase8-verified-source-x5U6xF/rtl/interconnect/aster_arbiter2.sv /tmp/aster-phase8-verified-source-x5U6xF/rtl/soc/aster_shared_fabric.sv /tmp/aster-phase8-verified-source-x5U6xF/rtl/core/aster_hart.sv /tmp/aster-phase8-verified-source-x5U6xF/rtl/soc/aster_multicore.sv \
	/tmp/aster-phase8-verified-source-x5U6xF/verification/soc/tb_aster_multicore.cpp
make[2]: warning: jobserver unavailable: using -j1.  Add '+' to parent make rule.
g++  -I.  -MMD -I/home/elfo/tools/verilator/root/include -I/home/elfo/tools/verilator/root/include/vltstd -DVM_COVERAGE=0 -DVM_SC=0 -DVM_TRACE=0 -DVM_TRACE_FST=0 -DVM_TRACE_VCD=0 -faligned-new -fcf-protection=none -Wno-bool-operation -Wno-overloaded-virtual -Wno-shadow -Wno-sign-compare -Wno-uninitialized -Wno-unused-but-set-parameter -Wno-unused-but-set-variable -Wno-unused-parameter -Wno-unused-variable     -DASTER_HART_COUNT=2   -Os -c -o tb_aster_multicore.o /tmp/aster-phase8-verified-source-x5U6xF/verification/soc/tb_aster_multicore.cpp
g++ -Os  -I.  -MMD -I/home/elfo/tools/verilator/root/include -I/home/elfo/tools/verilator/root/include/vltstd -DVM_COVERAGE=0 -DVM_SC=0 -DVM_TRACE=0 -DVM_TRACE_FST=0 -DVM_TRACE_VCD=0 -faligned-new -fcf-protection=none -Wno-bool-operation -Wno-overloaded-virtual -Wno-shadow -Wno-sign-compare -Wno-uninitialized -Wno-unused-but-set-parameter -Wno-unused-but-set-variable -Wno-unused-parameter -Wno-unused-variable     -DASTER_HART_COUNT=2   -c -o verilated.o /home/elfo/tools/verilator/root/include/verilated.cpp
g++ -Os  -I.  -MMD -I/home/elfo/tools/verilator/root/include -I/home/elfo/tools/verilator/root/include/vltstd -DVM_COVERAGE=0 -DVM_SC=0 -DVM_TRACE=0 -DVM_TRACE_FST=0 -DVM_TRACE_VCD=0 -faligned-new -fcf-protection=none -Wno-bool-operation -Wno-overloaded-virtual -Wno-shadow -Wno-sign-compare -Wno-uninitialized -Wno-unused-but-set-parameter -Wno-unused-but-set-variable -Wno-unused-parameter -Wno-unused-variable     -DASTER_HART_COUNT=2   -c -o verilated_threads.o /home/elfo/tools/verilator/root/include/verilated_threads.cpp
/usr/bin/python3 /home/elfo/tools/verilator/root/bin/verilator_includer -DVL_INCLUDE_OPT=include Vaster_multicore.cpp Vaster_multicore___024root__DepSet_h171db9e5__0.cpp Vaster_multicore___024root__DepSet_ha3570658__0.cpp Vaster_multicore_aster_picorv32__DepSet_hba852829__0.cpp Vaster_multicore___024root__Slow.cpp Vaster_multicore___024root__DepSet_h171db9e5__0__Slow.cpp Vaster_multicore___024root__DepSet_ha3570658__0__Slow.cpp Vaster_multicore_aster_picorv32__Slow.cpp Vaster_multicore_aster_picorv32__DepSet_hba852829__0__Slow.cpp Vaster_multicore_aster_picorv32__DepSet_h0dde77a4__0__Slow.cpp Vaster_multicore__Syms.cpp > Vaster_multicore__ALL.cpp
g++ -Os  -I.  -MMD -I/home/elfo/tools/verilator/root/include -I/home/elfo/tools/verilator/root/include/vltstd -DVM_COVERAGE=0 -DVM_SC=0 -DVM_TRACE=0 -DVM_TRACE_FST=0 -DVM_TRACE_VCD=0 -faligned-new -fcf-protection=none -Wno-bool-operation -Wno-overloaded-virtual -Wno-shadow -Wno-sign-compare -Wno-uninitialized -Wno-unused-but-set-parameter -Wno-unused-but-set-variable -Wno-unused-parameter -Wno-unused-variable     -DASTER_HART_COUNT=2   -c -o Vaster_multicore__ALL.o Vaster_multicore__ALL.cpp
echo "" > Vaster_multicore__ALL.verilator_deplist.tmp
Archive ar -rcs Vaster_multicore__ALL.a Vaster_multicore__ALL.o
g++     tb_aster_multicore.o verilated.o verilated_threads.o Vaster_multicore__ALL.a    -pthread -lpthread -latomic   -o /tmp/aster-phase8-legacy-regressions-5b9c175/build/multicore_h2_l10_sync1_wait4_w4_n16/aster_multicore_sim
rm Vaster_multicore__ALL.verilator_deplist.tmp
MULTICORE RUNTIME PASS
PASS: runtime boot=0 hart0_retired=1525 hart1_retired=1310 hart0_pcs=195 hart1_pcs=115
MULTICORE RUNTIME PASS
PASS: runtime boot=1 hart0_retired=1525 hart1_retired=1310 hart0_pcs=195 hart1_pcs=115
MULTICORE RUNTIME PASS
PASS: runtime boot=0 hart0_retired=1612 hart1_retired=1474 hart0_pcs=195 hart1_pcs=115
MULTICORE RUNTIME PASS
PASS: runtime boot=1 hart0_retired=1612 hart1_retired=1474 hart0_pcs=195 hart1_pcs=115
mkdir -p /tmp/aster-phase8-legacy-regressions-5b9c175/build/multicore_h2_l11_sync0_wait4_w4_n16
verilator --cc --exe --build --timing --Wall -DRISCV_FORMAL --Wno-DECLFILENAME --Wno-GENUNNAMED --Wno-UNUSEDSIGNAL --Wno-BLKSEQ \
	--top-module aster_multicore --Mdir /tmp/aster-phase8-legacy-regressions-5b9c175/build/multicore_h2_l11_sync0_wait4_w4_n16/obj -o /tmp/aster-phase8-legacy-regressions-5b9c175/build/multicore_h2_l11_sync0_wait4_w4_n16/aster_multicore_sim \
	-GHART_COUNT=2 "-GSYNC_MEMORY=1'b0" "-GENABLE_L1=1'b1" \
	-GMEMORY_WAIT_CYCLES=4 -GL1_LINE_WORDS=4 -GL1_LINE_COUNT=16 \
	-CFLAGS '-DASTER_HART_COUNT=2' \
	/tmp/aster-phase8-verified-source-x5U6xF/rtl/core/aster_picorv32.sv /tmp/aster-phase8-verified-source-x5U6xF/vendor/picorv32/picorv32.v /tmp/aster-phase8-verified-source-x5U6xF/rtl/cache/aster_l1_cache.sv /tmp/aster-phase8-verified-source-x5U6xF/rtl/memory/aster_rom.sv /tmp/aster-phase8-verified-source-x5U6xF/rtl/memory/aster_ram.sv /tmp/aster-phase8-verified-source-x5U6xF/rtl/peripherals/aster_uart.sv /tmp/aster-phase8-verified-source-x5U6xF/rtl/peripherals/aster_perf_counters.sv /tmp/aster-phase8-verified-source-x5U6xF/rtl/interconnect/aster_arbiter2.sv /tmp/aster-phase8-verified-source-x5U6xF/rtl/soc/aster_shared_fabric.sv /tmp/aster-phase8-verified-source-x5U6xF/rtl/core/aster_hart.sv /tmp/aster-phase8-verified-source-x5U6xF/rtl/soc/aster_multicore.sv \
	/tmp/aster-phase8-verified-source-x5U6xF/verification/soc/tb_aster_multicore.cpp
make[2]: warning: jobserver unavailable: using -j1.  Add '+' to parent make rule.
g++  -I.  -MMD -I/home/elfo/tools/verilator/root/include -I/home/elfo/tools/verilator/root/include/vltstd -DVM_COVERAGE=0 -DVM_SC=0 -DVM_TRACE=0 -DVM_TRACE_FST=0 -DVM_TRACE_VCD=0 -faligned-new -fcf-protection=none -Wno-bool-operation -Wno-overloaded-virtual -Wno-shadow -Wno-sign-compare -Wno-uninitialized -Wno-unused-but-set-parameter -Wno-unused-but-set-variable -Wno-unused-parameter -Wno-unused-variable     -DASTER_HART_COUNT=2   -Os -c -o tb_aster_multicore.o /tmp/aster-phase8-verified-source-x5U6xF/verification/soc/tb_aster_multicore.cpp
g++ -Os  -I.  -MMD -I/home/elfo/tools/verilator/root/include -I/home/elfo/tools/verilator/root/include/vltstd -DVM_COVERAGE=0 -DVM_SC=0 -DVM_TRACE=0 -DVM_TRACE_FST=0 -DVM_TRACE_VCD=0 -faligned-new -fcf-protection=none -Wno-bool-operation -Wno-overloaded-virtual -Wno-shadow -Wno-sign-compare -Wno-uninitialized -Wno-unused-but-set-parameter -Wno-unused-but-set-variable -Wno-unused-parameter -Wno-unused-variable     -DASTER_HART_COUNT=2   -c -o verilated.o /home/elfo/tools/verilator/root/include/verilated.cpp
g++ -Os  -I.  -MMD -I/home/elfo/tools/verilator/root/include -I/home/elfo/tools/verilator/root/include/vltstd -DVM_COVERAGE=0 -DVM_SC=0 -DVM_TRACE=0 -DVM_TRACE_FST=0 -DVM_TRACE_VCD=0 -faligned-new -fcf-protection=none -Wno-bool-operation -Wno-overloaded-virtual -Wno-shadow -Wno-sign-compare -Wno-uninitialized -Wno-unused-but-set-parameter -Wno-unused-but-set-variable -Wno-unused-parameter -Wno-unused-variable     -DASTER_HART_COUNT=2   -c -o verilated_threads.o /home/elfo/tools/verilator/root/include/verilated_threads.cpp
/usr/bin/python3 /home/elfo/tools/verilator/root/bin/verilator_includer -DVL_INCLUDE_OPT=include Vaster_multicore.cpp Vaster_multicore___024root__DepSet_h171db9e5__0.cpp Vaster_multicore___024root__DepSet_ha3570658__0.cpp Vaster_multicore_aster_picorv32__DepSet_hba852829__0.cpp Vaster_multicore___024root__Slow.cpp Vaster_multicore___024root__DepSet_h171db9e5__0__Slow.cpp Vaster_multicore___024root__DepSet_ha3570658__0__Slow.cpp Vaster_multicore_aster_picorv32__Slow.cpp Vaster_multicore_aster_picorv32__DepSet_hba852829__0__Slow.cpp Vaster_multicore_aster_picorv32__DepSet_h0dde77a4__0__Slow.cpp Vaster_multicore__Syms.cpp > Vaster_multicore__ALL.cpp
g++ -Os  -I.  -MMD -I/home/elfo/tools/verilator/root/include -I/home/elfo/tools/verilator/root/include/vltstd -DVM_COVERAGE=0 -DVM_SC=0 -DVM_TRACE=0 -DVM_TRACE_FST=0 -DVM_TRACE_VCD=0 -faligned-new -fcf-protection=none -Wno-bool-operation -Wno-overloaded-virtual -Wno-shadow -Wno-sign-compare -Wno-uninitialized -Wno-unused-but-set-parameter -Wno-unused-but-set-variable -Wno-unused-parameter -Wno-unused-variable     -DASTER_HART_COUNT=2   -c -o Vaster_multicore__ALL.o Vaster_multicore__ALL.cpp
echo "" > Vaster_multicore__ALL.verilator_deplist.tmp
Archive ar -rcs Vaster_multicore__ALL.a Vaster_multicore__ALL.o
g++     tb_aster_multicore.o verilated.o verilated_threads.o Vaster_multicore__ALL.a    -pthread -lpthread -latomic   -o /tmp/aster-phase8-legacy-regressions-5b9c175/build/multicore_h2_l11_sync0_wait4_w4_n16/aster_multicore_sim
rm Vaster_multicore__ALL.verilator_deplist.tmp
MULTICORE RUNTIME PASS
PASS: runtime boot=0 hart0_retired=1894 hart1_retired=1576 hart0_pcs=195 hart1_pcs=115
MULTICORE RUNTIME PASS
PASS: runtime boot=1 hart0_retired=1894 hart1_retired=1576 hart0_pcs=195 hart1_pcs=115
mkdir -p /tmp/aster-phase8-legacy-regressions-5b9c175/build/multicore_h2_l11_sync1_wait1_w4_n16
verilator --cc --exe --build --timing --Wall -DRISCV_FORMAL --Wno-DECLFILENAME --Wno-GENUNNAMED --Wno-UNUSEDSIGNAL --Wno-BLKSEQ \
	--top-module aster_multicore --Mdir /tmp/aster-phase8-legacy-regressions-5b9c175/build/multicore_h2_l11_sync1_wait1_w4_n16/obj -o /tmp/aster-phase8-legacy-regressions-5b9c175/build/multicore_h2_l11_sync1_wait1_w4_n16/aster_multicore_sim \
	-GHART_COUNT=2 "-GSYNC_MEMORY=1'b1" "-GENABLE_L1=1'b1" \
	-GMEMORY_WAIT_CYCLES=1 -GL1_LINE_WORDS=4 -GL1_LINE_COUNT=16 \
	-CFLAGS '-DASTER_HART_COUNT=2' \
	/tmp/aster-phase8-verified-source-x5U6xF/rtl/core/aster_picorv32.sv /tmp/aster-phase8-verified-source-x5U6xF/vendor/picorv32/picorv32.v /tmp/aster-phase8-verified-source-x5U6xF/rtl/cache/aster_l1_cache.sv /tmp/aster-phase8-verified-source-x5U6xF/rtl/memory/aster_rom.sv /tmp/aster-phase8-verified-source-x5U6xF/rtl/memory/aster_ram.sv /tmp/aster-phase8-verified-source-x5U6xF/rtl/peripherals/aster_uart.sv /tmp/aster-phase8-verified-source-x5U6xF/rtl/peripherals/aster_perf_counters.sv /tmp/aster-phase8-verified-source-x5U6xF/rtl/interconnect/aster_arbiter2.sv /tmp/aster-phase8-verified-source-x5U6xF/rtl/soc/aster_shared_fabric.sv /tmp/aster-phase8-verified-source-x5U6xF/rtl/core/aster_hart.sv /tmp/aster-phase8-verified-source-x5U6xF/rtl/soc/aster_multicore.sv \
	/tmp/aster-phase8-verified-source-x5U6xF/verification/soc/tb_aster_multicore.cpp
make[2]: warning: jobserver unavailable: using -j1.  Add '+' to parent make rule.
g++  -I.  -MMD -I/home/elfo/tools/verilator/root/include -I/home/elfo/tools/verilator/root/include/vltstd -DVM_COVERAGE=0 -DVM_SC=0 -DVM_TRACE=0 -DVM_TRACE_FST=0 -DVM_TRACE_VCD=0 -faligned-new -fcf-protection=none -Wno-bool-operation -Wno-overloaded-virtual -Wno-shadow -Wno-sign-compare -Wno-uninitialized -Wno-unused-but-set-parameter -Wno-unused-but-set-variable -Wno-unused-parameter -Wno-unused-variable     -DASTER_HART_COUNT=2   -Os -c -o tb_aster_multicore.o /tmp/aster-phase8-verified-source-x5U6xF/verification/soc/tb_aster_multicore.cpp
g++ -Os  -I.  -MMD -I/home/elfo/tools/verilator/root/include -I/home/elfo/tools/verilator/root/include/vltstd -DVM_COVERAGE=0 -DVM_SC=0 -DVM_TRACE=0 -DVM_TRACE_FST=0 -DVM_TRACE_VCD=0 -faligned-new -fcf-protection=none -Wno-bool-operation -Wno-overloaded-virtual -Wno-shadow -Wno-sign-compare -Wno-uninitialized -Wno-unused-but-set-parameter -Wno-unused-but-set-variable -Wno-unused-parameter -Wno-unused-variable     -DASTER_HART_COUNT=2   -c -o verilated.o /home/elfo/tools/verilator/root/include/verilated.cpp
g++ -Os  -I.  -MMD -I/home/elfo/tools/verilator/root/include -I/home/elfo/tools/verilator/root/include/vltstd -DVM_COVERAGE=0 -DVM_SC=0 -DVM_TRACE=0 -DVM_TRACE_FST=0 -DVM_TRACE_VCD=0 -faligned-new -fcf-protection=none -Wno-bool-operation -Wno-overloaded-virtual -Wno-shadow -Wno-sign-compare -Wno-uninitialized -Wno-unused-but-set-parameter -Wno-unused-but-set-variable -Wno-unused-parameter -Wno-unused-variable     -DASTER_HART_COUNT=2   -c -o verilated_threads.o /home/elfo/tools/verilator/root/include/verilated_threads.cpp
/usr/bin/python3 /home/elfo/tools/verilator/root/bin/verilator_includer -DVL_INCLUDE_OPT=include Vaster_multicore.cpp Vaster_multicore___024root__DepSet_h171db9e5__0.cpp Vaster_multicore___024root__DepSet_ha3570658__0.cpp Vaster_multicore_aster_picorv32__DepSet_hba852829__0.cpp Vaster_multicore___024root__Slow.cpp Vaster_multicore___024root__DepSet_h171db9e5__0__Slow.cpp Vaster_multicore___024root__DepSet_ha3570658__0__Slow.cpp Vaster_multicore_aster_picorv32__Slow.cpp Vaster_multicore_aster_picorv32__DepSet_hba852829__0__Slow.cpp Vaster_multicore_aster_picorv32__DepSet_h0dde77a4__0__Slow.cpp Vaster_multicore__Syms.cpp > Vaster_multicore__ALL.cpp
g++ -Os  -I.  -MMD -I/home/elfo/tools/verilator/root/include -I/home/elfo/tools/verilator/root/include/vltstd -DVM_COVERAGE=0 -DVM_SC=0 -DVM_TRACE=0 -DVM_TRACE_FST=0 -DVM_TRACE_VCD=0 -faligned-new -fcf-protection=none -Wno-bool-operation -Wno-overloaded-virtual -Wno-shadow -Wno-sign-compare -Wno-uninitialized -Wno-unused-but-set-parameter -Wno-unused-but-set-variable -Wno-unused-parameter -Wno-unused-variable     -DASTER_HART_COUNT=2   -c -o Vaster_multicore__ALL.o Vaster_multicore__ALL.cpp
echo "" > Vaster_multicore__ALL.verilator_deplist.tmp
Archive ar -rcs Vaster_multicore__ALL.a Vaster_multicore__ALL.o
g++     tb_aster_multicore.o verilated.o verilated_threads.o Vaster_multicore__ALL.a    -pthread -lpthread -latomic   -o /tmp/aster-phase8-legacy-regressions-5b9c175/build/multicore_h2_l11_sync1_wait1_w4_n16/aster_multicore_sim
rm Vaster_multicore__ALL.verilator_deplist.tmp
MULTICORE RUNTIME PASS
PASS: runtime boot=0 hart0_retired=1738 hart1_retired=1563 hart0_pcs=195 hart1_pcs=115
MULTICORE RUNTIME PASS
PASS: runtime boot=1 hart0_retired=1738 hart1_retired=1563 hart0_pcs=195 hart1_pcs=115
mkdir -p /tmp/aster-phase8-legacy-regressions-5b9c175/build/multicore_h2_l11_sync1_wait4_w4_n16
verilator --cc --exe --build --timing --Wall -DRISCV_FORMAL --Wno-DECLFILENAME --Wno-GENUNNAMED --Wno-UNUSEDSIGNAL --Wno-BLKSEQ \
	--top-module aster_multicore --Mdir /tmp/aster-phase8-legacy-regressions-5b9c175/build/multicore_h2_l11_sync1_wait4_w4_n16/obj -o /tmp/aster-phase8-legacy-regressions-5b9c175/build/multicore_h2_l11_sync1_wait4_w4_n16/aster_multicore_sim \
	-GHART_COUNT=2 "-GSYNC_MEMORY=1'b1" "-GENABLE_L1=1'b1" \
	-GMEMORY_WAIT_CYCLES=4 -GL1_LINE_WORDS=4 -GL1_LINE_COUNT=16 \
	-CFLAGS '-DASTER_HART_COUNT=2' \
	/tmp/aster-phase8-verified-source-x5U6xF/rtl/core/aster_picorv32.sv /tmp/aster-phase8-verified-source-x5U6xF/vendor/picorv32/picorv32.v /tmp/aster-phase8-verified-source-x5U6xF/rtl/cache/aster_l1_cache.sv /tmp/aster-phase8-verified-source-x5U6xF/rtl/memory/aster_rom.sv /tmp/aster-phase8-verified-source-x5U6xF/rtl/memory/aster_ram.sv /tmp/aster-phase8-verified-source-x5U6xF/rtl/peripherals/aster_uart.sv /tmp/aster-phase8-verified-source-x5U6xF/rtl/peripherals/aster_perf_counters.sv /tmp/aster-phase8-verified-source-x5U6xF/rtl/interconnect/aster_arbiter2.sv /tmp/aster-phase8-verified-source-x5U6xF/rtl/soc/aster_shared_fabric.sv /tmp/aster-phase8-verified-source-x5U6xF/rtl/core/aster_hart.sv /tmp/aster-phase8-verified-source-x5U6xF/rtl/soc/aster_multicore.sv \
	/tmp/aster-phase8-verified-source-x5U6xF/verification/soc/tb_aster_multicore.cpp
make[2]: warning: jobserver unavailable: using -j1.  Add '+' to parent make rule.
g++  -I.  -MMD -I/home/elfo/tools/verilator/root/include -I/home/elfo/tools/verilator/root/include/vltstd -DVM_COVERAGE=0 -DVM_SC=0 -DVM_TRACE=0 -DVM_TRACE_FST=0 -DVM_TRACE_VCD=0 -faligned-new -fcf-protection=none -Wno-bool-operation -Wno-overloaded-virtual -Wno-shadow -Wno-sign-compare -Wno-uninitialized -Wno-unused-but-set-parameter -Wno-unused-but-set-variable -Wno-unused-parameter -Wno-unused-variable     -DASTER_HART_COUNT=2   -Os -c -o tb_aster_multicore.o /tmp/aster-phase8-verified-source-x5U6xF/verification/soc/tb_aster_multicore.cpp
g++ -Os  -I.  -MMD -I/home/elfo/tools/verilator/root/include -I/home/elfo/tools/verilator/root/include/vltstd -DVM_COVERAGE=0 -DVM_SC=0 -DVM_TRACE=0 -DVM_TRACE_FST=0 -DVM_TRACE_VCD=0 -faligned-new -fcf-protection=none -Wno-bool-operation -Wno-overloaded-virtual -Wno-shadow -Wno-sign-compare -Wno-uninitialized -Wno-unused-but-set-parameter -Wno-unused-but-set-variable -Wno-unused-parameter -Wno-unused-variable     -DASTER_HART_COUNT=2   -c -o verilated.o /home/elfo/tools/verilator/root/include/verilated.cpp
g++ -Os  -I.  -MMD -I/home/elfo/tools/verilator/root/include -I/home/elfo/tools/verilator/root/include/vltstd -DVM_COVERAGE=0 -DVM_SC=0 -DVM_TRACE=0 -DVM_TRACE_FST=0 -DVM_TRACE_VCD=0 -faligned-new -fcf-protection=none -Wno-bool-operation -Wno-overloaded-virtual -Wno-shadow -Wno-sign-compare -Wno-uninitialized -Wno-unused-but-set-parameter -Wno-unused-but-set-variable -Wno-unused-parameter -Wno-unused-variable     -DASTER_HART_COUNT=2   -c -o verilated_threads.o /home/elfo/tools/verilator/root/include/verilated_threads.cpp
/usr/bin/python3 /home/elfo/tools/verilator/root/bin/verilator_includer -DVL_INCLUDE_OPT=include Vaster_multicore.cpp Vaster_multicore___024root__DepSet_h171db9e5__0.cpp Vaster_multicore___024root__DepSet_ha3570658__0.cpp Vaster_multicore_aster_picorv32__DepSet_hba852829__0.cpp Vaster_multicore___024root__Slow.cpp Vaster_multicore___024root__DepSet_h171db9e5__0__Slow.cpp Vaster_multicore___024root__DepSet_ha3570658__0__Slow.cpp Vaster_multicore_aster_picorv32__Slow.cpp Vaster_multicore_aster_picorv32__DepSet_hba852829__0__Slow.cpp Vaster_multicore_aster_picorv32__DepSet_h0dde77a4__0__Slow.cpp Vaster_multicore__Syms.cpp > Vaster_multicore__ALL.cpp
g++ -Os  -I.  -MMD -I/home/elfo/tools/verilator/root/include -I/home/elfo/tools/verilator/root/include/vltstd -DVM_COVERAGE=0 -DVM_SC=0 -DVM_TRACE=0 -DVM_TRACE_FST=0 -DVM_TRACE_VCD=0 -faligned-new -fcf-protection=none -Wno-bool-operation -Wno-overloaded-virtual -Wno-shadow -Wno-sign-compare -Wno-uninitialized -Wno-unused-but-set-parameter -Wno-unused-but-set-variable -Wno-unused-parameter -Wno-unused-variable     -DASTER_HART_COUNT=2   -c -o Vaster_multicore__ALL.o Vaster_multicore__ALL.cpp
echo "" > Vaster_multicore__ALL.verilator_deplist.tmp
Archive ar -rcs Vaster_multicore__ALL.a Vaster_multicore__ALL.o
g++     tb_aster_multicore.o verilated.o verilated_threads.o Vaster_multicore__ALL.a    -pthread -lpthread -latomic   -o /tmp/aster-phase8-legacy-regressions-5b9c175/build/multicore_h2_l11_sync1_wait4_w4_n16/aster_multicore_sim
rm Vaster_multicore__ALL.verilator_deplist.tmp
MULTICORE RUNTIME PASS
PASS: runtime boot=0 hart0_retired=1894 hart1_retired=1576 hart0_pcs=195 hart1_pcs=115
MULTICORE RUNTIME PASS
PASS: runtime boot=1 hart0_retired=1894 hart1_retired=1576 hart0_pcs=195 hart1_pcs=115
