mkdir -p /tmp/aster-phase8-legacy-regressions-5b9c175/build/software/litmus_e2_n2_s0xffffffff
mkdir -p /tmp/aster-phase8-legacy-regressions-5b9c175/build/litmus_l10_sync1_wait1024_w2_n2
riscv32-unknown-elf-gcc -nostdlib -nostartfiles -nodefaultlibs -ffreestanding -Wall -Wextra -Werror -O2 -fno-pic -fno-stack-protector -msmall-data-limit=0 -Isoftware/runtime -march=rv32ima -mabi=ilp32 \
	-DLITMUS_EPOCHS=2 -DLITMUS_STEPS=2 -DLITMUS_SEED=0xffffffff \
	-T software/boot/link_multicore.ld -Wl,-Map,/tmp/aster-phase8-legacy-regressions-5b9c175/build/software/litmus_e2_n2_s0xffffffff/litmus.map -o /tmp/aster-phase8-legacy-regressions-5b9c175/build/software/litmus_e2_n2_s0xffffffff/litmus.elf software/runtime/start_multicore.S software/tests/coherent_litmus.c
verilator --cc --exe --build --timing --Wall -DRISCV_FORMAL --Wno-DECLFILENAME --Wno-GENUNNAMED --Wno-UNUSEDSIGNAL --Wno-BLKSEQ --unroll-count 2048 --unroll-stmts 100000 --assert -DASTER_COHERENCE_ASSERT \
	--top-module aster_coherent_soc -GHART_COUNT=2 "-GENABLE_L1=1'b0" \
	"-GSYNC_MEMORY=1'b1" -GMEMORY_WAIT_CYCLES=1024 "-GHOST_BOOT=1'b1" \
	-GLINE_WORDS=2 -GLINE_COUNT=2 \
	--Mdir /tmp/aster-phase8-legacy-regressions-5b9c175/build/litmus_l10_sync1_wait1024_w2_n2/obj -o /tmp/aster-phase8-legacy-regressions-5b9c175/build/litmus_l10_sync1_wait1024_w2_n2/aster_coherent_litmus_sim \
	/tmp/aster-phase8-verified-source-x5U6xF/rtl/core/aster_picorv32.sv /tmp/aster-phase8-verified-source-x5U6xF/vendor/picorv32/picorv32.v /tmp/aster-phase8-verified-source-x5U6xF/rtl/cache/aster_l1_cache.sv /tmp/aster-phase8-verified-source-x5U6xF/rtl/memory/aster_rom.sv /tmp/aster-phase8-verified-source-x5U6xF/rtl/memory/aster_ram.sv /tmp/aster-phase8-verified-source-x5U6xF/rtl/core/aster_pcpi_atomic.sv /tmp/aster-phase8-verified-source-x5U6xF/rtl/core/aster_pcpi_dot8.sv /tmp/aster-phase8-verified-source-x5U6xF/rtl/core/aster_atomic_hart.sv /tmp/aster-phase8-verified-source-x5U6xF/rtl/cache/aster_coherent_cache.sv /tmp/aster-phase8-verified-source-x5U6xF/rtl/interconnect/aster_atomic_fabric.sv /tmp/aster-phase8-verified-source-x5U6xF/rtl/soc/aster_warm_stop.sv /tmp/aster-phase8-verified-source-x5U6xF/rtl/peripherals/aster_uart.sv /tmp/aster-phase8-verified-source-x5U6xF/rtl/peripherals/aster_coherent_perf.sv /tmp/aster-phase8-verified-source-x5U6xF/rtl/dma/aster_dma_engine.sv /tmp/aster-phase8-verified-source-x5U6xF/rtl/interconnect/aster_dma_arbiter.sv /tmp/aster-phase8-verified-source-x5U6xF/rtl/peripherals/aster_dma_perf.sv /tmp/aster-phase8-verified-source-x5U6xF/rtl/peripherals/aster_dot8_perf.sv /tmp/aster-phase8-verified-source-x5U6xF/rtl/soc/aster_coherent_soc.sv /tmp/aster-phase8-verified-source-x5U6xF/verification/soc/tb_coherent_litmus.cpp
python3 scripts/elf_to_hex.py --rom-bytes 65536 /tmp/aster-phase8-legacy-regressions-5b9c175/build/software/litmus_e2_n2_s0xffffffff/litmus.elf /tmp/aster-phase8-legacy-regressions-5b9c175/build/software/litmus_e2_n2_s0xffffffff/litmus.hex
make[2]: warning: jobserver unavailable: using -j1.  Add '+' to parent make rule.
g++  -I.  -MMD -I/home/elfo/tools/verilator/root/include -I/home/elfo/tools/verilator/root/include/vltstd -DVM_COVERAGE=0 -DVM_SC=0 -DVM_TRACE=0 -DVM_TRACE_FST=0 -DVM_TRACE_VCD=0 -faligned-new -fcf-protection=none -Wno-bool-operation -Wno-overloaded-virtual -Wno-shadow -Wno-sign-compare -Wno-uninitialized -Wno-unused-but-set-parameter -Wno-unused-but-set-variable -Wno-unused-parameter -Wno-unused-variable       -Os -c -o tb_coherent_litmus.o /tmp/aster-phase8-verified-source-x5U6xF/verification/soc/tb_coherent_litmus.cpp
g++ -Os  -I.  -MMD -I/home/elfo/tools/verilator/root/include -I/home/elfo/tools/verilator/root/include/vltstd -DVM_COVERAGE=0 -DVM_SC=0 -DVM_TRACE=0 -DVM_TRACE_FST=0 -DVM_TRACE_VCD=0 -faligned-new -fcf-protection=none -Wno-bool-operation -Wno-overloaded-virtual -Wno-shadow -Wno-sign-compare -Wno-uninitialized -Wno-unused-but-set-parameter -Wno-unused-but-set-variable -Wno-unused-parameter -Wno-unused-variable       -c -o verilated.o /home/elfo/tools/verilator/root/include/verilated.cpp
g++ -Os  -I.  -MMD -I/home/elfo/tools/verilator/root/include -I/home/elfo/tools/verilator/root/include/vltstd -DVM_COVERAGE=0 -DVM_SC=0 -DVM_TRACE=0 -DVM_TRACE_FST=0 -DVM_TRACE_VCD=0 -faligned-new -fcf-protection=none -Wno-bool-operation -Wno-overloaded-virtual -Wno-shadow -Wno-sign-compare -Wno-uninitialized -Wno-unused-but-set-parameter -Wno-unused-but-set-variable -Wno-unused-parameter -Wno-unused-variable       -c -o verilated_threads.o /home/elfo/tools/verilator/root/include/verilated_threads.cpp
/usr/bin/python3 /home/elfo/tools/verilator/root/bin/verilator_includer -DVL_INCLUDE_OPT=include Vaster_coherent_soc.cpp Vaster_coherent_soc___024root__DepSet_hc6677697__0.cpp Vaster_coherent_soc___024root__DepSet_h9074b246__0.cpp Vaster_coherent_soc_aster_atomic_hart__pi1__DepSet_h7d6270d0__0.cpp Vaster_coherent_soc__ConstPool_0.cpp Vaster_coherent_soc___024root__Slow.cpp Vaster_coherent_soc___024root__DepSet_hc6677697__0__Slow.cpp Vaster_coherent_soc___024root__DepSet_h9074b246__0__Slow.cpp Vaster_coherent_soc_aster_atomic_hart__pi1__Slow.cpp Vaster_coherent_soc_aster_atomic_hart__pi1__DepSet_h7d6270d0__0__Slow.cpp Vaster_coherent_soc_aster_atomic_hart__pi1__DepSet_h3577b40b__0__Slow.cpp Vaster_coherent_soc__Syms.cpp > Vaster_coherent_soc__ALL.cpp
g++ -Os  -I.  -MMD -I/home/elfo/tools/verilator/root/include -I/home/elfo/tools/verilator/root/include/vltstd -DVM_COVERAGE=0 -DVM_SC=0 -DVM_TRACE=0 -DVM_TRACE_FST=0 -DVM_TRACE_VCD=0 -faligned-new -fcf-protection=none -Wno-bool-operation -Wno-overloaded-virtual -Wno-shadow -Wno-sign-compare -Wno-uninitialized -Wno-unused-but-set-parameter -Wno-unused-but-set-variable -Wno-unused-parameter -Wno-unused-variable       -c -o Vaster_coherent_soc__ALL.o Vaster_coherent_soc__ALL.cpp
echo "" > Vaster_coherent_soc__ALL.verilator_deplist.tmp
Archive ar -rcs Vaster_coherent_soc__ALL.a Vaster_coherent_soc__ALL.o
g++     tb_coherent_litmus.o verilated.o verilated_threads.o Vaster_coherent_soc__ALL.a    -pthread -lpthread -latomic   -o /tmp/aster-phase8-legacy-regressions-5b9c175/build/litmus_l10_sync1_wait1024_w2_n2/aster_coherent_litmus_sim
rm Vaster_coherent_soc__ALL.verilator_deplist.tmp
PASS: coherent litmus boot=1 mode=0 epochs=2 seed=4294967295 histogram=0,2,0,0 sc_failure=0,0 exact per-hart counters
PASS: coherent litmus boot=1 mode=1 epochs=2 seed=4294967295 histogram=0,0,2,0 sc_failure=0,0 exact per-hart counters
PASS: coherent litmus boot=1 mode=2 epochs=2 seed=4294967295 histogram=0,2,0,0 sc_failure=0,0 exact per-hart counters
PASS: coherent litmus boot=1 mode=3 epochs=2 seed=4294967295 histogram=0,0,2,0 sc_failure=0,0 exact per-hart counters
PASS: coherent litmus boot=1 mode=4 epochs=2 seed=4294967295 histogram=2,0,0,0 sc_failure=0,0 exact per-hart counters
PASS: coherent litmus boot=1 mode=5 epochs=2 seed=4294967295 histogram=0,1,1,0 sc_failure=0,0 exact per-hart counters
PASS: coherent litmus boot=1 mode=6 epochs=2 seed=4294967295 histogram=2,0,0,0 sc_failure=0,0 exact per-hart counters
PASS: coherent litmus boot=1 mode=7 epochs=2 seed=4294967295 histogram=2,0,0,0 sc_failure=0,0 exact per-hart counters
PASS: coherent litmus boot=2 mode=0 epochs=2 seed=4294967295 histogram=0,2,0,0 sc_failure=0,0 exact per-hart counters
PASS: coherent litmus boot=2 mode=1 epochs=2 seed=4294967295 histogram=0,0,2,0 sc_failure=0,0 exact per-hart counters
PASS: coherent litmus boot=2 mode=2 epochs=2 seed=4294967295 histogram=0,2,0,0 sc_failure=0,0 exact per-hart counters
PASS: coherent litmus boot=2 mode=3 epochs=2 seed=4294967295 histogram=0,0,2,0 sc_failure=0,0 exact per-hart counters
PASS: coherent litmus boot=2 mode=4 epochs=2 seed=4294967295 histogram=2,0,0,0 sc_failure=0,0 exact per-hart counters
PASS: coherent litmus boot=2 mode=5 epochs=2 seed=4294967295 histogram=0,1,1,0 sc_failure=0,0 exact per-hart counters
PASS: coherent litmus boot=2 mode=6 epochs=2 seed=4294967295 histogram=2,0,0,0 sc_failure=0,0 exact per-hart counters
PASS: coherent litmus boot=2 mode=7 epochs=2 seed=4294967295 histogram=2,0,0,0 sc_failure=0,0 exact per-hart counters
PASS: coherent litmus closeout trials=32 contended_sc_failures=0 warm_boots=2 complete_ram=65536; no destructive reset after POR
mkdir -p /tmp/aster-phase8-legacy-regressions-5b9c175/build/litmus_l11_sync1_wait1024_w2_n2
verilator --cc --exe --build --timing --Wall -DRISCV_FORMAL --Wno-DECLFILENAME --Wno-GENUNNAMED --Wno-UNUSEDSIGNAL --Wno-BLKSEQ --unroll-count 2048 --unroll-stmts 100000 --assert -DASTER_COHERENCE_ASSERT \
	--top-module aster_coherent_soc -GHART_COUNT=2 "-GENABLE_L1=1'b1" \
	"-GSYNC_MEMORY=1'b1" -GMEMORY_WAIT_CYCLES=1024 "-GHOST_BOOT=1'b1" \
	-GLINE_WORDS=2 -GLINE_COUNT=2 \
	--Mdir /tmp/aster-phase8-legacy-regressions-5b9c175/build/litmus_l11_sync1_wait1024_w2_n2/obj -o /tmp/aster-phase8-legacy-regressions-5b9c175/build/litmus_l11_sync1_wait1024_w2_n2/aster_coherent_litmus_sim \
	/tmp/aster-phase8-verified-source-x5U6xF/rtl/core/aster_picorv32.sv /tmp/aster-phase8-verified-source-x5U6xF/vendor/picorv32/picorv32.v /tmp/aster-phase8-verified-source-x5U6xF/rtl/cache/aster_l1_cache.sv /tmp/aster-phase8-verified-source-x5U6xF/rtl/memory/aster_rom.sv /tmp/aster-phase8-verified-source-x5U6xF/rtl/memory/aster_ram.sv /tmp/aster-phase8-verified-source-x5U6xF/rtl/core/aster_pcpi_atomic.sv /tmp/aster-phase8-verified-source-x5U6xF/rtl/core/aster_pcpi_dot8.sv /tmp/aster-phase8-verified-source-x5U6xF/rtl/core/aster_atomic_hart.sv /tmp/aster-phase8-verified-source-x5U6xF/rtl/cache/aster_coherent_cache.sv /tmp/aster-phase8-verified-source-x5U6xF/rtl/interconnect/aster_atomic_fabric.sv /tmp/aster-phase8-verified-source-x5U6xF/rtl/soc/aster_warm_stop.sv /tmp/aster-phase8-verified-source-x5U6xF/rtl/peripherals/aster_uart.sv /tmp/aster-phase8-verified-source-x5U6xF/rtl/peripherals/aster_coherent_perf.sv /tmp/aster-phase8-verified-source-x5U6xF/rtl/dma/aster_dma_engine.sv /tmp/aster-phase8-verified-source-x5U6xF/rtl/interconnect/aster_dma_arbiter.sv /tmp/aster-phase8-verified-source-x5U6xF/rtl/peripherals/aster_dma_perf.sv /tmp/aster-phase8-verified-source-x5U6xF/rtl/peripherals/aster_dot8_perf.sv /tmp/aster-phase8-verified-source-x5U6xF/rtl/soc/aster_coherent_soc.sv /tmp/aster-phase8-verified-source-x5U6xF/verification/soc/tb_coherent_litmus.cpp
make[2]: warning: jobserver unavailable: using -j1.  Add '+' to parent make rule.
g++  -I.  -MMD -I/home/elfo/tools/verilator/root/include -I/home/elfo/tools/verilator/root/include/vltstd -DVM_COVERAGE=0 -DVM_SC=0 -DVM_TRACE=0 -DVM_TRACE_FST=0 -DVM_TRACE_VCD=0 -faligned-new -fcf-protection=none -Wno-bool-operation -Wno-overloaded-virtual -Wno-shadow -Wno-sign-compare -Wno-uninitialized -Wno-unused-but-set-parameter -Wno-unused-but-set-variable -Wno-unused-parameter -Wno-unused-variable       -Os -c -o tb_coherent_litmus.o /tmp/aster-phase8-verified-source-x5U6xF/verification/soc/tb_coherent_litmus.cpp
g++ -Os  -I.  -MMD -I/home/elfo/tools/verilator/root/include -I/home/elfo/tools/verilator/root/include/vltstd -DVM_COVERAGE=0 -DVM_SC=0 -DVM_TRACE=0 -DVM_TRACE_FST=0 -DVM_TRACE_VCD=0 -faligned-new -fcf-protection=none -Wno-bool-operation -Wno-overloaded-virtual -Wno-shadow -Wno-sign-compare -Wno-uninitialized -Wno-unused-but-set-parameter -Wno-unused-but-set-variable -Wno-unused-parameter -Wno-unused-variable       -c -o verilated.o /home/elfo/tools/verilator/root/include/verilated.cpp
g++ -Os  -I.  -MMD -I/home/elfo/tools/verilator/root/include -I/home/elfo/tools/verilator/root/include/vltstd -DVM_COVERAGE=0 -DVM_SC=0 -DVM_TRACE=0 -DVM_TRACE_FST=0 -DVM_TRACE_VCD=0 -faligned-new -fcf-protection=none -Wno-bool-operation -Wno-overloaded-virtual -Wno-shadow -Wno-sign-compare -Wno-uninitialized -Wno-unused-but-set-parameter -Wno-unused-but-set-variable -Wno-unused-parameter -Wno-unused-variable       -c -o verilated_threads.o /home/elfo/tools/verilator/root/include/verilated_threads.cpp
/usr/bin/python3 /home/elfo/tools/verilator/root/bin/verilator_includer -DVL_INCLUDE_OPT=include Vaster_coherent_soc.cpp Vaster_coherent_soc___024root__DepSet_hc6677697__0.cpp Vaster_coherent_soc___024root__DepSet_h9074b246__0.cpp Vaster_coherent_soc_aster_atomic_hart__pi1__DepSet_h7d6270d0__0.cpp Vaster_coherent_soc___024root__Slow.cpp Vaster_coherent_soc___024root__DepSet_hc6677697__0__Slow.cpp Vaster_coherent_soc___024root__DepSet_h9074b246__0__Slow.cpp Vaster_coherent_soc_aster_atomic_hart__pi1__Slow.cpp Vaster_coherent_soc_aster_atomic_hart__pi1__DepSet_h7d6270d0__0__Slow.cpp Vaster_coherent_soc_aster_atomic_hart__pi1__DepSet_h3577b40b__0__Slow.cpp Vaster_coherent_soc__Syms.cpp > Vaster_coherent_soc__ALL.cpp
g++ -Os  -I.  -MMD -I/home/elfo/tools/verilator/root/include -I/home/elfo/tools/verilator/root/include/vltstd -DVM_COVERAGE=0 -DVM_SC=0 -DVM_TRACE=0 -DVM_TRACE_FST=0 -DVM_TRACE_VCD=0 -faligned-new -fcf-protection=none -Wno-bool-operation -Wno-overloaded-virtual -Wno-shadow -Wno-sign-compare -Wno-uninitialized -Wno-unused-but-set-parameter -Wno-unused-but-set-variable -Wno-unused-parameter -Wno-unused-variable       -c -o Vaster_coherent_soc__ALL.o Vaster_coherent_soc__ALL.cpp
echo "" > Vaster_coherent_soc__ALL.verilator_deplist.tmp
Archive ar -rcs Vaster_coherent_soc__ALL.a Vaster_coherent_soc__ALL.o
g++     tb_coherent_litmus.o verilated.o verilated_threads.o Vaster_coherent_soc__ALL.a    -pthread -lpthread -latomic   -o /tmp/aster-phase8-legacy-regressions-5b9c175/build/litmus_l11_sync1_wait1024_w2_n2/aster_coherent_litmus_sim
rm Vaster_coherent_soc__ALL.verilator_deplist.tmp
PASS: coherent litmus boot=1 mode=0 epochs=2 seed=4294967295 histogram=0,2,0,0 sc_failure=0,0 exact per-hart counters
PASS: coherent litmus boot=1 mode=1 epochs=2 seed=4294967295 histogram=0,0,2,0 sc_failure=0,0 exact per-hart counters
PASS: coherent litmus boot=1 mode=2 epochs=2 seed=4294967295 histogram=0,2,0,0 sc_failure=0,0 exact per-hart counters
PASS: coherent litmus boot=1 mode=3 epochs=2 seed=4294967295 histogram=0,0,2,0 sc_failure=0,0 exact per-hart counters
PASS: coherent litmus boot=1 mode=4 epochs=2 seed=4294967295 histogram=2,0,0,0 sc_failure=0,0 exact per-hart counters
PASS: coherent litmus boot=1 mode=5 epochs=2 seed=4294967295 histogram=0,1,1,0 sc_failure=0,0 exact per-hart counters
PASS: coherent litmus boot=1 mode=6 epochs=2 seed=4294967295 histogram=2,0,0,0 sc_failure=0,0 exact per-hart counters
PASS: coherent litmus boot=1 mode=7 epochs=2 seed=4294967295 histogram=2,0,0,0 sc_failure=0,0 exact per-hart counters
PASS: coherent litmus boot=2 mode=0 epochs=2 seed=4294967295 histogram=0,2,0,0 sc_failure=0,0 exact per-hart counters
PASS: coherent litmus boot=2 mode=1 epochs=2 seed=4294967295 histogram=0,0,2,0 sc_failure=0,0 exact per-hart counters
PASS: coherent litmus boot=2 mode=2 epochs=2 seed=4294967295 histogram=0,2,0,0 sc_failure=0,0 exact per-hart counters
PASS: coherent litmus boot=2 mode=3 epochs=2 seed=4294967295 histogram=0,0,2,0 sc_failure=0,0 exact per-hart counters
PASS: coherent litmus boot=2 mode=4 epochs=2 seed=4294967295 histogram=2,0,0,0 sc_failure=0,0 exact per-hart counters
PASS: coherent litmus boot=2 mode=5 epochs=2 seed=4294967295 histogram=0,1,1,0 sc_failure=0,0 exact per-hart counters
PASS: coherent litmus boot=2 mode=6 epochs=2 seed=4294967295 histogram=2,0,0,0 sc_failure=0,0 exact per-hart counters
PASS: coherent litmus boot=2 mode=7 epochs=2 seed=4294967295 histogram=2,0,0,0 sc_failure=0,0 exact per-hart counters
PASS: coherent litmus closeout trials=32 contended_sc_failures=0 warm_boots=2 complete_ram=65536; no destructive reset after POR
mkdir -p /tmp/aster-phase8-legacy-regressions-5b9c175/build/litmus_l11_sync1_wait1_w1024_n2
verilator --cc --exe --build --timing --Wall -DRISCV_FORMAL --Wno-DECLFILENAME --Wno-GENUNNAMED --Wno-UNUSEDSIGNAL --Wno-BLKSEQ --unroll-count 2048 --unroll-stmts 100000 --assert -DASTER_COHERENCE_ASSERT \
	--top-module aster_coherent_soc -GHART_COUNT=2 "-GENABLE_L1=1'b1" \
	"-GSYNC_MEMORY=1'b1" -GMEMORY_WAIT_CYCLES=1 "-GHOST_BOOT=1'b1" \
	-GLINE_WORDS=1024 -GLINE_COUNT=2 \
	--Mdir /tmp/aster-phase8-legacy-regressions-5b9c175/build/litmus_l11_sync1_wait1_w1024_n2/obj -o /tmp/aster-phase8-legacy-regressions-5b9c175/build/litmus_l11_sync1_wait1_w1024_n2/aster_coherent_litmus_sim \
	/tmp/aster-phase8-verified-source-x5U6xF/rtl/core/aster_picorv32.sv /tmp/aster-phase8-verified-source-x5U6xF/vendor/picorv32/picorv32.v /tmp/aster-phase8-verified-source-x5U6xF/rtl/cache/aster_l1_cache.sv /tmp/aster-phase8-verified-source-x5U6xF/rtl/memory/aster_rom.sv /tmp/aster-phase8-verified-source-x5U6xF/rtl/memory/aster_ram.sv /tmp/aster-phase8-verified-source-x5U6xF/rtl/core/aster_pcpi_atomic.sv /tmp/aster-phase8-verified-source-x5U6xF/rtl/core/aster_pcpi_dot8.sv /tmp/aster-phase8-verified-source-x5U6xF/rtl/core/aster_atomic_hart.sv /tmp/aster-phase8-verified-source-x5U6xF/rtl/cache/aster_coherent_cache.sv /tmp/aster-phase8-verified-source-x5U6xF/rtl/interconnect/aster_atomic_fabric.sv /tmp/aster-phase8-verified-source-x5U6xF/rtl/soc/aster_warm_stop.sv /tmp/aster-phase8-verified-source-x5U6xF/rtl/peripherals/aster_uart.sv /tmp/aster-phase8-verified-source-x5U6xF/rtl/peripherals/aster_coherent_perf.sv /tmp/aster-phase8-verified-source-x5U6xF/rtl/dma/aster_dma_engine.sv /tmp/aster-phase8-verified-source-x5U6xF/rtl/interconnect/aster_dma_arbiter.sv /tmp/aster-phase8-verified-source-x5U6xF/rtl/peripherals/aster_dma_perf.sv /tmp/aster-phase8-verified-source-x5U6xF/rtl/peripherals/aster_dot8_perf.sv /tmp/aster-phase8-verified-source-x5U6xF/rtl/soc/aster_coherent_soc.sv /tmp/aster-phase8-verified-source-x5U6xF/verification/soc/tb_coherent_litmus.cpp
make[2]: warning: jobserver unavailable: using -j1.  Add '+' to parent make rule.
g++  -I.  -MMD -I/home/elfo/tools/verilator/root/include -I/home/elfo/tools/verilator/root/include/vltstd -DVM_COVERAGE=0 -DVM_SC=0 -DVM_TRACE=0 -DVM_TRACE_FST=0 -DVM_TRACE_VCD=0 -faligned-new -fcf-protection=none -Wno-bool-operation -Wno-overloaded-virtual -Wno-shadow -Wno-sign-compare -Wno-uninitialized -Wno-unused-but-set-parameter -Wno-unused-but-set-variable -Wno-unused-parameter -Wno-unused-variable       -Os -c -o tb_coherent_litmus.o /tmp/aster-phase8-verified-source-x5U6xF/verification/soc/tb_coherent_litmus.cpp
g++ -Os  -I.  -MMD -I/home/elfo/tools/verilator/root/include -I/home/elfo/tools/verilator/root/include/vltstd -DVM_COVERAGE=0 -DVM_SC=0 -DVM_TRACE=0 -DVM_TRACE_FST=0 -DVM_TRACE_VCD=0 -faligned-new -fcf-protection=none -Wno-bool-operation -Wno-overloaded-virtual -Wno-shadow -Wno-sign-compare -Wno-uninitialized -Wno-unused-but-set-parameter -Wno-unused-but-set-variable -Wno-unused-parameter -Wno-unused-variable       -c -o verilated.o /home/elfo/tools/verilator/root/include/verilated.cpp
g++ -Os  -I.  -MMD -I/home/elfo/tools/verilator/root/include -I/home/elfo/tools/verilator/root/include/vltstd -DVM_COVERAGE=0 -DVM_SC=0 -DVM_TRACE=0 -DVM_TRACE_FST=0 -DVM_TRACE_VCD=0 -faligned-new -fcf-protection=none -Wno-bool-operation -Wno-overloaded-virtual -Wno-shadow -Wno-sign-compare -Wno-uninitialized -Wno-unused-but-set-parameter -Wno-unused-but-set-variable -Wno-unused-parameter -Wno-unused-variable       -c -o verilated_threads.o /home/elfo/tools/verilator/root/include/verilated_threads.cpp
g++ -Os  -I.  -MMD -I/home/elfo/tools/verilator/root/include -I/home/elfo/tools/verilator/root/include/vltstd -DVM_COVERAGE=0 -DVM_SC=0 -DVM_TRACE=0 -DVM_TRACE_FST=0 -DVM_TRACE_VCD=0 -faligned-new -fcf-protection=none -Wno-bool-operation -Wno-overloaded-virtual -Wno-shadow -Wno-sign-compare -Wno-uninitialized -Wno-unused-but-set-parameter -Wno-unused-but-set-variable -Wno-unused-parameter -Wno-unused-variable       -x c++-header Vaster_coherent_soc__pch.h -o Vaster_coherent_soc__pch.h.fast.gch
g++ -Os  -I.  -MMD -I/home/elfo/tools/verilator/root/include -I/home/elfo/tools/verilator/root/include/vltstd -DVM_COVERAGE=0 -DVM_SC=0 -DVM_TRACE=0 -DVM_TRACE_FST=0 -DVM_TRACE_VCD=0 -faligned-new -fcf-protection=none -Wno-bool-operation -Wno-overloaded-virtual -Wno-shadow -Wno-sign-compare -Wno-uninitialized -Wno-unused-but-set-parameter -Wno-unused-but-set-variable -Wno-unused-parameter -Wno-unused-variable       -include Vaster_coherent_soc__pch.h.fast -c -o Vaster_coherent_soc.o Vaster_coherent_soc.cpp
g++ -Os  -I.  -MMD -I/home/elfo/tools/verilator/root/include -I/home/elfo/tools/verilator/root/include/vltstd -DVM_COVERAGE=0 -DVM_SC=0 -DVM_TRACE=0 -DVM_TRACE_FST=0 -DVM_TRACE_VCD=0 -faligned-new -fcf-protection=none -Wno-bool-operation -Wno-overloaded-virtual -Wno-shadow -Wno-sign-compare -Wno-uninitialized -Wno-unused-but-set-parameter -Wno-unused-but-set-variable -Wno-unused-parameter -Wno-unused-variable       -include Vaster_coherent_soc__pch.h.fast -c -o Vaster_coherent_soc___024root__DepSet_hc6677697__0.o Vaster_coherent_soc___024root__DepSet_hc6677697__0.cpp
g++ -Os  -I.  -MMD -I/home/elfo/tools/verilator/root/include -I/home/elfo/tools/verilator/root/include/vltstd -DVM_COVERAGE=0 -DVM_SC=0 -DVM_TRACE=0 -DVM_TRACE_FST=0 -DVM_TRACE_VCD=0 -faligned-new -fcf-protection=none -Wno-bool-operation -Wno-overloaded-virtual -Wno-shadow -Wno-sign-compare -Wno-uninitialized -Wno-unused-but-set-parameter -Wno-unused-but-set-variable -Wno-unused-parameter -Wno-unused-variable       -include Vaster_coherent_soc__pch.h.fast -c -o Vaster_coherent_soc___024root__DepSet_hc6677697__1.o Vaster_coherent_soc___024root__DepSet_hc6677697__1.cpp
g++ -Os  -I.  -MMD -I/home/elfo/tools/verilator/root/include -I/home/elfo/tools/verilator/root/include/vltstd -DVM_COVERAGE=0 -DVM_SC=0 -DVM_TRACE=0 -DVM_TRACE_FST=0 -DVM_TRACE_VCD=0 -faligned-new -fcf-protection=none -Wno-bool-operation -Wno-overloaded-virtual -Wno-shadow -Wno-sign-compare -Wno-uninitialized -Wno-unused-but-set-parameter -Wno-unused-but-set-variable -Wno-unused-parameter -Wno-unused-variable       -include Vaster_coherent_soc__pch.h.fast -c -o Vaster_coherent_soc___024root__DepSet_h9074b246__0.o Vaster_coherent_soc___024root__DepSet_h9074b246__0.cpp
g++ -Os  -I.  -MMD -I/home/elfo/tools/verilator/root/include -I/home/elfo/tools/verilator/root/include/vltstd -DVM_COVERAGE=0 -DVM_SC=0 -DVM_TRACE=0 -DVM_TRACE_FST=0 -DVM_TRACE_VCD=0 -faligned-new -fcf-protection=none -Wno-bool-operation -Wno-overloaded-virtual -Wno-shadow -Wno-sign-compare -Wno-uninitialized -Wno-unused-but-set-parameter -Wno-unused-but-set-variable -Wno-unused-parameter -Wno-unused-variable       -include Vaster_coherent_soc__pch.h.fast -c -o Vaster_coherent_soc_aster_atomic_hart__pi1__DepSet_h7d6270d0__0.o Vaster_coherent_soc_aster_atomic_hart__pi1__DepSet_h7d6270d0__0.cpp
g++   -I.  -MMD -I/home/elfo/tools/verilator/root/include -I/home/elfo/tools/verilator/root/include/vltstd -DVM_COVERAGE=0 -DVM_SC=0 -DVM_TRACE=0 -DVM_TRACE_FST=0 -DVM_TRACE_VCD=0 -faligned-new -fcf-protection=none -Wno-bool-operation -Wno-overloaded-virtual -Wno-shadow -Wno-sign-compare -Wno-uninitialized -Wno-unused-but-set-parameter -Wno-unused-but-set-variable -Wno-unused-parameter -Wno-unused-variable       -x c++-header Vaster_coherent_soc__pch.h -o Vaster_coherent_soc__pch.h.slow.gch
g++   -I.  -MMD -I/home/elfo/tools/verilator/root/include -I/home/elfo/tools/verilator/root/include/vltstd -DVM_COVERAGE=0 -DVM_SC=0 -DVM_TRACE=0 -DVM_TRACE_FST=0 -DVM_TRACE_VCD=0 -faligned-new -fcf-protection=none -Wno-bool-operation -Wno-overloaded-virtual -Wno-shadow -Wno-sign-compare -Wno-uninitialized -Wno-unused-but-set-parameter -Wno-unused-but-set-variable -Wno-unused-parameter -Wno-unused-variable       -include Vaster_coherent_soc__pch.h.slow -c -o Vaster_coherent_soc___024root__Slow.o Vaster_coherent_soc___024root__Slow.cpp
g++   -I.  -MMD -I/home/elfo/tools/verilator/root/include -I/home/elfo/tools/verilator/root/include/vltstd -DVM_COVERAGE=0 -DVM_SC=0 -DVM_TRACE=0 -DVM_TRACE_FST=0 -DVM_TRACE_VCD=0 -faligned-new -fcf-protection=none -Wno-bool-operation -Wno-overloaded-virtual -Wno-shadow -Wno-sign-compare -Wno-uninitialized -Wno-unused-but-set-parameter -Wno-unused-but-set-variable -Wno-unused-parameter -Wno-unused-variable       -include Vaster_coherent_soc__pch.h.slow -c -o Vaster_coherent_soc___024root__DepSet_hc6677697__0__Slow.o Vaster_coherent_soc___024root__DepSet_hc6677697__0__Slow.cpp
g++   -I.  -MMD -I/home/elfo/tools/verilator/root/include -I/home/elfo/tools/verilator/root/include/vltstd -DVM_COVERAGE=0 -DVM_SC=0 -DVM_TRACE=0 -DVM_TRACE_FST=0 -DVM_TRACE_VCD=0 -faligned-new -fcf-protection=none -Wno-bool-operation -Wno-overloaded-virtual -Wno-shadow -Wno-sign-compare -Wno-uninitialized -Wno-unused-but-set-parameter -Wno-unused-but-set-variable -Wno-unused-parameter -Wno-unused-variable       -include Vaster_coherent_soc__pch.h.slow -c -o Vaster_coherent_soc___024root__DepSet_h9074b246__0__Slow.o Vaster_coherent_soc___024root__DepSet_h9074b246__0__Slow.cpp
g++   -I.  -MMD -I/home/elfo/tools/verilator/root/include -I/home/elfo/tools/verilator/root/include/vltstd -DVM_COVERAGE=0 -DVM_SC=0 -DVM_TRACE=0 -DVM_TRACE_FST=0 -DVM_TRACE_VCD=0 -faligned-new -fcf-protection=none -Wno-bool-operation -Wno-overloaded-virtual -Wno-shadow -Wno-sign-compare -Wno-uninitialized -Wno-unused-but-set-parameter -Wno-unused-but-set-variable -Wno-unused-parameter -Wno-unused-variable       -include Vaster_coherent_soc__pch.h.slow -c -o Vaster_coherent_soc_aster_atomic_hart__pi1__Slow.o Vaster_coherent_soc_aster_atomic_hart__pi1__Slow.cpp
g++   -I.  -MMD -I/home/elfo/tools/verilator/root/include -I/home/elfo/tools/verilator/root/include/vltstd -DVM_COVERAGE=0 -DVM_SC=0 -DVM_TRACE=0 -DVM_TRACE_FST=0 -DVM_TRACE_VCD=0 -faligned-new -fcf-protection=none -Wno-bool-operation -Wno-overloaded-virtual -Wno-shadow -Wno-sign-compare -Wno-uninitialized -Wno-unused-but-set-parameter -Wno-unused-but-set-variable -Wno-unused-parameter -Wno-unused-variable       -include Vaster_coherent_soc__pch.h.slow -c -o Vaster_coherent_soc_aster_atomic_hart__pi1__DepSet_h7d6270d0__0__Slow.o Vaster_coherent_soc_aster_atomic_hart__pi1__DepSet_h7d6270d0__0__Slow.cpp
g++   -I.  -MMD -I/home/elfo/tools/verilator/root/include -I/home/elfo/tools/verilator/root/include/vltstd -DVM_COVERAGE=0 -DVM_SC=0 -DVM_TRACE=0 -DVM_TRACE_FST=0 -DVM_TRACE_VCD=0 -faligned-new -fcf-protection=none -Wno-bool-operation -Wno-overloaded-virtual -Wno-shadow -Wno-sign-compare -Wno-uninitialized -Wno-unused-but-set-parameter -Wno-unused-but-set-variable -Wno-unused-parameter -Wno-unused-variable       -include Vaster_coherent_soc__pch.h.slow -c -o Vaster_coherent_soc_aster_atomic_hart__pi1__DepSet_h3577b40b__0__Slow.o Vaster_coherent_soc_aster_atomic_hart__pi1__DepSet_h3577b40b__0__Slow.cpp
g++   -I.  -MMD -I/home/elfo/tools/verilator/root/include -I/home/elfo/tools/verilator/root/include/vltstd -DVM_COVERAGE=0 -DVM_SC=0 -DVM_TRACE=0 -DVM_TRACE_FST=0 -DVM_TRACE_VCD=0 -faligned-new -fcf-protection=none -Wno-bool-operation -Wno-overloaded-virtual -Wno-shadow -Wno-sign-compare -Wno-uninitialized -Wno-unused-but-set-parameter -Wno-unused-but-set-variable -Wno-unused-parameter -Wno-unused-variable       -include Vaster_coherent_soc__pch.h.slow -c -o Vaster_coherent_soc__Syms.o Vaster_coherent_soc__Syms.cpp
echo "" > Vaster_coherent_soc__ALL.verilator_deplist.tmp
Archive ar -rcs Vaster_coherent_soc__ALL.a Vaster_coherent_soc.o Vaster_coherent_soc___024root__DepSet_hc6677697__0.o Vaster_coherent_soc___024root__DepSet_hc6677697__1.o Vaster_coherent_soc___024root__DepSet_h9074b246__0.o Vaster_coherent_soc_aster_atomic_hart__pi1__DepSet_h7d6270d0__0.o Vaster_coherent_soc___024root__Slow.o Vaster_coherent_soc___024root__DepSet_hc6677697__0__Slow.o Vaster_coherent_soc___024root__DepSet_h9074b246__0__Slow.o Vaster_coherent_soc_aster_atomic_hart__pi1__Slow.o Vaster_coherent_soc_aster_atomic_hart__pi1__DepSet_h7d6270d0__0__Slow.o Vaster_coherent_soc_aster_atomic_hart__pi1__DepSet_h3577b40b__0__Slow.o Vaster_coherent_soc__Syms.o
g++     tb_coherent_litmus.o verilated.o verilated_threads.o Vaster_coherent_soc__ALL.a    -pthread -lpthread -latomic   -o /tmp/aster-phase8-legacy-regressions-5b9c175/build/litmus_l11_sync1_wait1_w1024_n2/aster_coherent_litmus_sim
rm Vaster_coherent_soc__ALL.verilator_deplist.tmp
PASS: coherent litmus boot=1 mode=0 epochs=2 seed=4294967295 histogram=0,2,0,0 sc_failure=0,0 exact per-hart counters
PASS: coherent litmus boot=1 mode=1 epochs=2 seed=4294967295 histogram=0,2,0,0 sc_failure=0,0 exact per-hart counters
PASS: coherent litmus boot=1 mode=2 epochs=2 seed=4294967295 histogram=0,2,0,0 sc_failure=0,0 exact per-hart counters
PASS: coherent litmus boot=1 mode=3 epochs=2 seed=4294967295 histogram=0,2,0,0 sc_failure=0,0 exact per-hart counters
PASS: coherent litmus boot=1 mode=4 epochs=2 seed=4294967295 histogram=2,0,0,0 sc_failure=0,0 exact per-hart counters
PASS: coherent litmus boot=1 mode=5 epochs=2 seed=4294967295 histogram=0,2,0,0 sc_failure=0,0 exact per-hart counters
PASS: coherent litmus boot=1 mode=6 epochs=2 seed=4294967295 histogram=2,0,0,0 sc_failure=0,0 exact per-hart counters
PASS: coherent litmus boot=1 mode=7 epochs=2 seed=4294967295 histogram=2,0,0,0 sc_failure=0,0 exact per-hart counters
PASS: coherent litmus boot=2 mode=0 epochs=2 seed=4294967295 histogram=0,2,0,0 sc_failure=0,0 exact per-hart counters
PASS: coherent litmus boot=2 mode=1 epochs=2 seed=4294967295 histogram=0,2,0,0 sc_failure=0,0 exact per-hart counters
PASS: coherent litmus boot=2 mode=2 epochs=2 seed=4294967295 histogram=0,2,0,0 sc_failure=0,0 exact per-hart counters
PASS: coherent litmus boot=2 mode=3 epochs=2 seed=4294967295 histogram=0,2,0,0 sc_failure=0,0 exact per-hart counters
PASS: coherent litmus boot=2 mode=4 epochs=2 seed=4294967295 histogram=2,0,0,0 sc_failure=0,0 exact per-hart counters
PASS: coherent litmus boot=2 mode=5 epochs=2 seed=4294967295 histogram=0,2,0,0 sc_failure=0,0 exact per-hart counters
PASS: coherent litmus boot=2 mode=6 epochs=2 seed=4294967295 histogram=2,0,0,0 sc_failure=0,0 exact per-hart counters
PASS: coherent litmus boot=2 mode=7 epochs=2 seed=4294967295 histogram=2,0,0,0 sc_failure=0,0 exact per-hart counters
PASS: coherent litmus closeout trials=32 contended_sc_failures=0 warm_boots=2 complete_ram=65536; no destructive reset after POR
mkdir -p /tmp/aster-phase8-legacy-regressions-5b9c175/build/litmus_l11_sync1_wait1_w2_n1024
verilator --cc --exe --build --timing --Wall -DRISCV_FORMAL --Wno-DECLFILENAME --Wno-GENUNNAMED --Wno-UNUSEDSIGNAL --Wno-BLKSEQ --unroll-count 2048 --unroll-stmts 100000 --assert -DASTER_COHERENCE_ASSERT \
	--top-module aster_coherent_soc -GHART_COUNT=2 "-GENABLE_L1=1'b1" \
	"-GSYNC_MEMORY=1'b1" -GMEMORY_WAIT_CYCLES=1 "-GHOST_BOOT=1'b1" \
	-GLINE_WORDS=2 -GLINE_COUNT=1024 \
	--Mdir /tmp/aster-phase8-legacy-regressions-5b9c175/build/litmus_l11_sync1_wait1_w2_n1024/obj -o /tmp/aster-phase8-legacy-regressions-5b9c175/build/litmus_l11_sync1_wait1_w2_n1024/aster_coherent_litmus_sim \
	/tmp/aster-phase8-verified-source-x5U6xF/rtl/core/aster_picorv32.sv /tmp/aster-phase8-verified-source-x5U6xF/vendor/picorv32/picorv32.v /tmp/aster-phase8-verified-source-x5U6xF/rtl/cache/aster_l1_cache.sv /tmp/aster-phase8-verified-source-x5U6xF/rtl/memory/aster_rom.sv /tmp/aster-phase8-verified-source-x5U6xF/rtl/memory/aster_ram.sv /tmp/aster-phase8-verified-source-x5U6xF/rtl/core/aster_pcpi_atomic.sv /tmp/aster-phase8-verified-source-x5U6xF/rtl/core/aster_pcpi_dot8.sv /tmp/aster-phase8-verified-source-x5U6xF/rtl/core/aster_atomic_hart.sv /tmp/aster-phase8-verified-source-x5U6xF/rtl/cache/aster_coherent_cache.sv /tmp/aster-phase8-verified-source-x5U6xF/rtl/interconnect/aster_atomic_fabric.sv /tmp/aster-phase8-verified-source-x5U6xF/rtl/soc/aster_warm_stop.sv /tmp/aster-phase8-verified-source-x5U6xF/rtl/peripherals/aster_uart.sv /tmp/aster-phase8-verified-source-x5U6xF/rtl/peripherals/aster_coherent_perf.sv /tmp/aster-phase8-verified-source-x5U6xF/rtl/dma/aster_dma_engine.sv /tmp/aster-phase8-verified-source-x5U6xF/rtl/interconnect/aster_dma_arbiter.sv /tmp/aster-phase8-verified-source-x5U6xF/rtl/peripherals/aster_dma_perf.sv /tmp/aster-phase8-verified-source-x5U6xF/rtl/peripherals/aster_dot8_perf.sv /tmp/aster-phase8-verified-source-x5U6xF/rtl/soc/aster_coherent_soc.sv /tmp/aster-phase8-verified-source-x5U6xF/verification/soc/tb_coherent_litmus.cpp
make[2]: warning: jobserver unavailable: using -j1.  Add '+' to parent make rule.
g++  -I.  -MMD -I/home/elfo/tools/verilator/root/include -I/home/elfo/tools/verilator/root/include/vltstd -DVM_COVERAGE=0 -DVM_SC=0 -DVM_TRACE=0 -DVM_TRACE_FST=0 -DVM_TRACE_VCD=0 -faligned-new -fcf-protection=none -Wno-bool-operation -Wno-overloaded-virtual -Wno-shadow -Wno-sign-compare -Wno-uninitialized -Wno-unused-but-set-parameter -Wno-unused-but-set-variable -Wno-unused-parameter -Wno-unused-variable       -Os -c -o tb_coherent_litmus.o /tmp/aster-phase8-verified-source-x5U6xF/verification/soc/tb_coherent_litmus.cpp
g++ -Os  -I.  -MMD -I/home/elfo/tools/verilator/root/include -I/home/elfo/tools/verilator/root/include/vltstd -DVM_COVERAGE=0 -DVM_SC=0 -DVM_TRACE=0 -DVM_TRACE_FST=0 -DVM_TRACE_VCD=0 -faligned-new -fcf-protection=none -Wno-bool-operation -Wno-overloaded-virtual -Wno-shadow -Wno-sign-compare -Wno-uninitialized -Wno-unused-but-set-parameter -Wno-unused-but-set-variable -Wno-unused-parameter -Wno-unused-variable       -c -o verilated.o /home/elfo/tools/verilator/root/include/verilated.cpp
g++ -Os  -I.  -MMD -I/home/elfo/tools/verilator/root/include -I/home/elfo/tools/verilator/root/include/vltstd -DVM_COVERAGE=0 -DVM_SC=0 -DVM_TRACE=0 -DVM_TRACE_FST=0 -DVM_TRACE_VCD=0 -faligned-new -fcf-protection=none -Wno-bool-operation -Wno-overloaded-virtual -Wno-shadow -Wno-sign-compare -Wno-uninitialized -Wno-unused-but-set-parameter -Wno-unused-but-set-variable -Wno-unused-parameter -Wno-unused-variable       -c -o verilated_threads.o /home/elfo/tools/verilator/root/include/verilated_threads.cpp
g++ -Os  -I.  -MMD -I/home/elfo/tools/verilator/root/include -I/home/elfo/tools/verilator/root/include/vltstd -DVM_COVERAGE=0 -DVM_SC=0 -DVM_TRACE=0 -DVM_TRACE_FST=0 -DVM_TRACE_VCD=0 -faligned-new -fcf-protection=none -Wno-bool-operation -Wno-overloaded-virtual -Wno-shadow -Wno-sign-compare -Wno-uninitialized -Wno-unused-but-set-parameter -Wno-unused-but-set-variable -Wno-unused-parameter -Wno-unused-variable       -x c++-header Vaster_coherent_soc__pch.h -o Vaster_coherent_soc__pch.h.fast.gch
g++ -Os  -I.  -MMD -I/home/elfo/tools/verilator/root/include -I/home/elfo/tools/verilator/root/include/vltstd -DVM_COVERAGE=0 -DVM_SC=0 -DVM_TRACE=0 -DVM_TRACE_FST=0 -DVM_TRACE_VCD=0 -faligned-new -fcf-protection=none -Wno-bool-operation -Wno-overloaded-virtual -Wno-shadow -Wno-sign-compare -Wno-uninitialized -Wno-unused-but-set-parameter -Wno-unused-but-set-variable -Wno-unused-parameter -Wno-unused-variable       -include Vaster_coherent_soc__pch.h.fast -c -o Vaster_coherent_soc.o Vaster_coherent_soc.cpp
g++ -Os  -I.  -MMD -I/home/elfo/tools/verilator/root/include -I/home/elfo/tools/verilator/root/include/vltstd -DVM_COVERAGE=0 -DVM_SC=0 -DVM_TRACE=0 -DVM_TRACE_FST=0 -DVM_TRACE_VCD=0 -faligned-new -fcf-protection=none -Wno-bool-operation -Wno-overloaded-virtual -Wno-shadow -Wno-sign-compare -Wno-uninitialized -Wno-unused-but-set-parameter -Wno-unused-but-set-variable -Wno-unused-parameter -Wno-unused-variable       -include Vaster_coherent_soc__pch.h.fast -c -o Vaster_coherent_soc___024root__DepSet_hc6677697__0.o Vaster_coherent_soc___024root__DepSet_hc6677697__0.cpp
g++ -Os  -I.  -MMD -I/home/elfo/tools/verilator/root/include -I/home/elfo/tools/verilator/root/include/vltstd -DVM_COVERAGE=0 -DVM_SC=0 -DVM_TRACE=0 -DVM_TRACE_FST=0 -DVM_TRACE_VCD=0 -faligned-new -fcf-protection=none -Wno-bool-operation -Wno-overloaded-virtual -Wno-shadow -Wno-sign-compare -Wno-uninitialized -Wno-unused-but-set-parameter -Wno-unused-but-set-variable -Wno-unused-parameter -Wno-unused-variable       -include Vaster_coherent_soc__pch.h.fast -c -o Vaster_coherent_soc___024root__DepSet_hc6677697__1.o Vaster_coherent_soc___024root__DepSet_hc6677697__1.cpp
g++ -Os  -I.  -MMD -I/home/elfo/tools/verilator/root/include -I/home/elfo/tools/verilator/root/include/vltstd -DVM_COVERAGE=0 -DVM_SC=0 -DVM_TRACE=0 -DVM_TRACE_FST=0 -DVM_TRACE_VCD=0 -faligned-new -fcf-protection=none -Wno-bool-operation -Wno-overloaded-virtual -Wno-shadow -Wno-sign-compare -Wno-uninitialized -Wno-unused-but-set-parameter -Wno-unused-but-set-variable -Wno-unused-parameter -Wno-unused-variable       -include Vaster_coherent_soc__pch.h.fast -c -o Vaster_coherent_soc___024root__DepSet_h9074b246__0.o Vaster_coherent_soc___024root__DepSet_h9074b246__0.cpp
g++ -Os  -I.  -MMD -I/home/elfo/tools/verilator/root/include -I/home/elfo/tools/verilator/root/include/vltstd -DVM_COVERAGE=0 -DVM_SC=0 -DVM_TRACE=0 -DVM_TRACE_FST=0 -DVM_TRACE_VCD=0 -faligned-new -fcf-protection=none -Wno-bool-operation -Wno-overloaded-virtual -Wno-shadow -Wno-sign-compare -Wno-uninitialized -Wno-unused-but-set-parameter -Wno-unused-but-set-variable -Wno-unused-parameter -Wno-unused-variable       -include Vaster_coherent_soc__pch.h.fast -c -o Vaster_coherent_soc_aster_atomic_hart__pi1__DepSet_h7d6270d0__0.o Vaster_coherent_soc_aster_atomic_hart__pi1__DepSet_h7d6270d0__0.cpp
g++   -I.  -MMD -I/home/elfo/tools/verilator/root/include -I/home/elfo/tools/verilator/root/include/vltstd -DVM_COVERAGE=0 -DVM_SC=0 -DVM_TRACE=0 -DVM_TRACE_FST=0 -DVM_TRACE_VCD=0 -faligned-new -fcf-protection=none -Wno-bool-operation -Wno-overloaded-virtual -Wno-shadow -Wno-sign-compare -Wno-uninitialized -Wno-unused-but-set-parameter -Wno-unused-but-set-variable -Wno-unused-parameter -Wno-unused-variable       -x c++-header Vaster_coherent_soc__pch.h -o Vaster_coherent_soc__pch.h.slow.gch
g++   -I.  -MMD -I/home/elfo/tools/verilator/root/include -I/home/elfo/tools/verilator/root/include/vltstd -DVM_COVERAGE=0 -DVM_SC=0 -DVM_TRACE=0 -DVM_TRACE_FST=0 -DVM_TRACE_VCD=0 -faligned-new -fcf-protection=none -Wno-bool-operation -Wno-overloaded-virtual -Wno-shadow -Wno-sign-compare -Wno-uninitialized -Wno-unused-but-set-parameter -Wno-unused-but-set-variable -Wno-unused-parameter -Wno-unused-variable       -include Vaster_coherent_soc__pch.h.slow -c -o Vaster_coherent_soc__ConstPool_0.o Vaster_coherent_soc__ConstPool_0.cpp
g++   -I.  -MMD -I/home/elfo/tools/verilator/root/include -I/home/elfo/tools/verilator/root/include/vltstd -DVM_COVERAGE=0 -DVM_SC=0 -DVM_TRACE=0 -DVM_TRACE_FST=0 -DVM_TRACE_VCD=0 -faligned-new -fcf-protection=none -Wno-bool-operation -Wno-overloaded-virtual -Wno-shadow -Wno-sign-compare -Wno-uninitialized -Wno-unused-but-set-parameter -Wno-unused-but-set-variable -Wno-unused-parameter -Wno-unused-variable       -include Vaster_coherent_soc__pch.h.slow -c -o Vaster_coherent_soc___024root__Slow.o Vaster_coherent_soc___024root__Slow.cpp
g++   -I.  -MMD -I/home/elfo/tools/verilator/root/include -I/home/elfo/tools/verilator/root/include/vltstd -DVM_COVERAGE=0 -DVM_SC=0 -DVM_TRACE=0 -DVM_TRACE_FST=0 -DVM_TRACE_VCD=0 -faligned-new -fcf-protection=none -Wno-bool-operation -Wno-overloaded-virtual -Wno-shadow -Wno-sign-compare -Wno-uninitialized -Wno-unused-but-set-parameter -Wno-unused-but-set-variable -Wno-unused-parameter -Wno-unused-variable       -include Vaster_coherent_soc__pch.h.slow -c -o Vaster_coherent_soc___024root__DepSet_hc6677697__0__Slow.o Vaster_coherent_soc___024root__DepSet_hc6677697__0__Slow.cpp
g++   -I.  -MMD -I/home/elfo/tools/verilator/root/include -I/home/elfo/tools/verilator/root/include/vltstd -DVM_COVERAGE=0 -DVM_SC=0 -DVM_TRACE=0 -DVM_TRACE_FST=0 -DVM_TRACE_VCD=0 -faligned-new -fcf-protection=none -Wno-bool-operation -Wno-overloaded-virtual -Wno-shadow -Wno-sign-compare -Wno-uninitialized -Wno-unused-but-set-parameter -Wno-unused-but-set-variable -Wno-unused-parameter -Wno-unused-variable       -include Vaster_coherent_soc__pch.h.slow -c -o Vaster_coherent_soc___024root__DepSet_h9074b246__0__Slow.o Vaster_coherent_soc___024root__DepSet_h9074b246__0__Slow.cpp
g++   -I.  -MMD -I/home/elfo/tools/verilator/root/include -I/home/elfo/tools/verilator/root/include/vltstd -DVM_COVERAGE=0 -DVM_SC=0 -DVM_TRACE=0 -DVM_TRACE_FST=0 -DVM_TRACE_VCD=0 -faligned-new -fcf-protection=none -Wno-bool-operation -Wno-overloaded-virtual -Wno-shadow -Wno-sign-compare -Wno-uninitialized -Wno-unused-but-set-parameter -Wno-unused-but-set-variable -Wno-unused-parameter -Wno-unused-variable       -include Vaster_coherent_soc__pch.h.slow -c -o Vaster_coherent_soc_aster_atomic_hart__pi1__Slow.o Vaster_coherent_soc_aster_atomic_hart__pi1__Slow.cpp
g++   -I.  -MMD -I/home/elfo/tools/verilator/root/include -I/home/elfo/tools/verilator/root/include/vltstd -DVM_COVERAGE=0 -DVM_SC=0 -DVM_TRACE=0 -DVM_TRACE_FST=0 -DVM_TRACE_VCD=0 -faligned-new -fcf-protection=none -Wno-bool-operation -Wno-overloaded-virtual -Wno-shadow -Wno-sign-compare -Wno-uninitialized -Wno-unused-but-set-parameter -Wno-unused-but-set-variable -Wno-unused-parameter -Wno-unused-variable       -include Vaster_coherent_soc__pch.h.slow -c -o Vaster_coherent_soc_aster_atomic_hart__pi1__DepSet_h7d6270d0__0__Slow.o Vaster_coherent_soc_aster_atomic_hart__pi1__DepSet_h7d6270d0__0__Slow.cpp
g++   -I.  -MMD -I/home/elfo/tools/verilator/root/include -I/home/elfo/tools/verilator/root/include/vltstd -DVM_COVERAGE=0 -DVM_SC=0 -DVM_TRACE=0 -DVM_TRACE_FST=0 -DVM_TRACE_VCD=0 -faligned-new -fcf-protection=none -Wno-bool-operation -Wno-overloaded-virtual -Wno-shadow -Wno-sign-compare -Wno-uninitialized -Wno-unused-but-set-parameter -Wno-unused-but-set-variable -Wno-unused-parameter -Wno-unused-variable       -include Vaster_coherent_soc__pch.h.slow -c -o Vaster_coherent_soc_aster_atomic_hart__pi1__DepSet_h3577b40b__0__Slow.o Vaster_coherent_soc_aster_atomic_hart__pi1__DepSet_h3577b40b__0__Slow.cpp
g++   -I.  -MMD -I/home/elfo/tools/verilator/root/include -I/home/elfo/tools/verilator/root/include/vltstd -DVM_COVERAGE=0 -DVM_SC=0 -DVM_TRACE=0 -DVM_TRACE_FST=0 -DVM_TRACE_VCD=0 -faligned-new -fcf-protection=none -Wno-bool-operation -Wno-overloaded-virtual -Wno-shadow -Wno-sign-compare -Wno-uninitialized -Wno-unused-but-set-parameter -Wno-unused-but-set-variable -Wno-unused-parameter -Wno-unused-variable       -include Vaster_coherent_soc__pch.h.slow -c -o Vaster_coherent_soc__Syms.o Vaster_coherent_soc__Syms.cpp
echo "" > Vaster_coherent_soc__ALL.verilator_deplist.tmp
Archive ar -rcs Vaster_coherent_soc__ALL.a Vaster_coherent_soc.o Vaster_coherent_soc___024root__DepSet_hc6677697__0.o Vaster_coherent_soc___024root__DepSet_hc6677697__1.o Vaster_coherent_soc___024root__DepSet_h9074b246__0.o Vaster_coherent_soc_aster_atomic_hart__pi1__DepSet_h7d6270d0__0.o Vaster_coherent_soc__ConstPool_0.o Vaster_coherent_soc___024root__Slow.o Vaster_coherent_soc___024root__DepSet_hc6677697__0__Slow.o Vaster_coherent_soc___024root__DepSet_h9074b246__0__Slow.o Vaster_coherent_soc_aster_atomic_hart__pi1__Slow.o Vaster_coherent_soc_aster_atomic_hart__pi1__DepSet_h7d6270d0__0__Slow.o Vaster_coherent_soc_aster_atomic_hart__pi1__DepSet_h3577b40b__0__Slow.o Vaster_coherent_soc__Syms.o
g++     tb_coherent_litmus.o verilated.o verilated_threads.o Vaster_coherent_soc__ALL.a    -pthread -lpthread -latomic   -o /tmp/aster-phase8-legacy-regressions-5b9c175/build/litmus_l11_sync1_wait1_w2_n1024/aster_coherent_litmus_sim
rm Vaster_coherent_soc__ALL.verilator_deplist.tmp
PASS: coherent litmus boot=1 mode=0 epochs=2 seed=4294967295 histogram=0,2,0,0 sc_failure=0,0 exact per-hart counters
PASS: coherent litmus boot=1 mode=1 epochs=2 seed=4294967295 histogram=0,1,1,0 sc_failure=0,0 exact per-hart counters
PASS: coherent litmus boot=1 mode=2 epochs=2 seed=4294967295 histogram=0,2,0,0 sc_failure=0,0 exact per-hart counters
PASS: coherent litmus boot=1 mode=3 epochs=2 seed=4294967295 histogram=1,0,1,0 sc_failure=0,0 exact per-hart counters
PASS: coherent litmus boot=1 mode=4 epochs=2 seed=4294967295 histogram=2,0,0,0 sc_failure=0,0 exact per-hart counters
PASS: coherent litmus boot=1 mode=5 epochs=2 seed=4294967295 histogram=0,1,1,0 sc_failure=0,0 exact per-hart counters
PASS: coherent litmus boot=1 mode=6 epochs=2 seed=4294967295 histogram=2,0,0,0 sc_failure=0,0 exact per-hart counters
PASS: coherent litmus boot=1 mode=7 epochs=2 seed=4294967295 histogram=2,0,0,0 sc_failure=0,0 exact per-hart counters
PASS: coherent litmus boot=2 mode=0 epochs=2 seed=4294967295 histogram=0,2,0,0 sc_failure=0,0 exact per-hart counters
PASS: coherent litmus boot=2 mode=1 epochs=2 seed=4294967295 histogram=0,1,1,0 sc_failure=0,0 exact per-hart counters
PASS: coherent litmus boot=2 mode=2 epochs=2 seed=4294967295 histogram=0,2,0,0 sc_failure=0,0 exact per-hart counters
PASS: coherent litmus boot=2 mode=3 epochs=2 seed=4294967295 histogram=1,0,1,0 sc_failure=0,0 exact per-hart counters
PASS: coherent litmus boot=2 mode=4 epochs=2 seed=4294967295 histogram=2,0,0,0 sc_failure=0,0 exact per-hart counters
PASS: coherent litmus boot=2 mode=5 epochs=2 seed=4294967295 histogram=0,1,1,0 sc_failure=0,0 exact per-hart counters
PASS: coherent litmus boot=2 mode=6 epochs=2 seed=4294967295 histogram=2,0,0,0 sc_failure=0,0 exact per-hart counters
PASS: coherent litmus boot=2 mode=7 epochs=2 seed=4294967295 histogram=2,0,0,0 sc_failure=0,0 exact per-hart counters
PASS: coherent litmus closeout trials=32 contended_sc_failures=0 warm_boots=2 complete_ram=65536; no destructive reset after POR
