NAMED-PATH-BEGIN d_rsp_valid_to_d_req_valid
Startpoint: d_rsp_valid (input port clocked by clk)
Endpoint: d_req_valid (output port clocked by clk)
Path Group: clk
Path Type: max

   Delay     Time   Description
-----------------------------------------------------------
   0.000    0.000   clock clk (rise edge)
   0.000    0.000   clock network delay (propagated)
   2.000    2.000 ^ input external delay
   0.064    2.064 ^ d_rsp_valid (in)
   0.244    2.308 ^ hold3706/X (sky130_fd_sc_hd__clkbuf_1)
   0.416    2.724 ^ input35/X (sky130_fd_sc_hd__buf_2)
   0.346    3.070 ^ wire2850/X (sky130_fd_sc_hd__buf_12)
   0.132    3.201 v _14250_/Y (sky130_fd_sc_hd__nor2_4)
   0.229    3.430 v fanout1278/X (sky130_fd_sc_hd__buf_12)
   0.288    3.718 v fanout1273/X (sky130_fd_sc_hd__buf_6)
   0.255    3.973 v fanout1272/X (sky130_fd_sc_hd__buf_12)
   0.256    4.229 v fanout1271/X (sky130_fd_sc_hd__buf_6)
   0.379    4.608 ^ _14254_/Y (sky130_fd_sc_hd__o31ai_4)
   0.310    4.917 ^ max_cap769/X (sky130_fd_sc_hd__buf_6)
   0.202    5.120 v _14259_/Y (sky130_fd_sc_hd__o211ai_4)
   1.074    6.194 ^ _14261_/X (sky130_fd_sc_hd__and4bb_4)
   0.334    6.527 ^ output109/X (sky130_fd_sc_hd__buf_8)
   0.001    6.528 ^ d_req_valid (out)
            6.528   data arrival time

  10.000   10.000   clock clk (rise edge)
   0.000   10.000   clock network delay (propagated)
  -0.250    9.750   clock uncertainty
   0.000    9.750   clock reconvergence pessimism
  -2.000    7.750   output external delay
            7.750   data required time
-----------------------------------------------------------
            7.750   data required time
           -6.528   data arrival time
-----------------------------------------------------------
            1.222   slack (MET)


NAMED-PATH-END
NAMED-PATH-BEGIN d_rsp_error_to_d_req_valid
Startpoint: d_rsp_error (input port clocked by clk)
Endpoint: d_req_valid (output port clocked by clk)
Path Group: clk
Path Type: max

   Delay     Time   Description
-----------------------------------------------------------
   0.000    0.000   clock clk (rise edge)
   0.000    0.000   clock network delay (propagated)
   2.000    2.000 v input external delay
   0.036    2.036 v d_rsp_error (in)
   0.204    2.239 v hold3650/X (sky130_fd_sc_hd__clkbuf_1)
   0.329    2.568 v input2/X (sky130_fd_sc_hd__buf_2)
   0.313    2.882 v hold3651/X (sky130_fd_sc_hd__clkbuf_1)
   0.486    3.368 v _14245_/Y (sky130_fd_sc_hd__nand2b_2)
   0.342    3.710 v _14246_/X (sky130_fd_sc_hd__o211a_2)
   0.485    4.195 ^ _14254_/Y (sky130_fd_sc_hd__o31ai_4)
   0.310    4.504 ^ max_cap769/X (sky130_fd_sc_hd__buf_6)
   0.202    4.707 v _14259_/Y (sky130_fd_sc_hd__o211ai_4)
   1.074    5.780 ^ _14261_/X (sky130_fd_sc_hd__and4bb_4)
   0.334    6.114 ^ output109/X (sky130_fd_sc_hd__buf_8)
   0.001    6.115 ^ d_req_valid (out)
            6.115   data arrival time

  10.000   10.000   clock clk (rise edge)
   0.000   10.000   clock network delay (propagated)
  -0.250    9.750   clock uncertainty
   0.000    9.750   clock reconvergence pessimism
  -2.000    7.750   output external delay
            7.750   data required time
-----------------------------------------------------------
            7.750   data required time
           -6.115   data arrival time
-----------------------------------------------------------
            1.635   slack (MET)


NAMED-PATH-END
