NAMED-PATH-BEGIN d_rsp_valid_to_d_req_valid
Startpoint: d_rsp_valid (input port clocked by clk)
Endpoint: d_req_valid (output port clocked by clk)
Path Group: clk
Path Type: max

   Delay     Time   Description
-----------------------------------------------------------
   0.000    0.000   clock clk (rise edge)
   0.000    0.000   clock network delay (propagated)
   2.000    2.000 ^ input external delay
   0.014    2.014 ^ d_rsp_valid (in)
   0.178    2.192 ^ input35/X (sky130_fd_sc_hd__buf_2)
   0.229    2.421 ^ hold4235/X (sky130_fd_sc_hd__clkbuf_4)
   0.240    2.661 ^ fanout3483/X (sky130_fd_sc_hd__buf_2)
   0.300    2.961 v _19357_/X (sky130_fd_sc_hd__and4bb_2)
   0.189    3.150 v fanout1597/X (sky130_fd_sc_hd__buf_8)
   0.168    3.318 v fanout1586/X (sky130_fd_sc_hd__buf_6)
   0.153    3.471 v fanout1585/X (sky130_fd_sc_hd__buf_6)
   0.224    3.696 ^ _19363_/Y (sky130_fd_sc_hd__o31ai_4)
   0.166    3.861 ^ max_cap887/X (sky130_fd_sc_hd__buf_6)
   0.100    3.961 v _19368_/Y (sky130_fd_sc_hd__o211ai_4)
   0.335    4.297 ^ _19369_/Y (sky130_fd_sc_hd__nor3_4)
   0.184    4.481 ^ wire461/X (sky130_fd_sc_hd__buf_6)
   0.230    4.711 ^ output109/X (sky130_fd_sc_hd__buf_2)
   0.001    4.712 ^ d_req_valid (out)
            4.712   data arrival time

  10.000   10.000   clock clk (rise edge)
   0.000   10.000   clock network delay (propagated)
  -0.250    9.750   clock uncertainty
   0.000    9.750   clock reconvergence pessimism
  -2.000    7.750   output external delay
            7.750   data required time
-----------------------------------------------------------
            7.750   data required time
           -4.712   data arrival time
-----------------------------------------------------------
            3.038   slack (MET)


NAMED-PATH-END
NAMED-PATH-BEGIN d_rsp_error_to_d_req_valid
Startpoint: d_rsp_error (input port clocked by clk)
Endpoint: d_req_valid (output port clocked by clk)
Path Group: clk
Path Type: max

   Delay     Time   Description
-----------------------------------------------------------
   0.000    0.000   clock clk (rise edge)
   0.000    0.000   clock network delay (propagated)
   2.000    2.000 v input external delay
   0.005    2.005 v d_rsp_error (in)
   0.203    2.208 v input2/X (sky130_fd_sc_hd__buf_2)
   0.229    2.437 v _19360_/Y (sky130_fd_sc_hd__nand2b_2)
   0.220    2.656 v _19361_/X (sky130_fd_sc_hd__o211a_2)
   0.304    2.960 ^ _19363_/Y (sky130_fd_sc_hd__o31ai_4)
   0.166    3.126 ^ max_cap887/X (sky130_fd_sc_hd__buf_6)
   0.100    3.226 v _19368_/Y (sky130_fd_sc_hd__o211ai_4)
   0.335    3.561 ^ _19369_/Y (sky130_fd_sc_hd__nor3_4)
   0.184    3.746 ^ wire461/X (sky130_fd_sc_hd__buf_6)
   0.230    3.976 ^ output109/X (sky130_fd_sc_hd__buf_2)
   0.001    3.977 ^ d_req_valid (out)
            3.977   data arrival time

  10.000   10.000   clock clk (rise edge)
   0.000   10.000   clock network delay (propagated)
  -0.250    9.750   clock uncertainty
   0.000    9.750   clock reconvergence pessimism
  -2.000    7.750   output external delay
            7.750   data required time
-----------------------------------------------------------
            7.750   data required time
           -3.977   data arrival time
-----------------------------------------------------------
            3.773   slack (MET)


NAMED-PATH-END
