NAMED-PATH-BEGIN d_rsp_valid_to_d_req_valid
Startpoint: d_rsp_valid (input port clocked by clk)
Endpoint: d_req_valid (output port clocked by clk)
Path Group: clk
Path Type: max

   Delay     Time   Description
-----------------------------------------------------------
   0.000    0.000   clock clk (rise edge)
   0.000    0.000   clock network delay (propagated)
   2.000    2.000 ^ input external delay
   0.010    2.010 ^ d_rsp_valid (in)
   0.051    2.062 ^ hold7095/X (sky130_fd_sc_hd__clkbuf_1)
   0.097    2.159 ^ input35/X (sky130_fd_sc_hd__clkbuf_4)
   0.127    2.285 ^ wire3038/X (sky130_fd_sc_hd__buf_12)
   0.224    2.509 ^ fanout3037/X (sky130_fd_sc_hd__buf_2)
   0.209    2.718 ^ fanout3036/X (sky130_fd_sc_hd__buf_2)
   0.048    2.766 v _14918_/Y (sky130_fd_sc_hd__nor2_4)
   0.096    2.862 v fanout1352/X (sky130_fd_sc_hd__buf_12)
   0.082    2.945 v fanout1350/X (sky130_fd_sc_hd__buf_12)
   0.295    3.240 ^ _14925_/Y (sky130_fd_sc_hd__o31ai_4)
   0.085    3.325 v _14932_/Y (sky130_fd_sc_hd__o2111ai_4)
   0.224    3.549 ^ _14933_/Y (sky130_fd_sc_hd__nor3_4)
   0.103    3.652 ^ wire423/X (sky130_fd_sc_hd__buf_6)
   0.091    3.743 ^ output109/X (sky130_fd_sc_hd__buf_8)
   0.001    3.744 ^ d_req_valid (out)
            3.744   data arrival time

  10.000   10.000   clock clk (rise edge)
   0.000   10.000   clock network delay (propagated)
  -0.250    9.750   clock uncertainty
   0.000    9.750   clock reconvergence pessimism
  -2.000    7.750   output external delay
            7.750   data required time
-----------------------------------------------------------
            7.750   data required time
           -3.744   data arrival time
-----------------------------------------------------------
            4.006   slack (MET)


NAMED-PATH-END
NAMED-PATH-BEGIN d_rsp_error_to_d_req_valid
Startpoint: d_rsp_error (input port clocked by clk)
Endpoint: d_req_valid (output port clocked by clk)
Path Group: clk
Path Type: max

   Delay     Time   Description
-----------------------------------------------------------
   0.000    0.000   clock clk (rise edge)
   0.000    0.000   clock network delay (propagated)
   2.000    2.000 v input external delay
   0.003    2.003 v d_rsp_error (in)
   0.050    2.053 v hold3858/X (sky130_fd_sc_hd__clkbuf_1)
   0.080    2.133 v input2/X (sky130_fd_sc_hd__clkbuf_2)
   0.113    2.245 v hold3859/X (sky130_fd_sc_hd__clkbuf_1)
   0.125    2.370 v wire3042/X (sky130_fd_sc_hd__buf_12)
   0.140    2.510 v _14922_/Y (sky130_fd_sc_hd__nand2b_2)
   0.132    2.642 v _14923_/X (sky130_fd_sc_hd__o211a_2)
   0.285    2.928 ^ _14925_/Y (sky130_fd_sc_hd__o31ai_4)
   0.085    3.012 v _14932_/Y (sky130_fd_sc_hd__o2111ai_4)
   0.224    3.236 ^ _14933_/Y (sky130_fd_sc_hd__nor3_4)
   0.103    3.340 ^ wire423/X (sky130_fd_sc_hd__buf_6)
   0.091    3.431 ^ output109/X (sky130_fd_sc_hd__buf_8)
   0.001    3.432 ^ d_req_valid (out)
            3.432   data arrival time

  10.000   10.000   clock clk (rise edge)
   0.000   10.000   clock network delay (propagated)
  -0.250    9.750   clock uncertainty
   0.000    9.750   clock reconvergence pessimism
  -2.000    7.750   output external delay
            7.750   data required time
-----------------------------------------------------------
            7.750   data required time
           -3.432   data arrival time
-----------------------------------------------------------
            4.318   slack (MET)


NAMED-PATH-END
