NAMED-PATH-BEGIN d_rsp_valid_to_d_req_valid
Startpoint: d_rsp_valid (input port clocked by clk)
Endpoint: d_req_valid (output port clocked by clk)
Path Group: clk
Path Type: max

   Delay     Time   Description
-----------------------------------------------------------
   0.000    0.000   clock clk (rise edge)
   0.000    0.000   clock network delay (propagated)
   2.000    2.000 ^ input external delay
   0.011    2.011 ^ d_rsp_valid (in)
   0.049    2.060 ^ hold3930/X (sky130_fd_sc_hd__clkbuf_1)
   0.081    2.141 ^ input35/X (sky130_fd_sc_hd__clkbuf_4)
   0.117    2.258 ^ hold3931/X (sky130_fd_sc_hd__clkbuf_1)
   0.138    2.396 ^ wire3044/X (sky130_fd_sc_hd__buf_12)
   0.196    2.592 ^ fanout3043/X (sky130_fd_sc_hd__clkbuf_4)
   0.176    2.767 ^ fanout3042/X (sky130_fd_sc_hd__clkbuf_4)
   0.047    2.814 v _14918_/Y (sky130_fd_sc_hd__nor2_4)
   0.098    2.912 v fanout1347/X (sky130_fd_sc_hd__buf_12)
   0.188    3.100 ^ _14925_/Y (sky130_fd_sc_hd__o31ai_4)
   0.096    3.196 ^ max_cap862/X (sky130_fd_sc_hd__buf_6)
   0.059    3.255 v _14932_/Y (sky130_fd_sc_hd__o2111ai_4)
   0.104    3.358 v rebuffer3093/X (sky130_fd_sc_hd__buf_6)
   0.203    3.561 ^ _14933_/Y (sky130_fd_sc_hd__nor3_4)
   0.107    3.669 ^ wire420/X (sky130_fd_sc_hd__buf_6)
   0.091    3.760 ^ output109/X (sky130_fd_sc_hd__buf_8)
   0.001    3.761 ^ d_req_valid (out)
            3.761   data arrival time

  10.000   10.000   clock clk (rise edge)
   0.000   10.000   clock network delay (propagated)
  -0.250    9.750   clock uncertainty
   0.000    9.750   clock reconvergence pessimism
  -2.000    7.750   output external delay
            7.750   data required time
-----------------------------------------------------------
            7.750   data required time
           -3.761   data arrival time
-----------------------------------------------------------
            3.989   slack (MET)


NAMED-PATH-END
NAMED-PATH-BEGIN d_rsp_error_to_d_req_valid
Startpoint: d_rsp_error (input port clocked by clk)
Endpoint: d_req_valid (output port clocked by clk)
Path Group: clk
Path Type: max

   Delay     Time   Description
-----------------------------------------------------------
   0.000    0.000   clock clk (rise edge)
   0.000    0.000   clock network delay (propagated)
   2.000    2.000 v input external delay
   0.003    2.003 v d_rsp_error (in)
   0.048    2.052 v hold3948/X (sky130_fd_sc_hd__clkbuf_1)
   0.135    2.186 v input2/X (sky130_fd_sc_hd__clkbuf_2)
   0.134    2.320 v wire3048/X (sky130_fd_sc_hd__buf_12)
   0.143    2.463 v _14922_/Y (sky130_fd_sc_hd__nand2b_2)
   0.131    2.594 v _14923_/X (sky130_fd_sc_hd__o211a_2)
   0.176    2.771 ^ _14925_/Y (sky130_fd_sc_hd__o31ai_4)
   0.096    2.867 ^ max_cap862/X (sky130_fd_sc_hd__buf_6)
   0.059    2.925 v _14932_/Y (sky130_fd_sc_hd__o2111ai_4)
   0.104    3.029 v rebuffer3093/X (sky130_fd_sc_hd__buf_6)
   0.203    3.232 ^ _14933_/Y (sky130_fd_sc_hd__nor3_4)
   0.107    3.340 ^ wire420/X (sky130_fd_sc_hd__buf_6)
   0.091    3.430 ^ output109/X (sky130_fd_sc_hd__buf_8)
   0.001    3.431 ^ d_req_valid (out)
            3.431   data arrival time

  10.000   10.000   clock clk (rise edge)
   0.000   10.000   clock network delay (propagated)
  -0.250    9.750   clock uncertainty
   0.000    9.750   clock reconvergence pessimism
  -2.000    7.750   output external delay
            7.750   data required time
-----------------------------------------------------------
            7.750   data required time
           -3.431   data arrival time
-----------------------------------------------------------
            4.319   slack (MET)


NAMED-PATH-END
