NAMED-PATH-BEGIN d_rsp_valid_to_d_req_valid
Startpoint: d_rsp_valid (input port clocked by clk)
Endpoint: d_req_valid (output port clocked by clk)
Path Group: clk
Path Type: max

   Delay     Time   Description
-----------------------------------------------------------
   0.000    0.000   clock clk (rise edge)
   0.000    0.000   clock network delay (propagated)
   2.000    2.000 ^ input external delay
   0.017    2.017 ^ d_rsp_valid (in)
   0.510    2.527 ^ input35/X (sky130_fd_sc_hd__buf_2)
   0.618    3.145 ^ fanout1816/X (sky130_fd_sc_hd__buf_2)
   0.657    3.802 v _07762_/X (sky130_fd_sc_hd__and4bb_4)
   0.313    4.115 v fanout976/X (sky130_fd_sc_hd__buf_6)
   0.357    4.473 v fanout975/X (sky130_fd_sc_hd__buf_4)
   0.257    4.730 ^ _07765_/Y (sky130_fd_sc_hd__nand2_4)
   0.750    5.480 ^ _07770_/X (sky130_fd_sc_hd__and3_4)
   0.360    5.840 ^ fanout425/X (sky130_fd_sc_hd__buf_12)
   0.686    6.526 ^ _07771_/X (sky130_fd_sc_hd__and4_4)
   0.334    6.860 ^ output109/X (sky130_fd_sc_hd__buf_6)
   0.001    6.861 ^ d_req_valid (out)
            6.861   data arrival time

  10.000   10.000   clock clk (rise edge)
   0.000   10.000   clock network delay (propagated)
  -0.250    9.750   clock uncertainty
   0.000    9.750   clock reconvergence pessimism
  -2.000    7.750   output external delay
            7.750   data required time
-----------------------------------------------------------
            7.750   data required time
           -6.861   data arrival time
-----------------------------------------------------------
            0.889   slack (MET)


NAMED-PATH-END
NAMED-PATH-BEGIN d_rsp_error_to_d_req_valid
Startpoint: d_rsp_error (input port clocked by clk)
Endpoint: d_req_valid (output port clocked by clk)
Path Group: clk
Path Type: max

   Delay     Time   Description
-----------------------------------------------------------
   0.000    0.000   clock clk (rise edge)
   0.000    0.000   clock network delay (propagated)
   2.000    2.000 v input external delay
   0.010    2.010 v d_rsp_error (in)
   0.434    2.444 v input2/X (sky130_fd_sc_hd__buf_2)
   0.537    2.981 v _07756_/Y (sky130_fd_sc_hd__nand2b_2)
   0.329    3.310 v _07757_/X (sky130_fd_sc_hd__o211a_2)
   0.476    3.786 ^ _07760_/Y (sky130_fd_sc_hd__o21ai_4)
   0.358    4.144 ^ fanout577/X (sky130_fd_sc_hd__buf_12)
   0.679    4.824 ^ _07770_/X (sky130_fd_sc_hd__and3_4)
   0.360    5.183 ^ fanout425/X (sky130_fd_sc_hd__buf_12)
   0.686    5.870 ^ _07771_/X (sky130_fd_sc_hd__and4_4)
   0.334    6.203 ^ output109/X (sky130_fd_sc_hd__buf_6)
   0.001    6.204 ^ d_req_valid (out)
            6.204   data arrival time

  10.000   10.000   clock clk (rise edge)
   0.000   10.000   clock network delay (propagated)
  -0.250    9.750   clock uncertainty
   0.000    9.750   clock reconvergence pessimism
  -2.000    7.750   output external delay
            7.750   data required time
-----------------------------------------------------------
            7.750   data required time
           -6.204   data arrival time
-----------------------------------------------------------
            1.546   slack (MET)


NAMED-PATH-END
