l1i-hit-ignores-valid: CAUGHT by suites: FAIL: rv32ui/fence_i CACHE_MISMATCH cycles=231 retired=53 fetch_errors=0 interrupts=0 icache_hits=41 icache_misses=17 dcache_hits=1 dcache_misses=1; lockstep: DUT trace e
l1i-tag-drops-bit12: CAUGHT by suites: FAIL: rv32ui/ld_st CACHE_MISMATCH cycles=3323 retired=877 fetch_errors=0 interrupts=0 icache_hits=661 icache_misses=223 dcache_hits=172 dcache_misses=2; lockstep: DUT tra
l1i-fencei-ignored: CAUGHT by suites: FAIL: rv32ui/fence_i CACHE_MISMATCH cycles=231 retired=53 fetch_errors=0 interrupts=0 icache_hits=41 icache_misses=17 dcache_hits=1 dcache_misses=1; lockstep: DUT trace e
l1i-refill-not-poisoned: CAUGHT by suites: FAIL: rv32ui/fence_i CACHE_MISMATCH cycles=729 retired=268 fetch_errors=0 interrupts=0 icache_hits=458 icache_misses=24 dcache_hits=1 dcache_misses=1; lockstep: DUT trace
l1i-waiting-fetch-not-stale: CAUGHT by suites: FAIL: rv32ui/add TIMEOUT cycles=200000 retired=1 fetch_errors=199977 interrupts=0 icache_hits=4 icache_misses=2 dcache_hits=0 dcache_misses=0; lockstep: mismatch at retir
l1i-miss-answers-word0: CAUGHT by suites: FAIL: rv32ui/add TIMEOUT cycles=200000 retired=28808 fetch_errors=0 interrupts=0 icache_hits=198862 icache_misses=95 dcache_hits=0 dcache_misses=0; lockstep: mismatch at 
l1i-kept-word-ignored: CAUGHT by suites: FAIL: rv32ui/add FAIL test=1337 cycles=284 retired=76 fetch_errors=0 interrupts=0 icache_hits=74 icache_misses=17 dcache_hits=0 dcache_misses=0; lockstep: mismatch at ret
l1i-refill-writes-issued-slot: CAUGHT by suites: FAIL: rv32ui/add TIMEOUT cycles=200000 retired=1 fetch_errors=199971 interrupts=0 icache_hits=4 icache_misses=2 dcache_hits=0 dcache_misses=0; lockstep: mismatch at retir
l1d-store-hit-not-written: CAUGHT by suites: FAIL: rv32ui/ld_st FAIL test=1337 cycles=303 retired=73 fetch_errors=0 interrupts=0 icache_hits=59 icache_misses=21 dcache_hits=2 dcache_misses=1; lockstep: mismatch at r
l1d-store-miss-written: CAUGHT by suites: FAIL: c/dot8_jobs TIMEOUT cycles=6000000 retired=330349 fetch_errors=5504021 interrupts=0 icache_hits=468308 icache_misses=115 dcache_hits=46976 dcache_misses=364; lockst
l1d-store-all-bytes: CAUGHT by suites: FAIL: rv32ui/ma_data FAIL test=46 cycles=3933 retired=1864 fetch_errors=0 interrupts=0 icache_hits=2163 icache_misses=68 dcache_hits=566 dcache_misses=29; lockstep: rejec
l1d-amo-keeps-line: CAUGHT by suites: FAIL: rv32ua/amoadd_w CACHE_MISMATCH cycles=266 retired=62 fetch_errors=0 interrupts=0 icache_hits=49 icache_misses=19 dcache_hits=0 dcache_misses=2; lockstep: DUT trace 
l1d-lr-invalidates: CAUGHT by suites: FAIL: rv32ua/lrsc CACHE_MISMATCH cycles=309 retired=70 fetch_errors=0 interrupts=0 icache_hits=63 icache_misses=21 dcache_hits=0 dcache_misses=2; lockstep: DUT trace ende
l1d-io-load-refills: CAUGHT by suites: FAIL: traps/m1_traps CACHE_MISMATCH cycles=254 retired=55 fetch_errors=0 interrupts=0 m1_error_waits=4 icache_hits=46 icache_misses=18 dcache_hits=0 dcache_misses=1; lock
l1d-error-a-cycle-late: CAUGHT by suites: FAIL: traps/m1_traps LOAD_MISMATCH cycles=256 retired=57 fetch_errors=0 interrupts=0 icache_hits=46 icache_misses=18 dcache_hits=0 dcache_misses=1; lockstep: mismatch at 
l1d-now-ignores-stale: CAUGHT by suites stall: FAIL: rv32ui/ld_st FAIL test=1337 cycles=3807 retired=793 fetch_errors=0 interrupts=0 icache_hits=609 icache_misses=202 dcache_hits=141 dcache_misses=4; lockstep: mismatc
l1d-waiting-load-not-stale: CAUGHT by suites: FAIL: rv32ui/ld_st FAIL test=1337 cycles=303 retired=73 fetch_errors=0 interrupts=0 icache_hits=59 icache_misses=21 dcache_hits=2 dcache_misses=1; lockstep: mismatch at r
l1d-accepted-during-write-not-stale: CAUGHT by suites stall: FAIL: rv32ui/ld_st FAIL test=1337 cycles=3807 retired=793 fetch_errors=0 interrupts=0 icache_hits=609 icache_misses=202 dcache_hits=141 dcache_misses=4; lockstep: mismatc
l1d-miss-answers-word0: CAUGHT by suites: FAIL: rv32ui/ma_data FAIL test=67305985 cycles=682 retired=160 fetch_errors=0 interrupts=0 icache_hits=139 icache_misses=46 dcache_hits=26 dcache_misses=10; lockstep: rej
l1d-refill-writes-issued-slot: CAUGHT by suites: FAIL: rv32ui/fence_i FAIL test=2 cycles=339 retired=70 fetch_errors=0 interrupts=0 icache_hits=59 icache_misses=24 dcache_hits=1 dcache_misses=1; lockstep: mismatch at re
l1d-kept-word-ignored: CAUGHT by suites stall: FAIL: traps/fetch_traps PASS cycles=1049 retired=252 fetch_errors=24 interrupts=0 icache_hits=237 icache_misses=44 dcache_hits=23 dcache_misses=6; lockstep: mismatch at r
l1d-everything-posted: CAUGHT by suites: FAIL: rv32ua/amoadd_w STORE_MISMATCH cycles=219 retired=50 fetch_errors=0 interrupts=0 icache_hits=40 icache_misses=16 dcache_hits=0 dcache_misses=0; lockstep: mismatch a
l1d-io-store-posted: CAUGHT by act4: FAIL: act4/priv/Sm/Sm_mcsr_cntr-00 FAIL test=1 cycles=17960 retired=5357 fetch_errors=0 interrupts=0 icache_hits=6429 icache_misses=880 dcache_hits=578 dcache_misses=101
l1d-posted-answers-not-dropped: CAUGHT by suites: FAIL: rv32ui/ld_st FAIL test=2 cycles=267 retired=60 fetch_errors=0 interrupts=0 icache_hits=47 icache_misses=19 dcache_hits=1 dcache_misses=1; lockstep: mismatch at reti
l1d-inflight-unlimited: CAUGHT by suites inflight4: FAIL: rv32ui/ld_st D_INFLIGHT cycles=2163 retired=453 fetch_errors=0 interrupts=0 icache_hits=343 icache_misses=117 dcache_hits=87 dcache_misses=2; lockstep: DUT trace en
l1d-snoop-not-invalidating: CAUGHT by suites: FAIL: coherence/remote_mp CACHE_MISMATCH cycles=392 retired=113 fetch_errors=0 interrupts=0 icache_hits=134 icache_misses=18 dcache_hits=11 dcache_misses=6; lockstep: sel
l1d-snoop-port0-only-invalidates: CAUGHT by l1 unit, three snoop ports: FAIL seed 1 cyc 41813: remote load 8000300c rdata 36a968b2 older than its lookup (cycle 41812)
l1d-snoop-refill-ignores-port2: CAUGHT by l1 unit, three snoop ports: FAIL seed 1 cyc 56745: remote load 80003050 rdata c6e5a612 older than its lookup (cycle 56742)
l1d-snoop-lookup-ignores-port1: CAUGHT by l1 unit, three snoop ports: FAIL seed 1 cyc 76083: remote load 80003058 rdata 68be651c older than its lookup (cycle 76080)
l1d-snoop-no-bypass: CAUGHT by suites: FAIL: coherence/remote_mp CACHE_MISMATCH cycles=623 retired=206 fetch_errors=0 interrupts=0 icache_hits=272 icache_misses=19 dcache_hits=29 dcache_misses=11; lockstep: se
l1d-refill-not-poisoned-by-snoop: CAUGHT by suites: FAIL: coherence/remote_mp CACHE_MISMATCH cycles=745 retired=249 fetch_errors=0 interrupts=0 icache_hits=337 icache_misses=19 dcache_hits=35 dcache_misses=16; lockstep: se
l1d-refill-keeps-replaced-line: CAUGHT by l1 unit: FAIL seed 1 cyc 241992: remote load 80003034 rdata 0d433853 older than its lookup (cycle 241989)
l1d-snooped-last-word-installed: CAUGHT by suites: FAIL: coherence/remote_mp CACHE_MISMATCH cycles=1542 retired=559 fetch_errors=0 interrupts=0 icache_hits=805 icache_misses=19 dcache_hits=87 dcache_misses=41; lockstep: s
l1i-no-hold-after-fencei: CAUGHT by suites long stall: FAIL: directed/smc FAIL test=3 cycles=4726 retired=467 fetch_errors=0 interrupts=0 icache_hits=533 icache_misses=185 dcache_hits=0 dcache_misses=0; lockstep: mismatch at 
l1i-hold-withdraws-waiting: CAUGHT by random long stall: FAIL: random seed 701 I_REQ_UNSTABLE cycles=20601 retired=2693 fetch_errors=0 interrupts=0 div_waits=18 icache_hits=2921 icache_misses=616 dcache_hits=103 dcache_misses=1
