2 KiB control-d: PASS (4 of 4 seeds pass)
2 KiB control-i: PASS (4 of 4 seeds pass)
2 KiB l1d-lookup-bit11: CAUGHT (4 of 4 seeds fail)
2 KiB l1d-lookup-bit12: CAUGHT (4 of 4 seeds fail)
2 KiB l1d-lookup-bit13: CAUGHT (4 of 4 seeds fail)
2 KiB l1d-lookup-bit14: CAUGHT (4 of 4 seeds fail)
2 KiB l1d-lookup-bit15: CAUGHT (4 of 4 seeds fail)
2 KiB l1d-lookup-bit16: CAUGHT (4 of 4 seeds fail)
2 KiB l1d-snoop-bit11: CAUGHT (4 of 4 seeds fail)
2 KiB l1d-snoop-bit12: CAUGHT (4 of 4 seeds fail)
2 KiB l1d-snoop-bit13: CAUGHT (4 of 4 seeds fail)
2 KiB l1d-snoop-bit14: CAUGHT (4 of 4 seeds fail)
2 KiB l1d-snoop-bit15: CAUGHT (4 of 4 seeds fail)
2 KiB l1d-snoop-bit16: CAUGHT (4 of 4 seeds fail)
2 KiB l1i-lookup-bit11: CAUGHT (4 of 4 seeds fail)
2 KiB l1i-lookup-bit12: CAUGHT (4 of 4 seeds fail)
2 KiB l1i-lookup-bit13: CAUGHT (4 of 4 seeds fail)
2 KiB l1i-lookup-bit14: CAUGHT (4 of 4 seeds fail)
2 KiB l1i-lookup-bit15: CAUGHT (4 of 4 seeds fail)
2 KiB l1i-lookup-bit16: CAUGHT (4 of 4 seeds fail)
4 KiB control-d: PASS (4 of 4 seeds pass)
4 KiB control-i: PASS (4 of 4 seeds pass)
4 KiB l1d-lookup-bit12: CAUGHT (4 of 4 seeds fail)
4 KiB l1d-lookup-bit13: CAUGHT (4 of 4 seeds fail)
4 KiB l1d-lookup-bit14: CAUGHT (4 of 4 seeds fail)
4 KiB l1d-lookup-bit15: CAUGHT (4 of 4 seeds fail)
4 KiB l1d-lookup-bit16: CAUGHT (4 of 4 seeds fail)
4 KiB l1d-snoop-bit12: CAUGHT (4 of 4 seeds fail)
4 KiB l1d-snoop-bit13: CAUGHT (4 of 4 seeds fail)
4 KiB l1d-snoop-bit14: CAUGHT (4 of 4 seeds fail)
4 KiB l1d-snoop-bit15: CAUGHT (4 of 4 seeds fail)
4 KiB l1d-snoop-bit16: CAUGHT (4 of 4 seeds fail)
4 KiB l1i-lookup-bit12: CAUGHT (4 of 4 seeds fail)
4 KiB l1i-lookup-bit13: CAUGHT (4 of 4 seeds fail)
4 KiB l1i-lookup-bit14: CAUGHT (4 of 4 seeds fail)
4 KiB l1i-lookup-bit15: CAUGHT (4 of 4 seeds fail)
4 KiB l1i-lookup-bit16: CAUGHT (4 of 4 seeds fail)
8 KiB control-d: PASS (4 of 4 seeds pass)
8 KiB control-i: PASS (4 of 4 seeds pass)
8 KiB l1d-lookup-bit13: CAUGHT (4 of 4 seeds fail)
8 KiB l1d-lookup-bit14: CAUGHT (4 of 4 seeds fail)
8 KiB l1d-lookup-bit15: CAUGHT (4 of 4 seeds fail)
8 KiB l1d-lookup-bit16: CAUGHT (4 of 4 seeds fail)
8 KiB l1d-snoop-bit13: CAUGHT (4 of 4 seeds fail)
8 KiB l1d-snoop-bit14: CAUGHT (4 of 4 seeds fail)
8 KiB l1d-snoop-bit15: CAUGHT (4 of 4 seeds fail)
8 KiB l1d-snoop-bit16: CAUGHT (4 of 4 seeds fail)
8 KiB l1i-lookup-bit13: CAUGHT (4 of 4 seeds fail)
8 KiB l1i-lookup-bit14: CAUGHT (4 of 4 seeds fail)
8 KiB l1i-lookup-bit15: CAUGHT (4 of 4 seeds fail)
8 KiB l1i-lookup-bit16: CAUGHT (4 of 4 seeds fail)
PASS: planted bugs in the caches' narrow tags: 45 of 45 caught on every one of 4 seeds by the TAG_SPAN 17 unit tests at 2, 4, 8 KiB; the unmutated caches pass them

real	0m43.732s
user	2m39.934s
sys	0m10.583s
