NAMED-PATH-BEGIN d_rsp_valid_to_d_req_valid
Startpoint: d_rsp_valid (input port clocked by clk)
Endpoint: d_req_valid (output port clocked by clk)
Path Group: clk
Path Type: max

   Delay     Time   Description
-----------------------------------------------------------
   0.000    0.000   clock clk (rise edge)
   0.000    0.000   clock network delay (propagated)
   2.000    2.000 ^ input external delay
   0.012    2.012 ^ d_rsp_valid (in)
   0.247    2.259 ^ input35/X (sky130_fd_sc_hd__buf_2)
   0.286    2.544 ^ fanout3416/X (sky130_fd_sc_hd__buf_2)
   0.190    2.734 ^ _17154_/Y (sky130_fd_sc_hd__nand2b_2)
   0.224    2.958 ^ fanout1754/X (sky130_fd_sc_hd__clkbuf_4)
   0.355    3.312 v _17159_/X (sky130_fd_sc_hd__and4bb_4)
   0.199    3.511 v fanout1292/X (sky130_fd_sc_hd__buf_6)
   0.631    4.142 v _17161_/X (sky130_fd_sc_hd__or4b_4)
   0.170    4.312 v rebuffer3423/X (sky130_fd_sc_hd__buf_6)
   0.259    4.571 ^ _17162_/Y (sky130_fd_sc_hd__nor3_4)
   0.168    4.739 ^ wire429/X (sky130_fd_sc_hd__buf_6)
   0.218    4.957 ^ output109/X (sky130_fd_sc_hd__buf_2)
   0.001    4.958 ^ d_req_valid (out)
            4.958   data arrival time

  10.000   10.000   clock clk (rise edge)
   0.000   10.000   clock network delay (propagated)
  -0.250    9.750   clock uncertainty
   0.000    9.750   clock reconvergence pessimism
  -2.000    7.750   output external delay
            7.750   data required time
-----------------------------------------------------------
            7.750   data required time
           -4.958   data arrival time
-----------------------------------------------------------
            2.792   slack (MET)


NAMED-PATH-END
NAMED-PATH-BEGIN d_rsp_error_to_d_req_valid
Startpoint: d_rsp_error (input port clocked by clk)
Endpoint: d_req_valid (output port clocked by clk)
Path Group: clk
Path Type: max

   Delay     Time   Description
-----------------------------------------------------------
   0.000    0.000   clock clk (rise edge)
   0.000    0.000   clock network delay (propagated)
   2.000    2.000 v input external delay
   0.006    2.006 v d_rsp_error (in)
   0.177    2.183 v input2/X (sky130_fd_sc_hd__buf_2)
   0.217    2.400 v _17149_/Y (sky130_fd_sc_hd__nand2b_2)
   0.133    2.533 v _17150_/X (sky130_fd_sc_hd__o211a_2)
   0.321    2.855 v _17152_/X (sky130_fd_sc_hd__o21a_2)
   0.687    3.541 v _17161_/X (sky130_fd_sc_hd__or4b_4)
   0.170    3.711 v rebuffer3423/X (sky130_fd_sc_hd__buf_6)
   0.259    3.970 ^ _17162_/Y (sky130_fd_sc_hd__nor3_4)
   0.168    4.139 ^ wire429/X (sky130_fd_sc_hd__buf_6)
   0.218    4.357 ^ output109/X (sky130_fd_sc_hd__buf_2)
   0.001    4.357 ^ d_req_valid (out)
            4.357   data arrival time

  10.000   10.000   clock clk (rise edge)
   0.000   10.000   clock network delay (propagated)
  -0.250    9.750   clock uncertainty
   0.000    9.750   clock reconvergence pessimism
  -2.000    7.750   output external delay
            7.750   data required time
-----------------------------------------------------------
            7.750   data required time
           -4.357   data arrival time
-----------------------------------------------------------
            3.393   slack (MET)


NAMED-PATH-END
