Copyright 1986-2022 Xilinx, Inc. All Rights Reserved. Copyright 2022-2025 Advanced Micro Devices, Inc. All Rights Reserved.
---------------------------------------------------------------------------------------------------------------------------------------------
| Tool Version : Vivado v.2025.1 (lin64) Build 6140274 Wed May 21 22:58:25 MDT 2025
| Date         : Thu Oct  1 05:03:49 2026
| Host         : gondor running 64-bit Ubuntu 24.04.5 LTS
| Command      : report_timing_summary -max_paths 10 -file /home/elfo/Documents/Aster/build/timing/fpga/aster_bram_reqreg/timing_summary.rpt
| Design       : timing_aster_bram_reqreg
| Device       : 7z020-clg400
| Speed File   : -1  PRODUCTION 1.12 2019-11-22
| Design State : Routed
---------------------------------------------------------------------------------------------------------------------------------------------

Timing Summary Report

------------------------------------------------------------------------------------------------
| Timer Settings
| --------------
------------------------------------------------------------------------------------------------

  Enable Multi Corner Analysis               :  Yes
  Enable Pessimism Removal                   :  Yes
  Pessimism Removal Resolution               :  Nearest Common Node
  Enable Input Delay Default Clock           :  No
  Enable Preset / Clear Arcs                 :  No
  Disable Flight Delays                      :  No
  Ignore I/O Paths                           :  No
  Timing Early Launch at Borrowing Latches   :  No
  Borrow Time for Max Delay Exceptions       :  Yes
  Merge Timing Exceptions                    :  Yes
  Inter-SLR Compensation                     :  Conservative

  Corner  Analyze    Analyze    
  Name    Max Paths  Min Paths  
  ------  ---------  ---------  
  Slow    Yes        Yes        
  Fast    Yes        Yes        


------------------------------------------------------------------------------------------------
| Report Methodology
| ------------------
------------------------------------------------------------------------------------------------

No report available as report_methodology has not been run prior. Run report_methodology on the current design for the summary of methodology violations.



check_timing report

Table of Contents
-----------------
1. checking no_clock (0)
2. checking constant_clock (0)
3. checking pulse_width_clock (0)
4. checking unconstrained_internal_endpoints (0)
5. checking no_input_delay (1)
6. checking no_output_delay (33)
7. checking multiple_clock (0)
8. checking generated_clocks (0)
9. checking loops (0)
10. checking partial_input_delay (0)
11. checking partial_output_delay (0)
12. checking latch_loops (0)

1. checking no_clock (0)
------------------------
 There are 0 register/latch pins with no clock.


2. checking constant_clock (0)
------------------------------
 There are 0 register/latch pins with constant_clock.


3. checking pulse_width_clock (0)
---------------------------------
 There are 0 register/latch pins which need pulse_width check


4. checking unconstrained_internal_endpoints (0)
------------------------------------------------
 There are 0 pins that are not constrained for maximum delay.

 There are 0 pins that are not constrained for maximum delay due to constant clock.


5. checking no_input_delay (1)
------------------------------
 There is 1 input port with no input delay specified. (HIGH)

 There are 0 input ports with no input delay but user has a false path constraint.


6. checking no_output_delay (33)
--------------------------------
 There are 33 ports with no output delay specified. (HIGH)

 There are 0 ports with no output delay but user has a false path constraint

 There are 0 ports with no output delay but with a timing clock defined on it or propagating through it


7. checking multiple_clock (0)
------------------------------
 There are 0 register/latch pins with multiple clocks.


8. checking generated_clocks (0)
--------------------------------
 There are 0 generated clocks that are not connected to a clock source.


9. checking loops (0)
---------------------
 There are 0 combinational loops in the design.


10. checking partial_input_delay (0)
------------------------------------
 There are 0 input ports with partial input delay specified.


11. checking partial_output_delay (0)
-------------------------------------
 There are 0 ports with partial output delay specified.


12. checking latch_loops (0)
----------------------------
 There are 0 combinational latch loops in the design through latch input



------------------------------------------------------------------------------------------------
| Design Timing Summary
| ---------------------
------------------------------------------------------------------------------------------------

    WNS(ns)      TNS(ns)  TNS Failing Endpoints  TNS Total Endpoints      WHS(ns)      THS(ns)  THS Failing Endpoints  THS Total Endpoints     WPWS(ns)     TPWS(ns)  TPWS Failing Endpoints  TPWS Total Endpoints  
    -------      -------  ---------------------  -------------------      -------      -------  ---------------------  -------------------     --------     --------  ----------------------  --------------------  
      1.054        0.000                      0                 3605        0.098        0.000                      0                 3605        3.750        0.000                       0                  1053  


All user specified timing constraints are met.


------------------------------------------------------------------------------------------------
| Clock Summary
| -------------
------------------------------------------------------------------------------------------------

Clock  Waveform(ns)       Period(ns)      Frequency(MHz)
-----  ------------       ----------      --------------
clk    {0.000 5.000}      10.000          100.000         


------------------------------------------------------------------------------------------------
| Intra Clock Table
| -----------------
------------------------------------------------------------------------------------------------

Clock             WNS(ns)      TNS(ns)  TNS Failing Endpoints  TNS Total Endpoints      WHS(ns)      THS(ns)  THS Failing Endpoints  THS Total Endpoints     WPWS(ns)     TPWS(ns)  TPWS Failing Endpoints  TPWS Total Endpoints  
-----             -------      -------  ---------------------  -------------------      -------      -------  ---------------------  -------------------     --------     --------  ----------------------  --------------------  
clk                 1.054        0.000                      0                 3605        0.098        0.000                      0                 3605        3.750        0.000                       0                  1053  


------------------------------------------------------------------------------------------------
| Inter Clock Table
| -----------------
------------------------------------------------------------------------------------------------

From Clock    To Clock          WNS(ns)      TNS(ns)  TNS Failing Endpoints  TNS Total Endpoints      WHS(ns)      THS(ns)  THS Failing Endpoints  THS Total Endpoints  
----------    --------          -------      -------  ---------------------  -------------------      -------      -------  ---------------------  -------------------  


------------------------------------------------------------------------------------------------
| Other Path Groups Table
| -----------------------
------------------------------------------------------------------------------------------------

Path Group    From Clock    To Clock          WNS(ns)      TNS(ns)  TNS Failing Endpoints  TNS Total Endpoints      WHS(ns)      THS(ns)  THS Failing Endpoints  THS Total Endpoints  
----------    ----------    --------          -------      -------  ---------------------  -------------------      -------      -------  ---------------------  -------------------  


------------------------------------------------------------------------------------------------
| Timing Details
| --------------
------------------------------------------------------------------------------------------------


---------------------------------------------------------------------------------------------------
From Clock:  clk
  To Clock:  clk

Setup :            0  Failing Endpoints,  Worst Slack        1.054ns,  Total Violation        0.000ns
Hold  :            0  Failing Endpoints,  Worst Slack        0.098ns,  Total Violation        0.000ns
PW    :            0  Failing Endpoints,  Worst Slack        3.750ns,  Total Violation        0.000ns
---------------------------------------------------------------------------------------------------


Max Delay Paths
--------------------------------------------------------------------------------------
Slack (MET) :             1.054ns  (required time - arrival time)
  Source:                 block/core/fsel2_reg[0]/C
                            (rising edge-triggered cell FDSE clocked by clk  {rise@0.000ns fall@5.000ns period=10.000ns})
  Destination:            block/core/m1_reg[result][24]/D
                            (rising edge-triggered cell FDRE clocked by clk  {rise@0.000ns fall@5.000ns period=10.000ns})
  Path Group:             clk
  Path Type:              Setup (Max at Slow Process Corner)
  Requirement:            10.000ns  (clk rise@10.000ns - clk rise@0.000ns)
  Data Path Delay:        8.891ns  (logic 3.262ns (36.687%)  route 5.629ns (63.313%))
  Logic Levels:           12  (CARRY4=5 LUT3=2 LUT4=1 LUT5=1 LUT6=3)
  Clock Path Skew:        -0.049ns (DCD - SCD + CPR)
    Destination Clock Delay (DCD):    0.924ns = ( 10.924 - 10.000 ) 
    Source Clock Delay      (SCD):    0.973ns
    Clock Pessimism Removal (CPR):    0.000ns
  Clock Uncertainty:      0.035ns  ((TSJ^2 + TIJ^2)^1/2 + DJ) / 2 + PE
    Total System Jitter     (TSJ):    0.071ns
    Total Input Jitter      (TIJ):    0.000ns
    Discrete Jitter          (DJ):    0.000ns
    Phase Error              (PE):    0.000ns

    Location             Delay type                Incr(ns)  Path(ns)    Netlist Resource(s)
  -------------------------------------------------------------------    -------------------
                         (clock clk rise edge)        0.000     0.000 r  
                                                      0.000     0.000 r  clk (IN)
                         net (fo=1052, unset)         0.973     0.973    block/core/clk
    SLICE_X30Y5          FDSE                                         r  block/core/fsel2_reg[0]/C
  -------------------------------------------------------------------    -------------------
    SLICE_X30Y5          FDSE (Prop_fdse_C_Q)         0.478     1.451 r  block/core/fsel2_reg[0]/Q
                         net (fo=36, routed)          1.605     3.056    block/core/fetch/request_registered.d_wd_reg[0][0]
    SLICE_X39Y7          LUT5 (Prop_lut5_I0_O)        0.296     3.352 r  block/core/fetch/e_rs2v[9]_i_2/O
                         net (fo=12, routed)          0.891     4.243    block/core/b[9]
    SLICE_X39Y13         LUT3 (Prop_lut3_I1_O)        0.119     4.362 r  block/core/m1[result][9]_i_5/O
                         net (fo=6, routed)           0.747     5.109    block/core/m1[result][9]_i_5_n_0
    SLICE_X45Y12         LUT4 (Prop_lut4_I3_O)        0.332     5.441 r  block/core/m1[result][11]_i_21/O
                         net (fo=1, routed)           0.000     5.441    block/core/m1[result][11]_i_21_n_0
    SLICE_X45Y12         CARRY4 (Prop_carry4_S[1]_CO[3])
                                                      0.550     5.991 r  block/core/m1_reg[result][11]_i_17/CO[3]
                         net (fo=1, routed)           0.000     5.991    block/core/m1_reg[result][11]_i_17_n_0
    SLICE_X45Y13         CARRY4 (Prop_carry4_CI_CO[3])
                                                      0.114     6.105 r  block/core/m1_reg[result][15]_i_17/CO[3]
                         net (fo=1, routed)           0.000     6.105    block/core/m1_reg[result][15]_i_17_n_0
    SLICE_X45Y14         CARRY4 (Prop_carry4_CI_CO[3])
                                                      0.114     6.219 r  block/core/m1_reg[result][19]_i_19/CO[3]
                         net (fo=1, routed)           0.000     6.219    block/core/m1_reg[result][19]_i_19_n_0
    SLICE_X45Y15         CARRY4 (Prop_carry4_CI_CO[3])
                                                      0.114     6.333 r  block/core/m1_reg[result][23]_i_17/CO[3]
                         net (fo=1, routed)           0.000     6.333    block/core/m1_reg[result][23]_i_17_n_0
    SLICE_X45Y16         CARRY4 (Prop_carry4_CI_O[0])
                                                      0.222     6.555 r  block/core/m1_reg[result][31]_i_24/O[0]
                         net (fo=1, routed)           0.806     7.360    block/core/m1_reg[result][31]_i_24_n_7
    SLICE_X46Y16         LUT3 (Prop_lut3_I0_O)        0.327     7.687 r  block/core/m1[result][24]_i_13/O
                         net (fo=1, routed)           0.727     8.414    block/core/m1[result][24]_i_13_n_0
    SLICE_X42Y20         LUT6 (Prop_lut6_I5_O)        0.348     8.762 r  block/core/m1[result][24]_i_8/O
                         net (fo=1, routed)           0.567     9.329    block/core/m1[result][24]_i_8_n_0
    SLICE_X42Y20         LUT6 (Prop_lut6_I5_O)        0.124     9.453 r  block/core/m1[result][24]_i_3/O
                         net (fo=1, routed)           0.287     9.740    block/core/m1[result][24]_i_3_n_0
    SLICE_X41Y20         LUT6 (Prop_lut6_I3_O)        0.124     9.864 r  block/core/m1[result][24]_i_1/O
                         net (fo=1, routed)           0.000     9.864    block/core/e_slot[result][24]
    SLICE_X41Y20         FDRE                                         r  block/core/m1_reg[result][24]/D
  -------------------------------------------------------------------    -------------------

                         (clock clk rise edge)       10.000    10.000 r  
                                                      0.000    10.000 r  clk (IN)
                         net (fo=1052, unset)         0.924    10.924    block/core/clk
    SLICE_X41Y20         FDRE                                         r  block/core/m1_reg[result][24]/C
                         clock pessimism              0.000    10.924    
                         clock uncertainty           -0.035    10.889    
    SLICE_X41Y20         FDRE (Setup_fdre_C_D)        0.029    10.918    block/core/m1_reg[result][24]
  -------------------------------------------------------------------
                         required time                         10.918    
                         arrival time                          -9.864    
  -------------------------------------------------------------------
                         slack                                  1.054    

Slack (MET) :             1.075ns  (required time - arrival time)
  Source:                 block/core/fsel2_reg[0]/C
                            (rising edge-triggered cell FDSE clocked by clk  {rise@0.000ns fall@5.000ns period=10.000ns})
  Destination:            block/core/m1_reg[result][27]/D
                            (rising edge-triggered cell FDRE clocked by clk  {rise@0.000ns fall@5.000ns period=10.000ns})
  Path Group:             clk
  Path Type:              Setup (Max at Slow Process Corner)
  Requirement:            10.000ns  (clk rise@10.000ns - clk rise@0.000ns)
  Data Path Delay:        8.872ns  (logic 3.344ns (37.690%)  route 5.528ns (62.310%))
  Logic Levels:           12  (CARRY4=5 LUT3=2 LUT4=1 LUT5=1 LUT6=3)
  Clock Path Skew:        -0.049ns (DCD - SCD + CPR)
    Destination Clock Delay (DCD):    0.924ns = ( 10.924 - 10.000 ) 
    Source Clock Delay      (SCD):    0.973ns
    Clock Pessimism Removal (CPR):    0.000ns
  Clock Uncertainty:      0.035ns  ((TSJ^2 + TIJ^2)^1/2 + DJ) / 2 + PE
    Total System Jitter     (TSJ):    0.071ns
    Total Input Jitter      (TIJ):    0.000ns
    Discrete Jitter          (DJ):    0.000ns
    Phase Error              (PE):    0.000ns

    Location             Delay type                Incr(ns)  Path(ns)    Netlist Resource(s)
  -------------------------------------------------------------------    -------------------
                         (clock clk rise edge)        0.000     0.000 r  
                                                      0.000     0.000 r  clk (IN)
                         net (fo=1052, unset)         0.973     0.973    block/core/clk
    SLICE_X30Y5          FDSE                                         r  block/core/fsel2_reg[0]/C
  -------------------------------------------------------------------    -------------------
    SLICE_X30Y5          FDSE (Prop_fdse_C_Q)         0.478     1.451 r  block/core/fsel2_reg[0]/Q
                         net (fo=36, routed)          1.605     3.056    block/core/fetch/request_registered.d_wd_reg[0][0]
    SLICE_X39Y7          LUT5 (Prop_lut5_I0_O)        0.296     3.352 r  block/core/fetch/e_rs2v[9]_i_2/O
                         net (fo=12, routed)          0.891     4.243    block/core/b[9]
    SLICE_X39Y13         LUT3 (Prop_lut3_I1_O)        0.119     4.362 r  block/core/m1[result][9]_i_5/O
                         net (fo=6, routed)           0.747     5.109    block/core/m1[result][9]_i_5_n_0
    SLICE_X45Y12         LUT4 (Prop_lut4_I3_O)        0.332     5.441 r  block/core/m1[result][11]_i_21/O
                         net (fo=1, routed)           0.000     5.441    block/core/m1[result][11]_i_21_n_0
    SLICE_X45Y12         CARRY4 (Prop_carry4_S[1]_CO[3])
                                                      0.550     5.991 r  block/core/m1_reg[result][11]_i_17/CO[3]
                         net (fo=1, routed)           0.000     5.991    block/core/m1_reg[result][11]_i_17_n_0
    SLICE_X45Y13         CARRY4 (Prop_carry4_CI_CO[3])
                                                      0.114     6.105 r  block/core/m1_reg[result][15]_i_17/CO[3]
                         net (fo=1, routed)           0.000     6.105    block/core/m1_reg[result][15]_i_17_n_0
    SLICE_X45Y14         CARRY4 (Prop_carry4_CI_CO[3])
                                                      0.114     6.219 r  block/core/m1_reg[result][19]_i_19/CO[3]
                         net (fo=1, routed)           0.000     6.219    block/core/m1_reg[result][19]_i_19_n_0
    SLICE_X45Y15         CARRY4 (Prop_carry4_CI_CO[3])
                                                      0.114     6.333 r  block/core/m1_reg[result][23]_i_17/CO[3]
                         net (fo=1, routed)           0.000     6.333    block/core/m1_reg[result][23]_i_17_n_0
    SLICE_X45Y16         CARRY4 (Prop_carry4_CI_O[3])
                                                      0.313     6.646 r  block/core/m1_reg[result][31]_i_24/O[3]
                         net (fo=1, routed)           0.808     7.453    block/core/m1_reg[result][31]_i_24_n_4
    SLICE_X46Y16         LUT3 (Prop_lut3_I0_O)        0.335     7.788 r  block/core/m1[result][27]_i_13/O
                         net (fo=1, routed)           0.573     8.361    block/core/m1[result][27]_i_13_n_0
    SLICE_X44Y19         LUT6 (Prop_lut6_I5_O)        0.331     8.692 r  block/core/m1[result][27]_i_8/O
                         net (fo=1, routed)           0.492     9.184    block/core/m1[result][27]_i_8_n_0
    SLICE_X43Y19         LUT6 (Prop_lut6_I5_O)        0.124     9.308 r  block/core/m1[result][27]_i_3/O
                         net (fo=1, routed)           0.414     9.721    block/core/m1[result][27]_i_3_n_0
    SLICE_X40Y19         LUT6 (Prop_lut6_I3_O)        0.124     9.845 r  block/core/m1[result][27]_i_1/O
                         net (fo=1, routed)           0.000     9.845    block/core/e_slot[result][27]
    SLICE_X40Y19         FDRE                                         r  block/core/m1_reg[result][27]/D
  -------------------------------------------------------------------    -------------------

                         (clock clk rise edge)       10.000    10.000 r  
                                                      0.000    10.000 r  clk (IN)
                         net (fo=1052, unset)         0.924    10.924    block/core/clk
    SLICE_X40Y19         FDRE                                         r  block/core/m1_reg[result][27]/C
                         clock pessimism              0.000    10.924    
                         clock uncertainty           -0.035    10.889    
    SLICE_X40Y19         FDRE (Setup_fdre_C_D)        0.031    10.920    block/core/m1_reg[result][27]
  -------------------------------------------------------------------
                         required time                         10.920    
                         arrival time                          -9.845    
  -------------------------------------------------------------------
                         slack                                  1.075    

Slack (MET) :             1.134ns  (required time - arrival time)
  Source:                 block/core/fsel2_reg[0]/C
                            (rising edge-triggered cell FDSE clocked by clk  {rise@0.000ns fall@5.000ns period=10.000ns})
  Destination:            block/core/m1_reg[result][22]/D
                            (rising edge-triggered cell FDRE clocked by clk  {rise@0.000ns fall@5.000ns period=10.000ns})
  Path Group:             clk
  Path Type:              Setup (Max at Slow Process Corner)
  Requirement:            10.000ns  (clk rise@10.000ns - clk rise@0.000ns)
  Data Path Delay:        8.811ns  (logic 3.146ns (35.705%)  route 5.665ns (64.295%))
  Logic Levels:           11  (CARRY4=4 LUT3=2 LUT4=1 LUT5=1 LUT6=3)
  Clock Path Skew:        -0.049ns (DCD - SCD + CPR)
    Destination Clock Delay (DCD):    0.924ns = ( 10.924 - 10.000 ) 
    Source Clock Delay      (SCD):    0.973ns
    Clock Pessimism Removal (CPR):    0.000ns
  Clock Uncertainty:      0.035ns  ((TSJ^2 + TIJ^2)^1/2 + DJ) / 2 + PE
    Total System Jitter     (TSJ):    0.071ns
    Total Input Jitter      (TIJ):    0.000ns
    Discrete Jitter          (DJ):    0.000ns
    Phase Error              (PE):    0.000ns

    Location             Delay type                Incr(ns)  Path(ns)    Netlist Resource(s)
  -------------------------------------------------------------------    -------------------
                         (clock clk rise edge)        0.000     0.000 r  
                                                      0.000     0.000 r  clk (IN)
                         net (fo=1052, unset)         0.973     0.973    block/core/clk
    SLICE_X30Y5          FDSE                                         r  block/core/fsel2_reg[0]/C
  -------------------------------------------------------------------    -------------------
    SLICE_X30Y5          FDSE (Prop_fdse_C_Q)         0.478     1.451 r  block/core/fsel2_reg[0]/Q
                         net (fo=36, routed)          1.605     3.056    block/core/fetch/request_registered.d_wd_reg[0][0]
    SLICE_X39Y7          LUT5 (Prop_lut5_I0_O)        0.296     3.352 r  block/core/fetch/e_rs2v[9]_i_2/O
                         net (fo=12, routed)          0.891     4.243    block/core/b[9]
    SLICE_X39Y13         LUT3 (Prop_lut3_I1_O)        0.119     4.362 r  block/core/m1[result][9]_i_5/O
                         net (fo=6, routed)           0.762     5.123    block/core/m1[result][9]_i_5_n_0
    SLICE_X44Y12         LUT4 (Prop_lut4_I3_O)        0.332     5.455 r  block/core/m1[result][11]_i_25/O
                         net (fo=1, routed)           0.000     5.455    block/core/m1[result][11]_i_25_n_0
    SLICE_X44Y12         CARRY4 (Prop_carry4_S[1]_CO[3])
                                                      0.550     6.005 r  block/core/m1_reg[result][11]_i_18/CO[3]
                         net (fo=1, routed)           0.000     6.005    block/core/m1_reg[result][11]_i_18_n_0
    SLICE_X44Y13         CARRY4 (Prop_carry4_CI_CO[3])
                                                      0.114     6.119 r  block/core/m1_reg[result][15]_i_18/CO[3]
                         net (fo=1, routed)           0.000     6.119    block/core/m1_reg[result][15]_i_18_n_0
    SLICE_X44Y14         CARRY4 (Prop_carry4_CI_CO[3])
                                                      0.114     6.233 r  block/core/m1_reg[result][19]_i_20/CO[3]
                         net (fo=1, routed)           0.000     6.233    block/core/m1_reg[result][19]_i_20_n_0
    SLICE_X44Y15         CARRY4 (Prop_carry4_CI_O[2])
                                                      0.239     6.472 r  block/core/m1_reg[result][23]_i_18/O[2]
                         net (fo=1, routed)           1.007     7.479    block/core/m1_reg[result][23]_i_18_n_5
    SLICE_X46Y15         LUT3 (Prop_lut3_I2_O)        0.328     7.807 r  block/core/m1[result][22]_i_13/O
                         net (fo=1, routed)           0.614     8.421    block/core/m1[result][22]_i_13_n_0
    SLICE_X43Y19         LUT6 (Prop_lut6_I5_O)        0.328     8.749 r  block/core/m1[result][22]_i_8/O
                         net (fo=1, routed)           0.436     9.185    block/core/m1[result][22]_i_8_n_0
    SLICE_X41Y19         LUT6 (Prop_lut6_I5_O)        0.124     9.309 r  block/core/m1[result][22]_i_3/O
                         net (fo=1, routed)           0.351     9.660    block/core/m1[result][22]_i_3_n_0
    SLICE_X40Y19         LUT6 (Prop_lut6_I3_O)        0.124     9.784 r  block/core/m1[result][22]_i_1/O
                         net (fo=1, routed)           0.000     9.784    block/core/e_slot[result][22]
    SLICE_X40Y19         FDRE                                         r  block/core/m1_reg[result][22]/D
  -------------------------------------------------------------------    -------------------

                         (clock clk rise edge)       10.000    10.000 r  
                                                      0.000    10.000 r  clk (IN)
                         net (fo=1052, unset)         0.924    10.924    block/core/clk
    SLICE_X40Y19         FDRE                                         r  block/core/m1_reg[result][22]/C
                         clock pessimism              0.000    10.924    
                         clock uncertainty           -0.035    10.889    
    SLICE_X40Y19         FDRE (Setup_fdre_C_D)        0.029    10.918    block/core/m1_reg[result][22]
  -------------------------------------------------------------------
                         required time                         10.918    
                         arrival time                          -9.784    
  -------------------------------------------------------------------
                         slack                                  1.134    

Slack (MET) :             1.142ns  (required time - arrival time)
  Source:                 block/core/fsel2_reg[1]/C
                            (rising edge-triggered cell FDRE clocked by clk  {rise@0.000ns fall@5.000ns period=10.000ns})
  Destination:            block/core/m1_reg[result][30]/D
                            (rising edge-triggered cell FDRE clocked by clk  {rise@0.000ns fall@5.000ns period=10.000ns})
  Path Group:             clk
  Path Type:              Setup (Max at Slow Process Corner)
  Requirement:            10.000ns  (clk rise@10.000ns - clk rise@0.000ns)
  Data Path Delay:        8.851ns  (logic 3.017ns (34.086%)  route 5.834ns (65.914%))
  Logic Levels:           9  (CARRY4=1 LUT2=1 LUT3=2 LUT4=1 LUT5=1 LUT6=2 MUXF7=1)
  Clock Path Skew:        -0.049ns (DCD - SCD + CPR)
    Destination Clock Delay (DCD):    0.924ns = ( 10.924 - 10.000 ) 
    Source Clock Delay      (SCD):    0.973ns
    Clock Pessimism Removal (CPR):    0.000ns
  Clock Uncertainty:      0.035ns  ((TSJ^2 + TIJ^2)^1/2 + DJ) / 2 + PE
    Total System Jitter     (TSJ):    0.071ns
    Total Input Jitter      (TIJ):    0.000ns
    Discrete Jitter          (DJ):    0.000ns
    Phase Error              (PE):    0.000ns

    Location             Delay type                Incr(ns)  Path(ns)    Netlist Resource(s)
  -------------------------------------------------------------------    -------------------
                         (clock clk rise edge)        0.000     0.000 r  
                                                      0.000     0.000 r  clk (IN)
                         net (fo=1052, unset)         0.973     0.973    block/core/clk
    SLICE_X30Y5          FDRE                                         r  block/core/fsel2_reg[1]/C
  -------------------------------------------------------------------    -------------------
    SLICE_X30Y5          FDRE (Prop_fdre_C_Q)         0.518     1.491 r  block/core/fsel2_reg[1]/Q
                         net (fo=32, routed)          1.807     3.298    block/core/fetch/request_registered.d_wd_reg[0][1]
    SLICE_X38Y21         LUT4 (Prop_lut4_I1_O)        0.124     3.422 r  block/core/fetch/e_rs2v[29]_i_3/O
                         net (fo=1, routed)           0.436     3.858    block/core/fetch/e_rs2v[29]_i_3_n_0
    SLICE_X38Y20         LUT5 (Prop_lut5_I4_O)        0.124     3.982 r  block/core/fetch/e_rs2v[29]_i_2/O
                         net (fo=11, routed)          1.076     5.058    block/core/b[29]
    SLICE_X36Y16         LUT3 (Prop_lut3_I1_O)        0.150     5.208 r  block/core/m1[result][29]_i_5/O
                         net (fo=8, routed)           0.646     5.854    block/core/m1[result][29]_i_5_n_0
    SLICE_X44Y17         LUT2 (Prop_lut2_I1_O)        0.348     6.202 r  block/core/m1[result][31]_i_32/O
                         net (fo=1, routed)           0.000     6.202    block/core/m1[result][31]_i_32_n_0
    SLICE_X44Y17         CARRY4 (Prop_carry4_S[1]_O[2])
                                                      0.580     6.782 r  block/core/m1_reg[result][31]_i_15/O[2]
                         net (fo=1, routed)           0.808     7.590    block/core/m1_reg[result][31]_i_15_n_5
    SLICE_X43Y17         LUT3 (Prop_lut3_I2_O)        0.330     7.920 r  block/core/m1[result][30]_i_10/O
                         net (fo=1, routed)           0.439     8.359    block/core/m1[result][30]_i_10_n_0
    SLICE_X43Y20         LUT6 (Prop_lut6_I5_O)        0.332     8.691 r  block/core/m1[result][30]_i_6/O
                         net (fo=1, routed)           0.000     8.691    block/core/m1[result][30]_i_6_n_0
    SLICE_X43Y20         MUXF7 (Prop_muxf7_I0_O)      0.212     8.903 r  block/core/m1_reg[result][30]_i_3/O
                         net (fo=1, routed)           0.622     9.525    block/core/m1_reg[result][30]_i_3_n_0
    SLICE_X34Y20         LUT6 (Prop_lut6_I3_O)        0.299     9.824 r  block/core/m1[result][30]_i_1/O
                         net (fo=1, routed)           0.000     9.824    block/core/e_slot[result][30]
    SLICE_X34Y20         FDRE                                         r  block/core/m1_reg[result][30]/D
  -------------------------------------------------------------------    -------------------

                         (clock clk rise edge)       10.000    10.000 r  
                                                      0.000    10.000 r  clk (IN)
                         net (fo=1052, unset)         0.924    10.924    block/core/clk
    SLICE_X34Y20         FDRE                                         r  block/core/m1_reg[result][30]/C
                         clock pessimism              0.000    10.924    
                         clock uncertainty           -0.035    10.889    
    SLICE_X34Y20         FDRE (Setup_fdre_C_D)        0.077    10.966    block/core/m1_reg[result][30]
  -------------------------------------------------------------------
                         required time                         10.966    
                         arrival time                          -9.824    
  -------------------------------------------------------------------
                         slack                                  1.142    

Slack (MET) :             1.200ns  (required time - arrival time)
  Source:                 block/core/fsel1_reg[1]/C
                            (rising edge-triggered cell FDRE clocked by clk  {rise@0.000ns fall@5.000ns period=10.000ns})
  Destination:            block/d_err1_reg/D
                            (rising edge-triggered cell FDRE clocked by clk  {rise@0.000ns fall@5.000ns period=10.000ns})
  Path Group:             clk
  Path Type:              Setup (Max at Slow Process Corner)
  Requirement:            10.000ns  (clk rise@10.000ns - clk rise@0.000ns)
  Data Path Delay:        8.700ns  (logic 2.733ns (31.415%)  route 5.967ns (68.585%))
  Logic Levels:           10  (CARRY4=5 LUT2=1 LUT4=2 LUT5=1 LUT6=1)
  Clock Path Skew:        -0.049ns (DCD - SCD + CPR)
    Destination Clock Delay (DCD):    0.924ns = ( 10.924 - 10.000 ) 
    Source Clock Delay      (SCD):    0.973ns
    Clock Pessimism Removal (CPR):    0.000ns
  Clock Uncertainty:      0.035ns  ((TSJ^2 + TIJ^2)^1/2 + DJ) / 2 + PE
    Total System Jitter     (TSJ):    0.071ns
    Total Input Jitter      (TIJ):    0.000ns
    Discrete Jitter          (DJ):    0.000ns
    Phase Error              (PE):    0.000ns

    Location             Delay type                Incr(ns)  Path(ns)    Netlist Resource(s)
  -------------------------------------------------------------------    -------------------
                         (clock clk rise edge)        0.000     0.000 r  
                                                      0.000     0.000 r  clk (IN)
                         net (fo=1052, unset)         0.973     0.973    block/core/clk
    SLICE_X31Y5          FDRE                                         r  block/core/fsel1_reg[1]/C
  -------------------------------------------------------------------    -------------------
    SLICE_X31Y5          FDRE (Prop_fdre_C_Q)         0.419     1.392 r  block/core/fsel1_reg[1]/Q
                         net (fo=32, routed)          1.259     2.651    block/core/fetch/e_rs1v_reg[0]_0[1]
    SLICE_X41Y7          LUT4 (Prop_lut4_I1_O)        0.299     2.950 r  block/core/fetch/e_rs1v[9]_i_3/O
                         net (fo=2, routed)           0.865     3.815    block/core/fetch/w_reg[result][9]
    SLICE_X41Y7          LUT5 (Prop_lut5_I4_O)        0.152     3.967 r  block/core/fetch/e_rs1v[9]_i_2/O
                         net (fo=15, routed)          0.905     4.871    block/core/fetch/a1_out[9]
    SLICE_X33Y13         LUT2 (Prop_lut2_I0_O)        0.326     5.197 r  block/core/fetch/request_registered.d_a[6]_rep_i_4/O
                         net (fo=1, routed)           0.000     5.197    block/core/fetch/request_registered.d_a[6]_rep_i_4_n_0
    SLICE_X33Y13         CARRY4 (Prop_carry4_S[1]_CO[3])
                                                      0.550     5.747 r  block/core/fetch/request_registered.d_a_reg[6]_rep_i_1/CO[3]
                         net (fo=1, routed)           0.000     5.747    block/core/fetch/request_registered.d_a_reg[6]_rep_i_1_n_0
    SLICE_X33Y14         CARRY4 (Prop_carry4_CI_CO[3])
                                                      0.114     5.861 r  block/core/fetch/request_registered.d_a_reg[10]_rep_i_1/CO[3]
                         net (fo=1, routed)           0.000     5.861    block/core/fetch/request_registered.d_a_reg[10]_rep_i_1_n_0
    SLICE_X33Y15         CARRY4 (Prop_carry4_CI_CO[3])
                                                      0.114     5.975 r  block/core/fetch/request_registered.d_a_reg[14]_rep_i_1/CO[3]
                         net (fo=1, routed)           0.000     5.975    block/core/fetch/request_registered.d_a_reg[14]_rep_i_1_n_0
    SLICE_X33Y16         CARRY4 (Prop_carry4_CI_CO[3])
                                                      0.114     6.089 r  block/core/fetch/observe_reg[23]_i_3/CO[3]
                         net (fo=1, routed)           0.000     6.089    block/core/fetch/observe_reg[23]_i_3_n_0
    SLICE_X33Y17         CARRY4 (Prop_carry4_CI_O[0])
                                                      0.222     6.311 r  block/core/fetch/observe_reg[27]_i_3/O[0]
                         net (fo=3, routed)           1.065     7.376    block/core/d_req_addr[24]
    SLICE_X30Y16         LUT4 (Prop_lut4_I1_O)        0.299     7.675 r  block/core/request_registered.d_en_i_3/O
                         net (fo=1, routed)           0.936     8.611    block/core/request_registered.d_en_i_3_n_0
    SLICE_X30Y15         LUT6 (Prop_lut6_I0_O)        0.124     8.735 r  block/core/request_registered.d_en_i_2/O
                         net (fo=2, routed)           0.937     9.673    block/core_n_102
    SLICE_X30Y4          FDRE                                         r  block/d_err1_reg/D
  -------------------------------------------------------------------    -------------------

                         (clock clk rise edge)       10.000    10.000 r  
                                                      0.000    10.000 r  clk (IN)
                         net (fo=1052, unset)         0.924    10.924    block/clk
    SLICE_X30Y4          FDRE                                         r  block/d_err1_reg/C
                         clock pessimism              0.000    10.924    
                         clock uncertainty           -0.035    10.889    
    SLICE_X30Y4          FDRE (Setup_fdre_C_D)       -0.016    10.873    block/d_err1_reg
  -------------------------------------------------------------------
                         required time                         10.873    
                         arrival time                          -9.673    
  -------------------------------------------------------------------
                         slack                                  1.200    

Slack (MET) :             1.299ns  (required time - arrival time)
  Source:                 block/core/fsel1_reg[1]/C
                            (rising edge-triggered cell FDRE clocked by clk  {rise@0.000ns fall@5.000ns period=10.000ns})
  Destination:            block/request_registered.d_en_reg/D
                            (rising edge-triggered cell FDRE clocked by clk  {rise@0.000ns fall@5.000ns period=10.000ns})
  Path Group:             clk
  Path Type:              Setup (Max at Slow Process Corner)
  Requirement:            10.000ns  (clk rise@10.000ns - clk rise@0.000ns)
  Data Path Delay:        8.698ns  (logic 2.857ns (32.846%)  route 5.841ns (67.154%))
  Logic Levels:           11  (CARRY4=5 LUT2=2 LUT4=2 LUT5=1 LUT6=1)
  Clock Path Skew:        -0.049ns (DCD - SCD + CPR)
    Destination Clock Delay (DCD):    0.924ns = ( 10.924 - 10.000 ) 
    Source Clock Delay      (SCD):    0.973ns
    Clock Pessimism Removal (CPR):    0.000ns
  Clock Uncertainty:      0.035ns  ((TSJ^2 + TIJ^2)^1/2 + DJ) / 2 + PE
    Total System Jitter     (TSJ):    0.071ns
    Total Input Jitter      (TIJ):    0.000ns
    Discrete Jitter          (DJ):    0.000ns
    Phase Error              (PE):    0.000ns

    Location             Delay type                Incr(ns)  Path(ns)    Netlist Resource(s)
  -------------------------------------------------------------------    -------------------
                         (clock clk rise edge)        0.000     0.000 r  
                                                      0.000     0.000 r  clk (IN)
                         net (fo=1052, unset)         0.973     0.973    block/core/clk
    SLICE_X31Y5          FDRE                                         r  block/core/fsel1_reg[1]/C
  -------------------------------------------------------------------    -------------------
    SLICE_X31Y5          FDRE (Prop_fdre_C_Q)         0.419     1.392 r  block/core/fsel1_reg[1]/Q
                         net (fo=32, routed)          1.259     2.651    block/core/fetch/e_rs1v_reg[0]_0[1]
    SLICE_X41Y7          LUT4 (Prop_lut4_I1_O)        0.299     2.950 r  block/core/fetch/e_rs1v[9]_i_3/O
                         net (fo=2, routed)           0.865     3.815    block/core/fetch/w_reg[result][9]
    SLICE_X41Y7          LUT5 (Prop_lut5_I4_O)        0.152     3.967 r  block/core/fetch/e_rs1v[9]_i_2/O
                         net (fo=15, routed)          0.905     4.871    block/core/fetch/a1_out[9]
    SLICE_X33Y13         LUT2 (Prop_lut2_I0_O)        0.326     5.197 r  block/core/fetch/request_registered.d_a[6]_rep_i_4/O
                         net (fo=1, routed)           0.000     5.197    block/core/fetch/request_registered.d_a[6]_rep_i_4_n_0
    SLICE_X33Y13         CARRY4 (Prop_carry4_S[1]_CO[3])
                                                      0.550     5.747 r  block/core/fetch/request_registered.d_a_reg[6]_rep_i_1/CO[3]
                         net (fo=1, routed)           0.000     5.747    block/core/fetch/request_registered.d_a_reg[6]_rep_i_1_n_0
    SLICE_X33Y14         CARRY4 (Prop_carry4_CI_CO[3])
                                                      0.114     5.861 r  block/core/fetch/request_registered.d_a_reg[10]_rep_i_1/CO[3]
                         net (fo=1, routed)           0.000     5.861    block/core/fetch/request_registered.d_a_reg[10]_rep_i_1_n_0
    SLICE_X33Y15         CARRY4 (Prop_carry4_CI_CO[3])
                                                      0.114     5.975 r  block/core/fetch/request_registered.d_a_reg[14]_rep_i_1/CO[3]
                         net (fo=1, routed)           0.000     5.975    block/core/fetch/request_registered.d_a_reg[14]_rep_i_1_n_0
    SLICE_X33Y16         CARRY4 (Prop_carry4_CI_CO[3])
                                                      0.114     6.089 r  block/core/fetch/observe_reg[23]_i_3/CO[3]
                         net (fo=1, routed)           0.000     6.089    block/core/fetch/observe_reg[23]_i_3_n_0
    SLICE_X33Y17         CARRY4 (Prop_carry4_CI_O[0])
                                                      0.222     6.311 f  block/core/fetch/observe_reg[27]_i_3/O[0]
                         net (fo=3, routed)           1.065     7.376    block/core/d_req_addr[24]
    SLICE_X30Y16         LUT4 (Prop_lut4_I1_O)        0.299     7.675 f  block/core/request_registered.d_en_i_3/O
                         net (fo=1, routed)           0.936     8.611    block/core/request_registered.d_en_i_3_n_0
    SLICE_X30Y15         LUT6 (Prop_lut6_I0_O)        0.124     8.735 f  block/core/request_registered.d_en_i_2/O
                         net (fo=2, routed)           0.812     9.547    block/core/request_registered.d_en_i_2_0
    SLICE_X30Y4          LUT2 (Prop_lut2_I1_O)        0.124     9.671 r  block/core/request_registered.d_en_i_1/O
                         net (fo=1, routed)           0.000     9.671    block/request_registered.d_en0
    SLICE_X30Y4          FDRE                                         r  block/request_registered.d_en_reg/D
  -------------------------------------------------------------------    -------------------

                         (clock clk rise edge)       10.000    10.000 r  
                                                      0.000    10.000 r  clk (IN)
                         net (fo=1052, unset)         0.924    10.924    block/clk
    SLICE_X30Y4          FDRE                                         r  block/request_registered.d_en_reg/C
                         clock pessimism              0.000    10.924    
                         clock uncertainty           -0.035    10.889    
    SLICE_X30Y4          FDRE (Setup_fdre_C_D)        0.081    10.970    block/request_registered.d_en_reg
  -------------------------------------------------------------------
                         required time                         10.970    
                         arrival time                          -9.671    
  -------------------------------------------------------------------
                         slack                                  1.299    

Slack (MET) :             1.310ns  (required time - arrival time)
  Source:                 block/core/fsel2_reg[0]/C
                            (rising edge-triggered cell FDSE clocked by clk  {rise@0.000ns fall@5.000ns period=10.000ns})
  Destination:            block/core/m1_reg[result][19]/D
                            (rising edge-triggered cell FDRE clocked by clk  {rise@0.000ns fall@5.000ns period=10.000ns})
  Path Group:             clk
  Path Type:              Setup (Max at Slow Process Corner)
  Requirement:            10.000ns  (clk rise@10.000ns - clk rise@0.000ns)
  Data Path Delay:        8.635ns  (logic 3.132ns (36.273%)  route 5.503ns (63.727%))
  Logic Levels:           10  (CARRY4=3 LUT3=2 LUT4=1 LUT5=1 LUT6=3)
  Clock Path Skew:        -0.049ns (DCD - SCD + CPR)
    Destination Clock Delay (DCD):    0.924ns = ( 10.924 - 10.000 ) 
    Source Clock Delay      (SCD):    0.973ns
    Clock Pessimism Removal (CPR):    0.000ns
  Clock Uncertainty:      0.035ns  ((TSJ^2 + TIJ^2)^1/2 + DJ) / 2 + PE
    Total System Jitter     (TSJ):    0.071ns
    Total Input Jitter      (TIJ):    0.000ns
    Discrete Jitter          (DJ):    0.000ns
    Phase Error              (PE):    0.000ns

    Location             Delay type                Incr(ns)  Path(ns)    Netlist Resource(s)
  -------------------------------------------------------------------    -------------------
                         (clock clk rise edge)        0.000     0.000 r  
                                                      0.000     0.000 r  clk (IN)
                         net (fo=1052, unset)         0.973     0.973    block/core/clk
    SLICE_X30Y5          FDSE                                         r  block/core/fsel2_reg[0]/C
  -------------------------------------------------------------------    -------------------
    SLICE_X30Y5          FDSE (Prop_fdse_C_Q)         0.478     1.451 r  block/core/fsel2_reg[0]/Q
                         net (fo=36, routed)          1.605     3.056    block/core/fetch/request_registered.d_wd_reg[0][0]
    SLICE_X39Y7          LUT5 (Prop_lut5_I0_O)        0.296     3.352 r  block/core/fetch/e_rs2v[9]_i_2/O
                         net (fo=12, routed)          0.891     4.243    block/core/b[9]
    SLICE_X39Y13         LUT3 (Prop_lut3_I1_O)        0.119     4.362 r  block/core/m1[result][9]_i_5/O
                         net (fo=6, routed)           0.747     5.109    block/core/m1[result][9]_i_5_n_0
    SLICE_X45Y12         LUT4 (Prop_lut4_I3_O)        0.332     5.441 r  block/core/m1[result][11]_i_21/O
                         net (fo=1, routed)           0.000     5.441    block/core/m1[result][11]_i_21_n_0
    SLICE_X45Y12         CARRY4 (Prop_carry4_S[1]_CO[3])
                                                      0.550     5.991 r  block/core/m1_reg[result][11]_i_17/CO[3]
                         net (fo=1, routed)           0.000     5.991    block/core/m1_reg[result][11]_i_17_n_0
    SLICE_X45Y13         CARRY4 (Prop_carry4_CI_CO[3])
                                                      0.114     6.105 r  block/core/m1_reg[result][15]_i_17/CO[3]
                         net (fo=1, routed)           0.000     6.105    block/core/m1_reg[result][15]_i_17_n_0
    SLICE_X45Y14         CARRY4 (Prop_carry4_CI_O[3])
                                                      0.313     6.418 r  block/core/m1_reg[result][19]_i_19/O[3]
                         net (fo=1, routed)           0.995     7.413    block/core/m1_reg[result][19]_i_19_n_4
    SLICE_X46Y14         LUT3 (Prop_lut3_I0_O)        0.334     7.747 r  block/core/m1[result][19]_i_13/O
                         net (fo=1, routed)           0.574     8.320    block/core/m1[result][19]_i_13_n_0
    SLICE_X42Y17         LUT6 (Prop_lut6_I5_O)        0.348     8.668 r  block/core/m1[result][19]_i_8/O
                         net (fo=1, routed)           0.288     8.957    block/core/m1[result][19]_i_8_n_0
    SLICE_X41Y17         LUT6 (Prop_lut6_I5_O)        0.124     9.081 r  block/core/m1[result][19]_i_3/O
                         net (fo=1, routed)           0.403     9.484    block/core/m1[result][19]_i_3_n_0
    SLICE_X41Y17         LUT6 (Prop_lut6_I3_O)        0.124     9.608 r  block/core/m1[result][19]_i_1/O
                         net (fo=1, routed)           0.000     9.608    block/core/e_slot[result][19]
    SLICE_X41Y17         FDRE                                         r  block/core/m1_reg[result][19]/D
  -------------------------------------------------------------------    -------------------

                         (clock clk rise edge)       10.000    10.000 r  
                                                      0.000    10.000 r  clk (IN)
                         net (fo=1052, unset)         0.924    10.924    block/core/clk
    SLICE_X41Y17         FDRE                                         r  block/core/m1_reg[result][19]/C
                         clock pessimism              0.000    10.924    
                         clock uncertainty           -0.035    10.889    
    SLICE_X41Y17         FDRE (Setup_fdre_C_D)        0.029    10.918    block/core/m1_reg[result][19]
  -------------------------------------------------------------------
                         required time                         10.918    
                         arrival time                          -9.608    
  -------------------------------------------------------------------
                         slack                                  1.310    

Slack (MET) :             1.361ns  (required time - arrival time)
  Source:                 block/core/fsel2_reg[1]/C
                            (rising edge-triggered cell FDRE clocked by clk  {rise@0.000ns fall@5.000ns period=10.000ns})
  Destination:            block/core/m1_reg[result][31]/D
                            (rising edge-triggered cell FDRE clocked by clk  {rise@0.000ns fall@5.000ns period=10.000ns})
  Path Group:             clk
  Path Type:              Setup (Max at Slow Process Corner)
  Requirement:            10.000ns  (clk rise@10.000ns - clk rise@0.000ns)
  Data Path Delay:        8.636ns  (logic 2.688ns (31.125%)  route 5.948ns (68.875%))
  Logic Levels:           8  (CARRY4=1 LUT2=1 LUT3=2 LUT4=1 LUT5=2 LUT6=1)
  Clock Path Skew:        -0.049ns (DCD - SCD + CPR)
    Destination Clock Delay (DCD):    0.924ns = ( 10.924 - 10.000 ) 
    Source Clock Delay      (SCD):    0.973ns
    Clock Pessimism Removal (CPR):    0.000ns
  Clock Uncertainty:      0.035ns  ((TSJ^2 + TIJ^2)^1/2 + DJ) / 2 + PE
    Total System Jitter     (TSJ):    0.071ns
    Total Input Jitter      (TIJ):    0.000ns
    Discrete Jitter          (DJ):    0.000ns
    Phase Error              (PE):    0.000ns

    Location             Delay type                Incr(ns)  Path(ns)    Netlist Resource(s)
  -------------------------------------------------------------------    -------------------
                         (clock clk rise edge)        0.000     0.000 r  
                                                      0.000     0.000 r  clk (IN)
                         net (fo=1052, unset)         0.973     0.973    block/core/clk
    SLICE_X30Y5          FDRE                                         r  block/core/fsel2_reg[1]/C
  -------------------------------------------------------------------    -------------------
    SLICE_X30Y5          FDRE (Prop_fdre_C_Q)         0.518     1.491 r  block/core/fsel2_reg[1]/Q
                         net (fo=32, routed)          1.807     3.298    block/core/fetch/request_registered.d_wd_reg[0][1]
    SLICE_X38Y21         LUT4 (Prop_lut4_I1_O)        0.124     3.422 r  block/core/fetch/e_rs2v[29]_i_3/O
                         net (fo=1, routed)           0.436     3.858    block/core/fetch/e_rs2v[29]_i_3_n_0
    SLICE_X38Y20         LUT5 (Prop_lut5_I4_O)        0.124     3.982 r  block/core/fetch/e_rs2v[29]_i_2/O
                         net (fo=11, routed)          1.076     5.058    block/core/b[29]
    SLICE_X36Y16         LUT3 (Prop_lut3_I1_O)        0.150     5.208 r  block/core/m1[result][29]_i_5/O
                         net (fo=8, routed)           0.639     5.847    block/core/m1[result][29]_i_5_n_0
    SLICE_X45Y17         LUT2 (Prop_lut2_I1_O)        0.348     6.195 r  block/core/m1[result][31]_i_27/O
                         net (fo=1, routed)           0.000     6.195    block/core/m1[result][31]_i_27_n_0
    SLICE_X45Y17         CARRY4 (Prop_carry4_S[1]_O[3])
                                                      0.640     6.835 r  block/core/m1_reg[result][31]_i_14/O[3]
                         net (fo=1, routed)           0.802     7.637    block/core/m1_reg[result][31]_i_14_n_4
    SLICE_X45Y18         LUT3 (Prop_lut3_I0_O)        0.334     7.971 r  block/core/m1[result][31]_i_8/O
                         net (fo=1, routed)           0.490     8.461    block/core/m1[result][31]_i_8_n_0
    SLICE_X45Y20         LUT5 (Prop_lut5_I4_O)        0.326     8.787 r  block/core/m1[result][31]_i_3/O
                         net (fo=1, routed)           0.698     9.485    block/core/m1[result][31]_i_3_n_0
    SLICE_X34Y20         LUT6 (Prop_lut6_I3_O)        0.124     9.609 r  block/core/m1[result][31]_i_1/O
                         net (fo=1, routed)           0.000     9.609    block/core/e_slot[result][31]
    SLICE_X34Y20         FDRE                                         r  block/core/m1_reg[result][31]/D
  -------------------------------------------------------------------    -------------------

                         (clock clk rise edge)       10.000    10.000 r  
                                                      0.000    10.000 r  clk (IN)
                         net (fo=1052, unset)         0.924    10.924    block/core/clk
    SLICE_X34Y20         FDRE                                         r  block/core/m1_reg[result][31]/C
                         clock pessimism              0.000    10.924    
                         clock uncertainty           -0.035    10.889    
    SLICE_X34Y20         FDRE (Setup_fdre_C_D)        0.081    10.970    block/core/m1_reg[result][31]
  -------------------------------------------------------------------
                         required time                         10.970    
                         arrival time                          -9.609    
  -------------------------------------------------------------------
                         slack                                  1.361    

Slack (MET) :             1.444ns  (required time - arrival time)
  Source:                 block/request_registered.ram_reg_1_0_7/CLKARDCLK
                            (rising edge-triggered cell RAMB36E1 clocked by clk  {rise@0.000ns fall@5.000ns period=10.000ns})
  Destination:            block/core/w_reg[result][29]/D
                            (rising edge-triggered cell FDRE clocked by clk  {rise@0.000ns fall@5.000ns period=10.000ns})
  Path Group:             clk
  Path Type:              Setup (Max at Slow Process Corner)
  Requirement:            10.000ns  (clk rise@10.000ns - clk rise@0.000ns)
  Data Path Delay:        8.553ns  (logic 3.310ns (38.702%)  route 5.243ns (61.298%))
  Logic Levels:           5  (LUT3=1 LUT4=1 LUT6=3)
  Clock Path Skew:        -0.049ns (DCD - SCD + CPR)
    Destination Clock Delay (DCD):    0.924ns = ( 10.924 - 10.000 ) 
    Source Clock Delay      (SCD):    0.973ns
    Clock Pessimism Removal (CPR):    0.000ns
  Clock Uncertainty:      0.035ns  ((TSJ^2 + TIJ^2)^1/2 + DJ) / 2 + PE
    Total System Jitter     (TSJ):    0.071ns
    Total Input Jitter      (TIJ):    0.000ns
    Discrete Jitter          (DJ):    0.000ns
    Phase Error              (PE):    0.000ns

    Location             Delay type                Incr(ns)  Path(ns)    Netlist Resource(s)
  -------------------------------------------------------------------    -------------------
                         (clock clk rise edge)        0.000     0.000 r  
                                                      0.000     0.000 r  clk (IN)
                         net (fo=1052, unset)         0.973     0.973    block/clk
    RAMB36_X2Y5          RAMB36E1                                     r  block/request_registered.ram_reg_1_0_7/CLKARDCLK
  -------------------------------------------------------------------    -------------------
    RAMB36_X2Y5          RAMB36E1 (Prop_ramb36e1_CLKARDCLK_DOADO[0])
                                                      2.454     3.427 r  block/request_registered.ram_reg_1_0_7/DOADO[0]
                         net (fo=4, routed)           1.810     5.237    block/core/m1_reg[rdata][15]_0[0]
    SLICE_X14Y15         LUT3 (Prop_lut3_I0_O)        0.124     5.361 r  block/core/m1[rdata][15]_i_1/O
                         net (fo=3, routed)           0.467     5.828    block/core/d_q2[15]
    SLICE_X14Y13         LUT6 (Prop_lut6_I3_O)        0.124     5.952 r  block/core/w[result][15]_i_4/O
                         net (fo=2, routed)           1.085     7.037    block/core/w[result][15]_i_4_n_0
    SLICE_X29Y8          LUT6 (Prop_lut6_I5_O)        0.124     7.161 r  block/core/w[result][15]_i_2/O
                         net (fo=2, routed)           0.830     7.991    block/core/w[result][15]_i_2_n_0
    SLICE_X34Y8          LUT4 (Prop_lut4_I3_O)        0.153     8.144 r  block/core/w[result][31]_i_4/O
                         net (fo=16, routed)          1.050     9.195    block/core/w[result][31]_i_4_n_0
    SLICE_X36Y22         LUT6 (Prop_lut6_I3_O)        0.331     9.526 r  block/core/w[result][29]_i_1/O
                         net (fo=1, routed)           0.000     9.526    block/core/w[result][29]_i_1_n_0
    SLICE_X36Y22         FDRE                                         r  block/core/w_reg[result][29]/D
  -------------------------------------------------------------------    -------------------

                         (clock clk rise edge)       10.000    10.000 r  
                                                      0.000    10.000 r  clk (IN)
                         net (fo=1052, unset)         0.924    10.924    block/core/clk
    SLICE_X36Y22         FDRE                                         r  block/core/w_reg[result][29]/C
                         clock pessimism              0.000    10.924    
                         clock uncertainty           -0.035    10.889    
    SLICE_X36Y22         FDRE (Setup_fdre_C_D)        0.081    10.970    block/core/w_reg[result][29]
  -------------------------------------------------------------------
                         required time                         10.970    
                         arrival time                          -9.526    
  -------------------------------------------------------------------
                         slack                                  1.444    

Slack (MET) :             1.448ns  (required time - arrival time)
  Source:                 block/core/fsel2_reg[0]/C
                            (rising edge-triggered cell FDSE clocked by clk  {rise@0.000ns fall@5.000ns period=10.000ns})
  Destination:            block/core/m1_reg[result][26]/D
                            (rising edge-triggered cell FDRE clocked by clk  {rise@0.000ns fall@5.000ns period=10.000ns})
  Path Group:             clk
  Path Type:              Setup (Max at Slow Process Corner)
  Requirement:            10.000ns  (clk rise@10.000ns - clk rise@0.000ns)
  Data Path Delay:        8.499ns  (logic 3.030ns (35.649%)  route 5.469ns (64.351%))
  Logic Levels:           12  (CARRY4=5 LUT3=2 LUT4=1 LUT5=1 LUT6=3)
  Clock Path Skew:        -0.049ns (DCD - SCD + CPR)
    Destination Clock Delay (DCD):    0.924ns = ( 10.924 - 10.000 ) 
    Source Clock Delay      (SCD):    0.973ns
    Clock Pessimism Removal (CPR):    0.000ns
  Clock Uncertainty:      0.035ns  ((TSJ^2 + TIJ^2)^1/2 + DJ) / 2 + PE
    Total System Jitter     (TSJ):    0.071ns
    Total Input Jitter      (TIJ):    0.000ns
    Discrete Jitter          (DJ):    0.000ns
    Phase Error              (PE):    0.000ns

    Location             Delay type                Incr(ns)  Path(ns)    Netlist Resource(s)
  -------------------------------------------------------------------    -------------------
                         (clock clk rise edge)        0.000     0.000 r  
                                                      0.000     0.000 r  clk (IN)
                         net (fo=1052, unset)         0.973     0.973    block/core/clk
    SLICE_X30Y5          FDSE                                         r  block/core/fsel2_reg[0]/C
  -------------------------------------------------------------------    -------------------
    SLICE_X30Y5          FDSE (Prop_fdse_C_Q)         0.478     1.451 r  block/core/fsel2_reg[0]/Q
                         net (fo=36, routed)          1.605     3.056    block/core/fetch/request_registered.d_wd_reg[0][0]
    SLICE_X39Y7          LUT5 (Prop_lut5_I0_O)        0.296     3.352 r  block/core/fetch/e_rs2v[9]_i_2/O
                         net (fo=12, routed)          0.891     4.243    block/core/b[9]
    SLICE_X39Y13         LUT3 (Prop_lut3_I1_O)        0.119     4.362 r  block/core/m1[result][9]_i_5/O
                         net (fo=6, routed)           0.747     5.109    block/core/m1[result][9]_i_5_n_0
    SLICE_X45Y12         LUT4 (Prop_lut4_I3_O)        0.332     5.441 r  block/core/m1[result][11]_i_21/O
                         net (fo=1, routed)           0.000     5.441    block/core/m1[result][11]_i_21_n_0
    SLICE_X45Y12         CARRY4 (Prop_carry4_S[1]_CO[3])
                                                      0.550     5.991 r  block/core/m1_reg[result][11]_i_17/CO[3]
                         net (fo=1, routed)           0.000     5.991    block/core/m1_reg[result][11]_i_17_n_0
    SLICE_X45Y13         CARRY4 (Prop_carry4_CI_CO[3])
                                                      0.114     6.105 r  block/core/m1_reg[result][15]_i_17/CO[3]
                         net (fo=1, routed)           0.000     6.105    block/core/m1_reg[result][15]_i_17_n_0
    SLICE_X45Y14         CARRY4 (Prop_carry4_CI_CO[3])
                                                      0.114     6.219 r  block/core/m1_reg[result][19]_i_19/CO[3]
                         net (fo=1, routed)           0.000     6.219    block/core/m1_reg[result][19]_i_19_n_0
    SLICE_X45Y15         CARRY4 (Prop_carry4_CI_CO[3])
                                                      0.114     6.333 r  block/core/m1_reg[result][23]_i_17/CO[3]
                         net (fo=1, routed)           0.000     6.333    block/core/m1_reg[result][23]_i_17_n_0
    SLICE_X45Y16         CARRY4 (Prop_carry4_CI_O[2])
                                                      0.239     6.572 r  block/core/m1_reg[result][31]_i_24/O[2]
                         net (fo=1, routed)           0.794     7.366    block/core/m1_reg[result][31]_i_24_n_5
    SLICE_X46Y16         LUT3 (Prop_lut3_I0_O)        0.302     7.668 r  block/core/m1[result][26]_i_13/O
                         net (fo=1, routed)           0.613     8.281    block/core/m1[result][26]_i_13_n_0
    SLICE_X42Y19         LUT6 (Prop_lut6_I5_O)        0.124     8.405 r  block/core/m1[result][26]_i_8/O
                         net (fo=1, routed)           0.412     8.817    block/core/m1[result][26]_i_8_n_0
    SLICE_X41Y20         LUT6 (Prop_lut6_I5_O)        0.124     8.941 r  block/core/m1[result][26]_i_3/O
                         net (fo=1, routed)           0.407     9.348    block/core/m1[result][26]_i_3_n_0
    SLICE_X41Y20         LUT6 (Prop_lut6_I3_O)        0.124     9.472 r  block/core/m1[result][26]_i_1/O
                         net (fo=1, routed)           0.000     9.472    block/core/e_slot[result][26]
    SLICE_X41Y20         FDRE                                         r  block/core/m1_reg[result][26]/D
  -------------------------------------------------------------------    -------------------

                         (clock clk rise edge)       10.000    10.000 r  
                                                      0.000    10.000 r  clk (IN)
                         net (fo=1052, unset)         0.924    10.924    block/core/clk
    SLICE_X41Y20         FDRE                                         r  block/core/m1_reg[result][26]/C
                         clock pessimism              0.000    10.924    
                         clock uncertainty           -0.035    10.889    
    SLICE_X41Y20         FDRE (Setup_fdre_C_D)        0.031    10.920    block/core/m1_reg[result][26]
  -------------------------------------------------------------------
                         required time                         10.920    
                         arrival time                          -9.472    
  -------------------------------------------------------------------
                         slack                                  1.448    





Min Delay Paths
--------------------------------------------------------------------------------------
Slack (MET) :             0.098ns  (arrival time - required time)
  Source:                 block/core/m1_reg[rdata][30]/C
                            (rising edge-triggered cell FDRE clocked by clk  {rise@0.000ns fall@5.000ns period=10.000ns})
  Destination:            block/core/m2_reg[rdata][30]/D
                            (rising edge-triggered cell FDRE clocked by clk  {rise@0.000ns fall@5.000ns period=10.000ns})
  Path Group:             clk
  Path Type:              Hold (Min at Fast Process Corner)
  Requirement:            0.000ns  (clk rise@0.000ns - clk rise@0.000ns)
  Data Path Delay:        0.240ns  (logic 0.186ns (77.466%)  route 0.054ns (22.534%))
  Logic Levels:           1  (LUT6=1)
  Clock Path Skew:        0.022ns (DCD - SCD - CPR)
    Destination Clock Delay (DCD):    0.432ns
    Source Clock Delay      (SCD):    0.410ns
    Clock Pessimism Removal (CPR):    -0.000ns

    Location             Delay type                Incr(ns)  Path(ns)    Netlist Resource(s)
  -------------------------------------------------------------------    -------------------
                         (clock clk rise edge)        0.000     0.000 r  
                                                      0.000     0.000 r  clk (IN)
                         net (fo=1052, unset)         0.410     0.410    block/core/clk
    SLICE_X15Y15         FDRE                                         r  block/core/m1_reg[rdata][30]/C
  -------------------------------------------------------------------    -------------------
    SLICE_X15Y15         FDRE (Prop_fdre_C_Q)         0.141     0.551 r  block/core/m1_reg[rdata][30]/Q
                         net (fo=1, routed)           0.054     0.605    block/core/m1_reg[rdata][30]
    SLICE_X14Y15         LUT6 (Prop_lut6_I2_O)        0.045     0.650 r  block/core/m2[rdata][30]_i_1/O
                         net (fo=1, routed)           0.000     0.650    block/core/m2[rdata][30]_i_1_n_0
    SLICE_X14Y15         FDRE                                         r  block/core/m2_reg[rdata][30]/D
  -------------------------------------------------------------------    -------------------

                         (clock clk rise edge)        0.000     0.000 r  
                                                      0.000     0.000 r  clk (IN)
                         net (fo=1052, unset)         0.432     0.432    block/core/clk
    SLICE_X14Y15         FDRE                                         r  block/core/m2_reg[rdata][30]/C
                         clock pessimism              0.000     0.432    
    SLICE_X14Y15         FDRE (Hold_fdre_C_D)         0.121     0.553    block/core/m2_reg[rdata][30]
  -------------------------------------------------------------------
                         required time                         -0.553    
                         arrival time                           0.650    
  -------------------------------------------------------------------
                         slack                                  0.098    

Slack (MET) :             0.104ns  (arrival time - required time)
  Source:                 block/request_registered.d_a_reg[12]_rep/C
                            (rising edge-triggered cell FDRE clocked by clk  {rise@0.000ns fall@5.000ns period=10.000ns})
  Destination:            block/request_registered.ram_reg_0_0_7/ADDRARDADDR[12]
                            (rising edge-triggered cell RAMB36E1 clocked by clk  {rise@0.000ns fall@5.000ns period=10.000ns})
  Path Group:             clk
  Path Type:              Hold (Min at Fast Process Corner)
  Requirement:            0.000ns  (clk rise@0.000ns - clk rise@0.000ns)
  Data Path Delay:        0.308ns  (logic 0.141ns (45.725%)  route 0.167ns (54.275%))
  Logic Levels:           0  
  Clock Path Skew:        0.022ns (DCD - SCD - CPR)
    Destination Clock Delay (DCD):    0.432ns
    Source Clock Delay      (SCD):    0.410ns
    Clock Pessimism Removal (CPR):    -0.000ns

    Location             Delay type                Incr(ns)  Path(ns)    Netlist Resource(s)
  -------------------------------------------------------------------    -------------------
                         (clock clk rise edge)        0.000     0.000 r  
                                                      0.000     0.000 r  clk (IN)
                         net (fo=1052, unset)         0.410     0.410    block/clk
    SLICE_X33Y14         FDRE                                         r  block/request_registered.d_a_reg[12]_rep/C
  -------------------------------------------------------------------    -------------------
    SLICE_X33Y14         FDRE (Prop_fdre_C_Q)         0.141     0.551 r  block/request_registered.d_a_reg[12]_rep/Q
                         net (fo=10, routed)          0.167     0.719    block/request_registered.d_a_reg[12]_rep_n_0
    RAMB36_X2Y2          RAMB36E1                                     r  block/request_registered.ram_reg_0_0_7/ADDRARDADDR[12]
  -------------------------------------------------------------------    -------------------

                         (clock clk rise edge)        0.000     0.000 r  
                                                      0.000     0.000 r  clk (IN)
                         net (fo=1052, unset)         0.432     0.432    block/clk
    RAMB36_X2Y2          RAMB36E1                                     r  block/request_registered.ram_reg_0_0_7/CLKARDCLK
                         clock pessimism              0.000     0.432    
    RAMB36_X2Y2          RAMB36E1 (Hold_ramb36e1_CLKARDCLK_ADDRARDADDR[12])
                                                      0.183     0.615    block/request_registered.ram_reg_0_0_7
  -------------------------------------------------------------------
                         required time                         -0.615    
                         arrival time                           0.719    
  -------------------------------------------------------------------
                         slack                                  0.104    

Slack (MET) :             0.105ns  (arrival time - required time)
  Source:                 block/request_registered.d_a_reg[3]_rep/C
                            (rising edge-triggered cell FDRE clocked by clk  {rise@0.000ns fall@5.000ns period=10.000ns})
  Destination:            block/request_registered.ram_reg_0_0_7/ADDRARDADDR[3]
                            (rising edge-triggered cell RAMB36E1 clocked by clk  {rise@0.000ns fall@5.000ns period=10.000ns})
  Path Group:             clk
  Path Type:              Hold (Min at Fast Process Corner)
  Requirement:            0.000ns  (clk rise@0.000ns - clk rise@0.000ns)
  Data Path Delay:        0.309ns  (logic 0.141ns (45.592%)  route 0.168ns (54.408%))
  Logic Levels:           0  
  Clock Path Skew:        0.022ns (DCD - SCD - CPR)
    Destination Clock Delay (DCD):    0.432ns
    Source Clock Delay      (SCD):    0.410ns
    Clock Pessimism Removal (CPR):    -0.000ns

    Location             Delay type                Incr(ns)  Path(ns)    Netlist Resource(s)
  -------------------------------------------------------------------    -------------------
                         (clock clk rise edge)        0.000     0.000 r  
                                                      0.000     0.000 r  clk (IN)
                         net (fo=1052, unset)         0.410     0.410    block/clk
    SLICE_X33Y12         FDRE                                         r  block/request_registered.d_a_reg[3]_rep/C
  -------------------------------------------------------------------    -------------------
    SLICE_X33Y12         FDRE (Prop_fdre_C_Q)         0.141     0.551 r  block/request_registered.d_a_reg[3]_rep/Q
                         net (fo=10, routed)          0.168     0.719    block/request_registered.d_a_reg[3]_rep_n_0
    RAMB36_X2Y2          RAMB36E1                                     r  block/request_registered.ram_reg_0_0_7/ADDRARDADDR[3]
  -------------------------------------------------------------------    -------------------

                         (clock clk rise edge)        0.000     0.000 r  
                                                      0.000     0.000 r  clk (IN)
                         net (fo=1052, unset)         0.432     0.432    block/clk
    RAMB36_X2Y2          RAMB36E1                                     r  block/request_registered.ram_reg_0_0_7/CLKARDCLK
                         clock pessimism              0.000     0.432    
    RAMB36_X2Y2          RAMB36E1 (Hold_ramb36e1_CLKARDCLK_ADDRARDADDR[3])
                                                      0.183     0.615    block/request_registered.ram_reg_0_0_7
  -------------------------------------------------------------------
                         required time                         -0.615    
                         arrival time                           0.719    
  -------------------------------------------------------------------
                         slack                                  0.105    

Slack (MET) :             0.106ns  (arrival time - required time)
  Source:                 block/request_registered.d_a_reg[4]_rep/C
                            (rising edge-triggered cell FDRE clocked by clk  {rise@0.000ns fall@5.000ns period=10.000ns})
  Destination:            block/request_registered.ram_reg_0_0_7/ADDRARDADDR[4]
                            (rising edge-triggered cell RAMB36E1 clocked by clk  {rise@0.000ns fall@5.000ns period=10.000ns})
  Path Group:             clk
  Path Type:              Hold (Min at Fast Process Corner)
  Requirement:            0.000ns  (clk rise@0.000ns - clk rise@0.000ns)
  Data Path Delay:        0.311ns  (logic 0.141ns (45.386%)  route 0.170ns (54.614%))
  Logic Levels:           0  
  Clock Path Skew:        0.022ns (DCD - SCD - CPR)
    Destination Clock Delay (DCD):    0.432ns
    Source Clock Delay      (SCD):    0.410ns
    Clock Pessimism Removal (CPR):    -0.000ns

    Location             Delay type                Incr(ns)  Path(ns)    Netlist Resource(s)
  -------------------------------------------------------------------    -------------------
                         (clock clk rise edge)        0.000     0.000 r  
                                                      0.000     0.000 r  clk (IN)
                         net (fo=1052, unset)         0.410     0.410    block/clk
    SLICE_X33Y12         FDRE                                         r  block/request_registered.d_a_reg[4]_rep/C
  -------------------------------------------------------------------    -------------------
    SLICE_X33Y12         FDRE (Prop_fdre_C_Q)         0.141     0.551 r  block/request_registered.d_a_reg[4]_rep/Q
                         net (fo=10, routed)          0.170     0.721    block/request_registered.d_a_reg[4]_rep_n_0
    RAMB36_X2Y2          RAMB36E1                                     r  block/request_registered.ram_reg_0_0_7/ADDRARDADDR[4]
  -------------------------------------------------------------------    -------------------

                         (clock clk rise edge)        0.000     0.000 r  
                                                      0.000     0.000 r  clk (IN)
                         net (fo=1052, unset)         0.432     0.432    block/clk
    RAMB36_X2Y2          RAMB36E1                                     r  block/request_registered.ram_reg_0_0_7/CLKARDCLK
                         clock pessimism              0.000     0.432    
    RAMB36_X2Y2          RAMB36E1 (Hold_ramb36e1_CLKARDCLK_ADDRARDADDR[4])
                                                      0.183     0.615    block/request_registered.ram_reg_0_0_7
  -------------------------------------------------------------------
                         required time                         -0.615    
                         arrival time                           0.721    
  -------------------------------------------------------------------
                         slack                                  0.106    

Slack (MET) :             0.107ns  (arrival time - required time)
  Source:                 block/request_registered.d_a_reg[6]_rep/C
                            (rising edge-triggered cell FDRE clocked by clk  {rise@0.000ns fall@5.000ns period=10.000ns})
  Destination:            block/request_registered.ram_reg_0_0_7/ADDRARDADDR[6]
                            (rising edge-triggered cell RAMB36E1 clocked by clk  {rise@0.000ns fall@5.000ns period=10.000ns})
  Path Group:             clk
  Path Type:              Hold (Min at Fast Process Corner)
  Requirement:            0.000ns  (clk rise@0.000ns - clk rise@0.000ns)
  Data Path Delay:        0.311ns  (logic 0.141ns (45.301%)  route 0.170ns (54.699%))
  Logic Levels:           0  
  Clock Path Skew:        0.022ns (DCD - SCD - CPR)
    Destination Clock Delay (DCD):    0.432ns
    Source Clock Delay      (SCD):    0.410ns
    Clock Pessimism Removal (CPR):    -0.000ns

    Location             Delay type                Incr(ns)  Path(ns)    Netlist Resource(s)
  -------------------------------------------------------------------    -------------------
                         (clock clk rise edge)        0.000     0.000 r  
                                                      0.000     0.000 r  clk (IN)
                         net (fo=1052, unset)         0.410     0.410    block/clk
    SLICE_X33Y13         FDRE                                         r  block/request_registered.d_a_reg[6]_rep/C
  -------------------------------------------------------------------    -------------------
    SLICE_X33Y13         FDRE (Prop_fdre_C_Q)         0.141     0.551 r  block/request_registered.d_a_reg[6]_rep/Q
                         net (fo=10, routed)          0.170     0.721    block/request_registered.d_a_reg[6]_rep_n_0
    RAMB36_X2Y2          RAMB36E1                                     r  block/request_registered.ram_reg_0_0_7/ADDRARDADDR[6]
  -------------------------------------------------------------------    -------------------

                         (clock clk rise edge)        0.000     0.000 r  
                                                      0.000     0.000 r  clk (IN)
                         net (fo=1052, unset)         0.432     0.432    block/clk
    RAMB36_X2Y2          RAMB36E1                                     r  block/request_registered.ram_reg_0_0_7/CLKARDCLK
                         clock pessimism              0.000     0.432    
    RAMB36_X2Y2          RAMB36E1 (Hold_ramb36e1_CLKARDCLK_ADDRARDADDR[6])
                                                      0.183     0.615    block/request_registered.ram_reg_0_0_7
  -------------------------------------------------------------------
                         required time                         -0.615    
                         arrival time                           0.721    
  -------------------------------------------------------------------
                         slack                                  0.107    

Slack (MET) :             0.107ns  (arrival time - required time)
  Source:                 block/request_registered.d_a_reg[7]_rep/C
                            (rising edge-triggered cell FDRE clocked by clk  {rise@0.000ns fall@5.000ns period=10.000ns})
  Destination:            block/request_registered.ram_reg_0_0_7/ADDRARDADDR[7]
                            (rising edge-triggered cell RAMB36E1 clocked by clk  {rise@0.000ns fall@5.000ns period=10.000ns})
  Path Group:             clk
  Path Type:              Hold (Min at Fast Process Corner)
  Requirement:            0.000ns  (clk rise@0.000ns - clk rise@0.000ns)
  Data Path Delay:        0.311ns  (logic 0.141ns (45.301%)  route 0.170ns (54.699%))
  Logic Levels:           0  
  Clock Path Skew:        0.022ns (DCD - SCD - CPR)
    Destination Clock Delay (DCD):    0.432ns
    Source Clock Delay      (SCD):    0.410ns
    Clock Pessimism Removal (CPR):    -0.000ns

    Location             Delay type                Incr(ns)  Path(ns)    Netlist Resource(s)
  -------------------------------------------------------------------    -------------------
                         (clock clk rise edge)        0.000     0.000 r  
                                                      0.000     0.000 r  clk (IN)
                         net (fo=1052, unset)         0.410     0.410    block/clk
    SLICE_X33Y13         FDRE                                         r  block/request_registered.d_a_reg[7]_rep/C
  -------------------------------------------------------------------    -------------------
    SLICE_X33Y13         FDRE (Prop_fdre_C_Q)         0.141     0.551 r  block/request_registered.d_a_reg[7]_rep/Q
                         net (fo=10, routed)          0.170     0.721    block/request_registered.d_a_reg[7]_rep_n_0
    RAMB36_X2Y2          RAMB36E1                                     r  block/request_registered.ram_reg_0_0_7/ADDRARDADDR[7]
  -------------------------------------------------------------------    -------------------

                         (clock clk rise edge)        0.000     0.000 r  
                                                      0.000     0.000 r  clk (IN)
                         net (fo=1052, unset)         0.432     0.432    block/clk
    RAMB36_X2Y2          RAMB36E1                                     r  block/request_registered.ram_reg_0_0_7/CLKARDCLK
                         clock pessimism              0.000     0.432    
    RAMB36_X2Y2          RAMB36E1 (Hold_ramb36e1_CLKARDCLK_ADDRARDADDR[7])
                                                      0.183     0.615    block/request_registered.ram_reg_0_0_7
  -------------------------------------------------------------------
                         required time                         -0.615    
                         arrival time                           0.721    
  -------------------------------------------------------------------
                         slack                                  0.107    

Slack (MET) :             0.114ns  (arrival time - required time)
  Source:                 block/core/w_reg[result][20]/C
                            (rising edge-triggered cell FDRE clocked by clk  {rise@0.000ns fall@5.000ns period=10.000ns})
  Destination:            block/core/rf_reg_r1_0_31_18_23/RAMB/I
                            (rising edge-triggered cell RAMD32 clocked by clk  {rise@0.000ns fall@5.000ns period=10.000ns})
  Path Group:             clk
  Path Type:              Hold (Min at Fast Process Corner)
  Requirement:            0.000ns  (clk rise@0.000ns - clk rise@0.000ns)
  Data Path Delay:        0.281ns  (logic 0.141ns (50.089%)  route 0.140ns (49.911%))
  Logic Levels:           0  
  Clock Path Skew:        0.022ns (DCD - SCD - CPR)
    Destination Clock Delay (DCD):    0.432ns
    Source Clock Delay      (SCD):    0.410ns
    Clock Pessimism Removal (CPR):    -0.000ns

    Location             Delay type                Incr(ns)  Path(ns)    Netlist Resource(s)
  -------------------------------------------------------------------    -------------------
                         (clock clk rise edge)        0.000     0.000 r  
                                                      0.000     0.000 r  clk (IN)
                         net (fo=1052, unset)         0.410     0.410    block/core/clk
    SLICE_X37Y18         FDRE                                         r  block/core/w_reg[result][20]/C
  -------------------------------------------------------------------    -------------------
    SLICE_X37Y18         FDRE (Prop_fdre_C_Q)         0.141     0.551 r  block/core/w_reg[result][20]/Q
                         net (fo=6, routed)           0.140     0.692    block/core/rf_reg_r1_0_31_18_23/DIB0
    SLICE_X36Y18         RAMD32                                       r  block/core/rf_reg_r1_0_31_18_23/RAMB/I
  -------------------------------------------------------------------    -------------------

                         (clock clk rise edge)        0.000     0.000 r  
                                                      0.000     0.000 r  clk (IN)
                         net (fo=1052, unset)         0.432     0.432    block/core/rf_reg_r1_0_31_18_23/WCLK
    SLICE_X36Y18         RAMD32                                       r  block/core/rf_reg_r1_0_31_18_23/RAMB/CLK
                         clock pessimism              0.000     0.432    
    SLICE_X36Y18         RAMD32 (Hold_ramd32_CLK_I)
                                                      0.146     0.578    block/core/rf_reg_r1_0_31_18_23/RAMB
  -------------------------------------------------------------------
                         required time                         -0.578    
                         arrival time                           0.692    
  -------------------------------------------------------------------
                         slack                                  0.114    

Slack (MET) :             0.122ns  (arrival time - required time)
  Source:                 block/core/m1_reg[addr][0]/C
                            (rising edge-triggered cell FDRE clocked by clk  {rise@0.000ns fall@5.000ns period=10.000ns})
  Destination:            block/core/m2_reg[addr][0]/D
                            (rising edge-triggered cell FDRE clocked by clk  {rise@0.000ns fall@5.000ns period=10.000ns})
  Path Group:             clk
  Path Type:              Hold (Min at Fast Process Corner)
  Requirement:            0.000ns  (clk rise@0.000ns - clk rise@0.000ns)
  Data Path Delay:        0.228ns  (logic 0.141ns (61.814%)  route 0.087ns (38.186%))
  Logic Levels:           0  
  Clock Path Skew:        0.022ns (DCD - SCD - CPR)
    Destination Clock Delay (DCD):    0.432ns
    Source Clock Delay      (SCD):    0.410ns
    Clock Pessimism Removal (CPR):    -0.000ns

    Location             Delay type                Incr(ns)  Path(ns)    Netlist Resource(s)
  -------------------------------------------------------------------    -------------------
                         (clock clk rise edge)        0.000     0.000 r  
                                                      0.000     0.000 r  clk (IN)
                         net (fo=1052, unset)         0.410     0.410    block/core/clk
    SLICE_X33Y11         FDRE                                         r  block/core/m1_reg[addr][0]/C
  -------------------------------------------------------------------    -------------------
    SLICE_X33Y11         FDRE (Prop_fdre_C_Q)         0.141     0.551 r  block/core/m1_reg[addr][0]/Q
                         net (fo=1, routed)           0.087     0.638    block/core/m1_reg[addr][0]
    SLICE_X32Y11         FDRE                                         r  block/core/m2_reg[addr][0]/D
  -------------------------------------------------------------------    -------------------

                         (clock clk rise edge)        0.000     0.000 r  
                                                      0.000     0.000 r  clk (IN)
                         net (fo=1052, unset)         0.432     0.432    block/core/clk
    SLICE_X32Y11         FDRE                                         r  block/core/m2_reg[addr][0]/C
                         clock pessimism              0.000     0.432    
    SLICE_X32Y11         FDRE (Hold_fdre_C_D)         0.085     0.517    block/core/m2_reg[addr][0]
  -------------------------------------------------------------------
                         required time                         -0.517    
                         arrival time                           0.638    
  -------------------------------------------------------------------
                         slack                                  0.122    

Slack (MET) :             0.133ns  (arrival time - required time)
  Source:                 observe_reg[27]_i_2/C
                            (rising edge-triggered cell FDRE clocked by clk  {rise@0.000ns fall@5.000ns period=10.000ns})
  Destination:            block/observe_reg[27]/D
                            (rising edge-triggered cell FDRE clocked by clk  {rise@0.000ns fall@5.000ns period=10.000ns})
  Path Group:             clk
  Path Type:              Hold (Min at Fast Process Corner)
  Requirement:            0.000ns  (clk rise@0.000ns - clk rise@0.000ns)
  Data Path Delay:        0.287ns  (logic 0.189ns (65.806%)  route 0.098ns (34.194%))
  Logic Levels:           1  (LUT5=1)
  Clock Path Skew:        0.022ns (DCD - SCD - CPR)
    Destination Clock Delay (DCD):    0.432ns
    Source Clock Delay      (SCD):    0.410ns
    Clock Pessimism Removal (CPR):    -0.000ns

    Location             Delay type                Incr(ns)  Path(ns)    Netlist Resource(s)
  -------------------------------------------------------------------    -------------------
                         (clock clk rise edge)        0.000     0.000 r  
                                                      0.000     0.000 r  clk (IN)
                         net (fo=1052, unset)         0.410     0.410    clk
    SLICE_X27Y17         FDRE                                         r  observe_reg[27]_i_2/C
  -------------------------------------------------------------------    -------------------
    SLICE_X27Y17         FDRE (Prop_fdre_C_Q)         0.141     0.551 r  observe_reg[27]_i_2/Q
                         net (fo=3, routed)           0.098     0.649    block/core/m1_reg[rdata][27]_1
    SLICE_X26Y17         LUT5 (Prop_lut5_I3_O)        0.048     0.697 r  block/core/observe[27]_i_1/O
                         net (fo=1, routed)           0.000     0.697    block/core_n_74
    SLICE_X26Y17         FDRE                                         r  block/observe_reg[27]/D
  -------------------------------------------------------------------    -------------------

                         (clock clk rise edge)        0.000     0.000 r  
                                                      0.000     0.000 r  clk (IN)
                         net (fo=1052, unset)         0.432     0.432    block/clk
    SLICE_X26Y17         FDRE                                         r  block/observe_reg[27]/C
                         clock pessimism              0.000     0.432    
    SLICE_X26Y17         FDRE (Hold_fdre_C_D)         0.133     0.565    block/observe_reg[27]
  -------------------------------------------------------------------
                         required time                         -0.565    
                         arrival time                           0.697    
  -------------------------------------------------------------------
                         slack                                  0.133    

Slack (MET) :             0.140ns  (arrival time - required time)
  Source:                 block/core/w_reg[result][21]/C
                            (rising edge-triggered cell FDRE clocked by clk  {rise@0.000ns fall@5.000ns period=10.000ns})
  Destination:            block/core/rf_reg_r2_0_31_18_23/RAMB_D1/I
                            (rising edge-triggered cell RAMD32 clocked by clk  {rise@0.000ns fall@5.000ns period=10.000ns})
  Path Group:             clk
  Path Type:              Hold (Min at Fast Process Corner)
  Requirement:            0.000ns  (clk rise@0.000ns - clk rise@0.000ns)
  Data Path Delay:        0.285ns  (logic 0.141ns (49.437%)  route 0.144ns (50.563%))
  Logic Levels:           0  
  Clock Path Skew:        0.022ns (DCD - SCD - CPR)
    Destination Clock Delay (DCD):    0.432ns
    Source Clock Delay      (SCD):    0.410ns
    Clock Pessimism Removal (CPR):    -0.000ns

    Location             Delay type                Incr(ns)  Path(ns)    Netlist Resource(s)
  -------------------------------------------------------------------    -------------------
                         (clock clk rise edge)        0.000     0.000 r  
                                                      0.000     0.000 r  clk (IN)
                         net (fo=1052, unset)         0.410     0.410    block/core/clk
    SLICE_X37Y18         FDRE                                         r  block/core/w_reg[result][21]/C
  -------------------------------------------------------------------    -------------------
    SLICE_X37Y18         FDRE (Prop_fdre_C_Q)         0.141     0.551 r  block/core/w_reg[result][21]/Q
                         net (fo=6, routed)           0.144     0.695    block/core/rf_reg_r2_0_31_18_23/DIB1
    SLICE_X36Y17         RAMD32                                       r  block/core/rf_reg_r2_0_31_18_23/RAMB_D1/I
  -------------------------------------------------------------------    -------------------

                         (clock clk rise edge)        0.000     0.000 r  
                                                      0.000     0.000 r  clk (IN)
                         net (fo=1052, unset)         0.432     0.432    block/core/rf_reg_r2_0_31_18_23/WCLK
    SLICE_X36Y17         RAMD32                                       r  block/core/rf_reg_r2_0_31_18_23/RAMB_D1/CLK
                         clock pessimism              0.000     0.432    
    SLICE_X36Y17         RAMD32 (Hold_ramd32_CLK_I)
                                                      0.124     0.556    block/core/rf_reg_r2_0_31_18_23/RAMB_D1
  -------------------------------------------------------------------
                         required time                         -0.556    
                         arrival time                           0.695    
  -------------------------------------------------------------------
                         slack                                  0.140    





Pulse Width Checks
--------------------------------------------------------------------------------------
Clock Name:         clk
Waveform(ns):       { 0.000 5.000 }
Period(ns):         10.000
Sources:            { clk }

Check Type        Corner  Lib Pin             Reference Pin  Required(ns)  Actual(ns)  Slack(ns)  Location      Pin
Min Period        n/a     RAMB36E1/CLKARDCLK  n/a            2.944         10.000      7.056      RAMB36_X1Y0   block/request_registered.ram_reg_0_0_0/CLKARDCLK
Min Period        n/a     RAMB36E1/CLKARDCLK  n/a            2.944         10.000      7.056      RAMB36_X1Y2   block/request_registered.ram_reg_0_0_1/CLKARDCLK
Min Period        n/a     RAMB36E1/CLKARDCLK  n/a            2.944         10.000      7.056      RAMB36_X0Y0   block/request_registered.ram_reg_0_0_2/CLKARDCLK
Min Period        n/a     RAMB36E1/CLKARDCLK  n/a            2.944         10.000      7.056      RAMB36_X0Y1   block/request_registered.ram_reg_0_0_3/CLKARDCLK
Min Period        n/a     RAMB36E1/CLKARDCLK  n/a            2.944         10.000      7.056      RAMB36_X2Y1   block/request_registered.ram_reg_0_0_4/CLKARDCLK
Min Period        n/a     RAMB36E1/CLKARDCLK  n/a            2.944         10.000      7.056      RAMB36_X0Y2   block/request_registered.ram_reg_0_0_5/CLKARDCLK
Min Period        n/a     RAMB36E1/CLKARDCLK  n/a            2.944         10.000      7.056      RAMB36_X1Y3   block/request_registered.ram_reg_0_0_6/CLKARDCLK
Min Period        n/a     RAMB36E1/CLKARDCLK  n/a            2.944         10.000      7.056      RAMB36_X2Y2   block/request_registered.ram_reg_0_0_7/CLKARDCLK
Min Period        n/a     RAMB36E1/CLKARDCLK  n/a            2.944         10.000      7.056      RAMB36_X2Y0   block/request_registered.ram_reg_1_0_0/CLKARDCLK
Min Period        n/a     RAMB36E1/CLKARDCLK  n/a            2.944         10.000      7.056      RAMB36_X1Y1   block/request_registered.ram_reg_1_0_1/CLKARDCLK
Low Pulse Width   Slow    RAMD32/CLK          n/a            1.250         5.000       3.750      SLICE_X18Y13  block/core/fetch/buf_err_reg_0_3_0_0/DP/CLK
Low Pulse Width   Fast    RAMD32/CLK          n/a            1.250         5.000       3.750      SLICE_X18Y13  block/core/fetch/buf_err_reg_0_3_0_0/DP/CLK
Low Pulse Width   Slow    RAMD32/CLK          n/a            1.250         5.000       3.750      SLICE_X18Y13  block/core/fetch/buf_err_reg_0_3_0_0/SP/CLK
Low Pulse Width   Fast    RAMD32/CLK          n/a            1.250         5.000       3.750      SLICE_X18Y13  block/core/fetch/buf_err_reg_0_3_0_0/SP/CLK
Low Pulse Width   Slow    RAMD32/CLK          n/a            1.250         5.000       3.750      SLICE_X16Y8   block/core/fetch/buf_insn_reg_0_3_0_5/RAMA/CLK
Low Pulse Width   Fast    RAMD32/CLK          n/a            1.250         5.000       3.750      SLICE_X16Y8   block/core/fetch/buf_insn_reg_0_3_0_5/RAMA/CLK
Low Pulse Width   Slow    RAMD32/CLK          n/a            1.250         5.000       3.750      SLICE_X16Y8   block/core/fetch/buf_insn_reg_0_3_0_5/RAMA_D1/CLK
Low Pulse Width   Fast    RAMD32/CLK          n/a            1.250         5.000       3.750      SLICE_X16Y8   block/core/fetch/buf_insn_reg_0_3_0_5/RAMA_D1/CLK
Low Pulse Width   Slow    RAMD32/CLK          n/a            1.250         5.000       3.750      SLICE_X16Y8   block/core/fetch/buf_insn_reg_0_3_0_5/RAMB/CLK
Low Pulse Width   Fast    RAMD32/CLK          n/a            1.250         5.000       3.750      SLICE_X16Y8   block/core/fetch/buf_insn_reg_0_3_0_5/RAMB/CLK
High Pulse Width  Slow    RAMD32/CLK          n/a            1.250         5.000       3.750      SLICE_X18Y13  block/core/fetch/buf_err_reg_0_3_0_0/DP/CLK
High Pulse Width  Fast    RAMD32/CLK          n/a            1.250         5.000       3.750      SLICE_X18Y13  block/core/fetch/buf_err_reg_0_3_0_0/DP/CLK
High Pulse Width  Slow    RAMD32/CLK          n/a            1.250         5.000       3.750      SLICE_X18Y13  block/core/fetch/buf_err_reg_0_3_0_0/SP/CLK
High Pulse Width  Fast    RAMD32/CLK          n/a            1.250         5.000       3.750      SLICE_X18Y13  block/core/fetch/buf_err_reg_0_3_0_0/SP/CLK
High Pulse Width  Slow    RAMD32/CLK          n/a            1.250         5.000       3.750      SLICE_X16Y8   block/core/fetch/buf_insn_reg_0_3_0_5/RAMA/CLK
High Pulse Width  Fast    RAMD32/CLK          n/a            1.250         5.000       3.750      SLICE_X16Y8   block/core/fetch/buf_insn_reg_0_3_0_5/RAMA/CLK
High Pulse Width  Slow    RAMD32/CLK          n/a            1.250         5.000       3.750      SLICE_X16Y8   block/core/fetch/buf_insn_reg_0_3_0_5/RAMA_D1/CLK
High Pulse Width  Fast    RAMD32/CLK          n/a            1.250         5.000       3.750      SLICE_X16Y8   block/core/fetch/buf_insn_reg_0_3_0_5/RAMA_D1/CLK
High Pulse Width  Slow    RAMD32/CLK          n/a            1.250         5.000       3.750      SLICE_X16Y8   block/core/fetch/buf_insn_reg_0_3_0_5/RAMB/CLK
High Pulse Width  Fast    RAMD32/CLK          n/a            1.250         5.000       3.750      SLICE_X16Y8   block/core/fetch/buf_insn_reg_0_3_0_5/RAMB/CLK



