NAMED label=d_rsp_valid_to_request slack_ns=5.410 from=block/d_v2_reg/C to=block/request_registered.d_en_reg/D levels=3
Copyright 1986-2022 Xilinx, Inc. All Rights Reserved. Copyright 2022-2025 Advanced Micro Devices, Inc. All Rights Reserved.
----------------------------------------------------------------------------------------------------------------------------------------------------------------------------------------------------------------------------------------------------------------------------------------------------------------
| Tool Version : Vivado v.2025.1 (lin64) Build 6140274 Wed May 21 22:58:25 MDT 2025
| Date         : Fri Oct  2 11:42:12 2026
| Host         : gondor running 64-bit Ubuntu 24.04.5 LTS
| Command      : report_timing -of_objects [get_timing_paths -setup -from [get_cells -hier -quiet -filter {NAME =~ *d_v2_reg* && IS_SEQUENTIAL}] -to [get_cells -hier -quiet -filter {(NAME =~ *d_v1_reg* || NAME =~ *d_en_reg* || NAME =~ *ram_reg*) && IS_SEQUENTIAL}] -max_paths 1 -nworst 1] -return_string
| Design       : timing_aster_bram_reqreg
| Device       : 7z020-clg400
| Speed File   : -1  PRODUCTION 1.12 2019-11-22
| Design State : Routed
----------------------------------------------------------------------------------------------------------------------------------------------------------------------------------------------------------------------------------------------------------------------------------------------------------------

Timing Report

Slack (MET) :             5.410ns  (required time - arrival time)
  Source:                 block/d_v2_reg/C
                            (rising edge-triggered cell FDRE clocked by clk  {rise@0.000ns fall@5.000ns period=10.000ns})
  Destination:            block/request_registered.d_en_reg/D
                            (rising edge-triggered cell FDRE clocked by clk  {rise@0.000ns fall@5.000ns period=10.000ns})
  Path Group:             clk
  Path Type:              Setup (Max at Slow Process Corner)
  Requirement:            10.000ns  (clk rise@10.000ns - clk rise@0.000ns)
  Data Path Delay:        4.237ns  (logic 1.058ns (24.970%)  route 3.179ns (75.030%))
  Logic Levels:           3  (LUT4=1 LUT5=1 LUT6=1)
  Clock Path Skew:        -0.049ns (DCD - SCD + CPR)
    Destination Clock Delay (DCD):    0.924ns = ( 10.924 - 10.000 ) 
    Source Clock Delay      (SCD):    0.973ns
    Clock Pessimism Removal (CPR):    0.000ns
  Clock Uncertainty:      0.035ns  ((TSJ^2 + TIJ^2)^1/2 + DJ) / 2 + PE
    Total System Jitter     (TSJ):    0.071ns
    Total Input Jitter      (TIJ):    0.000ns
    Discrete Jitter          (DJ):    0.000ns
    Phase Error              (PE):    0.000ns

    Location             Delay type                Incr(ns)  Path(ns)    Netlist Resource(s)
  -------------------------------------------------------------------    -------------------
                         (clock clk rise edge)        0.000     0.000 r  
                                                      0.000     0.000 r  clk (IN)
                         net (fo=1826, unset)         0.973     0.973    block/clk
    SLICE_X39Y5          FDRE                                         r  block/d_v2_reg/C
  -------------------------------------------------------------------    -------------------
    SLICE_X39Y5          FDRE (Prop_fdre_C_Q)         0.456     1.429 r  block/d_v2_reg/Q
                         net (fo=15, routed)          1.082     2.511    block/core/fetch/d_v2
    SLICE_X40Y5                                                       r  block/core/fetch/m1[writes_rd]_i_4/I3
    SLICE_X40Y5          LUT4 (Prop_lut4_I3_O)        0.152     2.663 f  block/core/fetch/m1[writes_rd]_i_4/O
                         net (fo=22, routed)          0.768     3.431    block/core/fetch/m2_reg[got]_0
    SLICE_X38Y5                                                       f  block/core/fetch/m1_first_i_1/I5
    SLICE_X38Y5          LUT6 (Prop_lut6_I5_O)        0.332     3.763 r  block/core/fetch/m1_first_i_1/O
                         net (fo=11, routed)          0.856     4.619    block/core/e_advance
    SLICE_X33Y7                                                       r  block/core/request_registered.d_en_i_1/I1
    SLICE_X33Y7          LUT5 (Prop_lut5_I1_O)        0.118     4.737 r  block/core/request_registered.d_en_i_1/O
                         net (fo=1, routed)           0.473     5.210    block/request_registered.d_en0
    SLICE_X33Y9          FDRE                                         r  block/request_registered.d_en_reg/D
  -------------------------------------------------------------------    -------------------

                         (clock clk rise edge)       10.000    10.000 r  
                                                      0.000    10.000 r  clk (IN)
                         net (fo=1826, unset)         0.924    10.924    block/clk
    SLICE_X33Y9          FDRE                                         r  block/request_registered.d_en_reg/C
                         clock pessimism              0.000    10.924    
                         clock uncertainty           -0.035    10.889    
    SLICE_X33Y9          FDRE (Setup_fdre_C_D)       -0.269    10.620    block/request_registered.d_en_reg
  -------------------------------------------------------------------
                         required time                         10.620    
                         arrival time                          -5.210    
  -------------------------------------------------------------------
                         slack                                  5.410    





NAMED label=d_rsp_error_kill slack_ns=5.171 from=block/d_err1_reg/C to=block/request_registered.d_en_reg/D levels=4
Copyright 1986-2022 Xilinx, Inc. All Rights Reserved. Copyright 2022-2025 Advanced Micro Devices, Inc. All Rights Reserved.
------------------------------------------------------------------------------------------------------------------------------------------------------------------------------------------------------------------------------------------------------------------------------------------------------------------
| Tool Version : Vivado v.2025.1 (lin64) Build 6140274 Wed May 21 22:58:25 MDT 2025
| Date         : Fri Oct  2 11:42:12 2026
| Host         : gondor running 64-bit Ubuntu 24.04.5 LTS
| Command      : report_timing -of_objects [get_timing_paths -setup -from [get_cells -hier -quiet -filter {NAME =~ *d_err1_reg* && IS_SEQUENTIAL}] -to [get_cells -hier -quiet -filter {(NAME =~ *d_v1_reg* || NAME =~ *d_en_reg* || NAME =~ *ram_reg*) && IS_SEQUENTIAL}] -max_paths 1 -nworst 1] -return_string
| Design       : timing_aster_bram_reqreg
| Device       : 7z020-clg400
| Speed File   : -1  PRODUCTION 1.12 2019-11-22
| Design State : Routed
------------------------------------------------------------------------------------------------------------------------------------------------------------------------------------------------------------------------------------------------------------------------------------------------------------------

Timing Report

Slack (MET) :             5.171ns  (required time - arrival time)
  Source:                 block/d_err1_reg/C
                            (rising edge-triggered cell FDRE clocked by clk  {rise@0.000ns fall@5.000ns period=10.000ns})
  Destination:            block/request_registered.d_en_reg/D
                            (rising edge-triggered cell FDRE clocked by clk  {rise@0.000ns fall@5.000ns period=10.000ns})
  Path Group:             clk
  Path Type:              Setup (Max at Slow Process Corner)
  Requirement:            10.000ns  (clk rise@10.000ns - clk rise@0.000ns)
  Data Path Delay:        4.476ns  (logic 1.335ns (29.824%)  route 3.141ns (70.176%))
  Logic Levels:           4  (LUT2=1 LUT5=1 LUT6=2)
  Clock Path Skew:        -0.049ns (DCD - SCD + CPR)
    Destination Clock Delay (DCD):    0.924ns = ( 10.924 - 10.000 ) 
    Source Clock Delay      (SCD):    0.973ns
    Clock Pessimism Removal (CPR):    0.000ns
  Clock Uncertainty:      0.035ns  ((TSJ^2 + TIJ^2)^1/2 + DJ) / 2 + PE
    Total System Jitter     (TSJ):    0.071ns
    Total Input Jitter      (TIJ):    0.000ns
    Discrete Jitter          (DJ):    0.000ns
    Phase Error              (PE):    0.000ns

    Location             Delay type                Incr(ns)  Path(ns)    Netlist Resource(s)
  -------------------------------------------------------------------    -------------------
                         (clock clk rise edge)        0.000     0.000 r  
                                                      0.000     0.000 r  clk (IN)
                         net (fo=1826, unset)         0.973     0.973    block/clk
    SLICE_X34Y7          FDRE                                         r  block/d_err1_reg/C
  -------------------------------------------------------------------    -------------------
    SLICE_X34Y7          FDRE (Prop_fdre_C_Q)         0.478     1.451 f  block/d_err1_reg/Q
                         net (fo=7, routed)           0.828     2.279    block/core/fetch/d_err1
    SLICE_X35Y5                                                       f  block/core/fetch/e_pending_i_7/I0
    SLICE_X35Y5          LUT6 (Prop_lut6_I0_O)        0.295     2.574 r  block/core/fetch/e_pending_i_7/O
                         net (fo=3, routed)           0.584     3.157    block/core/fetch/d_err1_reg
    SLICE_X39Y5                                                       r  block/core/fetch/e_pc[31]_i_3/I1
    SLICE_X39Y5          LUT2 (Prop_lut2_I1_O)        0.118     3.275 f  block/core/fetch/e_pc[31]_i_3/O
                         net (fo=34, routed)          0.401     3.676    block/core/fetch/m1_reg[valid]
    SLICE_X38Y5                                                       f  block/core/fetch/m1_first_i_1/I3
    SLICE_X38Y5          LUT6 (Prop_lut6_I3_O)        0.326     4.002 r  block/core/fetch/m1_first_i_1/O
                         net (fo=11, routed)          0.856     4.858    block/core/e_advance
    SLICE_X33Y7                                                       r  block/core/request_registered.d_en_i_1/I1
    SLICE_X33Y7          LUT5 (Prop_lut5_I1_O)        0.118     4.976 r  block/core/request_registered.d_en_i_1/O
                         net (fo=1, routed)           0.473     5.449    block/request_registered.d_en0
    SLICE_X33Y9          FDRE                                         r  block/request_registered.d_en_reg/D
  -------------------------------------------------------------------    -------------------

                         (clock clk rise edge)       10.000    10.000 r  
                                                      0.000    10.000 r  clk (IN)
                         net (fo=1826, unset)         0.924    10.924    block/clk
    SLICE_X33Y9          FDRE                                         r  block/request_registered.d_en_reg/C
                         clock pessimism              0.000    10.924    
                         clock uncertainty           -0.035    10.889    
    SLICE_X33Y9          FDRE (Setup_fdre_C_D)       -0.269    10.620    block/request_registered.d_en_reg
  -------------------------------------------------------------------
                         required time                         10.620    
                         arrival time                          -5.449    
  -------------------------------------------------------------------
                         slack                                  5.171    





NAMED label=d_rsp_valid_worst slack_ns=1.938 from=block/d_v2_reg/C to=block/core/w_reg[result][24]/D levels=7
Copyright 1986-2022 Xilinx, Inc. All Rights Reserved. Copyright 2022-2025 Advanced Micro Devices, Inc. All Rights Reserved.
----------------------------------------------------------------------------------------------------------------------------------------------------------------------------------------
| Tool Version : Vivado v.2025.1 (lin64) Build 6140274 Wed May 21 22:58:25 MDT 2025
| Date         : Fri Oct  2 11:42:12 2026
| Host         : gondor running 64-bit Ubuntu 24.04.5 LTS
| Command      : report_timing -of_objects [get_timing_paths -setup -from [get_cells -hier -quiet -filter {NAME =~ *d_v2_reg* && IS_SEQUENTIAL}] -max_paths 1 -nworst 1] -return_string
| Design       : timing_aster_bram_reqreg
| Device       : 7z020-clg400
| Speed File   : -1  PRODUCTION 1.12 2019-11-22
| Design State : Routed
----------------------------------------------------------------------------------------------------------------------------------------------------------------------------------------

Timing Report

Slack (MET) :             1.938ns  (required time - arrival time)
  Source:                 block/d_v2_reg/C
                            (rising edge-triggered cell FDRE clocked by clk  {rise@0.000ns fall@5.000ns period=10.000ns})
  Destination:            block/core/w_reg[result][24]/D
                            (rising edge-triggered cell FDRE clocked by clk  {rise@0.000ns fall@5.000ns period=10.000ns})
  Path Group:             clk
  Path Type:              Setup (Max at Slow Process Corner)
  Requirement:            10.000ns  (clk rise@10.000ns - clk rise@0.000ns)
  Data Path Delay:        8.007ns  (logic 1.989ns (24.840%)  route 6.018ns (75.160%))
  Logic Levels:           7  (LUT3=1 LUT4=1 LUT5=3 LUT6=2)
  Clock Path Skew:        -0.049ns (DCD - SCD + CPR)
    Destination Clock Delay (DCD):    0.924ns = ( 10.924 - 10.000 ) 
    Source Clock Delay      (SCD):    0.973ns
    Clock Pessimism Removal (CPR):    0.000ns
  Clock Uncertainty:      0.035ns  ((TSJ^2 + TIJ^2)^1/2 + DJ) / 2 + PE
    Total System Jitter     (TSJ):    0.071ns
    Total Input Jitter      (TIJ):    0.000ns
    Discrete Jitter          (DJ):    0.000ns
    Phase Error              (PE):    0.000ns

    Location             Delay type                Incr(ns)  Path(ns)    Netlist Resource(s)
  -------------------------------------------------------------------    -------------------
                         (clock clk rise edge)        0.000     0.000 r  
                                                      0.000     0.000 r  clk (IN)
                         net (fo=1826, unset)         0.973     0.973    block/clk
    SLICE_X39Y5          FDRE                                         r  block/d_v2_reg/C
  -------------------------------------------------------------------    -------------------
    SLICE_X39Y5          FDRE (Prop_fdre_C_Q)         0.456     1.429 r  block/d_v2_reg/Q
                         net (fo=15, routed)          0.894     2.323    block/core/d_v2
    SLICE_X43Y5                                                       r  block/core/m2[rdata][15]_i_3/I0
    SLICE_X43Y5          LUT4 (Prop_lut4_I0_O)        0.124     2.447 r  block/core/m2[rdata][15]_i_3/O
                         net (fo=40, routed)          1.216     3.662    block/core/m2[rdata][15]_i_3_n_0
    SLICE_X27Y4                                                       r  block/core/w[result][31]_i_5/I3
    SLICE_X27Y4          LUT5 (Prop_lut5_I3_O)        0.119     3.781 r  block/core/w[result][31]_i_5/O
                         net (fo=5, routed)           1.101     4.883    block/core/w[result][31]_i_5_n_0
    SLICE_X35Y6                                                       r  block/core/w[result][15]_i_6/I0
    SLICE_X35Y6          LUT5 (Prop_lut5_I0_O)        0.332     5.215 r  block/core/w[result][15]_i_6/O
                         net (fo=1, routed)           0.495     5.710    block/core/w[result][15]_i_6_n_0
    SLICE_X35Y14                                                      r  block/core/w[result][15]_i_4/I5
    SLICE_X35Y14         LUT6 (Prop_lut6_I5_O)        0.124     5.834 r  block/core/w[result][15]_i_4/O
                         net (fo=2, routed)           0.445     6.279    block/core/w[result][15]_i_4_n_0
    SLICE_X35Y14                                                      r  block/core/w[result][22]_i_5/I4
    SLICE_X35Y14         LUT5 (Prop_lut5_I4_O)        0.150     6.429 r  block/core/w[result][22]_i_5/O
                         net (fo=10, routed)          0.995     7.424    block/core/w[result][22]_i_5_n_0
    SLICE_X40Y14                                                      r  block/core/w[result][31]_i_3/I0
    SLICE_X40Y14         LUT3 (Prop_lut3_I0_O)        0.352     7.776 r  block/core/w[result][31]_i_3/O
                         net (fo=8, routed)           0.872     8.648    block/core/w[result][31]_i_3_n_0
    SLICE_X41Y15                                                      r  block/core/w[result][24]_i_1/I0
    SLICE_X41Y15         LUT6 (Prop_lut6_I0_O)        0.332     8.980 r  block/core/w[result][24]_i_1/O
                         net (fo=1, routed)           0.000     8.980    block/core/w[result][24]_i_1_n_0
    SLICE_X41Y15         FDRE                                         r  block/core/w_reg[result][24]/D
  -------------------------------------------------------------------    -------------------

                         (clock clk rise edge)       10.000    10.000 r  
                                                      0.000    10.000 r  clk (IN)
                         net (fo=1826, unset)         0.924    10.924    block/core/clk
    SLICE_X41Y15         FDRE                                         r  block/core/w_reg[result][24]/C
                         clock pessimism              0.000    10.924    
                         clock uncertainty           -0.035    10.889    
    SLICE_X41Y15         FDRE (Setup_fdre_C_D)        0.029    10.918    block/core/w_reg[result][24]
  -------------------------------------------------------------------
                         required time                         10.918    
                         arrival time                          -8.980    
  -------------------------------------------------------------------
                         slack                                  1.938    





NAMED label=d_rsp_error_worst slack_ns=2.905 from=block/d_err1_reg/C to=block/core/e_insn_reg[22]/R levels=5
Copyright 1986-2022 Xilinx, Inc. All Rights Reserved. Copyright 2022-2025 Advanced Micro Devices, Inc. All Rights Reserved.
------------------------------------------------------------------------------------------------------------------------------------------------------------------------------------------
| Tool Version : Vivado v.2025.1 (lin64) Build 6140274 Wed May 21 22:58:25 MDT 2025
| Date         : Fri Oct  2 11:42:12 2026
| Host         : gondor running 64-bit Ubuntu 24.04.5 LTS
| Command      : report_timing -of_objects [get_timing_paths -setup -from [get_cells -hier -quiet -filter {NAME =~ *d_err1_reg* && IS_SEQUENTIAL}] -max_paths 1 -nworst 1] -return_string
| Design       : timing_aster_bram_reqreg
| Device       : 7z020-clg400
| Speed File   : -1  PRODUCTION 1.12 2019-11-22
| Design State : Routed
------------------------------------------------------------------------------------------------------------------------------------------------------------------------------------------

Timing Report

Slack (MET) :             2.905ns  (required time - arrival time)
  Source:                 block/d_err1_reg/C
                            (rising edge-triggered cell FDRE clocked by clk  {rise@0.000ns fall@5.000ns period=10.000ns})
  Destination:            block/core/e_insn_reg[22]/R
                            (rising edge-triggered cell FDRE clocked by clk  {rise@0.000ns fall@5.000ns period=10.000ns})
  Path Group:             clk
  Path Type:              Setup (Max at Slow Process Corner)
  Requirement:            10.000ns  (clk rise@10.000ns - clk rise@0.000ns)
  Data Path Delay:        6.285ns  (logic 1.694ns (26.951%)  route 4.591ns (73.049%))
  Logic Levels:           5  (LUT2=1 LUT3=2 LUT6=2)
  Clock Path Skew:        -0.049ns (DCD - SCD + CPR)
    Destination Clock Delay (DCD):    0.924ns = ( 10.924 - 10.000 ) 
    Source Clock Delay      (SCD):    0.973ns
    Clock Pessimism Removal (CPR):    0.000ns
  Clock Uncertainty:      0.035ns  ((TSJ^2 + TIJ^2)^1/2 + DJ) / 2 + PE
    Total System Jitter     (TSJ):    0.071ns
    Total Input Jitter      (TIJ):    0.000ns
    Discrete Jitter          (DJ):    0.000ns
    Phase Error              (PE):    0.000ns

    Location             Delay type                Incr(ns)  Path(ns)    Netlist Resource(s)
  -------------------------------------------------------------------    -------------------
                         (clock clk rise edge)        0.000     0.000 r  
                                                      0.000     0.000 r  clk (IN)
                         net (fo=1826, unset)         0.973     0.973    block/clk
    SLICE_X34Y7          FDRE                                         r  block/d_err1_reg/C
  -------------------------------------------------------------------    -------------------
    SLICE_X34Y7          FDRE (Prop_fdre_C_Q)         0.478     1.451 f  block/d_err1_reg/Q
                         net (fo=7, routed)           0.828     2.279    block/core/fetch/d_err1
    SLICE_X35Y5                                                       f  block/core/fetch/e_pending_i_7/I0
    SLICE_X35Y5          LUT6 (Prop_lut6_I0_O)        0.295     2.574 r  block/core/fetch/e_pending_i_7/O
                         net (fo=3, routed)           0.584     3.157    block/core/fetch/d_err1_reg
    SLICE_X39Y5                                                       r  block/core/fetch/e_pc[31]_i_3/I1
    SLICE_X39Y5          LUT2 (Prop_lut2_I1_O)        0.118     3.275 f  block/core/fetch/e_pc[31]_i_3/O
                         net (fo=34, routed)          0.353     3.629    block/core/fetch/m1_reg[valid]
    SLICE_X36Y5                                                       f  block/core/fetch/e_dec[imm][31]_i_4/I2
    SLICE_X36Y5          LUT6 (Prop_lut6_I2_O)        0.326     3.955 f  block/core/fetch/e_dec[imm][31]_i_4/O
                         net (fo=101, routed)         0.647     4.602    block/core/e_dec_reg[res][div]_0
    SLICE_X39Y7                                                       f  block/core/e_dec[imm][31]_i_2/I2
    SLICE_X39Y7          LUT3 (Prop_lut3_I2_O)        0.119     4.721 r  block/core/e_dec[imm][31]_i_2/O
                         net (fo=159, routed)         1.202     5.923    block/core/e_dec
    SLICE_X29Y7                                                       r  block/core/e_insn[31]_i_1/I0
    SLICE_X29Y7          LUT3 (Prop_lut3_I0_O)        0.358     6.281 r  block/core/e_insn[31]_i_1/O
                         net (fo=16, routed)          0.977     7.258    block/core/e_insn[31]_i_1_n_0
    SLICE_X16Y11         FDRE                                         r  block/core/e_insn_reg[22]/R
  -------------------------------------------------------------------    -------------------

                         (clock clk rise edge)       10.000    10.000 r  
                                                      0.000    10.000 r  clk (IN)
                         net (fo=1826, unset)         0.924    10.924    block/core/clk
    SLICE_X16Y11         FDRE                                         r  block/core/e_insn_reg[22]/C
                         clock pessimism              0.000    10.924    
                         clock uncertainty           -0.035    10.889    
    SLICE_X16Y11         FDRE (Setup_fdre_C_R)       -0.726    10.163    block/core/e_insn_reg[22]
  -------------------------------------------------------------------
                         required time                         10.163    
                         arrival time                          -7.258    
  -------------------------------------------------------------------
                         slack                                  2.905    





