NAMED-PATH-BEGIN d_rsp_valid_to_d_req_valid
Startpoint: d_rsp_valid (input port clocked by clk)
Endpoint: d_req_valid (output port clocked by clk)
Path Group: clk
Path Type: max

   Delay     Time   Description
-----------------------------------------------------------
   0.000    0.000   clock clk (rise edge)
   0.000    0.000   clock network delay (propagated)
   2.000    2.000 v input external delay
   0.006    2.006 v d_rsp_valid (in)
   0.134    2.139 v input35/X (sky130_fd_sc_hd__clkbuf_2)
   0.174    2.314 v wire3559/X (sky130_fd_sc_hd__buf_6)
   0.646    2.959 v _07868_/X (sky130_fd_sc_hd__or3b_2)
   0.301    3.261 v _07871_/X (sky130_fd_sc_hd__and4b_2)
   0.214    3.474 v rebuffer3655/X (sky130_fd_sc_hd__buf_2)
   0.302    3.776 v _07873_/X (sky130_fd_sc_hd__and4_2)
   0.128    3.905 v output109/X (sky130_fd_sc_hd__clkbuf_1)
   0.189    4.093 v wire532/X (sky130_fd_sc_hd__clkbuf_4)
   0.001    4.094 v d_req_valid (out)
            4.094   data arrival time

  10.000   10.000   clock clk (rise edge)
   0.000   10.000   clock network delay (propagated)
  -0.250    9.750   clock uncertainty
   0.000    9.750   clock reconvergence pessimism
  -2.000    7.750   output external delay
            7.750   data required time
-----------------------------------------------------------
            7.750   data required time
           -4.094   data arrival time
-----------------------------------------------------------
            3.656   slack (MET)


NAMED-PATH-END
NAMED-PATH-BEGIN d_rsp_error_to_d_req_valid
Startpoint: d_rsp_error (input port clocked by clk)
Endpoint: d_req_valid (output port clocked by clk)
Path Group: clk
Path Type: max

   Delay     Time   Description
-----------------------------------------------------------
   0.000    0.000   clock clk (rise edge)
   0.000    0.000   clock network delay (propagated)
   2.000    2.000 v input external delay
   0.009    2.009 v d_rsp_error (in)
   0.113    2.121 v input2/X (sky130_fd_sc_hd__clkbuf_1)
   0.182    2.303 v wire3560/X (sky130_fd_sc_hd__clkbuf_4)
   0.198    2.501 v _07857_/Y (sky130_fd_sc_hd__nand2b_2)
   0.177    2.678 v _07858_/X (sky130_fd_sc_hd__o211a_2)
   0.135    2.814 ^ _07859_/Y (sky130_fd_sc_hd__o21ai_2)
   0.199    3.012 ^ fanout1328/X (sky130_fd_sc_hd__buf_1)
   0.345    3.358 ^ fanout1327/X (sky130_fd_sc_hd__clkbuf_2)
   0.322    3.680 ^ _07871_/X (sky130_fd_sc_hd__and4b_2)
   0.264    3.944 ^ rebuffer3655/X (sky130_fd_sc_hd__buf_2)
   0.416    4.360 ^ _07873_/X (sky130_fd_sc_hd__and4_2)
   0.133    4.493 ^ output109/X (sky130_fd_sc_hd__clkbuf_1)
   0.203    4.696 ^ wire532/X (sky130_fd_sc_hd__clkbuf_4)
   0.001    4.697 ^ d_req_valid (out)
            4.697   data arrival time

  10.000   10.000   clock clk (rise edge)
   0.000   10.000   clock network delay (propagated)
  -0.250    9.750   clock uncertainty
   0.000    9.750   clock reconvergence pessimism
  -2.000    7.750   output external delay
            7.750   data required time
-----------------------------------------------------------
            7.750   data required time
           -4.697   data arrival time
-----------------------------------------------------------
            3.053   slack (MET)


NAMED-PATH-END
