NAMED-PATH-BEGIN d_rsp_valid_to_d_req_valid
Startpoint: d_rsp_valid (input port clocked by clk)
Endpoint: d_req_valid (output port clocked by clk)
Path Group: clk
Path Type: max

   Delay     Time   Description
-----------------------------------------------------------
   0.000    0.000   clock clk (rise edge)
   0.000    0.000   clock network delay (propagated)
   2.500    2.500 ^ input external delay
   0.009    2.509 ^ d_rsp_valid (in)
   0.149    2.658 ^ input35/X (sky130_fd_sc_hd__buf_2)
   0.119    2.776 ^ wire2908/X (sky130_fd_sc_hd__buf_12)
   0.075    2.852 v _14250_/Y (sky130_fd_sc_hd__nor2_1)
   0.141    2.993 v fanout1287/X (sky130_fd_sc_hd__buf_2)
   0.151    3.144 v fanout1285/X (sky130_fd_sc_hd__buf_2)
   0.172    3.315 v fanout1284/X (sky130_fd_sc_hd__clkbuf_4)
   0.206    3.521 ^ _14254_/Y (sky130_fd_sc_hd__o31ai_4)
   0.097    3.618 ^ max_cap771/X (sky130_fd_sc_hd__buf_6)
   0.054    3.672 v _14259_/Y (sky130_fd_sc_hd__o211ai_4)
   0.293    3.965 ^ _14261_/X (sky130_fd_sc_hd__and4bb_2)
   0.175    4.140 ^ output109/X (sky130_fd_sc_hd__buf_2)
   0.002    4.142 ^ d_req_valid (out)
            4.142   data arrival time

  12.500   12.500   clock clk (rise edge)
   0.000   12.500   clock network delay (propagated)
  -0.250   12.250   clock uncertainty
   0.000   12.250   clock reconvergence pessimism
  -2.500    9.750   output external delay
            9.750   data required time
-----------------------------------------------------------
            9.750   data required time
           -4.142   data arrival time
-----------------------------------------------------------
            5.608   slack (MET)


NAMED-PATH-END
NAMED-PATH-BEGIN d_rsp_error_to_d_req_valid
Startpoint: d_rsp_error (input port clocked by clk)
Endpoint: d_req_valid (output port clocked by clk)
Path Group: clk
Path Type: max

   Delay     Time   Description
-----------------------------------------------------------
   0.000    0.000   clock clk (rise edge)
   0.000    0.000   clock network delay (propagated)
   2.500    2.500 v input external delay
   0.005    2.505 v d_rsp_error (in)
   0.052    2.556 v hold3276/X (sky130_fd_sc_hd__clkbuf_1)
   0.098    2.654 v input2/X (sky130_fd_sc_hd__buf_2)
   0.105    2.759 v hold3277/X (sky130_fd_sc_hd__clkbuf_1)
   0.149    2.907 v _14245_/Y (sky130_fd_sc_hd__nand2b_2)
   0.117    3.024 v _14246_/X (sky130_fd_sc_hd__o211a_2)
   0.166    3.190 ^ _14254_/Y (sky130_fd_sc_hd__o31ai_4)
   0.097    3.287 ^ max_cap771/X (sky130_fd_sc_hd__buf_6)
   0.054    3.340 v _14259_/Y (sky130_fd_sc_hd__o211ai_4)
   0.293    3.634 ^ _14261_/X (sky130_fd_sc_hd__and4bb_2)
   0.175    3.809 ^ output109/X (sky130_fd_sc_hd__buf_2)
   0.002    3.811 ^ d_req_valid (out)
            3.811   data arrival time

  12.500   12.500   clock clk (rise edge)
   0.000   12.500   clock network delay (propagated)
  -0.250   12.250   clock uncertainty
   0.000   12.250   clock reconvergence pessimism
  -2.500    9.750   output external delay
            9.750   data required time
-----------------------------------------------------------
            9.750   data required time
           -3.811   data arrival time
-----------------------------------------------------------
            5.939   slack (MET)


NAMED-PATH-END
