NAMED-PATH-BEGIN d_rsp_valid_to_d_req_valid
Startpoint: d_rsp_valid (input port clocked by clk)
Endpoint: d_req_valid (output port clocked by clk)
Path Group: clk
Path Type: max

   Delay     Time   Description
-----------------------------------------------------------
   0.000    0.000   clock clk (rise edge)
   0.000    0.000   clock network delay (propagated)
   2.000    2.000 v input external delay
   0.003    2.003 v d_rsp_valid (in)
   0.131    2.133 v input35/X (sky130_fd_sc_hd__buf_2)
   0.157    2.291 v fanout1866/X (sky130_fd_sc_hd__buf_2)
   0.153    2.443 v fanout1863/X (sky130_fd_sc_hd__buf_2)
   0.301    2.744 v _07801_/X (sky130_fd_sc_hd__or3b_4)
   0.146    2.890 v _07810_/X (sky130_fd_sc_hd__and3_4)
   0.101    2.991 v rebuffer1890/X (sky130_fd_sc_hd__buf_6)
   0.185    3.176 v _07811_/X (sky130_fd_sc_hd__and3b_2)
   0.116    3.292 v output109/X (sky130_fd_sc_hd__buf_6)
   0.002    3.294 v d_req_valid (out)
            3.294   data arrival time

  10.000   10.000   clock clk (rise edge)
   0.000   10.000   clock network delay (propagated)
  -0.250    9.750   clock uncertainty
   0.000    9.750   clock reconvergence pessimism
  -2.000    7.750   output external delay
            7.750   data required time
-----------------------------------------------------------
            7.750   data required time
           -3.294   data arrival time
-----------------------------------------------------------
            4.456   slack (MET)


NAMED-PATH-END
NAMED-PATH-BEGIN d_rsp_error_to_d_req_valid
Startpoint: d_rsp_error (input port clocked by clk)
Endpoint: d_req_valid (output port clocked by clk)
Path Group: clk
Path Type: max

   Delay     Time   Description
-----------------------------------------------------------
   0.000    0.000   clock clk (rise edge)
   0.000    0.000   clock network delay (propagated)
   2.000    2.000 v input external delay
   0.003    2.003 v d_rsp_error (in)
   0.137    2.139 v input2/X (sky130_fd_sc_hd__buf_2)
   0.163    2.302 v _07793_/Y (sky130_fd_sc_hd__nand2b_2)
   0.095    2.397 v _07794_/X (sky130_fd_sc_hd__o211a_2)
   0.172    2.570 ^ _07796_/Y (sky130_fd_sc_hd__o21ai_2)
   0.084    2.653 ^ fanout560/X (sky130_fd_sc_hd__buf_12)
   0.123    2.777 ^ fanout559/X (sky130_fd_sc_hd__buf_8)
   0.153    2.929 ^ _07810_/X (sky130_fd_sc_hd__and3_4)
   0.105    3.034 ^ rebuffer1890/X (sky130_fd_sc_hd__buf_6)
   0.197    3.231 ^ _07811_/X (sky130_fd_sc_hd__and3b_2)
   0.111    3.341 ^ output109/X (sky130_fd_sc_hd__buf_6)
   0.002    3.343 ^ d_req_valid (out)
            3.343   data arrival time

  10.000   10.000   clock clk (rise edge)
   0.000   10.000   clock network delay (propagated)
  -0.250    9.750   clock uncertainty
   0.000    9.750   clock reconvergence pessimism
  -2.000    7.750   output external delay
            7.750   data required time
-----------------------------------------------------------
            7.750   data required time
           -3.343   data arrival time
-----------------------------------------------------------
            4.407   slack (MET)


NAMED-PATH-END
