NAMED-PATH-BEGIN d_rsp_valid_to_d_req_valid
Startpoint: d_rsp_valid (input port clocked by clk)
Endpoint: d_req_valid (output port clocked by clk)
Path Group: clk
Path Type: max

   Delay     Time   Description
-----------------------------------------------------------
   0.000    0.000   clock clk (rise edge)
   0.000    0.000   clock network delay (propagated)
   2.000    2.000 ^ input external delay
   0.016    2.016 ^ d_rsp_valid (in)
   0.074    2.090 ^ hold8843/X (sky130_fd_sc_hd__clkbuf_1)
   0.076    2.166 ^ hold4942/X (sky130_fd_sc_hd__clkbuf_1)
   0.303    2.469 ^ input35/X (sky130_fd_sc_hd__buf_2)
   0.375    2.844 ^ fanout3849/X (sky130_fd_sc_hd__buf_2)
   0.264    3.108 ^ _17128_/X (sky130_fd_sc_hd__or3b_4)
   0.167    3.276 v _17140_/Y (sky130_fd_sc_hd__o2111ai_4)
   0.526    3.801 ^ _17141_/X (sky130_fd_sc_hd__and4b_2)
   0.183    3.984 ^ output109/X (sky130_fd_sc_hd__buf_8)
   0.002    3.986 ^ d_req_valid (out)
            3.986   data arrival time

  10.000   10.000   clock clk (rise edge)
   0.000   10.000   clock network delay (propagated)
  -0.250    9.750   clock uncertainty
   0.000    9.750   clock reconvergence pessimism
  -2.000    7.750   output external delay
            7.750   data required time
-----------------------------------------------------------
            7.750   data required time
           -3.986   data arrival time
-----------------------------------------------------------
            3.764   slack (MET)


NAMED-PATH-END
NAMED-PATH-BEGIN d_rsp_error_to_d_req_valid
Startpoint: d_rsp_error (input port clocked by clk)
Endpoint: d_req_valid (output port clocked by clk)
Path Group: clk
Path Type: max

   Delay     Time   Description
-----------------------------------------------------------
   0.000    0.000   clock clk (rise edge)
   0.000    0.000   clock network delay (propagated)
   2.000    2.000 v input external delay
   0.006    2.006 v d_rsp_error (in)
   0.071    2.077 v hold4830/X (sky130_fd_sc_hd__clkbuf_1)
   0.151    2.229 v input2/X (sky130_fd_sc_hd__buf_2)
   0.199    2.428 v hold4831/X (sky130_fd_sc_hd__clkbuf_1)
   0.258    2.686 v _17129_/Y (sky130_fd_sc_hd__nand2b_2)
   0.222    2.908 v _17130_/X (sky130_fd_sc_hd__o211a_2)
   0.326    3.233 ^ _17132_/Y (sky130_fd_sc_hd__o21ai_2)
   0.232    3.465 ^ fanout1090/X (sky130_fd_sc_hd__buf_8)
   0.172    3.637 v _17140_/Y (sky130_fd_sc_hd__o2111ai_4)
   0.526    4.163 ^ _17141_/X (sky130_fd_sc_hd__and4b_2)
   0.183    4.345 ^ output109/X (sky130_fd_sc_hd__buf_8)
   0.002    4.347 ^ d_req_valid (out)
            4.347   data arrival time

  10.000   10.000   clock clk (rise edge)
   0.000   10.000   clock network delay (propagated)
  -0.250    9.750   clock uncertainty
   0.000    9.750   clock reconvergence pessimism
  -2.000    7.750   output external delay
            7.750   data required time
-----------------------------------------------------------
            7.750   data required time
           -4.347   data arrival time
-----------------------------------------------------------
            3.403   slack (MET)


NAMED-PATH-END
