NAMED-PATH-BEGIN d_rsp_valid_to_d_req_valid
Startpoint: d_rsp_valid (input port clocked by clk)
Endpoint: d_req_valid (output port clocked by clk)
Path Group: clk
Path Type: max

   Delay     Time   Description
-----------------------------------------------------------
   0.000    0.000   clock clk (rise edge)
   0.000    0.000   clock network delay (propagated)
   2.000    2.000 v input external delay
   0.005    2.005 v d_rsp_valid (in)
   0.202    2.208 v input35/X (sky130_fd_sc_hd__clkbuf_1)
   0.262    2.469 v wire2345/X (sky130_fd_sc_hd__clkbuf_4)
   0.657    3.126 v _07868_/X (sky130_fd_sc_hd__or3b_2)
   0.307    3.434 v _07871_/X (sky130_fd_sc_hd__and4b_2)
   0.136    3.570 v fanout836/X (sky130_fd_sc_hd__buf_8)
   0.144    3.713 v rebuffer2480/X (sky130_fd_sc_hd__buf_1)
   0.246    3.959 v _07873_/X (sky130_fd_sc_hd__and4_4)
   0.155    4.115 v wire406/X (sky130_fd_sc_hd__buf_8)
   0.000    4.115 v d_req_valid (out)
            4.115   data arrival time

  10.000   10.000   clock clk (rise edge)
   0.000   10.000   clock network delay (propagated)
  -0.250    9.750   clock uncertainty
   0.000    9.750   clock reconvergence pessimism
  -2.000    7.750   output external delay
            7.750   data required time
-----------------------------------------------------------
            7.750   data required time
           -4.115   data arrival time
-----------------------------------------------------------
            3.635   slack (MET)


NAMED-PATH-END
NAMED-PATH-BEGIN d_rsp_error_to_d_req_valid
Startpoint: d_rsp_error (input port clocked by clk)
Endpoint: d_req_valid (output port clocked by clk)
Path Group: clk
Path Type: max

   Delay     Time   Description
-----------------------------------------------------------
   0.000    0.000   clock clk (rise edge)
   0.000    0.000   clock network delay (propagated)
   2.000    2.000 v input external delay
   0.007    2.007 v d_rsp_error (in)
   0.206    2.213 v input2/X (sky130_fd_sc_hd__buf_1)
   0.261    2.474 v _07857_/Y (sky130_fd_sc_hd__nand2b_2)
   0.175    2.648 v _07858_/X (sky130_fd_sc_hd__o211a_2)
   0.134    2.782 ^ _07859_/Y (sky130_fd_sc_hd__o21ai_2)
   0.375    3.158 ^ fanout937/X (sky130_fd_sc_hd__clkbuf_2)
   0.381    3.539 ^ fanout936/X (sky130_fd_sc_hd__clkbuf_2)
   0.325    3.863 ^ _07871_/X (sky130_fd_sc_hd__and4b_2)
   0.120    3.984 ^ fanout836/X (sky130_fd_sc_hd__buf_8)
   0.196    4.180 ^ rebuffer2480/X (sky130_fd_sc_hd__buf_1)
   0.351    4.531 ^ _07873_/X (sky130_fd_sc_hd__and4_4)
   0.152    4.683 ^ wire406/X (sky130_fd_sc_hd__buf_8)
   0.000    4.683 ^ d_req_valid (out)
            4.683   data arrival time

  10.000   10.000   clock clk (rise edge)
   0.000   10.000   clock network delay (propagated)
  -0.250    9.750   clock uncertainty
   0.000    9.750   clock reconvergence pessimism
  -2.000    7.750   output external delay
            7.750   data required time
-----------------------------------------------------------
            7.750   data required time
           -4.683   data arrival time
-----------------------------------------------------------
            3.067   slack (MET)


NAMED-PATH-END
