NAMED-PATH-BEGIN d_rsp_valid_to_d_req_valid
Startpoint: d_rsp_valid (input port clocked by clk)
Endpoint: d_req_valid (output port clocked by clk)
Path Group: clk
Path Type: max

   Delay     Time   Description
-----------------------------------------------------------
   0.000    0.000   clock clk (rise edge)
   0.000    0.000   clock network delay (propagated)
   2.000    2.000 ^ input external delay
   0.008    2.008 ^ d_rsp_valid (in)
   0.274    2.282 ^ input35/X (sky130_fd_sc_hd__buf_2)
   0.261    2.542 ^ fanout2727/X (sky130_fd_sc_hd__dlymetal6s2s_1)
   0.108    2.650 ^ load_slew2728/X (sky130_fd_sc_hd__buf_6)
   0.194    2.844 v _07429_/X (sky130_fd_sc_hd__and4bb_2)
   0.163    3.007 v fanout1217/X (sky130_fd_sc_hd__clkbuf_4)
   0.113    3.120 ^ _07434_/Y (sky130_fd_sc_hd__a221oi_4)
   0.070    3.190 v _07435_/Y (sky130_fd_sc_hd__nand3b_2)
   0.101    3.291 ^ _07436_/Y (sky130_fd_sc_hd__inv_4)
   0.190    3.481 ^ _07437_/X (sky130_fd_sc_hd__and4_4)
   0.101    3.582 ^ output109/X (sky130_fd_sc_hd__buf_8)
   0.001    3.583 ^ d_req_valid (out)
            3.583   data arrival time

  10.000   10.000   clock clk (rise edge)
   0.000   10.000   clock network delay (propagated)
  -0.250    9.750   clock uncertainty
   0.000    9.750   clock reconvergence pessimism
  -2.000    7.750   output external delay
            7.750   data required time
-----------------------------------------------------------
            7.750   data required time
           -3.583   data arrival time
-----------------------------------------------------------
            4.167   slack (MET)


NAMED-PATH-END
NAMED-PATH-BEGIN d_rsp_error_to_d_req_valid
Startpoint: d_rsp_error (input port clocked by clk)
Endpoint: d_req_valid (output port clocked by clk)
Path Group: clk
Path Type: max

   Delay     Time   Description
-----------------------------------------------------------
   0.000    0.000   clock clk (rise edge)
   0.000    0.000   clock network delay (propagated)
   2.000    2.000 v input external delay
   0.003    2.003 v d_rsp_error (in)
   0.088    2.091 v input2/X (sky130_fd_sc_hd__clkbuf_1)
   0.105    2.197 v wire2731/X (sky130_fd_sc_hd__buf_6)
   0.132    2.329 v _07421_/Y (sky130_fd_sc_hd__nand2b_2)
   0.092    2.422 v _07422_/X (sky130_fd_sc_hd__o211a_2)
   0.250    2.672 ^ _07424_/Y (sky130_fd_sc_hd__o21ai_2)
   0.304    2.976 ^ fanout670/X (sky130_fd_sc_hd__dlygate4sd1_1)
   0.067    3.043 v _07435_/Y (sky130_fd_sc_hd__nand3b_2)
   0.101    3.144 ^ _07436_/Y (sky130_fd_sc_hd__inv_4)
   0.190    3.334 ^ _07437_/X (sky130_fd_sc_hd__and4_4)
   0.101    3.435 ^ output109/X (sky130_fd_sc_hd__buf_8)
   0.001    3.436 ^ d_req_valid (out)
            3.436   data arrival time

  10.000   10.000   clock clk (rise edge)
   0.000   10.000   clock network delay (propagated)
  -0.250    9.750   clock uncertainty
   0.000    9.750   clock reconvergence pessimism
  -2.000    7.750   output external delay
            7.750   data required time
-----------------------------------------------------------
            7.750   data required time
           -3.436   data arrival time
-----------------------------------------------------------
            4.314   slack (MET)


NAMED-PATH-END
