Copyright 1986-2022 Xilinx, Inc. All Rights Reserved. Copyright 2022-2025 Advanced Micro Devices, Inc. All Rights Reserved.
---------------------------------------------------------------------------------------------------------------------------------------------
| Tool Version : Vivado v.2025.1 (lin64) Build 6140274 Wed May 21 22:58:25 MDT 2025
| Date         : Fri Oct  2 12:17:12 2026
| Host         : gondor running 64-bit Ubuntu 24.04.5 LTS
| Command      : report_timing_summary -max_paths 10 -file /home/elfo/Documents/Aster/build/timing/fpga/aster/timing_summary.rpt
| Design       : timing_aster
| Device       : 7z020-clg400
| Speed File   : -1  PRODUCTION 1.12 2019-11-22
| Design State : Routed
---------------------------------------------------------------------------------------------------------------------------------------------

Timing Summary Report

------------------------------------------------------------------------------------------------
| Timer Settings
| --------------
------------------------------------------------------------------------------------------------

  Enable Multi Corner Analysis               :  Yes
  Enable Pessimism Removal                   :  Yes
  Pessimism Removal Resolution               :  Nearest Common Node
  Enable Input Delay Default Clock           :  No
  Enable Preset / Clear Arcs                 :  No
  Disable Flight Delays                      :  No
  Ignore I/O Paths                           :  No
  Timing Early Launch at Borrowing Latches   :  No
  Borrow Time for Max Delay Exceptions       :  Yes
  Merge Timing Exceptions                    :  Yes
  Inter-SLR Compensation                     :  Conservative

  Corner  Analyze    Analyze    
  Name    Max Paths  Min Paths  
  ------  ---------  ---------  
  Slow    Yes        Yes        
  Fast    Yes        Yes        


------------------------------------------------------------------------------------------------
| Report Methodology
| ------------------
------------------------------------------------------------------------------------------------

No report available as report_methodology has not been run prior. Run report_methodology on the current design for the summary of methodology violations.



check_timing report

Table of Contents
-----------------
1. checking no_clock (0)
2. checking constant_clock (0)
3. checking pulse_width_clock (0)
4. checking unconstrained_internal_endpoints (0)
5. checking no_input_delay (74)
6. checking no_output_delay (104)
7. checking multiple_clock (0)
8. checking generated_clocks (0)
9. checking loops (0)
10. checking partial_input_delay (0)
11. checking partial_output_delay (0)
12. checking latch_loops (0)

1. checking no_clock (0)
------------------------
 There are 0 register/latch pins with no clock.


2. checking constant_clock (0)
------------------------------
 There are 0 register/latch pins with constant_clock.


3. checking pulse_width_clock (0)
---------------------------------
 There are 0 register/latch pins which need pulse_width check


4. checking unconstrained_internal_endpoints (0)
------------------------------------------------
 There are 0 pins that are not constrained for maximum delay.

 There are 0 pins that are not constrained for maximum delay due to constant clock.


5. checking no_input_delay (74)
-------------------------------
 There are 74 input ports with no input delay specified. (HIGH)

 There are 0 input ports with no input delay but user has a false path constraint.


6. checking no_output_delay (104)
---------------------------------
 There are 104 ports with no output delay specified. (HIGH)

 There are 0 ports with no output delay but user has a false path constraint

 There are 0 ports with no output delay but with a timing clock defined on it or propagating through it


7. checking multiple_clock (0)
------------------------------
 There are 0 register/latch pins with multiple clocks.


8. checking generated_clocks (0)
--------------------------------
 There are 0 generated clocks that are not connected to a clock source.


9. checking loops (0)
---------------------
 There are 0 combinational loops in the design.


10. checking partial_input_delay (0)
------------------------------------
 There are 0 input ports with partial input delay specified.


11. checking partial_output_delay (0)
-------------------------------------
 There are 0 ports with partial output delay specified.


12. checking latch_loops (0)
----------------------------
 There are 0 combinational latch loops in the design through latch input



------------------------------------------------------------------------------------------------
| Design Timing Summary
| ---------------------
------------------------------------------------------------------------------------------------

    WNS(ns)      TNS(ns)  TNS Failing Endpoints  TNS Total Endpoints      WHS(ns)      THS(ns)  THS Failing Endpoints  THS Total Endpoints     WPWS(ns)     TPWS(ns)  TPWS Failing Endpoints  TPWS Total Endpoints  
    -------      -------  ---------------------  -------------------      -------      -------  ---------------------  -------------------     --------     --------  ----------------------  --------------------  
      0.763        0.000                      0                 3946        0.079        0.000                      0                 3946        3.750        0.000                       0                  1537  


All user specified timing constraints are met.


------------------------------------------------------------------------------------------------
| Clock Summary
| -------------
------------------------------------------------------------------------------------------------

Clock  Waveform(ns)       Period(ns)      Frequency(MHz)
-----  ------------       ----------      --------------
clk    {0.000 5.000}      10.000          100.000         


------------------------------------------------------------------------------------------------
| Intra Clock Table
| -----------------
------------------------------------------------------------------------------------------------

Clock             WNS(ns)      TNS(ns)  TNS Failing Endpoints  TNS Total Endpoints      WHS(ns)      THS(ns)  THS Failing Endpoints  THS Total Endpoints     WPWS(ns)     TPWS(ns)  TPWS Failing Endpoints  TPWS Total Endpoints  
-----             -------      -------  ---------------------  -------------------      -------      -------  ---------------------  -------------------     --------     --------  ----------------------  --------------------  
clk                 0.763        0.000                      0                 3946        0.079        0.000                      0                 3946        3.750        0.000                       0                  1537  


------------------------------------------------------------------------------------------------
| Inter Clock Table
| -----------------
------------------------------------------------------------------------------------------------

From Clock    To Clock          WNS(ns)      TNS(ns)  TNS Failing Endpoints  TNS Total Endpoints      WHS(ns)      THS(ns)  THS Failing Endpoints  THS Total Endpoints  
----------    --------          -------      -------  ---------------------  -------------------      -------      -------  ---------------------  -------------------  


------------------------------------------------------------------------------------------------
| Other Path Groups Table
| -----------------------
------------------------------------------------------------------------------------------------

Path Group    From Clock    To Clock          WNS(ns)      TNS(ns)  TNS Failing Endpoints  TNS Total Endpoints      WHS(ns)      THS(ns)  THS Failing Endpoints  THS Total Endpoints  
----------    ----------    --------          -------      -------  ---------------------  -------------------      -------      -------  ---------------------  -------------------  


------------------------------------------------------------------------------------------------
| Timing Details
| --------------
------------------------------------------------------------------------------------------------


---------------------------------------------------------------------------------------------------
From Clock:  clk
  To Clock:  clk

Setup :            0  Failing Endpoints,  Worst Slack        0.763ns,  Total Violation        0.000ns
Hold  :            0  Failing Endpoints,  Worst Slack        0.079ns,  Total Violation        0.000ns
PW    :            0  Failing Endpoints,  Worst Slack        3.750ns,  Total Violation        0.000ns
---------------------------------------------------------------------------------------------------


Max Delay Paths
--------------------------------------------------------------------------------------
Slack (MET) :             0.763ns  (required time - arrival time)
  Source:                 core/mie_msie_reg/C
                            (rising edge-triggered cell FDRE clocked by clk  {rise@0.000ns fall@5.000ns period=10.000ns})
  Destination:            core/e_dec_reg[imm][24]/R
                            (rising edge-triggered cell FDRE clocked by clk  {rise@0.000ns fall@5.000ns period=10.000ns})
  Path Group:             clk
  Path Type:              Setup (Max at Slow Process Corner)
  Requirement:            10.000ns  (clk rise@10.000ns - clk rise@0.000ns)
  Data Path Delay:        8.500ns  (logic 1.779ns (20.929%)  route 6.721ns (79.071%))
  Logic Levels:           7  (LUT3=2 LUT4=3 LUT5=1 LUT6=1)
  Clock Path Skew:        -0.049ns (DCD - SCD + CPR)
    Destination Clock Delay (DCD):    0.924ns = ( 10.924 - 10.000 ) 
    Source Clock Delay      (SCD):    0.973ns
    Clock Pessimism Removal (CPR):    0.000ns
  Clock Uncertainty:      0.035ns  ((TSJ^2 + TIJ^2)^1/2 + DJ) / 2 + PE
    Total System Jitter     (TSJ):    0.071ns
    Total Input Jitter      (TIJ):    0.000ns
    Discrete Jitter          (DJ):    0.000ns
    Phase Error              (PE):    0.000ns

    Location             Delay type                Incr(ns)  Path(ns)    Netlist Resource(s)
  -------------------------------------------------------------------    -------------------
                         (clock clk rise edge)        0.000     0.000 r  
                                                      0.000     0.000 r  clk (IN)
                         net (fo=1536, unset)         0.973     0.973    core/clk
    SLICE_X40Y5          FDRE                                         r  core/mie_msie_reg/C
  -------------------------------------------------------------------    -------------------
    SLICE_X40Y5          FDRE (Prop_fdre_C_Q)         0.456     1.429 f  core/mie_msie_reg/Q
                         net (fo=3, routed)           0.831     2.260    core/fetch/mie_msie
    SLICE_X40Y5          LUT4 (Prop_lut4_I1_O)        0.124     2.384 f  core/fetch/mcause[2]_i_2/O
                         net (fo=2, routed)           0.311     2.695    core/fetch/mip_q_reg[0]
    SLICE_X40Y4          LUT5 (Prop_lut5_I2_O)        0.124     2.819 f  core/fetch/d_req_valid_INST_0_i_4/O
                         net (fo=3, routed)           0.969     3.789    core/fetch/mip_q_reg[1]
    SLICE_X49Y2          LUT4 (Prop_lut4_I1_O)        0.149     3.938 f  core/fetch/d_req_valid_INST_0_i_1/O
                         net (fo=41, routed)          1.104     5.041    core/fetch/m1_reg[valid]_0
    SLICE_X55Y2          LUT6 (Prop_lut6_I1_O)        0.332     5.373 r  core/fetch/m1_first_i_1/O
                         net (fo=11, routed)          0.463     5.837    core/fetch/e_advance
    SLICE_X54Y3          LUT3 (Prop_lut3_I2_O)        0.124     5.961 f  core/fetch/e_dec[imm][31]_i_4/O
                         net (fo=109, routed)         0.686     6.646    core/fetch_n_117
    SLICE_X55Y4          LUT3 (Prop_lut3_I2_O)        0.118     6.764 r  core/e_dec[imm][31]_i_2/O
                         net (fo=163, routed)         1.205     7.969    core/e_dec169_out
    SLICE_X46Y4          LUT4 (Prop_lut4_I3_O)        0.352     8.321 r  core/e_dec[imm][31]_i_1/O
                         net (fo=27, routed)          1.152     9.473    core/e_dec[imm][31]_i_1_n_0
    SLICE_X48Y16         FDRE                                         r  core/e_dec_reg[imm][24]/R
  -------------------------------------------------------------------    -------------------

                         (clock clk rise edge)       10.000    10.000 r  
                                                      0.000    10.000 r  clk (IN)
                         net (fo=1536, unset)         0.924    10.924    core/clk
    SLICE_X48Y16         FDRE                                         r  core/e_dec_reg[imm][24]/C
                         clock pessimism              0.000    10.924    
                         clock uncertainty           -0.035    10.889    
    SLICE_X48Y16         FDRE (Setup_fdre_C_R)       -0.653    10.236    core/e_dec_reg[imm][24]
  -------------------------------------------------------------------
                         required time                         10.236    
                         arrival time                          -9.473    
  -------------------------------------------------------------------
                         slack                                  0.763    

Slack (MET) :             0.763ns  (required time - arrival time)
  Source:                 core/mie_msie_reg/C
                            (rising edge-triggered cell FDRE clocked by clk  {rise@0.000ns fall@5.000ns period=10.000ns})
  Destination:            core/e_dec_reg[imm][26]/R
                            (rising edge-triggered cell FDRE clocked by clk  {rise@0.000ns fall@5.000ns period=10.000ns})
  Path Group:             clk
  Path Type:              Setup (Max at Slow Process Corner)
  Requirement:            10.000ns  (clk rise@10.000ns - clk rise@0.000ns)
  Data Path Delay:        8.500ns  (logic 1.779ns (20.929%)  route 6.721ns (79.071%))
  Logic Levels:           7  (LUT3=2 LUT4=3 LUT5=1 LUT6=1)
  Clock Path Skew:        -0.049ns (DCD - SCD + CPR)
    Destination Clock Delay (DCD):    0.924ns = ( 10.924 - 10.000 ) 
    Source Clock Delay      (SCD):    0.973ns
    Clock Pessimism Removal (CPR):    0.000ns
  Clock Uncertainty:      0.035ns  ((TSJ^2 + TIJ^2)^1/2 + DJ) / 2 + PE
    Total System Jitter     (TSJ):    0.071ns
    Total Input Jitter      (TIJ):    0.000ns
    Discrete Jitter          (DJ):    0.000ns
    Phase Error              (PE):    0.000ns

    Location             Delay type                Incr(ns)  Path(ns)    Netlist Resource(s)
  -------------------------------------------------------------------    -------------------
                         (clock clk rise edge)        0.000     0.000 r  
                                                      0.000     0.000 r  clk (IN)
                         net (fo=1536, unset)         0.973     0.973    core/clk
    SLICE_X40Y5          FDRE                                         r  core/mie_msie_reg/C
  -------------------------------------------------------------------    -------------------
    SLICE_X40Y5          FDRE (Prop_fdre_C_Q)         0.456     1.429 f  core/mie_msie_reg/Q
                         net (fo=3, routed)           0.831     2.260    core/fetch/mie_msie
    SLICE_X40Y5          LUT4 (Prop_lut4_I1_O)        0.124     2.384 f  core/fetch/mcause[2]_i_2/O
                         net (fo=2, routed)           0.311     2.695    core/fetch/mip_q_reg[0]
    SLICE_X40Y4          LUT5 (Prop_lut5_I2_O)        0.124     2.819 f  core/fetch/d_req_valid_INST_0_i_4/O
                         net (fo=3, routed)           0.969     3.789    core/fetch/mip_q_reg[1]
    SLICE_X49Y2          LUT4 (Prop_lut4_I1_O)        0.149     3.938 f  core/fetch/d_req_valid_INST_0_i_1/O
                         net (fo=41, routed)          1.104     5.041    core/fetch/m1_reg[valid]_0
    SLICE_X55Y2          LUT6 (Prop_lut6_I1_O)        0.332     5.373 r  core/fetch/m1_first_i_1/O
                         net (fo=11, routed)          0.463     5.837    core/fetch/e_advance
    SLICE_X54Y3          LUT3 (Prop_lut3_I2_O)        0.124     5.961 f  core/fetch/e_dec[imm][31]_i_4/O
                         net (fo=109, routed)         0.686     6.646    core/fetch_n_117
    SLICE_X55Y4          LUT3 (Prop_lut3_I2_O)        0.118     6.764 r  core/e_dec[imm][31]_i_2/O
                         net (fo=163, routed)         1.205     7.969    core/e_dec169_out
    SLICE_X46Y4          LUT4 (Prop_lut4_I3_O)        0.352     8.321 r  core/e_dec[imm][31]_i_1/O
                         net (fo=27, routed)          1.152     9.473    core/e_dec[imm][31]_i_1_n_0
    SLICE_X48Y16         FDRE                                         r  core/e_dec_reg[imm][26]/R
  -------------------------------------------------------------------    -------------------

                         (clock clk rise edge)       10.000    10.000 r  
                                                      0.000    10.000 r  clk (IN)
                         net (fo=1536, unset)         0.924    10.924    core/clk
    SLICE_X48Y16         FDRE                                         r  core/e_dec_reg[imm][26]/C
                         clock pessimism              0.000    10.924    
                         clock uncertainty           -0.035    10.889    
    SLICE_X48Y16         FDRE (Setup_fdre_C_R)       -0.653    10.236    core/e_dec_reg[imm][26]
  -------------------------------------------------------------------
                         required time                         10.236    
                         arrival time                          -9.473    
  -------------------------------------------------------------------
                         slack                                  0.763    

Slack (MET) :             0.767ns  (required time - arrival time)
  Source:                 core/mie_msie_reg/C
                            (rising edge-triggered cell FDRE clocked by clk  {rise@0.000ns fall@5.000ns period=10.000ns})
  Destination:            core/e_dec_reg[imm][28]/R
                            (rising edge-triggered cell FDRE clocked by clk  {rise@0.000ns fall@5.000ns period=10.000ns})
  Path Group:             clk
  Path Type:              Setup (Max at Slow Process Corner)
  Requirement:            10.000ns  (clk rise@10.000ns - clk rise@0.000ns)
  Data Path Delay:        8.496ns  (logic 1.779ns (20.940%)  route 6.717ns (79.060%))
  Logic Levels:           7  (LUT3=2 LUT4=3 LUT5=1 LUT6=1)
  Clock Path Skew:        -0.049ns (DCD - SCD + CPR)
    Destination Clock Delay (DCD):    0.924ns = ( 10.924 - 10.000 ) 
    Source Clock Delay      (SCD):    0.973ns
    Clock Pessimism Removal (CPR):    0.000ns
  Clock Uncertainty:      0.035ns  ((TSJ^2 + TIJ^2)^1/2 + DJ) / 2 + PE
    Total System Jitter     (TSJ):    0.071ns
    Total Input Jitter      (TIJ):    0.000ns
    Discrete Jitter          (DJ):    0.000ns
    Phase Error              (PE):    0.000ns

    Location             Delay type                Incr(ns)  Path(ns)    Netlist Resource(s)
  -------------------------------------------------------------------    -------------------
                         (clock clk rise edge)        0.000     0.000 r  
                                                      0.000     0.000 r  clk (IN)
                         net (fo=1536, unset)         0.973     0.973    core/clk
    SLICE_X40Y5          FDRE                                         r  core/mie_msie_reg/C
  -------------------------------------------------------------------    -------------------
    SLICE_X40Y5          FDRE (Prop_fdre_C_Q)         0.456     1.429 f  core/mie_msie_reg/Q
                         net (fo=3, routed)           0.831     2.260    core/fetch/mie_msie
    SLICE_X40Y5          LUT4 (Prop_lut4_I1_O)        0.124     2.384 f  core/fetch/mcause[2]_i_2/O
                         net (fo=2, routed)           0.311     2.695    core/fetch/mip_q_reg[0]
    SLICE_X40Y4          LUT5 (Prop_lut5_I2_O)        0.124     2.819 f  core/fetch/d_req_valid_INST_0_i_4/O
                         net (fo=3, routed)           0.969     3.789    core/fetch/mip_q_reg[1]
    SLICE_X49Y2          LUT4 (Prop_lut4_I1_O)        0.149     3.938 f  core/fetch/d_req_valid_INST_0_i_1/O
                         net (fo=41, routed)          1.104     5.041    core/fetch/m1_reg[valid]_0
    SLICE_X55Y2          LUT6 (Prop_lut6_I1_O)        0.332     5.373 r  core/fetch/m1_first_i_1/O
                         net (fo=11, routed)          0.463     5.837    core/fetch/e_advance
    SLICE_X54Y3          LUT3 (Prop_lut3_I2_O)        0.124     5.961 f  core/fetch/e_dec[imm][31]_i_4/O
                         net (fo=109, routed)         0.686     6.646    core/fetch_n_117
    SLICE_X55Y4          LUT3 (Prop_lut3_I2_O)        0.118     6.764 r  core/e_dec[imm][31]_i_2/O
                         net (fo=163, routed)         1.205     7.969    core/e_dec169_out
    SLICE_X46Y4          LUT4 (Prop_lut4_I3_O)        0.352     8.321 r  core/e_dec[imm][31]_i_1/O
                         net (fo=27, routed)          1.148     9.469    core/e_dec[imm][31]_i_1_n_0
    SLICE_X49Y16         FDRE                                         r  core/e_dec_reg[imm][28]/R
  -------------------------------------------------------------------    -------------------

                         (clock clk rise edge)       10.000    10.000 r  
                                                      0.000    10.000 r  clk (IN)
                         net (fo=1536, unset)         0.924    10.924    core/clk
    SLICE_X49Y16         FDRE                                         r  core/e_dec_reg[imm][28]/C
                         clock pessimism              0.000    10.924    
                         clock uncertainty           -0.035    10.889    
    SLICE_X49Y16         FDRE (Setup_fdre_C_R)       -0.653    10.236    core/e_dec_reg[imm][28]
  -------------------------------------------------------------------
                         required time                         10.236    
                         arrival time                          -9.469    
  -------------------------------------------------------------------
                         slack                                  0.767    

Slack (MET) :             0.787ns  (required time - arrival time)
  Source:                 core/fsel2_reg[1]/C
                            (rising edge-triggered cell FDRE clocked by clk  {rise@0.000ns fall@5.000ns period=10.000ns})
  Destination:            core/m1_reg[result][29]/D
                            (rising edge-triggered cell FDRE clocked by clk  {rise@0.000ns fall@5.000ns period=10.000ns})
  Path Group:             clk
  Path Type:              Setup (Max at Slow Process Corner)
  Requirement:            10.000ns  (clk rise@10.000ns - clk rise@0.000ns)
  Data Path Delay:        9.208ns  (logic 3.466ns (37.643%)  route 5.742ns (62.357%))
  Logic Levels:           16  (CARRY4=7 LUT2=1 LUT3=1 LUT4=2 LUT5=3 LUT6=2)
  Clock Path Skew:        -0.049ns (DCD - SCD + CPR)
    Destination Clock Delay (DCD):    0.924ns = ( 10.924 - 10.000 ) 
    Source Clock Delay      (SCD):    0.973ns
    Clock Pessimism Removal (CPR):    0.000ns
  Clock Uncertainty:      0.035ns  ((TSJ^2 + TIJ^2)^1/2 + DJ) / 2 + PE
    Total System Jitter     (TSJ):    0.071ns
    Total Input Jitter      (TIJ):    0.000ns
    Discrete Jitter          (DJ):    0.000ns
    Phase Error              (PE):    0.000ns

    Location             Delay type                Incr(ns)  Path(ns)    Netlist Resource(s)
  -------------------------------------------------------------------    -------------------
                         (clock clk rise edge)        0.000     0.000 r  
                                                      0.000     0.000 r  clk (IN)
                         net (fo=1536, unset)         0.973     0.973    core/clk
    SLICE_X58Y0          FDRE                                         r  core/fsel2_reg[1]/C
  -------------------------------------------------------------------    -------------------
    SLICE_X58Y0          FDRE (Prop_fdre_C_Q)         0.518     1.491 r  core/fsel2_reg[1]/Q
                         net (fo=32, routed)          1.005     2.496    core/fetch/m1_reg[rs2v][31][1]
    SLICE_X60Y4          LUT4 (Prop_lut4_I1_O)        0.124     2.620 r  core/fetch/d_req_wdata[20]_INST_0_i_3/O
                         net (fo=1, routed)           0.574     3.194    core/fetch/d_req_wdata[20]_INST_0_i_3_n_0
    SLICE_X60Y3          LUT5 (Prop_lut5_I4_O)        0.124     3.318 r  core/fetch/d_req_wdata[20]_INST_0_i_1/O
                         net (fo=18, routed)          0.982     4.300    core/d_req_wdata[4]
    SLICE_X54Y8          LUT3 (Prop_lut3_I0_O)        0.124     4.424 r  core/m1[result][31]_i_17/O
                         net (fo=113, routed)         0.830     5.254    core/m1[result][31]_i_17_n_0
    SLICE_X53Y11         LUT2 (Prop_lut2_I0_O)        0.124     5.378 r  core/m1[result][7]_i_23/O
                         net (fo=1, routed)           0.000     5.378    core/m1[result][7]_i_23_n_0
    SLICE_X53Y11         CARRY4 (Prop_carry4_S[0]_CO[3])
                                                      0.532     5.910 r  core/m1_reg[result][7]_i_12/CO[3]
                         net (fo=1, routed)           0.000     5.910    core/m1_reg[result][7]_i_12_n_0
    SLICE_X53Y12         CARRY4 (Prop_carry4_CI_CO[3])
                                                      0.114     6.024 r  core/m1_reg[result][11]_i_22/CO[3]
                         net (fo=1, routed)           0.000     6.024    core/m1_reg[result][11]_i_22_n_0
    SLICE_X53Y13         CARRY4 (Prop_carry4_CI_CO[3])
                                                      0.114     6.138 r  core/m1_reg[result][13]_i_17/CO[3]
                         net (fo=1, routed)           0.000     6.138    core/m1_reg[result][13]_i_17_n_0
    SLICE_X53Y14         CARRY4 (Prop_carry4_CI_CO[3])
                                                      0.114     6.252 r  core/m1_reg[result][19]_i_20/CO[3]
                         net (fo=1, routed)           0.000     6.252    core/m1_reg[result][19]_i_20_n_0
    SLICE_X53Y15         CARRY4 (Prop_carry4_CI_CO[3])
                                                      0.114     6.366 r  core/m1_reg[result][21]_i_16/CO[3]
                         net (fo=1, routed)           0.000     6.366    core/m1_reg[result][21]_i_16_n_0
    SLICE_X53Y16         CARRY4 (Prop_carry4_CI_CO[3])
                                                      0.114     6.480 r  core/m1_reg[result][27]_i_14/CO[3]
                         net (fo=1, routed)           0.000     6.480    core/m1_reg[result][27]_i_14_n_0
    SLICE_X53Y17         CARRY4 (Prop_carry4_CI_O[1])
                                                      0.334     6.814 r  core/m1_reg[result][31]_i_25/O[1]
                         net (fo=1, routed)           0.499     7.312    core/p_3_out[29]
    SLICE_X52Y17         LUT4 (Prop_lut4_I2_O)        0.303     7.615 r  core/m1[result][29]_i_12/O
                         net (fo=1, routed)           0.512     8.127    core/m1[result][29]_i_12_n_0
    SLICE_X55Y18         LUT5 (Prop_lut5_I3_O)        0.124     8.251 r  core/m1[result][29]_i_10/O
                         net (fo=1, routed)           0.151     8.403    core/m1[result][29]_i_10_n_0
    SLICE_X55Y18         LUT6 (Prop_lut6_I4_O)        0.124     8.527 r  core/m1[result][29]_i_8/O
                         net (fo=1, routed)           0.903     9.430    core/m1[result][29]_i_8_n_0
    SLICE_X66Y15         LUT5 (Prop_lut5_I1_O)        0.117     9.547 r  core/m1[result][29]_i_4/O
                         net (fo=1, routed)           0.286     9.833    core/m1[result][29]_i_4_n_0
    SLICE_X66Y15         LUT6 (Prop_lut6_I2_O)        0.348    10.181 r  core/m1[result][29]_i_1/O
                         net (fo=1, routed)           0.000    10.181    core/result_return[29]
    SLICE_X66Y15         FDRE                                         r  core/m1_reg[result][29]/D
  -------------------------------------------------------------------    -------------------

                         (clock clk rise edge)       10.000    10.000 r  
                                                      0.000    10.000 r  clk (IN)
                         net (fo=1536, unset)         0.924    10.924    core/clk
    SLICE_X66Y15         FDRE                                         r  core/m1_reg[result][29]/C
                         clock pessimism              0.000    10.924    
                         clock uncertainty           -0.035    10.889    
    SLICE_X66Y15         FDRE (Setup_fdre_C_D)        0.079    10.968    core/m1_reg[result][29]
  -------------------------------------------------------------------
                         required time                         10.968    
                         arrival time                         -10.181    
  -------------------------------------------------------------------
                         slack                                  0.787    

Slack (MET) :             0.813ns  (required time - arrival time)
  Source:                 core/fsel2_reg[1]/C
                            (rising edge-triggered cell FDRE clocked by clk  {rise@0.000ns fall@5.000ns period=10.000ns})
  Destination:            core/m1_reg[result][12]/D
                            (rising edge-triggered cell FDRE clocked by clk  {rise@0.000ns fall@5.000ns period=10.000ns})
  Path Group:             clk
  Path Type:              Setup (Max at Slow Process Corner)
  Requirement:            10.000ns  (clk rise@10.000ns - clk rise@0.000ns)
  Data Path Delay:        9.134ns  (logic 2.801ns (30.666%)  route 6.333ns (69.334%))
  Logic Levels:           13  (CARRY4=3 LUT2=1 LUT3=3 LUT4=2 LUT5=2 LUT6=2)
  Clock Path Skew:        -0.049ns (DCD - SCD + CPR)
    Destination Clock Delay (DCD):    0.924ns = ( 10.924 - 10.000 ) 
    Source Clock Delay      (SCD):    0.973ns
    Clock Pessimism Removal (CPR):    0.000ns
  Clock Uncertainty:      0.035ns  ((TSJ^2 + TIJ^2)^1/2 + DJ) / 2 + PE
    Total System Jitter     (TSJ):    0.071ns
    Total Input Jitter      (TIJ):    0.000ns
    Discrete Jitter          (DJ):    0.000ns
    Phase Error              (PE):    0.000ns

    Location             Delay type                Incr(ns)  Path(ns)    Netlist Resource(s)
  -------------------------------------------------------------------    -------------------
                         (clock clk rise edge)        0.000     0.000 r  
                                                      0.000     0.000 r  clk (IN)
                         net (fo=1536, unset)         0.973     0.973    core/clk
    SLICE_X58Y0          FDRE                                         r  core/fsel2_reg[1]/C
  -------------------------------------------------------------------    -------------------
    SLICE_X58Y0          FDRE (Prop_fdre_C_Q)         0.518     1.491 r  core/fsel2_reg[1]/Q
                         net (fo=32, routed)          1.005     2.496    core/fetch/m1_reg[rs2v][31][1]
    SLICE_X60Y4          LUT4 (Prop_lut4_I1_O)        0.124     2.620 r  core/fetch/d_req_wdata[20]_INST_0_i_3/O
                         net (fo=1, routed)           0.574     3.194    core/fetch/d_req_wdata[20]_INST_0_i_3_n_0
    SLICE_X60Y3          LUT5 (Prop_lut5_I4_O)        0.124     3.318 r  core/fetch/d_req_wdata[20]_INST_0_i_1/O
                         net (fo=18, routed)          0.982     4.300    core/d_req_wdata[4]
    SLICE_X54Y8          LUT3 (Prop_lut3_I0_O)        0.124     4.424 r  core/m1[result][31]_i_17/O
                         net (fo=113, routed)         0.830     5.254    core/m1[result][31]_i_17_n_0
    SLICE_X53Y11         LUT2 (Prop_lut2_I0_O)        0.124     5.378 r  core/m1[result][7]_i_23/O
                         net (fo=1, routed)           0.000     5.378    core/m1[result][7]_i_23_n_0
    SLICE_X53Y11         CARRY4 (Prop_carry4_S[0]_CO[3])
                                                      0.532     5.910 r  core/m1_reg[result][7]_i_12/CO[3]
                         net (fo=1, routed)           0.000     5.910    core/m1_reg[result][7]_i_12_n_0
    SLICE_X53Y12         CARRY4 (Prop_carry4_CI_CO[3])
                                                      0.114     6.024 r  core/m1_reg[result][11]_i_22/CO[3]
                         net (fo=1, routed)           0.000     6.024    core/m1_reg[result][11]_i_22_n_0
    SLICE_X53Y13         CARRY4 (Prop_carry4_CI_O[0])
                                                      0.222     6.246 r  core/m1_reg[result][13]_i_17/O[0]
                         net (fo=1, routed)           0.449     6.695    core/p_3_out[12]
    SLICE_X50Y12         LUT4 (Prop_lut4_I0_O)        0.299     6.994 r  core/m1[result][12]_i_14/O
                         net (fo=1, routed)           0.586     7.580    core/m1[result][12]_i_14_n_0
    SLICE_X50Y12         LUT6 (Prop_lut6_I5_O)        0.124     7.704 r  core/m1[result][12]_i_12/O
                         net (fo=1, routed)           0.312     8.016    core/m1[result][12]_i_12_n_0
    SLICE_X50Y11         LUT3 (Prop_lut3_I0_O)        0.124     8.140 r  core/m1[result][12]_i_10/O
                         net (fo=1, routed)           0.651     8.791    core/m1[result][12]_i_10_n_0
    SLICE_X56Y11         LUT6 (Prop_lut6_I4_O)        0.124     8.915 r  core/m1[result][12]_i_6/O
                         net (fo=1, routed)           0.634     9.549    core/m1[result][12]_i_6_n_0
    SLICE_X66Y11         LUT3 (Prop_lut3_I2_O)        0.124     9.673 r  core/m1[result][12]_i_3/O
                         net (fo=1, routed)           0.310     9.983    core/m1[result][12]_i_3_n_0
    SLICE_X68Y11         LUT5 (Prop_lut5_I3_O)        0.124    10.107 r  core/m1[result][12]_i_1/O
                         net (fo=1, routed)           0.000    10.107    core/result_return[12]
    SLICE_X68Y11         FDRE                                         r  core/m1_reg[result][12]/D
  -------------------------------------------------------------------    -------------------

                         (clock clk rise edge)       10.000    10.000 r  
                                                      0.000    10.000 r  clk (IN)
                         net (fo=1536, unset)         0.924    10.924    core/clk
    SLICE_X68Y11         FDRE                                         r  core/m1_reg[result][12]/C
                         clock pessimism              0.000    10.924    
                         clock uncertainty           -0.035    10.889    
    SLICE_X68Y11         FDRE (Setup_fdre_C_D)        0.031    10.920    core/m1_reg[result][12]
  -------------------------------------------------------------------
                         required time                         10.920    
                         arrival time                         -10.107    
  -------------------------------------------------------------------
                         slack                                  0.813    

Slack (MET) :             0.813ns  (required time - arrival time)
  Source:                 core/fsel2_reg[1]/C
                            (rising edge-triggered cell FDRE clocked by clk  {rise@0.000ns fall@5.000ns period=10.000ns})
  Destination:            core/m1_reg[result][22]/D
                            (rising edge-triggered cell FDRE clocked by clk  {rise@0.000ns fall@5.000ns period=10.000ns})
  Path Group:             clk
  Path Type:              Setup (Max at Slow Process Corner)
  Requirement:            10.000ns  (clk rise@10.000ns - clk rise@0.000ns)
  Data Path Delay:        9.131ns  (logic 2.914ns (31.912%)  route 6.217ns (68.088%))
  Logic Levels:           14  (CARRY4=5 LUT2=1 LUT3=1 LUT4=2 LUT5=3 LUT6=2)
  Clock Path Skew:        -0.049ns (DCD - SCD + CPR)
    Destination Clock Delay (DCD):    0.924ns = ( 10.924 - 10.000 ) 
    Source Clock Delay      (SCD):    0.973ns
    Clock Pessimism Removal (CPR):    0.000ns
  Clock Uncertainty:      0.035ns  ((TSJ^2 + TIJ^2)^1/2 + DJ) / 2 + PE
    Total System Jitter     (TSJ):    0.071ns
    Total Input Jitter      (TIJ):    0.000ns
    Discrete Jitter          (DJ):    0.000ns
    Phase Error              (PE):    0.000ns

    Location             Delay type                Incr(ns)  Path(ns)    Netlist Resource(s)
  -------------------------------------------------------------------    -------------------
                         (clock clk rise edge)        0.000     0.000 r  
                                                      0.000     0.000 r  clk (IN)
                         net (fo=1536, unset)         0.973     0.973    core/clk
    SLICE_X58Y0          FDRE                                         r  core/fsel2_reg[1]/C
  -------------------------------------------------------------------    -------------------
    SLICE_X58Y0          FDRE (Prop_fdre_C_Q)         0.518     1.491 r  core/fsel2_reg[1]/Q
                         net (fo=32, routed)          1.005     2.496    core/fetch/m1_reg[rs2v][31][1]
    SLICE_X60Y4          LUT4 (Prop_lut4_I1_O)        0.124     2.620 r  core/fetch/d_req_wdata[20]_INST_0_i_3/O
                         net (fo=1, routed)           0.574     3.194    core/fetch/d_req_wdata[20]_INST_0_i_3_n_0
    SLICE_X60Y3          LUT5 (Prop_lut5_I4_O)        0.124     3.318 r  core/fetch/d_req_wdata[20]_INST_0_i_1/O
                         net (fo=18, routed)          0.982     4.300    core/d_req_wdata[4]
    SLICE_X54Y8          LUT3 (Prop_lut3_I0_O)        0.124     4.424 r  core/m1[result][31]_i_17/O
                         net (fo=113, routed)         0.615     5.039    core/m1[result][31]_i_17_n_0
    SLICE_X54Y11         LUT2 (Prop_lut2_I1_O)        0.124     5.163 r  core/m1[result][7]_i_40/O
                         net (fo=1, routed)           0.000     5.163    core/m1[result][7]_i_40_n_0
    SLICE_X54Y11         CARRY4 (Prop_carry4_S[0]_CO[3])
                                                      0.513     5.676 r  core/m1_reg[result][7]_i_24/CO[3]
                         net (fo=1, routed)           0.000     5.676    core/m1_reg[result][7]_i_24_n_0
    SLICE_X54Y12         CARRY4 (Prop_carry4_CI_CO[3])
                                                      0.117     5.793 r  core/m1_reg[result][11]_i_23/CO[3]
                         net (fo=1, routed)           0.000     5.793    core/m1_reg[result][11]_i_23_n_0
    SLICE_X54Y13         CARRY4 (Prop_carry4_CI_CO[3])
                                                      0.117     5.910 r  core/m1_reg[result][14]_i_14/CO[3]
                         net (fo=1, routed)           0.000     5.910    core/m1_reg[result][14]_i_14_n_0
    SLICE_X54Y14         CARRY4 (Prop_carry4_CI_CO[3])
                                                      0.117     6.027 r  core/m1_reg[result][19]_i_31/CO[3]
                         net (fo=1, routed)           0.000     6.027    core/m1_reg[result][19]_i_31_n_0
    SLICE_X54Y15         CARRY4 (Prop_carry4_CI_O[2])
                                                      0.239     6.266 r  core/m1_reg[result][23]_i_17/O[2]
                         net (fo=1, routed)           0.809     7.075    core/p_1_out[22]
    SLICE_X52Y18         LUT4 (Prop_lut4_I0_O)        0.301     7.376 r  core/m1[result][22]_i_14/O
                         net (fo=1, routed)           0.611     7.988    core/m1[result][22]_i_14_n_0
    SLICE_X52Y19         LUT5 (Prop_lut5_I2_O)        0.124     8.112 r  core/m1[result][22]_i_13/O
                         net (fo=1, routed)           0.379     8.491    core/m1[result][22]_i_13_n_0
    SLICE_X55Y19         LUT6 (Prop_lut6_I4_O)        0.124     8.615 r  core/m1[result][22]_i_9/O
                         net (fo=1, routed)           0.825     9.439    core/m1[result][22]_i_9_n_0
    SLICE_X68Y16         LUT5 (Prop_lut5_I4_O)        0.124     9.563 r  core/m1[result][22]_i_4/O
                         net (fo=1, routed)           0.417     9.980    core/m1[result][22]_i_4_n_0
    SLICE_X68Y15         LUT6 (Prop_lut6_I5_O)        0.124    10.104 r  core/m1[result][22]_i_1/O
                         net (fo=1, routed)           0.000    10.104    core/result_return[22]
    SLICE_X68Y15         FDRE                                         r  core/m1_reg[result][22]/D
  -------------------------------------------------------------------    -------------------

                         (clock clk rise edge)       10.000    10.000 r  
                                                      0.000    10.000 r  clk (IN)
                         net (fo=1536, unset)         0.924    10.924    core/clk
    SLICE_X68Y15         FDRE                                         r  core/m1_reg[result][22]/C
                         clock pessimism              0.000    10.924    
                         clock uncertainty           -0.035    10.889    
    SLICE_X68Y15         FDRE (Setup_fdre_C_D)        0.029    10.918    core/m1_reg[result][22]
  -------------------------------------------------------------------
                         required time                         10.918    
                         arrival time                         -10.104    
  -------------------------------------------------------------------
                         slack                                  0.813    

Slack (MET) :             0.820ns  (required time - arrival time)
  Source:                 core/mie_msie_reg/C
                            (rising edge-triggered cell FDRE clocked by clk  {rise@0.000ns fall@5.000ns period=10.000ns})
  Destination:            core/e_dec_reg[imm][21]/R
                            (rising edge-triggered cell FDRE clocked by clk  {rise@0.000ns fall@5.000ns period=10.000ns})
  Path Group:             clk
  Path Type:              Setup (Max at Slow Process Corner)
  Requirement:            10.000ns  (clk rise@10.000ns - clk rise@0.000ns)
  Data Path Delay:        8.443ns  (logic 1.779ns (21.071%)  route 6.664ns (78.929%))
  Logic Levels:           7  (LUT3=2 LUT4=3 LUT5=1 LUT6=1)
  Clock Path Skew:        -0.049ns (DCD - SCD + CPR)
    Destination Clock Delay (DCD):    0.924ns = ( 10.924 - 10.000 ) 
    Source Clock Delay      (SCD):    0.973ns
    Clock Pessimism Removal (CPR):    0.000ns
  Clock Uncertainty:      0.035ns  ((TSJ^2 + TIJ^2)^1/2 + DJ) / 2 + PE
    Total System Jitter     (TSJ):    0.071ns
    Total Input Jitter      (TIJ):    0.000ns
    Discrete Jitter          (DJ):    0.000ns
    Phase Error              (PE):    0.000ns

    Location             Delay type                Incr(ns)  Path(ns)    Netlist Resource(s)
  -------------------------------------------------------------------    -------------------
                         (clock clk rise edge)        0.000     0.000 r  
                                                      0.000     0.000 r  clk (IN)
                         net (fo=1536, unset)         0.973     0.973    core/clk
    SLICE_X40Y5          FDRE                                         r  core/mie_msie_reg/C
  -------------------------------------------------------------------    -------------------
    SLICE_X40Y5          FDRE (Prop_fdre_C_Q)         0.456     1.429 f  core/mie_msie_reg/Q
                         net (fo=3, routed)           0.831     2.260    core/fetch/mie_msie
    SLICE_X40Y5          LUT4 (Prop_lut4_I1_O)        0.124     2.384 f  core/fetch/mcause[2]_i_2/O
                         net (fo=2, routed)           0.311     2.695    core/fetch/mip_q_reg[0]
    SLICE_X40Y4          LUT5 (Prop_lut5_I2_O)        0.124     2.819 f  core/fetch/d_req_valid_INST_0_i_4/O
                         net (fo=3, routed)           0.969     3.789    core/fetch/mip_q_reg[1]
    SLICE_X49Y2          LUT4 (Prop_lut4_I1_O)        0.149     3.938 f  core/fetch/d_req_valid_INST_0_i_1/O
                         net (fo=41, routed)          1.104     5.041    core/fetch/m1_reg[valid]_0
    SLICE_X55Y2          LUT6 (Prop_lut6_I1_O)        0.332     5.373 r  core/fetch/m1_first_i_1/O
                         net (fo=11, routed)          0.463     5.837    core/fetch/e_advance
    SLICE_X54Y3          LUT3 (Prop_lut3_I2_O)        0.124     5.961 f  core/fetch/e_dec[imm][31]_i_4/O
                         net (fo=109, routed)         0.686     6.646    core/fetch_n_117
    SLICE_X55Y4          LUT3 (Prop_lut3_I2_O)        0.118     6.764 r  core/e_dec[imm][31]_i_2/O
                         net (fo=163, routed)         1.205     7.969    core/e_dec169_out
    SLICE_X46Y4          LUT4 (Prop_lut4_I3_O)        0.352     8.321 r  core/e_dec[imm][31]_i_1/O
                         net (fo=27, routed)          1.095     9.416    core/e_dec[imm][31]_i_1_n_0
    SLICE_X48Y14         FDRE                                         r  core/e_dec_reg[imm][21]/R
  -------------------------------------------------------------------    -------------------

                         (clock clk rise edge)       10.000    10.000 r  
                                                      0.000    10.000 r  clk (IN)
                         net (fo=1536, unset)         0.924    10.924    core/clk
    SLICE_X48Y14         FDRE                                         r  core/e_dec_reg[imm][21]/C
                         clock pessimism              0.000    10.924    
                         clock uncertainty           -0.035    10.889    
    SLICE_X48Y14         FDRE (Setup_fdre_C_R)       -0.653    10.236    core/e_dec_reg[imm][21]
  -------------------------------------------------------------------
                         required time                         10.236    
                         arrival time                          -9.416    
  -------------------------------------------------------------------
                         slack                                  0.820    

Slack (MET) :             0.820ns  (required time - arrival time)
  Source:                 core/mie_msie_reg/C
                            (rising edge-triggered cell FDRE clocked by clk  {rise@0.000ns fall@5.000ns period=10.000ns})
  Destination:            core/e_dec_reg[imm][23]/R
                            (rising edge-triggered cell FDRE clocked by clk  {rise@0.000ns fall@5.000ns period=10.000ns})
  Path Group:             clk
  Path Type:              Setup (Max at Slow Process Corner)
  Requirement:            10.000ns  (clk rise@10.000ns - clk rise@0.000ns)
  Data Path Delay:        8.443ns  (logic 1.779ns (21.071%)  route 6.664ns (78.929%))
  Logic Levels:           7  (LUT3=2 LUT4=3 LUT5=1 LUT6=1)
  Clock Path Skew:        -0.049ns (DCD - SCD + CPR)
    Destination Clock Delay (DCD):    0.924ns = ( 10.924 - 10.000 ) 
    Source Clock Delay      (SCD):    0.973ns
    Clock Pessimism Removal (CPR):    0.000ns
  Clock Uncertainty:      0.035ns  ((TSJ^2 + TIJ^2)^1/2 + DJ) / 2 + PE
    Total System Jitter     (TSJ):    0.071ns
    Total Input Jitter      (TIJ):    0.000ns
    Discrete Jitter          (DJ):    0.000ns
    Phase Error              (PE):    0.000ns

    Location             Delay type                Incr(ns)  Path(ns)    Netlist Resource(s)
  -------------------------------------------------------------------    -------------------
                         (clock clk rise edge)        0.000     0.000 r  
                                                      0.000     0.000 r  clk (IN)
                         net (fo=1536, unset)         0.973     0.973    core/clk
    SLICE_X40Y5          FDRE                                         r  core/mie_msie_reg/C
  -------------------------------------------------------------------    -------------------
    SLICE_X40Y5          FDRE (Prop_fdre_C_Q)         0.456     1.429 f  core/mie_msie_reg/Q
                         net (fo=3, routed)           0.831     2.260    core/fetch/mie_msie
    SLICE_X40Y5          LUT4 (Prop_lut4_I1_O)        0.124     2.384 f  core/fetch/mcause[2]_i_2/O
                         net (fo=2, routed)           0.311     2.695    core/fetch/mip_q_reg[0]
    SLICE_X40Y4          LUT5 (Prop_lut5_I2_O)        0.124     2.819 f  core/fetch/d_req_valid_INST_0_i_4/O
                         net (fo=3, routed)           0.969     3.789    core/fetch/mip_q_reg[1]
    SLICE_X49Y2          LUT4 (Prop_lut4_I1_O)        0.149     3.938 f  core/fetch/d_req_valid_INST_0_i_1/O
                         net (fo=41, routed)          1.104     5.041    core/fetch/m1_reg[valid]_0
    SLICE_X55Y2          LUT6 (Prop_lut6_I1_O)        0.332     5.373 r  core/fetch/m1_first_i_1/O
                         net (fo=11, routed)          0.463     5.837    core/fetch/e_advance
    SLICE_X54Y3          LUT3 (Prop_lut3_I2_O)        0.124     5.961 f  core/fetch/e_dec[imm][31]_i_4/O
                         net (fo=109, routed)         0.686     6.646    core/fetch_n_117
    SLICE_X55Y4          LUT3 (Prop_lut3_I2_O)        0.118     6.764 r  core/e_dec[imm][31]_i_2/O
                         net (fo=163, routed)         1.205     7.969    core/e_dec169_out
    SLICE_X46Y4          LUT4 (Prop_lut4_I3_O)        0.352     8.321 r  core/e_dec[imm][31]_i_1/O
                         net (fo=27, routed)          1.095     9.416    core/e_dec[imm][31]_i_1_n_0
    SLICE_X48Y14         FDRE                                         r  core/e_dec_reg[imm][23]/R
  -------------------------------------------------------------------    -------------------

                         (clock clk rise edge)       10.000    10.000 r  
                                                      0.000    10.000 r  clk (IN)
                         net (fo=1536, unset)         0.924    10.924    core/clk
    SLICE_X48Y14         FDRE                                         r  core/e_dec_reg[imm][23]/C
                         clock pessimism              0.000    10.924    
                         clock uncertainty           -0.035    10.889    
    SLICE_X48Y14         FDRE (Setup_fdre_C_R)       -0.653    10.236    core/e_dec_reg[imm][23]
  -------------------------------------------------------------------
                         required time                         10.236    
                         arrival time                          -9.416    
  -------------------------------------------------------------------
                         slack                                  0.820    

Slack (MET) :             0.824ns  (required time - arrival time)
  Source:                 core/mie_msie_reg/C
                            (rising edge-triggered cell FDRE clocked by clk  {rise@0.000ns fall@5.000ns period=10.000ns})
  Destination:            core/e_dec_reg[imm][22]/R
                            (rising edge-triggered cell FDRE clocked by clk  {rise@0.000ns fall@5.000ns period=10.000ns})
  Path Group:             clk
  Path Type:              Setup (Max at Slow Process Corner)
  Requirement:            10.000ns  (clk rise@10.000ns - clk rise@0.000ns)
  Data Path Delay:        8.439ns  (logic 1.779ns (21.082%)  route 6.660ns (78.918%))
  Logic Levels:           7  (LUT3=2 LUT4=3 LUT5=1 LUT6=1)
  Clock Path Skew:        -0.049ns (DCD - SCD + CPR)
    Destination Clock Delay (DCD):    0.924ns = ( 10.924 - 10.000 ) 
    Source Clock Delay      (SCD):    0.973ns
    Clock Pessimism Removal (CPR):    0.000ns
  Clock Uncertainty:      0.035ns  ((TSJ^2 + TIJ^2)^1/2 + DJ) / 2 + PE
    Total System Jitter     (TSJ):    0.071ns
    Total Input Jitter      (TIJ):    0.000ns
    Discrete Jitter          (DJ):    0.000ns
    Phase Error              (PE):    0.000ns

    Location             Delay type                Incr(ns)  Path(ns)    Netlist Resource(s)
  -------------------------------------------------------------------    -------------------
                         (clock clk rise edge)        0.000     0.000 r  
                                                      0.000     0.000 r  clk (IN)
                         net (fo=1536, unset)         0.973     0.973    core/clk
    SLICE_X40Y5          FDRE                                         r  core/mie_msie_reg/C
  -------------------------------------------------------------------    -------------------
    SLICE_X40Y5          FDRE (Prop_fdre_C_Q)         0.456     1.429 f  core/mie_msie_reg/Q
                         net (fo=3, routed)           0.831     2.260    core/fetch/mie_msie
    SLICE_X40Y5          LUT4 (Prop_lut4_I1_O)        0.124     2.384 f  core/fetch/mcause[2]_i_2/O
                         net (fo=2, routed)           0.311     2.695    core/fetch/mip_q_reg[0]
    SLICE_X40Y4          LUT5 (Prop_lut5_I2_O)        0.124     2.819 f  core/fetch/d_req_valid_INST_0_i_4/O
                         net (fo=3, routed)           0.969     3.789    core/fetch/mip_q_reg[1]
    SLICE_X49Y2          LUT4 (Prop_lut4_I1_O)        0.149     3.938 f  core/fetch/d_req_valid_INST_0_i_1/O
                         net (fo=41, routed)          1.104     5.041    core/fetch/m1_reg[valid]_0
    SLICE_X55Y2          LUT6 (Prop_lut6_I1_O)        0.332     5.373 r  core/fetch/m1_first_i_1/O
                         net (fo=11, routed)          0.463     5.837    core/fetch/e_advance
    SLICE_X54Y3          LUT3 (Prop_lut3_I2_O)        0.124     5.961 f  core/fetch/e_dec[imm][31]_i_4/O
                         net (fo=109, routed)         0.686     6.646    core/fetch_n_117
    SLICE_X55Y4          LUT3 (Prop_lut3_I2_O)        0.118     6.764 r  core/e_dec[imm][31]_i_2/O
                         net (fo=163, routed)         1.205     7.969    core/e_dec169_out
    SLICE_X46Y4          LUT4 (Prop_lut4_I3_O)        0.352     8.321 r  core/e_dec[imm][31]_i_1/O
                         net (fo=27, routed)          1.091     9.412    core/e_dec[imm][31]_i_1_n_0
    SLICE_X49Y14         FDRE                                         r  core/e_dec_reg[imm][22]/R
  -------------------------------------------------------------------    -------------------

                         (clock clk rise edge)       10.000    10.000 r  
                                                      0.000    10.000 r  clk (IN)
                         net (fo=1536, unset)         0.924    10.924    core/clk
    SLICE_X49Y14         FDRE                                         r  core/e_dec_reg[imm][22]/C
                         clock pessimism              0.000    10.924    
                         clock uncertainty           -0.035    10.889    
    SLICE_X49Y14         FDRE (Setup_fdre_C_R)       -0.653    10.236    core/e_dec_reg[imm][22]
  -------------------------------------------------------------------
                         required time                         10.236    
                         arrival time                          -9.412    
  -------------------------------------------------------------------
                         slack                                  0.824    

Slack (MET) :             0.845ns  (required time - arrival time)
  Source:                 core/mie_msie_reg/C
                            (rising edge-triggered cell FDRE clocked by clk  {rise@0.000ns fall@5.000ns period=10.000ns})
  Destination:            core/e_dec_reg[imm][25]/R
                            (rising edge-triggered cell FDRE clocked by clk  {rise@0.000ns fall@5.000ns period=10.000ns})
  Path Group:             clk
  Path Type:              Setup (Max at Slow Process Corner)
  Requirement:            10.000ns  (clk rise@10.000ns - clk rise@0.000ns)
  Data Path Delay:        8.418ns  (logic 1.779ns (21.134%)  route 6.639ns (78.867%))
  Logic Levels:           7  (LUT3=2 LUT4=3 LUT5=1 LUT6=1)
  Clock Path Skew:        -0.049ns (DCD - SCD + CPR)
    Destination Clock Delay (DCD):    0.924ns = ( 10.924 - 10.000 ) 
    Source Clock Delay      (SCD):    0.973ns
    Clock Pessimism Removal (CPR):    0.000ns
  Clock Uncertainty:      0.035ns  ((TSJ^2 + TIJ^2)^1/2 + DJ) / 2 + PE
    Total System Jitter     (TSJ):    0.071ns
    Total Input Jitter      (TIJ):    0.000ns
    Discrete Jitter          (DJ):    0.000ns
    Phase Error              (PE):    0.000ns

    Location             Delay type                Incr(ns)  Path(ns)    Netlist Resource(s)
  -------------------------------------------------------------------    -------------------
                         (clock clk rise edge)        0.000     0.000 r  
                                                      0.000     0.000 r  clk (IN)
                         net (fo=1536, unset)         0.973     0.973    core/clk
    SLICE_X40Y5          FDRE                                         r  core/mie_msie_reg/C
  -------------------------------------------------------------------    -------------------
    SLICE_X40Y5          FDRE (Prop_fdre_C_Q)         0.456     1.429 f  core/mie_msie_reg/Q
                         net (fo=3, routed)           0.831     2.260    core/fetch/mie_msie
    SLICE_X40Y5          LUT4 (Prop_lut4_I1_O)        0.124     2.384 f  core/fetch/mcause[2]_i_2/O
                         net (fo=2, routed)           0.311     2.695    core/fetch/mip_q_reg[0]
    SLICE_X40Y4          LUT5 (Prop_lut5_I2_O)        0.124     2.819 f  core/fetch/d_req_valid_INST_0_i_4/O
                         net (fo=3, routed)           0.969     3.789    core/fetch/mip_q_reg[1]
    SLICE_X49Y2          LUT4 (Prop_lut4_I1_O)        0.149     3.938 f  core/fetch/d_req_valid_INST_0_i_1/O
                         net (fo=41, routed)          1.104     5.041    core/fetch/m1_reg[valid]_0
    SLICE_X55Y2          LUT6 (Prop_lut6_I1_O)        0.332     5.373 r  core/fetch/m1_first_i_1/O
                         net (fo=11, routed)          0.463     5.837    core/fetch/e_advance
    SLICE_X54Y3          LUT3 (Prop_lut3_I2_O)        0.124     5.961 f  core/fetch/e_dec[imm][31]_i_4/O
                         net (fo=109, routed)         0.686     6.646    core/fetch_n_117
    SLICE_X55Y4          LUT3 (Prop_lut3_I2_O)        0.118     6.764 r  core/e_dec[imm][31]_i_2/O
                         net (fo=163, routed)         1.205     7.969    core/e_dec169_out
    SLICE_X46Y4          LUT4 (Prop_lut4_I3_O)        0.352     8.321 r  core/e_dec[imm][31]_i_1/O
                         net (fo=27, routed)          1.070     9.391    core/e_dec[imm][31]_i_1_n_0
    SLICE_X48Y15         FDRE                                         r  core/e_dec_reg[imm][25]/R
  -------------------------------------------------------------------    -------------------

                         (clock clk rise edge)       10.000    10.000 r  
                                                      0.000    10.000 r  clk (IN)
                         net (fo=1536, unset)         0.924    10.924    core/clk
    SLICE_X48Y15         FDRE                                         r  core/e_dec_reg[imm][25]/C
                         clock pessimism              0.000    10.924    
                         clock uncertainty           -0.035    10.889    
    SLICE_X48Y15         FDRE (Setup_fdre_C_R)       -0.653    10.236    core/e_dec_reg[imm][25]
  -------------------------------------------------------------------
                         required time                         10.236    
                         arrival time                          -9.391    
  -------------------------------------------------------------------
                         slack                                  0.845    





Min Delay Paths
--------------------------------------------------------------------------------------
Slack (MET) :             0.079ns  (arrival time - required time)
  Source:                 core/w_reg[result][24]/C
                            (rising edge-triggered cell FDRE clocked by clk  {rise@0.000ns fall@5.000ns period=10.000ns})
  Destination:            core/rf_reg_r1_0_31_24_29/RAMA/I
                            (rising edge-triggered cell RAMD32 clocked by clk  {rise@0.000ns fall@5.000ns period=10.000ns})
  Path Group:             clk
  Path Type:              Hold (Min at Fast Process Corner)
  Requirement:            0.000ns  (clk rise@0.000ns - clk rise@0.000ns)
  Data Path Delay:        0.248ns  (logic 0.141ns (56.902%)  route 0.107ns (43.098%))
  Logic Levels:           0  
  Clock Path Skew:        0.022ns (DCD - SCD - CPR)
    Destination Clock Delay (DCD):    0.432ns
    Source Clock Delay      (SCD):    0.410ns
    Clock Pessimism Removal (CPR):    -0.000ns

    Location             Delay type                Incr(ns)  Path(ns)    Netlist Resource(s)
  -------------------------------------------------------------------    -------------------
                         (clock clk rise edge)        0.000     0.000 r  
                                                      0.000     0.000 r  clk (IN)
                         net (fo=1536, unset)         0.410     0.410    core/clk
    SLICE_X55Y6          FDRE                                         r  core/w_reg[result][24]/C
  -------------------------------------------------------------------    -------------------
    SLICE_X55Y6          FDRE (Prop_fdre_C_Q)         0.141     0.551 r  core/w_reg[result][24]/Q
                         net (fo=6, routed)           0.107     0.658    core/rf_reg_r1_0_31_24_29/DIA0
    SLICE_X54Y6          RAMD32                                       r  core/rf_reg_r1_0_31_24_29/RAMA/I
  -------------------------------------------------------------------    -------------------

                         (clock clk rise edge)        0.000     0.000 r  
                                                      0.000     0.000 r  clk (IN)
                         net (fo=1536, unset)         0.432     0.432    core/rf_reg_r1_0_31_24_29/WCLK
    SLICE_X54Y6          RAMD32                                       r  core/rf_reg_r1_0_31_24_29/RAMA/CLK
                         clock pessimism              0.000     0.432    
    SLICE_X54Y6          RAMD32 (Hold_ramd32_CLK_I)
                                                      0.147     0.579    core/rf_reg_r1_0_31_24_29/RAMA
  -------------------------------------------------------------------
                         required time                         -0.579    
                         arrival time                           0.658    
  -------------------------------------------------------------------
                         slack                                  0.079    

Slack (MET) :             0.082ns  (arrival time - required time)
  Source:                 core/w_reg[rd][0]/C
                            (rising edge-triggered cell FDRE clocked by clk  {rise@0.000ns fall@5.000ns period=10.000ns})
  Destination:            core/rf_reg_r2_0_31_12_17/RAMA/WADR0
                            (rising edge-triggered cell RAMD32 clocked by clk  {rise@0.000ns fall@5.000ns period=10.000ns})
  Path Group:             clk
  Path Type:              Hold (Min at Fast Process Corner)
  Requirement:            0.000ns  (clk rise@0.000ns - clk rise@0.000ns)
  Data Path Delay:        0.414ns  (logic 0.141ns (34.099%)  route 0.273ns (65.901%))
  Logic Levels:           0  
  Clock Path Skew:        0.022ns (DCD - SCD - CPR)
    Destination Clock Delay (DCD):    0.432ns
    Source Clock Delay      (SCD):    0.410ns
    Clock Pessimism Removal (CPR):    -0.000ns

    Location             Delay type                Incr(ns)  Path(ns)    Netlist Resource(s)
  -------------------------------------------------------------------    -------------------
                         (clock clk rise edge)        0.000     0.000 r  
                                                      0.000     0.000 r  clk (IN)
                         net (fo=1536, unset)         0.410     0.410    core/clk
    SLICE_X63Y5          FDRE                                         r  core/w_reg[rd][0]/C
  -------------------------------------------------------------------    -------------------
    SLICE_X63Y5          FDRE (Prop_fdre_C_Q)         0.141     0.551 r  core/w_reg[rd][0]/Q
                         net (fo=92, routed)          0.273     0.824    core/rf_reg_r2_0_31_12_17/ADDRD0
    SLICE_X62Y6          RAMD32                                       r  core/rf_reg_r2_0_31_12_17/RAMA/WADR0
  -------------------------------------------------------------------    -------------------

                         (clock clk rise edge)        0.000     0.000 r  
                                                      0.000     0.000 r  clk (IN)
                         net (fo=1536, unset)         0.432     0.432    core/rf_reg_r2_0_31_12_17/WCLK
    SLICE_X62Y6          RAMD32                                       r  core/rf_reg_r2_0_31_12_17/RAMA/CLK
                         clock pessimism              0.000     0.432    
    SLICE_X62Y6          RAMD32 (Hold_ramd32_CLK_WADR0)
                                                      0.310     0.742    core/rf_reg_r2_0_31_12_17/RAMA
  -------------------------------------------------------------------
                         required time                         -0.742    
                         arrival time                           0.824    
  -------------------------------------------------------------------
                         slack                                  0.082    

Slack (MET) :             0.082ns  (arrival time - required time)
  Source:                 core/w_reg[rd][0]/C
                            (rising edge-triggered cell FDRE clocked by clk  {rise@0.000ns fall@5.000ns period=10.000ns})
  Destination:            core/rf_reg_r2_0_31_12_17/RAMA_D1/WADR0
                            (rising edge-triggered cell RAMD32 clocked by clk  {rise@0.000ns fall@5.000ns period=10.000ns})
  Path Group:             clk
  Path Type:              Hold (Min at Fast Process Corner)
  Requirement:            0.000ns  (clk rise@0.000ns - clk rise@0.000ns)
  Data Path Delay:        0.414ns  (logic 0.141ns (34.099%)  route 0.273ns (65.901%))
  Logic Levels:           0  
  Clock Path Skew:        0.022ns (DCD - SCD - CPR)
    Destination Clock Delay (DCD):    0.432ns
    Source Clock Delay      (SCD):    0.410ns
    Clock Pessimism Removal (CPR):    -0.000ns

    Location             Delay type                Incr(ns)  Path(ns)    Netlist Resource(s)
  -------------------------------------------------------------------    -------------------
                         (clock clk rise edge)        0.000     0.000 r  
                                                      0.000     0.000 r  clk (IN)
                         net (fo=1536, unset)         0.410     0.410    core/clk
    SLICE_X63Y5          FDRE                                         r  core/w_reg[rd][0]/C
  -------------------------------------------------------------------    -------------------
    SLICE_X63Y5          FDRE (Prop_fdre_C_Q)         0.141     0.551 r  core/w_reg[rd][0]/Q
                         net (fo=92, routed)          0.273     0.824    core/rf_reg_r2_0_31_12_17/ADDRD0
    SLICE_X62Y6          RAMD32                                       r  core/rf_reg_r2_0_31_12_17/RAMA_D1/WADR0
  -------------------------------------------------------------------    -------------------

                         (clock clk rise edge)        0.000     0.000 r  
                                                      0.000     0.000 r  clk (IN)
                         net (fo=1536, unset)         0.432     0.432    core/rf_reg_r2_0_31_12_17/WCLK
    SLICE_X62Y6          RAMD32                                       r  core/rf_reg_r2_0_31_12_17/RAMA_D1/CLK
                         clock pessimism              0.000     0.432    
    SLICE_X62Y6          RAMD32 (Hold_ramd32_CLK_WADR0)
                                                      0.310     0.742    core/rf_reg_r2_0_31_12_17/RAMA_D1
  -------------------------------------------------------------------
                         required time                         -0.742    
                         arrival time                           0.824    
  -------------------------------------------------------------------
                         slack                                  0.082    

Slack (MET) :             0.082ns  (arrival time - required time)
  Source:                 core/w_reg[rd][0]/C
                            (rising edge-triggered cell FDRE clocked by clk  {rise@0.000ns fall@5.000ns period=10.000ns})
  Destination:            core/rf_reg_r2_0_31_12_17/RAMB/WADR0
                            (rising edge-triggered cell RAMD32 clocked by clk  {rise@0.000ns fall@5.000ns period=10.000ns})
  Path Group:             clk
  Path Type:              Hold (Min at Fast Process Corner)
  Requirement:            0.000ns  (clk rise@0.000ns - clk rise@0.000ns)
  Data Path Delay:        0.414ns  (logic 0.141ns (34.099%)  route 0.273ns (65.901%))
  Logic Levels:           0  
  Clock Path Skew:        0.022ns (DCD - SCD - CPR)
    Destination Clock Delay (DCD):    0.432ns
    Source Clock Delay      (SCD):    0.410ns
    Clock Pessimism Removal (CPR):    -0.000ns

    Location             Delay type                Incr(ns)  Path(ns)    Netlist Resource(s)
  -------------------------------------------------------------------    -------------------
                         (clock clk rise edge)        0.000     0.000 r  
                                                      0.000     0.000 r  clk (IN)
                         net (fo=1536, unset)         0.410     0.410    core/clk
    SLICE_X63Y5          FDRE                                         r  core/w_reg[rd][0]/C
  -------------------------------------------------------------------    -------------------
    SLICE_X63Y5          FDRE (Prop_fdre_C_Q)         0.141     0.551 r  core/w_reg[rd][0]/Q
                         net (fo=92, routed)          0.273     0.824    core/rf_reg_r2_0_31_12_17/ADDRD0
    SLICE_X62Y6          RAMD32                                       r  core/rf_reg_r2_0_31_12_17/RAMB/WADR0
  -------------------------------------------------------------------    -------------------

                         (clock clk rise edge)        0.000     0.000 r  
                                                      0.000     0.000 r  clk (IN)
                         net (fo=1536, unset)         0.432     0.432    core/rf_reg_r2_0_31_12_17/WCLK
    SLICE_X62Y6          RAMD32                                       r  core/rf_reg_r2_0_31_12_17/RAMB/CLK
                         clock pessimism              0.000     0.432    
    SLICE_X62Y6          RAMD32 (Hold_ramd32_CLK_WADR0)
                                                      0.310     0.742    core/rf_reg_r2_0_31_12_17/RAMB
  -------------------------------------------------------------------
                         required time                         -0.742    
                         arrival time                           0.824    
  -------------------------------------------------------------------
                         slack                                  0.082    

Slack (MET) :             0.082ns  (arrival time - required time)
  Source:                 core/w_reg[rd][0]/C
                            (rising edge-triggered cell FDRE clocked by clk  {rise@0.000ns fall@5.000ns period=10.000ns})
  Destination:            core/rf_reg_r2_0_31_12_17/RAMB_D1/WADR0
                            (rising edge-triggered cell RAMD32 clocked by clk  {rise@0.000ns fall@5.000ns period=10.000ns})
  Path Group:             clk
  Path Type:              Hold (Min at Fast Process Corner)
  Requirement:            0.000ns  (clk rise@0.000ns - clk rise@0.000ns)
  Data Path Delay:        0.414ns  (logic 0.141ns (34.099%)  route 0.273ns (65.901%))
  Logic Levels:           0  
  Clock Path Skew:        0.022ns (DCD - SCD - CPR)
    Destination Clock Delay (DCD):    0.432ns
    Source Clock Delay      (SCD):    0.410ns
    Clock Pessimism Removal (CPR):    -0.000ns

    Location             Delay type                Incr(ns)  Path(ns)    Netlist Resource(s)
  -------------------------------------------------------------------    -------------------
                         (clock clk rise edge)        0.000     0.000 r  
                                                      0.000     0.000 r  clk (IN)
                         net (fo=1536, unset)         0.410     0.410    core/clk
    SLICE_X63Y5          FDRE                                         r  core/w_reg[rd][0]/C
  -------------------------------------------------------------------    -------------------
    SLICE_X63Y5          FDRE (Prop_fdre_C_Q)         0.141     0.551 r  core/w_reg[rd][0]/Q
                         net (fo=92, routed)          0.273     0.824    core/rf_reg_r2_0_31_12_17/ADDRD0
    SLICE_X62Y6          RAMD32                                       r  core/rf_reg_r2_0_31_12_17/RAMB_D1/WADR0
  -------------------------------------------------------------------    -------------------

                         (clock clk rise edge)        0.000     0.000 r  
                                                      0.000     0.000 r  clk (IN)
                         net (fo=1536, unset)         0.432     0.432    core/rf_reg_r2_0_31_12_17/WCLK
    SLICE_X62Y6          RAMD32                                       r  core/rf_reg_r2_0_31_12_17/RAMB_D1/CLK
                         clock pessimism              0.000     0.432    
    SLICE_X62Y6          RAMD32 (Hold_ramd32_CLK_WADR0)
                                                      0.310     0.742    core/rf_reg_r2_0_31_12_17/RAMB_D1
  -------------------------------------------------------------------
                         required time                         -0.742    
                         arrival time                           0.824    
  -------------------------------------------------------------------
                         slack                                  0.082    

Slack (MET) :             0.082ns  (arrival time - required time)
  Source:                 core/w_reg[rd][0]/C
                            (rising edge-triggered cell FDRE clocked by clk  {rise@0.000ns fall@5.000ns period=10.000ns})
  Destination:            core/rf_reg_r2_0_31_12_17/RAMC/WADR0
                            (rising edge-triggered cell RAMD32 clocked by clk  {rise@0.000ns fall@5.000ns period=10.000ns})
  Path Group:             clk
  Path Type:              Hold (Min at Fast Process Corner)
  Requirement:            0.000ns  (clk rise@0.000ns - clk rise@0.000ns)
  Data Path Delay:        0.414ns  (logic 0.141ns (34.099%)  route 0.273ns (65.901%))
  Logic Levels:           0  
  Clock Path Skew:        0.022ns (DCD - SCD - CPR)
    Destination Clock Delay (DCD):    0.432ns
    Source Clock Delay      (SCD):    0.410ns
    Clock Pessimism Removal (CPR):    -0.000ns

    Location             Delay type                Incr(ns)  Path(ns)    Netlist Resource(s)
  -------------------------------------------------------------------    -------------------
                         (clock clk rise edge)        0.000     0.000 r  
                                                      0.000     0.000 r  clk (IN)
                         net (fo=1536, unset)         0.410     0.410    core/clk
    SLICE_X63Y5          FDRE                                         r  core/w_reg[rd][0]/C
  -------------------------------------------------------------------    -------------------
    SLICE_X63Y5          FDRE (Prop_fdre_C_Q)         0.141     0.551 r  core/w_reg[rd][0]/Q
                         net (fo=92, routed)          0.273     0.824    core/rf_reg_r2_0_31_12_17/ADDRD0
    SLICE_X62Y6          RAMD32                                       r  core/rf_reg_r2_0_31_12_17/RAMC/WADR0
  -------------------------------------------------------------------    -------------------

                         (clock clk rise edge)        0.000     0.000 r  
                                                      0.000     0.000 r  clk (IN)
                         net (fo=1536, unset)         0.432     0.432    core/rf_reg_r2_0_31_12_17/WCLK
    SLICE_X62Y6          RAMD32                                       r  core/rf_reg_r2_0_31_12_17/RAMC/CLK
                         clock pessimism              0.000     0.432    
    SLICE_X62Y6          RAMD32 (Hold_ramd32_CLK_WADR0)
                                                      0.310     0.742    core/rf_reg_r2_0_31_12_17/RAMC
  -------------------------------------------------------------------
                         required time                         -0.742    
                         arrival time                           0.824    
  -------------------------------------------------------------------
                         slack                                  0.082    

Slack (MET) :             0.082ns  (arrival time - required time)
  Source:                 core/w_reg[rd][0]/C
                            (rising edge-triggered cell FDRE clocked by clk  {rise@0.000ns fall@5.000ns period=10.000ns})
  Destination:            core/rf_reg_r2_0_31_12_17/RAMC_D1/WADR0
                            (rising edge-triggered cell RAMD32 clocked by clk  {rise@0.000ns fall@5.000ns period=10.000ns})
  Path Group:             clk
  Path Type:              Hold (Min at Fast Process Corner)
  Requirement:            0.000ns  (clk rise@0.000ns - clk rise@0.000ns)
  Data Path Delay:        0.414ns  (logic 0.141ns (34.099%)  route 0.273ns (65.901%))
  Logic Levels:           0  
  Clock Path Skew:        0.022ns (DCD - SCD - CPR)
    Destination Clock Delay (DCD):    0.432ns
    Source Clock Delay      (SCD):    0.410ns
    Clock Pessimism Removal (CPR):    -0.000ns

    Location             Delay type                Incr(ns)  Path(ns)    Netlist Resource(s)
  -------------------------------------------------------------------    -------------------
                         (clock clk rise edge)        0.000     0.000 r  
                                                      0.000     0.000 r  clk (IN)
                         net (fo=1536, unset)         0.410     0.410    core/clk
    SLICE_X63Y5          FDRE                                         r  core/w_reg[rd][0]/C
  -------------------------------------------------------------------    -------------------
    SLICE_X63Y5          FDRE (Prop_fdre_C_Q)         0.141     0.551 r  core/w_reg[rd][0]/Q
                         net (fo=92, routed)          0.273     0.824    core/rf_reg_r2_0_31_12_17/ADDRD0
    SLICE_X62Y6          RAMD32                                       r  core/rf_reg_r2_0_31_12_17/RAMC_D1/WADR0
  -------------------------------------------------------------------    -------------------

                         (clock clk rise edge)        0.000     0.000 r  
                                                      0.000     0.000 r  clk (IN)
                         net (fo=1536, unset)         0.432     0.432    core/rf_reg_r2_0_31_12_17/WCLK
    SLICE_X62Y6          RAMD32                                       r  core/rf_reg_r2_0_31_12_17/RAMC_D1/CLK
                         clock pessimism              0.000     0.432    
    SLICE_X62Y6          RAMD32 (Hold_ramd32_CLK_WADR0)
                                                      0.310     0.742    core/rf_reg_r2_0_31_12_17/RAMC_D1
  -------------------------------------------------------------------
                         required time                         -0.742    
                         arrival time                           0.824    
  -------------------------------------------------------------------
                         slack                                  0.082    

Slack (MET) :             0.082ns  (arrival time - required time)
  Source:                 core/w_reg[rd][0]/C
                            (rising edge-triggered cell FDRE clocked by clk  {rise@0.000ns fall@5.000ns period=10.000ns})
  Destination:            core/rf_reg_r2_0_31_12_17/RAMD/ADR0
                            (rising edge-triggered cell RAMS32 clocked by clk  {rise@0.000ns fall@5.000ns period=10.000ns})
  Path Group:             clk
  Path Type:              Hold (Min at Fast Process Corner)
  Requirement:            0.000ns  (clk rise@0.000ns - clk rise@0.000ns)
  Data Path Delay:        0.414ns  (logic 0.141ns (34.099%)  route 0.273ns (65.901%))
  Logic Levels:           0  
  Clock Path Skew:        0.022ns (DCD - SCD - CPR)
    Destination Clock Delay (DCD):    0.432ns
    Source Clock Delay      (SCD):    0.410ns
    Clock Pessimism Removal (CPR):    -0.000ns

    Location             Delay type                Incr(ns)  Path(ns)    Netlist Resource(s)
  -------------------------------------------------------------------    -------------------
                         (clock clk rise edge)        0.000     0.000 r  
                                                      0.000     0.000 r  clk (IN)
                         net (fo=1536, unset)         0.410     0.410    core/clk
    SLICE_X63Y5          FDRE                                         r  core/w_reg[rd][0]/C
  -------------------------------------------------------------------    -------------------
    SLICE_X63Y5          FDRE (Prop_fdre_C_Q)         0.141     0.551 r  core/w_reg[rd][0]/Q
                         net (fo=92, routed)          0.273     0.824    core/rf_reg_r2_0_31_12_17/ADDRD0
    SLICE_X62Y6          RAMS32                                       r  core/rf_reg_r2_0_31_12_17/RAMD/ADR0
  -------------------------------------------------------------------    -------------------

                         (clock clk rise edge)        0.000     0.000 r  
                                                      0.000     0.000 r  clk (IN)
                         net (fo=1536, unset)         0.432     0.432    core/rf_reg_r2_0_31_12_17/WCLK
    SLICE_X62Y6          RAMS32                                       r  core/rf_reg_r2_0_31_12_17/RAMD/CLK
                         clock pessimism              0.000     0.432    
    SLICE_X62Y6          RAMS32 (Hold_rams32_CLK_ADR0)
                                                      0.310     0.742    core/rf_reg_r2_0_31_12_17/RAMD
  -------------------------------------------------------------------
                         required time                         -0.742    
                         arrival time                           0.824    
  -------------------------------------------------------------------
                         slack                                  0.082    

Slack (MET) :             0.082ns  (arrival time - required time)
  Source:                 core/w_reg[rd][0]/C
                            (rising edge-triggered cell FDRE clocked by clk  {rise@0.000ns fall@5.000ns period=10.000ns})
  Destination:            core/rf_reg_r2_0_31_12_17/RAMD_D1/ADR0
                            (rising edge-triggered cell RAMS32 clocked by clk  {rise@0.000ns fall@5.000ns period=10.000ns})
  Path Group:             clk
  Path Type:              Hold (Min at Fast Process Corner)
  Requirement:            0.000ns  (clk rise@0.000ns - clk rise@0.000ns)
  Data Path Delay:        0.414ns  (logic 0.141ns (34.099%)  route 0.273ns (65.901%))
  Logic Levels:           0  
  Clock Path Skew:        0.022ns (DCD - SCD - CPR)
    Destination Clock Delay (DCD):    0.432ns
    Source Clock Delay      (SCD):    0.410ns
    Clock Pessimism Removal (CPR):    -0.000ns

    Location             Delay type                Incr(ns)  Path(ns)    Netlist Resource(s)
  -------------------------------------------------------------------    -------------------
                         (clock clk rise edge)        0.000     0.000 r  
                                                      0.000     0.000 r  clk (IN)
                         net (fo=1536, unset)         0.410     0.410    core/clk
    SLICE_X63Y5          FDRE                                         r  core/w_reg[rd][0]/C
  -------------------------------------------------------------------    -------------------
    SLICE_X63Y5          FDRE (Prop_fdre_C_Q)         0.141     0.551 r  core/w_reg[rd][0]/Q
                         net (fo=92, routed)          0.273     0.824    core/rf_reg_r2_0_31_12_17/ADDRD0
    SLICE_X62Y6          RAMS32                                       r  core/rf_reg_r2_0_31_12_17/RAMD_D1/ADR0
  -------------------------------------------------------------------    -------------------

                         (clock clk rise edge)        0.000     0.000 r  
                                                      0.000     0.000 r  clk (IN)
                         net (fo=1536, unset)         0.432     0.432    core/rf_reg_r2_0_31_12_17/WCLK
    SLICE_X62Y6          RAMS32                                       r  core/rf_reg_r2_0_31_12_17/RAMD_D1/CLK
                         clock pessimism              0.000     0.432    
    SLICE_X62Y6          RAMS32 (Hold_rams32_CLK_ADR0)
                                                      0.310     0.742    core/rf_reg_r2_0_31_12_17/RAMD_D1
  -------------------------------------------------------------------
                         required time                         -0.742    
                         arrival time                           0.824    
  -------------------------------------------------------------------
                         slack                                  0.082    

Slack (MET) :             0.089ns  (arrival time - required time)
  Source:                 core/fetch/rsp_pc_reg[10]/C
                            (rising edge-triggered cell FDRE clocked by clk  {rise@0.000ns fall@5.000ns period=10.000ns})
  Destination:            core/fetch/buf_pc_reg_0_3_6_11/RAMB/I
                            (rising edge-triggered cell RAMD32 clocked by clk  {rise@0.000ns fall@5.000ns period=10.000ns})
  Path Group:             clk
  Path Type:              Hold (Min at Fast Process Corner)
  Requirement:            0.000ns  (clk rise@0.000ns - clk rise@0.000ns)
  Data Path Delay:        0.257ns  (logic 0.141ns (54.921%)  route 0.116ns (45.079%))
  Logic Levels:           0  
  Clock Path Skew:        0.022ns (DCD - SCD - CPR)
    Destination Clock Delay (DCD):    0.432ns
    Source Clock Delay      (SCD):    0.410ns
    Clock Pessimism Removal (CPR):    -0.000ns

    Location             Delay type                Incr(ns)  Path(ns)    Netlist Resource(s)
  -------------------------------------------------------------------    -------------------
                         (clock clk rise edge)        0.000     0.000 r  
                                                      0.000     0.000 r  clk (IN)
                         net (fo=1536, unset)         0.410     0.410    core/fetch/clk
    SLICE_X24Y9          FDRE                                         r  core/fetch/rsp_pc_reg[10]/C
  -------------------------------------------------------------------    -------------------
    SLICE_X24Y9          FDRE (Prop_fdre_C_Q)         0.141     0.551 r  core/fetch/rsp_pc_reg[10]/Q
                         net (fo=4, routed)           0.116     0.667    core/fetch/buf_pc_reg_0_3_6_11/DIB0
    SLICE_X26Y10         RAMD32                                       r  core/fetch/buf_pc_reg_0_3_6_11/RAMB/I
  -------------------------------------------------------------------    -------------------

                         (clock clk rise edge)        0.000     0.000 r  
                                                      0.000     0.000 r  clk (IN)
                         net (fo=1536, unset)         0.432     0.432    core/fetch/buf_pc_reg_0_3_6_11/WCLK
    SLICE_X26Y10         RAMD32                                       r  core/fetch/buf_pc_reg_0_3_6_11/RAMB/CLK
                         clock pessimism              0.000     0.432    
    SLICE_X26Y10         RAMD32 (Hold_ramd32_CLK_I)
                                                      0.146     0.578    core/fetch/buf_pc_reg_0_3_6_11/RAMB
  -------------------------------------------------------------------
                         required time                         -0.578    
                         arrival time                           0.667    
  -------------------------------------------------------------------
                         slack                                  0.089    





Pulse Width Checks
--------------------------------------------------------------------------------------
Clock Name:         clk
Waveform(ns):       { 0.000 5.000 }
Period(ns):         10.000
Sources:            { clk }

Check Type        Corner  Lib Pin      Reference Pin  Required(ns)  Actual(ns)  Slack(ns)  Location     Pin
Min Period        n/a     DSP48E1/CLK  n/a            3.884         10.000      6.116      DSP48_X2Y3   core/pp_lh_reg/CLK
Min Period        n/a     DSP48E1/CLK  n/a            3.884         10.000      6.116      DSP48_X2Y1   core/pp_ll_reg/CLK
Min Period        n/a     DSP48E1/CLK  n/a            3.687         10.000      6.313      DSP48_X2Y0   core/pp_hl_reg/CLK
Min Period        n/a     DSP48E1/CLK  n/a            2.154         10.000      7.846      DSP48_X2Y2   core/pp_hh_reg/CLK
Min Period        n/a     FDRE/C       n/a            1.000         10.000      9.000      SLICE_X38Y4  core/cy_inhibit_reg/C
Min Period        n/a     FDRE/C       n/a            1.000         10.000      9.000      SLICE_X54Y4  core/d_acc_last_reg/C
Min Period        n/a     FDRE/C       n/a            1.000         10.000      9.000      SLICE_X31Y6  core/d_err_reg/C
Min Period        n/a     FDRE/C       n/a            1.000         10.000      9.000      SLICE_X28Y4  core/d_insn_reg[0]/C
Min Period        n/a     FDRE/C       n/a            1.000         10.000      9.000      SLICE_X29Y5  core/d_insn_reg[10]/C
Min Period        n/a     FDRE/C       n/a            1.000         10.000      9.000      SLICE_X28Y5  core/d_insn_reg[11]/C
Low Pulse Width   Slow    RAMD32/CLK   n/a            1.250         5.000       3.750      SLICE_X26Y7  core/fetch/buf_err_reg_0_3_0_0/DP/CLK
Low Pulse Width   Fast    RAMD32/CLK   n/a            1.250         5.000       3.750      SLICE_X26Y7  core/fetch/buf_err_reg_0_3_0_0/DP/CLK
Low Pulse Width   Slow    RAMD32/CLK   n/a            1.250         5.000       3.750      SLICE_X26Y7  core/fetch/buf_err_reg_0_3_0_0/SP/CLK
Low Pulse Width   Fast    RAMD32/CLK   n/a            1.250         5.000       3.750      SLICE_X26Y7  core/fetch/buf_err_reg_0_3_0_0/SP/CLK
Low Pulse Width   Slow    RAMD32/CLK   n/a            1.250         5.000       3.750      SLICE_X26Y4  core/fetch/buf_insn_reg_0_3_0_5/RAMA/CLK
Low Pulse Width   Fast    RAMD32/CLK   n/a            1.250         5.000       3.750      SLICE_X26Y4  core/fetch/buf_insn_reg_0_3_0_5/RAMA/CLK
Low Pulse Width   Slow    RAMD32/CLK   n/a            1.250         5.000       3.750      SLICE_X26Y4  core/fetch/buf_insn_reg_0_3_0_5/RAMA_D1/CLK
Low Pulse Width   Fast    RAMD32/CLK   n/a            1.250         5.000       3.750      SLICE_X26Y4  core/fetch/buf_insn_reg_0_3_0_5/RAMA_D1/CLK
Low Pulse Width   Slow    RAMD32/CLK   n/a            1.250         5.000       3.750      SLICE_X26Y4  core/fetch/buf_insn_reg_0_3_0_5/RAMB/CLK
Low Pulse Width   Fast    RAMD32/CLK   n/a            1.250         5.000       3.750      SLICE_X26Y4  core/fetch/buf_insn_reg_0_3_0_5/RAMB/CLK
High Pulse Width  Slow    RAMD32/CLK   n/a            1.250         5.000       3.750      SLICE_X26Y7  core/fetch/buf_err_reg_0_3_0_0/DP/CLK
High Pulse Width  Fast    RAMD32/CLK   n/a            1.250         5.000       3.750      SLICE_X26Y7  core/fetch/buf_err_reg_0_3_0_0/DP/CLK
High Pulse Width  Slow    RAMD32/CLK   n/a            1.250         5.000       3.750      SLICE_X26Y7  core/fetch/buf_err_reg_0_3_0_0/SP/CLK
High Pulse Width  Fast    RAMD32/CLK   n/a            1.250         5.000       3.750      SLICE_X26Y7  core/fetch/buf_err_reg_0_3_0_0/SP/CLK
High Pulse Width  Slow    RAMD32/CLK   n/a            1.250         5.000       3.750      SLICE_X26Y4  core/fetch/buf_insn_reg_0_3_0_5/RAMA/CLK
High Pulse Width  Fast    RAMD32/CLK   n/a            1.250         5.000       3.750      SLICE_X26Y4  core/fetch/buf_insn_reg_0_3_0_5/RAMA/CLK
High Pulse Width  Slow    RAMD32/CLK   n/a            1.250         5.000       3.750      SLICE_X26Y4  core/fetch/buf_insn_reg_0_3_0_5/RAMA_D1/CLK
High Pulse Width  Fast    RAMD32/CLK   n/a            1.250         5.000       3.750      SLICE_X26Y4  core/fetch/buf_insn_reg_0_3_0_5/RAMA_D1/CLK
High Pulse Width  Slow    RAMD32/CLK   n/a            1.250         5.000       3.750      SLICE_X26Y4  core/fetch/buf_insn_reg_0_3_0_5/RAMB/CLK
High Pulse Width  Fast    RAMD32/CLK   n/a            1.250         5.000       3.750      SLICE_X26Y4  core/fetch/buf_insn_reg_0_3_0_5/RAMB/CLK



