NAMED-PATH-BEGIN d_rsp_valid_to_d_req_valid
Startpoint: d_rsp_valid (input port clocked by clk)
Endpoint: d_req_valid (output port clocked by clk)
Path Group: clk
Path Type: max

   Delay     Time   Description
-----------------------------------------------------------
   0.000    0.000   clock clk (rise edge)
   0.000    0.000   clock network delay (propagated)
   2.000    2.000 ^ input external delay
   0.011    2.011 ^ d_rsp_valid (in)
   0.118    2.129 ^ input35/X (sky130_fd_sc_hd__clkbuf_2)
   0.129    2.258 ^ wire2954/X (sky130_fd_sc_hd__buf_8)
   0.160    2.418 ^ _07986_/Y (sky130_fd_sc_hd__nand2b_4)
   0.174    2.592 v _07989_/X (sky130_fd_sc_hd__and4bb_4)
   0.104    2.696 v load_slew1341/X (sky130_fd_sc_hd__buf_8)
   0.118    2.813 v fanout1339/X (sky130_fd_sc_hd__buf_4)
   0.197    3.010 ^ _07990_/Y (sky130_fd_sc_hd__nor3b_4)
   0.065    3.075 v _07992_/Y (sky130_fd_sc_hd__nand3_2)
   0.197    3.272 ^ _07993_/Y (sky130_fd_sc_hd__nor3_4)
   0.109    3.382 ^ wire243/X (sky130_fd_sc_hd__buf_6)
   0.100    3.482 ^ output109/X (sky130_fd_sc_hd__buf_6)
   0.002    3.484 ^ d_req_valid (out)
            3.484   data arrival time

  10.000   10.000   clock clk (rise edge)
   0.000   10.000   clock network delay (propagated)
  -0.250    9.750   clock uncertainty
   0.000    9.750   clock reconvergence pessimism
  -2.000    7.750   output external delay
            7.750   data required time
-----------------------------------------------------------
            7.750   data required time
           -3.484   data arrival time
-----------------------------------------------------------
            4.266   slack (MET)


NAMED-PATH-END
NAMED-PATH-BEGIN d_rsp_error_to_d_req_valid
Startpoint: d_rsp_error (input port clocked by clk)
Endpoint: d_req_valid (output port clocked by clk)
Path Group: clk
Path Type: max

   Delay     Time   Description
-----------------------------------------------------------
   0.000    0.000   clock clk (rise edge)
   0.000    0.000   clock network delay (propagated)
   2.000    2.000 v input external delay
   0.003    2.003 v d_rsp_error (in)
   0.125    2.128 v input2/X (sky130_fd_sc_hd__buf_2)
   0.166    2.294 v _07977_/Y (sky130_fd_sc_hd__nand2b_2)
   0.095    2.389 v _07978_/X (sky130_fd_sc_hd__o211a_2)
   0.203    2.591 ^ _07980_/Y (sky130_fd_sc_hd__o21ai_2)
   0.115    2.707 ^ load_slew732/X (sky130_fd_sc_hd__buf_6)
   0.062    2.769 v _07992_/Y (sky130_fd_sc_hd__nand3_2)
   0.197    2.966 ^ _07993_/Y (sky130_fd_sc_hd__nor3_4)
   0.109    3.075 ^ wire243/X (sky130_fd_sc_hd__buf_6)
   0.100    3.175 ^ output109/X (sky130_fd_sc_hd__buf_6)
   0.002    3.177 ^ d_req_valid (out)
            3.177   data arrival time

  10.000   10.000   clock clk (rise edge)
   0.000   10.000   clock network delay (propagated)
  -0.250    9.750   clock uncertainty
   0.000    9.750   clock reconvergence pessimism
  -2.000    7.750   output external delay
            7.750   data required time
-----------------------------------------------------------
            7.750   data required time
           -3.177   data arrival time
-----------------------------------------------------------
            4.573   slack (MET)


NAMED-PATH-END
