NAMED-PATH-BEGIN d_rsp_valid_to_d_req_valid
Startpoint: d_rsp_valid (input port clocked by clk)
Endpoint: d_req_valid (output port clocked by clk)
Path Group: clk
Path Type: max

   Delay     Time   Description
-----------------------------------------------------------
   0.000    0.000   clock clk (rise edge)
   0.000    0.000   clock network delay (propagated)
   2.000    2.000 ^ input external delay
   0.023    2.023 ^ d_rsp_valid (in)
   0.079    2.101 ^ hold3723/X (sky130_fd_sc_hd__clkbuf_1)
   0.168    2.270 ^ input35/X (sky130_fd_sc_hd__clkbuf_2)
   0.117    2.387 ^ wire2829/X (sky130_fd_sc_hd__buf_12)
   0.056    2.443 v _14250_/Y (sky130_fd_sc_hd__nor2_4)
   0.113    2.556 v fanout1249/X (sky130_fd_sc_hd__buf_6)
   0.114    2.670 v fanout1248/X (sky130_fd_sc_hd__buf_12)
   0.116    2.786 v fanout1247/X (sky130_fd_sc_hd__buf_6)
   0.229    3.015 ^ _14254_/Y (sky130_fd_sc_hd__o31ai_4)
   0.052    3.067 v _14259_/Y (sky130_fd_sc_hd__o211ai_4)
   0.096    3.163 v rebuffer2925/X (sky130_fd_sc_hd__buf_6)
   0.270    3.432 ^ _14261_/X (sky130_fd_sc_hd__and4bb_4)
   0.103    3.535 ^ output109/X (sky130_fd_sc_hd__buf_8)
   0.002    3.537 ^ d_req_valid (out)
            3.537   data arrival time

  10.000   10.000   clock clk (rise edge)
   0.000   10.000   clock network delay (propagated)
  -0.250    9.750   clock uncertainty
   0.000    9.750   clock reconvergence pessimism
  -2.000    7.750   output external delay
            7.750   data required time
-----------------------------------------------------------
            7.750   data required time
           -3.537   data arrival time
-----------------------------------------------------------
            4.213   slack (MET)


NAMED-PATH-END
NAMED-PATH-BEGIN d_rsp_error_to_d_req_valid
Startpoint: d_rsp_error (input port clocked by clk)
Endpoint: d_req_valid (output port clocked by clk)
Path Group: clk
Path Type: max

   Delay     Time   Description
-----------------------------------------------------------
   0.000    0.000   clock clk (rise edge)
   0.000    0.000   clock network delay (propagated)
   2.000    2.000 v input external delay
   0.012    2.012 v d_rsp_error (in)
   0.078    2.090 v hold3636/X (sky130_fd_sc_hd__clkbuf_1)
   0.109    2.199 v input2/X (sky130_fd_sc_hd__buf_2)
   0.113    2.312 v hold3637/X (sky130_fd_sc_hd__clkbuf_1)
   0.150    2.462 v _14245_/Y (sky130_fd_sc_hd__nand2b_2)
   0.116    2.577 v _14246_/X (sky130_fd_sc_hd__o211a_2)
   0.267    2.845 ^ _14254_/Y (sky130_fd_sc_hd__o31ai_4)
   0.052    2.897 v _14259_/Y (sky130_fd_sc_hd__o211ai_4)
   0.096    2.993 v rebuffer2925/X (sky130_fd_sc_hd__buf_6)
   0.270    3.263 ^ _14261_/X (sky130_fd_sc_hd__and4bb_4)
   0.103    3.365 ^ output109/X (sky130_fd_sc_hd__buf_8)
   0.002    3.367 ^ d_req_valid (out)
            3.367   data arrival time

  10.000   10.000   clock clk (rise edge)
   0.000   10.000   clock network delay (propagated)
  -0.250    9.750   clock uncertainty
   0.000    9.750   clock reconvergence pessimism
  -2.000    7.750   output external delay
            7.750   data required time
-----------------------------------------------------------
            7.750   data required time
           -3.367   data arrival time
-----------------------------------------------------------
            4.383   slack (MET)


NAMED-PATH-END
