NAMED-PATH-BEGIN d_rsp_valid_to_d_req_valid
Startpoint: d_rsp_valid (input port clocked by clk)
Endpoint: d_req_valid (output port clocked by clk)
Path Group: clk
Path Type: max

   Delay     Time   Description
-----------------------------------------------------------
   0.000    0.000   clock clk (rise edge)
   0.000    0.000   clock network delay (propagated)
   2.000    2.000 ^ input external delay
   0.019    2.019 ^ d_rsp_valid (in)
   0.129    2.148 ^ hold6773/X (sky130_fd_sc_hd__clkbuf_1)
   0.328    2.476 ^ input35/X (sky130_fd_sc_hd__buf_2)
   0.378    2.854 ^ fanout3083/X (sky130_fd_sc_hd__buf_12)
   0.483    3.337 ^ fanout3082/X (sky130_fd_sc_hd__clkbuf_4)
   0.466    3.803 ^ fanout3081/X (sky130_fd_sc_hd__clkbuf_4)
   0.164    3.967 v _14918_/Y (sky130_fd_sc_hd__nor2_4)
   0.253    4.220 v fanout1355/X (sky130_fd_sc_hd__buf_12)
   0.454    4.674 ^ _14925_/Y (sky130_fd_sc_hd__o31ai_4)
   0.359    5.032 ^ load_slew866/X (sky130_fd_sc_hd__buf_6)
   0.230    5.262 v _14932_/Y (sky130_fd_sc_hd__o2111ai_4)
   0.303    5.565 v wire649/X (sky130_fd_sc_hd__buf_6)
   0.210    5.775 v rebuffer3130/X (sky130_fd_sc_hd__buf_6)
   0.644    6.419 ^ _14933_/Y (sky130_fd_sc_hd__nor3_4)
   0.435    6.854 ^ wire441/X (sky130_fd_sc_hd__buf_6)
   0.234    7.089 ^ output109/X (sky130_fd_sc_hd__buf_8)
   0.000    7.089 ^ d_req_valid (out)
            7.089   data arrival time

  10.000   10.000   clock clk (rise edge)
   0.000   10.000   clock network delay (propagated)
  -0.250    9.750   clock uncertainty
   0.000    9.750   clock reconvergence pessimism
  -2.000    7.750   output external delay
            7.750   data required time
-----------------------------------------------------------
            7.750   data required time
           -7.089   data arrival time
-----------------------------------------------------------
            0.661   slack (MET)


NAMED-PATH-END
NAMED-PATH-BEGIN d_rsp_error_to_d_req_valid
Startpoint: d_rsp_error (input port clocked by clk)
Endpoint: d_req_valid (output port clocked by clk)
Path Group: clk
Path Type: max

   Delay     Time   Description
-----------------------------------------------------------
   0.000    0.000   clock clk (rise edge)
   0.000    0.000   clock network delay (propagated)
   2.000    2.000 v input external delay
   0.015    2.015 v d_rsp_error (in)
   0.148    2.163 v hold3900/X (sky130_fd_sc_hd__clkbuf_1)
   0.317    2.480 v input2/X (sky130_fd_sc_hd__buf_2)
   0.392    2.873 v hold3901/X (sky130_fd_sc_hd__clkbuf_1)
   0.540    3.412 v _14922_/Y (sky130_fd_sc_hd__nand2b_2)
   0.390    3.802 v _14923_/X (sky130_fd_sc_hd__o211a_2)
   0.433    4.235 ^ _14925_/Y (sky130_fd_sc_hd__o31ai_4)
   0.359    4.594 ^ load_slew866/X (sky130_fd_sc_hd__buf_6)
   0.230    4.824 v _14932_/Y (sky130_fd_sc_hd__o2111ai_4)
   0.303    5.127 v wire649/X (sky130_fd_sc_hd__buf_6)
   0.210    5.336 v rebuffer3130/X (sky130_fd_sc_hd__buf_6)
   0.644    5.981 ^ _14933_/Y (sky130_fd_sc_hd__nor3_4)
   0.435    6.416 ^ wire441/X (sky130_fd_sc_hd__buf_6)
   0.234    6.650 ^ output109/X (sky130_fd_sc_hd__buf_8)
   0.000    6.651 ^ d_req_valid (out)
            6.651   data arrival time

  10.000   10.000   clock clk (rise edge)
   0.000   10.000   clock network delay (propagated)
  -0.250    9.750   clock uncertainty
   0.000    9.750   clock reconvergence pessimism
  -2.000    7.750   output external delay
            7.750   data required time
-----------------------------------------------------------
            7.750   data required time
           -6.651   data arrival time
-----------------------------------------------------------
            1.099   slack (MET)


NAMED-PATH-END
