NAMED-PATH-BEGIN d_rsp_valid_to_d_req_valid
Startpoint: d_rsp_valid (input port clocked by clk)
Endpoint: d_req_valid (output port clocked by clk)
Path Group: clk
Path Type: max

   Delay     Time   Description
-----------------------------------------------------------
   0.000    0.000   clock clk (rise edge)
   0.000    0.000   clock network delay (propagated)
   2.000    2.000 ^ input external delay
   0.012    2.012 ^ d_rsp_valid (in)
   0.215    2.226 ^ input35/X (sky130_fd_sc_hd__clkbuf_1)
   0.204    2.430 ^ wire2987/X (sky130_fd_sc_hd__buf_12)
   0.198    2.628 ^ fanout2985/X (sky130_fd_sc_hd__clkbuf_2)
   0.329    2.957 v _07785_/X (sky130_fd_sc_hd__and4bb_2)
   0.213    3.170 v fanout1557/X (sky130_fd_sc_hd__clkbuf_4)
   0.636    3.806 v fanout1555/X (sky130_fd_sc_hd__dlygate4sd3_1)
   0.172    3.978 v load_slew1556/X (sky130_fd_sc_hd__buf_6)
   0.150    4.128 ^ _07788_/Y (sky130_fd_sc_hd__nand2_4)
   0.227    4.356 ^ _07795_/X (sky130_fd_sc_hd__and3_4)
   0.248    4.603 ^ fanout535/X (sky130_fd_sc_hd__buf_4)
   0.429    5.032 ^ _07796_/X (sky130_fd_sc_hd__and4_2)
   0.457    5.489 ^ output109/X (sky130_fd_sc_hd__dlymetal6s4s_1)
   0.002    5.490 ^ d_req_valid (out)
            5.490   data arrival time

  10.000   10.000   clock clk (rise edge)
   0.000   10.000   clock network delay (propagated)
  -0.250    9.750   clock uncertainty
   0.000    9.750   clock reconvergence pessimism
  -2.000    7.750   output external delay
            7.750   data required time
-----------------------------------------------------------
            7.750   data required time
           -5.490   data arrival time
-----------------------------------------------------------
            2.260   slack (MET)


NAMED-PATH-END
NAMED-PATH-BEGIN d_rsp_error_to_d_req_valid
Startpoint: d_rsp_error (input port clocked by clk)
Endpoint: d_req_valid (output port clocked by clk)
Path Group: clk
Path Type: max

   Delay     Time   Description
-----------------------------------------------------------
   0.000    0.000   clock clk (rise edge)
   0.000    0.000   clock network delay (propagated)
   2.000    2.000 v input external delay
   0.006    2.006 v d_rsp_error (in)
   0.132    2.138 v input2/X (sky130_fd_sc_hd__clkbuf_1)
   0.191    2.329 v wire2993/X (sky130_fd_sc_hd__buf_4)
   0.193    2.522 v _07792_/Y (sky130_fd_sc_hd__nand2b_2)
   0.214    2.736 v _07793_/X (sky130_fd_sc_hd__o211a_2)
   0.325    3.061 ^ _07794_/Y (sky130_fd_sc_hd__o21ai_2)
   0.709    3.770 ^ fanout727/X (sky130_fd_sc_hd__dlymetal6s4s_1)
   0.339    4.110 ^ _07795_/X (sky130_fd_sc_hd__and3_4)
   0.248    4.358 ^ fanout535/X (sky130_fd_sc_hd__buf_4)
   0.429    4.786 ^ _07796_/X (sky130_fd_sc_hd__and4_2)
   0.457    5.243 ^ output109/X (sky130_fd_sc_hd__dlymetal6s4s_1)
   0.002    5.245 ^ d_req_valid (out)
            5.245   data arrival time

  10.000   10.000   clock clk (rise edge)
   0.000   10.000   clock network delay (propagated)
  -0.250    9.750   clock uncertainty
   0.000    9.750   clock reconvergence pessimism
  -2.000    7.750   output external delay
            7.750   data required time
-----------------------------------------------------------
            7.750   data required time
           -5.245   data arrival time
-----------------------------------------------------------
            2.505   slack (MET)


NAMED-PATH-END
