mkdir -p /home/elfo/Documents/Aster/build/phase6-215b2d0/regressions/build/adversarial_l10_sync0_wait0_w4_n16
verilator --cc --exe --build --timing --Wall -DRISCV_FORMAL --Wno-DECLFILENAME --Wno-GENUNNAMED --Wno-UNUSEDSIGNAL --Wno-BLKSEQ \
	--top-module aster_multicore_probe --Mdir /home/elfo/Documents/Aster/build/phase6-215b2d0/regressions/build/adversarial_l10_sync0_wait0_w4_n16/obj -o /home/elfo/Documents/Aster/build/phase6-215b2d0/regressions/build/adversarial_l10_sync0_wait0_w4_n16/aster_multicore_adversarial_sim \
	"-GENABLE_L1=1'b0" "-GSYNC_MEMORY=1'b0" -GMEMORY_WAIT_CYCLES=0 \
	/tmp/aster-phase6-verify-PHy1Sn/rtl/core/aster_picorv32.sv /tmp/aster-phase6-verify-PHy1Sn/vendor/picorv32/picorv32.v /tmp/aster-phase6-verify-PHy1Sn/rtl/cache/aster_l1_cache.sv /tmp/aster-phase6-verify-PHy1Sn/rtl/memory/aster_rom.sv /tmp/aster-phase6-verify-PHy1Sn/rtl/memory/aster_ram.sv /tmp/aster-phase6-verify-PHy1Sn/rtl/peripherals/aster_uart.sv /tmp/aster-phase6-verify-PHy1Sn/rtl/peripherals/aster_perf_counters.sv /tmp/aster-phase6-verify-PHy1Sn/rtl/interconnect/aster_arbiter2.sv /tmp/aster-phase6-verify-PHy1Sn/rtl/soc/aster_shared_fabric.sv /tmp/aster-phase6-verify-PHy1Sn/rtl/core/aster_hart.sv /tmp/aster-phase6-verify-PHy1Sn/rtl/soc/aster_multicore.sv \
	/tmp/aster-phase6-verify-PHy1Sn/verification/soc/aster_multicore_probe.sv /tmp/aster-phase6-verify-PHy1Sn/verification/soc/tb_multicore_adversarial.cpp
make[2]: warning: jobserver unavailable: using -j1.  Add '+' to parent make rule.
g++  -I.  -MMD -I/home/elfo/tools/verilator/root/include -I/home/elfo/tools/verilator/root/include/vltstd -DVM_COVERAGE=0 -DVM_SC=0 -DVM_TRACE=0 -DVM_TRACE_FST=0 -DVM_TRACE_VCD=0 -faligned-new -fcf-protection=none -Wno-bool-operation -Wno-overloaded-virtual -Wno-shadow -Wno-sign-compare -Wno-uninitialized -Wno-unused-but-set-parameter -Wno-unused-but-set-variable -Wno-unused-parameter -Wno-unused-variable       -Os -c -o tb_multicore_adversarial.o /tmp/aster-phase6-verify-PHy1Sn/verification/soc/tb_multicore_adversarial.cpp
g++ -Os  -I.  -MMD -I/home/elfo/tools/verilator/root/include -I/home/elfo/tools/verilator/root/include/vltstd -DVM_COVERAGE=0 -DVM_SC=0 -DVM_TRACE=0 -DVM_TRACE_FST=0 -DVM_TRACE_VCD=0 -faligned-new -fcf-protection=none -Wno-bool-operation -Wno-overloaded-virtual -Wno-shadow -Wno-sign-compare -Wno-uninitialized -Wno-unused-but-set-parameter -Wno-unused-but-set-variable -Wno-unused-parameter -Wno-unused-variable       -c -o verilated.o /home/elfo/tools/verilator/root/include/verilated.cpp
g++ -Os  -I.  -MMD -I/home/elfo/tools/verilator/root/include -I/home/elfo/tools/verilator/root/include/vltstd -DVM_COVERAGE=0 -DVM_SC=0 -DVM_TRACE=0 -DVM_TRACE_FST=0 -DVM_TRACE_VCD=0 -faligned-new -fcf-protection=none -Wno-bool-operation -Wno-overloaded-virtual -Wno-shadow -Wno-sign-compare -Wno-uninitialized -Wno-unused-but-set-parameter -Wno-unused-but-set-variable -Wno-unused-parameter -Wno-unused-variable       -c -o verilated_threads.o /home/elfo/tools/verilator/root/include/verilated_threads.cpp
/usr/bin/python3 /home/elfo/tools/verilator/root/bin/verilator_includer -DVL_INCLUDE_OPT=include Vaster_multicore_probe.cpp Vaster_multicore_probe___024root__DepSet_h752dbbb1__0.cpp Vaster_multicore_probe___024root__DepSet_hc8bc0555__0.cpp Vaster_multicore_probe_aster_picorv32__DepSet_h70c71e93__0.cpp Vaster_multicore_probe___024root__Slow.cpp Vaster_multicore_probe___024root__DepSet_h752dbbb1__0__Slow.cpp Vaster_multicore_probe___024root__DepSet_hc8bc0555__0__Slow.cpp Vaster_multicore_probe_aster_picorv32__Slow.cpp Vaster_multicore_probe_aster_picorv32__DepSet_h70c71e93__0__Slow.cpp Vaster_multicore_probe_aster_picorv32__DepSet_hcae56077__0__Slow.cpp Vaster_multicore_probe__Syms.cpp > Vaster_multicore_probe__ALL.cpp
g++ -Os  -I.  -MMD -I/home/elfo/tools/verilator/root/include -I/home/elfo/tools/verilator/root/include/vltstd -DVM_COVERAGE=0 -DVM_SC=0 -DVM_TRACE=0 -DVM_TRACE_FST=0 -DVM_TRACE_VCD=0 -faligned-new -fcf-protection=none -Wno-bool-operation -Wno-overloaded-virtual -Wno-shadow -Wno-sign-compare -Wno-uninitialized -Wno-unused-but-set-parameter -Wno-unused-but-set-variable -Wno-unused-parameter -Wno-unused-variable       -c -o Vaster_multicore_probe__ALL.o Vaster_multicore_probe__ALL.cpp
echo "" > Vaster_multicore_probe__ALL.verilator_deplist.tmp
Archive ar -rcs Vaster_multicore_probe__ALL.a Vaster_multicore_probe__ALL.o
g++     tb_multicore_adversarial.o verilated.o verilated_threads.o Vaster_multicore_probe__ALL.a    -pthread -lpthread -latomic   -o /home/elfo/Documents/Aster/build/phase6-215b2d0/regressions/build/adversarial_l10_sync0_wait0_w4_n16/aster_multicore_adversarial_sim
rm Vaster_multicore_probe__ALL.verilator_deplist.tmp
PASS: real-core faults boot=0 traps=12 primary_retired_while_peer_trapped=9457
PASS: real-core faults boot=1 traps=12 primary_retired_while_peer_trapped=9457
mkdir -p /home/elfo/Documents/Aster/build/phase6-215b2d0/regressions/build/adversarial_l10_sync0_wait4_w4_n16
verilator --cc --exe --build --timing --Wall -DRISCV_FORMAL --Wno-DECLFILENAME --Wno-GENUNNAMED --Wno-UNUSEDSIGNAL --Wno-BLKSEQ \
	--top-module aster_multicore_probe --Mdir /home/elfo/Documents/Aster/build/phase6-215b2d0/regressions/build/adversarial_l10_sync0_wait4_w4_n16/obj -o /home/elfo/Documents/Aster/build/phase6-215b2d0/regressions/build/adversarial_l10_sync0_wait4_w4_n16/aster_multicore_adversarial_sim \
	"-GENABLE_L1=1'b0" "-GSYNC_MEMORY=1'b0" -GMEMORY_WAIT_CYCLES=4 \
	/tmp/aster-phase6-verify-PHy1Sn/rtl/core/aster_picorv32.sv /tmp/aster-phase6-verify-PHy1Sn/vendor/picorv32/picorv32.v /tmp/aster-phase6-verify-PHy1Sn/rtl/cache/aster_l1_cache.sv /tmp/aster-phase6-verify-PHy1Sn/rtl/memory/aster_rom.sv /tmp/aster-phase6-verify-PHy1Sn/rtl/memory/aster_ram.sv /tmp/aster-phase6-verify-PHy1Sn/rtl/peripherals/aster_uart.sv /tmp/aster-phase6-verify-PHy1Sn/rtl/peripherals/aster_perf_counters.sv /tmp/aster-phase6-verify-PHy1Sn/rtl/interconnect/aster_arbiter2.sv /tmp/aster-phase6-verify-PHy1Sn/rtl/soc/aster_shared_fabric.sv /tmp/aster-phase6-verify-PHy1Sn/rtl/core/aster_hart.sv /tmp/aster-phase6-verify-PHy1Sn/rtl/soc/aster_multicore.sv \
	/tmp/aster-phase6-verify-PHy1Sn/verification/soc/aster_multicore_probe.sv /tmp/aster-phase6-verify-PHy1Sn/verification/soc/tb_multicore_adversarial.cpp
make[2]: warning: jobserver unavailable: using -j1.  Add '+' to parent make rule.
g++  -I.  -MMD -I/home/elfo/tools/verilator/root/include -I/home/elfo/tools/verilator/root/include/vltstd -DVM_COVERAGE=0 -DVM_SC=0 -DVM_TRACE=0 -DVM_TRACE_FST=0 -DVM_TRACE_VCD=0 -faligned-new -fcf-protection=none -Wno-bool-operation -Wno-overloaded-virtual -Wno-shadow -Wno-sign-compare -Wno-uninitialized -Wno-unused-but-set-parameter -Wno-unused-but-set-variable -Wno-unused-parameter -Wno-unused-variable       -Os -c -o tb_multicore_adversarial.o /tmp/aster-phase6-verify-PHy1Sn/verification/soc/tb_multicore_adversarial.cpp
g++ -Os  -I.  -MMD -I/home/elfo/tools/verilator/root/include -I/home/elfo/tools/verilator/root/include/vltstd -DVM_COVERAGE=0 -DVM_SC=0 -DVM_TRACE=0 -DVM_TRACE_FST=0 -DVM_TRACE_VCD=0 -faligned-new -fcf-protection=none -Wno-bool-operation -Wno-overloaded-virtual -Wno-shadow -Wno-sign-compare -Wno-uninitialized -Wno-unused-but-set-parameter -Wno-unused-but-set-variable -Wno-unused-parameter -Wno-unused-variable       -c -o verilated.o /home/elfo/tools/verilator/root/include/verilated.cpp
g++ -Os  -I.  -MMD -I/home/elfo/tools/verilator/root/include -I/home/elfo/tools/verilator/root/include/vltstd -DVM_COVERAGE=0 -DVM_SC=0 -DVM_TRACE=0 -DVM_TRACE_FST=0 -DVM_TRACE_VCD=0 -faligned-new -fcf-protection=none -Wno-bool-operation -Wno-overloaded-virtual -Wno-shadow -Wno-sign-compare -Wno-uninitialized -Wno-unused-but-set-parameter -Wno-unused-but-set-variable -Wno-unused-parameter -Wno-unused-variable       -c -o verilated_threads.o /home/elfo/tools/verilator/root/include/verilated_threads.cpp
/usr/bin/python3 /home/elfo/tools/verilator/root/bin/verilator_includer -DVL_INCLUDE_OPT=include Vaster_multicore_probe.cpp Vaster_multicore_probe___024root__DepSet_h752dbbb1__0.cpp Vaster_multicore_probe___024root__DepSet_hc8bc0555__0.cpp Vaster_multicore_probe_aster_picorv32__DepSet_h70c71e93__0.cpp Vaster_multicore_probe___024root__Slow.cpp Vaster_multicore_probe___024root__DepSet_h752dbbb1__0__Slow.cpp Vaster_multicore_probe___024root__DepSet_hc8bc0555__0__Slow.cpp Vaster_multicore_probe_aster_picorv32__Slow.cpp Vaster_multicore_probe_aster_picorv32__DepSet_h70c71e93__0__Slow.cpp Vaster_multicore_probe_aster_picorv32__DepSet_hcae56077__0__Slow.cpp Vaster_multicore_probe__Syms.cpp > Vaster_multicore_probe__ALL.cpp
g++ -Os  -I.  -MMD -I/home/elfo/tools/verilator/root/include -I/home/elfo/tools/verilator/root/include/vltstd -DVM_COVERAGE=0 -DVM_SC=0 -DVM_TRACE=0 -DVM_TRACE_FST=0 -DVM_TRACE_VCD=0 -faligned-new -fcf-protection=none -Wno-bool-operation -Wno-overloaded-virtual -Wno-shadow -Wno-sign-compare -Wno-uninitialized -Wno-unused-but-set-parameter -Wno-unused-but-set-variable -Wno-unused-parameter -Wno-unused-variable       -c -o Vaster_multicore_probe__ALL.o Vaster_multicore_probe__ALL.cpp
echo "" > Vaster_multicore_probe__ALL.verilator_deplist.tmp
Archive ar -rcs Vaster_multicore_probe__ALL.a Vaster_multicore_probe__ALL.o
g++     tb_multicore_adversarial.o verilated.o verilated_threads.o Vaster_multicore_probe__ALL.a    -pthread -lpthread -latomic   -o /home/elfo/Documents/Aster/build/phase6-215b2d0/regressions/build/adversarial_l10_sync0_wait4_w4_n16/aster_multicore_adversarial_sim
rm Vaster_multicore_probe__ALL.verilator_deplist.tmp
PASS: real-core faults boot=0 traps=12 primary_retired_while_peer_trapped=9455
PASS: real-core faults boot=1 traps=12 primary_retired_while_peer_trapped=9455
PASS: real-core reset seed=1 aborted_stores=8 aborted_reads=16 preserved_stores=24
PASS: real-core reset seed=42366 aborted_stores=8 aborted_reads=16 preserved_stores=24
PASS: real-core reset seed=12648430 aborted_stores=8 aborted_reads=16 preserved_stores=24
mkdir -p /home/elfo/Documents/Aster/build/phase6-215b2d0/regressions/build/adversarial_l10_sync1_wait1_w4_n16
verilator --cc --exe --build --timing --Wall -DRISCV_FORMAL --Wno-DECLFILENAME --Wno-GENUNNAMED --Wno-UNUSEDSIGNAL --Wno-BLKSEQ \
	--top-module aster_multicore_probe --Mdir /home/elfo/Documents/Aster/build/phase6-215b2d0/regressions/build/adversarial_l10_sync1_wait1_w4_n16/obj -o /home/elfo/Documents/Aster/build/phase6-215b2d0/regressions/build/adversarial_l10_sync1_wait1_w4_n16/aster_multicore_adversarial_sim \
	"-GENABLE_L1=1'b0" "-GSYNC_MEMORY=1'b1" -GMEMORY_WAIT_CYCLES=1 \
	/tmp/aster-phase6-verify-PHy1Sn/rtl/core/aster_picorv32.sv /tmp/aster-phase6-verify-PHy1Sn/vendor/picorv32/picorv32.v /tmp/aster-phase6-verify-PHy1Sn/rtl/cache/aster_l1_cache.sv /tmp/aster-phase6-verify-PHy1Sn/rtl/memory/aster_rom.sv /tmp/aster-phase6-verify-PHy1Sn/rtl/memory/aster_ram.sv /tmp/aster-phase6-verify-PHy1Sn/rtl/peripherals/aster_uart.sv /tmp/aster-phase6-verify-PHy1Sn/rtl/peripherals/aster_perf_counters.sv /tmp/aster-phase6-verify-PHy1Sn/rtl/interconnect/aster_arbiter2.sv /tmp/aster-phase6-verify-PHy1Sn/rtl/soc/aster_shared_fabric.sv /tmp/aster-phase6-verify-PHy1Sn/rtl/core/aster_hart.sv /tmp/aster-phase6-verify-PHy1Sn/rtl/soc/aster_multicore.sv \
	/tmp/aster-phase6-verify-PHy1Sn/verification/soc/aster_multicore_probe.sv /tmp/aster-phase6-verify-PHy1Sn/verification/soc/tb_multicore_adversarial.cpp
make[2]: warning: jobserver unavailable: using -j1.  Add '+' to parent make rule.
g++  -I.  -MMD -I/home/elfo/tools/verilator/root/include -I/home/elfo/tools/verilator/root/include/vltstd -DVM_COVERAGE=0 -DVM_SC=0 -DVM_TRACE=0 -DVM_TRACE_FST=0 -DVM_TRACE_VCD=0 -faligned-new -fcf-protection=none -Wno-bool-operation -Wno-overloaded-virtual -Wno-shadow -Wno-sign-compare -Wno-uninitialized -Wno-unused-but-set-parameter -Wno-unused-but-set-variable -Wno-unused-parameter -Wno-unused-variable       -Os -c -o tb_multicore_adversarial.o /tmp/aster-phase6-verify-PHy1Sn/verification/soc/tb_multicore_adversarial.cpp
g++ -Os  -I.  -MMD -I/home/elfo/tools/verilator/root/include -I/home/elfo/tools/verilator/root/include/vltstd -DVM_COVERAGE=0 -DVM_SC=0 -DVM_TRACE=0 -DVM_TRACE_FST=0 -DVM_TRACE_VCD=0 -faligned-new -fcf-protection=none -Wno-bool-operation -Wno-overloaded-virtual -Wno-shadow -Wno-sign-compare -Wno-uninitialized -Wno-unused-but-set-parameter -Wno-unused-but-set-variable -Wno-unused-parameter -Wno-unused-variable       -c -o verilated.o /home/elfo/tools/verilator/root/include/verilated.cpp
g++ -Os  -I.  -MMD -I/home/elfo/tools/verilator/root/include -I/home/elfo/tools/verilator/root/include/vltstd -DVM_COVERAGE=0 -DVM_SC=0 -DVM_TRACE=0 -DVM_TRACE_FST=0 -DVM_TRACE_VCD=0 -faligned-new -fcf-protection=none -Wno-bool-operation -Wno-overloaded-virtual -Wno-shadow -Wno-sign-compare -Wno-uninitialized -Wno-unused-but-set-parameter -Wno-unused-but-set-variable -Wno-unused-parameter -Wno-unused-variable       -c -o verilated_threads.o /home/elfo/tools/verilator/root/include/verilated_threads.cpp
/usr/bin/python3 /home/elfo/tools/verilator/root/bin/verilator_includer -DVL_INCLUDE_OPT=include Vaster_multicore_probe.cpp Vaster_multicore_probe___024root__DepSet_h752dbbb1__0.cpp Vaster_multicore_probe___024root__DepSet_hc8bc0555__0.cpp Vaster_multicore_probe_aster_picorv32__DepSet_h70c71e93__0.cpp Vaster_multicore_probe___024root__Slow.cpp Vaster_multicore_probe___024root__DepSet_h752dbbb1__0__Slow.cpp Vaster_multicore_probe___024root__DepSet_hc8bc0555__0__Slow.cpp Vaster_multicore_probe_aster_picorv32__Slow.cpp Vaster_multicore_probe_aster_picorv32__DepSet_h70c71e93__0__Slow.cpp Vaster_multicore_probe_aster_picorv32__DepSet_hcae56077__0__Slow.cpp Vaster_multicore_probe__Syms.cpp > Vaster_multicore_probe__ALL.cpp
g++ -Os  -I.  -MMD -I/home/elfo/tools/verilator/root/include -I/home/elfo/tools/verilator/root/include/vltstd -DVM_COVERAGE=0 -DVM_SC=0 -DVM_TRACE=0 -DVM_TRACE_FST=0 -DVM_TRACE_VCD=0 -faligned-new -fcf-protection=none -Wno-bool-operation -Wno-overloaded-virtual -Wno-shadow -Wno-sign-compare -Wno-uninitialized -Wno-unused-but-set-parameter -Wno-unused-but-set-variable -Wno-unused-parameter -Wno-unused-variable       -c -o Vaster_multicore_probe__ALL.o Vaster_multicore_probe__ALL.cpp
echo "" > Vaster_multicore_probe__ALL.verilator_deplist.tmp
Archive ar -rcs Vaster_multicore_probe__ALL.a Vaster_multicore_probe__ALL.o
g++     tb_multicore_adversarial.o verilated.o verilated_threads.o Vaster_multicore_probe__ALL.a    -pthread -lpthread -latomic   -o /home/elfo/Documents/Aster/build/phase6-215b2d0/regressions/build/adversarial_l10_sync1_wait1_w4_n16/aster_multicore_adversarial_sim
rm Vaster_multicore_probe__ALL.verilator_deplist.tmp
PASS: real-core faults boot=0 traps=12 primary_retired_while_peer_trapped=9450
PASS: real-core faults boot=1 traps=12 primary_retired_while_peer_trapped=9450
PASS: real-core reset seed=1 aborted_stores=8 aborted_reads=16 preserved_stores=24
PASS: real-core reset seed=42366 aborted_stores=8 aborted_reads=16 preserved_stores=24
PASS: real-core reset seed=12648430 aborted_stores=8 aborted_reads=16 preserved_stores=24
mkdir -p /home/elfo/Documents/Aster/build/phase6-215b2d0/regressions/build/adversarial_l10_sync1_wait4_w4_n16
verilator --cc --exe --build --timing --Wall -DRISCV_FORMAL --Wno-DECLFILENAME --Wno-GENUNNAMED --Wno-UNUSEDSIGNAL --Wno-BLKSEQ \
	--top-module aster_multicore_probe --Mdir /home/elfo/Documents/Aster/build/phase6-215b2d0/regressions/build/adversarial_l10_sync1_wait4_w4_n16/obj -o /home/elfo/Documents/Aster/build/phase6-215b2d0/regressions/build/adversarial_l10_sync1_wait4_w4_n16/aster_multicore_adversarial_sim \
	"-GENABLE_L1=1'b0" "-GSYNC_MEMORY=1'b1" -GMEMORY_WAIT_CYCLES=4 \
	/tmp/aster-phase6-verify-PHy1Sn/rtl/core/aster_picorv32.sv /tmp/aster-phase6-verify-PHy1Sn/vendor/picorv32/picorv32.v /tmp/aster-phase6-verify-PHy1Sn/rtl/cache/aster_l1_cache.sv /tmp/aster-phase6-verify-PHy1Sn/rtl/memory/aster_rom.sv /tmp/aster-phase6-verify-PHy1Sn/rtl/memory/aster_ram.sv /tmp/aster-phase6-verify-PHy1Sn/rtl/peripherals/aster_uart.sv /tmp/aster-phase6-verify-PHy1Sn/rtl/peripherals/aster_perf_counters.sv /tmp/aster-phase6-verify-PHy1Sn/rtl/interconnect/aster_arbiter2.sv /tmp/aster-phase6-verify-PHy1Sn/rtl/soc/aster_shared_fabric.sv /tmp/aster-phase6-verify-PHy1Sn/rtl/core/aster_hart.sv /tmp/aster-phase6-verify-PHy1Sn/rtl/soc/aster_multicore.sv \
	/tmp/aster-phase6-verify-PHy1Sn/verification/soc/aster_multicore_probe.sv /tmp/aster-phase6-verify-PHy1Sn/verification/soc/tb_multicore_adversarial.cpp
make[2]: warning: jobserver unavailable: using -j1.  Add '+' to parent make rule.
g++  -I.  -MMD -I/home/elfo/tools/verilator/root/include -I/home/elfo/tools/verilator/root/include/vltstd -DVM_COVERAGE=0 -DVM_SC=0 -DVM_TRACE=0 -DVM_TRACE_FST=0 -DVM_TRACE_VCD=0 -faligned-new -fcf-protection=none -Wno-bool-operation -Wno-overloaded-virtual -Wno-shadow -Wno-sign-compare -Wno-uninitialized -Wno-unused-but-set-parameter -Wno-unused-but-set-variable -Wno-unused-parameter -Wno-unused-variable       -Os -c -o tb_multicore_adversarial.o /tmp/aster-phase6-verify-PHy1Sn/verification/soc/tb_multicore_adversarial.cpp
g++ -Os  -I.  -MMD -I/home/elfo/tools/verilator/root/include -I/home/elfo/tools/verilator/root/include/vltstd -DVM_COVERAGE=0 -DVM_SC=0 -DVM_TRACE=0 -DVM_TRACE_FST=0 -DVM_TRACE_VCD=0 -faligned-new -fcf-protection=none -Wno-bool-operation -Wno-overloaded-virtual -Wno-shadow -Wno-sign-compare -Wno-uninitialized -Wno-unused-but-set-parameter -Wno-unused-but-set-variable -Wno-unused-parameter -Wno-unused-variable       -c -o verilated.o /home/elfo/tools/verilator/root/include/verilated.cpp
g++ -Os  -I.  -MMD -I/home/elfo/tools/verilator/root/include -I/home/elfo/tools/verilator/root/include/vltstd -DVM_COVERAGE=0 -DVM_SC=0 -DVM_TRACE=0 -DVM_TRACE_FST=0 -DVM_TRACE_VCD=0 -faligned-new -fcf-protection=none -Wno-bool-operation -Wno-overloaded-virtual -Wno-shadow -Wno-sign-compare -Wno-uninitialized -Wno-unused-but-set-parameter -Wno-unused-but-set-variable -Wno-unused-parameter -Wno-unused-variable       -c -o verilated_threads.o /home/elfo/tools/verilator/root/include/verilated_threads.cpp
/usr/bin/python3 /home/elfo/tools/verilator/root/bin/verilator_includer -DVL_INCLUDE_OPT=include Vaster_multicore_probe.cpp Vaster_multicore_probe___024root__DepSet_h752dbbb1__0.cpp Vaster_multicore_probe___024root__DepSet_hc8bc0555__0.cpp Vaster_multicore_probe_aster_picorv32__DepSet_h70c71e93__0.cpp Vaster_multicore_probe___024root__Slow.cpp Vaster_multicore_probe___024root__DepSet_h752dbbb1__0__Slow.cpp Vaster_multicore_probe___024root__DepSet_hc8bc0555__0__Slow.cpp Vaster_multicore_probe_aster_picorv32__Slow.cpp Vaster_multicore_probe_aster_picorv32__DepSet_h70c71e93__0__Slow.cpp Vaster_multicore_probe_aster_picorv32__DepSet_hcae56077__0__Slow.cpp Vaster_multicore_probe__Syms.cpp > Vaster_multicore_probe__ALL.cpp
g++ -Os  -I.  -MMD -I/home/elfo/tools/verilator/root/include -I/home/elfo/tools/verilator/root/include/vltstd -DVM_COVERAGE=0 -DVM_SC=0 -DVM_TRACE=0 -DVM_TRACE_FST=0 -DVM_TRACE_VCD=0 -faligned-new -fcf-protection=none -Wno-bool-operation -Wno-overloaded-virtual -Wno-shadow -Wno-sign-compare -Wno-uninitialized -Wno-unused-but-set-parameter -Wno-unused-but-set-variable -Wno-unused-parameter -Wno-unused-variable       -c -o Vaster_multicore_probe__ALL.o Vaster_multicore_probe__ALL.cpp
echo "" > Vaster_multicore_probe__ALL.verilator_deplist.tmp
Archive ar -rcs Vaster_multicore_probe__ALL.a Vaster_multicore_probe__ALL.o
g++     tb_multicore_adversarial.o verilated.o verilated_threads.o Vaster_multicore_probe__ALL.a    -pthread -lpthread -latomic   -o /home/elfo/Documents/Aster/build/phase6-215b2d0/regressions/build/adversarial_l10_sync1_wait4_w4_n16/aster_multicore_adversarial_sim
rm Vaster_multicore_probe__ALL.verilator_deplist.tmp
PASS: real-core faults boot=0 traps=12 primary_retired_while_peer_trapped=9455
PASS: real-core faults boot=1 traps=12 primary_retired_while_peer_trapped=9455
PASS: real-core reset seed=1 aborted_stores=8 aborted_reads=16 preserved_stores=24
PASS: real-core reset seed=42366 aborted_stores=8 aborted_reads=16 preserved_stores=24
PASS: real-core reset seed=12648430 aborted_stores=8 aborted_reads=16 preserved_stores=24
PASS: real-core faults boot=0 traps=12 primary_retired_while_peer_trapped=9453
PASS: real-core faults boot=1 traps=12 primary_retired_while_peer_trapped=9453
mkdir -p /home/elfo/Documents/Aster/build/phase6-215b2d0/regressions/build/adversarial_l11_sync0_wait4_w4_n16
verilator --cc --exe --build --timing --Wall -DRISCV_FORMAL --Wno-DECLFILENAME --Wno-GENUNNAMED --Wno-UNUSEDSIGNAL --Wno-BLKSEQ \
	--top-module aster_multicore_probe --Mdir /home/elfo/Documents/Aster/build/phase6-215b2d0/regressions/build/adversarial_l11_sync0_wait4_w4_n16/obj -o /home/elfo/Documents/Aster/build/phase6-215b2d0/regressions/build/adversarial_l11_sync0_wait4_w4_n16/aster_multicore_adversarial_sim \
	"-GENABLE_L1=1'b1" "-GSYNC_MEMORY=1'b0" -GMEMORY_WAIT_CYCLES=4 \
	/tmp/aster-phase6-verify-PHy1Sn/rtl/core/aster_picorv32.sv /tmp/aster-phase6-verify-PHy1Sn/vendor/picorv32/picorv32.v /tmp/aster-phase6-verify-PHy1Sn/rtl/cache/aster_l1_cache.sv /tmp/aster-phase6-verify-PHy1Sn/rtl/memory/aster_rom.sv /tmp/aster-phase6-verify-PHy1Sn/rtl/memory/aster_ram.sv /tmp/aster-phase6-verify-PHy1Sn/rtl/peripherals/aster_uart.sv /tmp/aster-phase6-verify-PHy1Sn/rtl/peripherals/aster_perf_counters.sv /tmp/aster-phase6-verify-PHy1Sn/rtl/interconnect/aster_arbiter2.sv /tmp/aster-phase6-verify-PHy1Sn/rtl/soc/aster_shared_fabric.sv /tmp/aster-phase6-verify-PHy1Sn/rtl/core/aster_hart.sv /tmp/aster-phase6-verify-PHy1Sn/rtl/soc/aster_multicore.sv \
	/tmp/aster-phase6-verify-PHy1Sn/verification/soc/aster_multicore_probe.sv /tmp/aster-phase6-verify-PHy1Sn/verification/soc/tb_multicore_adversarial.cpp
make[2]: warning: jobserver unavailable: using -j1.  Add '+' to parent make rule.
g++  -I.  -MMD -I/home/elfo/tools/verilator/root/include -I/home/elfo/tools/verilator/root/include/vltstd -DVM_COVERAGE=0 -DVM_SC=0 -DVM_TRACE=0 -DVM_TRACE_FST=0 -DVM_TRACE_VCD=0 -faligned-new -fcf-protection=none -Wno-bool-operation -Wno-overloaded-virtual -Wno-shadow -Wno-sign-compare -Wno-uninitialized -Wno-unused-but-set-parameter -Wno-unused-but-set-variable -Wno-unused-parameter -Wno-unused-variable       -Os -c -o tb_multicore_adversarial.o /tmp/aster-phase6-verify-PHy1Sn/verification/soc/tb_multicore_adversarial.cpp
g++ -Os  -I.  -MMD -I/home/elfo/tools/verilator/root/include -I/home/elfo/tools/verilator/root/include/vltstd -DVM_COVERAGE=0 -DVM_SC=0 -DVM_TRACE=0 -DVM_TRACE_FST=0 -DVM_TRACE_VCD=0 -faligned-new -fcf-protection=none -Wno-bool-operation -Wno-overloaded-virtual -Wno-shadow -Wno-sign-compare -Wno-uninitialized -Wno-unused-but-set-parameter -Wno-unused-but-set-variable -Wno-unused-parameter -Wno-unused-variable       -c -o verilated.o /home/elfo/tools/verilator/root/include/verilated.cpp
g++ -Os  -I.  -MMD -I/home/elfo/tools/verilator/root/include -I/home/elfo/tools/verilator/root/include/vltstd -DVM_COVERAGE=0 -DVM_SC=0 -DVM_TRACE=0 -DVM_TRACE_FST=0 -DVM_TRACE_VCD=0 -faligned-new -fcf-protection=none -Wno-bool-operation -Wno-overloaded-virtual -Wno-shadow -Wno-sign-compare -Wno-uninitialized -Wno-unused-but-set-parameter -Wno-unused-but-set-variable -Wno-unused-parameter -Wno-unused-variable       -c -o verilated_threads.o /home/elfo/tools/verilator/root/include/verilated_threads.cpp
/usr/bin/python3 /home/elfo/tools/verilator/root/bin/verilator_includer -DVL_INCLUDE_OPT=include Vaster_multicore_probe.cpp Vaster_multicore_probe___024root__DepSet_h752dbbb1__0.cpp Vaster_multicore_probe___024root__DepSet_hc8bc0555__0.cpp Vaster_multicore_probe_aster_picorv32__DepSet_h70c71e93__0.cpp Vaster_multicore_probe___024root__Slow.cpp Vaster_multicore_probe___024root__DepSet_h752dbbb1__0__Slow.cpp Vaster_multicore_probe___024root__DepSet_hc8bc0555__0__Slow.cpp Vaster_multicore_probe_aster_picorv32__Slow.cpp Vaster_multicore_probe_aster_picorv32__DepSet_h70c71e93__0__Slow.cpp Vaster_multicore_probe_aster_picorv32__DepSet_hcae56077__0__Slow.cpp Vaster_multicore_probe__Syms.cpp > Vaster_multicore_probe__ALL.cpp
g++ -Os  -I.  -MMD -I/home/elfo/tools/verilator/root/include -I/home/elfo/tools/verilator/root/include/vltstd -DVM_COVERAGE=0 -DVM_SC=0 -DVM_TRACE=0 -DVM_TRACE_FST=0 -DVM_TRACE_VCD=0 -faligned-new -fcf-protection=none -Wno-bool-operation -Wno-overloaded-virtual -Wno-shadow -Wno-sign-compare -Wno-uninitialized -Wno-unused-but-set-parameter -Wno-unused-but-set-variable -Wno-unused-parameter -Wno-unused-variable       -c -o Vaster_multicore_probe__ALL.o Vaster_multicore_probe__ALL.cpp
echo "" > Vaster_multicore_probe__ALL.verilator_deplist.tmp
Archive ar -rcs Vaster_multicore_probe__ALL.a Vaster_multicore_probe__ALL.o
g++     tb_multicore_adversarial.o verilated.o verilated_threads.o Vaster_multicore_probe__ALL.a    -pthread -lpthread -latomic   -o /home/elfo/Documents/Aster/build/phase6-215b2d0/regressions/build/adversarial_l11_sync0_wait4_w4_n16/aster_multicore_adversarial_sim
rm Vaster_multicore_probe__ALL.verilator_deplist.tmp
PASS: real-core faults boot=0 traps=12 primary_retired_while_peer_trapped=9453
PASS: real-core faults boot=1 traps=12 primary_retired_while_peer_trapped=9453
PASS: real-core reset seed=1 aborted_stores=8 aborted_reads=16 preserved_stores=24
PASS: real-core reset seed=42366 aborted_stores=8 aborted_reads=16 preserved_stores=24
PASS: real-core reset seed=12648430 aborted_stores=8 aborted_reads=16 preserved_stores=24
mkdir -p /home/elfo/Documents/Aster/build/phase6-215b2d0/regressions/build/adversarial_l11_sync1_wait1_w4_n16
verilator --cc --exe --build --timing --Wall -DRISCV_FORMAL --Wno-DECLFILENAME --Wno-GENUNNAMED --Wno-UNUSEDSIGNAL --Wno-BLKSEQ \
	--top-module aster_multicore_probe --Mdir /home/elfo/Documents/Aster/build/phase6-215b2d0/regressions/build/adversarial_l11_sync1_wait1_w4_n16/obj -o /home/elfo/Documents/Aster/build/phase6-215b2d0/regressions/build/adversarial_l11_sync1_wait1_w4_n16/aster_multicore_adversarial_sim \
	"-GENABLE_L1=1'b1" "-GSYNC_MEMORY=1'b1" -GMEMORY_WAIT_CYCLES=1 \
	/tmp/aster-phase6-verify-PHy1Sn/rtl/core/aster_picorv32.sv /tmp/aster-phase6-verify-PHy1Sn/vendor/picorv32/picorv32.v /tmp/aster-phase6-verify-PHy1Sn/rtl/cache/aster_l1_cache.sv /tmp/aster-phase6-verify-PHy1Sn/rtl/memory/aster_rom.sv /tmp/aster-phase6-verify-PHy1Sn/rtl/memory/aster_ram.sv /tmp/aster-phase6-verify-PHy1Sn/rtl/peripherals/aster_uart.sv /tmp/aster-phase6-verify-PHy1Sn/rtl/peripherals/aster_perf_counters.sv /tmp/aster-phase6-verify-PHy1Sn/rtl/interconnect/aster_arbiter2.sv /tmp/aster-phase6-verify-PHy1Sn/rtl/soc/aster_shared_fabric.sv /tmp/aster-phase6-verify-PHy1Sn/rtl/core/aster_hart.sv /tmp/aster-phase6-verify-PHy1Sn/rtl/soc/aster_multicore.sv \
	/tmp/aster-phase6-verify-PHy1Sn/verification/soc/aster_multicore_probe.sv /tmp/aster-phase6-verify-PHy1Sn/verification/soc/tb_multicore_adversarial.cpp
make[2]: warning: jobserver unavailable: using -j1.  Add '+' to parent make rule.
g++  -I.  -MMD -I/home/elfo/tools/verilator/root/include -I/home/elfo/tools/verilator/root/include/vltstd -DVM_COVERAGE=0 -DVM_SC=0 -DVM_TRACE=0 -DVM_TRACE_FST=0 -DVM_TRACE_VCD=0 -faligned-new -fcf-protection=none -Wno-bool-operation -Wno-overloaded-virtual -Wno-shadow -Wno-sign-compare -Wno-uninitialized -Wno-unused-but-set-parameter -Wno-unused-but-set-variable -Wno-unused-parameter -Wno-unused-variable       -Os -c -o tb_multicore_adversarial.o /tmp/aster-phase6-verify-PHy1Sn/verification/soc/tb_multicore_adversarial.cpp
g++ -Os  -I.  -MMD -I/home/elfo/tools/verilator/root/include -I/home/elfo/tools/verilator/root/include/vltstd -DVM_COVERAGE=0 -DVM_SC=0 -DVM_TRACE=0 -DVM_TRACE_FST=0 -DVM_TRACE_VCD=0 -faligned-new -fcf-protection=none -Wno-bool-operation -Wno-overloaded-virtual -Wno-shadow -Wno-sign-compare -Wno-uninitialized -Wno-unused-but-set-parameter -Wno-unused-but-set-variable -Wno-unused-parameter -Wno-unused-variable       -c -o verilated.o /home/elfo/tools/verilator/root/include/verilated.cpp
g++ -Os  -I.  -MMD -I/home/elfo/tools/verilator/root/include -I/home/elfo/tools/verilator/root/include/vltstd -DVM_COVERAGE=0 -DVM_SC=0 -DVM_TRACE=0 -DVM_TRACE_FST=0 -DVM_TRACE_VCD=0 -faligned-new -fcf-protection=none -Wno-bool-operation -Wno-overloaded-virtual -Wno-shadow -Wno-sign-compare -Wno-uninitialized -Wno-unused-but-set-parameter -Wno-unused-but-set-variable -Wno-unused-parameter -Wno-unused-variable       -c -o verilated_threads.o /home/elfo/tools/verilator/root/include/verilated_threads.cpp
/usr/bin/python3 /home/elfo/tools/verilator/root/bin/verilator_includer -DVL_INCLUDE_OPT=include Vaster_multicore_probe.cpp Vaster_multicore_probe___024root__DepSet_h752dbbb1__0.cpp Vaster_multicore_probe___024root__DepSet_hc8bc0555__0.cpp Vaster_multicore_probe_aster_picorv32__DepSet_h70c71e93__0.cpp Vaster_multicore_probe___024root__Slow.cpp Vaster_multicore_probe___024root__DepSet_h752dbbb1__0__Slow.cpp Vaster_multicore_probe___024root__DepSet_hc8bc0555__0__Slow.cpp Vaster_multicore_probe_aster_picorv32__Slow.cpp Vaster_multicore_probe_aster_picorv32__DepSet_h70c71e93__0__Slow.cpp Vaster_multicore_probe_aster_picorv32__DepSet_hcae56077__0__Slow.cpp Vaster_multicore_probe__Syms.cpp > Vaster_multicore_probe__ALL.cpp
g++ -Os  -I.  -MMD -I/home/elfo/tools/verilator/root/include -I/home/elfo/tools/verilator/root/include/vltstd -DVM_COVERAGE=0 -DVM_SC=0 -DVM_TRACE=0 -DVM_TRACE_FST=0 -DVM_TRACE_VCD=0 -faligned-new -fcf-protection=none -Wno-bool-operation -Wno-overloaded-virtual -Wno-shadow -Wno-sign-compare -Wno-uninitialized -Wno-unused-but-set-parameter -Wno-unused-but-set-variable -Wno-unused-parameter -Wno-unused-variable       -c -o Vaster_multicore_probe__ALL.o Vaster_multicore_probe__ALL.cpp
echo "" > Vaster_multicore_probe__ALL.verilator_deplist.tmp
Archive ar -rcs Vaster_multicore_probe__ALL.a Vaster_multicore_probe__ALL.o
g++     tb_multicore_adversarial.o verilated.o verilated_threads.o Vaster_multicore_probe__ALL.a    -pthread -lpthread -latomic   -o /home/elfo/Documents/Aster/build/phase6-215b2d0/regressions/build/adversarial_l11_sync1_wait1_w4_n16/aster_multicore_adversarial_sim
rm Vaster_multicore_probe__ALL.verilator_deplist.tmp
PASS: real-core faults boot=0 traps=12 primary_retired_while_peer_trapped=9448
PASS: real-core faults boot=1 traps=12 primary_retired_while_peer_trapped=9448
PASS: real-core reset seed=1 aborted_stores=8 aborted_reads=16 preserved_stores=24
PASS: real-core reset seed=42366 aborted_stores=8 aborted_reads=16 preserved_stores=24
PASS: real-core reset seed=12648430 aborted_stores=8 aborted_reads=16 preserved_stores=24
mkdir -p /home/elfo/Documents/Aster/build/phase6-215b2d0/regressions/build/adversarial_l11_sync1_wait4_w4_n16
verilator --cc --exe --build --timing --Wall -DRISCV_FORMAL --Wno-DECLFILENAME --Wno-GENUNNAMED --Wno-UNUSEDSIGNAL --Wno-BLKSEQ \
	--top-module aster_multicore_probe --Mdir /home/elfo/Documents/Aster/build/phase6-215b2d0/regressions/build/adversarial_l11_sync1_wait4_w4_n16/obj -o /home/elfo/Documents/Aster/build/phase6-215b2d0/regressions/build/adversarial_l11_sync1_wait4_w4_n16/aster_multicore_adversarial_sim \
	"-GENABLE_L1=1'b1" "-GSYNC_MEMORY=1'b1" -GMEMORY_WAIT_CYCLES=4 \
	/tmp/aster-phase6-verify-PHy1Sn/rtl/core/aster_picorv32.sv /tmp/aster-phase6-verify-PHy1Sn/vendor/picorv32/picorv32.v /tmp/aster-phase6-verify-PHy1Sn/rtl/cache/aster_l1_cache.sv /tmp/aster-phase6-verify-PHy1Sn/rtl/memory/aster_rom.sv /tmp/aster-phase6-verify-PHy1Sn/rtl/memory/aster_ram.sv /tmp/aster-phase6-verify-PHy1Sn/rtl/peripherals/aster_uart.sv /tmp/aster-phase6-verify-PHy1Sn/rtl/peripherals/aster_perf_counters.sv /tmp/aster-phase6-verify-PHy1Sn/rtl/interconnect/aster_arbiter2.sv /tmp/aster-phase6-verify-PHy1Sn/rtl/soc/aster_shared_fabric.sv /tmp/aster-phase6-verify-PHy1Sn/rtl/core/aster_hart.sv /tmp/aster-phase6-verify-PHy1Sn/rtl/soc/aster_multicore.sv \
	/tmp/aster-phase6-verify-PHy1Sn/verification/soc/aster_multicore_probe.sv /tmp/aster-phase6-verify-PHy1Sn/verification/soc/tb_multicore_adversarial.cpp
make[2]: warning: jobserver unavailable: using -j1.  Add '+' to parent make rule.
g++  -I.  -MMD -I/home/elfo/tools/verilator/root/include -I/home/elfo/tools/verilator/root/include/vltstd -DVM_COVERAGE=0 -DVM_SC=0 -DVM_TRACE=0 -DVM_TRACE_FST=0 -DVM_TRACE_VCD=0 -faligned-new -fcf-protection=none -Wno-bool-operation -Wno-overloaded-virtual -Wno-shadow -Wno-sign-compare -Wno-uninitialized -Wno-unused-but-set-parameter -Wno-unused-but-set-variable -Wno-unused-parameter -Wno-unused-variable       -Os -c -o tb_multicore_adversarial.o /tmp/aster-phase6-verify-PHy1Sn/verification/soc/tb_multicore_adversarial.cpp
g++ -Os  -I.  -MMD -I/home/elfo/tools/verilator/root/include -I/home/elfo/tools/verilator/root/include/vltstd -DVM_COVERAGE=0 -DVM_SC=0 -DVM_TRACE=0 -DVM_TRACE_FST=0 -DVM_TRACE_VCD=0 -faligned-new -fcf-protection=none -Wno-bool-operation -Wno-overloaded-virtual -Wno-shadow -Wno-sign-compare -Wno-uninitialized -Wno-unused-but-set-parameter -Wno-unused-but-set-variable -Wno-unused-parameter -Wno-unused-variable       -c -o verilated.o /home/elfo/tools/verilator/root/include/verilated.cpp
g++ -Os  -I.  -MMD -I/home/elfo/tools/verilator/root/include -I/home/elfo/tools/verilator/root/include/vltstd -DVM_COVERAGE=0 -DVM_SC=0 -DVM_TRACE=0 -DVM_TRACE_FST=0 -DVM_TRACE_VCD=0 -faligned-new -fcf-protection=none -Wno-bool-operation -Wno-overloaded-virtual -Wno-shadow -Wno-sign-compare -Wno-uninitialized -Wno-unused-but-set-parameter -Wno-unused-but-set-variable -Wno-unused-parameter -Wno-unused-variable       -c -o verilated_threads.o /home/elfo/tools/verilator/root/include/verilated_threads.cpp
/usr/bin/python3 /home/elfo/tools/verilator/root/bin/verilator_includer -DVL_INCLUDE_OPT=include Vaster_multicore_probe.cpp Vaster_multicore_probe___024root__DepSet_h752dbbb1__0.cpp Vaster_multicore_probe___024root__DepSet_hc8bc0555__0.cpp Vaster_multicore_probe_aster_picorv32__DepSet_h70c71e93__0.cpp Vaster_multicore_probe___024root__Slow.cpp Vaster_multicore_probe___024root__DepSet_h752dbbb1__0__Slow.cpp Vaster_multicore_probe___024root__DepSet_hc8bc0555__0__Slow.cpp Vaster_multicore_probe_aster_picorv32__Slow.cpp Vaster_multicore_probe_aster_picorv32__DepSet_h70c71e93__0__Slow.cpp Vaster_multicore_probe_aster_picorv32__DepSet_hcae56077__0__Slow.cpp Vaster_multicore_probe__Syms.cpp > Vaster_multicore_probe__ALL.cpp
g++ -Os  -I.  -MMD -I/home/elfo/tools/verilator/root/include -I/home/elfo/tools/verilator/root/include/vltstd -DVM_COVERAGE=0 -DVM_SC=0 -DVM_TRACE=0 -DVM_TRACE_FST=0 -DVM_TRACE_VCD=0 -faligned-new -fcf-protection=none -Wno-bool-operation -Wno-overloaded-virtual -Wno-shadow -Wno-sign-compare -Wno-uninitialized -Wno-unused-but-set-parameter -Wno-unused-but-set-variable -Wno-unused-parameter -Wno-unused-variable       -c -o Vaster_multicore_probe__ALL.o Vaster_multicore_probe__ALL.cpp
echo "" > Vaster_multicore_probe__ALL.verilator_deplist.tmp
Archive ar -rcs Vaster_multicore_probe__ALL.a Vaster_multicore_probe__ALL.o
g++     tb_multicore_adversarial.o verilated.o verilated_threads.o Vaster_multicore_probe__ALL.a    -pthread -lpthread -latomic   -o /home/elfo/Documents/Aster/build/phase6-215b2d0/regressions/build/adversarial_l11_sync1_wait4_w4_n16/aster_multicore_adversarial_sim
rm Vaster_multicore_probe__ALL.verilator_deplist.tmp
PASS: real-core faults boot=0 traps=12 primary_retired_while_peer_trapped=9453
PASS: real-core faults boot=1 traps=12 primary_retired_while_peer_trapped=9453
PASS: real-core reset seed=1 aborted_stores=8 aborted_reads=16 preserved_stores=24
PASS: real-core reset seed=42366 aborted_stores=8 aborted_reads=16 preserved_stores=24
PASS: real-core reset seed=12648430 aborted_stores=8 aborted_reads=16 preserved_stores=24
