NAMED-PATH-BEGIN d_rsp_valid_to_d_req_valid
Startpoint: d_rsp_valid (input port clocked by clk)
Endpoint: d_req_valid (output port clocked by clk)
Path Group: clk
Path Type: max

   Delay     Time   Description
-----------------------------------------------------------
   0.000    0.000   clock clk (rise edge)
   0.000    0.000   clock network delay (propagated)
   2.000    2.000 ^ input external delay
   0.020    2.020 ^ d_rsp_valid (in)
   0.140    2.160 ^ hold4375/X (sky130_fd_sc_hd__clkbuf_1)
   0.239    2.399 ^ input35/X (sky130_fd_sc_hd__clkbuf_4)
   0.300    2.699 ^ hold4376/X (sky130_fd_sc_hd__clkbuf_1)
   0.367    3.066 ^ wire3168/X (sky130_fd_sc_hd__buf_12)
   0.577    3.643 ^ fanout3164/X (sky130_fd_sc_hd__buf_2)
   0.246    3.889 v _14918_/Y (sky130_fd_sc_hd__nor2_4)
   0.438    4.327 v fanout1427/X (sky130_fd_sc_hd__clkbuf_4)
   0.583    4.910 ^ _14925_/Y (sky130_fd_sc_hd__o31ai_4)
   0.402    5.312 v _14932_/Y (sky130_fd_sc_hd__o2111ai_4)
   0.307    5.619 v rebuffer3329/X (sky130_fd_sc_hd__buf_6)
   0.525    6.144 ^ _14933_/Y (sky130_fd_sc_hd__nor3_4)
   0.393    6.537 ^ wire453/X (sky130_fd_sc_hd__buf_6)
   0.242    6.780 ^ output109/X (sky130_fd_sc_hd__buf_8)
   0.001    6.781 ^ d_req_valid (out)
            6.781   data arrival time

  10.000   10.000   clock clk (rise edge)
   0.000   10.000   clock network delay (propagated)
  -0.250    9.750   clock uncertainty
   0.000    9.750   clock reconvergence pessimism
  -2.000    7.750   output external delay
            7.750   data required time
-----------------------------------------------------------
            7.750   data required time
           -6.781   data arrival time
-----------------------------------------------------------
            0.969   slack (MET)


NAMED-PATH-END
NAMED-PATH-BEGIN d_rsp_error_to_d_req_valid
Startpoint: d_rsp_error (input port clocked by clk)
Endpoint: d_req_valid (output port clocked by clk)
Path Group: clk
Path Type: max

   Delay     Time   Description
-----------------------------------------------------------
   0.000    0.000   clock clk (rise edge)
   0.000    0.000   clock network delay (propagated)
   2.000    2.000 v input external delay
   0.014    2.014 v d_rsp_error (in)
   0.151    2.165 v hold4365/X (sky130_fd_sc_hd__clkbuf_1)
   0.249    2.414 v input2/X (sky130_fd_sc_hd__clkbuf_2)
   0.373    2.786 v hold4366/X (sky130_fd_sc_hd__clkbuf_1)
   0.373    3.159 v wire3171/X (sky130_fd_sc_hd__buf_12)
   0.447    3.607 v _14922_/Y (sky130_fd_sc_hd__nand2b_2)
   0.406    4.013 v _14923_/X (sky130_fd_sc_hd__o211a_2)
   0.665    4.677 ^ _14925_/Y (sky130_fd_sc_hd__o31ai_4)
   0.402    5.079 v _14932_/Y (sky130_fd_sc_hd__o2111ai_4)
   0.307    5.386 v rebuffer3329/X (sky130_fd_sc_hd__buf_6)
   0.525    5.911 ^ _14933_/Y (sky130_fd_sc_hd__nor3_4)
   0.393    6.305 ^ wire453/X (sky130_fd_sc_hd__buf_6)
   0.242    6.547 ^ output109/X (sky130_fd_sc_hd__buf_8)
   0.001    6.548 ^ d_req_valid (out)
            6.548   data arrival time

  10.000   10.000   clock clk (rise edge)
   0.000   10.000   clock network delay (propagated)
  -0.250    9.750   clock uncertainty
   0.000    9.750   clock reconvergence pessimism
  -2.000    7.750   output external delay
            7.750   data required time
-----------------------------------------------------------
            7.750   data required time
           -6.548   data arrival time
-----------------------------------------------------------
            1.202   slack (MET)


NAMED-PATH-END
