NAMED label=d_rsp_valid_to_request slack_ns=2.416 from=d_v2_reg/C to=bram_samples_request.ram_reg_1_0_0/WEA[0] levels=4
Copyright 1986-2022 Xilinx, Inc. All Rights Reserved. Copyright 2022-2025 Advanced Micro Devices, Inc. All Rights Reserved.
----------------------------------------------------------------------------------------------------------------------------------------------------------------------------------------------------------------------------------------------------------------------------------------------------------------
| Tool Version : Vivado v.2025.1 (lin64) Build 6140274 Wed May 21 22:58:25 MDT 2025
| Date         : Sat Oct  3 10:39:41 2026
| Host         : gondor running 64-bit Ubuntu 24.04.5 LTS
| Command      : report_timing -of_objects [get_timing_paths -setup -from [get_cells -hier -quiet -filter {NAME =~ *d_v2_reg* && IS_SEQUENTIAL}] -to [get_cells -hier -quiet -filter {(NAME =~ *d_v1_reg* || NAME =~ *d_en_reg* || NAME =~ *ram_reg*) && IS_SEQUENTIAL}] -max_paths 1 -nworst 1] -return_string
| Design       : timing_aster_bram
| Device       : 7z020-clg400
| Speed File   : -1  PRODUCTION 1.12 2019-11-22
| Design State : Routed
----------------------------------------------------------------------------------------------------------------------------------------------------------------------------------------------------------------------------------------------------------------------------------------------------------------

Timing Report

Slack (MET) :             2.416ns  (required time - arrival time)
  Source:                 d_v2_reg/C
                            (rising edge-triggered cell FDRE clocked by clk  {rise@0.000ns fall@5.000ns period=10.000ns})
  Destination:            bram_samples_request.ram_reg_1_0_0/WEA[0]
                            (rising edge-triggered cell RAMB36E1 clocked by clk  {rise@0.000ns fall@5.000ns period=10.000ns})
  Path Group:             clk
  Path Type:              Setup (Max at Slow Process Corner)
  Requirement:            10.000ns  (clk rise@10.000ns - clk rise@0.000ns)
  Data Path Delay:        6.968ns  (logic 1.182ns (16.964%)  route 5.786ns (83.036%))
  Logic Levels:           4  (LUT4=1 LUT5=2 LUT6=1)
  Clock Path Skew:        -0.049ns (DCD - SCD + CPR)
    Destination Clock Delay (DCD):    0.924ns = ( 10.924 - 10.000 ) 
    Source Clock Delay      (SCD):    0.973ns
    Clock Pessimism Removal (CPR):    0.000ns
  Clock Uncertainty:      0.035ns  ((TSJ^2 + TIJ^2)^1/2 + DJ) / 2 + PE
    Total System Jitter     (TSJ):    0.071ns
    Total Input Jitter      (TIJ):    0.000ns
    Discrete Jitter          (DJ):    0.000ns
    Phase Error              (PE):    0.000ns

    Location             Delay type                Incr(ns)  Path(ns)    Netlist Resource(s)
  -------------------------------------------------------------------    -------------------
                         (clock clk rise edge)        0.000     0.000 r  
                                                      0.000     0.000 r  clk (IN)
                         net (fo=1708, unset)         0.973     0.973    clk
    SLICE_X27Y7          FDRE                                         r  d_v2_reg/C
  -------------------------------------------------------------------    -------------------
    SLICE_X27Y7          FDRE (Prop_fdre_C_Q)         0.456     1.429 r  d_v2_reg/Q
                         net (fo=40, routed)          0.903     2.332    core/fetch/d_v2
    SLICE_X25Y8                                                       r  core/fetch/m1[writes_rd]_i_4/I0
    SLICE_X25Y8          LUT4 (Prop_lut4_I0_O)        0.152     2.484 f  core/fetch/m1[writes_rd]_i_4/O
                         net (fo=20, routed)          0.887     3.371    core/fetch/d_v2_reg
    SLICE_X26Y7                                                       f  core/fetch/m1_first_i_1/I1
    SLICE_X26Y7          LUT5 (Prop_lut5_I1_O)        0.326     3.697 r  core/fetch/m1_first_i_1/O
                         net (fo=15, routed)          1.325     5.022    core/e_advance
    SLICE_X41Y16                                                      r  core/bram_samples_request.ram_reg_0_0_0_i_21/I0
    SLICE_X41Y16         LUT6 (Prop_lut6_I0_O)        0.124     5.146 r  core/bram_samples_request.ram_reg_0_0_0_i_21/O
                         net (fo=12, routed)          0.976     6.122    core/bram_samples_request.ram_reg_0_0_0_i_21_n_0
    SLICE_X30Y15                                                      r  core/bram_samples_request.ram_reg_1_0_0_i_2/I4
    SLICE_X30Y15         LUT5 (Prop_lut5_I4_O)        0.124     6.246 r  core/bram_samples_request.ram_reg_1_0_0_i_2/O
                         net (fo=3, routed)           1.695     7.941    core_n_98
    RAMB36_X0Y0          RAMB36E1                                     r  bram_samples_request.ram_reg_1_0_0/WEA[0]
  -------------------------------------------------------------------    -------------------

                         (clock clk rise edge)       10.000    10.000 r  
                                                      0.000    10.000 r  clk (IN)
                         net (fo=1708, unset)         0.924    10.924    clk
    RAMB36_X0Y0          RAMB36E1                                     r  bram_samples_request.ram_reg_1_0_0/CLKARDCLK
                         clock pessimism              0.000    10.924    
                         clock uncertainty           -0.035    10.889    
    RAMB36_X0Y0          RAMB36E1 (Setup_ramb36e1_CLKARDCLK_WEA[0])
                                                     -0.532    10.357    bram_samples_request.ram_reg_1_0_0
  -------------------------------------------------------------------
                         required time                         10.357    
                         arrival time                          -7.941    
  -------------------------------------------------------------------
                         slack                                  2.416    





NAMED label=d_rsp_error_kill slack_ns=2.139 from=d_err1_reg/C to=bram_samples_request.ram_reg_1_0_0/WEA[0] levels=5
Copyright 1986-2022 Xilinx, Inc. All Rights Reserved. Copyright 2022-2025 Advanced Micro Devices, Inc. All Rights Reserved.
------------------------------------------------------------------------------------------------------------------------------------------------------------------------------------------------------------------------------------------------------------------------------------------------------------------
| Tool Version : Vivado v.2025.1 (lin64) Build 6140274 Wed May 21 22:58:25 MDT 2025
| Date         : Sat Oct  3 10:39:41 2026
| Host         : gondor running 64-bit Ubuntu 24.04.5 LTS
| Command      : report_timing -of_objects [get_timing_paths -setup -from [get_cells -hier -quiet -filter {NAME =~ *d_err1_reg* && IS_SEQUENTIAL}] -to [get_cells -hier -quiet -filter {(NAME =~ *d_v1_reg* || NAME =~ *d_en_reg* || NAME =~ *ram_reg*) && IS_SEQUENTIAL}] -max_paths 1 -nworst 1] -return_string
| Design       : timing_aster_bram
| Device       : 7z020-clg400
| Speed File   : -1  PRODUCTION 1.12 2019-11-22
| Design State : Routed
------------------------------------------------------------------------------------------------------------------------------------------------------------------------------------------------------------------------------------------------------------------------------------------------------------------

Timing Report

Slack (MET) :             2.139ns  (required time - arrival time)
  Source:                 d_err1_reg/C
                            (rising edge-triggered cell FDRE clocked by clk  {rise@0.000ns fall@5.000ns period=10.000ns})
  Destination:            bram_samples_request.ram_reg_1_0_0/WEA[0]
                            (rising edge-triggered cell RAMB36E1 clocked by clk  {rise@0.000ns fall@5.000ns period=10.000ns})
  Path Group:             clk
  Path Type:              Setup (Max at Slow Process Corner)
  Requirement:            10.000ns  (clk rise@10.000ns - clk rise@0.000ns)
  Data Path Delay:        7.245ns  (logic 1.408ns (19.434%)  route 5.837ns (80.566%))
  Logic Levels:           5  (LUT2=1 LUT5=2 LUT6=2)
  Clock Path Skew:        -0.049ns (DCD - SCD + CPR)
    Destination Clock Delay (DCD):    0.924ns = ( 10.924 - 10.000 ) 
    Source Clock Delay      (SCD):    0.973ns
    Clock Pessimism Removal (CPR):    0.000ns
  Clock Uncertainty:      0.035ns  ((TSJ^2 + TIJ^2)^1/2 + DJ) / 2 + PE
    Total System Jitter     (TSJ):    0.071ns
    Total Input Jitter      (TIJ):    0.000ns
    Discrete Jitter          (DJ):    0.000ns
    Phase Error              (PE):    0.000ns

    Location             Delay type                Incr(ns)  Path(ns)    Netlist Resource(s)
  -------------------------------------------------------------------    -------------------
                         (clock clk rise edge)        0.000     0.000 r  
                                                      0.000     0.000 r  clk (IN)
                         net (fo=1708, unset)         0.973     0.973    clk
    SLICE_X27Y9          FDRE                                         r  d_err1_reg/C
  -------------------------------------------------------------------    -------------------
    SLICE_X27Y9          FDRE (Prop_fdre_C_Q)         0.419     1.392 f  d_err1_reg/Q
                         net (fo=7, routed)           0.851     2.243    core/fetch/d_err1
    SLICE_X27Y7                                                       f  core/fetch/e_pending_i_7/I3
    SLICE_X27Y7          LUT6 (Prop_lut6_I3_O)        0.297     2.540 r  core/fetch/e_pending_i_7/O
                         net (fo=2, routed)           0.481     3.020    core/fetch/e_pending_i_7_n_0
    SLICE_X27Y7                                                       r  core/fetch/e_pc[31]_i_2/I1
    SLICE_X27Y7          LUT2 (Prop_lut2_I1_O)        0.118     3.138 f  core/fetch/e_pc[31]_i_2/O
                         net (fo=33, routed)          0.510     3.648    core/fetch/m1_reg[valid]_0
    SLICE_X26Y7                                                       f  core/fetch/m1_first_i_1/I4
    SLICE_X26Y7          LUT5 (Prop_lut5_I4_O)        0.326     3.974 r  core/fetch/m1_first_i_1/O
                         net (fo=15, routed)          1.325     5.299    core/e_advance
    SLICE_X41Y16                                                      r  core/bram_samples_request.ram_reg_0_0_0_i_21/I0
    SLICE_X41Y16         LUT6 (Prop_lut6_I0_O)        0.124     5.423 r  core/bram_samples_request.ram_reg_0_0_0_i_21/O
                         net (fo=12, routed)          0.976     6.399    core/bram_samples_request.ram_reg_0_0_0_i_21_n_0
    SLICE_X30Y15                                                      r  core/bram_samples_request.ram_reg_1_0_0_i_2/I4
    SLICE_X30Y15         LUT5 (Prop_lut5_I4_O)        0.124     6.523 r  core/bram_samples_request.ram_reg_1_0_0_i_2/O
                         net (fo=3, routed)           1.695     8.218    core_n_98
    RAMB36_X0Y0          RAMB36E1                                     r  bram_samples_request.ram_reg_1_0_0/WEA[0]
  -------------------------------------------------------------------    -------------------

                         (clock clk rise edge)       10.000    10.000 r  
                                                      0.000    10.000 r  clk (IN)
                         net (fo=1708, unset)         0.924    10.924    clk
    RAMB36_X0Y0          RAMB36E1                                     r  bram_samples_request.ram_reg_1_0_0/CLKARDCLK
                         clock pessimism              0.000    10.924    
                         clock uncertainty           -0.035    10.889    
    RAMB36_X0Y0          RAMB36E1 (Setup_ramb36e1_CLKARDCLK_WEA[0])
                                                     -0.532    10.357    bram_samples_request.ram_reg_1_0_0
  -------------------------------------------------------------------
                         required time                         10.357    
                         arrival time                          -8.218    
  -------------------------------------------------------------------
                         slack                                  2.139    





NAMED label=d_rsp_valid_worst slack_ns=2.416 from=d_v2_reg/C to=bram_samples_request.ram_reg_1_0_0/WEA[0] levels=4
Copyright 1986-2022 Xilinx, Inc. All Rights Reserved. Copyright 2022-2025 Advanced Micro Devices, Inc. All Rights Reserved.
----------------------------------------------------------------------------------------------------------------------------------------------------------------------------------------
| Tool Version : Vivado v.2025.1 (lin64) Build 6140274 Wed May 21 22:58:25 MDT 2025
| Date         : Sat Oct  3 10:39:41 2026
| Host         : gondor running 64-bit Ubuntu 24.04.5 LTS
| Command      : report_timing -of_objects [get_timing_paths -setup -from [get_cells -hier -quiet -filter {NAME =~ *d_v2_reg* && IS_SEQUENTIAL}] -max_paths 1 -nworst 1] -return_string
| Design       : timing_aster_bram
| Device       : 7z020-clg400
| Speed File   : -1  PRODUCTION 1.12 2019-11-22
| Design State : Routed
----------------------------------------------------------------------------------------------------------------------------------------------------------------------------------------

Timing Report

Slack (MET) :             2.416ns  (required time - arrival time)
  Source:                 d_v2_reg/C
                            (rising edge-triggered cell FDRE clocked by clk  {rise@0.000ns fall@5.000ns period=10.000ns})
  Destination:            bram_samples_request.ram_reg_1_0_0/WEA[0]
                            (rising edge-triggered cell RAMB36E1 clocked by clk  {rise@0.000ns fall@5.000ns period=10.000ns})
  Path Group:             clk
  Path Type:              Setup (Max at Slow Process Corner)
  Requirement:            10.000ns  (clk rise@10.000ns - clk rise@0.000ns)
  Data Path Delay:        6.968ns  (logic 1.182ns (16.964%)  route 5.786ns (83.036%))
  Logic Levels:           4  (LUT4=1 LUT5=2 LUT6=1)
  Clock Path Skew:        -0.049ns (DCD - SCD + CPR)
    Destination Clock Delay (DCD):    0.924ns = ( 10.924 - 10.000 ) 
    Source Clock Delay      (SCD):    0.973ns
    Clock Pessimism Removal (CPR):    0.000ns
  Clock Uncertainty:      0.035ns  ((TSJ^2 + TIJ^2)^1/2 + DJ) / 2 + PE
    Total System Jitter     (TSJ):    0.071ns
    Total Input Jitter      (TIJ):    0.000ns
    Discrete Jitter          (DJ):    0.000ns
    Phase Error              (PE):    0.000ns

    Location             Delay type                Incr(ns)  Path(ns)    Netlist Resource(s)
  -------------------------------------------------------------------    -------------------
                         (clock clk rise edge)        0.000     0.000 r  
                                                      0.000     0.000 r  clk (IN)
                         net (fo=1708, unset)         0.973     0.973    clk
    SLICE_X27Y7          FDRE                                         r  d_v2_reg/C
  -------------------------------------------------------------------    -------------------
    SLICE_X27Y7          FDRE (Prop_fdre_C_Q)         0.456     1.429 r  d_v2_reg/Q
                         net (fo=40, routed)          0.903     2.332    core/fetch/d_v2
    SLICE_X25Y8                                                       r  core/fetch/m1[writes_rd]_i_4/I0
    SLICE_X25Y8          LUT4 (Prop_lut4_I0_O)        0.152     2.484 f  core/fetch/m1[writes_rd]_i_4/O
                         net (fo=20, routed)          0.887     3.371    core/fetch/d_v2_reg
    SLICE_X26Y7                                                       f  core/fetch/m1_first_i_1/I1
    SLICE_X26Y7          LUT5 (Prop_lut5_I1_O)        0.326     3.697 r  core/fetch/m1_first_i_1/O
                         net (fo=15, routed)          1.325     5.022    core/e_advance
    SLICE_X41Y16                                                      r  core/bram_samples_request.ram_reg_0_0_0_i_21/I0
    SLICE_X41Y16         LUT6 (Prop_lut6_I0_O)        0.124     5.146 r  core/bram_samples_request.ram_reg_0_0_0_i_21/O
                         net (fo=12, routed)          0.976     6.122    core/bram_samples_request.ram_reg_0_0_0_i_21_n_0
    SLICE_X30Y15                                                      r  core/bram_samples_request.ram_reg_1_0_0_i_2/I4
    SLICE_X30Y15         LUT5 (Prop_lut5_I4_O)        0.124     6.246 r  core/bram_samples_request.ram_reg_1_0_0_i_2/O
                         net (fo=3, routed)           1.695     7.941    core_n_98
    RAMB36_X0Y0          RAMB36E1                                     r  bram_samples_request.ram_reg_1_0_0/WEA[0]
  -------------------------------------------------------------------    -------------------

                         (clock clk rise edge)       10.000    10.000 r  
                                                      0.000    10.000 r  clk (IN)
                         net (fo=1708, unset)         0.924    10.924    clk
    RAMB36_X0Y0          RAMB36E1                                     r  bram_samples_request.ram_reg_1_0_0/CLKARDCLK
                         clock pessimism              0.000    10.924    
                         clock uncertainty           -0.035    10.889    
    RAMB36_X0Y0          RAMB36E1 (Setup_ramb36e1_CLKARDCLK_WEA[0])
                                                     -0.532    10.357    bram_samples_request.ram_reg_1_0_0
  -------------------------------------------------------------------
                         required time                         10.357    
                         arrival time                          -7.941    
  -------------------------------------------------------------------
                         slack                                  2.416    





NAMED label=d_rsp_error_worst slack_ns=2.139 from=d_err1_reg/C to=bram_samples_request.ram_reg_1_0_0/WEA[0] levels=5
Copyright 1986-2022 Xilinx, Inc. All Rights Reserved. Copyright 2022-2025 Advanced Micro Devices, Inc. All Rights Reserved.
------------------------------------------------------------------------------------------------------------------------------------------------------------------------------------------
| Tool Version : Vivado v.2025.1 (lin64) Build 6140274 Wed May 21 22:58:25 MDT 2025
| Date         : Sat Oct  3 10:39:41 2026
| Host         : gondor running 64-bit Ubuntu 24.04.5 LTS
| Command      : report_timing -of_objects [get_timing_paths -setup -from [get_cells -hier -quiet -filter {NAME =~ *d_err1_reg* && IS_SEQUENTIAL}] -max_paths 1 -nworst 1] -return_string
| Design       : timing_aster_bram
| Device       : 7z020-clg400
| Speed File   : -1  PRODUCTION 1.12 2019-11-22
| Design State : Routed
------------------------------------------------------------------------------------------------------------------------------------------------------------------------------------------

Timing Report

Slack (MET) :             2.139ns  (required time - arrival time)
  Source:                 d_err1_reg/C
                            (rising edge-triggered cell FDRE clocked by clk  {rise@0.000ns fall@5.000ns period=10.000ns})
  Destination:            bram_samples_request.ram_reg_1_0_0/WEA[0]
                            (rising edge-triggered cell RAMB36E1 clocked by clk  {rise@0.000ns fall@5.000ns period=10.000ns})
  Path Group:             clk
  Path Type:              Setup (Max at Slow Process Corner)
  Requirement:            10.000ns  (clk rise@10.000ns - clk rise@0.000ns)
  Data Path Delay:        7.245ns  (logic 1.408ns (19.434%)  route 5.837ns (80.566%))
  Logic Levels:           5  (LUT2=1 LUT5=2 LUT6=2)
  Clock Path Skew:        -0.049ns (DCD - SCD + CPR)
    Destination Clock Delay (DCD):    0.924ns = ( 10.924 - 10.000 ) 
    Source Clock Delay      (SCD):    0.973ns
    Clock Pessimism Removal (CPR):    0.000ns
  Clock Uncertainty:      0.035ns  ((TSJ^2 + TIJ^2)^1/2 + DJ) / 2 + PE
    Total System Jitter     (TSJ):    0.071ns
    Total Input Jitter      (TIJ):    0.000ns
    Discrete Jitter          (DJ):    0.000ns
    Phase Error              (PE):    0.000ns

    Location             Delay type                Incr(ns)  Path(ns)    Netlist Resource(s)
  -------------------------------------------------------------------    -------------------
                         (clock clk rise edge)        0.000     0.000 r  
                                                      0.000     0.000 r  clk (IN)
                         net (fo=1708, unset)         0.973     0.973    clk
    SLICE_X27Y9          FDRE                                         r  d_err1_reg/C
  -------------------------------------------------------------------    -------------------
    SLICE_X27Y9          FDRE (Prop_fdre_C_Q)         0.419     1.392 f  d_err1_reg/Q
                         net (fo=7, routed)           0.851     2.243    core/fetch/d_err1
    SLICE_X27Y7                                                       f  core/fetch/e_pending_i_7/I3
    SLICE_X27Y7          LUT6 (Prop_lut6_I3_O)        0.297     2.540 r  core/fetch/e_pending_i_7/O
                         net (fo=2, routed)           0.481     3.020    core/fetch/e_pending_i_7_n_0
    SLICE_X27Y7                                                       r  core/fetch/e_pc[31]_i_2/I1
    SLICE_X27Y7          LUT2 (Prop_lut2_I1_O)        0.118     3.138 f  core/fetch/e_pc[31]_i_2/O
                         net (fo=33, routed)          0.510     3.648    core/fetch/m1_reg[valid]_0
    SLICE_X26Y7                                                       f  core/fetch/m1_first_i_1/I4
    SLICE_X26Y7          LUT5 (Prop_lut5_I4_O)        0.326     3.974 r  core/fetch/m1_first_i_1/O
                         net (fo=15, routed)          1.325     5.299    core/e_advance
    SLICE_X41Y16                                                      r  core/bram_samples_request.ram_reg_0_0_0_i_21/I0
    SLICE_X41Y16         LUT6 (Prop_lut6_I0_O)        0.124     5.423 r  core/bram_samples_request.ram_reg_0_0_0_i_21/O
                         net (fo=12, routed)          0.976     6.399    core/bram_samples_request.ram_reg_0_0_0_i_21_n_0
    SLICE_X30Y15                                                      r  core/bram_samples_request.ram_reg_1_0_0_i_2/I4
    SLICE_X30Y15         LUT5 (Prop_lut5_I4_O)        0.124     6.523 r  core/bram_samples_request.ram_reg_1_0_0_i_2/O
                         net (fo=3, routed)           1.695     8.218    core_n_98
    RAMB36_X0Y0          RAMB36E1                                     r  bram_samples_request.ram_reg_1_0_0/WEA[0]
  -------------------------------------------------------------------    -------------------

                         (clock clk rise edge)       10.000    10.000 r  
                                                      0.000    10.000 r  clk (IN)
                         net (fo=1708, unset)         0.924    10.924    clk
    RAMB36_X0Y0          RAMB36E1                                     r  bram_samples_request.ram_reg_1_0_0/CLKARDCLK
                         clock pessimism              0.000    10.924    
                         clock uncertainty           -0.035    10.889    
    RAMB36_X0Y0          RAMB36E1 (Setup_ramb36e1_CLKARDCLK_WEA[0])
                                                     -0.532    10.357    bram_samples_request.ram_reg_1_0_0
  -------------------------------------------------------------------
                         required time                         10.357    
                         arrival time                          -8.218    
  -------------------------------------------------------------------
                         slack                                  2.139    





