NAMED-PATH-BEGIN d_rsp_valid_to_d_req_valid
Startpoint: d_rsp_valid (input port clocked by clk)
Endpoint: d_req_valid (output port clocked by clk)
Path Group: clk
Path Type: max

   Delay     Time   Description
-----------------------------------------------------------
   0.000    0.000   clock clk (rise edge)
   0.000    0.000   clock network delay (propagated)
   2.000    2.000 v input external delay
   0.011    2.011 v d_rsp_valid (in)
   0.192    2.203 v input35/X (sky130_fd_sc_hd__clkbuf_2)
   0.278    2.481 v wire2924/X (sky130_fd_sc_hd__buf_8)
   0.645    3.126 v fanout2920/X (sky130_fd_sc_hd__dlymetal6s4s_1)
   0.317    3.443 ^ _07634_/Y (sky130_fd_sc_hd__nor2_4)
   0.341    3.784 ^ fanout1363/X (sky130_fd_sc_hd__buf_6)
   0.309    4.093 ^ fanout1361/X (sky130_fd_sc_hd__buf_6)
   0.418    4.512 ^ _07636_/X (sky130_fd_sc_hd__and2_4)
   0.293    4.805 ^ fanout741/X (sky130_fd_sc_hd__buf_6)
   0.389    5.194 ^ fanout737/X (sky130_fd_sc_hd__clkbuf_4)
   0.128    5.322 v _07639_/Y (sky130_fd_sc_hd__nor3b_4)
   0.279    5.601 v fanout551/X (sky130_fd_sc_hd__buf_6)
   0.654    6.255 v _07640_/X (sky130_fd_sc_hd__and3b_2)
   0.338    6.594 v output109/X (sky130_fd_sc_hd__buf_8)
   0.001    6.595 v d_req_valid (out)
            6.595   data arrival time

  10.000   10.000   clock clk (rise edge)
   0.000   10.000   clock network delay (propagated)
  -0.250    9.750   clock uncertainty
   0.000    9.750   clock reconvergence pessimism
  -2.000    7.750   output external delay
            7.750   data required time
-----------------------------------------------------------
            7.750   data required time
           -6.595   data arrival time
-----------------------------------------------------------
            1.155   slack (MET)


NAMED-PATH-END
NAMED-PATH-BEGIN d_rsp_error_to_d_req_valid
Startpoint: d_rsp_error (input port clocked by clk)
Endpoint: d_req_valid (output port clocked by clk)
Path Group: clk
Path Type: max

   Delay     Time   Description
-----------------------------------------------------------
   0.000    0.000   clock clk (rise edge)
   0.000    0.000   clock network delay (propagated)
   2.000    2.000 v input external delay
   0.010    2.010 v d_rsp_error (in)
   0.378    2.388 v input2/X (sky130_fd_sc_hd__buf_2)
   0.497    2.886 v _07628_/Y (sky130_fd_sc_hd__nand2b_2)
   0.352    3.238 v _07629_/X (sky130_fd_sc_hd__o211a_2)
   0.655    3.893 ^ _07631_/Y (sky130_fd_sc_hd__o21ai_4)
   0.607    4.500 ^ _07639_/Y (sky130_fd_sc_hd__nor3b_4)
   0.364    4.864 ^ fanout551/X (sky130_fd_sc_hd__buf_6)
   0.691    5.555 ^ _07640_/X (sky130_fd_sc_hd__and3b_2)
   0.342    5.897 ^ output109/X (sky130_fd_sc_hd__buf_8)
   0.001    5.898 ^ d_req_valid (out)
            5.898   data arrival time

  10.000   10.000   clock clk (rise edge)
   0.000   10.000   clock network delay (propagated)
  -0.250    9.750   clock uncertainty
   0.000    9.750   clock reconvergence pessimism
  -2.000    7.750   output external delay
            7.750   data required time
-----------------------------------------------------------
            7.750   data required time
           -5.898   data arrival time
-----------------------------------------------------------
            1.852   slack (MET)


NAMED-PATH-END
