make LINUX_HART_COUNT=2 LINUX_COHERENCE=1 fpga-linux
make[1]: Entering directory '/tmp/aster-phase6-verify-PHy1Sn'
vivado -mode batch -nojournal -nolog -notrace \
	-source /tmp/aster-phase6-verify-PHy1Sn/fpga/pynq_z1/build_linux.tcl \
	-tclargs /tmp/aster-phase6-verify-PHy1Sn /home/elfo/Documents/Aster/build/phase6-215b2d0/fpga/linux-h2-coherent-c0 2 1 0

****** Vivado v2025.1 (64-bit)
  **** SW Build 6140274 on Wed May 21 22:58:25 MDT 2025
  **** IP Build 6138677 on Thu May 22 03:10:11 MDT 2025
  **** SharedData Build 6139179 on Tue May 20 17:58:58 MDT 2025
  **** Start of session at: Sat Sep 12 23:54:12 2026
    ** Copyright 1986-2022 Xilinx, Inc. All Rights Reserved.
    ** Copyright 2022-2025 Advanced Micro Devices, Inc. All Rights Reserved.

source /tmp/aster-phase6-verify-PHy1Sn/fpga/pynq_z1/build_linux.tcl -notrace
Wrote  : </home/elfo/Documents/Aster/build/phase6-215b2d0/fpga/linux-h2-coherent-c0/aster_linux.srcs/sources_1/bd/aster_linux/aster_linux.bd> 
INFO: [IP_Flow 19-5107] Inferred bus interface 'aclk' of definition 'xilinx.com:signal:clock:1.0' (from X_INTERFACE_INFO parameter from HDL file).
INFO: [IP_Flow 19-5107] Inferred bus interface 'aclk' of definition 'xilinx.com:signal:clock:1.0' (from 'X_INTERFACE_INFO' attribute).
INFO: [IP_Flow 19-5107] Inferred bus interface 'aresetn' of definition 'xilinx.com:signal:reset:1.0' (from X_INTERFACE_INFO parameter from HDL file).
INFO: [IP_Flow 19-5107] Inferred bus interface 'aresetn' of definition 'xilinx.com:signal:reset:1.0' (from 'X_INTERFACE_INFO' attribute).
INFO: [IP_Flow 19-5107] Inferred bus interface 's_axi' of definition 'xilinx.com:interface:aximm:1.0' (from X_INTERFACE_INFO parameter from HDL file).
INFO: [IP_Flow 19-5107] Inferred bus interface 's_axi' of definition 'xilinx.com:interface:aximm:1.0' (from 'X_INTERFACE_INFO' attribute).
INFO: [IP_Flow 19-4728] Bus Interface 'aclk': Added interface parameter 'ASSOCIATED_BUSIF' with value 's_axi'.
INFO: [IP_Flow 19-4728] Bus Interface 'aclk': Added interface parameter 'ASSOCIATED_RESET' with value 'aresetn'.
INFO: [IP_Flow 19-4728] Bus Interface 'aclk': Added interface parameter 'FREQ_HZ' with value '31250000'.
INFO: [IP_Flow 19-4728] Bus Interface 'aresetn': Added interface parameter 'POLARITY' with value 'ACTIVE_LOW'.
INFO: [IP_Flow 19-4728] Bus Interface 's_axi': Added interface parameter 'PROTOCOL' with value 'AXI4LITE'.
INFO: [IP_Flow 19-4728] Bus Interface 's_axi': Added interface parameter 'DATA_WIDTH' with value '32'.
INFO: [IP_Flow 19-4728] Bus Interface 's_axi': Added interface parameter 'ADDR_WIDTH' with value '18'.
INFO: [IP_Flow 19-7067] Note that bus interface 'aclk' has a fixed FREQ_HZ of '31250000'. This value will be respected whenever this IP is instantiated in IP Integrator.
INFO: [BD 5-1043] It is recommended to use inline hdl version xilinx.com:inline_hdl:ilconstant:1.0 for the IP type xilinx.com:ip:xlconstant:1.1 for improved performance and reduced disk space. IPs with VLNV xilinx.com:ip:xlconstant:1.1 will not be supported from release 2025.2. More information on inline hdl IP is available in UG994 
INFO: [BD 5-1043] It is recommended to use inline hdl version xilinx.com:inline_hdl:ilconstant:1.0 for the IP type xilinx.com:ip:xlconstant:1.1 for improved performance and reduced disk space. IPs with VLNV xilinx.com:ip:xlconstant:1.1 will not be supported from release 2025.2. More information on inline hdl IP is available in UG994 
Slave segment '/aster/s_axi/reg0' is being assigned into address space '/ps7/Data' at <0x4000_0000 [ 256K ]>.
Wrote  : </home/elfo/Documents/Aster/build/phase6-215b2d0/fpga/linux-h2-coherent-c0/aster_linux.srcs/sources_1/bd/aster_linux/aster_linux.bd> 
INFO: [BD 41-1662] The design 'aster_linux.bd' is already validated. Therefore parameter propagation will not be re-run.
Verilog Output written to : /home/elfo/Documents/Aster/build/phase6-215b2d0/fpga/linux-h2-coherent-c0/aster_linux.gen/sources_1/bd/aster_linux/synth/aster_linux.v
Verilog Output written to : /home/elfo/Documents/Aster/build/phase6-215b2d0/fpga/linux-h2-coherent-c0/aster_linux.gen/sources_1/bd/aster_linux/sim/aster_linux.v
Verilog Output written to : /home/elfo/Documents/Aster/build/phase6-215b2d0/fpga/linux-h2-coherent-c0/aster_linux.gen/sources_1/bd/aster_linux/hdl/aster_linux_wrapper.v
INFO: [IP_Flow 19-5611] Unable to find an associated reset port for the interface 'M_AXI_GP0'. A default connection has been created.
INFO: [BD 41-1029] Generation completed for the IP Integrator block ps7 .
INFO: [BD 41-1029] Generation completed for the IP Integrator block aster .
WARNING: [IP_Flow 19-4994] Overwriting existing constraint file '/home/elfo/Documents/Aster/build/phase6-215b2d0/fpga/linux-h2-coherent-c0/aster_linux.gen/sources_1/bd/aster_linux/ip/aster_linux_fabric_imp_auto_pc_0/aster_linux_fabric_imp_auto_pc_0_ooc.xdc'
INFO: [BD 41-1029] Generation completed for the IP Integrator block fabric/s00_couplers/auto_pc .
INFO: [BD 41-1029] Generation completed for the IP Integrator block reset .
INFO: [BD 41-1029] Generation completed for the IP Integrator block one .
INFO: [BD 41-1029] Generation completed for the IP Integrator block zero .
Exporting to file /home/elfo/Documents/Aster/build/phase6-215b2d0/fpga/linux-h2-coherent-c0/aster_linux.gen/sources_1/bd/aster_linux/hw_handoff/aster_linux.hwh
Generated Hardware Definition File /home/elfo/Documents/Aster/build/phase6-215b2d0/fpga/linux-h2-coherent-c0/aster_linux.gen/sources_1/bd/aster_linux/synth/aster_linux.hwdef
PASS: Aster Linux clock/reset/address handoff {'clock_hz': 31250000, 'axi_base': 1073741824, 'axi_span': 262144, 'external_reset_active_high': False, 'auxiliary_reset_active_high': True, 'hart_count': 2, 'bridge_version': 393217, 'coherent': True, 'caches': False, 'isa': 'rv32ima', 'safe_warm_stop': True}
WARNING: [Vivado 12-7122] Auto Incremental Compile:: No reference checkpoint was found in run synth_1. Auto-incremental flow will not be run, the standard flow will be run instead.
[Sat Sep 12 23:54:21 2026] Launched aster_linux_fabric_imp_auto_pc_0_synth_1, aster_linux_reset_0_synth_1, aster_linux_aster_0_synth_1, aster_linux_ps7_0_synth_1...
Run output will be captured here:
aster_linux_fabric_imp_auto_pc_0_synth_1: /home/elfo/Documents/Aster/build/phase6-215b2d0/fpga/linux-h2-coherent-c0/aster_linux.runs/aster_linux_fabric_imp_auto_pc_0_synth_1/runme.log
aster_linux_reset_0_synth_1: /home/elfo/Documents/Aster/build/phase6-215b2d0/fpga/linux-h2-coherent-c0/aster_linux.runs/aster_linux_reset_0_synth_1/runme.log
aster_linux_aster_0_synth_1: /home/elfo/Documents/Aster/build/phase6-215b2d0/fpga/linux-h2-coherent-c0/aster_linux.runs/aster_linux_aster_0_synth_1/runme.log
aster_linux_ps7_0_synth_1: /home/elfo/Documents/Aster/build/phase6-215b2d0/fpga/linux-h2-coherent-c0/aster_linux.runs/aster_linux_ps7_0_synth_1/runme.log
[Sat Sep 12 23:54:21 2026] Launched synth_1...
Run output will be captured here: /home/elfo/Documents/Aster/build/phase6-215b2d0/fpga/linux-h2-coherent-c0/aster_linux.runs/synth_1/runme.log
[Sat Sep 12 23:54:21 2026] Waiting for synth_1 to finish...

*** Running vivado
    with args -log aster_linux_wrapper.vds -m64 -product Vivado -mode batch -messageDb vivado.pb -notrace -source aster_linux_wrapper.tcl


****** Vivado v2025.1 (64-bit)
  **** SW Build 6140274 on Wed May 21 22:58:25 MDT 2025
  **** IP Build 6138677 on Thu May 22 03:10:11 MDT 2025
  **** SharedData Build 6139179 on Tue May 20 17:58:58 MDT 2025
  **** Start of session at: Sat Sep 12 23:55:39 2026
    ** Copyright 1986-2022 Xilinx, Inc. All Rights Reserved.
    ** Copyright 2022-2025 Advanced Micro Devices, Inc. All Rights Reserved.

source aster_linux_wrapper.tcl -notrace
INFO: [IP_Flow 19-234] Refreshing IP repositories
INFO: [IP_Flow 19-1704] No user IP repositories specified
INFO: [IP_Flow 19-2313] Loaded Vivado IP repository '/home/elfo/Documents/2025.1/Vivado/data/ip'.
INFO: [Project 1-5698] Found the below utility IPs instantiated in block design /home/elfo/Documents/Aster/build/phase6-215b2d0/fpga/linux-h2-coherent-c0/aster_linux.srcs/sources_1/bd/aster_linux/aster_linux.bd which have equivalent inline hdl with improved performance and reduced diskspace.
It is recommended to migrate these utility IPs to inline hdl  using the command upgrade_project -migrate_to_inline_hdl.  The utility IPs may be deprecated in future releases.
More information on inline hdl is available in UG994.
Utility IP Component Instances:
 aster_linux_one_0
aster_linux_zero_0
Command: synth_design -top aster_linux_wrapper -part xc7z020clg400-1
Starting synth_design
Attempting to get a license for feature 'Synthesis' and/or device 'xc7z020'
INFO: [Common 17-349] Got license for feature 'Synthesis' and/or device 'xc7z020'
INFO: [Device 21-403] Loading part xc7z020clg400-1
INFO: [Synth 8-7079] Multithreading enabled for synth_design using a maximum of 7 processes.
INFO: [Synth 8-7078] Launching helper process for spawning children vivado processes
INFO: [Synth 8-7075] Helper process launched with PID 1058699
---------------------------------------------------------------------------------
Starting RTL Elaboration : Time (s): cpu = 00:00:02 ; elapsed = 00:00:02 . Memory (MB): peak = 2155.332 ; gain = 441.797 ; free physical = 14385 ; free virtual = 51795
---------------------------------------------------------------------------------
INFO: [Synth 8-6157] synthesizing module 'aster_linux_wrapper' [/home/elfo/Documents/Aster/build/phase6-215b2d0/fpga/linux-h2-coherent-c0/aster_linux.gen/sources_1/bd/aster_linux/hdl/aster_linux_wrapper.v:13]
INFO: [Synth 8-6157] synthesizing module 'aster_linux' [/home/elfo/Documents/Aster/build/phase6-215b2d0/fpga/linux-h2-coherent-c0/aster_linux.gen/sources_1/bd/aster_linux/synth/aster_linux.v:13]
INFO: [Synth 8-6157] synthesizing module 'aster_linux_aster_0' [/home/elfo/Documents/Aster/build/phase6-215b2d0/fpga/linux-h2-coherent-c0/aster_linux.runs/synth_1/.Xil/Vivado-1058552-gondor/realtime/aster_linux_aster_0_stub.v:6]
INFO: [Synth 8-6155] done synthesizing module 'aster_linux_aster_0' (0#1) [/home/elfo/Documents/Aster/build/phase6-215b2d0/fpga/linux-h2-coherent-c0/aster_linux.runs/synth_1/.Xil/Vivado-1058552-gondor/realtime/aster_linux_aster_0_stub.v:6]
INFO: [Synth 8-6157] synthesizing module 'aster_linux_fabric_0' [/home/elfo/Documents/Aster/build/phase6-215b2d0/fpga/linux-h2-coherent-c0/aster_linux.gen/sources_1/bd/aster_linux/synth/aster_linux.v:308]
INFO: [Synth 8-6157] synthesizing module 's00_couplers_imp_1HXLQRW' [/home/elfo/Documents/Aster/build/phase6-215b2d0/fpga/linux-h2-coherent-c0/aster_linux.gen/sources_1/bd/aster_linux/synth/aster_linux.v:554]
INFO: [Synth 8-6157] synthesizing module 'aster_linux_fabric_imp_auto_pc_0' [/home/elfo/Documents/Aster/build/phase6-215b2d0/fpga/linux-h2-coherent-c0/aster_linux.runs/synth_1/.Xil/Vivado-1058552-gondor/realtime/aster_linux_fabric_imp_auto_pc_0_stub.v:6]
INFO: [Synth 8-6155] done synthesizing module 'aster_linux_fabric_imp_auto_pc_0' (0#1) [/home/elfo/Documents/Aster/build/phase6-215b2d0/fpga/linux-h2-coherent-c0/aster_linux.runs/synth_1/.Xil/Vivado-1058552-gondor/realtime/aster_linux_fabric_imp_auto_pc_0_stub.v:6]
WARNING: [Synth 8-7071] port 'm_axi_awprot' of module 'aster_linux_fabric_imp_auto_pc_0' is unconnected for instance 'auto_pc' [/home/elfo/Documents/Aster/build/phase6-215b2d0/fpga/linux-h2-coherent-c0/aster_linux.gen/sources_1/bd/aster_linux/synth/aster_linux.v:732]
WARNING: [Synth 8-7071] port 'm_axi_arprot' of module 'aster_linux_fabric_imp_auto_pc_0' is unconnected for instance 'auto_pc' [/home/elfo/Documents/Aster/build/phase6-215b2d0/fpga/linux-h2-coherent-c0/aster_linux.gen/sources_1/bd/aster_linux/synth/aster_linux.v:732]
WARNING: [Synth 8-7023] instance 'auto_pc' of module 'aster_linux_fabric_imp_auto_pc_0' has 59 connections declared, but only 57 given [/home/elfo/Documents/Aster/build/phase6-215b2d0/fpga/linux-h2-coherent-c0/aster_linux.gen/sources_1/bd/aster_linux/synth/aster_linux.v:732]
INFO: [Synth 8-6155] done synthesizing module 's00_couplers_imp_1HXLQRW' (0#1) [/home/elfo/Documents/Aster/build/phase6-215b2d0/fpga/linux-h2-coherent-c0/aster_linux.gen/sources_1/bd/aster_linux/synth/aster_linux.v:554]
INFO: [Synth 8-6155] done synthesizing module 'aster_linux_fabric_0' (0#1) [/home/elfo/Documents/Aster/build/phase6-215b2d0/fpga/linux-h2-coherent-c0/aster_linux.gen/sources_1/bd/aster_linux/synth/aster_linux.v:308]
INFO: [Synth 8-6157] synthesizing module 'aster_linux_one_0' [/home/elfo/Documents/Aster/build/phase6-215b2d0/fpga/linux-h2-coherent-c0/aster_linux.gen/sources_1/bd/aster_linux/ip/aster_linux_one_0/synth/aster_linux_one_0.v:53]
INFO: [Synth 8-6157] synthesizing module 'xlconstant_v1_1_10_xlconstant' [/home/elfo/Documents/Aster/build/phase6-215b2d0/fpga/linux-h2-coherent-c0/aster_linux.gen/sources_1/bd/aster_linux/ipshared/a165/hdl/xlconstant_v1_1_vl_rfs.v:68]
INFO: [Synth 8-6155] done synthesizing module 'xlconstant_v1_1_10_xlconstant' (0#1) [/home/elfo/Documents/Aster/build/phase6-215b2d0/fpga/linux-h2-coherent-c0/aster_linux.gen/sources_1/bd/aster_linux/ipshared/a165/hdl/xlconstant_v1_1_vl_rfs.v:68]
INFO: [Synth 8-6155] done synthesizing module 'aster_linux_one_0' (0#1) [/home/elfo/Documents/Aster/build/phase6-215b2d0/fpga/linux-h2-coherent-c0/aster_linux.gen/sources_1/bd/aster_linux/ip/aster_linux_one_0/synth/aster_linux_one_0.v:53]
INFO: [Synth 8-6157] synthesizing module 'aster_linux_ps7_0' [/home/elfo/Documents/Aster/build/phase6-215b2d0/fpga/linux-h2-coherent-c0/aster_linux.runs/synth_1/.Xil/Vivado-1058552-gondor/realtime/aster_linux_ps7_0_stub.v:6]
INFO: [Synth 8-6155] done synthesizing module 'aster_linux_ps7_0' (0#1) [/home/elfo/Documents/Aster/build/phase6-215b2d0/fpga/linux-h2-coherent-c0/aster_linux.runs/synth_1/.Xil/Vivado-1058552-gondor/realtime/aster_linux_ps7_0_stub.v:6]
INFO: [Synth 8-6157] synthesizing module 'aster_linux_reset_0' [/home/elfo/Documents/Aster/build/phase6-215b2d0/fpga/linux-h2-coherent-c0/aster_linux.runs/synth_1/.Xil/Vivado-1058552-gondor/realtime/aster_linux_reset_0_stub.v:6]
INFO: [Synth 8-6155] done synthesizing module 'aster_linux_reset_0' (0#1) [/home/elfo/Documents/Aster/build/phase6-215b2d0/fpga/linux-h2-coherent-c0/aster_linux.runs/synth_1/.Xil/Vivado-1058552-gondor/realtime/aster_linux_reset_0_stub.v:6]
WARNING: [Synth 8-7071] port 'mb_reset' of module 'aster_linux_reset_0' is unconnected for instance 'reset' [/home/elfo/Documents/Aster/build/phase6-215b2d0/fpga/linux-h2-coherent-c0/aster_linux.gen/sources_1/bd/aster_linux/synth/aster_linux.v:296]
WARNING: [Synth 8-7071] port 'bus_struct_reset' of module 'aster_linux_reset_0' is unconnected for instance 'reset' [/home/elfo/Documents/Aster/build/phase6-215b2d0/fpga/linux-h2-coherent-c0/aster_linux.gen/sources_1/bd/aster_linux/synth/aster_linux.v:296]
WARNING: [Synth 8-7071] port 'peripheral_reset' of module 'aster_linux_reset_0' is unconnected for instance 'reset' [/home/elfo/Documents/Aster/build/phase6-215b2d0/fpga/linux-h2-coherent-c0/aster_linux.gen/sources_1/bd/aster_linux/synth/aster_linux.v:296]
WARNING: [Synth 8-7023] instance 'reset' of module 'aster_linux_reset_0' has 10 connections declared, but only 7 given [/home/elfo/Documents/Aster/build/phase6-215b2d0/fpga/linux-h2-coherent-c0/aster_linux.gen/sources_1/bd/aster_linux/synth/aster_linux.v:296]
INFO: [Synth 8-6157] synthesizing module 'aster_linux_zero_0' [/home/elfo/Documents/Aster/build/phase6-215b2d0/fpga/linux-h2-coherent-c0/aster_linux.gen/sources_1/bd/aster_linux/ip/aster_linux_zero_0/synth/aster_linux_zero_0.v:53]
INFO: [Synth 8-6157] synthesizing module 'xlconstant_v1_1_10_xlconstant__parameterized0' [/home/elfo/Documents/Aster/build/phase6-215b2d0/fpga/linux-h2-coherent-c0/aster_linux.gen/sources_1/bd/aster_linux/ipshared/a165/hdl/xlconstant_v1_1_vl_rfs.v:68]
INFO: [Synth 8-6155] done synthesizing module 'xlconstant_v1_1_10_xlconstant__parameterized0' (0#1) [/home/elfo/Documents/Aster/build/phase6-215b2d0/fpga/linux-h2-coherent-c0/aster_linux.gen/sources_1/bd/aster_linux/ipshared/a165/hdl/xlconstant_v1_1_vl_rfs.v:68]
INFO: [Synth 8-6155] done synthesizing module 'aster_linux_zero_0' (0#1) [/home/elfo/Documents/Aster/build/phase6-215b2d0/fpga/linux-h2-coherent-c0/aster_linux.gen/sources_1/bd/aster_linux/ip/aster_linux_zero_0/synth/aster_linux_zero_0.v:53]
INFO: [Synth 8-6155] done synthesizing module 'aster_linux' (0#1) [/home/elfo/Documents/Aster/build/phase6-215b2d0/fpga/linux-h2-coherent-c0/aster_linux.gen/sources_1/bd/aster_linux/synth/aster_linux.v:13]
INFO: [Synth 8-6155] done synthesizing module 'aster_linux_wrapper' (0#1) [/home/elfo/Documents/Aster/build/phase6-215b2d0/fpga/linux-h2-coherent-c0/aster_linux.gen/sources_1/bd/aster_linux/hdl/aster_linux_wrapper.v:13]
WARNING: [Synth 8-7129] Port M_ACLK in module s00_couplers_imp_1HXLQRW is either unconnected or has no load
WARNING: [Synth 8-7129] Port M_ARESETN in module s00_couplers_imp_1HXLQRW is either unconnected or has no load
WARNING: [Synth 8-7129] Port ACLK in module aster_linux_fabric_0 is either unconnected or has no load
WARNING: [Synth 8-7129] Port ARESETN in module aster_linux_fabric_0 is either unconnected or has no load
---------------------------------------------------------------------------------
Finished RTL Elaboration : Time (s): cpu = 00:00:02 ; elapsed = 00:00:02 . Memory (MB): peak = 2233.270 ; gain = 519.734 ; free physical = 14299 ; free virtual = 51711
---------------------------------------------------------------------------------
---------------------------------------------------------------------------------
Start Handling Custom Attributes
---------------------------------------------------------------------------------
---------------------------------------------------------------------------------
Finished Handling Custom Attributes : Time (s): cpu = 00:00:02 ; elapsed = 00:00:02 . Memory (MB): peak = 2245.145 ; gain = 531.609 ; free physical = 14295 ; free virtual = 51706
---------------------------------------------------------------------------------
---------------------------------------------------------------------------------
Finished RTL Optimization Phase 1 : Time (s): cpu = 00:00:02 ; elapsed = 00:00:02 . Memory (MB): peak = 2245.145 ; gain = 531.609 ; free physical = 14295 ; free virtual = 51706
---------------------------------------------------------------------------------
Netlist sorting complete. Time (s): cpu = 00:00:00 ; elapsed = 00:00:00 . Memory (MB): peak = 2245.145 ; gain = 0.000 ; free physical = 14295 ; free virtual = 51706
INFO: [Project 1-570] Preparing netlist for logic optimization

Processing XDC Constraints
Initializing timing engine
Parsing XDC File [/home/elfo/Documents/Aster/build/phase6-215b2d0/fpga/linux-h2-coherent-c0/aster_linux.gen/sources_1/bd/aster_linux/ip/aster_linux_ps7_0/aster_linux_ps7_0/aster_linux_ps7_0_in_context.xdc] for cell 'aster_linux_i/ps7'
Finished Parsing XDC File [/home/elfo/Documents/Aster/build/phase6-215b2d0/fpga/linux-h2-coherent-c0/aster_linux.gen/sources_1/bd/aster_linux/ip/aster_linux_ps7_0/aster_linux_ps7_0/aster_linux_ps7_0_in_context.xdc] for cell 'aster_linux_i/ps7'
Parsing XDC File [/home/elfo/Documents/Aster/build/phase6-215b2d0/fpga/linux-h2-coherent-c0/aster_linux.gen/sources_1/bd/aster_linux/ip/aster_linux_aster_0/aster_linux_aster_0/aster_linux_aster_0_in_context.xdc] for cell 'aster_linux_i/aster'
Finished Parsing XDC File [/home/elfo/Documents/Aster/build/phase6-215b2d0/fpga/linux-h2-coherent-c0/aster_linux.gen/sources_1/bd/aster_linux/ip/aster_linux_aster_0/aster_linux_aster_0/aster_linux_aster_0_in_context.xdc] for cell 'aster_linux_i/aster'
Parsing XDC File [/home/elfo/Documents/Aster/build/phase6-215b2d0/fpga/linux-h2-coherent-c0/aster_linux.gen/sources_1/bd/aster_linux/ip/aster_linux_fabric_imp_auto_pc_0/aster_linux_fabric_imp_auto_pc_0/aster_linux_fabric_imp_auto_pc_0_in_context.xdc] for cell 'aster_linux_i/fabric/s00_couplers/auto_pc'
Finished Parsing XDC File [/home/elfo/Documents/Aster/build/phase6-215b2d0/fpga/linux-h2-coherent-c0/aster_linux.gen/sources_1/bd/aster_linux/ip/aster_linux_fabric_imp_auto_pc_0/aster_linux_fabric_imp_auto_pc_0/aster_linux_fabric_imp_auto_pc_0_in_context.xdc] for cell 'aster_linux_i/fabric/s00_couplers/auto_pc'
Parsing XDC File [/home/elfo/Documents/Aster/build/phase6-215b2d0/fpga/linux-h2-coherent-c0/aster_linux.gen/sources_1/bd/aster_linux/ip/aster_linux_reset_0/aster_linux_reset_0/aster_linux_reset_0_in_context.xdc] for cell 'aster_linux_i/reset'
Finished Parsing XDC File [/home/elfo/Documents/Aster/build/phase6-215b2d0/fpga/linux-h2-coherent-c0/aster_linux.gen/sources_1/bd/aster_linux/ip/aster_linux_reset_0/aster_linux_reset_0/aster_linux_reset_0_in_context.xdc] for cell 'aster_linux_i/reset'
Parsing XDC File [/tmp/aster-phase6-verify-PHy1Sn/fpga/pynq_z1/aster_linux.xdc]
Finished Parsing XDC File [/tmp/aster-phase6-verify-PHy1Sn/fpga/pynq_z1/aster_linux.xdc]
INFO: [Project 1-236] Implementation specific constraints were found while reading constraint file [/tmp/aster-phase6-verify-PHy1Sn/fpga/pynq_z1/aster_linux.xdc]. These constraints will be ignored for synthesis but will be used in implementation. Impacted constraints are listed in the file [.Xil/aster_linux_wrapper_propImpl.xdc].
Resolution: To avoid this warning, move constraints listed in [.Xil/aster_linux_wrapper_propImpl.xdc] to another XDC file and exclude this new file from synthesis with the used_in_synthesis property (File Properties dialog in GUI) and re-run elaboration/synthesis.
Parsing XDC File [/home/elfo/Documents/Aster/build/phase6-215b2d0/fpga/linux-h2-coherent-c0/aster_linux.runs/synth_1/dont_touch.xdc]
Finished Parsing XDC File [/home/elfo/Documents/Aster/build/phase6-215b2d0/fpga/linux-h2-coherent-c0/aster_linux.runs/synth_1/dont_touch.xdc]
Completed Processing XDC Constraints

Netlist sorting complete. Time (s): cpu = 00:00:00 ; elapsed = 00:00:00 . Memory (MB): peak = 2291.102 ; gain = 0.000 ; free physical = 14286 ; free virtual = 51697
INFO: [Project 1-111] Unisim Transformation Summary:
No Unisim elements were transformed.

Constraint Validation Runtime : Time (s): cpu = 00:00:00 ; elapsed = 00:00:00 . Memory (MB): peak = 2291.137 ; gain = 0.000 ; free physical = 14286 ; free virtual = 51697
---------------------------------------------------------------------------------
Finished Constraint Validation : Time (s): cpu = 00:00:05 ; elapsed = 00:00:05 . Memory (MB): peak = 2291.137 ; gain = 577.602 ; free physical = 14273 ; free virtual = 51685
---------------------------------------------------------------------------------
---------------------------------------------------------------------------------
Start Loading Part and Timing Information
---------------------------------------------------------------------------------
Loading part: xc7z020clg400-1
---------------------------------------------------------------------------------
Finished Loading Part and Timing Information : Time (s): cpu = 00:00:05 ; elapsed = 00:00:05 . Memory (MB): peak = 2299.105 ; gain = 585.570 ; free physical = 14273 ; free virtual = 51685
---------------------------------------------------------------------------------
---------------------------------------------------------------------------------
Start Applying 'set_property' XDC Constraints
---------------------------------------------------------------------------------
---------------------------------------------------------------------------------
Finished applying 'set_property' XDC Constraints : Time (s): cpu = 00:00:05 ; elapsed = 00:00:05 . Memory (MB): peak = 2299.105 ; gain = 585.570 ; free physical = 14274 ; free virtual = 51685
---------------------------------------------------------------------------------
---------------------------------------------------------------------------------
Finished RTL Optimization Phase 2 : Time (s): cpu = 00:00:05 ; elapsed = 00:00:05 . Memory (MB): peak = 2299.105 ; gain = 585.570 ; free physical = 14273 ; free virtual = 51685
---------------------------------------------------------------------------------
---------------------------------------------------------------------------------
Start RTL Component Statistics 
---------------------------------------------------------------------------------
Detailed RTL Component Info : 
---------------------------------------------------------------------------------
Finished RTL Component Statistics 
---------------------------------------------------------------------------------
---------------------------------------------------------------------------------
Start Part Resource Summary
---------------------------------------------------------------------------------
Part Resources:
DSPs: 220 (col length:60)
BRAMs: 280 (col length: RAMB18 60 RAMB36 30)
---------------------------------------------------------------------------------
Finished Part Resource Summary
---------------------------------------------------------------------------------
---------------------------------------------------------------------------------
Start Cross Boundary and Area Optimization
---------------------------------------------------------------------------------
WARNING: [Synth 8-7080] Parallel synthesis criteria is not met
WARNING: [Synth 8-7129] Port ACLK in module aster_linux_fabric_0 is either unconnected or has no load
WARNING: [Synth 8-7129] Port ARESETN in module aster_linux_fabric_0 is either unconnected or has no load
WARNING: [Synth 8-7129] Port M00_ACLK in module aster_linux_fabric_0 is either unconnected or has no load
WARNING: [Synth 8-7129] Port M00_ARESETN in module aster_linux_fabric_0 is either unconnected or has no load
---------------------------------------------------------------------------------
Finished Cross Boundary and Area Optimization : Time (s): cpu = 00:00:06 ; elapsed = 00:00:06 . Memory (MB): peak = 2299.105 ; gain = 585.570 ; free physical = 14297 ; free virtual = 51714
---------------------------------------------------------------------------------
---------------------------------------------------------------------------------
Start Applying XDC Timing Constraints
---------------------------------------------------------------------------------
---------------------------------------------------------------------------------
Finished Applying XDC Timing Constraints : Time (s): cpu = 00:00:08 ; elapsed = 00:00:08 . Memory (MB): peak = 2402.105 ; gain = 688.570 ; free physical = 14262 ; free virtual = 51678
---------------------------------------------------------------------------------
---------------------------------------------------------------------------------
Start Timing Optimization
---------------------------------------------------------------------------------
---------------------------------------------------------------------------------
Finished Timing Optimization : Time (s): cpu = 00:00:08 ; elapsed = 00:00:08 . Memory (MB): peak = 2402.105 ; gain = 688.570 ; free physical = 14262 ; free virtual = 51678
---------------------------------------------------------------------------------
---------------------------------------------------------------------------------
Start Technology Mapping
---------------------------------------------------------------------------------
---------------------------------------------------------------------------------
Finished Technology Mapping : Time (s): cpu = 00:00:08 ; elapsed = 00:00:08 . Memory (MB): peak = 2412.121 ; gain = 698.586 ; free physical = 14254 ; free virtual = 51670
---------------------------------------------------------------------------------
---------------------------------------------------------------------------------
Start IO Insertion
---------------------------------------------------------------------------------
---------------------------------------------------------------------------------
Start Flattening Before IO Insertion
---------------------------------------------------------------------------------
---------------------------------------------------------------------------------
Finished Flattening Before IO Insertion
---------------------------------------------------------------------------------
---------------------------------------------------------------------------------
Start Final Netlist Cleanup
---------------------------------------------------------------------------------
---------------------------------------------------------------------------------
Finished Final Netlist Cleanup
---------------------------------------------------------------------------------
---------------------------------------------------------------------------------
Finished IO Insertion : Time (s): cpu = 00:00:10 ; elapsed = 00:00:10 . Memory (MB): peak = 2586.934 ; gain = 873.398 ; free physical = 14112 ; free virtual = 51528
---------------------------------------------------------------------------------
---------------------------------------------------------------------------------
Start Renaming Generated Instances
---------------------------------------------------------------------------------
---------------------------------------------------------------------------------
Finished Renaming Generated Instances : Time (s): cpu = 00:00:10 ; elapsed = 00:00:10 . Memory (MB): peak = 2586.934 ; gain = 873.398 ; free physical = 14112 ; free virtual = 51528
---------------------------------------------------------------------------------
---------------------------------------------------------------------------------
Start Rebuilding User Hierarchy
---------------------------------------------------------------------------------
---------------------------------------------------------------------------------
Finished Rebuilding User Hierarchy : Time (s): cpu = 00:00:10 ; elapsed = 00:00:10 . Memory (MB): peak = 2586.934 ; gain = 873.398 ; free physical = 14112 ; free virtual = 51528
---------------------------------------------------------------------------------
---------------------------------------------------------------------------------
Start Renaming Generated Ports
---------------------------------------------------------------------------------
---------------------------------------------------------------------------------
Finished Renaming Generated Ports : Time (s): cpu = 00:00:10 ; elapsed = 00:00:10 . Memory (MB): peak = 2586.934 ; gain = 873.398 ; free physical = 14112 ; free virtual = 51528
---------------------------------------------------------------------------------
---------------------------------------------------------------------------------
Start Handling Custom Attributes
---------------------------------------------------------------------------------
---------------------------------------------------------------------------------
Finished Handling Custom Attributes : Time (s): cpu = 00:00:10 ; elapsed = 00:00:10 . Memory (MB): peak = 2586.934 ; gain = 873.398 ; free physical = 14112 ; free virtual = 51528
---------------------------------------------------------------------------------
---------------------------------------------------------------------------------
Start Renaming Generated Nets
---------------------------------------------------------------------------------
---------------------------------------------------------------------------------
Finished Renaming Generated Nets : Time (s): cpu = 00:00:10 ; elapsed = 00:00:10 . Memory (MB): peak = 2586.934 ; gain = 873.398 ; free physical = 14112 ; free virtual = 51528
---------------------------------------------------------------------------------
---------------------------------------------------------------------------------
Start Writing Synthesis Report
---------------------------------------------------------------------------------

Report BlackBoxes: 
+------+---------------------------------+----------+
|      |BlackBox name                    |Instances |
+------+---------------------------------+----------+
|1     |aster_linux_aster_0              |         1|
|2     |aster_linux_fabric_imp_auto_pc_0 |         1|
|3     |aster_linux_ps7_0                |         1|
|4     |aster_linux_reset_0              |         1|
+------+---------------------------------+----------+

Report Cell Usage: 
+------+-------------------------------+------+
|      |Cell                           |Count |
+------+-------------------------------+------+
|1     |aster_linux_aster              |     1|
|2     |aster_linux_fabric_imp_auto_pc |     1|
|3     |aster_linux_ps7                |     1|
|4     |aster_linux_reset              |     1|
|5     |OBUF                           |     5|
+------+-------------------------------+------+
---------------------------------------------------------------------------------
Finished Writing Synthesis Report : Time (s): cpu = 00:00:10 ; elapsed = 00:00:10 . Memory (MB): peak = 2586.934 ; gain = 873.398 ; free physical = 14112 ; free virtual = 51528
---------------------------------------------------------------------------------
Synthesis finished with 0 errors, 0 critical warnings and 5 warnings.
Synthesis Optimization Runtime : Time (s): cpu = 00:00:09 ; elapsed = 00:00:09 . Memory (MB): peak = 2586.934 ; gain = 827.406 ; free physical = 14112 ; free virtual = 51528
Synthesis Optimization Complete : Time (s): cpu = 00:00:10 ; elapsed = 00:00:10 . Memory (MB): peak = 2586.941 ; gain = 873.398 ; free physical = 14112 ; free virtual = 51528
INFO: [Project 1-571] Translating synthesized netlist
Netlist sorting complete. Time (s): cpu = 00:00:00 ; elapsed = 00:00:00 . Memory (MB): peak = 2586.941 ; gain = 0.000 ; free physical = 14245 ; free virtual = 51662
INFO: [Project 1-570] Preparing netlist for logic optimization
INFO: [Opt 31-138] Pushed 0 inverter(s) to 0 load pin(s).
Netlist sorting complete. Time (s): cpu = 00:00:00 ; elapsed = 00:00:00 . Memory (MB): peak = 2586.941 ; gain = 0.000 ; free physical = 14285 ; free virtual = 51702
INFO: [Project 1-111] Unisim Transformation Summary:
No Unisim elements were transformed.

Synth Design complete | Checksum: b5c74d34
INFO: [Common 17-83] Releasing license: Synthesis
41 Infos, 16 Warnings, 0 Critical Warnings and 0 Errors encountered.
synth_design completed successfully
synth_design: Time (s): cpu = 00:00:14 ; elapsed = 00:00:13 . Memory (MB): peak = 2586.969 ; gain = 1017.293 ; free physical = 14285 ; free virtual = 51701
INFO: [Common 17-2834] synth_design peak Physical Memory [PSS] (MB): overall = 1765.038; main = 1765.038; forked = 0.000
INFO: [Common 17-2834] synth_design peak Virtual Memory [VSS] (MB): overall = 2586.938; main = 2586.938; forked = 0.000
Write ShapeDB Complete: Time (s): cpu = 00:00:00 ; elapsed = 00:00:00 . Memory (MB): peak = 2610.945 ; gain = 0.000 ; free physical = 14285 ; free virtual = 51701
INFO: [Common 17-1381] The checkpoint '/home/elfo/Documents/Aster/build/phase6-215b2d0/fpga/linux-h2-coherent-c0/aster_linux.runs/synth_1/aster_linux_wrapper.dcp' has been generated.
INFO: [Vivado 12-24828] Executing command : report_utilization -file aster_linux_wrapper_utilization_synth.rpt -pb aster_linux_wrapper_utilization_synth.pb
INFO: [Common 17-206] Exiting Vivado at Sat Sep 12 23:55:53 2026...
[Sat Sep 12 23:56:14 2026] synth_1 finished
wait_on_runs: Time (s): cpu = 00:02:28 ; elapsed = 00:01:53 . Memory (MB): peak = 1880.602 ; gain = 0.000 ; free physical = 15607 ; free virtual = 53022
Design is defaulting to impl run constrset: constrs_1
Design is defaulting to synth run part: xc7z020clg400-1
INFO: [Device 21-403] Loading part xc7z020clg400-1
INFO: [Project 1-5699] Read binary netlist with skipMacroContent - 1
INFO: [Project 1-454] Reading design checkpoint '/home/elfo/Documents/Aster/build/phase6-215b2d0/fpga/linux-h2-coherent-c0/aster_linux.gen/sources_1/bd/aster_linux/ip/aster_linux_aster_0/aster_linux_aster_0.dcp' for cell 'aster_linux_i/aster'
INFO: [Project 1-454] Reading design checkpoint '/home/elfo/Documents/Aster/build/phase6-215b2d0/fpga/linux-h2-coherent-c0/aster_linux.gen/sources_1/bd/aster_linux/ip/aster_linux_ps7_0/aster_linux_ps7_0.dcp' for cell 'aster_linux_i/ps7'
INFO: [Project 1-454] Reading design checkpoint '/home/elfo/Documents/Aster/build/phase6-215b2d0/fpga/linux-h2-coherent-c0/aster_linux.gen/sources_1/bd/aster_linux/ip/aster_linux_reset_0/aster_linux_reset_0.dcp' for cell 'aster_linux_i/reset'
INFO: [Project 1-454] Reading design checkpoint '/home/elfo/Documents/Aster/build/phase6-215b2d0/fpga/linux-h2-coherent-c0/aster_linux.gen/sources_1/bd/aster_linux/ip/aster_linux_fabric_imp_auto_pc_0/aster_linux_fabric_imp_auto_pc_0.dcp' for cell 'aster_linux_i/fabric/s00_couplers/auto_pc'
Netlist sorting complete. Time (s): cpu = 00:00:00.06 ; elapsed = 00:00:00.05 . Memory (MB): peak = 1919.270 ; gain = 0.000 ; free physical = 15414 ; free virtual = 52828
INFO: [Netlist 29-17] Analyzing 3283 Unisim elements for replacement
INFO: [Netlist 29-28] Unisim Transformation completed in 0 CPU seconds
INFO: [Project 1-479] Netlist was created with Vivado 2025.1
INFO: [Project 1-570] Preparing netlist for logic optimization
Parsing XDC File [/home/elfo/Documents/Aster/build/phase6-215b2d0/fpga/linux-h2-coherent-c0/aster_linux.gen/sources_1/bd/aster_linux/ip/aster_linux_ps7_0/aster_linux_ps7_0.xdc] for cell 'aster_linux_i/ps7/inst'
Finished Parsing XDC File [/home/elfo/Documents/Aster/build/phase6-215b2d0/fpga/linux-h2-coherent-c0/aster_linux.gen/sources_1/bd/aster_linux/ip/aster_linux_ps7_0/aster_linux_ps7_0.xdc] for cell 'aster_linux_i/ps7/inst'
Parsing XDC File [/home/elfo/Documents/Aster/build/phase6-215b2d0/fpga/linux-h2-coherent-c0/aster_linux.gen/sources_1/bd/aster_linux/ip/aster_linux_reset_0/aster_linux_reset_0_board.xdc] for cell 'aster_linux_i/reset/U0'
Finished Parsing XDC File [/home/elfo/Documents/Aster/build/phase6-215b2d0/fpga/linux-h2-coherent-c0/aster_linux.gen/sources_1/bd/aster_linux/ip/aster_linux_reset_0/aster_linux_reset_0_board.xdc] for cell 'aster_linux_i/reset/U0'
Parsing XDC File [/tmp/aster-phase6-verify-PHy1Sn/fpga/pynq_z1/aster_linux.xdc]
Finished Parsing XDC File [/tmp/aster-phase6-verify-PHy1Sn/fpga/pynq_z1/aster_linux.xdc]
INFO: [Project 1-1714] 2 XPM XDC files have been applied to the design.
INFO: [Opt 31-138] Pushed 0 inverter(s) to 0 load pin(s).
Netlist sorting complete. Time (s): cpu = 00:00:00.01 ; elapsed = 00:00:00 . Memory (MB): peak = 2671.297 ; gain = 0.000 ; free physical = 14800 ; free virtual = 52216
INFO: [Project 1-111] Unisim Transformation Summary:
  A total of 55 instances were transformed.
  RAM32M => RAM32M (RAMD32(x6), RAMS32(x2)): 20 instances
  RAM32X1D => RAM32X1D (RAMD32(x2)): 8 instances
  RAM64M => RAM64M (RAMD64E(x4)): 27 instances

open_run: Time (s): cpu = 00:00:06 ; elapsed = 00:00:06 . Memory (MB): peak = 2671.332 ; gain = 790.730 ; free physical = 14793 ; free virtual = 52208
INFO: [VRFC 10-2263] Analyzing SystemVerilog file "/home/elfo/Documents/Aster/build/phase6-215b2d0/fpga/linux-h2-coherent-c0/aster_linux.gen/sources_1/bd/aster_linux/ip/aster_linux_reset_0/aster_linux_reset_0_sim_netlist.v" into library work
INFO: [VRFC 10-311] analyzing module aster_linux_reset_0
INFO: [VRFC 10-311] analyzing module aster_linux_reset_0_lpf
INFO: [VRFC 10-311] analyzing module aster_linux_reset_0_proc_sys_reset
INFO: [VRFC 10-311] analyzing module aster_linux_reset_0_sequence_psr
INFO: [VRFC 10-311] analyzing module aster_linux_reset_0_upcnt_n
INFO: [VRFC 10-311] analyzing module aster_linux_reset_0_xpm_cdc_single
INFO: [VRFC 10-311] analyzing module aster_linux_reset_0_xpm_cdc_single__1
INFO: [VRFC 10-311] analyzing module glbl
INFO: [VRFC 10-2263] Analyzing SystemVerilog file "/tmp/aster-phase6-verify-PHy1Sn/verification/fpga/tb_linux_reset.sv" into library work
INFO: [VRFC 10-311] analyzing module tb_linux_reset
Vivado Simulator v2025.1.0
Copyright 1986-2022 Xilinx, Inc. All Rights Reserved.
Copyright 2022-2025 Advanced Micro Devices, Inc. All Rights Reserved.
Running: /home/elfo/Documents/2025.1/Vivado/bin/unwrapped/lnx64.o/xelab tb_linux_reset glbl -L unisims_ver -L secureip -s aster_reset_test 
Multi-threading is on. Using 30 slave threads.
WARNING: [XSIM 43-3431] One or more environment variables have been detected which affect the operation of the C compiler. These are typically not set in standard installations and are not tested by AMD, however they may be appropriate for your system, so the flow will attempt to continue.  If errors occur, try running xelab with the "-mt off -v 1" switches to see more information from the C compiler. The following environment variables have been detected:
    LIBRARY_PATH
Starting static elaboration
Pass Through NonSizing Optimizer
Completed static elaboration
Starting simulation data flow analysis
Completed simulation data flow analysis
Time Resolution for simulation is 1ps
Compiling module unisims_ver.FDRE_default
Compiling module work.aster_linux_reset_0_xpm_cdc_sing...
Compiling module work.aster_linux_reset_0_xpm_cdc_sing...
Compiling module unisims_ver.x_lut2_mux4
Compiling module unisims_ver.LUT2
Compiling module unisims_ver.SRL16E(INIT=16'b1111111111111111...
Compiling module unisims_ver.LUT5
Compiling module unisims_ver.LUT4
Compiling module work.aster_linux_reset_0_lpf
Compiling module unisims_ver.x_lut1_mux2
Compiling module unisims_ver.LUT1
Compiling module unisims_ver.FDSE_default
Compiling module unisims_ver.x_lut3_mux8
Compiling module unisims_ver.LUT3(INIT=8'b01111000)
Compiling module unisims_ver.LUT6(INIT=64'b011111111111111111...
Compiling module work.aster_linux_reset_0_upcnt_n
Compiling module work.aster_linux_reset_0_sequence_psr
Compiling module work.aster_linux_reset_0_proc_sys_res...
Compiling module work.aster_linux_reset_0
Compiling module work.tb_linux_reset
Compiling module work.glbl
Built simulation snapshot aster_reset_test

****** xsim v2025.1 (64-bit)
  **** SW Build 6140274 on Wed May 21 22:58:25 MDT 2025
  **** IP Build 6138677 on Thu May 22 03:10:11 MDT 2025
  **** SharedData Build 6139179 on Tue May 20 17:58:58 MDT 2025
  **** Start of session at: Sat Sep 12 23:56:22 2026
    ** Copyright 1986-2022 Xilinx, Inc. All Rights Reserved.
    ** Copyright 2022-2025 Advanced Micro Devices, Inc. All Rights Reserved.

source xsim.dir/aster_reset_test/xsim_script.tcl
# xsim {aster_reset_test} -autoloadwcfg -runall
Time resolution is 1 ps
run -all
PASS: generated PYNQ reset netlist, five assert/release scenarios
$finish called at time : 51200 ns : File "/tmp/aster-phase6-verify-PHy1Sn/verification/fpga/tb_linux_reset.sv" Line 57
exit
INFO: [Common 17-206] Exiting xsim at Sat Sep 12 23:56:23 2026...
INFO: [Timing 38-480] Writing timing data to binary archive.
Wrote PlaceDB: Time (s): cpu = 00:00:00.03 ; elapsed = 00:00:00.01 . Memory (MB): peak = 2703.312 ; gain = 0.000 ; free physical = 14638 ; free virtual = 52056
Wrote PulsedLatchDB: Time (s): cpu = 00:00:00 ; elapsed = 00:00:00 . Memory (MB): peak = 2703.312 ; gain = 0.000 ; free physical = 14638 ; free virtual = 52056
Writing XDEF routing.
Writing XDEF routing logical nets.
Writing XDEF routing special nets.
Wrote RouteStorage: Time (s): cpu = 00:00:00.03 ; elapsed = 00:00:00.01 . Memory (MB): peak = 2703.312 ; gain = 0.000 ; free physical = 14632 ; free virtual = 52051
Wrote Netlist Cache: Time (s): cpu = 00:00:00 ; elapsed = 00:00:00 . Memory (MB): peak = 2703.312 ; gain = 0.000 ; free physical = 14632 ; free virtual = 52051
Write ShapeDB Complete: Time (s): cpu = 00:00:00.07 ; elapsed = 00:00:00.02 . Memory (MB): peak = 2703.312 ; gain = 0.000 ; free physical = 14632 ; free virtual = 52052
Wrote Device Cache: Time (s): cpu = 00:00:00.01 ; elapsed = 00:00:00 . Memory (MB): peak = 2703.312 ; gain = 0.000 ; free physical = 14627 ; free virtual = 52047
Write Physdb Complete: Time (s): cpu = 00:00:00.09 ; elapsed = 00:00:00.02 . Memory (MB): peak = 2703.312 ; gain = 0.000 ; free physical = 14627 ; free virtual = 52047
INFO: [Common 17-1381] The checkpoint '/home/elfo/Documents/Aster/build/phase6-215b2d0/fpga/linux-h2-coherent-c0/aster_linux_synth.dcp' has been generated.
Command: opt_design
Attempting to get a license for feature 'Implementation' and/or device 'xc7z020'
INFO: [Common 17-349] Got license for feature 'Implementation' and/or device 'xc7z020'
Running DRC as a precondition to command opt_design

Starting DRC Task
INFO: [DRC 23-27] Running DRC with 8 threads
INFO: [Project 1-461] DRC finished with 0 Errors
INFO: [Project 1-462] Please refer to the DRC report (report_drc) for more information.

Time (s): cpu = 00:00:00.68 ; elapsed = 00:00:00.2 . Memory (MB): peak = 2731.062 ; gain = 27.750 ; free physical = 14676 ; free virtual = 52097

Starting Cache Timing Information Task
INFO: [Timing 38-35] Done setting XDC timing constraints.
Ending Cache Timing Information Task | Checksum: 288da625b

Time (s): cpu = 00:00:00.53 ; elapsed = 00:00:00.19 . Memory (MB): peak = 2731.062 ; gain = 0.000 ; free physical = 14665 ; free virtual = 52086

Starting Logic Optimization Task

Phase 1 Initialization

Phase 1.1 Core Generation And Design Setup
Phase 1.1 Core Generation And Design Setup | Checksum: 288da625b

Time (s): cpu = 00:00:00.01 ; elapsed = 00:00:00.01 . Memory (MB): peak = 3041.961 ; gain = 0.000 ; free physical = 14527 ; free virtual = 51948

Phase 1.2 Setup Constraints And Sort Netlist
Phase 1.2 Setup Constraints And Sort Netlist | Checksum: 288da625b

Time (s): cpu = 00:00:00.02 ; elapsed = 00:00:00.01 . Memory (MB): peak = 3041.961 ; gain = 0.000 ; free physical = 14526 ; free virtual = 51948
Phase 1 Initialization | Checksum: 288da625b

Time (s): cpu = 00:00:00.02 ; elapsed = 00:00:00.02 . Memory (MB): peak = 3041.961 ; gain = 0.000 ; free physical = 14526 ; free virtual = 51948

Phase 2 Timer Update And Timing Data Collection

Phase 2.1 Timer Update
Phase 2.1 Timer Update | Checksum: 288da625b

Time (s): cpu = 00:00:00.41 ; elapsed = 00:00:00.13 . Memory (MB): peak = 3041.961 ; gain = 0.000 ; free physical = 14525 ; free virtual = 51946

Phase 2.2 Timing Data Collection
Phase 2.2 Timing Data Collection | Checksum: 288da625b

Time (s): cpu = 00:00:00.42 ; elapsed = 00:00:00.15 . Memory (MB): peak = 3041.961 ; gain = 0.000 ; free physical = 14525 ; free virtual = 51946
Phase 2 Timer Update And Timing Data Collection | Checksum: 288da625b

Time (s): cpu = 00:00:00.42 ; elapsed = 00:00:00.15 . Memory (MB): peak = 3041.961 ; gain = 0.000 ; free physical = 14525 ; free virtual = 51946

Phase 3 Retarget
INFO: [Opt 31-1851] Number of loadless carry chains removed were: 0
INFO: [Opt 31-1834] Total Chains To Be Transformed Were: 0 AND Number of Transformed insts Created are: 0
INFO: [Opt 31-1566] Pulled 18 inverters resulting in an inversion of 218 pins
INFO: [Opt 31-138] Pushed 0 inverter(s) to 0 load pin(s).
INFO: [Opt 31-49] Retargeted 0 cell(s).
Phase 3 Retarget | Checksum: 24ac445ab

Time (s): cpu = 00:00:00.61 ; elapsed = 00:00:00.31 . Memory (MB): peak = 3041.961 ; gain = 0.000 ; free physical = 14524 ; free virtual = 51946
Retarget | Checksum: 24ac445ab
INFO: [Opt 31-389] Phase Retarget created 3 cells and removed 60 cells

Phase 4 Constant propagation
INFO: [Opt 31-138] Pushed 0 inverter(s) to 0 load pin(s).
Phase 4 Constant propagation | Checksum: 2cd4cb2ab

Time (s): cpu = 00:00:00.69 ; elapsed = 00:00:00.39 . Memory (MB): peak = 3041.961 ; gain = 0.000 ; free physical = 14508 ; free virtual = 51929
Constant propagation | Checksum: 2cd4cb2ab
INFO: [Opt 31-389] Phase Constant propagation created 0 cells and removed 4 cells

Phase 5 Sweep
INFO: [Constraints 18-11670] Building netlist checker database with flags, 0x8
Done building netlist checker database: Time (s): cpu = 00:00:00 ; elapsed = 00:00:00 . Memory (MB): peak = 3041.961 ; gain = 0.000 ; free physical = 14508 ; free virtual = 51929
INFO: [Constraints 18-11670] Building netlist checker database with flags, 0x8
Done building netlist checker database: Time (s): cpu = 00:00:00 ; elapsed = 00:00:00 . Memory (MB): peak = 3041.961 ; gain = 0.000 ; free physical = 14508 ; free virtual = 51929
Phase 5 Sweep | Checksum: 2fe582d34

Time (s): cpu = 00:00:00.83 ; elapsed = 00:00:00.53 . Memory (MB): peak = 3041.961 ; gain = 0.000 ; free physical = 14507 ; free virtual = 51929
Sweep | Checksum: 2fe582d34
INFO: [Opt 31-389] Phase Sweep created 0 cells and removed 113 cells

Phase 6 BUFG optimization
Phase 6 BUFG optimization | Checksum: 2fe582d34

Time (s): cpu = 00:00:00.94 ; elapsed = 00:00:00.59 . Memory (MB): peak = 3041.961 ; gain = 0.000 ; free physical = 14507 ; free virtual = 51929
BUFG optimization | Checksum: 2fe582d34
INFO: [Opt 31-662] Phase BUFG optimization created 0 cells of which 0 are BUFGs and removed 0 cells.

Phase 7 Shift Register Optimization
INFO: [Opt 31-1064] SRL Remap converted 0 SRLs to 0 registers and converted 0 registers of register chains to 0 SRLs
Phase 7 Shift Register Optimization | Checksum: 2fe582d34

Time (s): cpu = 00:00:00.96 ; elapsed = 00:00:00.6 . Memory (MB): peak = 3041.961 ; gain = 0.000 ; free physical = 14507 ; free virtual = 51929
Shift Register Optimization | Checksum: 2fe582d34
INFO: [Opt 31-389] Phase Shift Register Optimization created 0 cells and removed 0 cells

Phase 8 Post Processing Netlist
Phase 8 Post Processing Netlist | Checksum: 214d4d000

Time (s): cpu = 00:00:00.99 ; elapsed = 00:00:00.63 . Memory (MB): peak = 3041.961 ; gain = 0.000 ; free physical = 14509 ; free virtual = 51931
Post Processing Netlist | Checksum: 214d4d000
INFO: [Opt 31-389] Phase Post Processing Netlist created 0 cells and removed 0 cells

Phase 9 Finalization

Phase 9.1 Finalizing Design Cores and Updating Shapes
Phase 9.1 Finalizing Design Cores and Updating Shapes | Checksum: 19d2744aa

Time (s): cpu = 00:00:01 ; elapsed = 00:00:00.77 . Memory (MB): peak = 3041.961 ; gain = 0.000 ; free physical = 14512 ; free virtual = 51934

Phase 9.2 Verifying Netlist Connectivity

Starting Connectivity Check Task

Time (s): cpu = 00:00:00.03 ; elapsed = 00:00:00.02 . Memory (MB): peak = 3041.961 ; gain = 0.000 ; free physical = 14505 ; free virtual = 51927
Phase 9.2 Verifying Netlist Connectivity | Checksum: 19d2744aa

Time (s): cpu = 00:00:01 ; elapsed = 00:00:00.79 . Memory (MB): peak = 3041.961 ; gain = 0.000 ; free physical = 14505 ; free virtual = 51927
Phase 9 Finalization | Checksum: 19d2744aa

Time (s): cpu = 00:00:01 ; elapsed = 00:00:00.8 . Memory (MB): peak = 3041.961 ; gain = 0.000 ; free physical = 14505 ; free virtual = 51927
Opt_design Change Summary
=========================


-------------------------------------------------------------------------------------------------------------------------
|  Phase                        |  #Cells created  |  #Cells Removed  |  #Constrained objects preventing optimizations  |
-------------------------------------------------------------------------------------------------------------------------
|  Retarget                     |               3  |              60  |                                              0  |
|  Constant propagation         |               0  |               4  |                                              0  |
|  Sweep                        |               0  |             113  |                                              0  |
|  BUFG optimization            |               0  |               0  |                                              0  |
|  Shift Register Optimization  |               0  |               0  |                                              0  |
|  Post Processing Netlist      |               0  |               0  |                                              0  |
-------------------------------------------------------------------------------------------------------------------------


Ending Logic Optimization Task | Checksum: 19d2744aa

Time (s): cpu = 00:00:01 ; elapsed = 00:00:00.8 . Memory (MB): peak = 3041.961 ; gain = 0.000 ; free physical = 14505 ; free virtual = 51927

Starting Power Optimization Task
INFO: [Pwropt 34-132] Skipping clock gating for clocks with a period < 2.00 ns.
INFO: [Timing 38-35] Done setting XDC timing constraints.
Running Vector-less Activity Propagation...

Finished Running Vector-less Activity Propagation
INFO: [Pwropt 34-9] Applying IDT optimizations ...
INFO: [Pwropt 34-10] Applying ODC optimizations ...


Starting PowerOpt Patch Enables Task
INFO: [Pwropt 34-162] WRITE_MODE attribute of 0 BRAM(s) out of a total of 32 has been updated to save power. Run report_power_opt to get a complete listing of the BRAMs updated.
INFO: [Pwropt 34-201] Structural ODC has moved 0 WE to EN ports
Number of BRAM Ports augmented: 16 newly gated: 0 Total Ports: 64
Ending PowerOpt Patch Enables Task | Checksum: 1f997d7d3

Time (s): cpu = 00:00:00.09 ; elapsed = 00:00:00.08 . Memory (MB): peak = 3365.852 ; gain = 0.000 ; free physical = 14240 ; free virtual = 51664
Ending Power Optimization Task | Checksum: 1f997d7d3

Time (s): cpu = 00:00:09 ; elapsed = 00:00:07 . Memory (MB): peak = 3365.852 ; gain = 323.891 ; free physical = 14242 ; free virtual = 51666

Starting Final Cleanup Task
Ending Final Cleanup Task | Checksum: 1f997d7d3

Time (s): cpu = 00:00:00 ; elapsed = 00:00:00.01 . Memory (MB): peak = 3365.852 ; gain = 0.000 ; free physical = 14242 ; free virtual = 51666

Starting Netlist Obfuscation Task
Netlist sorting complete. Time (s): cpu = 00:00:00 ; elapsed = 00:00:00 . Memory (MB): peak = 3365.852 ; gain = 0.000 ; free physical = 14242 ; free virtual = 51666
Ending Netlist Obfuscation Task | Checksum: 1c8467b2f

Time (s): cpu = 00:00:00.01 ; elapsed = 00:00:00 . Memory (MB): peak = 3365.852 ; gain = 0.000 ; free physical = 14242 ; free virtual = 51666
INFO: [Common 17-83] Releasing license: Implementation
67 Infos, 2 Warnings, 0 Critical Warnings and 0 Errors encountered.
opt_design completed successfully
opt_design: Time (s): cpu = 00:00:13 ; elapsed = 00:00:09 . Memory (MB): peak = 3365.852 ; gain = 662.539 ; free physical = 14242 ; free virtual = 51666
Command: place_design
Attempting to get a license for feature 'Implementation' and/or device 'xc7z020'
INFO: [Common 17-349] Got license for feature 'Implementation' and/or device 'xc7z020'
INFO: [Common 17-83] Releasing license: Implementation
INFO: [DRC 23-27] Running DRC with 8 threads
INFO: [Vivado_Tcl 4-198] DRC finished with 0 Errors
INFO: [Vivado_Tcl 4-199] Please refer to the DRC report (report_drc) for more information.
Running DRC as a precondition to command place_design
INFO: [DRC 23-27] Running DRC with 8 threads
INFO: [Vivado_Tcl 4-198] DRC finished with 0 Errors
INFO: [Vivado_Tcl 4-199] Please refer to the DRC report (report_drc) for more information.
INFO: [Place 30-611] Multithreading enabled for place_design using a maximum of 8 CPUs

Starting Placer Task

Phase 1 Placer Initialization

Phase 1.1 Placer Initialization Netlist Sorting
Netlist sorting complete. Time (s): cpu = 00:00:00 ; elapsed = 00:00:00 . Memory (MB): peak = 3365.852 ; gain = 0.000 ; free physical = 14399 ; free virtual = 51823
Phase 1.1 Placer Initialization Netlist Sorting | Checksum: 19bf6cc5c

Time (s): cpu = 00:00:00.01 ; elapsed = 00:00:00 . Memory (MB): peak = 3365.852 ; gain = 0.000 ; free physical = 14391 ; free virtual = 51815
Netlist sorting complete. Time (s): cpu = 00:00:00 ; elapsed = 00:00:00 . Memory (MB): peak = 3365.852 ; gain = 0.000 ; free physical = 14391 ; free virtual = 51815

Phase 1.2 IO Placement/ Clock Placement/ Build Placer Device
INFO: [Timing 38-35] Done setting XDC timing constraints.
Phase 1.2 IO Placement/ Clock Placement/ Build Placer Device | Checksum: 19af21b5c

Time (s): cpu = 00:00:01 ; elapsed = 00:00:00.5 . Memory (MB): peak = 3365.852 ; gain = 0.000 ; free physical = 14355 ; free virtual = 51779

Phase 1.3 Build Placer Netlist Model
Phase 1.3 Build Placer Netlist Model | Checksum: 181327776

Time (s): cpu = 00:00:04 ; elapsed = 00:00:02 . Memory (MB): peak = 3365.852 ; gain = 0.000 ; free physical = 14351 ; free virtual = 51775

Phase 1.4 Constrain Clocks/Macros
Phase 1.4 Constrain Clocks/Macros | Checksum: 181327776

Time (s): cpu = 00:00:04 ; elapsed = 00:00:02 . Memory (MB): peak = 3365.852 ; gain = 0.000 ; free physical = 14351 ; free virtual = 51775
Phase 1 Placer Initialization | Checksum: 181327776

Time (s): cpu = 00:00:04 ; elapsed = 00:00:02 . Memory (MB): peak = 3365.852 ; gain = 0.000 ; free physical = 14349 ; free virtual = 51773

Phase 2 Global Placement

Phase 2.1 Floorplanning
Phase 2.1 Floorplanning | Checksum: 1dfef05cf

Time (s): cpu = 00:00:05 ; elapsed = 00:00:02 . Memory (MB): peak = 3365.852 ; gain = 0.000 ; free physical = 14378 ; free virtual = 51803

Phase 2.2 Update Timing before SLR Path Opt
Phase 2.2 Update Timing before SLR Path Opt | Checksum: 217432092

Time (s): cpu = 00:00:06 ; elapsed = 00:00:02 . Memory (MB): peak = 3365.852 ; gain = 0.000 ; free physical = 14420 ; free virtual = 51845

Phase 2.3 Post-Processing in Floorplanning
Phase 2.3 Post-Processing in Floorplanning | Checksum: 217432092

Time (s): cpu = 00:00:06 ; elapsed = 00:00:02 . Memory (MB): peak = 3365.852 ; gain = 0.000 ; free physical = 14414 ; free virtual = 51839

Phase 2.4 Global Place Phase1
Phase 2.4 Global Place Phase1 | Checksum: 12aae16ab

Time (s): cpu = 00:00:15 ; elapsed = 00:00:06 . Memory (MB): peak = 3365.852 ; gain = 0.000 ; free physical = 14510 ; free virtual = 51936

Phase 2.5 Global Place Phase2

Phase 2.5.1 UpdateTiming Before Physical Synthesis
Phase 2.5.1 UpdateTiming Before Physical Synthesis | Checksum: 12aae16ab

Time (s): cpu = 00:00:16 ; elapsed = 00:00:06 . Memory (MB): peak = 3365.852 ; gain = 0.000 ; free physical = 14431 ; free virtual = 51856

Phase 2.5.2 Physical Synthesis In Placer
INFO: [Physopt 32-1035] Found 0 LUTNM shape to break, 703 LUT instances to create LUTNM shape
INFO: [Physopt 32-1044] Break lutnm for timing: one critical 0, two critical 0, total 0, new lutff created 0
INFO: [Physopt 32-1138] End 1 Pass. Optimized 315 nets or LUTs. Breaked 0 LUT, combined 315 existing LUTs and moved 0 existing LUT
INFO: [Physopt 32-65] No nets found for high-fanout optimization.
INFO: [Physopt 32-232] Optimized 0 net. Created 0 new instance.
INFO: [Physopt 32-775] End 1 Pass. Optimized 0 net or cell. Created 0 new cell, deleted 0 existing cell and moved 0 existing cell
INFO: [Physopt 32-670] No setup violation found.  DSP Register Optimization was not performed.
INFO: [Physopt 32-670] No setup violation found.  Shift Register to Pipeline Optimization was not performed.
INFO: [Physopt 32-670] No setup violation found.  Shift Register Optimization was not performed.
INFO: [Physopt 32-670] No setup violation found.  BRAM Register Optimization was not performed.
INFO: [Physopt 32-670] No setup violation found.  URAM Register Optimization was not performed.
INFO: [Physopt 32-949] No candidate nets found for dynamic/static region interface net replication
INFO: [Physopt 32-775] End 1 Pass. Optimized 0 net or cell. Created 0 new cell, deleted 0 existing cell and moved 0 existing cell
Netlist sorting complete. Time (s): cpu = 00:00:00 ; elapsed = 00:00:00.01 . Memory (MB): peak = 3365.852 ; gain = 0.000 ; free physical = 14356 ; free virtual = 51781

Summary of Physical Synthesis Optimizations
============================================


-----------------------------------------------------------------------------------------------------------------------------------------------------------
|  Optimization                                     |  Added Cells  |  Removed Cells  |  Optimized Cells/Nets  |  Dont Touch  |  Iterations  |  Elapsed   |
-----------------------------------------------------------------------------------------------------------------------------------------------------------
|  LUT Combining                                    |            0  |            315  |                   315  |           0  |           1  |  00:00:00  |
|  Retime                                           |            0  |              0  |                     0  |           0  |           1  |  00:00:00  |
|  Very High Fanout                                 |            0  |              0  |                     0  |           0  |           1  |  00:00:00  |
|  DSP Register                                     |            0  |              0  |                     0  |           0  |           0  |  00:00:00  |
|  Shift Register to Pipeline                       |            0  |              0  |                     0  |           0  |           0  |  00:00:00  |
|  Shift Register                                   |            0  |              0  |                     0  |           0  |           0  |  00:00:00  |
|  BRAM Register                                    |            0  |              0  |                     0  |           0  |           0  |  00:00:00  |
|  URAM Register                                    |            0  |              0  |                     0  |           0  |           0  |  00:00:00  |
|  Dynamic/Static Region Interface Net Replication  |            0  |              0  |                     0  |           0  |           1  |  00:00:00  |
|  Total                                            |            0  |            315  |                   315  |           0  |           4  |  00:00:00  |
-----------------------------------------------------------------------------------------------------------------------------------------------------------


Phase 2.5.2 Physical Synthesis In Placer | Checksum: 1b6cb2cae

Time (s): cpu = 00:00:17 ; elapsed = 00:00:07 . Memory (MB): peak = 3365.852 ; gain = 0.000 ; free physical = 14333 ; free virtual = 51760
Phase 2.5 Global Place Phase2 | Checksum: 19af2f28e

Time (s): cpu = 00:00:18 ; elapsed = 00:00:07 . Memory (MB): peak = 3365.852 ; gain = 0.000 ; free physical = 14327 ; free virtual = 51753
Phase 2 Global Placement | Checksum: 19af2f28e

Time (s): cpu = 00:00:18 ; elapsed = 00:00:07 . Memory (MB): peak = 3365.852 ; gain = 0.000 ; free physical = 14327 ; free virtual = 51753

Phase 3 Detail Placement

Phase 3.1 Commit Multi Column Macros
Phase 3.1 Commit Multi Column Macros | Checksum: 1cbfc654b

Time (s): cpu = 00:00:19 ; elapsed = 00:00:08 . Memory (MB): peak = 3365.852 ; gain = 0.000 ; free physical = 14213 ; free virtual = 51639

Phase 3.2 Commit Most Macros & LUTRAMs
Phase 3.2 Commit Most Macros & LUTRAMs | Checksum: 1366c9b6a

Time (s): cpu = 00:00:21 ; elapsed = 00:00:08 . Memory (MB): peak = 3365.852 ; gain = 0.000 ; free physical = 14166 ; free virtual = 51592

Phase 3.3 Area Swap Optimization
Phase 3.3 Area Swap Optimization | Checksum: 1b7d63ad1

Time (s): cpu = 00:00:21 ; elapsed = 00:00:08 . Memory (MB): peak = 3365.852 ; gain = 0.000 ; free physical = 14166 ; free virtual = 51592

Phase 3.4 Pipeline Register Optimization
Phase 3.4 Pipeline Register Optimization | Checksum: 1e173e270

Time (s): cpu = 00:00:21 ; elapsed = 00:00:08 . Memory (MB): peak = 3365.852 ; gain = 0.000 ; free physical = 14166 ; free virtual = 51592

Phase 3.5 Small Shape Detail Placement
Phase 3.5 Small Shape Detail Placement | Checksum: 1a31cc7a8

Time (s): cpu = 00:00:24 ; elapsed = 00:00:11 . Memory (MB): peak = 3365.852 ; gain = 0.000 ; free physical = 14136 ; free virtual = 51563

Phase 3.6 Re-assign LUT pins
Phase 3.6 Re-assign LUT pins | Checksum: 13caeb021

Time (s): cpu = 00:00:24 ; elapsed = 00:00:11 . Memory (MB): peak = 3365.852 ; gain = 0.000 ; free physical = 14133 ; free virtual = 51560

Phase 3.7 Pipeline Register Optimization
Phase 3.7 Pipeline Register Optimization | Checksum: 15510d5c2

Time (s): cpu = 00:00:24 ; elapsed = 00:00:11 . Memory (MB): peak = 3365.852 ; gain = 0.000 ; free physical = 14133 ; free virtual = 51560
Phase 3 Detail Placement | Checksum: 15510d5c2

Time (s): cpu = 00:00:25 ; elapsed = 00:00:11 . Memory (MB): peak = 3365.852 ; gain = 0.000 ; free physical = 14133 ; free virtual = 51560

Phase 4 Post Placement Optimization and Clean-Up

Phase 4.1 Post Commit Optimization
INFO: [Timing 38-35] Done setting XDC timing constraints.

Phase 4.1.1 Post Placement Optimization
Post Placement Optimization Initialization | Checksum: deb61099

Phase 4.1.1.1 BUFG Insertion

Starting Physical Synthesis Task

Phase 1 Physical Synthesis Initialization
INFO: [Physopt 32-721] Multithreading enabled for phys_opt_design using a maximum of 8 CPUs
INFO: [Physopt 32-619] Estimated Timing Summary | WNS=10.690 | TNS=0.000 |
Phase 1 Physical Synthesis Initialization | Checksum: 8eed2f36

Time (s): cpu = 00:00:00.29 ; elapsed = 00:00:00.08 . Memory (MB): peak = 3365.852 ; gain = 0.000 ; free physical = 14160 ; free virtual = 51588
INFO: [Place 46-33] Processed net aster_linux_i/aster/inst/implementation/g_coherent.soc/cache/state_reg[3]_0, BUFG insertion was skipped due to placement/routing conflicts.
INFO: [Place 46-33] Processed net aster_linux_i/aster/inst/implementation/g_coherent.soc/cache/SR[0], BUFG insertion was skipped due to placement/routing conflicts.
INFO: [Place 46-56] BUFG insertion identified 2 candidate nets. Inserted BUFG: 0, Replicated BUFG Driver: 0, Skipped due to Placement/Routing Conflicts: 2, Skipped due to Timing Degradation: 0, Skipped due to netlist editing failed: 0.
Ending Physical Synthesis Task | Checksum: baf6aeb9

Time (s): cpu = 00:00:00.57 ; elapsed = 00:00:00.2 . Memory (MB): peak = 3365.852 ; gain = 0.000 ; free physical = 14117 ; free virtual = 51544
Phase 4.1.1.1 BUFG Insertion | Checksum: deb61099

Time (s): cpu = 00:00:28 ; elapsed = 00:00:12 . Memory (MB): peak = 3365.852 ; gain = 0.000 ; free physical = 14097 ; free virtual = 51525

Phase 4.1.1.2 Post Placement Timing Optimization
INFO: [Place 30-746] Post Placement Timing Summary WNS=10.690. For the most accurate timing information please run report_timing.
Phase 4.1.1.2 Post Placement Timing Optimization | Checksum: c8f01ed1

Time (s): cpu = 00:00:28 ; elapsed = 00:00:12 . Memory (MB): peak = 3365.852 ; gain = 0.000 ; free physical = 14089 ; free virtual = 51517

Time (s): cpu = 00:00:28 ; elapsed = 00:00:12 . Memory (MB): peak = 3365.852 ; gain = 0.000 ; free physical = 14089 ; free virtual = 51517
Phase 4.1 Post Commit Optimization | Checksum: c8f01ed1

Time (s): cpu = 00:00:28 ; elapsed = 00:00:12 . Memory (MB): peak = 3365.852 ; gain = 0.000 ; free physical = 14082 ; free virtual = 51509

Phase 4.2 Post Placement Cleanup
Phase 4.2 Post Placement Cleanup | Checksum: c8f01ed1

Time (s): cpu = 00:00:28 ; elapsed = 00:00:12 . Memory (MB): peak = 3365.852 ; gain = 0.000 ; free physical = 14075 ; free virtual = 51502

Phase 4.3 Placer Reporting

Phase 4.3.1 Print Estimated Congestion
INFO: [Place 30-612] Post-Placement Estimated Congestion 
 ____________________________________________________
|           | Global Congestion | Short Congestion  |
| Direction | Region Size       | Region Size       |
|___________|___________________|___________________|
|      North|                1x1|                2x2|
|___________|___________________|___________________|
|      South|                1x1|                4x4|
|___________|___________________|___________________|
|       East|                1x1|                1x1|
|___________|___________________|___________________|
|       West|                1x1|                1x1|
|___________|___________________|___________________|

Phase 4.3.1 Print Estimated Congestion | Checksum: c8f01ed1

Time (s): cpu = 00:00:28 ; elapsed = 00:00:12 . Memory (MB): peak = 3365.852 ; gain = 0.000 ; free physical = 14063 ; free virtual = 51490
Phase 4.3 Placer Reporting | Checksum: c8f01ed1

Time (s): cpu = 00:00:28 ; elapsed = 00:00:12 . Memory (MB): peak = 3365.852 ; gain = 0.000 ; free physical = 14063 ; free virtual = 51490

Phase 4.4 Final Placement Cleanup
Netlist sorting complete. Time (s): cpu = 00:00:00.01 ; elapsed = 00:00:00.01 . Memory (MB): peak = 3365.852 ; gain = 0.000 ; free physical = 14063 ; free virtual = 51490

Time (s): cpu = 00:00:28 ; elapsed = 00:00:12 . Memory (MB): peak = 3365.852 ; gain = 0.000 ; free physical = 14063 ; free virtual = 51490
Phase 4 Post Placement Optimization and Clean-Up | Checksum: 1429dd1c0

Time (s): cpu = 00:00:28 ; elapsed = 00:00:12 . Memory (MB): peak = 3365.852 ; gain = 0.000 ; free physical = 14070 ; free virtual = 51498
Ending Placer Task | Checksum: 10854b2d5

Time (s): cpu = 00:00:28 ; elapsed = 00:00:12 . Memory (MB): peak = 3365.852 ; gain = 0.000 ; free physical = 14055 ; free virtual = 51482
98 Infos, 2 Warnings, 0 Critical Warnings and 0 Errors encountered.
place_design completed successfully
place_design: Time (s): cpu = 00:00:30 ; elapsed = 00:00:13 . Memory (MB): peak = 3365.852 ; gain = 0.000 ; free physical = 14075 ; free virtual = 51502
Command: route_design
Attempting to get a license for feature 'Implementation' and/or device 'xc7z020'
INFO: [Common 17-349] Got license for feature 'Implementation' and/or device 'xc7z020'


Starting Routing Task
INFO: [Route 35-254] Multithreading enabled for route_design using a maximum of 8 CPUs

Phase 1 Build RT Design
Checksum: PlaceDB: 661f1d46 ConstDB: 0 ShapeSum: 8c3c229f RouteDB: 15f972f0
Post Restoration Checksum: NetGraph: 39fb78cc | NumContArr: fbcf132f | Constraints: c2a8fa9d | Timing: c2a8fa9d
Phase 1 Build RT Design | Checksum: 2bb1c8135

Time (s): cpu = 00:00:11 ; elapsed = 00:00:08 . Memory (MB): peak = 3365.852 ; gain = 0.000 ; free physical = 13995 ; free virtual = 51424

Phase 2 Router Initialization

Phase 2.1 Fix Topology Constraints
Phase 2.1 Fix Topology Constraints | Checksum: 2bb1c8135

Time (s): cpu = 00:00:11 ; elapsed = 00:00:08 . Memory (MB): peak = 3365.852 ; gain = 0.000 ; free physical = 13995 ; free virtual = 51424

Phase 2.2 Pre Route Cleanup
Phase 2.2 Pre Route Cleanup | Checksum: 2bb1c8135

Time (s): cpu = 00:00:11 ; elapsed = 00:00:08 . Memory (MB): peak = 3365.852 ; gain = 0.000 ; free physical = 13995 ; free virtual = 51424
 Number of Nodes with overlaps = 0

Phase 2.3 Update Timing
Phase 2.3 Update Timing | Checksum: 259e75fee

Time (s): cpu = 00:00:14 ; elapsed = 00:00:09 . Memory (MB): peak = 3369.996 ; gain = 4.145 ; free physical = 14229 ; free virtual = 51659
INFO: [Route 35-416] Intermediate Timing Summary | WNS=11.066 | TNS=0.000  | WHS=-0.190 | THS=-105.273|


Phase 2.4 Soft Constraint Pins - Fast Budgeting
Phase 2.4 Soft Constraint Pins - Fast Budgeting | Checksum: 1866509a0

Time (s): cpu = 00:00:16 ; elapsed = 00:00:09 . Memory (MB): peak = 3386.059 ; gain = 20.207 ; free physical = 14212 ; free virtual = 51642

Router Utilization Summary
  Global Vertical Routing Utilization    = 0 %
  Global Horizontal Routing Utilization  = 0 %
  Routable Net Status*
  *Does not include unroutable nets such as driverless and loadless.
  Run report_route_status for detailed report.
  Number of Failed Nets               = 20231
    (Failed Nets is the sum of unrouted and partially routed nets)
  Number of Unrouted Nets             = 20231
  Number of Partially Routed Nets     = 0
  Number of Node Overlaps             = 0

Phase 2 Router Initialization | Checksum: 1e1c3fbb0

Time (s): cpu = 00:00:16 ; elapsed = 00:00:09 . Memory (MB): peak = 3386.059 ; gain = 20.207 ; free physical = 14213 ; free virtual = 51643

Phase 3 Global Routing
Phase 3 Global Routing | Checksum: 1e1c3fbb0

Time (s): cpu = 00:00:16 ; elapsed = 00:00:09 . Memory (MB): peak = 3386.059 ; gain = 20.207 ; free physical = 14213 ; free virtual = 51643

Phase 4 Initial Routing

Phase 4.1 Initial Net Routing Pass
Phase 4.1 Initial Net Routing Pass | Checksum: 2c4989ed6

Time (s): cpu = 00:00:19 ; elapsed = 00:00:10 . Memory (MB): peak = 3386.059 ; gain = 20.207 ; free physical = 14093 ; free virtual = 51523
Phase 4 Initial Routing | Checksum: 2c4989ed6

Time (s): cpu = 00:00:19 ; elapsed = 00:00:10 . Memory (MB): peak = 3386.059 ; gain = 20.207 ; free physical = 14077 ; free virtual = 51507

Phase 5 Rip-up And Reroute

Phase 5.1 Global Iteration 0
 Number of Nodes with overlaps = 3367
 Number of Nodes with overlaps = 209
 Number of Nodes with overlaps = 42
 Number of Nodes with overlaps = 3
 Number of Nodes with overlaps = 0
INFO: [Route 35-416] Intermediate Timing Summary | WNS=9.602  | TNS=0.000  | WHS=N/A    | THS=N/A    |

Phase 5.1 Global Iteration 0 | Checksum: 19cb398ad

Time (s): cpu = 00:00:27 ; elapsed = 00:00:15 . Memory (MB): peak = 3386.059 ; gain = 20.207 ; free physical = 14096 ; free virtual = 51527

Phase 5.2 Global Iteration 1
 Number of Nodes with overlaps = 3
 Number of Nodes with overlaps = 0
INFO: [Route 35-416] Intermediate Timing Summary | WNS=9.602  | TNS=0.000  | WHS=N/A    | THS=N/A    |

Phase 5.2 Global Iteration 1 | Checksum: 20ab9dff4

Time (s): cpu = 00:00:28 ; elapsed = 00:00:15 . Memory (MB): peak = 3386.059 ; gain = 20.207 ; free physical = 14096 ; free virtual = 51527
Phase 5 Rip-up And Reroute | Checksum: 20ab9dff4

Time (s): cpu = 00:00:28 ; elapsed = 00:00:15 . Memory (MB): peak = 3386.059 ; gain = 20.207 ; free physical = 14096 ; free virtual = 51527

Phase 6 Delay and Skew Optimization

Phase 6.1 Delay CleanUp
Phase 6.1 Delay CleanUp | Checksum: 20ab9dff4

Time (s): cpu = 00:00:28 ; elapsed = 00:00:15 . Memory (MB): peak = 3386.059 ; gain = 20.207 ; free physical = 14096 ; free virtual = 51527

Phase 6.2 Clock Skew Optimization
Phase 6.2 Clock Skew Optimization | Checksum: 20ab9dff4

Time (s): cpu = 00:00:28 ; elapsed = 00:00:15 . Memory (MB): peak = 3386.059 ; gain = 20.207 ; free physical = 14096 ; free virtual = 51527
Phase 6 Delay and Skew Optimization | Checksum: 20ab9dff4

Time (s): cpu = 00:00:28 ; elapsed = 00:00:15 . Memory (MB): peak = 3386.059 ; gain = 20.207 ; free physical = 14096 ; free virtual = 51527

Phase 7 Post Hold Fix

Phase 7.1 Hold Fix Iter
INFO: [Route 35-416] Intermediate Timing Summary | WNS=9.717  | TNS=0.000  | WHS=0.046  | THS=0.000  |

Phase 7.1 Hold Fix Iter | Checksum: 202261310

Time (s): cpu = 00:00:29 ; elapsed = 00:00:15 . Memory (MB): peak = 3386.059 ; gain = 20.207 ; free physical = 14082 ; free virtual = 51513
Phase 7 Post Hold Fix | Checksum: 202261310

Time (s): cpu = 00:00:29 ; elapsed = 00:00:15 . Memory (MB): peak = 3386.059 ; gain = 20.207 ; free physical = 14074 ; free virtual = 51505

Phase 8 Route finalize

Router Utilization Summary
  Global Vertical Routing Utilization    = 6.28358 %
  Global Horizontal Routing Utilization  = 8.06288 %
  Routable Net Status*
  *Does not include unroutable nets such as driverless and loadless.
  Run report_route_status for detailed report.
  Number of Failed Nets               = 0
    (Failed Nets is the sum of unrouted and partially routed nets)
  Number of Unrouted Nets             = 0
  Number of Partially Routed Nets     = 0
  Number of Node Overlaps             = 0

Phase 8 Route finalize | Checksum: 202261310

Time (s): cpu = 00:00:29 ; elapsed = 00:00:15 . Memory (MB): peak = 3386.059 ; gain = 20.207 ; free physical = 14087 ; free virtual = 51518

Phase 9 Verifying routed nets

 Verification completed successfully
Phase 9 Verifying routed nets | Checksum: 202261310

Time (s): cpu = 00:00:29 ; elapsed = 00:00:15 . Memory (MB): peak = 3386.059 ; gain = 20.207 ; free physical = 14087 ; free virtual = 51518

Phase 10 Depositing Routes
Phase 10 Depositing Routes | Checksum: 29259f3f0

Time (s): cpu = 00:00:30 ; elapsed = 00:00:15 . Memory (MB): peak = 3386.059 ; gain = 20.207 ; free physical = 14101 ; free virtual = 51532

Phase 11 Post Process Routing
Phase 11 Post Process Routing | Checksum: 29259f3f0

Time (s): cpu = 00:00:30 ; elapsed = 00:00:15 . Memory (MB): peak = 3386.059 ; gain = 20.207 ; free physical = 14101 ; free virtual = 51532

Phase 12 Post Router Timing
INFO: [Route 35-57] Estimated Timing Summary | WNS=9.717  | TNS=0.000  | WHS=0.046  | THS=0.000  |

INFO: [Route 35-327] The final timing numbers are based on the router estimated timing analysis. For a complete and accurate timing signoff, please run report_timing_summary.
Phase 12 Post Router Timing | Checksum: 29259f3f0

Time (s): cpu = 00:00:30 ; elapsed = 00:00:15 . Memory (MB): peak = 3386.059 ; gain = 20.207 ; free physical = 14101 ; free virtual = 51532
Total Elapsed time in route_design: 15.33 secs

Phase 13 Post-Route Event Processing
Phase 13 Post-Route Event Processing | Checksum: 134c5072e

Time (s): cpu = 00:00:30 ; elapsed = 00:00:15 . Memory (MB): peak = 3386.059 ; gain = 20.207 ; free physical = 14101 ; free virtual = 51532
INFO: [Route 35-16] Router Completed Successfully
Ending Routing Task | Checksum: 134c5072e

Time (s): cpu = 00:00:30 ; elapsed = 00:00:15 . Memory (MB): peak = 3386.059 ; gain = 20.207 ; free physical = 14101 ; free virtual = 51533

Routing Is Done.
INFO: [Common 17-83] Releasing license: Implementation
108 Infos, 2 Warnings, 0 Critical Warnings and 0 Errors encountered.
route_design completed successfully
route_design: Time (s): cpu = 00:00:30 ; elapsed = 00:00:16 . Memory (MB): peak = 3386.059 ; gain = 20.207 ; free physical = 14109 ; free virtual = 51541
INFO: [Timing 38-91] UpdateTimingParams: Speed grade: -1, Delay Type: min_max.
INFO: [Timing 38-191] Multithreading enabled for timing update using a maximum of 8 CPUs
Command: report_drc -file /home/elfo/Documents/Aster/build/phase6-215b2d0/fpga/linux-h2-coherent-c0/drc.rpt
INFO: [IP_Flow 19-1839] IP Catalog is up to date.
INFO: [DRC 23-27] Running DRC with 8 threads
INFO: [Vivado_Tcl 2-168] The results of DRC are in file /home/elfo/Documents/Aster/build/phase6-215b2d0/fpga/linux-h2-coherent-c0/drc.rpt.
report_drc completed successfully
Command: report_methodology -file /home/elfo/Documents/Aster/build/phase6-215b2d0/fpga/linux-h2-coherent-c0/methodology.rpt
INFO: [Timing 38-35] Done setting XDC timing constraints.
INFO: [DRC 23-133] Running Methodology with 8 threads
INFO: [Vivado_Tcl 2-1520] The results of Report Methodology are in file /home/elfo/Documents/Aster/build/phase6-215b2d0/fpga/linux-h2-coherent-c0/methodology.rpt.
report_methodology completed successfully
ASTER_SIGNOFF min slack=0.047 ns
ASTER_SIGNOFF max slack=9.691 ns
INFO: [Timing 38-480] Writing timing data to binary archive.
Write ShapeDB Complete: Time (s): cpu = 00:00:00.1 ; elapsed = 00:00:00.03 . Memory (MB): peak = 3472.340 ; gain = 0.000 ; free physical = 13989 ; free virtual = 51426
Wrote PlaceDB: Time (s): cpu = 00:00:00.99 ; elapsed = 00:00:00.46 . Memory (MB): peak = 3472.340 ; gain = 0.000 ; free physical = 13904 ; free virtual = 51365
Wrote PulsedLatchDB: Time (s): cpu = 00:00:00 ; elapsed = 00:00:00 . Memory (MB): peak = 3472.340 ; gain = 0.000 ; free physical = 13904 ; free virtual = 51365
Writing XDEF routing.
Writing XDEF routing logical nets.
Writing XDEF routing special nets.
Wrote RouteStorage: Time (s): cpu = 00:00:00.12 ; elapsed = 00:00:00.07 . Memory (MB): peak = 3472.340 ; gain = 0.000 ; free physical = 13899 ; free virtual = 51364
Wrote Netlist Cache: Time (s): cpu = 00:00:00.02 ; elapsed = 00:00:00.01 . Memory (MB): peak = 3472.340 ; gain = 0.000 ; free physical = 13915 ; free virtual = 51383
Wrote Device Cache: Time (s): cpu = 00:00:00 ; elapsed = 00:00:00.01 . Memory (MB): peak = 3472.340 ; gain = 0.000 ; free physical = 13915 ; free virtual = 51384
Write Physdb Complete: Time (s): cpu = 00:00:01 ; elapsed = 00:00:00.56 . Memory (MB): peak = 3472.340 ; gain = 0.000 ; free physical = 13916 ; free virtual = 51385
INFO: [Common 17-1381] The checkpoint '/home/elfo/Documents/Aster/build/phase6-215b2d0/fpga/linux-h2-coherent-c0/aster_linux_routed.dcp' has been generated.
Command: write_bitstream -force /home/elfo/Documents/Aster/build/phase6-215b2d0/fpga/linux-h2-coherent-c0/aster_linux.bit
Attempting to get a license for feature 'Implementation' and/or device 'xc7z020'
INFO: [Common 17-349] Got license for feature 'Implementation' and/or device 'xc7z020'
Running DRC as a precondition to command write_bitstream
INFO: [IP_Flow 19-1839] IP Catalog is up to date.
INFO: [DRC 23-27] Running DRC with 8 threads
INFO: [Vivado 12-3199] DRC finished with 0 Errors
INFO: [Vivado 12-3200] Please refer to the DRC report (report_drc) for more information.
INFO: [Designutils 20-2272] Running write_bitstream with 8 threads.
Loading data files...
Loading site data...
Loading route data...
Processing options...
Creating bitmap...
Creating bitstream...
Writing bitstream /home/elfo/Documents/Aster/build/phase6-215b2d0/fpga/linux-h2-coherent-c0/aster_linux.bit...
INFO: [Vivado 12-1842] Bitgen Completed Successfully.
INFO: [Project 1-1876] WebTalk data collection is mandatory when using a ULT device. To see the specific WebTalk data collected for your design, open the usage_statistics_webtalk.html or usage_statistics_webtalk.xml file in the implementation directory.
INFO: [Common 17-83] Releasing license: Implementation
127 Infos, 2 Warnings, 0 Critical Warnings and 0 Errors encountered.
write_bitstream completed successfully
write_bitstream: Time (s): cpu = 00:00:14 ; elapsed = 00:00:25 . Memory (MB): peak = 3867.684 ; gain = 395.344 ; free physical = 13570 ; free virtual = 51025
ASTER_LINUX_BUILD complete: /home/elfo/Documents/Aster/build/phase6-215b2d0/fpga/linux-h2-coherent-c0/aster_linux.bit
INFO: [Common 17-206] Exiting Vivado at Sat Sep 12 23:57:31 2026...
make[1]: Leaving directory '/tmp/aster-phase6-verify-PHy1Sn'
