Copyright 1986-2022 Xilinx, Inc. All Rights Reserved. Copyright 2022-2025 Advanced Micro Devices, Inc. All Rights Reserved.
-------------------------------------------------------------------------------------------------------------------------------------------------------------
| Tool Version : Vivado v.2025.1 (lin64) Build 6140274 Wed May 21 22:58:25 MDT 2025
| Date         : Sat Sep 12 23:57:01 2026
| Host         : gondor running 64-bit Ubuntu 24.04.3 LTS
| Command      : report_timing_summary -file /home/elfo/Documents/Aster/build/phase6-215b2d0/fpga/linux-h2-coherent-c0/timing_summary.rpt -warn_on_violation
| Design       : aster_linux_wrapper
| Device       : 7z020-clg400
| Speed File   : -1  PRODUCTION 1.12 2019-11-22
| Design State : Routed
-------------------------------------------------------------------------------------------------------------------------------------------------------------

Timing Summary Report

------------------------------------------------------------------------------------------------
| Timer Settings
| --------------
------------------------------------------------------------------------------------------------

  Enable Multi Corner Analysis               :  Yes
  Enable Pessimism Removal                   :  Yes
  Pessimism Removal Resolution               :  Nearest Common Node
  Enable Input Delay Default Clock           :  No
  Enable Preset / Clear Arcs                 :  No
  Disable Flight Delays                      :  No
  Ignore I/O Paths                           :  No
  Timing Early Launch at Borrowing Latches   :  No
  Borrow Time for Max Delay Exceptions       :  Yes
  Merge Timing Exceptions                    :  Yes
  Inter-SLR Compensation                     :  Conservative

  Corner  Analyze    Analyze    
  Name    Max Paths  Min Paths  
  ------  ---------  ---------  
  Slow    Yes        Yes        
  Fast    Yes        Yes        


------------------------------------------------------------------------------------------------
| Report Methodology
| ------------------
------------------------------------------------------------------------------------------------

No report available as report_methodology has not been run prior. Run report_methodology on the current design for the summary of methodology violations.



check_timing report

Table of Contents
-----------------
1. checking no_clock (0)
2. checking constant_clock (0)
3. checking pulse_width_clock (0)
4. checking unconstrained_internal_endpoints (0)
5. checking no_input_delay (0)
6. checking no_output_delay (5)
7. checking multiple_clock (0)
8. checking generated_clocks (0)
9. checking loops (0)
10. checking partial_input_delay (0)
11. checking partial_output_delay (0)
12. checking latch_loops (0)

1. checking no_clock (0)
------------------------
 There are 0 register/latch pins with no clock.


2. checking constant_clock (0)
------------------------------
 There are 0 register/latch pins with constant_clock.


3. checking pulse_width_clock (0)
---------------------------------
 There are 0 register/latch pins which need pulse_width check


4. checking unconstrained_internal_endpoints (0)
------------------------------------------------
 There are 0 pins that are not constrained for maximum delay.

 There are 0 pins that are not constrained for maximum delay due to constant clock.


5. checking no_input_delay (0)
------------------------------
 There are 0 input ports with no input delay specified.

 There are 0 input ports with no input delay but user has a false path constraint.


6. checking no_output_delay (5)
-------------------------------
 There are 0 ports with no output delay specified.

 There are 5 ports with no output delay but user has a false path constraint (MEDIUM)

 There are 0 ports with no output delay but with a timing clock defined on it or propagating through it


7. checking multiple_clock (0)
------------------------------
 There are 0 register/latch pins with multiple clocks.


8. checking generated_clocks (0)
--------------------------------
 There are 0 generated clocks that are not connected to a clock source.


9. checking loops (0)
---------------------
 There are 0 combinational loops in the design.


10. checking partial_input_delay (0)
------------------------------------
 There are 0 input ports with partial input delay specified.


11. checking partial_output_delay (0)
-------------------------------------
 There are 0 ports with partial output delay specified.


12. checking latch_loops (0)
----------------------------
 There are 0 combinational latch loops in the design through latch input



------------------------------------------------------------------------------------------------
| Design Timing Summary
| ---------------------
------------------------------------------------------------------------------------------------

    WNS(ns)      TNS(ns)  TNS Failing Endpoints  TNS Total Endpoints      WHS(ns)      THS(ns)  THS Failing Endpoints  THS Total Endpoints     WPWS(ns)     TPWS(ns)  TPWS Failing Endpoints  TPWS Total Endpoints  
    -------      -------  ---------------------  -------------------      -------      -------  ---------------------  -------------------     --------     --------  ----------------------  --------------------  
      9.691        0.000                      0                28900        0.047        0.000                      0                28900       14.750        0.000                       0                 11238  


All user specified timing constraints are met.


------------------------------------------------------------------------------------------------
| Clock Summary
| -------------
------------------------------------------------------------------------------------------------

Clock       Waveform(ns)       Period(ns)      Frequency(MHz)
-----       ------------       ----------      --------------
clk_fpga_0  {0.000 16.000}     32.000          31.250          


------------------------------------------------------------------------------------------------
| Intra Clock Table
| -----------------
------------------------------------------------------------------------------------------------

Clock             WNS(ns)      TNS(ns)  TNS Failing Endpoints  TNS Total Endpoints      WHS(ns)      THS(ns)  THS Failing Endpoints  THS Total Endpoints     WPWS(ns)     TPWS(ns)  TPWS Failing Endpoints  TPWS Total Endpoints  
-----             -------      -------  ---------------------  -------------------      -------      -------  ---------------------  -------------------     --------     --------  ----------------------  --------------------  
clk_fpga_0          9.691        0.000                      0                28900        0.047        0.000                      0                28900       14.750        0.000                       0                 11238  


------------------------------------------------------------------------------------------------
| Inter Clock Table
| -----------------
------------------------------------------------------------------------------------------------

From Clock    To Clock          WNS(ns)      TNS(ns)  TNS Failing Endpoints  TNS Total Endpoints      WHS(ns)      THS(ns)  THS Failing Endpoints  THS Total Endpoints  
----------    --------          -------      -------  ---------------------  -------------------      -------      -------  ---------------------  -------------------  


------------------------------------------------------------------------------------------------
| Other Path Groups Table
| -----------------------
------------------------------------------------------------------------------------------------

Path Group    From Clock    To Clock          WNS(ns)      TNS(ns)  TNS Failing Endpoints  TNS Total Endpoints      WHS(ns)      THS(ns)  THS Failing Endpoints  THS Total Endpoints  
----------    ----------    --------          -------      -------  ---------------------  -------------------      -------      -------  ---------------------  -------------------  


------------------------------------------------------------------------------------------------
| Timing Details
| --------------
------------------------------------------------------------------------------------------------


---------------------------------------------------------------------------------------------------
From Clock:  clk_fpga_0
  To Clock:  clk_fpga_0

Setup :            0  Failing Endpoints,  Worst Slack        9.691ns,  Total Violation        0.000ns
Hold  :            0  Failing Endpoints,  Worst Slack        0.047ns,  Total Violation        0.000ns
PW    :            0  Failing Endpoints,  Worst Slack       14.750ns,  Total Violation        0.000ns
---------------------------------------------------------------------------------------------------


Max Delay Paths
--------------------------------------------------------------------------------------
Slack (MET) :             9.691ns  (required time - arrival time)
  Source:                 aster_linux_i/aster/inst/implementation/g_coherent.soc/cache/flush_position_reg[4]/C
                            (rising edge-triggered cell FDRE clocked by clk_fpga_0  {rise@0.000ns fall@16.000ns period=32.000ns})
  Destination:            aster_linux_i/aster/inst/implementation/g_coherent.soc/cache/data_reg[0][15][3][26]/D
                            (rising edge-triggered cell FDRE clocked by clk_fpga_0  {rise@0.000ns fall@16.000ns period=32.000ns})
  Path Group:             clk_fpga_0
  Path Type:              Setup (Max at Slow Process Corner)
  Requirement:            32.000ns  (clk_fpga_0 rise@32.000ns - clk_fpga_0 rise@0.000ns)
  Data Path Delay:        21.531ns  (logic 4.661ns (21.648%)  route 16.870ns (78.352%))
  Logic Levels:           16  (CARRY4=4 LUT2=1 LUT3=3 LUT4=1 LUT5=1 LUT6=5 MUXF7=1)
  Clock Path Skew:        -0.020ns (DCD - SCD + CPR)
    Destination Clock Delay (DCD):    2.784ns = ( 34.785 - 32.000 ) 
    Source Clock Delay      (SCD):    3.034ns
    Clock Pessimism Removal (CPR):    0.230ns
  Clock Uncertainty:      0.481ns  ((TSJ^2 + TIJ^2)^1/2 + DJ) / 2 + PE
    Total System Jitter     (TSJ):    0.071ns
    Total Input Jitter      (TIJ):    0.960ns
    Discrete Jitter          (DJ):    0.000ns
    Phase Error              (PE):    0.000ns

    Location             Delay type                Incr(ns)  Path(ns)    Netlist Resource(s)
  -------------------------------------------------------------------    -------------------
                         (clock clk_fpga_0 rise edge)
                                                      0.000     0.000 r  
    PS7_X0Y0             PS7                          0.000     0.000 r  aster_linux_i/ps7/inst/PS7_i/FCLKCLK[0]
                         net (fo=1, routed)           1.193     1.193    aster_linux_i/ps7/inst/FCLK_CLK_unbuffered[0]
    BUFGCTRL_X0Y16       BUFG (Prop_bufg_I_O)         0.101     1.294 r  aster_linux_i/ps7/inst/buffer_fclk_clk_0.FCLK_CLK_0_BUFG/O
                         net (fo=11238, routed)       1.740     3.034    aster_linux_i/aster/inst/implementation/g_coherent.soc/cache/aclk
    SLICE_X85Y48         FDRE                                         r  aster_linux_i/aster/inst/implementation/g_coherent.soc/cache/flush_position_reg[4]/C
  -------------------------------------------------------------------    -------------------
    SLICE_X85Y48         FDRE (Prop_fdre_C_Q)         0.456     3.490 r  aster_linux_i/aster/inst/implementation/g_coherent.soc/cache/flush_position_reg[4]/Q
                         net (fo=5, routed)           0.518     4.008    aster_linux_i/aster/inst/implementation/g_coherent.soc/cache/flush_position_reg_n_0_[4]
    SLICE_X83Y48         LUT2 (Prop_lut2_I0_O)        0.124     4.132 r  aster_linux_i/aster/inst/implementation/g_coherent.soc/cache/lines[0][0][1]_i_6/O
                         net (fo=1298, routed)        3.640     7.771    aster_linux_i/aster/inst/implementation/g_coherent.soc/cache/flush_owner
    SLICE_X35Y81         LUT6 (Prop_lut6_I4_O)        0.124     7.895 f  aster_linux_i/aster/inst/implementation/g_coherent.soc/cache/g_program.memory_reg_0_0_i_738/O
                         net (fo=1, routed)           0.000     7.895    aster_linux_i/aster/inst/implementation/g_coherent.soc/cache/g_program.memory_reg_0_0_i_738_n_0
    SLICE_X35Y81         MUXF7 (Prop_muxf7_I1_O)      0.245     8.140 f  aster_linux_i/aster/inst/implementation/g_coherent.soc/cache/g_program.memory_reg_0_0_i_589/O
                         net (fo=1, routed)           0.937     9.078    aster_linux_i/aster/inst/implementation/g_coherent.soc/cache/g_program.memory_reg_0_0_i_589_n_0
    SLICE_X39Y78         LUT6 (Prop_lut6_I1_O)        0.298     9.376 r  aster_linux_i/aster/inst/implementation/g_coherent.soc/cache/g_program.memory_reg_0_0_i_261/O
                         net (fo=1, routed)           0.891    10.267    aster_linux_i/aster/inst/implementation/g_coherent.soc/cache/g_program.memory_reg_0_0_i_261_n_0
    SLICE_X53Y71         LUT6 (Prop_lut6_I5_O)        0.124    10.391 r  aster_linux_i/aster/inst/implementation/g_coherent.soc/cache/g_program.memory_reg_0_0_i_109/O
                         net (fo=1, routed)           0.000    10.391    aster_linux_i/aster/inst/implementation/g_coherent.soc/cache/p_0_out[25]
    SLICE_X53Y71         CARRY4 (Prop_carry4_S[0]_CO[3])
                                                      0.532    10.923 r  aster_linux_i/aster/inst/implementation/g_coherent.soc/cache/g_program.memory_reg_0_0_i_64/CO[3]
                         net (fo=1, routed)           0.000    10.923    aster_linux_i/aster/inst/implementation/g_coherent.soc/cache/g_program.memory_reg_0_0_i_64_n_0
    SLICE_X53Y72         CARRY4 (Prop_carry4_CI_O[1])
                                                      0.334    11.257 f  aster_linux_i/aster/inst/implementation/g_coherent.soc/cache/g_program.memory_reg_0_0_i_63/O[1]
                         net (fo=3, routed)           0.688    11.944    aster_linux_i/aster/inst/implementation/g_coherent.soc/cache/p_0_in__0[30]
    SLICE_X54Y72         LUT3 (Prop_lut3_I0_O)        0.303    12.247 r  aster_linux_i/aster/inst/implementation/g_coherent.soc/cache/g_program.memory_reg_0_0_i_29/O
                         net (fo=14, routed)          1.246    13.493    aster_linux_i/aster/inst/implementation/g_coherent.soc/cache/data[1][0][3][31]_i_130_n_0
    SLICE_X50Y73         CARRY4 (Prop_carry4_S[3]_CO[3])
                                                      0.500    13.993 r  aster_linux_i/aster/inst/implementation/g_coherent.soc/cache/data_reg[1][0][3][31]_i_62/CO[3]
                         net (fo=1, routed)           0.000    13.993    aster_linux_i/aster/inst/implementation/g_coherent.soc/cache/data_reg[1][0][3][31]_i_62_n_0
    SLICE_X50Y74         CARRY4 (Prop_carry4_CI_O[0])
                                                      0.219    14.212 f  aster_linux_i/aster/inst/implementation/g_coherent.soc/cache/data_reg[1][0][3][31]_i_134/O[0]
                         net (fo=1, routed)           0.625    14.837    aster_linux_i/aster/inst/implementation/g_coherent.soc/cache/g_perf[0].perf/offset[31]
    SLICE_X52Y73         LUT4 (Prop_lut4_I2_O)        0.295    15.132 f  aster_linux_i/aster/inst/implementation/g_coherent.soc/cache/data[1][0][3][31]_i_63/O
                         net (fo=2, routed)           0.807    15.939    aster_linux_i/aster/inst/implementation/g_coherent.soc/cache/data[1][0][3][31]_i_63_n_0
    SLICE_X52Y72         LUT5 (Prop_lut5_I4_O)        0.152    16.091 f  aster_linux_i/aster/inst/implementation/g_coherent.soc/cache/data[1][0][3][31]_i_36/O
                         net (fo=1, routed)           0.783    16.875    aster_linux_i/aster/inst/implementation/g_coherent.soc/cache/data[1][0][3][31]_i_36_n_0
    SLICE_X52Y65         LUT6 (Prop_lut6_I2_O)        0.326    17.201 r  aster_linux_i/aster/inst/implementation/g_coherent.soc/cache/data[1][0][3][31]_i_20/O
                         net (fo=31, routed)          1.521    18.721    aster_linux_i/aster/inst/implementation/g_coherent.soc/cache/g_perf[0].perf/rdata1
    SLICE_X41Y49         LUT3 (Prop_lut3_I1_O)        0.150    18.871 r  aster_linux_i/aster/inst/implementation/g_coherent.soc/cache/data[1][0][3][26]_i_5/O
                         net (fo=1, routed)           1.056    19.928    aster_linux_i/aster/inst/implementation/g_coherent.soc/cache/data[1][0][3][26]_i_5_n_0
    SLICE_X31Y53         LUT6 (Prop_lut6_I3_O)        0.326    20.254 r  aster_linux_i/aster/inst/implementation/g_coherent.soc/cache/data[1][0][3][26]_i_2/O
                         net (fo=2, routed)           2.178    22.432    aster_linux_i/aster/inst/implementation/g_coherent.soc/cache/m_rdata[26]
    SLICE_X56Y32         LUT3 (Prop_lut3_I0_O)        0.153    22.585 r  aster_linux_i/aster/inst/implementation/g_coherent.soc/cache/data[1][0][3][26]_i_1/O
                         net (fo=128, routed)         1.980    24.565    aster_linux_i/aster/inst/implementation/g_coherent.soc/cache/data[1][0][3][26]_i_1_n_0
    SLICE_X92Y25         FDRE                                         r  aster_linux_i/aster/inst/implementation/g_coherent.soc/cache/data_reg[0][15][3][26]/D
  -------------------------------------------------------------------    -------------------

                         (clock clk_fpga_0 rise edge)
                                                     32.000    32.000 r  
    PS7_X0Y0             PS7                          0.000    32.000 r  aster_linux_i/ps7/inst/PS7_i/FCLKCLK[0]
                         net (fo=1, routed)           1.088    33.088    aster_linux_i/ps7/inst/FCLK_CLK_unbuffered[0]
    BUFGCTRL_X0Y16       BUFG (Prop_bufg_I_O)         0.091    33.179 r  aster_linux_i/ps7/inst/buffer_fclk_clk_0.FCLK_CLK_0_BUFG/O
                         net (fo=11238, routed)       1.605    34.785    aster_linux_i/aster/inst/implementation/g_coherent.soc/cache/aclk
    SLICE_X92Y25         FDRE                                         r  aster_linux_i/aster/inst/implementation/g_coherent.soc/cache/data_reg[0][15][3][26]/C
                         clock pessimism              0.230    35.014    
                         clock uncertainty           -0.481    34.533    
    SLICE_X92Y25         FDRE (Setup_fdre_C_D)       -0.277    34.256    aster_linux_i/aster/inst/implementation/g_coherent.soc/cache/data_reg[0][15][3][26]
  -------------------------------------------------------------------
                         required time                         34.256    
                         arrival time                         -24.565    
  -------------------------------------------------------------------
                         slack                                  9.691    





Min Delay Paths
--------------------------------------------------------------------------------------
Slack (MET) :             0.047ns  (arrival time - required time)
  Source:                 aster_linux_i/fabric/s00_couplers/auto_pc/inst/gen_axilite.gen_b2s_conv.axilite_b2s/SI_REG/aw.aw_pipe/m_payload_i_reg[57]/C
                            (rising edge-triggered cell FDRE clocked by clk_fpga_0  {rise@0.000ns fall@16.000ns period=32.000ns})
  Destination:            aster_linux_i/fabric/s00_couplers/auto_pc/inst/gen_axilite.gen_b2s_conv.axilite_b2s/WR.aw_channel_0/s_awid_r_reg[7]/D
                            (rising edge-triggered cell FDRE clocked by clk_fpga_0  {rise@0.000ns fall@16.000ns period=32.000ns})
  Path Group:             clk_fpga_0
  Path Type:              Hold (Min at Fast Process Corner)
  Requirement:            0.000ns  (clk_fpga_0 rise@0.000ns - clk_fpga_0 rise@0.000ns)
  Data Path Delay:        0.253ns  (logic 0.128ns (50.634%)  route 0.125ns (49.366%))
  Logic Levels:           0  
  Clock Path Skew:        0.181ns (DCD - SCD - CPR)
    Destination Clock Delay (DCD):    1.211ns
    Source Clock Delay      (SCD):    0.995ns
    Clock Pessimism Removal (CPR):    0.035ns

    Location             Delay type                Incr(ns)  Path(ns)    Netlist Resource(s)
  -------------------------------------------------------------------    -------------------
                         (clock clk_fpga_0 rise edge)
                                                      0.000     0.000 r  
    PS7_X0Y0             PS7                          0.000     0.000 r  aster_linux_i/ps7/inst/PS7_i/FCLKCLK[0]
                         net (fo=1, routed)           0.310     0.310    aster_linux_i/ps7/inst/FCLK_CLK_unbuffered[0]
    BUFGCTRL_X0Y16       BUFG (Prop_bufg_I_O)         0.026     0.336 r  aster_linux_i/ps7/inst/buffer_fclk_clk_0.FCLK_CLK_0_BUFG/O
                         net (fo=11238, routed)       0.659     0.995    aster_linux_i/fabric/s00_couplers/auto_pc/inst/gen_axilite.gen_b2s_conv.axilite_b2s/SI_REG/aw.aw_pipe/aclk
    SLICE_X28Y100        FDRE                                         r  aster_linux_i/fabric/s00_couplers/auto_pc/inst/gen_axilite.gen_b2s_conv.axilite_b2s/SI_REG/aw.aw_pipe/m_payload_i_reg[57]/C
  -------------------------------------------------------------------    -------------------
    SLICE_X28Y100        FDRE (Prop_fdre_C_Q)         0.128     1.123 r  aster_linux_i/fabric/s00_couplers/auto_pc/inst/gen_axilite.gen_b2s_conv.axilite_b2s/SI_REG/aw.aw_pipe/m_payload_i_reg[57]/Q
                         net (fo=1, routed)           0.125     1.248    aster_linux_i/fabric/s00_couplers/auto_pc/inst/gen_axilite.gen_b2s_conv.axilite_b2s/WR.aw_channel_0/s_awid_r_reg[11]_0[26]
    SLICE_X29Y98         FDRE                                         r  aster_linux_i/fabric/s00_couplers/auto_pc/inst/gen_axilite.gen_b2s_conv.axilite_b2s/WR.aw_channel_0/s_awid_r_reg[7]/D
  -------------------------------------------------------------------    -------------------

                         (clock clk_fpga_0 rise edge)
                                                      0.000     0.000 r  
    PS7_X0Y0             PS7                          0.000     0.000 r  aster_linux_i/ps7/inst/PS7_i/FCLKCLK[0]
                         net (fo=1, routed)           0.337     0.337    aster_linux_i/ps7/inst/FCLK_CLK_unbuffered[0]
    BUFGCTRL_X0Y16       BUFG (Prop_bufg_I_O)         0.029     0.366 r  aster_linux_i/ps7/inst/buffer_fclk_clk_0.FCLK_CLK_0_BUFG/O
                         net (fo=11238, routed)       0.845     1.211    aster_linux_i/fabric/s00_couplers/auto_pc/inst/gen_axilite.gen_b2s_conv.axilite_b2s/WR.aw_channel_0/aclk
    SLICE_X29Y98         FDRE                                         r  aster_linux_i/fabric/s00_couplers/auto_pc/inst/gen_axilite.gen_b2s_conv.axilite_b2s/WR.aw_channel_0/s_awid_r_reg[7]/C
                         clock pessimism             -0.035     1.176    
    SLICE_X29Y98         FDRE (Hold_fdre_C_D)         0.025     1.201    aster_linux_i/fabric/s00_couplers/auto_pc/inst/gen_axilite.gen_b2s_conv.axilite_b2s/WR.aw_channel_0/s_awid_r_reg[7]
  -------------------------------------------------------------------
                         required time                         -1.201    
                         arrival time                           1.248    
  -------------------------------------------------------------------
                         slack                                  0.047    





Pulse Width Checks
--------------------------------------------------------------------------------------
Clock Name:         clk_fpga_0
Waveform(ns):       { 0.000 16.000 }
Period(ns):         32.000
Sources:            { aster_linux_i/ps7/inst/PS7_i/FCLKCLK[0] }

Check Type        Corner  Lib Pin             Reference Pin  Required(ns)  Actual(ns)  Slack(ns)  Location      Pin
Min Period        n/a     RAMB36E1/CLKARDCLK  n/a            2.944         32.000      29.056     RAMB36_X1Y3   aster_linux_i/aster/inst/implementation/g_coherent.soc/ram/g_sync_read.memory_reg_0_0/CLKARDCLK
Low Pulse Width   Slow    RAMD64E/CLK         n/a            1.250         16.000      14.750     SLICE_X30Y43  aster_linux_i/aster/inst/implementation/fifo_reg_0_63_0_2/RAMA/CLK
High Pulse Width  Slow    RAMD64E/CLK         n/a            1.250         16.000      14.750     SLICE_X30Y43  aster_linux_i/aster/inst/implementation/fifo_reg_0_63_0_2/RAMA/CLK



