NAMED-PATH-BEGIN d_rsp_valid_to_d_req_valid
Startpoint: d_rsp_valid (input port clocked by clk)
Endpoint: d_req_valid (output port clocked by clk)
Path Group: clk
Path Type: max

   Delay     Time   Description
-----------------------------------------------------------
   0.000    0.000   clock clk (rise edge)
   0.000    0.000   clock network delay (propagated)
   2.000    2.000 ^ input external delay
   0.013    2.013 ^ d_rsp_valid (in)
   0.176    2.189 ^ input35/X (sky130_fd_sc_hd__buf_2)
   0.402    2.590 ^ fanout3562/X (sky130_fd_sc_hd__buf_2)
   0.366    2.957 ^ fanout3560/X (sky130_fd_sc_hd__buf_2)
   0.075    3.032 v _19293_/Y (sky130_fd_sc_hd__nor2_4)
   0.142    3.174 v fanout1329/X (sky130_fd_sc_hd__buf_12)
   0.149    3.323 v fanout1328/X (sky130_fd_sc_hd__buf_6)
   0.149    3.472 v fanout1327/X (sky130_fd_sc_hd__buf_12)
   0.170    3.642 v fanout1326/X (sky130_fd_sc_hd__clkbuf_4)
   0.153    3.796 v fanout1325/X (sky130_fd_sc_hd__buf_8)
   0.241    4.036 ^ _19300_/Y (sky130_fd_sc_hd__o21ai_4)
   0.230    4.266 ^ _19307_/X (sky130_fd_sc_hd__and3_2)
   0.191    4.457 ^ _19326_/X (sky130_fd_sc_hd__o211a_2)
   0.295    4.752 ^ _19327_/X (sky130_fd_sc_hd__and2_2)
   0.279    5.031 ^ output109/X (sky130_fd_sc_hd__buf_2)
   0.001    5.031 ^ d_req_valid (out)
            5.031   data arrival time

  10.000   10.000   clock clk (rise edge)
   0.000   10.000   clock network delay (propagated)
  -0.250    9.750   clock uncertainty
   0.000    9.750   clock reconvergence pessimism
  -2.000    7.750   output external delay
            7.750   data required time
-----------------------------------------------------------
            7.750   data required time
           -5.031   data arrival time
-----------------------------------------------------------
            2.719   slack (MET)


NAMED-PATH-END
NAMED-PATH-BEGIN d_rsp_error_to_d_req_valid
Startpoint: d_rsp_error (input port clocked by clk)
Endpoint: d_req_valid (output port clocked by clk)
Path Group: clk
Path Type: max

   Delay     Time   Description
-----------------------------------------------------------
   0.000    0.000   clock clk (rise edge)
   0.000    0.000   clock network delay (propagated)
   2.000    2.000 v input external delay
   0.005    2.005 v d_rsp_error (in)
   0.184    2.189 v input2/X (sky130_fd_sc_hd__buf_2)
   0.219    2.408 v _19296_/Y (sky130_fd_sc_hd__nand2b_2)
   0.198    2.606 v _19297_/X (sky130_fd_sc_hd__o211a_2)
   0.428    3.033 v _19298_/X (sky130_fd_sc_hd__or2_2)
   0.300    3.333 ^ _19300_/Y (sky130_fd_sc_hd__o21ai_4)
   0.230    3.563 ^ _19307_/X (sky130_fd_sc_hd__and3_2)
   0.191    3.754 ^ _19326_/X (sky130_fd_sc_hd__o211a_2)
   0.295    4.049 ^ _19327_/X (sky130_fd_sc_hd__and2_2)
   0.279    4.328 ^ output109/X (sky130_fd_sc_hd__buf_2)
   0.001    4.328 ^ d_req_valid (out)
            4.328   data arrival time

  10.000   10.000   clock clk (rise edge)
   0.000   10.000   clock network delay (propagated)
  -0.250    9.750   clock uncertainty
   0.000    9.750   clock reconvergence pessimism
  -2.000    7.750   output external delay
            7.750   data required time
-----------------------------------------------------------
            7.750   data required time
           -4.328   data arrival time
-----------------------------------------------------------
            3.422   slack (MET)


NAMED-PATH-END
