NAMED-PATH-BEGIN d_rsp_valid_to_d_req_valid
Startpoint: d_rsp_valid (input port clocked by clk)
Endpoint: d_req_valid (output port clocked by clk)
Path Group: clk
Path Type: max

   Delay     Time   Description
-----------------------------------------------------------
   0.000    0.000   clock clk (rise edge)
   0.000    0.000   clock network delay (propagated)
   2.000    2.000 ^ input external delay
   0.012    2.012 ^ d_rsp_valid (in)
   0.298    2.310 ^ input35/X (sky130_fd_sc_hd__buf_2)
   0.332    2.642 ^ fanout1816/X (sky130_fd_sc_hd__buf_2)
   0.296    2.938 v _07762_/X (sky130_fd_sc_hd__and4bb_4)
   0.206    3.144 v fanout975/X (sky130_fd_sc_hd__clkbuf_4)
   0.246    3.390 ^ _07765_/Y (sky130_fd_sc_hd__nand2_2)
   0.252    3.642 ^ _07770_/X (sky130_fd_sc_hd__and3_4)
   0.199    3.841 ^ fanout425/X (sky130_fd_sc_hd__buf_6)
   0.362    4.203 ^ _07771_/X (sky130_fd_sc_hd__and4_4)
   0.161    4.364 ^ output109/X (sky130_fd_sc_hd__buf_8)
   0.002    4.366 ^ d_req_valid (out)
            4.366   data arrival time

  10.000   10.000   clock clk (rise edge)
   0.000   10.000   clock network delay (propagated)
  -0.250    9.750   clock uncertainty
   0.000    9.750   clock reconvergence pessimism
  -2.000    7.750   output external delay
            7.750   data required time
-----------------------------------------------------------
            7.750   data required time
           -4.366   data arrival time
-----------------------------------------------------------
            3.384   slack (MET)


NAMED-PATH-END
NAMED-PATH-BEGIN d_rsp_error_to_d_req_valid
Startpoint: d_rsp_error (input port clocked by clk)
Endpoint: d_req_valid (output port clocked by clk)
Path Group: clk
Path Type: max

   Delay     Time   Description
-----------------------------------------------------------
   0.000    0.000   clock clk (rise edge)
   0.000    0.000   clock network delay (propagated)
   2.000    2.000 v input external delay
   0.005    2.005 v d_rsp_error (in)
   0.216    2.221 v input2/X (sky130_fd_sc_hd__buf_2)
   0.262    2.483 v _07756_/Y (sky130_fd_sc_hd__nand2b_2)
   0.167    2.650 v _07757_/X (sky130_fd_sc_hd__o211a_2)
   0.256    2.906 ^ _07760_/Y (sky130_fd_sc_hd__o21ai_2)
   0.231    3.137 ^ fanout577/X (sky130_fd_sc_hd__buf_6)
   0.234    3.371 ^ _07770_/X (sky130_fd_sc_hd__and3_4)
   0.199    3.571 ^ fanout425/X (sky130_fd_sc_hd__buf_6)
   0.362    3.932 ^ _07771_/X (sky130_fd_sc_hd__and4_4)
   0.161    4.094 ^ output109/X (sky130_fd_sc_hd__buf_8)
   0.002    4.096 ^ d_req_valid (out)
            4.096   data arrival time

  10.000   10.000   clock clk (rise edge)
   0.000   10.000   clock network delay (propagated)
  -0.250    9.750   clock uncertainty
   0.000    9.750   clock reconvergence pessimism
  -2.000    7.750   output external delay
            7.750   data required time
-----------------------------------------------------------
            7.750   data required time
           -4.096   data arrival time
-----------------------------------------------------------
            3.654   slack (MET)


NAMED-PATH-END
