NAMED-PATH-BEGIN d_rsp_valid_to_d_req_valid
Startpoint: d_rsp_valid (input port clocked by clk)
Endpoint: d_req_valid (output port clocked by clk)
Path Group: clk
Path Type: max

   Delay     Time   Description
-----------------------------------------------------------
   0.000    0.000   clock clk (rise edge)
   0.000    0.000   clock network delay (propagated)
   2.000    2.000 ^ input external delay
   0.026    2.026 ^ d_rsp_valid (in)
   0.084    2.109 ^ hold3810/X (sky130_fd_sc_hd__clkbuf_1)
   0.251    2.360 ^ input35/X (sky130_fd_sc_hd__buf_2)
   0.358    2.718 ^ fanout2844/X (sky130_fd_sc_hd__buf_2)
   0.235    2.953 ^ _14384_/X (sky130_fd_sc_hd__or3b_4)
   0.175    3.128 ^ fanout1277/X (sky130_fd_sc_hd__buf_12)
   0.124    3.252 ^ fanout1275/X (sky130_fd_sc_hd__buf_12)
   0.177    3.430 ^ fanout1273/X (sky130_fd_sc_hd__buf_8)
   0.169    3.599 v _14389_/Y (sky130_fd_sc_hd__o2111ai_4)
   0.187    3.786 ^ _14390_/Y (sky130_fd_sc_hd__nor2_4)
   0.304    4.090 ^ _14391_/X (sky130_fd_sc_hd__and3_4)
   0.159    4.249 ^ output109/X (sky130_fd_sc_hd__buf_8)
   0.001    4.250 ^ d_req_valid (out)
            4.250   data arrival time

  10.000   10.000   clock clk (rise edge)
   0.000   10.000   clock network delay (propagated)
  -0.250    9.750   clock uncertainty
   0.000    9.750   clock reconvergence pessimism
  -2.000    7.750   output external delay
            7.750   data required time
-----------------------------------------------------------
            7.750   data required time
           -4.250   data arrival time
-----------------------------------------------------------
            3.500   slack (MET)


NAMED-PATH-END
NAMED-PATH-BEGIN d_rsp_error_to_d_req_valid
Startpoint: d_rsp_error (input port clocked by clk)
Endpoint: d_req_valid (output port clocked by clk)
Path Group: clk
Path Type: max

   Delay     Time   Description
-----------------------------------------------------------
   0.000    0.000   clock clk (rise edge)
   0.000    0.000   clock network delay (propagated)
   2.000    2.000 v input external delay
   0.007    2.007 v d_rsp_error (in)
   0.091    2.098 v hold3792/X (sky130_fd_sc_hd__clkbuf_1)
   0.175    2.273 v input2/X (sky130_fd_sc_hd__buf_2)
   0.200    2.473 v hold3793/X (sky130_fd_sc_hd__clkbuf_1)
   0.252    2.725 v _14375_/Y (sky130_fd_sc_hd__nand2b_2)
   0.145    2.870 v _14376_/X (sky130_fd_sc_hd__o211a_2)
   0.318    3.189 ^ _14378_/Y (sky130_fd_sc_hd__o21ai_2)
   0.225    3.414 v _14389_/Y (sky130_fd_sc_hd__o2111ai_4)
   0.187    3.601 ^ _14390_/Y (sky130_fd_sc_hd__nor2_4)
   0.304    3.905 ^ _14391_/X (sky130_fd_sc_hd__and3_4)
   0.159    4.064 ^ output109/X (sky130_fd_sc_hd__buf_8)
   0.001    4.065 ^ d_req_valid (out)
            4.065   data arrival time

  10.000   10.000   clock clk (rise edge)
   0.000   10.000   clock network delay (propagated)
  -0.250    9.750   clock uncertainty
   0.000    9.750   clock reconvergence pessimism
  -2.000    7.750   output external delay
            7.750   data required time
-----------------------------------------------------------
            7.750   data required time
           -4.065   data arrival time
-----------------------------------------------------------
            3.685   slack (MET)


NAMED-PATH-END
