NAMED-PATH-BEGIN d_rsp_valid_to_d_req_valid
Startpoint: d_rsp_valid (input port clocked by clk)
Endpoint: d_req_valid (output port clocked by clk)
Path Group: clk
Path Type: max

   Delay     Time   Description
-----------------------------------------------------------
   0.000    0.000   clock clk (rise edge)
   0.000    0.000   clock network delay (propagated)
   2.000    2.000 v input external delay
   0.003    2.003 v d_rsp_valid (in)
   0.090    2.093 v input35/X (sky130_fd_sc_hd__clkbuf_2)
   0.115    2.208 v wire3559/X (sky130_fd_sc_hd__buf_6)
   0.387    2.595 v _07868_/X (sky130_fd_sc_hd__or3b_2)
   0.188    2.783 v _07871_/X (sky130_fd_sc_hd__and4b_2)
   0.143    2.926 v rebuffer3655/X (sky130_fd_sc_hd__buf_2)
   0.194    3.121 v _07873_/X (sky130_fd_sc_hd__and4_2)
   0.084    3.205 v output109/X (sky130_fd_sc_hd__clkbuf_1)
   0.128    3.333 v wire532/X (sky130_fd_sc_hd__clkbuf_4)
   0.001    3.333 v d_req_valid (out)
            3.333   data arrival time

  10.000   10.000   clock clk (rise edge)
   0.000   10.000   clock network delay (propagated)
  -0.250    9.750   clock uncertainty
   0.000    9.750   clock reconvergence pessimism
  -2.000    7.750   output external delay
            7.750   data required time
-----------------------------------------------------------
            7.750   data required time
           -3.333   data arrival time
-----------------------------------------------------------
            4.417   slack (MET)


NAMED-PATH-END
NAMED-PATH-BEGIN d_rsp_error_to_d_req_valid
Startpoint: d_rsp_error (input port clocked by clk)
Endpoint: d_req_valid (output port clocked by clk)
Path Group: clk
Path Type: max

   Delay     Time   Description
-----------------------------------------------------------
   0.000    0.000   clock clk (rise edge)
   0.000    0.000   clock network delay (propagated)
   2.000    2.000 v input external delay
   0.005    2.005 v d_rsp_error (in)
   0.074    2.079 v input2/X (sky130_fd_sc_hd__clkbuf_1)
   0.122    2.201 v wire3560/X (sky130_fd_sc_hd__clkbuf_4)
   0.125    2.325 v _07857_/Y (sky130_fd_sc_hd__nand2b_2)
   0.112    2.438 v _07858_/X (sky130_fd_sc_hd__o211a_2)
   0.093    2.531 ^ _07859_/Y (sky130_fd_sc_hd__o21ai_2)
   0.133    2.665 ^ fanout1328/X (sky130_fd_sc_hd__buf_1)
   0.241    2.906 ^ fanout1327/X (sky130_fd_sc_hd__clkbuf_2)
   0.185    3.091 ^ _07871_/X (sky130_fd_sc_hd__and4b_2)
   0.183    3.274 ^ rebuffer3655/X (sky130_fd_sc_hd__buf_2)
   0.256    3.530 ^ _07873_/X (sky130_fd_sc_hd__and4_2)
   0.074    3.603 ^ output109/X (sky130_fd_sc_hd__clkbuf_1)
   0.139    3.742 ^ wire532/X (sky130_fd_sc_hd__clkbuf_4)
   0.001    3.742 ^ d_req_valid (out)
            3.742   data arrival time

  10.000   10.000   clock clk (rise edge)
   0.000   10.000   clock network delay (propagated)
  -0.250    9.750   clock uncertainty
   0.000    9.750   clock reconvergence pessimism
  -2.000    7.750   output external delay
            7.750   data required time
-----------------------------------------------------------
            7.750   data required time
           -3.742   data arrival time
-----------------------------------------------------------
            4.008   slack (MET)


NAMED-PATH-END
