NAMED-PATH-BEGIN d_rsp_valid_to_d_req_valid
Startpoint: d_rsp_valid (input port clocked by clk)
Endpoint: d_req_valid (output port clocked by clk)
Path Group: clk
Path Type: max

   Delay     Time   Description
-----------------------------------------------------------
   0.000    0.000   clock clk (rise edge)
   0.000    0.000   clock network delay (propagated)
   2.000    2.000 ^ input external delay
   0.013    2.013 ^ d_rsp_valid (in)
   0.196    2.210 ^ input35/X (sky130_fd_sc_hd__clkbuf_2)
   0.180    2.390 ^ wire3049/X (sky130_fd_sc_hd__buf_12)
   0.237    2.627 ^ fanout3048/X (sky130_fd_sc_hd__buf_6)
   0.271    2.898 ^ fanout3047/X (sky130_fd_sc_hd__buf_4)
   0.276    3.174 ^ fanout3046/X (sky130_fd_sc_hd__clkbuf_4)
   0.100    3.274 v _14918_/Y (sky130_fd_sc_hd__nor2_4)
   0.338    3.612 ^ _14925_/Y (sky130_fd_sc_hd__o31ai_4)
   0.205    3.818 ^ wire856/X (sky130_fd_sc_hd__buf_6)
   0.134    3.951 v _14932_/Y (sky130_fd_sc_hd__o2111ai_4)
   0.176    4.127 v wire645/X (sky130_fd_sc_hd__buf_6)
   0.115    4.243 v rebuffer3082/X (sky130_fd_sc_hd__buf_6)
   0.280    4.523 ^ _14933_/Y (sky130_fd_sc_hd__nor3_4)
   0.184    4.707 ^ wire436/X (sky130_fd_sc_hd__buf_6)
   0.137    4.844 ^ output109/X (sky130_fd_sc_hd__buf_8)
   0.002    4.846 ^ d_req_valid (out)
            4.846   data arrival time

  10.000   10.000   clock clk (rise edge)
   0.000   10.000   clock network delay (propagated)
  -0.250    9.750   clock uncertainty
   0.000    9.750   clock reconvergence pessimism
  -2.000    7.750   output external delay
            7.750   data required time
-----------------------------------------------------------
            7.750   data required time
           -4.846   data arrival time
-----------------------------------------------------------
            2.904   slack (MET)


NAMED-PATH-END
NAMED-PATH-BEGIN d_rsp_error_to_d_req_valid
Startpoint: d_rsp_error (input port clocked by clk)
Endpoint: d_req_valid (output port clocked by clk)
Path Group: clk
Path Type: max

   Delay     Time   Description
-----------------------------------------------------------
   0.000    0.000   clock clk (rise edge)
   0.000    0.000   clock network delay (propagated)
   2.000    2.000 v input external delay
   0.008    2.008 v d_rsp_error (in)
   0.072    2.079 v hold3947/X (sky130_fd_sc_hd__clkbuf_1)
   0.161    2.240 v input2/X (sky130_fd_sc_hd__buf_2)
   0.208    2.449 v hold3948/X (sky130_fd_sc_hd__clkbuf_1)
   0.262    2.711 v _14922_/Y (sky130_fd_sc_hd__nand2b_2)
   0.219    2.930 v _14923_/X (sky130_fd_sc_hd__o211a_2)
   0.305    3.235 ^ _14925_/Y (sky130_fd_sc_hd__o31ai_4)
   0.205    3.440 ^ wire856/X (sky130_fd_sc_hd__buf_6)
   0.134    3.574 v _14932_/Y (sky130_fd_sc_hd__o2111ai_4)
   0.176    3.750 v wire645/X (sky130_fd_sc_hd__buf_6)
   0.115    3.865 v rebuffer3082/X (sky130_fd_sc_hd__buf_6)
   0.280    4.146 ^ _14933_/Y (sky130_fd_sc_hd__nor3_4)
   0.184    4.330 ^ wire436/X (sky130_fd_sc_hd__buf_6)
   0.137    4.466 ^ output109/X (sky130_fd_sc_hd__buf_8)
   0.002    4.468 ^ d_req_valid (out)
            4.468   data arrival time

  10.000   10.000   clock clk (rise edge)
   0.000   10.000   clock network delay (propagated)
  -0.250    9.750   clock uncertainty
   0.000    9.750   clock reconvergence pessimism
  -2.000    7.750   output external delay
            7.750   data required time
-----------------------------------------------------------
            7.750   data required time
           -4.468   data arrival time
-----------------------------------------------------------
            3.282   slack (MET)


NAMED-PATH-END
