NAMED-PATH-BEGIN d_rsp_valid_to_d_req_valid
Startpoint: d_rsp_valid (input port clocked by clk)
Endpoint: d_req_valid (output port clocked by clk)
Path Group: clk
Path Type: max

   Delay     Time   Description
-----------------------------------------------------------
   0.000    0.000   clock clk (rise edge)
   0.000    0.000   clock network delay (propagated)
   2.000    2.000 ^ input external delay
   0.017    2.017 ^ d_rsp_valid (in)
   0.554    2.571 ^ input35/X (sky130_fd_sc_hd__dlymetal6s4s_1)
   0.529    3.099 ^ _07842_/Y (sky130_fd_sc_hd__nand2b_4)
   0.456    3.556 ^ fanout1038/X (sky130_fd_sc_hd__buf_2)
   0.477    4.033 v _07846_/X (sky130_fd_sc_hd__and4bb_4)
   0.445    4.477 v fanout944/X (sky130_fd_sc_hd__clkbuf_4)
   0.494    4.972 ^ _07848_/Y (sky130_fd_sc_hd__a221oi_2)
   0.362    5.334 v _07849_/Y (sky130_fd_sc_hd__nand4_4)
   0.970    6.303 ^ _07850_/X (sky130_fd_sc_hd__and4b_2)
   1.576    7.880 ^ output109/X (sky130_fd_sc_hd__dlygate4sd3_1)
   0.000    7.880 ^ d_req_valid (out)
            7.880   data arrival time

  10.000   10.000   clock clk (rise edge)
   0.000   10.000   clock network delay (propagated)
  -0.250    9.750   clock uncertainty
   0.000    9.750   clock reconvergence pessimism
  -2.000    7.750   output external delay
            7.750   data required time
-----------------------------------------------------------
            7.750   data required time
           -7.880   data arrival time
-----------------------------------------------------------
           -0.130   slack (VIOLATED)


NAMED-PATH-END
NAMED-PATH-BEGIN d_rsp_error_to_d_req_valid
Startpoint: d_rsp_error (input port clocked by clk)
Endpoint: d_req_valid (output port clocked by clk)
Path Group: clk
Path Type: max

   Delay     Time   Description
-----------------------------------------------------------
   0.000    0.000   clock clk (rise edge)
   0.000    0.000   clock network delay (propagated)
   2.000    2.000 v input external delay
   0.009    2.009 v d_rsp_error (in)
   0.802    2.811 v input2/X (sky130_fd_sc_hd__dlymetal6s4s_1)
   0.590    3.401 v _07832_/Y (sky130_fd_sc_hd__nand2b_2)
   0.326    3.727 v _07833_/X (sky130_fd_sc_hd__o211a_2)
   0.340    4.066 ^ _07835_/Y (sky130_fd_sc_hd__o21ai_4)
   0.318    4.384 ^ load_slew592/X (sky130_fd_sc_hd__buf_6)
   0.269    4.654 v _07849_/Y (sky130_fd_sc_hd__nand4_4)
   0.970    5.623 ^ _07850_/X (sky130_fd_sc_hd__and4b_2)
   1.576    7.199 ^ output109/X (sky130_fd_sc_hd__dlygate4sd3_1)
   0.000    7.200 ^ d_req_valid (out)
            7.200   data arrival time

  10.000   10.000   clock clk (rise edge)
   0.000   10.000   clock network delay (propagated)
  -0.250    9.750   clock uncertainty
   0.000    9.750   clock reconvergence pessimism
  -2.000    7.750   output external delay
            7.750   data required time
-----------------------------------------------------------
            7.750   data required time
           -7.200   data arrival time
-----------------------------------------------------------
            0.550   slack (MET)


NAMED-PATH-END
