NAMED-PATH-BEGIN d_rsp_valid_to_d_req_valid
Startpoint: d_rsp_valid (input port clocked by clk)
Endpoint: d_req_valid (output port clocked by clk)
Path Group: clk
Path Type: max

   Delay     Time   Description
-----------------------------------------------------------
   0.000    0.000   clock clk (rise edge)
   0.000    0.000   clock network delay (propagated)
   2.000    2.000 ^ input external delay
   0.014    2.014 ^ d_rsp_valid (in)
   0.314    2.327 ^ input35/X (sky130_fd_sc_hd__clkbuf_2)
   0.352    2.679 ^ fanout3018/X (sky130_fd_sc_hd__clkbuf_2)
   0.308    2.987 v _07762_/X (sky130_fd_sc_hd__and4bb_4)
   0.199    3.187 v fanout1533/X (sky130_fd_sc_hd__clkbuf_4)
   0.175    3.362 v fanout1532/X (sky130_fd_sc_hd__buf_6)
   0.240    3.601 ^ _07765_/Y (sky130_fd_sc_hd__nand2_2)
   0.265    3.866 ^ _07770_/X (sky130_fd_sc_hd__and3_4)
   0.170    4.036 ^ rebuffer3046/X (sky130_fd_sc_hd__buf_8)
   0.349    4.385 ^ _07771_/X (sky130_fd_sc_hd__and4_4)
   0.161    4.546 ^ output109/X (sky130_fd_sc_hd__buf_8)
   0.002    4.548 ^ d_req_valid (out)
            4.548   data arrival time

  10.000   10.000   clock clk (rise edge)
   0.000   10.000   clock network delay (propagated)
  -0.250    9.750   clock uncertainty
   0.000    9.750   clock reconvergence pessimism
  -2.000    7.750   output external delay
            7.750   data required time
-----------------------------------------------------------
            7.750   data required time
           -4.548   data arrival time
-----------------------------------------------------------
            3.202   slack (MET)


NAMED-PATH-END
NAMED-PATH-BEGIN d_rsp_error_to_d_req_valid
Startpoint: d_rsp_error (input port clocked by clk)
Endpoint: d_req_valid (output port clocked by clk)
Path Group: clk
Path Type: max

   Delay     Time   Description
-----------------------------------------------------------
   0.000    0.000   clock clk (rise edge)
   0.000    0.000   clock network delay (propagated)
   2.000    2.000 v input external delay
   0.007    2.007 v d_rsp_error (in)
   0.215    2.222 v input2/X (sky130_fd_sc_hd__buf_2)
   0.267    2.489 v _07756_/Y (sky130_fd_sc_hd__nand2b_2)
   0.177    2.666 v _07757_/X (sky130_fd_sc_hd__o211a_2)
   0.197    2.863 ^ _07760_/Y (sky130_fd_sc_hd__o21ai_4)
   0.169    3.032 ^ rebuffer4995/X (sky130_fd_sc_hd__buf_6)
   0.188    3.220 ^ load_slew757/X (sky130_fd_sc_hd__buf_4)
   0.233    3.453 ^ _07770_/X (sky130_fd_sc_hd__and3_4)
   0.170    3.623 ^ rebuffer3046/X (sky130_fd_sc_hd__buf_8)
   0.349    3.972 ^ _07771_/X (sky130_fd_sc_hd__and4_4)
   0.161    4.133 ^ output109/X (sky130_fd_sc_hd__buf_8)
   0.002    4.135 ^ d_req_valid (out)
            4.135   data arrival time

  10.000   10.000   clock clk (rise edge)
   0.000   10.000   clock network delay (propagated)
  -0.250    9.750   clock uncertainty
   0.000    9.750   clock reconvergence pessimism
  -2.000    7.750   output external delay
            7.750   data required time
-----------------------------------------------------------
            7.750   data required time
           -4.135   data arrival time
-----------------------------------------------------------
            3.615   slack (MET)


NAMED-PATH-END
