NAMED-PATH-BEGIN d_rsp_valid_to_d_req_valid
Startpoint: d_rsp_valid (input port clocked by clk)
Endpoint: d_req_valid (output port clocked by clk)
Path Group: clk
Path Type: max

   Delay     Time   Description
-----------------------------------------------------------
   0.000    0.000   clock clk (rise edge)
   0.000    0.000   clock network delay (propagated)
   2.000    2.000 ^ input external delay
   0.013    2.013 ^ d_rsp_valid (in)
   0.302    2.316 ^ input35/X (sky130_fd_sc_hd__clkbuf_2)
   0.330    2.646 ^ fanout2898/X (sky130_fd_sc_hd__clkbuf_2)
   0.312    2.958 ^ fanout2897/X (sky130_fd_sc_hd__clkbuf_2)
   0.304    3.263 v _07762_/X (sky130_fd_sc_hd__and4bb_2)
   0.212    3.475 v fanout1480/X (sky130_fd_sc_hd__clkbuf_4)
   0.264    3.739 v fanout1479/X (sky130_fd_sc_hd__clkbuf_2)
   0.222    3.962 ^ _07765_/Y (sky130_fd_sc_hd__nand2_4)
   0.231    4.193 ^ _07770_/X (sky130_fd_sc_hd__and3_4)
   0.202    4.394 ^ fanout556/X (sky130_fd_sc_hd__buf_6)
   0.398    4.793 ^ _07771_/X (sky130_fd_sc_hd__and4_2)
   0.457    5.250 ^ output109/X (sky130_fd_sc_hd__dlymetal6s4s_1)
   0.001    5.251 ^ d_req_valid (out)
            5.251   data arrival time

  10.000   10.000   clock clk (rise edge)
   0.000   10.000   clock network delay (propagated)
  -0.250    9.750   clock uncertainty
   0.000    9.750   clock reconvergence pessimism
  -2.000    7.750   output external delay
            7.750   data required time
-----------------------------------------------------------
            7.750   data required time
           -5.251   data arrival time
-----------------------------------------------------------
            2.499   slack (MET)


NAMED-PATH-END
NAMED-PATH-BEGIN d_rsp_error_to_d_req_valid
Startpoint: d_rsp_error (input port clocked by clk)
Endpoint: d_req_valid (output port clocked by clk)
Path Group: clk
Path Type: max

   Delay     Time   Description
-----------------------------------------------------------
   0.000    0.000   clock clk (rise edge)
   0.000    0.000   clock network delay (propagated)
   2.000    2.000 v input external delay
   0.006    2.006 v d_rsp_error (in)
   0.155    2.162 v input2/X (sky130_fd_sc_hd__clkbuf_1)
   0.177    2.338 v wire2899/X (sky130_fd_sc_hd__buf_6)
   0.206    2.544 v _07756_/Y (sky130_fd_sc_hd__nand2b_2)
   0.167    2.711 v _07757_/X (sky130_fd_sc_hd__o211a_2)
   0.288    2.999 ^ _07760_/Y (sky130_fd_sc_hd__o21ai_4)
   0.277    3.276 ^ fanout751/X (sky130_fd_sc_hd__clkbuf_2)
   0.162    3.438 ^ load_slew753/X (sky130_fd_sc_hd__buf_6)
   0.205    3.643 ^ _07770_/X (sky130_fd_sc_hd__and3_4)
   0.202    3.845 ^ fanout556/X (sky130_fd_sc_hd__buf_6)
   0.398    4.243 ^ _07771_/X (sky130_fd_sc_hd__and4_2)
   0.457    4.700 ^ output109/X (sky130_fd_sc_hd__dlymetal6s4s_1)
   0.001    4.701 ^ d_req_valid (out)
            4.701   data arrival time

  10.000   10.000   clock clk (rise edge)
   0.000   10.000   clock network delay (propagated)
  -0.250    9.750   clock uncertainty
   0.000    9.750   clock reconvergence pessimism
  -2.000    7.750   output external delay
            7.750   data required time
-----------------------------------------------------------
            7.750   data required time
           -4.701   data arrival time
-----------------------------------------------------------
            3.049   slack (MET)


NAMED-PATH-END
