NAMED-PATH-BEGIN d_rsp_valid_to_d_req_valid
Startpoint: d_rsp_valid (input port clocked by clk)
Endpoint: d_req_valid (output port clocked by clk)
Path Group: clk
Path Type: max

   Delay     Time   Description
-----------------------------------------------------------
   0.000    0.000   clock clk (rise edge)
   0.000    0.000   clock network delay (propagated)
   2.000    2.000 ^ input external delay
   0.012    2.012 ^ d_rsp_valid (in)
   0.278    2.289 ^ input35/X (sky130_fd_sc_hd__buf_2)
   0.312    2.602 ^ fanout1786/X (sky130_fd_sc_hd__clkbuf_4)
   0.285    2.886 ^ fanout1785/X (sky130_fd_sc_hd__buf_2)
   0.322    3.208 v _07762_/X (sky130_fd_sc_hd__and4bb_2)
   0.176    3.384 v fanout994/X (sky130_fd_sc_hd__buf_12)
   0.165    3.549 v fanout980/X (sky130_fd_sc_hd__buf_6)
   0.166    3.715 v fanout979/X (sky130_fd_sc_hd__buf_6)
   0.122    3.837 ^ _07765_/Y (sky130_fd_sc_hd__nand2_8)
   0.230    4.068 ^ _07770_/X (sky130_fd_sc_hd__and3_4)
   0.182    4.249 ^ fanout438/X (sky130_fd_sc_hd__buf_8)
   0.346    4.595 ^ _07771_/X (sky130_fd_sc_hd__and4_4)
   0.160    4.755 ^ output109/X (sky130_fd_sc_hd__buf_8)
   0.002    4.757 ^ d_req_valid (out)
            4.757   data arrival time

  10.000   10.000   clock clk (rise edge)
   0.000   10.000   clock network delay (propagated)
  -0.250    9.750   clock uncertainty
   0.000    9.750   clock reconvergence pessimism
  -2.000    7.750   output external delay
            7.750   data required time
-----------------------------------------------------------
            7.750   data required time
           -4.757   data arrival time
-----------------------------------------------------------
            2.993   slack (MET)


NAMED-PATH-END
NAMED-PATH-BEGIN d_rsp_error_to_d_req_valid
Startpoint: d_rsp_error (input port clocked by clk)
Endpoint: d_req_valid (output port clocked by clk)
Path Group: clk
Path Type: max

   Delay     Time   Description
-----------------------------------------------------------
   0.000    0.000   clock clk (rise edge)
   0.000    0.000   clock network delay (propagated)
   2.000    2.000 v input external delay
   0.005    2.005 v d_rsp_error (in)
   0.185    2.191 v input2/X (sky130_fd_sc_hd__buf_2)
   0.245    2.436 v _07756_/Y (sky130_fd_sc_hd__nand2b_2)
   0.168    2.604 v _07757_/X (sky130_fd_sc_hd__o211a_2)
   0.244    2.848 ^ _07760_/Y (sky130_fd_sc_hd__o21ai_4)
   0.149    2.997 ^ fanout588/X (sky130_fd_sc_hd__buf_12)
   0.196    3.193 ^ fanout587/X (sky130_fd_sc_hd__buf_6)
   0.256    3.450 ^ _07770_/X (sky130_fd_sc_hd__and3_4)
   0.182    3.631 ^ fanout438/X (sky130_fd_sc_hd__buf_8)
   0.346    3.977 ^ _07771_/X (sky130_fd_sc_hd__and4_4)
   0.160    4.137 ^ output109/X (sky130_fd_sc_hd__buf_8)
   0.002    4.139 ^ d_req_valid (out)
            4.139   data arrival time

  10.000   10.000   clock clk (rise edge)
   0.000   10.000   clock network delay (propagated)
  -0.250    9.750   clock uncertainty
   0.000    9.750   clock reconvergence pessimism
  -2.000    7.750   output external delay
            7.750   data required time
-----------------------------------------------------------
            7.750   data required time
           -4.139   data arrival time
-----------------------------------------------------------
            3.611   slack (MET)


NAMED-PATH-END
