NAMED-PATH-BEGIN d_rsp_valid_to_d_req_valid
Startpoint: d_rsp_valid (input port clocked by clk)
Endpoint: d_req_valid (output port clocked by clk)
Path Group: clk
Path Type: max

   Delay     Time   Description
-----------------------------------------------------------
   0.000    0.000   clock clk (rise edge)
   0.000    0.000   clock network delay (propagated)
   2.500    2.500 ^ input external delay
   0.011    2.511 ^ d_rsp_valid (in)
   0.139    2.649 ^ input35/X (sky130_fd_sc_hd__clkbuf_2)
   0.110    2.759 ^ wire2877/X (sky130_fd_sc_hd__buf_12)
   0.046    2.806 v _14250_/Y (sky130_fd_sc_hd__nor2_2)
   0.105    2.910 v fanout1286/X (sky130_fd_sc_hd__buf_6)
   0.108    3.019 v fanout1285/X (sky130_fd_sc_hd__buf_6)
   0.113    3.132 v fanout1284/X (sky130_fd_sc_hd__buf_6)
   0.213    3.344 ^ _14254_/Y (sky130_fd_sc_hd__o31ai_4)
   0.057    3.401 v _14259_/Y (sky130_fd_sc_hd__o211ai_4)
   0.255    3.656 ^ _14261_/X (sky130_fd_sc_hd__and4bb_4)
   0.167    3.823 ^ output109/X (sky130_fd_sc_hd__buf_2)
   0.000    3.823 ^ d_req_valid (out)
            3.823   data arrival time

  12.500   12.500   clock clk (rise edge)
   0.000   12.500   clock network delay (propagated)
  -0.250   12.250   clock uncertainty
   0.000   12.250   clock reconvergence pessimism
  -2.500    9.750   output external delay
            9.750   data required time
-----------------------------------------------------------
            9.750   data required time
           -3.823   data arrival time
-----------------------------------------------------------
            5.927   slack (MET)


NAMED-PATH-END
NAMED-PATH-BEGIN d_rsp_error_to_d_req_valid
Startpoint: d_rsp_error (input port clocked by clk)
Endpoint: d_req_valid (output port clocked by clk)
Path Group: clk
Path Type: max

   Delay     Time   Description
-----------------------------------------------------------
   0.000    0.000   clock clk (rise edge)
   0.000    0.000   clock network delay (propagated)
   2.500    2.500 v input external delay
   0.002    2.502 v d_rsp_error (in)
   0.105    2.607 v input2/X (sky130_fd_sc_hd__buf_2)
   0.137    2.744 v _14245_/Y (sky130_fd_sc_hd__nand2b_2)
   0.120    2.865 v _14246_/X (sky130_fd_sc_hd__o211a_2)
   0.253    3.117 ^ _14254_/Y (sky130_fd_sc_hd__o31ai_4)
   0.057    3.174 v _14259_/Y (sky130_fd_sc_hd__o211ai_4)
   0.255    3.429 ^ _14261_/X (sky130_fd_sc_hd__and4bb_4)
   0.167    3.596 ^ output109/X (sky130_fd_sc_hd__buf_2)
   0.000    3.596 ^ d_req_valid (out)
            3.596   data arrival time

  12.500   12.500   clock clk (rise edge)
   0.000   12.500   clock network delay (propagated)
  -0.250   12.250   clock uncertainty
   0.000   12.250   clock reconvergence pessimism
  -2.500    9.750   output external delay
            9.750   data required time
-----------------------------------------------------------
            9.750   data required time
           -3.596   data arrival time
-----------------------------------------------------------
            6.154   slack (MET)


NAMED-PATH-END
