NAMED-PATH-BEGIN d_rsp_valid_to_d_req_valid
Startpoint: d_rsp_valid (input port clocked by clk)
Endpoint: d_req_valid (output port clocked by clk)
Path Group: clk
Path Type: max

   Delay     Time   Description
-----------------------------------------------------------
   0.000    0.000   clock clk (rise edge)
   0.000    0.000   clock network delay (propagated)
   2.000    2.000 ^ input external delay
   0.023    2.023 ^ d_rsp_valid (in)
   0.140    2.164 ^ hold6708/X (sky130_fd_sc_hd__clkbuf_1)
   0.451    2.615 ^ input35/X (sky130_fd_sc_hd__clkbuf_2)
   0.386    3.001 ^ wire2885/X (sky130_fd_sc_hd__buf_12)
   0.640    3.641 ^ fanout2884/X (sky130_fd_sc_hd__buf_2)
   0.492    4.134 ^ _14384_/X (sky130_fd_sc_hd__or3b_4)
   0.204    4.338 ^ fanout1324/X (sky130_fd_sc_hd__buf_12)
   0.364    4.702 ^ fanout1322/X (sky130_fd_sc_hd__buf_8)
   0.410    5.113 v _14389_/Y (sky130_fd_sc_hd__o2111ai_4)
   0.352    5.465 v wire625/X (sky130_fd_sc_hd__buf_6)
   0.246    5.711 ^ _14390_/Y (sky130_fd_sc_hd__nor2_4)
   0.317    6.028 ^ wire552/X (sky130_fd_sc_hd__buf_6)
   0.472    6.500 ^ _14391_/X (sky130_fd_sc_hd__and3_4)
   0.250    6.750 ^ output109/X (sky130_fd_sc_hd__buf_8)
   0.002    6.752 ^ d_req_valid (out)
            6.752   data arrival time

  10.000   10.000   clock clk (rise edge)
   0.000   10.000   clock network delay (propagated)
  -0.250    9.750   clock uncertainty
   0.000    9.750   clock reconvergence pessimism
  -2.000    7.750   output external delay
            7.750   data required time
-----------------------------------------------------------
            7.750   data required time
           -6.752   data arrival time
-----------------------------------------------------------
            0.998   slack (MET)


NAMED-PATH-END
NAMED-PATH-BEGIN d_rsp_error_to_d_req_valid
Startpoint: d_rsp_error (input port clocked by clk)
Endpoint: d_req_valid (output port clocked by clk)
Path Group: clk
Path Type: max

   Delay     Time   Description
-----------------------------------------------------------
   0.000    0.000   clock clk (rise edge)
   0.000    0.000   clock network delay (propagated)
   2.000    2.000 v input external delay
   0.013    2.013 v d_rsp_error (in)
   0.141    2.154 v hold4336/X (sky130_fd_sc_hd__clkbuf_1)
   0.214    2.368 v input2/X (sky130_fd_sc_hd__clkbuf_2)
   0.314    2.681 v hold4337/X (sky130_fd_sc_hd__clkbuf_1)
   0.356    3.037 v wire2887/X (sky130_fd_sc_hd__buf_12)
   0.458    3.496 v _14375_/Y (sky130_fd_sc_hd__nand2b_2)
   0.312    3.808 v _14376_/X (sky130_fd_sc_hd__o211a_2)
   0.579    4.387 ^ _14378_/Y (sky130_fd_sc_hd__o21ai_4)
   0.511    4.898 v _14389_/Y (sky130_fd_sc_hd__o2111ai_4)
   0.352    5.250 v wire625/X (sky130_fd_sc_hd__buf_6)
   0.246    5.496 ^ _14390_/Y (sky130_fd_sc_hd__nor2_4)
   0.317    5.813 ^ wire552/X (sky130_fd_sc_hd__buf_6)
   0.472    6.285 ^ _14391_/X (sky130_fd_sc_hd__and3_4)
   0.250    6.535 ^ output109/X (sky130_fd_sc_hd__buf_8)
   0.002    6.537 ^ d_req_valid (out)
            6.537   data arrival time

  10.000   10.000   clock clk (rise edge)
   0.000   10.000   clock network delay (propagated)
  -0.250    9.750   clock uncertainty
   0.000    9.750   clock reconvergence pessimism
  -2.000    7.750   output external delay
            7.750   data required time
-----------------------------------------------------------
            7.750   data required time
           -6.537   data arrival time
-----------------------------------------------------------
            1.213   slack (MET)


NAMED-PATH-END
